=== kbplacer.kle_serial ===
=== layout2image.py ===
=== kbplacer ===
13:30:13: [INFO] User layout: https://editor.keyboard-tools.xyz/#share=NrDeCIA9wLgAgCwF8A0dwAYUCZxotPAGwB0A7AKyroI7gC6KAUGFLHAMxrgCe7AtBnJVuARjr428UdUwoOeOAXYJhs2gsmE4okhlkU6jFsuLc+8QSQAc12VgSLTcbGu61Hx1tuzmBQynsUUScpHQCRGmCGZm92cXQLOCtrMiCMUO1RV0D3FAyvZ1pE-zd0cU0lMNJc9EMFQrCuEssI2V9cLXjZcUcu+FVa8EM+qqy9WSIjWOcpluShWyCKTPYcyPBaFcaklLJuAGN2cABiMnOL8Hb81elBjamCmbDfeZTrQ+OTg5-fq7Fov1wmVhtFGlk-K0bPt0Ed4KcLpcejcgdkQYYniYwsVeKVKJ94d9fj9-uhfJVZiCpg1ntpmrioUMuBSwjJuL5RkUqShOayJtx9jSsdo5gyFjY7ACVkD1gYUNtaWtIeKmRIxvE2gLpsL4sq9gT0GdEWRSeBfCFUbLuFMQuD2IY3kINlxedp7rJ9p5FWZHRLrtL1fAregpgqdfAYWK9rIuAHnJr0PttvQgA
13:30:13: [INFO] Labels prefixes: for rows: 'ROW', for columns: 'COL'
13:30:13: [INFO] Matrix size: 7x5
13:30:14: [INFO] Add COL0 net
13:30:14: [INFO] Add COL1 net
13:30:14: [INFO] Add COL2 net
13:30:14: [INFO] Add COL3 net
13:30:14: [INFO] Add COL4 net
13:30:14: [INFO] Add COL5 net
13:30:14: [INFO] Add Net-(D1-A) net
13:30:14: [INFO] Add Net-(D10-A) net
13:30:14: [INFO] Add Net-(D11-A) net
13:30:14: [INFO] Add Net-(D12-A) net
13:30:14: [INFO] Add Net-(D13-A) net
13:30:14: [INFO] Add Net-(D14-A) net
13:30:14: [INFO] Add Net-(D15-A) net
13:30:14: [INFO] Add Net-(D16-A) net
13:30:14: [INFO] Add Net-(D17-A) net
13:30:14: [INFO] Add Net-(D18-A) net
13:30:14: [INFO] Add Net-(D19-A) net
13:30:14: [INFO] Add Net-(D2-A) net
13:30:14: [INFO] Add Net-(D20-A) net
13:30:14: [INFO] Add Net-(D21-A) net
13:30:14: [INFO] Add Net-(D22-A) net
13:30:14: [INFO] Add Net-(D23-A) net
13:30:14: [INFO] Add Net-(D24-A) net
13:30:14: [INFO] Add Net-(D25-A) net
13:30:14: [INFO] Add Net-(D26-A) net
13:30:14: [INFO] Add Net-(D27-A) net
13:30:14: [INFO] Add Net-(D28-A) net
13:30:14: [INFO] Add Net-(D29-A) net
13:30:14: [INFO] Add Net-(D3-A) net
13:30:14: [INFO] Add Net-(D30-A) net
13:30:14: [INFO] Add Net-(D31-A) net
13:30:14: [INFO] Add Net-(D32-A) net
13:30:14: [INFO] Add Net-(D33-A) net
13:30:14: [INFO] Add Net-(D34-A) net
13:30:14: [INFO] Add Net-(D35-A) net
13:30:14: [INFO] Add Net-(D36-A) net
13:30:14: [INFO] Add Net-(D37-A) net
13:30:14: [INFO] Add Net-(D38-A) net
13:30:14: [INFO] Add Net-(D39-A) net
13:30:14: [INFO] Add Net-(D4-A) net
13:30:14: [INFO] Add Net-(D40-A) net
13:30:14: [INFO] Add Net-(D41-A) net
13:30:14: [INFO] Add Net-(D42-A) net
13:30:14: [INFO] Add Net-(D43-A) net
13:30:14: [INFO] Add Net-(D44-A) net
13:30:14: [INFO] Add Net-(D5-A) net
13:30:14: [INFO] Add Net-(D6-A) net
13:30:14: [INFO] Add Net-(D7-A) net
13:30:14: [INFO] Add Net-(D8-A) net
13:30:14: [INFO] Add Net-(D9-A) net
13:30:14: [INFO] Add ROW0 net
13:30:14: [INFO] Add ROW1 net
13:30:14: [INFO] Add ROW2 net
13:30:14: [INFO] Add ROW3 net
13:30:14: [INFO] Add ROW4 net
13:30:14: [INFO] Add ROW5 net
13:30:14: [INFO] Add ROW6 net
13:30:14: [INFO] Add ROW7 net
13:30:14: [INFO] Add SW1 footprint
13:30:14: [INFO] Add D1 footprint
13:30:14: [INFO] Add SW2 footprint
13:30:14: [INFO] Add D2 footprint
13:30:14: [INFO] Add SW3 footprint
13:30:14: [INFO] Add D3 footprint
13:30:14: [INFO] Add SW4 footprint
13:30:14: [INFO] Add D4 footprint
13:30:14: [INFO] Add SW5 footprint
13:30:14: [INFO] Add D5 footprint
13:30:14: [INFO] Add SW6 footprint
13:30:14: [INFO] Add D6 footprint
13:30:14: [INFO] Add SW7 footprint
13:30:14: [INFO] Add D7 footprint
13:30:14: [INFO] Add SW8 footprint
13:30:14: [INFO] Add D8 footprint
13:30:14: [INFO] Add SW9 footprint
13:30:14: [INFO] Add D9 footprint
13:30:14: [INFO] Add SW10 footprint
13:30:14: [INFO] Add D10 footprint
13:30:14: [INFO] Add SW11 footprint
13:30:14: [INFO] Add D11 footprint
13:30:14: [INFO] Add SW12 footprint
13:30:14: [INFO] Add D12 footprint
13:30:14: [INFO] Add SW13 footprint
13:30:14: [INFO] Add D13 footprint
13:30:14: [INFO] Add SW14 footprint
13:30:14: [INFO] Add D14 footprint
13:30:14: [INFO] Add SW15 footprint
13:30:14: [INFO] Add D15 footprint
13:30:15: [INFO] Add SW16 footprint
13:30:15: [INFO] Add D16 footprint
13:30:15: [INFO] Add SW17 footprint
13:30:15: [INFO] Add D17 footprint
13:30:15: [INFO] Add SW18 footprint
13:30:15: [INFO] Add D18 footprint
13:30:15: [INFO] Add SW19 footprint
13:30:15: [INFO] Add D19 footprint
13:30:15: [INFO] Add SW20 footprint
13:30:15: [INFO] Add D20 footprint
13:30:15: [INFO] Add SW21 footprint
13:30:15: [INFO] Add D21 footprint
13:30:15: [INFO] Add SW22 footprint
13:30:15: [INFO] Add D22 footprint
13:30:15: [INFO] Add SW23 footprint
13:30:15: [INFO] Add D23 footprint
13:30:15: [INFO] Add SW24 footprint
13:30:15: [INFO] Add D24 footprint
13:30:15: [INFO] Add SW25 footprint
13:30:15: [INFO] Add D25 footprint
13:30:15: [INFO] Add SW26 footprint
13:30:15: [INFO] Add D26 footprint
13:30:15: [INFO] Add SW27 footprint
13:30:15: [INFO] Add D27 footprint
13:30:15: [INFO] Add SW28 footprint
13:30:15: [INFO] Add D28 footprint
13:30:15: [INFO] Add SW29 footprint
13:30:15: [INFO] Add D29 footprint
13:30:15: [INFO] Add SW30 footprint
13:30:15: [INFO] Add D30 footprint
13:30:15: [INFO] Add SW31 footprint
13:30:15: [INFO] Add D31 footprint
13:30:15: [INFO] Add SW32 footprint
13:30:15: [INFO] Add D32 footprint
13:30:15: [INFO] Add SW33 footprint
13:30:15: [INFO] Add D33 footprint
13:30:16: [INFO] Add SW34 footprint
13:30:16: [INFO] Add D34 footprint
13:30:16: [INFO] Add SW35 footprint
13:30:16: [INFO] Add D35 footprint
13:30:16: [INFO] Add SW36 footprint
13:30:16: [INFO] Add D36 footprint
13:30:16: [INFO] Add SW37 footprint
13:30:16: [INFO] Add D37 footprint
13:30:16: [INFO] Add SW38 footprint
13:30:16: [INFO] Add D38 footprint
13:30:16: [INFO] Add SW39 footprint
13:30:16: [INFO] Add D39 footprint
13:30:16: [INFO] Add SW40 footprint
13:30:16: [INFO] Add D40 footprint
13:30:16: [INFO] Add SW41 footprint
13:30:16: [INFO] Add D41 footprint
13:30:16: [INFO] Add SW42 footprint
13:30:16: [INFO] Add D42 footprint
13:30:16: [INFO] Add SW43 footprint
13:30:16: [INFO] Add D43 footprint
13:30:16: [INFO] Add SW44 footprint
13:30:16: [INFO] Add D44 footprint
13:30:16: [INFO] Detected layout convertible to matrix annotated keyboard
13:30:16: [INFO] Using key 1U distance: (19.05, 19.05) mm
13:30:16: [INFO] Layout offset: (28575000, 28575000)
13:30:16: [INFO] Diode info: [ElementInfo(annotation_format='D{}', position_option=<PositionOption.CUSTOM: 'Custom'>, position=ElementPosition(x=5.08, y=4.0, orientation=90.0, side=<Side.BACK: 'Back'>), template_path='', start_index=-1)]
13:30:16: [INFO] Placing additional elements for SW44
13:30:16: [INFO] Placing additional elements for SW43
13:30:16: [INFO] Placing additional elements for SW42
13:30:16: [INFO] Placing additional elements for SW41
13:30:16: [INFO] Placing additional elements for SW40
13:30:16: [INFO] Placing additional elements for SW39
13:30:16: [INFO] Placing additional elements for SW38
13:30:16: [INFO] Placing additional elements for SW37
13:30:16: [INFO] Placing additional elements for SW36
13:30:16: [INFO] Placing additional elements for SW35
13:30:16: [INFO] Placing additional elements for SW34
13:30:16: [INFO] Placing additional elements for SW33
13:30:16: [INFO] Placing additional elements for SW32
13:30:16: [INFO] Placing additional elements for SW31
13:30:16: [INFO] Placing additional elements for SW30
13:30:16: [INFO] Placing additional elements for SW29
13:30:16: [INFO] Placing additional elements for SW28
13:30:16: [INFO] Placing additional elements for SW27
13:30:16: [INFO] Placing additional elements for SW26
13:30:16: [INFO] Placing additional elements for SW25
13:30:16: [INFO] Placing additional elements for SW24
13:30:16: [INFO] Placing additional elements for SW23
13:30:16: [INFO] Placing additional elements for SW22
13:30:16: [INFO] Placing additional elements for SW21
13:30:16: [INFO] Placing additional elements for SW20
13:30:16: [INFO] Placing additional elements for SW19
13:30:16: [INFO] Placing additional elements for SW18
13:30:16: [INFO] Placing additional elements for SW17
13:30:16: [INFO] Placing additional elements for SW16
13:30:16: [INFO] Placing additional elements for SW15
13:30:16: [INFO] Placing additional elements for SW14
13:30:16: [INFO] Placing additional elements for SW13
13:30:16: [INFO] Placing additional elements for SW12
13:30:16: [INFO] Placing additional elements for SW11
13:30:16: [INFO] Placing additional elements for SW10
13:30:16: [INFO] Placing additional elements for SW9
13:30:16: [INFO] Placing additional elements for SW8
13:30:16: [INFO] Placing additional elements for SW7
13:30:16: [INFO] Placing additional elements for SW6
13:30:16: [INFO] Placing additional elements for SW5
13:30:16: [INFO] Placing additional elements for SW4
13:30:16: [INFO] Placing additional elements for SW3
13:30:16: [INFO] Placing additional elements for SW2
13:30:16: [INFO] Placing additional elements for SW1
13:30:16: [INFO] Routing SW44 with D44
13:30:16: [INFO] Using internal autorouter method
13:30:16: [INFO] Routing pad 'SW44:2' at (207327500, 99695000) with pad 'D44:2' at (209867500, 107375000) using coordinate system rotated by 0 degree(s)
13:30:16: [INFO] Adding track segment (B.Cu): [(207327500, 99695000), (207327500, 104835000)]
13:30:16: [INFO] Adding track segment (B.Cu): [(207327500, 104835000), (209867500, 107375000)]
13:30:16: [INFO] Routing SW43 with D43
13:30:16: [INFO] Using internal autorouter method
13:30:16: [INFO] Routing pad 'SW43:2' at (245427500, 94932500) with pad 'D43:2' at (247967500, 102612500) using coordinate system rotated by 0 degree(s)
13:30:16: [INFO] Adding track segment (B.Cu): [(245427500, 94932500), (245427500, 100072500)]
13:30:16: [INFO] Adding track segment (B.Cu): [(245427500, 100072500), (247967500, 102612500)]
13:30:16: [INFO] Routing SW42 with D42
13:30:16: [INFO] Using internal autorouter method
13:30:16: [INFO] Routing pad 'SW42:2' at (283527500, 75882500) with pad 'D42:2' at (286067500, 83562500) using coordinate system rotated by 0 degree(s)
13:30:16: [INFO] Adding track segment (B.Cu): [(283527500, 75882500), (283527500, 81022500)]
13:30:16: [INFO] Adding track segment (B.Cu): [(283527500, 81022500), (286067500, 83562500)]
13:30:16: [INFO] Routing SW41 with D41
13:30:16: [INFO] Using internal autorouter method
13:30:16: [INFO] Routing pad 'SW41:2' at (302577500, 82931000) with pad 'D41:2' at (305117500, 90611000) using coordinate system rotated by 0 degree(s)
13:30:16: [INFO] Adding track segment (B.Cu): [(302577500, 82931000), (302577500, 88071000)]
13:30:16: [INFO] Adding track segment (B.Cu): [(302577500, 88071000), (305117500, 90611000)]
13:30:16: [INFO] Routing SW40 with D40
13:30:16: [INFO] Using internal autorouter method
13:30:16: [INFO] Routing pad 'SW40:2' at (226377500, 97218500) with pad 'D40:2' at (228917500, 104898500) using coordinate system rotated by 0 degree(s)
13:30:16: [INFO] Adding track segment (B.Cu): [(226377500, 97218500), (226377500, 102358500)]
13:30:16: [INFO] Adding track segment (B.Cu): [(226377500, 102358500), (228917500, 104898500)]
13:30:16: [INFO] Routing SW39 with D39
13:30:16: [INFO] Using internal autorouter method
13:30:16: [INFO] Routing pad 'SW39:2' at (245427500, 75882500) with pad 'D39:2' at (247967500, 83562500) using coordinate system rotated by 0 degree(s)
13:30:16: [INFO] Adding track segment (B.Cu): [(245427500, 75882500), (245427500, 81022500)]
13:30:16: [INFO] Adding track segment (B.Cu): [(245427500, 81022500), (247967500, 83562500)]
13:30:16: [INFO] Routing SW38 with D38
13:30:16: [INFO] Using internal autorouter method
13:30:16: [INFO] Routing pad 'SW38:2' at (264477500, 71120000) with pad 'D38:2' at (267017500, 78800000) using coordinate system rotated by 0 degree(s)
13:30:16: [INFO] Adding track segment (B.Cu): [(264477500, 71120000), (264477500, 76260000)]
13:30:16: [INFO] Adding track segment (B.Cu): [(264477500, 76260000), (267017500, 78800000)]
13:30:16: [INFO] Routing SW37 with D37
13:30:16: [INFO] Using internal autorouter method
13:30:16: [INFO] Routing pad 'SW37:2' at (283527500, 56832500) with pad 'D37:2' at (286067500, 64512500) using coordinate system rotated by 0 degree(s)
13:30:16: [INFO] Adding track segment (B.Cu): [(283527500, 56832500), (283527500, 61972500)]
13:30:16: [INFO] Adding track segment (B.Cu): [(283527500, 61972500), (286067500, 64512500)]
13:30:16: [INFO] Routing SW36 with D36
13:30:16: [INFO] Using internal autorouter method
13:30:16: [INFO] Routing pad 'SW36:2' at (321627500, 85407500) with pad 'D36:2' at (324167500, 93087500) using coordinate system rotated by 0 degree(s)
13:30:16: [INFO] Adding track segment (B.Cu): [(321627500, 85407500), (321627500, 90547500)]
13:30:16: [INFO] Adding track segment (B.Cu): [(321627500, 90547500), (324167500, 93087500)]
13:30:16: [INFO] Routing SW35 with D35
13:30:16: [INFO] Using internal autorouter method
13:30:16: [INFO] Routing pad 'SW35:2' at (340677500, 61595000) with pad 'D35:2' at (343217500, 69275000) using coordinate system rotated by 0 degree(s)
13:30:16: [INFO] Adding track segment (B.Cu): [(340677500, 61595000), (340677500, 66735000)]
13:30:16: [INFO] Adding track segment (B.Cu): [(340677500, 66735000), (343217500, 69275000)]
13:30:16: [INFO] Routing SW34 with D34
13:30:16: [INFO] Using internal autorouter method
13:30:16: [INFO] Routing pad 'SW34:2' at (226377500, 78168500) with pad 'D34:2' at (228917500, 85848500) using coordinate system rotated by 0 degree(s)
13:30:16: [INFO] Adding track segment (B.Cu): [(226377500, 78168500), (226377500, 83308500)]
13:30:16: [INFO] Adding track segment (B.Cu): [(226377500, 83308500), (228917500, 85848500)]
13:30:16: [INFO] Routing SW33 with D33
13:30:16: [INFO] Using internal autorouter method
13:30:16: [INFO] Routing pad 'SW33:2' at (245427500, 56832500) with pad 'D33:2' at (247967500, 64512500) using coordinate system rotated by 0 degree(s)
13:30:16: [INFO] Adding track segment (B.Cu): [(245427500, 56832500), (245427500, 61972500)]
13:30:16: [INFO] Adding track segment (B.Cu): [(245427500, 61972500), (247967500, 64512500)]
13:30:16: [INFO] Routing SW32 with D32
13:30:16: [INFO] Using internal autorouter method
13:30:16: [INFO] Routing pad 'SW32:2' at (264477500, 52070000) with pad 'D32:2' at (267017500, 59750000) using coordinate system rotated by 0 degree(s)
13:30:16: [INFO] Adding track segment (B.Cu): [(264477500, 52070000), (264477500, 57210000)]
13:30:16: [INFO] Adding track segment (B.Cu): [(264477500, 57210000), (267017500, 59750000)]
13:30:16: [INFO] Routing SW31 with D31
13:30:16: [INFO] Using internal autorouter method
13:30:16: [INFO] Routing pad 'SW31:2' at (283527500, 37782500) with pad 'D31:2' at (286067500, 45462500) using coordinate system rotated by 0 degree(s)
13:30:16: [INFO] Adding track segment (B.Cu): [(283527500, 37782500), (283527500, 42922500)]
13:30:16: [INFO] Adding track segment (B.Cu): [(283527500, 42922500), (286067500, 45462500)]
13:30:16: [INFO] Routing SW30 with D30
13:30:16: [INFO] Using internal autorouter method
13:30:16: [INFO] Routing pad 'SW30:2' at (302577500, 63881000) with pad 'D30:2' at (305117500, 71561000) using coordinate system rotated by 0 degree(s)
13:30:16: [INFO] Adding track segment (B.Cu): [(302577500, 63881000), (302577500, 69021000)]
13:30:16: [INFO] Adding track segment (B.Cu): [(302577500, 69021000), (305117500, 71561000)]
13:30:16: [INFO] Routing SW29 with D29
13:30:16: [INFO] Using internal autorouter method
13:30:16: [INFO] Routing pad 'SW29:2' at (321627500, 66357500) with pad 'D29:2' at (324167500, 74037500) using coordinate system rotated by 0 degree(s)
13:30:16: [INFO] Adding track segment (B.Cu): [(321627500, 66357500), (321627500, 71497500)]
13:30:16: [INFO] Adding track segment (B.Cu): [(321627500, 71497500), (324167500, 74037500)]
13:30:16: [INFO] Routing SW28 with D28
13:30:16: [INFO] Using internal autorouter method
13:30:16: [INFO] Routing pad 'SW28:2' at (226377500, 59118500) with pad 'D28:2' at (228917500, 66798500) using coordinate system rotated by 0 degree(s)
13:30:16: [INFO] Adding track segment (B.Cu): [(226377500, 59118500), (226377500, 64258500)]
13:30:16: [INFO] Adding track segment (B.Cu): [(226377500, 64258500), (228917500, 66798500)]
13:30:16: [INFO] Routing SW27 with D27
13:30:16: [INFO] Using internal autorouter method
13:30:16: [INFO] Routing pad 'SW27:2' at (226377500, 40068500) with pad 'D27:2' at (228917500, 47748500) using coordinate system rotated by 0 degree(s)
13:30:16: [INFO] Adding track segment (B.Cu): [(226377500, 40068500), (226377500, 45208500)]
13:30:16: [INFO] Adding track segment (B.Cu): [(226377500, 45208500), (228917500, 47748500)]
13:30:16: [INFO] Routing SW26 with D26
13:30:16: [INFO] Using internal autorouter method
13:30:16: [INFO] Routing pad 'SW26:2' at (245427500, 37782500) with pad 'D26:2' at (247967500, 45462500) using coordinate system rotated by 0 degree(s)
13:30:16: [INFO] Adding track segment (B.Cu): [(245427500, 37782500), (245427500, 42922500)]
13:30:16: [INFO] Adding track segment (B.Cu): [(245427500, 42922500), (247967500, 45462500)]
13:30:16: [INFO] Routing SW25 with D25
13:30:16: [INFO] Using internal autorouter method
13:30:16: [INFO] Routing pad 'SW25:2' at (264477500, 33020000) with pad 'D25:2' at (267017500, 40700000) using coordinate system rotated by 0 degree(s)
13:30:16: [INFO] Adding track segment (B.Cu): [(264477500, 33020000), (264477500, 38160000)]
13:30:16: [INFO] Adding track segment (B.Cu): [(264477500, 38160000), (267017500, 40700000)]
13:30:16: [INFO] Routing SW24 with D24
13:30:16: [INFO] Using internal autorouter method
13:30:16: [INFO] Routing pad 'SW24:2' at (302577500, 44831000) with pad 'D24:2' at (305117500, 52511000) using coordinate system rotated by 0 degree(s)
13:30:16: [INFO] Adding track segment (B.Cu): [(302577500, 44831000), (302577500, 49971000)]
13:30:16: [INFO] Adding track segment (B.Cu): [(302577500, 49971000), (305117500, 52511000)]
13:30:16: [INFO] Routing SW23 with D23
13:30:16: [INFO] Using internal autorouter method
13:30:16: [INFO] Routing pad 'SW23:2' at (321627500, 47307500) with pad 'D23:2' at (324167500, 54987500) using coordinate system rotated by 0 degree(s)
13:30:16: [INFO] Adding track segment (B.Cu): [(321627500, 47307500), (321627500, 52447500)]
13:30:16: [INFO] Adding track segment (B.Cu): [(321627500, 52447500), (324167500, 54987500)]
13:30:16: [INFO] Routing SW22 with D22
13:30:16: [INFO] Using internal autorouter method
13:30:16: [INFO] Routing pad 'SW22:2' at (173990000, 99695000) with pad 'D22:2' at (176530000, 107375000) using coordinate system rotated by 0 degree(s)
13:30:16: [INFO] Adding track segment (B.Cu): [(173990000, 99695000), (173990000, 104835000)]
13:30:16: [INFO] Adding track segment (B.Cu): [(173990000, 104835000), (176530000, 107375000)]
13:30:16: [INFO] Routing SW21 with D21
13:30:16: [INFO] Using internal autorouter method
13:30:16: [INFO] Routing pad 'SW21:2' at (135890000, 94932500) with pad 'D21:2' at (138430000, 102612500) using coordinate system rotated by 0 degree(s)
13:30:16: [INFO] Adding track segment (B.Cu): [(135890000, 94932500), (135890000, 100072500)]
13:30:16: [INFO] Adding track segment (B.Cu): [(135890000, 100072500), (138430000, 102612500)]
13:30:16: [INFO] Routing SW20 with D20
13:30:16: [INFO] Using internal autorouter method
13:30:16: [INFO] Routing pad 'SW20:2' at (97790000, 75882500) with pad 'D20:2' at (100330000, 83562500) using coordinate system rotated by 0 degree(s)
13:30:16: [INFO] Adding track segment (B.Cu): [(97790000, 75882500), (97790000, 81022500)]
13:30:16: [INFO] Adding track segment (B.Cu): [(97790000, 81022500), (100330000, 83562500)]
13:30:16: [INFO] Routing SW19 with D19
13:30:16: [INFO] Using internal autorouter method
13:30:16: [INFO] Routing pad 'SW19:2' at (78740000, 82931000) with pad 'D19:2' at (81280000, 90611000) using coordinate system rotated by 0 degree(s)
13:30:16: [INFO] Adding track segment (B.Cu): [(78740000, 82931000), (78740000, 88071000)]
13:30:16: [INFO] Adding track segment (B.Cu): [(78740000, 88071000), (81280000, 90611000)]
13:30:16: [INFO] Routing SW18 with D18
13:30:16: [INFO] Using internal autorouter method
13:30:16: [INFO] Routing pad 'SW18:2' at (154940000, 97218500) with pad 'D18:2' at (157480000, 104898500) using coordinate system rotated by 0 degree(s)
13:30:16: [INFO] Adding track segment (B.Cu): [(154940000, 97218500), (154940000, 102358500)]
13:30:16: [INFO] Adding track segment (B.Cu): [(154940000, 102358500), (157480000, 104898500)]
13:30:16: [INFO] Routing SW17 with D17
13:30:16: [INFO] Using internal autorouter method
13:30:16: [INFO] Routing pad 'SW17:2' at (135890000, 75882500) with pad 'D17:2' at (138430000, 83562500) using coordinate system rotated by 0 degree(s)
13:30:16: [INFO] Adding track segment (B.Cu): [(135890000, 75882500), (135890000, 81022500)]
13:30:16: [INFO] Adding track segment (B.Cu): [(135890000, 81022500), (138430000, 83562500)]
13:30:16: [INFO] Routing SW16 with D16
13:30:16: [INFO] Using internal autorouter method
13:30:16: [INFO] Routing pad 'SW16:2' at (116840000, 71120000) with pad 'D16:2' at (119380000, 78800000) using coordinate system rotated by 0 degree(s)
13:30:16: [INFO] Adding track segment (B.Cu): [(116840000, 71120000), (116840000, 76260000)]
13:30:16: [INFO] Adding track segment (B.Cu): [(116840000, 76260000), (119380000, 78800000)]
13:30:16: [INFO] Routing SW15 with D15
13:30:16: [INFO] Using internal autorouter method
13:30:16: [INFO] Routing pad 'SW15:2' at (97790000, 56832500) with pad 'D15:2' at (100330000, 64512500) using coordinate system rotated by 0 degree(s)
13:30:16: [INFO] Adding track segment (B.Cu): [(97790000, 56832500), (97790000, 61972500)]
13:30:16: [INFO] Adding track segment (B.Cu): [(97790000, 61972500), (100330000, 64512500)]
13:30:16: [INFO] Routing SW14 with D14
13:30:16: [INFO] Using internal autorouter method
13:30:16: [INFO] Routing pad 'SW14:2' at (59690000, 85407500) with pad 'D14:2' at (62230000, 93087500) using coordinate system rotated by 0 degree(s)
13:30:16: [INFO] Adding track segment (B.Cu): [(59690000, 85407500), (59690000, 90547500)]
13:30:16: [INFO] Adding track segment (B.Cu): [(59690000, 90547500), (62230000, 93087500)]
13:30:16: [INFO] Routing SW13 with D13
13:30:16: [INFO] Using internal autorouter method
13:30:16: [INFO] Routing pad 'SW13:2' at (40640000, 61595000) with pad 'D13:2' at (43180000, 69275000) using coordinate system rotated by 0 degree(s)
13:30:16: [INFO] Adding track segment (B.Cu): [(40640000, 61595000), (40640000, 66735000)]
13:30:16: [INFO] Adding track segment (B.Cu): [(40640000, 66735000), (43180000, 69275000)]
13:30:16: [INFO] Routing SW12 with D12
13:30:16: [INFO] Using internal autorouter method
13:30:16: [INFO] Routing pad 'SW12:2' at (154940000, 78168500) with pad 'D12:2' at (157480000, 85848500) using coordinate system rotated by 0 degree(s)
13:30:16: [INFO] Adding track segment (B.Cu): [(154940000, 78168500), (154940000, 83308500)]
13:30:16: [INFO] Adding track segment (B.Cu): [(154940000, 83308500), (157480000, 85848500)]
13:30:17: [INFO] Routing SW11 with D11
13:30:17: [INFO] Using internal autorouter method
13:30:17: [INFO] Routing pad 'SW11:2' at (135890000, 56832500) with pad 'D11:2' at (138430000, 64512500) using coordinate system rotated by 0 degree(s)
13:30:17: [INFO] Adding track segment (B.Cu): [(135890000, 56832500), (135890000, 61972500)]
13:30:17: [INFO] Adding track segment (B.Cu): [(135890000, 61972500), (138430000, 64512500)]
13:30:17: [INFO] Routing SW10 with D10
13:30:17: [INFO] Using internal autorouter method
13:30:17: [INFO] Routing pad 'SW10:2' at (116840000, 52070000) with pad 'D10:2' at (119380000, 59750000) using coordinate system rotated by 0 degree(s)
13:30:17: [INFO] Adding track segment (B.Cu): [(116840000, 52070000), (116840000, 57210000)]
13:30:17: [INFO] Adding track segment (B.Cu): [(116840000, 57210000), (119380000, 59750000)]
13:30:17: [INFO] Routing SW9 with D9
13:30:17: [INFO] Using internal autorouter method
13:30:17: [INFO] Routing pad 'SW9:2' at (97790000, 37782500) with pad 'D9:2' at (100330000, 45462500) using coordinate system rotated by 0 degree(s)
13:30:17: [INFO] Adding track segment (B.Cu): [(97790000, 37782500), (97790000, 42922500)]
13:30:17: [INFO] Adding track segment (B.Cu): [(97790000, 42922500), (100330000, 45462500)]
13:30:17: [INFO] Routing SW8 with D8
13:30:17: [INFO] Using internal autorouter method
13:30:17: [INFO] Routing pad 'SW8:2' at (78740000, 63881000) with pad 'D8:2' at (81280000, 71561000) using coordinate system rotated by 0 degree(s)
13:30:17: [INFO] Adding track segment (B.Cu): [(78740000, 63881000), (78740000, 69021000)]
13:30:17: [INFO] Adding track segment (B.Cu): [(78740000, 69021000), (81280000, 71561000)]
13:30:17: [INFO] Routing SW7 with D7
13:30:17: [INFO] Using internal autorouter method
13:30:17: [INFO] Routing pad 'SW7:2' at (59690000, 66357500) with pad 'D7:2' at (62230000, 74037500) using coordinate system rotated by 0 degree(s)
13:30:17: [INFO] Adding track segment (B.Cu): [(59690000, 66357500), (59690000, 71497500)]
13:30:17: [INFO] Adding track segment (B.Cu): [(59690000, 71497500), (62230000, 74037500)]
13:30:17: [INFO] Routing SW6 with D6
13:30:17: [INFO] Using internal autorouter method
13:30:17: [INFO] Routing pad 'SW6:2' at (154940000, 59118500) with pad 'D6:2' at (157480000, 66798500) using coordinate system rotated by 0 degree(s)
13:30:17: [INFO] Adding track segment (B.Cu): [(154940000, 59118500), (154940000, 64258500)]
13:30:17: [INFO] Adding track segment (B.Cu): [(154940000, 64258500), (157480000, 66798500)]
13:30:17: [INFO] Routing SW5 with D5
13:30:17: [INFO] Using internal autorouter method
13:30:17: [INFO] Routing pad 'SW5:2' at (154940000, 40068500) with pad 'D5:2' at (157480000, 47748500) using coordinate system rotated by 0 degree(s)
13:30:17: [INFO] Adding track segment (B.Cu): [(154940000, 40068500), (154940000, 45208500)]
13:30:17: [INFO] Adding track segment (B.Cu): [(154940000, 45208500), (157480000, 47748500)]
13:30:17: [INFO] Routing SW4 with D4
13:30:17: [INFO] Using internal autorouter method
13:30:17: [INFO] Routing pad 'SW4:2' at (135890000, 37782500) with pad 'D4:2' at (138430000, 45462500) using coordinate system rotated by 0 degree(s)
13:30:17: [INFO] Adding track segment (B.Cu): [(135890000, 37782500), (135890000, 42922500)]
13:30:17: [INFO] Adding track segment (B.Cu): [(135890000, 42922500), (138430000, 45462500)]
13:30:17: [INFO] Routing SW3 with D3
13:30:17: [INFO] Using internal autorouter method
13:30:17: [INFO] Routing pad 'SW3:2' at (116840000, 33020000) with pad 'D3:2' at (119380000, 40700000) using coordinate system rotated by 0 degree(s)
13:30:17: [INFO] Adding track segment (B.Cu): [(116840000, 33020000), (116840000, 38160000)]
13:30:17: [INFO] Adding track segment (B.Cu): [(116840000, 38160000), (119380000, 40700000)]
13:30:17: [INFO] Routing SW2 with D2
13:30:17: [INFO] Using internal autorouter method
13:30:17: [INFO] Routing pad 'SW2:2' at (78740000, 44831000) with pad 'D2:2' at (81280000, 52511000) using coordinate system rotated by 0 degree(s)
13:30:17: [INFO] Adding track segment (B.Cu): [(78740000, 44831000), (78740000, 49971000)]
13:30:17: [INFO] Adding track segment (B.Cu): [(78740000, 49971000), (81280000, 52511000)]
13:30:17: [INFO] Routing SW1 with D1
13:30:17: [INFO] Using internal autorouter method
13:30:17: [INFO] Routing pad 'SW1:2' at (59690000, 47307500) with pad 'D1:2' at (62230000, 54987500) using coordinate system rotated by 0 degree(s)
13:30:17: [INFO] Adding track segment (B.Cu): [(59690000, 47307500), (59690000, 52447500)]
13:30:17: [INFO] Adding track segment (B.Cu): [(59690000, 52447500), (62230000, 54987500)]
13:30:17: [INFO] Routing ROW4 pads
13:30:17: [INFO] Routing pad 'D27:1' at (228917500, 50548500) with pad 'D28:1' at (228917500, 69598500) using coordinate system rotated by 0 degree(s)
13:30:17: [INFO] Adding track segment (B.Cu): [(228917500, 50548500), (228917500, 69598500)]
13:30:17: [INFO] Could not add track segment due to detected collision
13:30:17: [INFO] Routing pad 'D27:1' at (228917500, 50548500) with pad 'D26:1' at (247967500, 48262500) using coordinate system rotated by 0 degree(s)
13:30:17: [INFO] Adding track segment (B.Cu): [(228917500, 50548500), (245681500, 50548500)]
13:30:17: [INFO] Adding track segment (B.Cu): [(245681500, 50548500), (247967500, 48262500)]
13:30:17: [INFO] Routing pad 'D26:1' at (247967500, 48262500) with pad 'D25:1' at (267017500, 43500000) using coordinate system rotated by 0 degree(s)
13:30:17: [INFO] Adding track segment (B.Cu): [(247967500, 48262500), (262255000, 48262500)]
13:30:17: [INFO] Adding track segment (B.Cu): [(262255000, 48262500), (267017500, 43500000)]
13:30:17: [INFO] Routing pad 'D25:1' at (267017500, 43500000) with pad 'D24:1' at (305117500, 55311000) using coordinate system rotated by 0 degree(s)
13:30:17: [INFO] Adding track segment (B.Cu): [(267017500, 43500000), (278828500, 55311000)]
13:30:17: [INFO] Adding track segment (B.Cu): [(278828500, 55311000), (305117500, 55311000)]
13:30:17: [INFO] Routing pad 'D24:1' at (305117500, 55311000) with pad 'D23:1' at (324167500, 57787500) using coordinate system rotated by 0 degree(s)
13:30:17: [INFO] Adding track segment (B.Cu): [(305117500, 55311000), (321691000, 55311000)]
13:30:17: [INFO] Adding track segment (B.Cu): [(321691000, 55311000), (324167500, 57787500)]
13:30:17: [INFO] Routing COL5 pads
13:30:17: [INFO] Routing pad 'SW6:1' at (148590000, 61658500) with pad 'SW12:1' at (148590000, 80708500) using coordinate system rotated by 0 degree(s)
13:30:17: [INFO] Adding track segment (F.Cu): [(148590000, 61658500), (148590000, 80708500)]
13:30:17: [INFO] Routing pad 'SW12:1' at (148590000, 80708500) with pad 'SW18:1' at (148590000, 99758500) using coordinate system rotated by 0 degree(s)
13:30:17: [INFO] Adding track segment (F.Cu): [(148590000, 80708500), (148590000, 99758500)]
13:30:17: [INFO] Routing pad 'SW18:1' at (148590000, 99758500) with pad 'SW22:1' at (167640000, 102235000) using coordinate system rotated by 0 degree(s)
13:30:17: [INFO] Adding track segment (F.Cu): [(148590000, 99758500), (165163500, 99758500)]
13:30:17: [INFO] Adding track segment (F.Cu): [(165163500, 99758500), (167640000, 102235000)]
13:30:17: [INFO] Routing pad 'SW22:1' at (167640000, 102235000) with pad 'SW44:1' at (200977500, 102235000) using coordinate system rotated by 0 degree(s)
13:30:17: [INFO] Adding track segment (F.Cu): [(167640000, 102235000), (200977500, 102235000)]
13:30:17: [INFO] Routing pad 'SW34:1' at (220027500, 80708500) with pad 'SW28:1' at (220027500, 61658500) using coordinate system rotated by 0 degree(s)
13:30:17: [INFO] Adding track segment (F.Cu): [(220027500, 80708500), (220027500, 61658500)]
13:30:17: [INFO] Routing pad 'SW40:1' at (220027500, 99758500) with pad 'SW34:1' at (220027500, 80708500) using coordinate system rotated by 0 degree(s)
13:30:17: [INFO] Adding track segment (F.Cu): [(220027500, 99758500), (220027500, 80708500)]
13:30:17: [INFO] Routing pad 'SW44:1' at (200977500, 102235000) with pad 'SW40:1' at (220027500, 99758500) using coordinate system rotated by 0 degree(s)
13:30:17: [INFO] Routing COL0 pads
13:30:17: [INFO] Routing pad 'SW7:1' at (53340000, 68897500) with pad 'SW1:1' at (53340000, 49847500) using coordinate system rotated by 0 degree(s)
13:30:17: [INFO] Adding track segment (F.Cu): [(53340000, 68897500), (53340000, 49847500)]
13:30:17: [INFO] Routing pad 'SW13:1' at (34290000, 64135000) with pad 'SW7:1' at (53340000, 68897500) using coordinate system rotated by 0 degree(s)
13:30:17: [INFO] Adding track segment (F.Cu): [(34290000, 64135000), (48577500, 64135000)]
13:30:17: [INFO] Adding track segment (F.Cu): [(48577500, 64135000), (53340000, 68897500)]
13:30:17: [INFO] Routing pad 'SW1:1' at (53340000, 49847500) with pad 'SW23:1' at (315277500, 49847500) using coordinate system rotated by 0 degree(s)
13:30:17: [INFO] Adding track segment (F.Cu): [(53340000, 49847500), (315277500, 49847500)]
13:30:17: [INFO] Could not add track segment due to detected collision
13:30:17: [INFO] Routing pad 'SW23:1' at (315277500, 49847500) with pad 'SW29:1' at (315277500, 68897500) using coordinate system rotated by 0 degree(s)
13:30:17: [INFO] Adding track segment (F.Cu): [(315277500, 49847500), (315277500, 68897500)]
13:30:17: [INFO] Routing pad 'SW29:1' at (315277500, 68897500) with pad 'SW35:1' at (334327500, 64135000) using coordinate system rotated by 0 degree(s)
13:30:17: [INFO] Adding track segment (F.Cu): [(315277500, 68897500), (320040000, 64135000)]
13:30:17: [INFO] Adding track segment (F.Cu): [(320040000, 64135000), (334327500, 64135000)]
13:30:17: [INFO] Routing ROW0 pads
13:30:17: [INFO] Routing pad 'D1:1' at (62230000, 57787500) with pad 'D2:1' at (81280000, 55311000) using coordinate system rotated by 0 degree(s)
13:30:17: [INFO] Adding track segment (B.Cu): [(62230000, 57787500), (78803500, 57787500)]
13:30:17: [INFO] Adding track segment (B.Cu): [(78803500, 57787500), (81280000, 55311000)]
13:30:17: [INFO] Routing pad 'D2:1' at (81280000, 55311000) with pad 'D3:1' at (119380000, 43500000) using coordinate system rotated by 0 degree(s)
13:30:17: [INFO] Adding track segment (B.Cu): [(81280000, 55311000), (107569000, 55311000)]
13:30:17: [INFO] Adding track segment (B.Cu): [(107569000, 55311000), (119380000, 43500000)]
13:30:17: [INFO] Routing pad 'D3:1' at (119380000, 43500000) with pad 'D4:1' at (138430000, 48262500) using coordinate system rotated by 0 degree(s)
13:30:17: [INFO] Adding track segment (B.Cu): [(119380000, 43500000), (124142500, 48262500)]
13:30:17: [INFO] Adding track segment (B.Cu): [(124142500, 48262500), (138430000, 48262500)]
13:30:17: [INFO] Routing pad 'D4:1' at (138430000, 48262500) with pad 'D5:1' at (157480000, 50548500) using coordinate system rotated by 0 degree(s)
13:30:17: [INFO] Adding track segment (B.Cu): [(138430000, 48262500), (155194000, 48262500)]
13:30:17: [INFO] Adding track segment (B.Cu): [(155194000, 48262500), (157480000, 50548500)]
13:30:17: [INFO] Routing pad 'D5:1' at (157480000, 50548500) with pad 'D6:1' at (157480000, 69598500) using coordinate system rotated by 0 degree(s)
13:30:17: [INFO] Adding track segment (B.Cu): [(157480000, 50548500), (157480000, 69598500)]
13:30:17: [INFO] Could not add track segment due to detected collision
13:30:17: [INFO] Routing COL2 pads
13:30:17: [INFO] Routing pad 'SW15:1' at (91440000, 59372500) with pad 'SW9:1' at (91440000, 40322500) using coordinate system rotated by 0 degree(s)
13:30:17: [INFO] Adding track segment (F.Cu): [(91440000, 59372500), (91440000, 40322500)]
13:30:17: [INFO] Routing pad 'SW19:1' at (72390000, 85471000) with pad 'SW15:1' at (91440000, 59372500) using coordinate system rotated by 0 degree(s)
13:30:17: [INFO] Adding track segment (F.Cu): [(72390000, 85471000), (91440000, 66421000)]
13:30:17: [INFO] Adding track segment (F.Cu): [(91440000, 66421000), (91440000, 59372500)]
13:30:17: [INFO] Routing pad 'SW9:1' at (91440000, 40322500) with pad 'SW3:1' at (110490000, 35560000) using coordinate system rotated by 0 degree(s)
13:30:17: [INFO] Adding track segment (F.Cu): [(91440000, 40322500), (96202500, 35560000)]
13:30:17: [INFO] Adding track segment (F.Cu): [(96202500, 35560000), (110490000, 35560000)]
13:30:17: [INFO] Routing pad 'SW3:1' at (110490000, 35560000) with pad 'SW25:1' at (258127500, 35560000) using coordinate system rotated by 0 degree(s)
13:30:17: [INFO] Adding track segment (F.Cu): [(110490000, 35560000), (258127500, 35560000)]
13:30:17: [INFO] Routing pad 'SW25:1' at (258127500, 35560000) with pad 'SW31:1' at (277177500, 40322500) using coordinate system rotated by 0 degree(s)
13:30:17: [INFO] Adding track segment (F.Cu): [(258127500, 35560000), (272415000, 35560000)]
13:30:17: [INFO] Adding track segment (F.Cu): [(272415000, 35560000), (277177500, 40322500)]
13:30:17: [INFO] Routing pad 'SW31:1' at (277177500, 40322500) with pad 'SW37:1' at (277177500, 59372500) using coordinate system rotated by 0 degree(s)
13:30:17: [INFO] Adding track segment (F.Cu): [(277177500, 40322500), (277177500, 59372500)]
13:30:17: [INFO] Routing pad 'SW37:1' at (277177500, 59372500) with pad 'SW41:1' at (296227500, 85471000) using coordinate system rotated by 0 degree(s)
13:30:17: [INFO] Adding track segment (F.Cu): [(277177500, 59372500), (277177500, 66421000)]
13:30:17: [INFO] Adding track segment (F.Cu): [(277177500, 66421000), (296227500, 85471000)]
13:30:17: [INFO] Routing ROW1 pads
13:30:17: [INFO] Routing pad 'D7:1' at (62230000, 76837500) with pad 'D8:1' at (81280000, 74361000) using coordinate system rotated by 0 degree(s)
13:30:17: [INFO] Adding track segment (B.Cu): [(62230000, 76837500), (78803500, 76837500)]
13:30:17: [INFO] Adding track segment (B.Cu): [(78803500, 76837500), (81280000, 74361000)]
13:30:17: [INFO] Routing pad 'D8:1' at (81280000, 74361000) with pad 'D9:1' at (100330000, 48262500) using coordinate system rotated by 0 degree(s)
13:30:17: [INFO] Routing pad 'D9:1' at (100330000, 48262500) with pad 'D10:1' at (119380000, 62550000) using coordinate system rotated by 0 degree(s)
13:30:17: [INFO] Routing pad 'D10:1' at (119380000, 62550000) with pad 'D11:1' at (138430000, 67312500) using coordinate system rotated by 0 degree(s)
13:30:17: [INFO] Adding track segment (B.Cu): [(119380000, 62550000), (124142500, 67312500)]
13:30:17: [INFO] Adding track segment (B.Cu): [(124142500, 67312500), (138430000, 67312500)]
13:30:17: [INFO] Routing pad 'D11:1' at (138430000, 67312500) with pad 'D12:1' at (157480000, 88648500) using coordinate system rotated by 0 degree(s)
13:30:17: [INFO] Routing ROW2 pads
13:30:17: [INFO] Routing pad 'D13:1' at (43180000, 72075000) with pad 'D14:1' at (62230000, 95887500) using coordinate system rotated by 0 degree(s)
13:30:17: [INFO] Routing pad 'D14:1' at (62230000, 95887500) with pad 'D15:1' at (100330000, 67312500) using coordinate system rotated by 0 degree(s)
13:30:17: [INFO] Routing pad 'D15:1' at (100330000, 67312500) with pad 'D16:1' at (119380000, 81600000) using coordinate system rotated by 0 degree(s)
13:30:17: [INFO] Routing pad 'D16:1' at (119380000, 81600000) with pad 'D17:1' at (138430000, 86362500) using coordinate system rotated by 0 degree(s)
13:30:17: [INFO] Adding track segment (B.Cu): [(119380000, 81600000), (124142500, 86362500)]
13:30:17: [INFO] Adding track segment (B.Cu): [(124142500, 86362500), (138430000, 86362500)]
13:30:17: [INFO] Routing pad 'D17:1' at (138430000, 86362500) with pad 'D18:1' at (157480000, 107698500) using coordinate system rotated by 0 degree(s)
13:30:17: [INFO] Routing COL1 pads
13:30:17: [INFO] Routing pad 'SW8:1' at (72390000, 66421000) with pad 'SW2:1' at (72390000, 47371000) using coordinate system rotated by 0 degree(s)
13:30:17: [INFO] Adding track segment (F.Cu): [(72390000, 66421000), (72390000, 47371000)]
13:30:17: [INFO] Routing pad 'SW14:1' at (53340000, 87947500) with pad 'SW8:1' at (72390000, 66421000) using coordinate system rotated by 0 degree(s)
13:30:17: [INFO] Routing pad 'SW2:1' at (72390000, 47371000) with pad 'SW24:1' at (296227500, 47371000) using coordinate system rotated by 0 degree(s)
13:30:17: [INFO] Adding track segment (F.Cu): [(72390000, 47371000), (296227500, 47371000)]
13:30:17: [INFO] Could not add track segment due to detected collision
13:30:17: [INFO] Routing pad 'SW24:1' at (296227500, 47371000) with pad 'SW30:1' at (296227500, 66421000) using coordinate system rotated by 0 degree(s)
13:30:17: [INFO] Adding track segment (F.Cu): [(296227500, 47371000), (296227500, 66421000)]
13:30:17: [INFO] Routing pad 'SW30:1' at (296227500, 66421000) with pad 'SW36:1' at (315277500, 87947500) using coordinate system rotated by 0 degree(s)
13:30:17: [INFO] Adding track segment (F.Cu): [(296227500, 66421000), (296227500, 68897500)]
13:30:17: [INFO] Adding track segment (F.Cu): [(296227500, 68897500), (315277500, 87947500)]
13:30:17: [INFO] Routing ROW3 pads
13:30:17: [INFO] Routing pad 'D19:1' at (81280000, 93411000) with pad 'D20:1' at (100330000, 86362500) using coordinate system rotated by 0 degree(s)
13:30:17: [INFO] Adding track segment (B.Cu): [(81280000, 93411000), (93281500, 93411000)]
13:30:17: [INFO] Adding track segment (B.Cu): [(93281500, 93411000), (100330000, 86362500)]
13:30:17: [INFO] Routing pad 'D20:1' at (100330000, 86362500) with pad 'D21:1' at (138430000, 105412500) using coordinate system rotated by 0 degree(s)
13:30:17: [INFO] Adding track segment (B.Cu): [(100330000, 86362500), (119380000, 105412500)]
13:30:17: [INFO] Adding track segment (B.Cu): [(119380000, 105412500), (138430000, 105412500)]
13:30:17: [INFO] Routing pad 'D21:1' at (138430000, 105412500) with pad 'D22:1' at (176530000, 110175000) using coordinate system rotated by 0 degree(s)
13:30:17: [INFO] Adding track segment (B.Cu): [(138430000, 105412500), (143192500, 110175000)]
13:30:17: [INFO] Adding track segment (B.Cu): [(143192500, 110175000), (176530000, 110175000)]
13:30:17: [INFO] Routing ROW5 pads
13:30:17: [INFO] Routing pad 'D34:1' at (228917500, 88648500) with pad 'D33:1' at (247967500, 67312500) using coordinate system rotated by 0 degree(s)
13:30:17: [INFO] Routing pad 'D33:1' at (247967500, 67312500) with pad 'D32:1' at (267017500, 62550000) using coordinate system rotated by 0 degree(s)
13:30:17: [INFO] Adding track segment (B.Cu): [(247967500, 67312500), (262255000, 67312500)]
13:30:17: [INFO] Adding track segment (B.Cu): [(262255000, 67312500), (267017500, 62550000)]
13:30:17: [INFO] Routing pad 'D32:1' at (267017500, 62550000) with pad 'D31:1' at (286067500, 48262500) using coordinate system rotated by 0 degree(s)
13:30:17: [INFO] Routing pad 'D31:1' at (286067500, 48262500) with pad 'D30:1' at (305117500, 74361000) using coordinate system rotated by 0 degree(s)
13:30:17: [INFO] Routing pad 'D30:1' at (305117500, 74361000) with pad 'D29:1' at (324167500, 76837500) using coordinate system rotated by 0 degree(s)
13:30:17: [INFO] Adding track segment (B.Cu): [(305117500, 74361000), (321691000, 74361000)]
13:30:17: [INFO] Adding track segment (B.Cu): [(321691000, 74361000), (324167500, 76837500)]
13:30:17: [INFO] Routing COL3 pads
13:30:17: [INFO] Routing pad 'SW16:1' at (110490000, 73660000) with pad 'SW10:1' at (110490000, 54610000) using coordinate system rotated by 0 degree(s)
13:30:17: [INFO] Adding track segment (F.Cu): [(110490000, 73660000), (110490000, 54610000)]
13:30:17: [INFO] Routing pad 'SW20:1' at (91440000, 78422500) with pad 'SW16:1' at (110490000, 73660000) using coordinate system rotated by 0 degree(s)
13:30:17: [INFO] Adding track segment (F.Cu): [(91440000, 78422500), (96202500, 73660000)]
13:30:17: [INFO] Adding track segment (F.Cu): [(96202500, 73660000), (110490000, 73660000)]
13:30:17: [INFO] Routing pad 'SW10:1' at (110490000, 54610000) with pad 'SW4:1' at (129540000, 40322500) using coordinate system rotated by 0 degree(s)
13:30:17: [INFO] Adding track segment (F.Cu): [(110490000, 54610000), (124777500, 40322500)]
13:30:17: [INFO] Adding track segment (F.Cu): [(124777500, 40322500), (129540000, 40322500)]
13:30:17: [INFO] Routing pad 'SW4:1' at (129540000, 40322500) with pad 'SW26:1' at (239077500, 40322500) using coordinate system rotated by 0 degree(s)
13:30:17: [INFO] Adding track segment (F.Cu): [(129540000, 40322500), (239077500, 40322500)]
13:30:17: [INFO] Could not add track segment due to detected collision
13:30:17: [INFO] Routing pad 'SW26:1' at (239077500, 40322500) with pad 'SW32:1' at (258127500, 54610000) using coordinate system rotated by 0 degree(s)
13:30:17: [INFO] Adding track segment (F.Cu): [(239077500, 40322500), (243840000, 40322500)]
13:30:17: [INFO] Adding track segment (F.Cu): [(243840000, 40322500), (258127500, 54610000)]
13:30:17: [INFO] Routing pad 'SW32:1' at (258127500, 54610000) with pad 'SW38:1' at (258127500, 73660000) using coordinate system rotated by 0 degree(s)
13:30:17: [INFO] Adding track segment (F.Cu): [(258127500, 54610000), (258127500, 73660000)]
13:30:17: [INFO] Routing pad 'SW38:1' at (258127500, 73660000) with pad 'SW42:1' at (277177500, 78422500) using coordinate system rotated by 0 degree(s)
13:30:17: [INFO] Adding track segment (F.Cu): [(258127500, 73660000), (272415000, 73660000)]
13:30:17: [INFO] Adding track segment (F.Cu): [(272415000, 73660000), (277177500, 78422500)]
13:30:17: [INFO] Routing ROW7 pads
13:30:17: [INFO] Routing pad 'D44:1' at (209867500, 110175000) with pad 'D43:1' at (247967500, 105412500) using coordinate system rotated by 0 degree(s)
13:30:17: [INFO] Adding track segment (B.Cu): [(209867500, 110175000), (243205000, 110175000)]
13:30:17: [INFO] Adding track segment (B.Cu): [(243205000, 110175000), (247967500, 105412500)]
13:30:17: [INFO] Routing pad 'D43:1' at (247967500, 105412500) with pad 'D42:1' at (286067500, 86362500) using coordinate system rotated by 0 degree(s)
13:30:17: [INFO] Adding track segment (B.Cu): [(247967500, 105412500), (267017500, 105412500)]
13:30:17: [INFO] Adding track segment (B.Cu): [(267017500, 105412500), (286067500, 86362500)]
13:30:17: [INFO] Routing pad 'D42:1' at (286067500, 86362500) with pad 'D41:1' at (305117500, 93411000) using coordinate system rotated by 0 degree(s)
13:30:17: [INFO] Adding track segment (B.Cu): [(286067500, 86362500), (293116000, 93411000)]
13:30:17: [INFO] Adding track segment (B.Cu): [(293116000, 93411000), (305117500, 93411000)]
13:30:17: [INFO] Routing ROW6 pads
13:30:17: [INFO] Routing pad 'D40:1' at (228917500, 107698500) with pad 'D39:1' at (247967500, 86362500) using coordinate system rotated by 0 degree(s)
13:30:17: [INFO] Routing pad 'D39:1' at (247967500, 86362500) with pad 'D38:1' at (267017500, 81600000) using coordinate system rotated by 0 degree(s)
13:30:17: [INFO] Adding track segment (B.Cu): [(247967500, 86362500), (262255000, 86362500)]
13:30:17: [INFO] Adding track segment (B.Cu): [(262255000, 86362500), (267017500, 81600000)]
13:30:17: [INFO] Routing pad 'D38:1' at (267017500, 81600000) with pad 'D37:1' at (286067500, 67312500) using coordinate system rotated by 0 degree(s)
13:30:17: [INFO] Adding track segment (B.Cu): [(267017500, 81600000), (271780000, 81600000)]
13:30:17: [INFO] Adding track segment (B.Cu): [(271780000, 81600000), (286067500, 67312500)]
13:30:17: [INFO] Routing pad 'D37:1' at (286067500, 67312500) with pad 'D36:1' at (324167500, 95887500) using coordinate system rotated by 0 degree(s)
13:30:17: [INFO] Routing pad 'D36:1' at (324167500, 95887500) with pad 'D35:1' at (343217500, 72075000) using coordinate system rotated by 0 degree(s)
13:30:17: [INFO] Adding track segment (B.Cu): [(324167500, 95887500), (343217500, 76837500)]
13:30:17: [INFO] Adding track segment (B.Cu): [(343217500, 76837500), (343217500, 72075000)]
13:30:17: [INFO] Routing COL4 pads
13:30:17: [INFO] Routing pad 'SW11:1' at (129540000, 59372500) with pad 'SW17:1' at (129540000, 78422500) using coordinate system rotated by 0 degree(s)
13:30:17: [INFO] Adding track segment (F.Cu): [(129540000, 59372500), (129540000, 78422500)]
13:30:17: [INFO] Routing pad 'SW17:1' at (129540000, 78422500) with pad 'SW21:1' at (129540000, 97472500) using coordinate system rotated by 0 degree(s)
13:30:17: [INFO] Adding track segment (F.Cu): [(129540000, 78422500), (129540000, 97472500)]
13:30:17: [INFO] Routing pad 'SW11:1' at (129540000, 59372500) with pad 'SW5:1' at (148590000, 42608500) using coordinate system rotated by 0 degree(s)
13:30:17: [INFO] Adding track segment (F.Cu): [(129540000, 59372500), (146304000, 42608500)]
13:30:17: [INFO] Adding track segment (F.Cu): [(146304000, 42608500), (148590000, 42608500)]
13:30:17: [INFO] Routing pad 'SW5:1' at (148590000, 42608500) with pad 'SW27:1' at (220027500, 42608500) using coordinate system rotated by 0 degree(s)
13:30:17: [INFO] Adding track segment (F.Cu): [(148590000, 42608500), (220027500, 42608500)]
13:30:17: [INFO] Routing pad 'SW27:1' at (220027500, 42608500) with pad 'SW33:1' at (239077500, 59372500) using coordinate system rotated by 0 degree(s)
13:30:17: [INFO] Routing pad 'SW33:1' at (239077500, 59372500) with pad 'SW39:1' at (239077500, 78422500) using coordinate system rotated by 0 degree(s)
13:30:17: [INFO] Adding track segment (F.Cu): [(239077500, 59372500), (239077500, 78422500)]
13:30:17: [INFO] Routing pad 'SW39:1' at (239077500, 78422500) with pad 'SW43:1' at (239077500, 97472500) using coordinate system rotated by 0 degree(s)
13:30:17: [INFO] Adding track segment (F.Cu): [(239077500, 78422500), (239077500, 97472500)]
13:30:17: [INFO] Removing dangling tracks
