=== kbplacer.kle_serial ===
=== layout2image.py ===
=== kbplacer ===
13:35:22: [INFO] User layout: https://editor.keyboard-tools.xyz/#share=NrDeCIA9wLgAgIwDoDsBWAvgGjuADFguDhNPMntrgQEzgC6WAUGFLIkjZjuAlnsVx8iPPnVFYAzA2bBwNfgB0AdipUERcUuzyc0PAMbtwAYhTmLg8AAt2NKvKWrnBASXBH4pgz9-gHCpqO4rgK0ows4JJOasoagtrkeg7RQdEhUVIykQAsMc7CCWzwulyGxmYW5la28PY8eXixKnxuWh4Vvn4OeUF5GXnhsuD6Tc4thEVkHFwO+poQnriVVVYA7nZzWDTNygoCEazTkno8AJ46p7hL3l1GWzvje5M8+pK7gQz0QA
13:35:22: [INFO] Labels prefixes: for rows: 'ROW', for columns: 'COL'
13:35:22: [INFO] Matrix size: 5x3
13:35:23: [INFO] Add COL0 net
13:35:23: [INFO] Add COL1 net
13:35:23: [INFO] Add COL2 net
13:35:23: [INFO] Add COL3 net
13:35:23: [INFO] Add Net-(D1-A) net
13:35:23: [INFO] Add Net-(D10-A) net
13:35:23: [INFO] Add Net-(D11-A) net
13:35:23: [INFO] Add Net-(D12-A) net
13:35:23: [INFO] Add Net-(D13-A) net
13:35:23: [INFO] Add Net-(D14-A) net
13:35:23: [INFO] Add Net-(D15-A) net
13:35:23: [INFO] Add Net-(D16-A) net
13:35:23: [INFO] Add Net-(D17-A) net
13:35:23: [INFO] Add Net-(D18-A) net
13:35:23: [INFO] Add Net-(D19-A) net
13:35:23: [INFO] Add Net-(D2-A) net
13:35:23: [INFO] Add Net-(D20-A) net
13:35:23: [INFO] Add Net-(D21-A) net
13:35:23: [INFO] Add Net-(D22-A) net
13:35:23: [INFO] Add Net-(D3-A) net
13:35:23: [INFO] Add Net-(D4-A) net
13:35:23: [INFO] Add Net-(D5-A) net
13:35:23: [INFO] Add Net-(D6-A) net
13:35:23: [INFO] Add Net-(D7-A) net
13:35:23: [INFO] Add Net-(D8-A) net
13:35:23: [INFO] Add Net-(D9-A) net
13:35:23: [INFO] Add ROW0 net
13:35:23: [INFO] Add ROW1 net
13:35:23: [INFO] Add ROW2 net
13:35:23: [INFO] Add ROW3 net
13:35:23: [INFO] Add ROW4 net
13:35:23: [INFO] Add ROW5 net
13:35:23: [INFO] Add SW1 footprint
13:35:23: [INFO] Add D1 footprint
13:35:23: [INFO] Add SW2 footprint
13:35:23: [INFO] Add D2 footprint
13:35:23: [INFO] Add SW3 footprint
13:35:23: [INFO] Add D3 footprint
13:35:23: [INFO] Add SW4 footprint
13:35:23: [INFO] Add D4 footprint
13:35:23: [INFO] Add SW5 footprint
13:35:23: [INFO] Add D5 footprint
13:35:23: [INFO] Add SW6 footprint
13:35:23: [INFO] Add D6 footprint
13:35:23: [INFO] Add SW7 footprint
13:35:23: [INFO] Add D7 footprint
13:35:23: [INFO] Add ST7 footprint
13:35:23: [INFO] Add SW7a footprint
13:35:23: [INFO] Add SW8 footprint
13:35:23: [INFO] Add D8 footprint
13:35:23: [INFO] Add SW9 footprint
13:35:23: [INFO] Add D9 footprint
13:35:23: [INFO] Add SW10 footprint
13:35:23: [INFO] Add D10 footprint
13:35:23: [INFO] Add SW11 footprint
13:35:23: [INFO] Add D11 footprint
13:35:23: [INFO] Add SW12 footprint
13:35:23: [INFO] Add D12 footprint
13:35:23: [INFO] Add SW13 footprint
13:35:23: [INFO] Add D13 footprint
13:35:23: [INFO] Add SW14 footprint
13:35:23: [INFO] Add D14 footprint
13:35:23: [INFO] Add SW15 footprint
13:35:24: [INFO] Add D15 footprint
13:35:24: [INFO] Add ST15 footprint
13:35:24: [INFO] Add SW15a footprint
13:35:24: [INFO] Add SW16 footprint
13:35:24: [INFO] Add D16 footprint
13:35:24: [INFO] Add SW17 footprint
13:35:24: [INFO] Add D17 footprint
13:35:24: [INFO] Add SW18 footprint
13:35:24: [INFO] Add D18 footprint
13:35:24: [INFO] Add SW19 footprint
13:35:24: [INFO] Add D19 footprint
13:35:24: [INFO] Add SW20 footprint
13:35:24: [INFO] Add D20 footprint
13:35:24: [INFO] Add SW21 footprint
13:35:24: [INFO] Add D21 footprint
13:35:24: [INFO] Add ST21 footprint
13:35:24: [INFO] Add SW21a footprint
13:35:24: [INFO] Add SW22 footprint
13:35:24: [INFO] Add D22 footprint
13:35:24: [INFO] Detected layout convertible to matrix annotated keyboard
13:35:24: [INFO] Using key 1U distance: (19.05, 19.05) mm
13:35:24: [INFO] Layout offset: (33337500, 28575000)
13:35:24: [INFO] Diode info: [ElementInfo(annotation_format='D{}', position_option=<PositionOption.CUSTOM: 'Custom'>, position=ElementPosition(x=5.08, y=4.0, orientation=90.0, side=<Side.BACK: 'Back'>), template_path='', start_index=-1)]
13:35:24: [INFO] Placing additional elements for SW22
13:35:24: [INFO] Placing additional elements for SW21a
13:35:24: [INFO] Placing additional elements for SW21
13:35:24: [INFO] Placing additional elements for SW20
13:35:24: [INFO] Placing additional elements for SW19
13:35:24: [INFO] Placing additional elements for SW18
13:35:24: [INFO] Placing additional elements for SW17
13:35:24: [INFO] Placing additional elements for SW16
13:35:24: [INFO] Placing additional elements for SW15a
13:35:24: [INFO] Placing additional elements for SW15
13:35:24: [INFO] Placing additional elements for SW14
13:35:24: [INFO] Placing additional elements for SW13
13:35:24: [INFO] Placing additional elements for SW12
13:35:24: [INFO] Placing additional elements for SW11
13:35:24: [INFO] Placing additional elements for SW10
13:35:24: [INFO] Placing additional elements for SW9
13:35:24: [INFO] Placing additional elements for SW8
13:35:24: [INFO] Placing additional elements for SW7a
13:35:24: [INFO] Placing additional elements for SW7
13:35:24: [INFO] Placing additional elements for SW6
13:35:24: [INFO] Placing additional elements for SW5
13:35:24: [INFO] Placing additional elements for SW4
13:35:24: [INFO] Placing additional elements for SW3
13:35:24: [INFO] Placing additional elements for SW2
13:35:24: [INFO] Placing additional elements for SW1
13:35:24: [INFO] Routing SW22 with D22
13:35:24: [INFO] Using internal autorouter method
13:35:24: [INFO] Routing pad 'SW22:2' at (126365000, 128270000) with pad 'D22:2' at (128905000, 135950000) using coordinate system rotated by 0 degree(s)
13:35:24: [INFO] Adding track segment (B.Cu): [(126365000, 128270000), (126365000, 133410000)]
13:35:24: [INFO] Adding track segment (B.Cu): [(126365000, 133410000), (128905000, 135950000)]
13:35:24: [INFO] Routing SW21a with D21
13:35:24: [INFO] Using internal autorouter method
13:35:24: [INFO] Routing pad 'SW21a:2' at (107315000, 128270000) with pad 'D21:2' at (119380000, 135950000) using coordinate system rotated by 0 degree(s)
13:35:24: [INFO] Routing SW21 with D21
13:35:24: [INFO] Using internal autorouter method
13:35:24: [INFO] Routing pad 'SW21:2' at (116840000, 128270000) with pad 'D21:2' at (119380000, 135950000) using coordinate system rotated by 0 degree(s)
13:35:24: [INFO] Adding track segment (B.Cu): [(116840000, 128270000), (116840000, 133410000)]
13:35:24: [INFO] Adding track segment (B.Cu): [(116840000, 133410000), (119380000, 135950000)]
13:35:24: [INFO] Routing SW20 with D20
13:35:24: [INFO] Using internal autorouter method
13:35:24: [INFO] Routing pad 'SW20:2' at (88265000, 128270000) with pad 'D20:2' at (90805000, 135950000) using coordinate system rotated by 0 degree(s)
13:35:24: [INFO] Adding track segment (B.Cu): [(88265000, 128270000), (88265000, 133410000)]
13:35:24: [INFO] Adding track segment (B.Cu): [(88265000, 133410000), (90805000, 135950000)]
13:35:24: [INFO] Routing SW19 with D19
13:35:24: [INFO] Using internal autorouter method
13:35:24: [INFO] Routing pad 'SW19:2' at (69215000, 128270000) with pad 'D19:2' at (71755000, 135950000) using coordinate system rotated by 0 degree(s)
13:35:24: [INFO] Adding track segment (B.Cu): [(69215000, 128270000), (69215000, 133410000)]
13:35:24: [INFO] Adding track segment (B.Cu): [(69215000, 133410000), (71755000, 135950000)]
13:35:24: [INFO] Routing SW18 with D18
13:35:24: [INFO] Using internal autorouter method
13:35:24: [INFO] Routing pad 'SW18:2' at (126365000, 109220000) with pad 'D18:2' at (128905000, 116900000) using coordinate system rotated by 0 degree(s)
13:35:24: [INFO] Adding track segment (B.Cu): [(126365000, 109220000), (126365000, 114360000)]
13:35:24: [INFO] Adding track segment (B.Cu): [(126365000, 114360000), (128905000, 116900000)]
13:35:24: [INFO] Routing SW17 with D17
13:35:24: [INFO] Using internal autorouter method
13:35:24: [INFO] Routing pad 'SW17:2' at (107315000, 109220000) with pad 'D17:2' at (109855000, 116900000) using coordinate system rotated by 0 degree(s)
13:35:24: [INFO] Adding track segment (B.Cu): [(107315000, 109220000), (107315000, 114360000)]
13:35:24: [INFO] Adding track segment (B.Cu): [(107315000, 114360000), (109855000, 116900000)]
13:35:24: [INFO] Routing SW16 with D16
13:35:24: [INFO] Using internal autorouter method
13:35:24: [INFO] Routing pad 'SW16:2' at (88265000, 109220000) with pad 'D16:2' at (90805000, 116900000) using coordinate system rotated by 0 degree(s)
13:35:24: [INFO] Adding track segment (B.Cu): [(88265000, 109220000), (88265000, 114360000)]
13:35:24: [INFO] Adding track segment (B.Cu): [(88265000, 114360000), (90805000, 116900000)]
13:35:24: [INFO] Routing SW15a with D15
13:35:24: [INFO] Using internal autorouter method
13:35:24: [INFO] Routing pad 'SW15a:2' at (69215000, 109220000) with pad 'D15:2' at (71755000, 126425000) using coordinate system rotated by 0 degree(s)
13:35:24: [INFO] Adding track segment (B.Cu): [(69215000, 109220000), (69215000, 123885000)]
13:35:24: [INFO] Adding track segment (B.Cu): [(69215000, 123885000), (71755000, 126425000)]
13:35:24: [INFO] Routing SW15 with D15
13:35:24: [INFO] Using internal autorouter method
13:35:24: [INFO] Routing pad 'SW15:2' at (69215000, 118745000) with pad 'D15:2' at (71755000, 126425000) using coordinate system rotated by 0 degree(s)
13:35:24: [INFO] Adding track segment (B.Cu): [(69215000, 118745000), (69215000, 123885000)]
13:35:24: [INFO] Adding track segment (B.Cu): [(69215000, 123885000), (71755000, 126425000)]
13:35:24: [INFO] Routing SW14 with D14
13:35:24: [INFO] Using internal autorouter method
13:35:24: [INFO] Routing pad 'SW14:2' at (126365000, 90170000) with pad 'D14:2' at (128905000, 97850000) using coordinate system rotated by 0 degree(s)
13:35:24: [INFO] Adding track segment (B.Cu): [(126365000, 90170000), (126365000, 95310000)]
13:35:24: [INFO] Adding track segment (B.Cu): [(126365000, 95310000), (128905000, 97850000)]
13:35:24: [INFO] Routing SW13 with D13
13:35:24: [INFO] Using internal autorouter method
13:35:24: [INFO] Routing pad 'SW13:2' at (107315000, 90170000) with pad 'D13:2' at (109855000, 97850000) using coordinate system rotated by 0 degree(s)
13:35:24: [INFO] Adding track segment (B.Cu): [(107315000, 90170000), (107315000, 95310000)]
13:35:24: [INFO] Adding track segment (B.Cu): [(107315000, 95310000), (109855000, 97850000)]
13:35:24: [INFO] Routing SW12 with D12
13:35:24: [INFO] Using internal autorouter method
13:35:24: [INFO] Routing pad 'SW12:2' at (88265000, 90170000) with pad 'D12:2' at (90805000, 97850000) using coordinate system rotated by 0 degree(s)
13:35:24: [INFO] Adding track segment (B.Cu): [(88265000, 90170000), (88265000, 95310000)]
13:35:24: [INFO] Adding track segment (B.Cu): [(88265000, 95310000), (90805000, 97850000)]
13:35:24: [INFO] Routing SW11 with D11
13:35:24: [INFO] Using internal autorouter method
13:35:24: [INFO] Routing pad 'SW11:2' at (69215000, 90170000) with pad 'D11:2' at (71755000, 97850000) using coordinate system rotated by 0 degree(s)
13:35:24: [INFO] Adding track segment (B.Cu): [(69215000, 90170000), (69215000, 95310000)]
13:35:24: [INFO] Adding track segment (B.Cu): [(69215000, 95310000), (71755000, 97850000)]
13:35:24: [INFO] Routing SW10 with D10
13:35:24: [INFO] Using internal autorouter method
13:35:24: [INFO] Routing pad 'SW10:2' at (126365000, 71120000) with pad 'D10:2' at (128905000, 78800000) using coordinate system rotated by 0 degree(s)
13:35:24: [INFO] Adding track segment (B.Cu): [(126365000, 71120000), (126365000, 76260000)]
13:35:24: [INFO] Adding track segment (B.Cu): [(126365000, 76260000), (128905000, 78800000)]
13:35:24: [INFO] Routing SW9 with D9
13:35:24: [INFO] Using internal autorouter method
13:35:24: [INFO] Routing pad 'SW9:2' at (107315000, 71120000) with pad 'D9:2' at (109855000, 78800000) using coordinate system rotated by 0 degree(s)
13:35:24: [INFO] Adding track segment (B.Cu): [(107315000, 71120000), (107315000, 76260000)]
13:35:24: [INFO] Adding track segment (B.Cu): [(107315000, 76260000), (109855000, 78800000)]
13:35:24: [INFO] Routing SW8 with D8
13:35:24: [INFO] Using internal autorouter method
13:35:24: [INFO] Routing pad 'SW8:2' at (88265000, 71120000) with pad 'D8:2' at (90805000, 78800000) using coordinate system rotated by 0 degree(s)
13:35:24: [INFO] Adding track segment (B.Cu): [(88265000, 71120000), (88265000, 76260000)]
13:35:24: [INFO] Adding track segment (B.Cu): [(88265000, 76260000), (90805000, 78800000)]
13:35:24: [INFO] Routing SW7a with D7
13:35:24: [INFO] Using internal autorouter method
13:35:24: [INFO] Routing pad 'SW7a:2' at (69215000, 71120000) with pad 'D7:2' at (71755000, 88325000) using coordinate system rotated by 0 degree(s)
13:35:24: [INFO] Adding track segment (B.Cu): [(69215000, 71120000), (69215000, 85785000)]
13:35:24: [INFO] Adding track segment (B.Cu): [(69215000, 85785000), (71755000, 88325000)]
13:35:24: [INFO] Routing SW7 with D7
13:35:24: [INFO] Using internal autorouter method
13:35:24: [INFO] Routing pad 'SW7:2' at (69215000, 80645000) with pad 'D7:2' at (71755000, 88325000) using coordinate system rotated by 0 degree(s)
13:35:24: [INFO] Adding track segment (B.Cu): [(69215000, 80645000), (69215000, 85785000)]
13:35:24: [INFO] Adding track segment (B.Cu): [(69215000, 85785000), (71755000, 88325000)]
13:35:24: [INFO] Routing SW6 with D6
13:35:24: [INFO] Using internal autorouter method
13:35:24: [INFO] Routing pad 'SW6:2' at (126365000, 52070000) with pad 'D6:2' at (128905000, 59750000) using coordinate system rotated by 0 degree(s)
13:35:24: [INFO] Adding track segment (B.Cu): [(126365000, 52070000), (126365000, 57210000)]
13:35:24: [INFO] Adding track segment (B.Cu): [(126365000, 57210000), (128905000, 59750000)]
13:35:24: [INFO] Routing SW5 with D5
13:35:24: [INFO] Using internal autorouter method
13:35:24: [INFO] Routing pad 'SW5:2' at (107315000, 52070000) with pad 'D5:2' at (109855000, 59750000) using coordinate system rotated by 0 degree(s)
13:35:24: [INFO] Adding track segment (B.Cu): [(107315000, 52070000), (107315000, 57210000)]
13:35:24: [INFO] Adding track segment (B.Cu): [(107315000, 57210000), (109855000, 59750000)]
13:35:24: [INFO] Routing SW4 with D4
13:35:24: [INFO] Using internal autorouter method
13:35:24: [INFO] Routing pad 'SW4:2' at (88265000, 52070000) with pad 'D4:2' at (90805000, 59750000) using coordinate system rotated by 0 degree(s)
13:35:24: [INFO] Adding track segment (B.Cu): [(88265000, 52070000), (88265000, 57210000)]
13:35:24: [INFO] Adding track segment (B.Cu): [(88265000, 57210000), (90805000, 59750000)]
13:35:24: [INFO] Routing SW3 with D3
13:35:24: [INFO] Using internal autorouter method
13:35:24: [INFO] Routing pad 'SW3:2' at (69215000, 52070000) with pad 'D3:2' at (71755000, 59750000) using coordinate system rotated by 0 degree(s)
13:35:24: [INFO] Adding track segment (B.Cu): [(69215000, 52070000), (69215000, 57210000)]
13:35:24: [INFO] Adding track segment (B.Cu): [(69215000, 57210000), (71755000, 59750000)]
13:35:24: [INFO] Routing SW2 with D2
13:35:24: [INFO] Using internal autorouter method
13:35:24: [INFO] Routing pad 'SW2:2' at (116840000, 33020000) with pad 'D2:2' at (119380000, 40700000) using coordinate system rotated by 0 degree(s)
13:35:24: [INFO] Adding track segment (B.Cu): [(116840000, 33020000), (116840000, 38160000)]
13:35:24: [INFO] Adding track segment (B.Cu): [(116840000, 38160000), (119380000, 40700000)]
13:35:24: [INFO] Routing SW1 with D1
13:35:24: [INFO] Using internal autorouter method
13:35:24: [INFO] Routing pad 'SW1:2' at (78740000, 33020000) with pad 'D1:2' at (81280000, 40700000) using coordinate system rotated by 0 degree(s)
13:35:24: [INFO] Adding track segment (B.Cu): [(78740000, 33020000), (78740000, 38160000)]
13:35:24: [INFO] Adding track segment (B.Cu): [(78740000, 38160000), (81280000, 40700000)]
13:35:24: [INFO] Routing COL0 pads
13:35:24: [INFO] Routing pad 'SW3:1' at (62865000, 54610000) with pad 'SW7a:1' at (62865000, 73660000) using coordinate system rotated by 0 degree(s)
13:35:24: [INFO] Adding track segment (F.Cu): [(62865000, 54610000), (62865000, 73660000)]
13:35:24: [INFO] Routing pad 'SW7a:1' at (62865000, 73660000) with pad 'SW7:1' at (62865000, 83185000) using coordinate system rotated by 0 degree(s)
13:35:24: [INFO] Adding track segment (F.Cu): [(62865000, 73660000), (62865000, 83185000)]
13:35:24: [INFO] Routing pad 'SW7:1' at (62865000, 83185000) with pad 'SW11:1' at (62865000, 92710000) using coordinate system rotated by 0 degree(s)
13:35:24: [INFO] Adding track segment (F.Cu): [(62865000, 83185000), (62865000, 92710000)]
13:35:24: [INFO] Routing pad 'SW11:1' at (62865000, 92710000) with pad 'SW15a:1' at (62865000, 111760000) using coordinate system rotated by 0 degree(s)
13:35:24: [INFO] Adding track segment (F.Cu): [(62865000, 92710000), (62865000, 111760000)]
13:35:24: [INFO] Routing pad 'SW15a:1' at (62865000, 111760000) with pad 'SW15:1' at (62865000, 121285000) using coordinate system rotated by 0 degree(s)
13:35:24: [INFO] Adding track segment (F.Cu): [(62865000, 111760000), (62865000, 121285000)]
13:35:24: [INFO] Routing pad 'SW15:1' at (62865000, 121285000) with pad 'SW19:1' at (62865000, 130810000) using coordinate system rotated by 0 degree(s)
13:35:24: [INFO] Adding track segment (F.Cu): [(62865000, 121285000), (62865000, 130810000)]
13:35:24: [INFO] Routing ROW4 pads
13:35:24: [INFO] Routing pad 'D15:1' at (71755000, 129225000) with pad 'D16:1' at (90805000, 119700000) using coordinate system rotated by 0 degree(s)
13:35:24: [INFO] Adding track segment (B.Cu): [(71755000, 129225000), (81280000, 129225000)]
13:35:24: [INFO] Adding track segment (B.Cu): [(81280000, 129225000), (90805000, 119700000)]
13:35:24: [INFO] Routing pad 'D16:1' at (90805000, 119700000) with pad 'D17:1' at (109855000, 119700000) using coordinate system rotated by 0 degree(s)
13:35:24: [INFO] Adding track segment (B.Cu): [(90805000, 119700000), (109855000, 119700000)]
13:35:24: [INFO] Routing pad 'D17:1' at (109855000, 119700000) with pad 'D18:1' at (128905000, 119700000) using coordinate system rotated by 0 degree(s)
13:35:24: [INFO] Adding track segment (B.Cu): [(109855000, 119700000), (128905000, 119700000)]
13:35:24: [INFO] Routing ROW2 pads
13:35:24: [INFO] Routing pad 'D7:1' at (71755000, 91125000) with pad 'D8:1' at (90805000, 81600000) using coordinate system rotated by 0 degree(s)
13:35:24: [INFO] Adding track segment (B.Cu): [(71755000, 91125000), (81280000, 91125000)]
13:35:24: [INFO] Adding track segment (B.Cu): [(81280000, 91125000), (90805000, 81600000)]
13:35:24: [INFO] Routing pad 'D8:1' at (90805000, 81600000) with pad 'D9:1' at (109855000, 81600000) using coordinate system rotated by 0 degree(s)
13:35:24: [INFO] Adding track segment (B.Cu): [(90805000, 81600000), (109855000, 81600000)]
13:35:24: [INFO] Routing pad 'D9:1' at (109855000, 81600000) with pad 'D10:1' at (128905000, 81600000) using coordinate system rotated by 0 degree(s)
13:35:24: [INFO] Adding track segment (B.Cu): [(109855000, 81600000), (128905000, 81600000)]
13:35:24: [INFO] Routing ROW5 pads
13:35:24: [INFO] Routing pad 'D19:1' at (71755000, 138750000) with pad 'D20:1' at (90805000, 138750000) using coordinate system rotated by 0 degree(s)
13:35:24: [INFO] Adding track segment (B.Cu): [(71755000, 138750000), (90805000, 138750000)]
13:35:24: [INFO] Routing pad 'D20:1' at (90805000, 138750000) with pad 'D21:1' at (119380000, 138750000) using coordinate system rotated by 0 degree(s)
13:35:24: [INFO] Adding track segment (B.Cu): [(90805000, 138750000), (119380000, 138750000)]
13:35:24: [INFO] Routing pad 'D21:1' at (119380000, 138750000) with pad 'D22:1' at (128905000, 138750000) using coordinate system rotated by 0 degree(s)
13:35:24: [INFO] Adding track segment (B.Cu): [(119380000, 138750000), (128905000, 138750000)]
13:35:24: [INFO] Routing ROW1 pads
13:35:24: [INFO] Routing pad 'D3:1' at (71755000, 62550000) with pad 'D4:1' at (90805000, 62550000) using coordinate system rotated by 0 degree(s)
13:35:24: [INFO] Adding track segment (B.Cu): [(71755000, 62550000), (90805000, 62550000)]
13:35:24: [INFO] Routing pad 'D4:1' at (90805000, 62550000) with pad 'D5:1' at (109855000, 62550000) using coordinate system rotated by 0 degree(s)
13:35:24: [INFO] Adding track segment (B.Cu): [(90805000, 62550000), (109855000, 62550000)]
13:35:24: [INFO] Routing pad 'D5:1' at (109855000, 62550000) with pad 'D6:1' at (128905000, 62550000) using coordinate system rotated by 0 degree(s)
13:35:24: [INFO] Adding track segment (B.Cu): [(109855000, 62550000), (128905000, 62550000)]
13:35:24: [INFO] Routing ROW0 pads
13:35:24: [INFO] Routing pad 'D1:1' at (81280000, 43500000) with pad 'D2:1' at (119380000, 43500000) using coordinate system rotated by 0 degree(s)
13:35:24: [INFO] Adding track segment (B.Cu): [(81280000, 43500000), (119380000, 43500000)]
13:35:24: [INFO] Routing ROW3 pads
13:35:24: [INFO] Routing pad 'D11:1' at (71755000, 100650000) with pad 'D12:1' at (90805000, 100650000) using coordinate system rotated by 0 degree(s)
13:35:24: [INFO] Adding track segment (B.Cu): [(71755000, 100650000), (90805000, 100650000)]
13:35:24: [INFO] Routing pad 'D12:1' at (90805000, 100650000) with pad 'D13:1' at (109855000, 100650000) using coordinate system rotated by 0 degree(s)
13:35:24: [INFO] Adding track segment (B.Cu): [(90805000, 100650000), (109855000, 100650000)]
13:35:24: [INFO] Routing pad 'D13:1' at (109855000, 100650000) with pad 'D14:1' at (128905000, 100650000) using coordinate system rotated by 0 degree(s)
13:35:24: [INFO] Adding track segment (B.Cu): [(109855000, 100650000), (128905000, 100650000)]
13:35:24: [INFO] Routing COL1 pads
13:35:24: [INFO] Routing pad 'SW1:1' at (72390000, 35560000) with pad 'SW4:1' at (81915000, 54610000) using coordinate system rotated by 0 degree(s)
13:35:24: [INFO] Adding track segment (F.Cu): [(72390000, 35560000), (72390000, 45085000)]
13:35:24: [INFO] Adding track segment (F.Cu): [(72390000, 45085000), (81915000, 54610000)]
13:35:24: [INFO] Routing pad 'SW4:1' at (81915000, 54610000) with pad 'SW8:1' at (81915000, 73660000) using coordinate system rotated by 0 degree(s)
13:35:24: [INFO] Adding track segment (F.Cu): [(81915000, 54610000), (81915000, 73660000)]
13:35:24: [INFO] Routing pad 'SW8:1' at (81915000, 73660000) with pad 'SW12:1' at (81915000, 92710000) using coordinate system rotated by 0 degree(s)
13:35:24: [INFO] Adding track segment (F.Cu): [(81915000, 73660000), (81915000, 92710000)]
13:35:24: [INFO] Routing pad 'SW12:1' at (81915000, 92710000) with pad 'SW16:1' at (81915000, 111760000) using coordinate system rotated by 0 degree(s)
13:35:24: [INFO] Adding track segment (F.Cu): [(81915000, 92710000), (81915000, 111760000)]
13:35:24: [INFO] Routing pad 'SW16:1' at (81915000, 111760000) with pad 'SW20:1' at (81915000, 130810000) using coordinate system rotated by 0 degree(s)
13:35:24: [INFO] Adding track segment (F.Cu): [(81915000, 111760000), (81915000, 130810000)]
13:35:24: [INFO] Routing COL2 pads
13:35:24: [INFO] Routing pad 'SW5:1' at (100965000, 54610000) with pad 'SW9:1' at (100965000, 73660000) using coordinate system rotated by 0 degree(s)
13:35:24: [INFO] Adding track segment (F.Cu): [(100965000, 54610000), (100965000, 73660000)]
13:35:24: [INFO] Routing pad 'SW9:1' at (100965000, 73660000) with pad 'SW13:1' at (100965000, 92710000) using coordinate system rotated by 0 degree(s)
13:35:24: [INFO] Adding track segment (F.Cu): [(100965000, 73660000), (100965000, 92710000)]
13:35:24: [INFO] Routing pad 'SW13:1' at (100965000, 92710000) with pad 'SW17:1' at (100965000, 111760000) using coordinate system rotated by 0 degree(s)
13:35:24: [INFO] Adding track segment (F.Cu): [(100965000, 92710000), (100965000, 111760000)]
13:35:24: [INFO] Routing pad 'SW17:1' at (100965000, 111760000) with pad 'SW21a:1' at (100965000, 130810000) using coordinate system rotated by 0 degree(s)
13:35:24: [INFO] Adding track segment (F.Cu): [(100965000, 111760000), (100965000, 130810000)]
13:35:24: [INFO] Could not add track segment due to detected collision
13:35:24: [INFO] Routing pad 'SW5:1' at (100965000, 54610000) with pad 'SW2:1' at (110490000, 35560000) using coordinate system rotated by 0 degree(s)
13:35:24: [INFO] Adding track segment (F.Cu): [(100965000, 54610000), (110490000, 45085000)]
13:35:24: [INFO] Adding track segment (F.Cu): [(110490000, 45085000), (110490000, 35560000)]
13:35:24: [INFO] Routing pad 'SW21a:1' at (100965000, 130810000) with pad 'SW21:1' at (110490000, 130810000) using coordinate system rotated by 0 degree(s)
13:35:24: [INFO] Adding track segment (F.Cu): [(100965000, 130810000), (110490000, 130810000)]
13:35:24: [INFO] Routing COL3 pads
13:35:24: [INFO] Routing pad 'SW6:1' at (120015000, 54610000) with pad 'SW10:1' at (120015000, 73660000) using coordinate system rotated by 0 degree(s)
13:35:24: [INFO] Adding track segment (F.Cu): [(120015000, 54610000), (120015000, 73660000)]
13:35:24: [INFO] Routing pad 'SW10:1' at (120015000, 73660000) with pad 'SW14:1' at (120015000, 92710000) using coordinate system rotated by 0 degree(s)
13:35:24: [INFO] Adding track segment (F.Cu): [(120015000, 73660000), (120015000, 92710000)]
13:35:24: [INFO] Routing pad 'SW14:1' at (120015000, 92710000) with pad 'SW18:1' at (120015000, 111760000) using coordinate system rotated by 0 degree(s)
13:35:24: [INFO] Adding track segment (F.Cu): [(120015000, 92710000), (120015000, 111760000)]
13:35:24: [INFO] Routing pad 'SW18:1' at (120015000, 111760000) with pad 'SW22:1' at (120015000, 130810000) using coordinate system rotated by 0 degree(s)
13:35:24: [INFO] Adding track segment (F.Cu): [(120015000, 111760000), (120015000, 130810000)]
13:35:24: [INFO] Removing dangling tracks
