=== kbplacer.kle_serial ===
=== layout2image.py ===
=== kbplacer ===
13:30:05: [INFO] User layout: https://editor.keyboard-tools.xyz/#share=NrDeCIA9wLgAgMwF8A0dwAYUPGi14A2VdAVm3AF0UAoMKWOAFjXAE9GBaDAOgA5irLE1xx8jJiXDkR1OuPgAmVh3jceATkKShKRaIVw+U8vrn0CcculVx1fLVKykDDJSZQvzhgIwquvFqKpE4oPq6WPhge4d7sATwIfADsIboYEYw+ih4ZcZYI-mqByKx+OHhucILohBT5EkV2vAJSfiKVljq1KLK0FozKNgla3eB++p2Mxqx1Zv2G1vHF-I5lnpnusxsN8H7DK0Fp6H7hU3vR27ELy82JKUsAxozgAMTJH5-gbSgZ53DZVjPeBvR5g8HfbZ5G4FJrqDSldDKCpiKo1cDJeowxoHO4CVgAO0YABcAE4AVwAplJlB1UV1CSSKdTWJi+vIqkNbvDtDS9JsjFJMfMOZYlrZ7GskRt-jlWTtsXs4YFCME+Wd6VlLuhMdcORLeElUkCXq8AIYWy2Q6V-TV7LnA9CvcEQoW-KiKxDKzSI8CFFGGdF8LGinHclrowp0wxjYPsgZKb2jKSFSZ2wWsYMihNWb0OSMy9Ny9DBrye-bhzSq45+sICqJSYN6+gG+7G9COt6Wq0p93-QEd02fL6N927L24+G+lgBtEmkHOl3PKQaEM5rmtviKFiDhfdi3W8AsNOGYO7p1L5esVfZ3x50h8J6m-dmw8sDW+LDn0FLw+r5sQKSjAIF+4Ckgy6CkrYSyWLw4oJO24Cdua+6iOAAAWWQ8DWLDRkhQ7DskaGYXs2FSCwZYckBaggaw4FaqwlicIo2HeohJEAmR16FhAyEvsRWE1qusiUEAA
13:30:05: [INFO] Labels prefixes: for rows: 'ROW', for columns: 'COL'
13:30:05: [INFO] Matrix size: 9x5
13:30:06: [INFO] Add COL0 net
13:30:06: [INFO] Add COL1 net
13:30:06: [INFO] Add COL2 net
13:30:06: [INFO] Add COL3 net
13:30:06: [INFO] Add COL4 net
13:30:06: [INFO] Add COL5 net
13:30:06: [INFO] Add Net-(D1-A) net
13:30:06: [INFO] Add Net-(D10-A) net
13:30:06: [INFO] Add Net-(D11-A) net
13:30:06: [INFO] Add Net-(D12-A) net
13:30:06: [INFO] Add Net-(D13-A) net
13:30:06: [INFO] Add Net-(D14-A) net
13:30:06: [INFO] Add Net-(D15-A) net
13:30:06: [INFO] Add Net-(D16-A) net
13:30:06: [INFO] Add Net-(D17-A) net
13:30:06: [INFO] Add Net-(D18-A) net
13:30:06: [INFO] Add Net-(D19-A) net
13:30:06: [INFO] Add Net-(D2-A) net
13:30:06: [INFO] Add Net-(D20-A) net
13:30:06: [INFO] Add Net-(D21-A) net
13:30:06: [INFO] Add Net-(D22-A) net
13:30:06: [INFO] Add Net-(D23-A) net
13:30:06: [INFO] Add Net-(D24-A) net
13:30:06: [INFO] Add Net-(D25-A) net
13:30:06: [INFO] Add Net-(D26-A) net
13:30:06: [INFO] Add Net-(D27-A) net
13:30:06: [INFO] Add Net-(D28-A) net
13:30:06: [INFO] Add Net-(D29-A) net
13:30:06: [INFO] Add Net-(D3-A) net
13:30:06: [INFO] Add Net-(D30-A) net
13:30:06: [INFO] Add Net-(D31-A) net
13:30:06: [INFO] Add Net-(D32-A) net
13:30:06: [INFO] Add Net-(D33-A) net
13:30:06: [INFO] Add Net-(D34-A) net
13:30:06: [INFO] Add Net-(D35-A) net
13:30:06: [INFO] Add Net-(D36-A) net
13:30:06: [INFO] Add Net-(D37-A) net
13:30:06: [INFO] Add Net-(D38-A) net
13:30:06: [INFO] Add Net-(D39-A) net
13:30:06: [INFO] Add Net-(D4-A) net
13:30:06: [INFO] Add Net-(D40-A) net
13:30:06: [INFO] Add Net-(D41-A) net
13:30:06: [INFO] Add Net-(D42-A) net
13:30:06: [INFO] Add Net-(D43-A) net
13:30:06: [INFO] Add Net-(D44-A) net
13:30:06: [INFO] Add Net-(D45-A) net
13:30:06: [INFO] Add Net-(D46-A) net
13:30:06: [INFO] Add Net-(D47-A) net
13:30:06: [INFO] Add Net-(D48-A) net
13:30:06: [INFO] Add Net-(D49-A) net
13:30:06: [INFO] Add Net-(D5-A) net
13:30:06: [INFO] Add Net-(D50-A) net
13:30:06: [INFO] Add Net-(D51-A) net
13:30:06: [INFO] Add Net-(D52-A) net
13:30:06: [INFO] Add Net-(D53-A) net
13:30:06: [INFO] Add Net-(D54-A) net
13:30:06: [INFO] Add Net-(D55-A) net
13:30:06: [INFO] Add Net-(D56-A) net
13:30:06: [INFO] Add Net-(D57-A) net
13:30:06: [INFO] Add Net-(D58-A) net
13:30:06: [INFO] Add Net-(D6-A) net
13:30:06: [INFO] Add Net-(D7-A) net
13:30:06: [INFO] Add Net-(D8-A) net
13:30:06: [INFO] Add Net-(D9-A) net
13:30:06: [INFO] Add ROW0 net
13:30:06: [INFO] Add ROW1 net
13:30:06: [INFO] Add ROW2 net
13:30:06: [INFO] Add ROW3 net
13:30:06: [INFO] Add ROW4 net
13:30:06: [INFO] Add ROW5 net
13:30:06: [INFO] Add ROW6 net
13:30:06: [INFO] Add ROW7 net
13:30:06: [INFO] Add ROW8 net
13:30:06: [INFO] Add ROW9 net
13:30:06: [INFO] Add SW1 footprint
13:30:06: [INFO] Add D1 footprint
13:30:06: [INFO] Add SW2 footprint
13:30:06: [INFO] Add D2 footprint
13:30:06: [INFO] Add SW3 footprint
13:30:06: [INFO] Add D3 footprint
13:30:06: [INFO] Add SW4 footprint
13:30:06: [INFO] Add D4 footprint
13:30:06: [INFO] Add SW5 footprint
13:30:06: [INFO] Add D5 footprint
13:30:06: [INFO] Add SW6 footprint
13:30:06: [INFO] Add D6 footprint
13:30:06: [INFO] Add SW7 footprint
13:30:06: [INFO] Add D7 footprint
13:30:06: [INFO] Add SW8 footprint
13:30:06: [INFO] Add D8 footprint
13:30:06: [INFO] Add SW9 footprint
13:30:06: [INFO] Add D9 footprint
13:30:06: [INFO] Add SW10 footprint
13:30:06: [INFO] Add D10 footprint
13:30:06: [INFO] Add SW11 footprint
13:30:07: [INFO] Add D11 footprint
13:30:07: [INFO] Add SW12 footprint
13:30:07: [INFO] Add D12 footprint
13:30:07: [INFO] Add SW13 footprint
13:30:07: [INFO] Add D13 footprint
13:30:07: [INFO] Add SW14 footprint
13:30:07: [INFO] Add D14 footprint
13:30:07: [INFO] Add SW15 footprint
13:30:07: [INFO] Add D15 footprint
13:30:07: [INFO] Add SW16 footprint
13:30:07: [INFO] Add D16 footprint
13:30:07: [INFO] Add SW17 footprint
13:30:07: [INFO] Add D17 footprint
13:30:07: [INFO] Add SW18 footprint
13:30:07: [INFO] Add D18 footprint
13:30:07: [INFO] Add SW19 footprint
13:30:07: [INFO] Add D19 footprint
13:30:07: [INFO] Add SW20 footprint
13:30:07: [INFO] Add D20 footprint
13:30:07: [INFO] Add SW21 footprint
13:30:07: [INFO] Add D21 footprint
13:30:07: [INFO] Add SW22 footprint
13:30:07: [INFO] Add D22 footprint
13:30:07: [INFO] Add SW23 footprint
13:30:07: [INFO] Add D23 footprint
13:30:07: [INFO] Add SW24 footprint
13:30:07: [INFO] Add D24 footprint
13:30:07: [INFO] Add SW25 footprint
13:30:07: [INFO] Add D25 footprint
13:30:07: [INFO] Add SW26 footprint
13:30:07: [INFO] Add D26 footprint
13:30:07: [INFO] Add SW27 footprint
13:30:08: [INFO] Add D27 footprint
13:30:08: [INFO] Add SW28 footprint
13:30:08: [INFO] Add D28 footprint
13:30:08: [INFO] Add SW29 footprint
13:30:08: [INFO] Add D29 footprint
13:30:08: [INFO] Add SW30 footprint
13:30:08: [INFO] Add D30 footprint
13:30:08: [INFO] Add SW31 footprint
13:30:08: [INFO] Add D31 footprint
13:30:08: [INFO] Add SW32 footprint
13:30:08: [INFO] Add D32 footprint
13:30:08: [INFO] Add SW33 footprint
13:30:08: [INFO] Add D33 footprint
13:30:08: [INFO] Add SW34 footprint
13:30:08: [INFO] Add D34 footprint
13:30:08: [INFO] Add SW35 footprint
13:30:08: [INFO] Add D35 footprint
13:30:08: [INFO] Add SW36 footprint
13:30:08: [INFO] Add D36 footprint
13:30:08: [INFO] Add SW37 footprint
13:30:08: [INFO] Add D37 footprint
13:30:08: [INFO] Add SW38 footprint
13:30:08: [INFO] Add D38 footprint
13:30:08: [INFO] Add SW39 footprint
13:30:08: [INFO] Add D39 footprint
13:30:08: [INFO] Add SW40 footprint
13:30:08: [INFO] Add D40 footprint
13:30:08: [INFO] Add SW41 footprint
13:30:08: [INFO] Add D41 footprint
13:30:08: [INFO] Add SW42 footprint
13:30:08: [INFO] Add D42 footprint
13:30:08: [INFO] Add SW43 footprint
13:30:09: [INFO] Add D43 footprint
13:30:09: [INFO] Add SW44 footprint
13:30:09: [INFO] Add D44 footprint
13:30:09: [INFO] Add SW45 footprint
13:30:09: [INFO] Add D45 footprint
13:30:09: [INFO] Add SW46 footprint
13:30:09: [INFO] Add D46 footprint
13:30:09: [INFO] Add SW47 footprint
13:30:09: [INFO] Add D47 footprint
13:30:09: [INFO] Add SW48 footprint
13:30:09: [INFO] Add D48 footprint
13:30:09: [INFO] Add SW49 footprint
13:30:09: [INFO] Add D49 footprint
13:30:09: [INFO] Add SW50 footprint
13:30:09: [INFO] Add D50 footprint
13:30:09: [INFO] Add SW51 footprint
13:30:09: [INFO] Add D51 footprint
13:30:09: [INFO] Add SW52 footprint
13:30:09: [INFO] Add D52 footprint
13:30:09: [INFO] Add SW53 footprint
13:30:09: [INFO] Add D53 footprint
13:30:09: [INFO] Add SW54 footprint
13:30:09: [INFO] Add D54 footprint
13:30:09: [INFO] Add SW55 footprint
13:30:09: [INFO] Add D55 footprint
13:30:09: [INFO] Add SW56 footprint
13:30:09: [INFO] Add D56 footprint
13:30:09: [INFO] Add SW57 footprint
13:30:09: [INFO] Add D57 footprint
13:30:09: [INFO] Add SW58 footprint
13:30:10: [INFO] Add D58 footprint
13:30:10: [INFO] Detected layout convertible to matrix annotated keyboard
13:30:10: [INFO] Using key 1U distance: (19.05, 19.05) mm
13:30:10: [INFO] Layout offset: (28575000, 28575000)
13:30:10: [INFO] Diode info: [ElementInfo(annotation_format='D{}', position_option=<PositionOption.CUSTOM: 'Custom'>, position=ElementPosition(x=5.08, y=4.0, orientation=90.0, side=<Side.BACK: 'Back'>), template_path='', start_index=-1)]
13:30:10: [INFO] Placing additional elements for SW58
13:30:10: [INFO] Placing additional elements for SW57
13:30:10: [INFO] Placing additional elements for SW56
13:30:10: [INFO] Placing additional elements for SW55
13:30:10: [INFO] Placing additional elements for SW54
13:30:10: [INFO] Placing additional elements for SW53
13:30:10: [INFO] Placing additional elements for SW52
13:30:10: [INFO] Placing additional elements for SW51
13:30:10: [INFO] Placing additional elements for SW50
13:30:10: [INFO] Placing additional elements for SW49
13:30:10: [INFO] Placing additional elements for SW48
13:30:10: [INFO] Placing additional elements for SW47
13:30:10: [INFO] Placing additional elements for SW46
13:30:10: [INFO] Placing additional elements for SW45
13:30:10: [INFO] Placing additional elements for SW44
13:30:10: [INFO] Placing additional elements for SW43
13:30:10: [INFO] Placing additional elements for SW42
13:30:10: [INFO] Placing additional elements for SW41
13:30:10: [INFO] Placing additional elements for SW40
13:30:10: [INFO] Placing additional elements for SW39
13:30:10: [INFO] Placing additional elements for SW38
13:30:10: [INFO] Placing additional elements for SW37
13:30:10: [INFO] Placing additional elements for SW36
13:30:10: [INFO] Placing additional elements for SW35
13:30:10: [INFO] Placing additional elements for SW34
13:30:10: [INFO] Placing additional elements for SW33
13:30:10: [INFO] Placing additional elements for SW32
13:30:10: [INFO] Placing additional elements for SW31
13:30:10: [INFO] Placing additional elements for SW30
13:30:10: [INFO] Placing additional elements for SW29
13:30:10: [INFO] Placing additional elements for SW28
13:30:10: [INFO] Placing additional elements for SW27
13:30:10: [INFO] Placing additional elements for SW26
13:30:10: [INFO] Placing additional elements for SW25
13:30:10: [INFO] Placing additional elements for SW24
13:30:10: [INFO] Placing additional elements for SW23
13:30:10: [INFO] Placing additional elements for SW22
13:30:10: [INFO] Placing additional elements for SW21
13:30:10: [INFO] Placing additional elements for SW20
13:30:10: [INFO] Placing additional elements for SW19
13:30:10: [INFO] Placing additional elements for SW18
13:30:10: [INFO] Placing additional elements for SW17
13:30:10: [INFO] Placing additional elements for SW16
13:30:10: [INFO] Placing additional elements for SW15
13:30:10: [INFO] Placing additional elements for SW14
13:30:10: [INFO] Placing additional elements for SW13
13:30:10: [INFO] Placing additional elements for SW12
13:30:10: [INFO] Placing additional elements for SW11
13:30:10: [INFO] Placing additional elements for SW10
13:30:10: [INFO] Placing additional elements for SW9
13:30:10: [INFO] Placing additional elements for SW8
13:30:10: [INFO] Placing additional elements for SW7
13:30:10: [INFO] Placing additional elements for SW6
13:30:10: [INFO] Placing additional elements for SW5
13:30:10: [INFO] Placing additional elements for SW4
13:30:10: [INFO] Placing additional elements for SW3
13:30:10: [INFO] Placing additional elements for SW2
13:30:10: [INFO] Placing additional elements for SW1
13:30:10: [INFO] Routing SW58 with D58
13:30:10: [INFO] Using internal autorouter method
13:30:10: [INFO] Routing pad 'SW58:2' at (185739137, 137205591) with pad 'D58:2' at (191778841, 142586665) using coordinate system rotated by 330.0 degree(s)
13:30:10: [INFO] Adding track segment (B.Cu): [(185739137, 137205591), (188309135, 141656960)]
13:30:10: [INFO] Adding track segment (B.Cu): [(188309135, 141656960), (191778841, 142586665)]
13:30:10: [INFO] Routing SW57 with D57
13:30:10: [INFO] Using internal autorouter method
13:30:10: [INFO] Routing pad 'SW57:2' at (202236921, 127680591) with pad 'D57:2' at (208276625, 133061665) using coordinate system rotated by 330.0 degree(s)
13:30:10: [INFO] Adding track segment (B.Cu): [(202236921, 127680591), (204806919, 132131960)]
13:30:10: [INFO] Adding track segment (B.Cu): [(204806919, 132131960), (208276625, 133061665)]
13:30:10: [INFO] Routing SW56 with D56
13:30:10: [INFO] Using internal autorouter method
13:30:10: [INFO] Routing pad 'SW56:2' at (231140000, 109220000) with pad 'D56:2' at (233680000, 116900000) using coordinate system rotated by 0 degree(s)
13:30:10: [INFO] Adding track segment (B.Cu): [(231140000, 109220000), (231140000, 114360000)]
13:30:10: [INFO] Adding track segment (B.Cu): [(231140000, 114360000), (233680000, 116900000)]
13:30:10: [INFO] Routing SW55 with D55
13:30:10: [INFO] Using internal autorouter method
13:30:10: [INFO] Routing pad 'SW55:2' at (250190000, 112572800) with pad 'D55:2' at (252730000, 120252800) using coordinate system rotated by 0 degree(s)
13:30:10: [INFO] Adding track segment (B.Cu): [(250190000, 112572800), (250190000, 117712800)]
13:30:10: [INFO] Adding track segment (B.Cu): [(250190000, 117712800), (252730000, 120252800)]
13:30:10: [INFO] Routing SW54 with D54
13:30:10: [INFO] Using internal autorouter method
13:30:10: [INFO] Routing pad 'SW54:2' at (269240000, 115268375) with pad 'D54:2' at (271780000, 122948375) using coordinate system rotated by 0 degree(s)
13:30:10: [INFO] Adding track segment (B.Cu): [(269240000, 115268375), (269240000, 120408375)]
13:30:10: [INFO] Adding track segment (B.Cu): [(269240000, 120408375), (271780000, 122948375)]
13:30:10: [INFO] Routing SW53 with D53
13:30:10: [INFO] Using internal autorouter method
13:30:10: [INFO] Routing pad 'SW53:2' at (193040000, 95504000) with pad 'D53:2' at (195580000, 103184000) using coordinate system rotated by 0 degree(s)
13:30:10: [INFO] Adding track segment (B.Cu): [(193040000, 95504000), (193040000, 100644000)]
13:30:10: [INFO] Adding track segment (B.Cu): [(193040000, 100644000), (195580000, 103184000)]
13:30:10: [INFO] Routing SW52 with D52
13:30:10: [INFO] Using internal autorouter method
13:30:10: [INFO] Routing pad 'SW52:2' at (212090000, 92837000) with pad 'D52:2' at (214630000, 100517000) using coordinate system rotated by 0 degree(s)
13:30:10: [INFO] Adding track segment (B.Cu): [(212090000, 92837000), (212090000, 97977000)]
13:30:10: [INFO] Adding track segment (B.Cu): [(212090000, 97977000), (214630000, 100517000)]
13:30:10: [INFO] Routing SW51 with D51
13:30:10: [INFO] Using internal autorouter method
13:30:10: [INFO] Routing pad 'SW51:2' at (231140000, 90170000) with pad 'D51:2' at (233680000, 97850000) using coordinate system rotated by 0 degree(s)
13:30:10: [INFO] Adding track segment (B.Cu): [(231140000, 90170000), (231140000, 95310000)]
13:30:10: [INFO] Adding track segment (B.Cu): [(231140000, 95310000), (233680000, 97850000)]
13:30:10: [INFO] Routing SW50 with D50
13:30:10: [INFO] Using internal autorouter method
13:30:10: [INFO] Routing pad 'SW50:2' at (250190000, 93522800) with pad 'D50:2' at (252730000, 101202800) using coordinate system rotated by 0 degree(s)
13:30:10: [INFO] Adding track segment (B.Cu): [(250190000, 93522800), (250190000, 98662800)]
13:30:10: [INFO] Adding track segment (B.Cu): [(250190000, 98662800), (252730000, 101202800)]
13:30:10: [INFO] Routing SW49 with D49
13:30:10: [INFO] Using internal autorouter method
13:30:10: [INFO] Routing pad 'SW49:2' at (269240000, 96218375) with pad 'D49:2' at (271780000, 103898375) using coordinate system rotated by 0 degree(s)
13:30:10: [INFO] Adding track segment (B.Cu): [(269240000, 96218375), (269240000, 101358375)]
13:30:10: [INFO] Adding track segment (B.Cu): [(269240000, 101358375), (271780000, 103898375)]
13:30:10: [INFO] Routing SW48 with D48
13:30:10: [INFO] Using internal autorouter method
13:30:10: [INFO] Routing pad 'SW48:2' at (288290000, 107886500) with pad 'D48:2' at (290830000, 115566500) using coordinate system rotated by 0 degree(s)
13:30:10: [INFO] Adding track segment (B.Cu): [(288290000, 107886500), (288290000, 113026500)]
13:30:10: [INFO] Adding track segment (B.Cu): [(288290000, 113026500), (290830000, 115566500)]
13:30:10: [INFO] Routing SW47 with D47
13:30:10: [INFO] Using internal autorouter method
13:30:10: [INFO] Routing pad 'SW47:2' at (193040000, 76454000) with pad 'D47:2' at (195580000, 84134000) using coordinate system rotated by 0 degree(s)
13:30:10: [INFO] Adding track segment (B.Cu): [(193040000, 76454000), (193040000, 81594000)]
13:30:10: [INFO] Adding track segment (B.Cu): [(193040000, 81594000), (195580000, 84134000)]
13:30:10: [INFO] Routing SW46 with D46
13:30:10: [INFO] Using internal autorouter method
13:30:10: [INFO] Routing pad 'SW46:2' at (212090000, 73787000) with pad 'D46:2' at (214630000, 81467000) using coordinate system rotated by 0 degree(s)
13:30:10: [INFO] Adding track segment (B.Cu): [(212090000, 73787000), (212090000, 78927000)]
13:30:10: [INFO] Adding track segment (B.Cu): [(212090000, 78927000), (214630000, 81467000)]
13:30:10: [INFO] Routing SW45 with D45
13:30:10: [INFO] Using internal autorouter method
13:30:10: [INFO] Routing pad 'SW45:2' at (231140000, 71120000) with pad 'D45:2' at (233680000, 78800000) using coordinate system rotated by 0 degree(s)
13:30:10: [INFO] Adding track segment (B.Cu): [(231140000, 71120000), (231140000, 76260000)]
13:30:10: [INFO] Adding track segment (B.Cu): [(231140000, 76260000), (233680000, 78800000)]
13:30:10: [INFO] Routing SW44 with D44
13:30:10: [INFO] Using internal autorouter method
13:30:10: [INFO] Routing pad 'SW44:2' at (250190000, 74472800) with pad 'D44:2' at (252730000, 82152800) using coordinate system rotated by 0 degree(s)
13:30:10: [INFO] Adding track segment (B.Cu): [(250190000, 74472800), (250190000, 79612800)]
13:30:10: [INFO] Adding track segment (B.Cu): [(250190000, 79612800), (252730000, 82152800)]
13:30:10: [INFO] Routing SW43 with D43
13:30:10: [INFO] Using internal autorouter method
13:30:10: [INFO] Routing pad 'SW43:2' at (269240000, 77168375) with pad 'D43:2' at (271780000, 84848375) using coordinate system rotated by 0 degree(s)
13:30:10: [INFO] Adding track segment (B.Cu): [(269240000, 77168375), (269240000, 82308375)]
13:30:10: [INFO] Adding track segment (B.Cu): [(269240000, 82308375), (271780000, 84848375)]
13:30:10: [INFO] Routing SW42 with D42
13:30:10: [INFO] Using internal autorouter method
13:30:10: [INFO] Routing pad 'SW42:2' at (288290000, 88836500) with pad 'D42:2' at (290830000, 96516500) using coordinate system rotated by 0 degree(s)
13:30:10: [INFO] Adding track segment (B.Cu): [(288290000, 88836500), (288290000, 93976500)]
13:30:10: [INFO] Adding track segment (B.Cu): [(288290000, 93976500), (290830000, 96516500)]
13:30:10: [INFO] Routing SW41 with D41
13:30:10: [INFO] Using internal autorouter method
13:30:10: [INFO] Routing pad 'SW41:2' at (193040000, 57404000) with pad 'D41:2' at (195580000, 65084000) using coordinate system rotated by 0 degree(s)
13:30:10: [INFO] Adding track segment (B.Cu): [(193040000, 57404000), (193040000, 62544000)]
13:30:10: [INFO] Adding track segment (B.Cu): [(193040000, 62544000), (195580000, 65084000)]
13:30:10: [INFO] Routing SW40 with D40
13:30:10: [INFO] Using internal autorouter method
13:30:10: [INFO] Routing pad 'SW40:2' at (212090000, 54737000) with pad 'D40:2' at (214630000, 62417000) using coordinate system rotated by 0 degree(s)
13:30:10: [INFO] Adding track segment (B.Cu): [(212090000, 54737000), (212090000, 59877000)]
13:30:10: [INFO] Adding track segment (B.Cu): [(212090000, 59877000), (214630000, 62417000)]
13:30:10: [INFO] Routing SW39 with D39
13:30:10: [INFO] Using internal autorouter method
13:30:10: [INFO] Routing pad 'SW39:2' at (231140000, 52070000) with pad 'D39:2' at (233680000, 59750000) using coordinate system rotated by 0 degree(s)
13:30:10: [INFO] Adding track segment (B.Cu): [(231140000, 52070000), (231140000, 57210000)]
13:30:10: [INFO] Adding track segment (B.Cu): [(231140000, 57210000), (233680000, 59750000)]
13:30:10: [INFO] Routing SW38 with D38
13:30:10: [INFO] Using internal autorouter method
13:30:10: [INFO] Routing pad 'SW38:2' at (250190000, 55422800) with pad 'D38:2' at (252730000, 63102800) using coordinate system rotated by 0 degree(s)
13:30:10: [INFO] Adding track segment (B.Cu): [(250190000, 55422800), (250190000, 60562800)]
13:30:10: [INFO] Adding track segment (B.Cu): [(250190000, 60562800), (252730000, 63102800)]
13:30:10: [INFO] Routing SW37 with D37
13:30:10: [INFO] Using internal autorouter method
13:30:10: [INFO] Routing pad 'SW37:2' at (269240000, 58118375) with pad 'D37:2' at (271780000, 65798375) using coordinate system rotated by 0 degree(s)
13:30:10: [INFO] Adding track segment (B.Cu): [(269240000, 58118375), (269240000, 63258375)]
13:30:10: [INFO] Adding track segment (B.Cu): [(269240000, 63258375), (271780000, 65798375)]
13:30:10: [INFO] Routing SW36 with D36
13:30:10: [INFO] Using internal autorouter method
13:30:10: [INFO] Routing pad 'SW36:2' at (288290000, 69786499) with pad 'D36:2' at (290830000, 77466499) using coordinate system rotated by 0 degree(s)
13:30:10: [INFO] Adding track segment (B.Cu): [(288290000, 69786499), (288290000, 74926499)]
13:30:10: [INFO] Adding track segment (B.Cu): [(288290000, 74926499), (290830000, 77466499)]
13:30:10: [INFO] Routing SW35 with D35
13:30:10: [INFO] Using internal autorouter method
13:30:10: [INFO] Routing pad 'SW35:2' at (193040000, 38354000) with pad 'D35:2' at (195580000, 46034000) using coordinate system rotated by 0 degree(s)
13:30:10: [INFO] Adding track segment (B.Cu): [(193040000, 38354000), (193040000, 43494000)]
13:30:10: [INFO] Adding track segment (B.Cu): [(193040000, 43494000), (195580000, 46034000)]
13:30:10: [INFO] Routing SW34 with D34
13:30:10: [INFO] Using internal autorouter method
13:30:10: [INFO] Routing pad 'SW34:2' at (212090000, 35687000) with pad 'D34:2' at (214630000, 43367000) using coordinate system rotated by 0 degree(s)
13:30:10: [INFO] Adding track segment (B.Cu): [(212090000, 35687000), (212090000, 40827000)]
13:30:10: [INFO] Adding track segment (B.Cu): [(212090000, 40827000), (214630000, 43367000)]
13:30:10: [INFO] Routing SW33 with D33
13:30:10: [INFO] Using internal autorouter method
13:30:10: [INFO] Routing pad 'SW33:2' at (231140000, 33020000) with pad 'D33:2' at (233680000, 40700000) using coordinate system rotated by 0 degree(s)
13:30:10: [INFO] Adding track segment (B.Cu): [(231140000, 33020000), (231140000, 38160000)]
13:30:10: [INFO] Adding track segment (B.Cu): [(231140000, 38160000), (233680000, 40700000)]
13:30:10: [INFO] Routing SW32 with D32
13:30:10: [INFO] Using internal autorouter method
13:30:10: [INFO] Routing pad 'SW32:2' at (250190000, 36372799) with pad 'D32:2' at (252730000, 44052799) using coordinate system rotated by 0 degree(s)
13:30:10: [INFO] Adding track segment (B.Cu): [(250190000, 36372799), (250190000, 41512799)]
13:30:10: [INFO] Adding track segment (B.Cu): [(250190000, 41512799), (252730000, 44052799)]
13:30:10: [INFO] Routing SW31 with D31
13:30:10: [INFO] Using internal autorouter method
13:30:10: [INFO] Routing pad 'SW31:2' at (269240000, 39068375) with pad 'D31:2' at (271780000, 46748375) using coordinate system rotated by 0 degree(s)
13:30:10: [INFO] Adding track segment (B.Cu): [(269240000, 39068375), (269240000, 44208375)]
13:30:10: [INFO] Adding track segment (B.Cu): [(269240000, 44208375), (271780000, 46748375)]
13:30:10: [INFO] Routing SW30 with D30
13:30:10: [INFO] Using internal autorouter method
13:30:10: [INFO] Routing pad 'SW30:2' at (288290000, 50736500) with pad 'D30:2' at (290830000, 58416500) using coordinate system rotated by 0 degree(s)
13:30:10: [INFO] Adding track segment (B.Cu): [(288290000, 50736500), (288290000, 55876500)]
13:30:10: [INFO] Adding track segment (B.Cu): [(288290000, 55876500), (290830000, 58416500)]
13:30:10: [INFO] Routing SW29 with D29
13:30:10: [INFO] Using internal autorouter method
13:30:10: [INFO] Routing pad 'SW29:2' at (142510273, 139745591) with pad 'D29:2' at (140869977, 147666665) using coordinate system rotated by 30.0 degree(s)
13:30:10: [INFO] Adding track segment (B.Cu): [(142510273, 139745591), (139940272, 144196961)]
13:30:10: [INFO] Adding track segment (B.Cu): [(139940272, 144196961), (140869977, 147666665)]
13:30:10: [INFO] Routing SW28 with D28
13:30:10: [INFO] Using internal autorouter method
13:30:10: [INFO] Routing pad 'SW28:2' at (126012489, 130220591) with pad 'D28:2' at (124372193, 138141665) using coordinate system rotated by 30.0 degree(s)
13:30:10: [INFO] Adding track segment (B.Cu): [(126012489, 130220591), (123442489, 134671961)]
13:30:10: [INFO] Adding track segment (B.Cu): [(123442489, 134671961), (124372193, 138141665)]
13:30:10: [INFO] Routing SW27 with D27
13:30:10: [INFO] Using internal autorouter method
13:30:10: [INFO] Routing pad 'SW27:2' at (97790000, 109220000) with pad 'D27:2' at (100330000, 116900000) using coordinate system rotated by 0 degree(s)
13:30:10: [INFO] Adding track segment (B.Cu): [(97790000, 109220000), (97790000, 114360000)]
13:30:10: [INFO] Adding track segment (B.Cu): [(97790000, 114360000), (100330000, 116900000)]
13:30:10: [INFO] Routing SW26 with D26
13:30:10: [INFO] Using internal autorouter method
13:30:10: [INFO] Routing pad 'SW26:2' at (78740000, 112572800) with pad 'D26:2' at (81280000, 120252800) using coordinate system rotated by 0 degree(s)
13:30:10: [INFO] Adding track segment (B.Cu): [(78740000, 112572800), (78740000, 117712800)]
13:30:10: [INFO] Adding track segment (B.Cu): [(78740000, 117712800), (81280000, 120252800)]
13:30:10: [INFO] Routing SW25 with D25
13:30:10: [INFO] Using internal autorouter method
13:30:10: [INFO] Routing pad 'SW25:2' at (59690000, 115268375) with pad 'D25:2' at (62230000, 122948375) using coordinate system rotated by 0 degree(s)
13:30:10: [INFO] Adding track segment (B.Cu): [(59690000, 115268375), (59690000, 120408375)]
13:30:10: [INFO] Adding track segment (B.Cu): [(59690000, 120408375), (62230000, 122948375)]
13:30:10: [INFO] Routing SW24 with D24
13:30:10: [INFO] Using internal autorouter method
13:30:10: [INFO] Routing pad 'SW24:2' at (135890000, 95504000) with pad 'D24:2' at (138430000, 103184000) using coordinate system rotated by 0 degree(s)
13:30:10: [INFO] Adding track segment (B.Cu): [(135890000, 95504000), (135890000, 100644000)]
13:30:10: [INFO] Adding track segment (B.Cu): [(135890000, 100644000), (138430000, 103184000)]
13:30:10: [INFO] Routing SW23 with D23
13:30:10: [INFO] Using internal autorouter method
13:30:10: [INFO] Routing pad 'SW23:2' at (116840000, 92837000) with pad 'D23:2' at (119380000, 100517000) using coordinate system rotated by 0 degree(s)
13:30:10: [INFO] Adding track segment (B.Cu): [(116840000, 92837000), (116840000, 97977000)]
13:30:10: [INFO] Adding track segment (B.Cu): [(116840000, 97977000), (119380000, 100517000)]
13:30:10: [INFO] Routing SW22 with D22
13:30:10: [INFO] Using internal autorouter method
13:30:10: [INFO] Routing pad 'SW22:2' at (97790000, 90170000) with pad 'D22:2' at (100330000, 97850000) using coordinate system rotated by 0 degree(s)
13:30:10: [INFO] Adding track segment (B.Cu): [(97790000, 90170000), (97790000, 95310000)]
13:30:10: [INFO] Adding track segment (B.Cu): [(97790000, 95310000), (100330000, 97850000)]
13:30:10: [INFO] Routing SW21 with D21
13:30:10: [INFO] Using internal autorouter method
13:30:10: [INFO] Routing pad 'SW21:2' at (78740000, 93522800) with pad 'D21:2' at (81280000, 101202800) using coordinate system rotated by 0 degree(s)
13:30:10: [INFO] Adding track segment (B.Cu): [(78740000, 93522800), (78740000, 98662800)]
13:30:10: [INFO] Adding track segment (B.Cu): [(78740000, 98662800), (81280000, 101202800)]
13:30:10: [INFO] Routing SW20 with D20
13:30:10: [INFO] Using internal autorouter method
13:30:10: [INFO] Routing pad 'SW20:2' at (59690000, 96218375) with pad 'D20:2' at (62230000, 103898375) using coordinate system rotated by 0 degree(s)
13:30:10: [INFO] Adding track segment (B.Cu): [(59690000, 96218375), (59690000, 101358375)]
13:30:10: [INFO] Adding track segment (B.Cu): [(59690000, 101358375), (62230000, 103898375)]
13:30:10: [INFO] Routing SW19 with D19
13:30:10: [INFO] Using internal autorouter method
13:30:10: [INFO] Routing pad 'SW19:2' at (40640000, 107886500) with pad 'D19:2' at (43180000, 115566500) using coordinate system rotated by 0 degree(s)
13:30:10: [INFO] Adding track segment (B.Cu): [(40640000, 107886500), (40640000, 113026500)]
13:30:10: [INFO] Adding track segment (B.Cu): [(40640000, 113026500), (43180000, 115566500)]
13:30:10: [INFO] Routing SW18 with D18
13:30:10: [INFO] Using internal autorouter method
13:30:10: [INFO] Routing pad 'SW18:2' at (135890000, 76454000) with pad 'D18:2' at (138430000, 84134000) using coordinate system rotated by 0 degree(s)
13:30:10: [INFO] Adding track segment (B.Cu): [(135890000, 76454000), (135890000, 81594000)]
13:30:10: [INFO] Adding track segment (B.Cu): [(135890000, 81594000), (138430000, 84134000)]
13:30:10: [INFO] Routing SW17 with D17
13:30:10: [INFO] Using internal autorouter method
13:30:10: [INFO] Routing pad 'SW17:2' at (116840000, 73787000) with pad 'D17:2' at (119380000, 81467000) using coordinate system rotated by 0 degree(s)
13:30:10: [INFO] Adding track segment (B.Cu): [(116840000, 73787000), (116840000, 78927000)]
13:30:10: [INFO] Adding track segment (B.Cu): [(116840000, 78927000), (119380000, 81467000)]
13:30:10: [INFO] Routing SW16 with D16
13:30:10: [INFO] Using internal autorouter method
13:30:10: [INFO] Routing pad 'SW16:2' at (97790000, 71120000) with pad 'D16:2' at (100330000, 78800000) using coordinate system rotated by 0 degree(s)
13:30:10: [INFO] Adding track segment (B.Cu): [(97790000, 71120000), (97790000, 76260000)]
13:30:10: [INFO] Adding track segment (B.Cu): [(97790000, 76260000), (100330000, 78800000)]
13:30:10: [INFO] Routing SW15 with D15
13:30:10: [INFO] Using internal autorouter method
13:30:10: [INFO] Routing pad 'SW15:2' at (78740000, 74472800) with pad 'D15:2' at (81280000, 82152800) using coordinate system rotated by 0 degree(s)
13:30:10: [INFO] Adding track segment (B.Cu): [(78740000, 74472800), (78740000, 79612800)]
13:30:10: [INFO] Adding track segment (B.Cu): [(78740000, 79612800), (81280000, 82152800)]
13:30:10: [INFO] Routing SW14 with D14
13:30:10: [INFO] Using internal autorouter method
13:30:10: [INFO] Routing pad 'SW14:2' at (59690000, 77168375) with pad 'D14:2' at (62230000, 84848375) using coordinate system rotated by 0 degree(s)
13:30:10: [INFO] Adding track segment (B.Cu): [(59690000, 77168375), (59690000, 82308375)]
13:30:10: [INFO] Adding track segment (B.Cu): [(59690000, 82308375), (62230000, 84848375)]
13:30:10: [INFO] Routing SW13 with D13
13:30:10: [INFO] Using internal autorouter method
13:30:10: [INFO] Routing pad 'SW13:2' at (40640000, 88836500) with pad 'D13:2' at (43180000, 96516500) using coordinate system rotated by 0 degree(s)
13:30:10: [INFO] Adding track segment (B.Cu): [(40640000, 88836500), (40640000, 93976500)]
13:30:10: [INFO] Adding track segment (B.Cu): [(40640000, 93976500), (43180000, 96516500)]
13:30:10: [INFO] Routing SW12 with D12
13:30:10: [INFO] Using internal autorouter method
13:30:10: [INFO] Routing pad 'SW12:2' at (135890000, 57404000) with pad 'D12:2' at (138430000, 65084000) using coordinate system rotated by 0 degree(s)
13:30:10: [INFO] Adding track segment (B.Cu): [(135890000, 57404000), (135890000, 62544000)]
13:30:10: [INFO] Adding track segment (B.Cu): [(135890000, 62544000), (138430000, 65084000)]
13:30:10: [INFO] Routing SW11 with D11
13:30:10: [INFO] Using internal autorouter method
13:30:10: [INFO] Routing pad 'SW11:2' at (116840000, 54737000) with pad 'D11:2' at (119380000, 62417000) using coordinate system rotated by 0 degree(s)
13:30:10: [INFO] Adding track segment (B.Cu): [(116840000, 54737000), (116840000, 59877000)]
13:30:10: [INFO] Adding track segment (B.Cu): [(116840000, 59877000), (119380000, 62417000)]
13:30:10: [INFO] Routing SW10 with D10
13:30:10: [INFO] Using internal autorouter method
13:30:10: [INFO] Routing pad 'SW10:2' at (97790000, 52070000) with pad 'D10:2' at (100330000, 59750000) using coordinate system rotated by 0 degree(s)
13:30:10: [INFO] Adding track segment (B.Cu): [(97790000, 52070000), (97790000, 57210000)]
13:30:10: [INFO] Adding track segment (B.Cu): [(97790000, 57210000), (100330000, 59750000)]
13:30:10: [INFO] Routing SW9 with D9
13:30:10: [INFO] Using internal autorouter method
13:30:10: [INFO] Routing pad 'SW9:2' at (78740000, 55422800) with pad 'D9:2' at (81280000, 63102800) using coordinate system rotated by 0 degree(s)
13:30:10: [INFO] Adding track segment (B.Cu): [(78740000, 55422800), (78740000, 60562800)]
13:30:10: [INFO] Adding track segment (B.Cu): [(78740000, 60562800), (81280000, 63102800)]
13:30:10: [INFO] Routing SW8 with D8
13:30:10: [INFO] Using internal autorouter method
13:30:10: [INFO] Routing pad 'SW8:2' at (59690000, 58118375) with pad 'D8:2' at (62230000, 65798375) using coordinate system rotated by 0 degree(s)
13:30:10: [INFO] Adding track segment (B.Cu): [(59690000, 58118375), (59690000, 63258375)]
13:30:10: [INFO] Adding track segment (B.Cu): [(59690000, 63258375), (62230000, 65798375)]
13:30:10: [INFO] Routing SW7 with D7
13:30:10: [INFO] Using internal autorouter method
13:30:10: [INFO] Routing pad 'SW7:2' at (40640000, 69786499) with pad 'D7:2' at (43180000, 77466499) using coordinate system rotated by 0 degree(s)
13:30:10: [INFO] Adding track segment (B.Cu): [(40640000, 69786499), (40640000, 74926499)]
13:30:10: [INFO] Adding track segment (B.Cu): [(40640000, 74926499), (43180000, 77466499)]
13:30:10: [INFO] Routing SW6 with D6
13:30:10: [INFO] Using internal autorouter method
13:30:10: [INFO] Routing pad 'SW6:2' at (135890000, 38354000) with pad 'D6:2' at (138430000, 46034000) using coordinate system rotated by 0 degree(s)
13:30:10: [INFO] Adding track segment (B.Cu): [(135890000, 38354000), (135890000, 43494000)]
13:30:10: [INFO] Adding track segment (B.Cu): [(135890000, 43494000), (138430000, 46034000)]
13:30:10: [INFO] Routing SW5 with D5
13:30:10: [INFO] Using internal autorouter method
13:30:10: [INFO] Routing pad 'SW5:2' at (116840000, 35687000) with pad 'D5:2' at (119380000, 43367000) using coordinate system rotated by 0 degree(s)
13:30:10: [INFO] Adding track segment (B.Cu): [(116840000, 35687000), (116840000, 40827000)]
13:30:10: [INFO] Adding track segment (B.Cu): [(116840000, 40827000), (119380000, 43367000)]
13:30:10: [INFO] Routing SW4 with D4
13:30:10: [INFO] Using internal autorouter method
13:30:10: [INFO] Routing pad 'SW4:2' at (97790000, 33020000) with pad 'D4:2' at (100330000, 40700000) using coordinate system rotated by 0 degree(s)
13:30:10: [INFO] Adding track segment (B.Cu): [(97790000, 33020000), (97790000, 38160000)]
13:30:10: [INFO] Adding track segment (B.Cu): [(97790000, 38160000), (100330000, 40700000)]
13:30:10: [INFO] Routing SW3 with D3
13:30:10: [INFO] Using internal autorouter method
13:30:10: [INFO] Routing pad 'SW3:2' at (78740000, 36372799) with pad 'D3:2' at (81280000, 44052799) using coordinate system rotated by 0 degree(s)
13:30:10: [INFO] Adding track segment (B.Cu): [(78740000, 36372799), (78740000, 41512799)]
13:30:10: [INFO] Adding track segment (B.Cu): [(78740000, 41512799), (81280000, 44052799)]
13:30:10: [INFO] Routing SW2 with D2
13:30:10: [INFO] Using internal autorouter method
13:30:10: [INFO] Routing pad 'SW2:2' at (59690000, 39068375) with pad 'D2:2' at (62230000, 46748375) using coordinate system rotated by 0 degree(s)
13:30:10: [INFO] Adding track segment (B.Cu): [(59690000, 39068375), (59690000, 44208375)]
13:30:10: [INFO] Adding track segment (B.Cu): [(59690000, 44208375), (62230000, 46748375)]
13:30:10: [INFO] Routing SW1 with D1
13:30:10: [INFO] Using internal autorouter method
13:30:10: [INFO] Routing pad 'SW1:2' at (40640000, 50736500) with pad 'D1:2' at (43180000, 58416500) using coordinate system rotated by 0 degree(s)
13:30:11: [INFO] Adding track segment (B.Cu): [(40640000, 50736500), (40640000, 55876500)]
13:30:11: [INFO] Adding track segment (B.Cu): [(40640000, 55876500), (43180000, 58416500)]
13:30:11: [INFO] Routing ROW7 pads
13:30:11: [INFO] Routing pad 'D47:1' at (195580000, 86934000) with pad 'D46:1' at (214630000, 84267000) using coordinate system rotated by 0 degree(s)
13:30:11: [INFO] Adding track segment (B.Cu): [(195580000, 86934000), (211963000, 86934000)]
13:30:11: [INFO] Adding track segment (B.Cu): [(211963000, 86934000), (214630000, 84267000)]
13:30:11: [INFO] Routing pad 'D46:1' at (214630000, 84267000) with pad 'D45:1' at (233680000, 81600000) using coordinate system rotated by 0 degree(s)
13:30:11: [INFO] Adding track segment (B.Cu): [(214630000, 84267000), (231013000, 84267000)]
13:30:11: [INFO] Adding track segment (B.Cu): [(231013000, 84267000), (233680000, 81600000)]
13:30:11: [INFO] Routing pad 'D45:1' at (233680000, 81600000) with pad 'D44:1' at (252730000, 84952800) using coordinate system rotated by 0 degree(s)
13:30:11: [INFO] Adding track segment (B.Cu): [(233680000, 81600000), (237032800, 84952800)]
13:30:11: [INFO] Adding track segment (B.Cu): [(237032800, 84952800), (252730000, 84952800)]
13:30:11: [INFO] Routing pad 'D44:1' at (252730000, 84952800) with pad 'D43:1' at (271780000, 87648375) using coordinate system rotated by 0 degree(s)
13:30:11: [INFO] Adding track segment (B.Cu): [(252730000, 84952800), (269084425, 84952800)]
13:30:11: [INFO] Adding track segment (B.Cu): [(269084425, 84952800), (271780000, 87648375)]
13:30:11: [INFO] Routing pad 'D43:1' at (271780000, 87648375) with pad 'D42:1' at (290830000, 99316500) using coordinate system rotated by 0 degree(s)
13:30:11: [INFO] Adding track segment (B.Cu): [(271780000, 87648375), (283448125, 99316500)]
13:30:11: [INFO] Adding track segment (B.Cu): [(283448125, 99316500), (290830000, 99316500)]
13:30:11: [INFO] Routing ROW4 pads
13:30:11: [INFO] Routing pad 'D25:1' at (62230000, 125748375) with pad 'D26:1' at (81280000, 123052800) using coordinate system rotated by 0 degree(s)
13:30:11: [INFO] Adding track segment (B.Cu): [(62230000, 125748375), (78584425, 125748375)]
13:30:11: [INFO] Adding track segment (B.Cu): [(78584425, 125748375), (81280000, 123052800)]
13:30:11: [INFO] Routing pad 'D26:1' at (81280000, 123052800) with pad 'D27:1' at (100330000, 119700000) using coordinate system rotated by 0 degree(s)
13:30:11: [INFO] Adding track segment (B.Cu): [(81280000, 123052800), (96977200, 123052800)]
13:30:11: [INFO] Adding track segment (B.Cu): [(96977200, 123052800), (100330000, 119700000)]
13:30:11: [WARNING] Could not route pads when parent footprints not rotated the same, footprint1: D27 at 90.0 degree(s) and footprint2: D28 at 60.0 degree(s)
13:30:11: [INFO] Routing pad 'D28:1' at (122972193, 140566537) with pad 'D29:1' at (139469977, 150091537) using coordinate system rotated by 300.0 degree(s)
13:30:11: [INFO] Adding track segment (B.Cu): [(122972193, 140566537), (139469976, 150091536)]
13:30:11: [INFO] Adding track segment (B.Cu): [(139469976, 150091536), (139469977, 150091537)]
13:30:11: [INFO] Routing ROW5 pads
13:30:11: [INFO] Routing pad 'D35:1' at (195580000, 48834000) with pad 'D34:1' at (214630000, 46167000) using coordinate system rotated by 0 degree(s)
13:30:11: [INFO] Adding track segment (B.Cu): [(195580000, 48834000), (211963000, 48834000)]
13:30:11: [INFO] Adding track segment (B.Cu): [(211963000, 48834000), (214630000, 46167000)]
13:30:11: [INFO] Routing pad 'D34:1' at (214630000, 46167000) with pad 'D33:1' at (233680000, 43500000) using coordinate system rotated by 0 degree(s)
13:30:11: [INFO] Adding track segment (B.Cu): [(214630000, 46167000), (231013000, 46167000)]
13:30:11: [INFO] Adding track segment (B.Cu): [(231013000, 46167000), (233680000, 43500000)]
13:30:11: [INFO] Routing pad 'D33:1' at (233680000, 43500000) with pad 'D32:1' at (252730000, 46852799) using coordinate system rotated by 0 degree(s)
13:30:11: [INFO] Adding track segment (B.Cu): [(233680000, 43500000), (237032799, 46852799)]
13:30:11: [INFO] Adding track segment (B.Cu): [(237032799, 46852799), (252730000, 46852799)]
13:30:11: [INFO] Routing pad 'D32:1' at (252730000, 46852799) with pad 'D31:1' at (271780000, 49548375) using coordinate system rotated by 0 degree(s)
13:30:11: [INFO] Adding track segment (B.Cu): [(252730000, 46852799), (269084424, 46852799)]
13:30:11: [INFO] Adding track segment (B.Cu): [(269084424, 46852799), (271780000, 49548375)]
13:30:11: [INFO] Routing pad 'D31:1' at (271780000, 49548375) with pad 'D30:1' at (290830000, 61216500) using coordinate system rotated by 0 degree(s)
13:30:11: [INFO] Adding track segment (B.Cu): [(271780000, 49548375), (283448125, 61216500)]
13:30:11: [INFO] Adding track segment (B.Cu): [(283448125, 61216500), (290830000, 61216500)]
13:30:11: [INFO] Routing ROW2 pads
13:30:11: [INFO] Routing pad 'D13:1' at (43180000, 99316500) with pad 'D14:1' at (62230000, 87648375) using coordinate system rotated by 0 degree(s)
13:30:11: [INFO] Adding track segment (B.Cu): [(43180000, 99316500), (50561875, 99316500)]
13:30:11: [INFO] Adding track segment (B.Cu): [(50561875, 99316500), (62230000, 87648375)]
13:30:11: [INFO] Routing pad 'D14:1' at (62230000, 87648375) with pad 'D15:1' at (81280000, 84952800) using coordinate system rotated by 0 degree(s)
13:30:11: [INFO] Adding track segment (B.Cu): [(62230000, 87648375), (78584425, 87648375)]
13:30:11: [INFO] Adding track segment (B.Cu): [(78584425, 87648375), (81280000, 84952800)]
13:30:11: [INFO] Routing pad 'D15:1' at (81280000, 84952800) with pad 'D16:1' at (100330000, 81600000) using coordinate system rotated by 0 degree(s)
13:30:11: [INFO] Adding track segment (B.Cu): [(81280000, 84952800), (96977200, 84952800)]
13:30:11: [INFO] Adding track segment (B.Cu): [(96977200, 84952800), (100330000, 81600000)]
13:30:11: [INFO] Routing pad 'D16:1' at (100330000, 81600000) with pad 'D17:1' at (119380000, 84267000) using coordinate system rotated by 0 degree(s)
13:30:11: [INFO] Adding track segment (B.Cu): [(100330000, 81600000), (116713000, 81600000)]
13:30:11: [INFO] Adding track segment (B.Cu): [(116713000, 81600000), (119380000, 84267000)]
13:30:11: [INFO] Routing pad 'D17:1' at (119380000, 84267000) with pad 'D18:1' at (138430000, 86934000) using coordinate system rotated by 0 degree(s)
13:30:11: [INFO] Adding track segment (B.Cu): [(119380000, 84267000), (135763000, 84267000)]
13:30:11: [INFO] Adding track segment (B.Cu): [(135763000, 84267000), (138430000, 86934000)]
13:30:11: [INFO] Routing COL5 pads
13:30:11: [INFO] Routing pad 'SW6:1' at (129540000, 40894000) with pad 'SW12:1' at (129540000, 59944000) using coordinate system rotated by 0 degree(s)
13:30:11: [INFO] Adding track segment (F.Cu): [(129540000, 40894000), (129540000, 59944000)]
13:30:11: [INFO] Routing pad 'SW12:1' at (129540000, 59944000) with pad 'SW18:1' at (129540000, 78994000) using coordinate system rotated by 0 degree(s)
13:30:11: [INFO] Adding track segment (F.Cu): [(129540000, 59944000), (129540000, 78994000)]
13:30:11: [INFO] Routing pad 'SW18:1' at (129540000, 78994000) with pad 'SW24:1' at (129540000, 98044000) using coordinate system rotated by 0 degree(s)
13:30:11: [INFO] Adding track segment (F.Cu): [(129540000, 78994000), (129540000, 98044000)]
13:30:11: [WARNING] Could not route pads when parent footprints not rotated the same, footprint1: SW24 at 0.0 degree(s) and footprint2: SW29 at -30.0 degree(s)
13:30:11: [WARNING] Could not route pads when parent footprints not rotated the same, footprint1: SW29 at -30.0 degree(s) and footprint2: SW58 at 30.0 degree(s)
13:30:11: [INFO] Routing pad 'SW41:1' at (186690000, 59944000) with pad 'SW35:1' at (186690000, 40894000) using coordinate system rotated by 0 degree(s)
13:30:11: [INFO] Adding track segment (F.Cu): [(186690000, 59944000), (186690000, 40894000)]
13:30:11: [INFO] Routing pad 'SW47:1' at (186690000, 78994000) with pad 'SW41:1' at (186690000, 59944000) using coordinate system rotated by 0 degree(s)
13:30:11: [INFO] Adding track segment (F.Cu): [(186690000, 78994000), (186690000, 59944000)]
13:30:11: [INFO] Routing pad 'SW53:1' at (186690000, 98044000) with pad 'SW47:1' at (186690000, 78994000) using coordinate system rotated by 0 degree(s)
13:30:11: [INFO] Adding track segment (F.Cu): [(186690000, 98044000), (186690000, 78994000)]
13:30:11: [WARNING] Could not route pads when parent footprints not rotated the same, footprint1: SW58 at 30.0 degree(s) and footprint2: SW53 at 0.0 degree(s)
13:30:11: [INFO] Routing ROW0 pads
13:30:11: [INFO] Routing pad 'D1:1' at (43180000, 61216500) with pad 'D2:1' at (62230000, 49548375) using coordinate system rotated by 0 degree(s)
13:30:11: [INFO] Adding track segment (B.Cu): [(43180000, 61216500), (50561875, 61216500)]
13:30:11: [INFO] Adding track segment (B.Cu): [(50561875, 61216500), (62230000, 49548375)]
13:30:11: [INFO] Routing pad 'D2:1' at (62230000, 49548375) with pad 'D3:1' at (81280000, 46852799) using coordinate system rotated by 0 degree(s)
13:30:11: [INFO] Adding track segment (B.Cu): [(62230000, 49548375), (78584424, 49548375)]
13:30:11: [INFO] Adding track segment (B.Cu): [(78584424, 49548375), (81280000, 46852799)]
13:30:11: [INFO] Routing pad 'D3:1' at (81280000, 46852799) with pad 'D4:1' at (100330000, 43500000) using coordinate system rotated by 0 degree(s)
13:30:11: [INFO] Adding track segment (B.Cu): [(81280000, 46852799), (96977201, 46852799)]
13:30:11: [INFO] Adding track segment (B.Cu): [(96977201, 46852799), (100330000, 43500000)]
13:30:11: [INFO] Routing pad 'D4:1' at (100330000, 43500000) with pad 'D5:1' at (119380000, 46167000) using coordinate system rotated by 0 degree(s)
13:30:11: [INFO] Adding track segment (B.Cu): [(100330000, 43500000), (116713000, 43500000)]
13:30:11: [INFO] Adding track segment (B.Cu): [(116713000, 43500000), (119380000, 46167000)]
13:30:11: [INFO] Routing pad 'D5:1' at (119380000, 46167000) with pad 'D6:1' at (138430000, 48834000) using coordinate system rotated by 0 degree(s)
13:30:11: [INFO] Adding track segment (B.Cu): [(119380000, 46167000), (135763000, 46167000)]
13:30:11: [INFO] Adding track segment (B.Cu): [(135763000, 46167000), (138430000, 48834000)]
13:30:11: [INFO] Routing COL0 pads
13:30:11: [INFO] Routing pad 'SW1:1' at (34290000, 53276500) with pad 'SW7:1' at (34290000, 72326499) using coordinate system rotated by 0 degree(s)
13:30:11: [INFO] Adding track segment (F.Cu): [(34290000, 53276500), (34290000, 72326499)]
13:30:11: [INFO] Routing pad 'SW7:1' at (34290000, 72326499) with pad 'SW13:1' at (34290000, 91376500) using coordinate system rotated by 0 degree(s)
13:30:11: [INFO] Adding track segment (F.Cu): [(34290000, 72326499), (34290000, 91376500)]
13:30:11: [INFO] Routing pad 'SW13:1' at (34290000, 91376500) with pad 'SW19:1' at (34290000, 110426500) using coordinate system rotated by 0 degree(s)
13:30:11: [INFO] Adding track segment (F.Cu): [(34290000, 91376500), (34290000, 110426500)]
13:30:11: [INFO] Routing pad 'SW1:1' at (34290000, 53276500) with pad 'SW30:1' at (281940000, 53276500) using coordinate system rotated by 0 degree(s)
13:30:11: [INFO] Adding track segment (F.Cu): [(34290000, 53276500), (281940000, 53276500)]
13:30:11: [INFO] Could not add track segment due to detected collision
13:30:11: [INFO] Routing pad 'SW30:1' at (281940000, 53276500) with pad 'SW36:1' at (281940000, 72326499) using coordinate system rotated by 0 degree(s)
13:30:11: [INFO] Adding track segment (F.Cu): [(281940000, 53276500), (281940000, 72326499)]
13:30:11: [INFO] Routing pad 'SW36:1' at (281940000, 72326499) with pad 'SW42:1' at (281940000, 91376500) using coordinate system rotated by 0 degree(s)
13:30:11: [INFO] Adding track segment (F.Cu): [(281940000, 72326499), (281940000, 91376500)]
13:30:11: [INFO] Routing pad 'SW42:1' at (281940000, 91376500) with pad 'SW48:1' at (281940000, 110426500) using coordinate system rotated by 0 degree(s)
13:30:11: [INFO] Adding track segment (F.Cu): [(281940000, 91376500), (281940000, 110426500)]
13:30:11: [INFO] Routing ROW1 pads
13:30:11: [INFO] Routing pad 'D7:1' at (43180000, 80266499) with pad 'D8:1' at (62230000, 68598375) using coordinate system rotated by 0 degree(s)
13:30:11: [INFO] Adding track segment (B.Cu): [(43180000, 80266499), (50561876, 80266499)]
13:30:11: [INFO] Adding track segment (B.Cu): [(50561876, 80266499), (62230000, 68598375)]
13:30:11: [INFO] Routing pad 'D8:1' at (62230000, 68598375) with pad 'D9:1' at (81280000, 65902800) using coordinate system rotated by 0 degree(s)
13:30:11: [INFO] Adding track segment (B.Cu): [(62230000, 68598375), (78584425, 68598375)]
13:30:11: [INFO] Adding track segment (B.Cu): [(78584425, 68598375), (81280000, 65902800)]
13:30:11: [INFO] Routing pad 'D9:1' at (81280000, 65902800) with pad 'D10:1' at (100330000, 62550000) using coordinate system rotated by 0 degree(s)
13:30:11: [INFO] Adding track segment (B.Cu): [(81280000, 65902800), (96977200, 65902800)]
13:30:11: [INFO] Adding track segment (B.Cu): [(96977200, 65902800), (100330000, 62550000)]
13:30:11: [INFO] Routing pad 'D10:1' at (100330000, 62550000) with pad 'D11:1' at (119380000, 65217000) using coordinate system rotated by 0 degree(s)
13:30:11: [INFO] Adding track segment (B.Cu): [(100330000, 62550000), (116713000, 62550000)]
13:30:11: [INFO] Adding track segment (B.Cu): [(116713000, 62550000), (119380000, 65217000)]
13:30:11: [INFO] Routing pad 'D11:1' at (119380000, 65217000) with pad 'D12:1' at (138430000, 67884000) using coordinate system rotated by 0 degree(s)
13:30:11: [INFO] Adding track segment (B.Cu): [(119380000, 65217000), (135763000, 65217000)]
13:30:11: [INFO] Adding track segment (B.Cu): [(135763000, 65217000), (138430000, 67884000)]
13:30:11: [INFO] Routing ROW6 pads
13:30:11: [INFO] Routing pad 'D41:1' at (195580000, 67884000) with pad 'D40:1' at (214630000, 65217000) using coordinate system rotated by 0 degree(s)
13:30:11: [INFO] Adding track segment (B.Cu): [(195580000, 67884000), (211963000, 67884000)]
13:30:11: [INFO] Adding track segment (B.Cu): [(211963000, 67884000), (214630000, 65217000)]
13:30:11: [INFO] Routing pad 'D40:1' at (214630000, 65217000) with pad 'D39:1' at (233680000, 62550000) using coordinate system rotated by 0 degree(s)
13:30:11: [INFO] Adding track segment (B.Cu): [(214630000, 65217000), (231013000, 65217000)]
13:30:11: [INFO] Adding track segment (B.Cu): [(231013000, 65217000), (233680000, 62550000)]
13:30:11: [INFO] Routing pad 'D39:1' at (233680000, 62550000) with pad 'D38:1' at (252730000, 65902800) using coordinate system rotated by 0 degree(s)
13:30:11: [INFO] Adding track segment (B.Cu): [(233680000, 62550000), (237032800, 65902800)]
13:30:11: [INFO] Adding track segment (B.Cu): [(237032800, 65902800), (252730000, 65902800)]
13:30:11: [INFO] Routing pad 'D38:1' at (252730000, 65902800) with pad 'D37:1' at (271780000, 68598375) using coordinate system rotated by 0 degree(s)
13:30:11: [INFO] Adding track segment (B.Cu): [(252730000, 65902800), (269084425, 65902800)]
13:30:11: [INFO] Adding track segment (B.Cu): [(269084425, 65902800), (271780000, 68598375)]
13:30:11: [INFO] Routing pad 'D37:1' at (271780000, 68598375) with pad 'D36:1' at (290830000, 80266499) using coordinate system rotated by 0 degree(s)
13:30:11: [INFO] Adding track segment (B.Cu): [(271780000, 68598375), (283448124, 80266499)]
13:30:11: [INFO] Adding track segment (B.Cu): [(283448124, 80266499), (290830000, 80266499)]
13:30:11: [INFO] Routing ROW3 pads
13:30:11: [INFO] Routing pad 'D19:1' at (43180000, 118366500) with pad 'D20:1' at (62230000, 106698375) using coordinate system rotated by 0 degree(s)
13:30:11: [INFO] Adding track segment (B.Cu): [(43180000, 118366500), (50561875, 118366500)]
13:30:11: [INFO] Adding track segment (B.Cu): [(50561875, 118366500), (62230000, 106698375)]
13:30:11: [INFO] Routing pad 'D20:1' at (62230000, 106698375) with pad 'D21:1' at (81280000, 104002800) using coordinate system rotated by 0 degree(s)
13:30:11: [INFO] Adding track segment (B.Cu): [(62230000, 106698375), (78584425, 106698375)]
13:30:11: [INFO] Adding track segment (B.Cu): [(78584425, 106698375), (81280000, 104002800)]
13:30:11: [INFO] Routing pad 'D21:1' at (81280000, 104002800) with pad 'D22:1' at (100330000, 100650000) using coordinate system rotated by 0 degree(s)
13:30:11: [INFO] Adding track segment (B.Cu): [(81280000, 104002800), (96977200, 104002800)]
13:30:11: [INFO] Adding track segment (B.Cu): [(96977200, 104002800), (100330000, 100650000)]
13:30:11: [INFO] Routing pad 'D22:1' at (100330000, 100650000) with pad 'D23:1' at (119380000, 103317000) using coordinate system rotated by 0 degree(s)
13:30:11: [INFO] Adding track segment (B.Cu): [(100330000, 100650000), (116713000, 100650000)]
13:30:11: [INFO] Adding track segment (B.Cu): [(116713000, 100650000), (119380000, 103317000)]
13:30:11: [INFO] Routing pad 'D23:1' at (119380000, 103317000) with pad 'D24:1' at (138430000, 105984000) using coordinate system rotated by 0 degree(s)
13:30:11: [INFO] Adding track segment (B.Cu): [(119380000, 103317000), (135763000, 103317000)]
13:30:11: [INFO] Adding track segment (B.Cu): [(135763000, 103317000), (138430000, 105984000)]
13:30:11: [INFO] Routing ROW9 pads
13:30:11: [INFO] Routing pad 'D58:1' at (193178841, 145011537) with pad 'D57:1' at (209676625, 135486537) using coordinate system rotated by 240.0 degree(s)
13:30:11: [INFO] Adding track segment (B.Cu): [(193178841, 145011537), (209676624, 135486536)]
13:30:11: [INFO] Adding track segment (B.Cu): [(209676624, 135486536), (209676625, 135486537)]
13:30:11: [WARNING] Could not route pads when parent footprints not rotated the same, footprint1: D57 at 120.0 degree(s) and footprint2: D56 at 90.0 degree(s)
13:30:11: [INFO] Routing pad 'D56:1' at (233680000, 119700000) with pad 'D55:1' at (252730000, 123052800) using coordinate system rotated by 0 degree(s)
13:30:11: [INFO] Adding track segment (B.Cu): [(233680000, 119700000), (237032800, 123052800)]
13:30:11: [INFO] Adding track segment (B.Cu): [(237032800, 123052800), (252730000, 123052800)]
13:30:11: [INFO] Routing pad 'D55:1' at (252730000, 123052800) with pad 'D54:1' at (271780000, 125748375) using coordinate system rotated by 0 degree(s)
13:30:11: [INFO] Adding track segment (B.Cu): [(252730000, 123052800), (269084425, 123052800)]
13:30:11: [INFO] Adding track segment (B.Cu): [(269084425, 123052800), (271780000, 125748375)]
13:30:11: [INFO] Routing COL3 pads
13:30:11: [INFO] Routing pad 'SW4:1' at (91440000, 35560000) with pad 'SW10:1' at (91440000, 54610000) using coordinate system rotated by 0 degree(s)
13:30:11: [INFO] Adding track segment (F.Cu): [(91440000, 35560000), (91440000, 54610000)]
13:30:11: [INFO] Routing pad 'SW10:1' at (91440000, 54610000) with pad 'SW16:1' at (91440000, 73660000) using coordinate system rotated by 0 degree(s)
13:30:11: [INFO] Adding track segment (F.Cu): [(91440000, 54610000), (91440000, 73660000)]
13:30:11: [INFO] Routing pad 'SW16:1' at (91440000, 73660000) with pad 'SW22:1' at (91440000, 92710000) using coordinate system rotated by 0 degree(s)
13:30:11: [INFO] Adding track segment (F.Cu): [(91440000, 73660000), (91440000, 92710000)]
13:30:11: [INFO] Routing pad 'SW22:1' at (91440000, 92710000) with pad 'SW27:1' at (91440000, 111760000) using coordinate system rotated by 0 degree(s)
13:30:11: [INFO] Adding track segment (F.Cu): [(91440000, 92710000), (91440000, 111760000)]
13:30:11: [INFO] Routing pad 'SW4:1' at (91440000, 35560000) with pad 'SW33:1' at (224790000, 35560000) using coordinate system rotated by 0 degree(s)
13:30:11: [INFO] Adding track segment (F.Cu): [(91440000, 35560000), (224790000, 35560000)]
13:30:11: [INFO] Could not add track segment due to detected collision
13:30:11: [INFO] Routing pad 'SW33:1' at (224790000, 35560000) with pad 'SW39:1' at (224790000, 54610000) using coordinate system rotated by 0 degree(s)
13:30:11: [INFO] Adding track segment (F.Cu): [(224790000, 35560000), (224790000, 54610000)]
13:30:11: [INFO] Routing pad 'SW39:1' at (224790000, 54610000) with pad 'SW45:1' at (224790000, 73660000) using coordinate system rotated by 0 degree(s)
13:30:11: [INFO] Adding track segment (F.Cu): [(224790000, 54610000), (224790000, 73660000)]
13:30:11: [INFO] Routing pad 'SW45:1' at (224790000, 73660000) with pad 'SW51:1' at (224790000, 92710000) using coordinate system rotated by 0 degree(s)
13:30:11: [INFO] Adding track segment (F.Cu): [(224790000, 73660000), (224790000, 92710000)]
13:30:11: [INFO] Routing pad 'SW51:1' at (224790000, 92710000) with pad 'SW56:1' at (224790000, 111760000) using coordinate system rotated by 0 degree(s)
13:30:11: [INFO] Adding track segment (F.Cu): [(224790000, 92710000), (224790000, 111760000)]
13:30:11: [INFO] Routing COL2 pads
13:30:11: [INFO] Routing pad 'SW3:1' at (72390000, 38912799) with pad 'SW9:1' at (72390000, 57962800) using coordinate system rotated by 0 degree(s)
13:30:11: [INFO] Adding track segment (F.Cu): [(72390000, 38912799), (72390000, 57962800)]
13:30:11: [INFO] Routing pad 'SW9:1' at (72390000, 57962800) with pad 'SW15:1' at (72390000, 77012800) using coordinate system rotated by 0 degree(s)
13:30:11: [INFO] Adding track segment (F.Cu): [(72390000, 57962800), (72390000, 77012800)]
13:30:11: [INFO] Routing pad 'SW15:1' at (72390000, 77012800) with pad 'SW21:1' at (72390000, 96062800) using coordinate system rotated by 0 degree(s)
13:30:11: [INFO] Adding track segment (F.Cu): [(72390000, 77012800), (72390000, 96062800)]
13:30:11: [INFO] Routing pad 'SW21:1' at (72390000, 96062800) with pad 'SW26:1' at (72390000, 115112800) using coordinate system rotated by 0 degree(s)
13:30:11: [INFO] Adding track segment (F.Cu): [(72390000, 96062800), (72390000, 115112800)]
13:30:11: [INFO] Routing pad 'SW3:1' at (72390000, 38912799) with pad 'SW32:1' at (243840000, 38912799) using coordinate system rotated by 0 degree(s)
13:30:11: [INFO] Adding track segment (F.Cu): [(72390000, 38912799), (243840000, 38912799)]
13:30:11: [INFO] Could not add track segment due to detected collision
13:30:11: [INFO] Routing pad 'SW32:1' at (243840000, 38912799) with pad 'SW38:1' at (243840000, 57962800) using coordinate system rotated by 0 degree(s)
13:30:11: [INFO] Adding track segment (F.Cu): [(243840000, 38912799), (243840000, 57962800)]
13:30:11: [INFO] Routing pad 'SW38:1' at (243840000, 57962800) with pad 'SW44:1' at (243840000, 77012800) using coordinate system rotated by 0 degree(s)
13:30:11: [INFO] Adding track segment (F.Cu): [(243840000, 57962800), (243840000, 77012800)]
13:30:11: [INFO] Routing pad 'SW44:1' at (243840000, 77012800) with pad 'SW50:1' at (243840000, 96062800) using coordinate system rotated by 0 degree(s)
13:30:11: [INFO] Adding track segment (F.Cu): [(243840000, 77012800), (243840000, 96062800)]
13:30:11: [INFO] Routing pad 'SW50:1' at (243840000, 96062800) with pad 'SW55:1' at (243840000, 115112800) using coordinate system rotated by 0 degree(s)
13:30:11: [INFO] Adding track segment (F.Cu): [(243840000, 96062800), (243840000, 115112800)]
13:30:11: [INFO] Routing COL1 pads
13:30:11: [INFO] Routing pad 'SW2:1' at (53340000, 41608375) with pad 'SW8:1' at (53340000, 60658375) using coordinate system rotated by 0 degree(s)
13:30:11: [INFO] Adding track segment (F.Cu): [(53340000, 41608375), (53340000, 60658375)]
13:30:11: [INFO] Routing pad 'SW8:1' at (53340000, 60658375) with pad 'SW14:1' at (53340000, 79708375) using coordinate system rotated by 0 degree(s)
13:30:11: [INFO] Adding track segment (F.Cu): [(53340000, 60658375), (53340000, 79708375)]
13:30:12: [INFO] Routing pad 'SW14:1' at (53340000, 79708375) with pad 'SW20:1' at (53340000, 98758375) using coordinate system rotated by 0 degree(s)
13:30:12: [INFO] Adding track segment (F.Cu): [(53340000, 79708375), (53340000, 98758375)]
13:30:12: [INFO] Routing pad 'SW20:1' at (53340000, 98758375) with pad 'SW25:1' at (53340000, 117808375) using coordinate system rotated by 0 degree(s)
13:30:12: [INFO] Adding track segment (F.Cu): [(53340000, 98758375), (53340000, 117808375)]
13:30:12: [INFO] Routing pad 'SW2:1' at (53340000, 41608375) with pad 'SW31:1' at (262890000, 41608375) using coordinate system rotated by 0 degree(s)
13:30:12: [INFO] Adding track segment (F.Cu): [(53340000, 41608375), (262890000, 41608375)]
13:30:12: [INFO] Could not add track segment due to detected collision
13:30:12: [INFO] Routing pad 'SW31:1' at (262890000, 41608375) with pad 'SW37:1' at (262890000, 60658375) using coordinate system rotated by 0 degree(s)
13:30:12: [INFO] Adding track segment (F.Cu): [(262890000, 41608375), (262890000, 60658375)]
13:30:12: [INFO] Routing pad 'SW37:1' at (262890000, 60658375) with pad 'SW43:1' at (262890000, 79708375) using coordinate system rotated by 0 degree(s)
13:30:12: [INFO] Adding track segment (F.Cu): [(262890000, 60658375), (262890000, 79708375)]
13:30:12: [INFO] Routing pad 'SW43:1' at (262890000, 79708375) with pad 'SW49:1' at (262890000, 98758375) using coordinate system rotated by 0 degree(s)
13:30:12: [INFO] Adding track segment (F.Cu): [(262890000, 79708375), (262890000, 98758375)]
13:30:12: [INFO] Routing pad 'SW49:1' at (262890000, 98758375) with pad 'SW54:1' at (262890000, 117808375) using coordinate system rotated by 0 degree(s)
13:30:12: [INFO] Adding track segment (F.Cu): [(262890000, 98758375), (262890000, 117808375)]
13:30:12: [INFO] Routing COL4 pads
13:30:12: [INFO] Routing pad 'SW5:1' at (110490000, 38227000) with pad 'SW11:1' at (110490000, 57277000) using coordinate system rotated by 0 degree(s)
13:30:12: [INFO] Adding track segment (F.Cu): [(110490000, 38227000), (110490000, 57277000)]
13:30:12: [INFO] Routing pad 'SW11:1' at (110490000, 57277000) with pad 'SW17:1' at (110490000, 76327000) using coordinate system rotated by 0 degree(s)
13:30:12: [INFO] Adding track segment (F.Cu): [(110490000, 57277000), (110490000, 76327000)]
13:30:12: [INFO] Routing pad 'SW17:1' at (110490000, 76327000) with pad 'SW23:1' at (110490000, 95377000) using coordinate system rotated by 0 degree(s)
13:30:12: [INFO] Adding track segment (F.Cu): [(110490000, 76327000), (110490000, 95377000)]
13:30:12: [WARNING] Could not route pads when parent footprints not rotated the same, footprint1: SW23 at 0.0 degree(s) and footprint2: SW28 at -30.0 degree(s)
13:30:12: [WARNING] Could not route pads when parent footprints not rotated the same, footprint1: SW28 at -30.0 degree(s) and footprint2: SW57 at 30.0 degree(s)
13:30:12: [INFO] Routing pad 'SW40:1' at (205740000, 57277000) with pad 'SW34:1' at (205740000, 38227000) using coordinate system rotated by 0 degree(s)
13:30:12: [INFO] Adding track segment (F.Cu): [(205740000, 57277000), (205740000, 38227000)]
13:30:12: [INFO] Routing pad 'SW46:1' at (205740000, 76327000) with pad 'SW40:1' at (205740000, 57277000) using coordinate system rotated by 0 degree(s)
13:30:12: [INFO] Adding track segment (F.Cu): [(205740000, 76327000), (205740000, 57277000)]
13:30:12: [INFO] Routing pad 'SW52:1' at (205740000, 95377000) with pad 'SW46:1' at (205740000, 76327000) using coordinate system rotated by 0 degree(s)
13:30:12: [INFO] Adding track segment (F.Cu): [(205740000, 95377000), (205740000, 76327000)]
13:30:12: [WARNING] Could not route pads when parent footprints not rotated the same, footprint1: SW57 at 30.0 degree(s) and footprint2: SW52 at 0.0 degree(s)
13:30:12: [INFO] Routing ROW8 pads
13:30:12: [INFO] Routing pad 'D53:1' at (195580000, 105984000) with pad 'D52:1' at (214630000, 103317000) using coordinate system rotated by 0 degree(s)
13:30:12: [INFO] Adding track segment (B.Cu): [(195580000, 105984000), (211963000, 105984000)]
13:30:12: [INFO] Adding track segment (B.Cu): [(211963000, 105984000), (214630000, 103317000)]
13:30:12: [INFO] Routing pad 'D52:1' at (214630000, 103317000) with pad 'D51:1' at (233680000, 100650000) using coordinate system rotated by 0 degree(s)
13:30:12: [INFO] Adding track segment (B.Cu): [(214630000, 103317000), (231013000, 103317000)]
13:30:12: [INFO] Adding track segment (B.Cu): [(231013000, 103317000), (233680000, 100650000)]
13:30:12: [INFO] Routing pad 'D51:1' at (233680000, 100650000) with pad 'D50:1' at (252730000, 104002800) using coordinate system rotated by 0 degree(s)
13:30:12: [INFO] Adding track segment (B.Cu): [(233680000, 100650000), (237032800, 104002800)]
13:30:12: [INFO] Adding track segment (B.Cu): [(237032800, 104002800), (252730000, 104002800)]
13:30:12: [INFO] Routing pad 'D50:1' at (252730000, 104002800) with pad 'D49:1' at (271780000, 106698375) using coordinate system rotated by 0 degree(s)
13:30:12: [INFO] Adding track segment (B.Cu): [(252730000, 104002800), (269084425, 104002800)]
13:30:12: [INFO] Adding track segment (B.Cu): [(269084425, 104002800), (271780000, 106698375)]
13:30:12: [INFO] Routing pad 'D49:1' at (271780000, 106698375) with pad 'D48:1' at (290830000, 118366500) using coordinate system rotated by 0 degree(s)
13:30:12: [INFO] Adding track segment (B.Cu): [(271780000, 106698375), (283448125, 118366500)]
13:30:12: [INFO] Adding track segment (B.Cu): [(283448125, 118366500), (290830000, 118366500)]
13:30:12: [INFO] Removing dangling tracks
