=== kbplacer.kle_serial ===
=== layout2image.py ===
=== kbplacer ===
13:37:09: [INFO] User layout: https://editor.keyboard-tools.xyz/#share=NrDeCIHdwLgAgEwDoEFYC+AaO4AMndxsIAPWOAZiQHYNtwFMLwBdTAKDHDPmTXoCe5ALS4kdHPgCMRSZgSy8TVhy5D4olKnoALcnwngpBWaXIAWcVhzHzixnbacz8KeMEixtetFc1DxjL0xgrByk5cPHBS1gwmxFDkbrSxjEFwLohasfiOLEA
13:37:09: [INFO] Labels prefixes: for rows: 'ROW', for columns: 'COL'
13:37:09: [INFO] Matrix size: 2x4
13:37:10: [WARNING] No stabilizer footprint for width 2.25u, using 2u as fallback
13:37:10: [WARNING] No stabilizer footprint for width 2.25u, using 2u as fallback
13:37:10: [INFO] Add COL0 net
13:37:10: [INFO] Add COL1 net
13:37:10: [INFO] Add COL2 net
13:37:10: [INFO] Add COL3 net
13:37:10: [INFO] Add COL4 net
13:37:10: [INFO] Add Net-(D1-A) net
13:37:10: [INFO] Add Net-(D10-A) net
13:37:10: [INFO] Add Net-(D11-A) net
13:37:10: [INFO] Add Net-(D12-A) net
13:37:10: [INFO] Add Net-(D13-A) net
13:37:10: [INFO] Add Net-(D14-A) net
13:37:10: [INFO] Add Net-(D2-A) net
13:37:10: [INFO] Add Net-(D3-A) net
13:37:10: [INFO] Add Net-(D4-A) net
13:37:10: [INFO] Add Net-(D5-A) net
13:37:10: [INFO] Add Net-(D6-A) net
13:37:10: [INFO] Add Net-(D7-A) net
13:37:10: [INFO] Add Net-(D8-A) net
13:37:10: [INFO] Add Net-(D9-A) net
13:37:10: [INFO] Add ROW0 net
13:37:10: [INFO] Add ROW1 net
13:37:10: [INFO] Add ROW2 net
13:37:10: [INFO] Add SW1 footprint
13:37:10: [INFO] Add D1 footprint
13:37:10: [WARNING] No stabilizer footprint for width 2.25u, using 2u as fallback
13:37:10: [INFO] Add ST1 footprint
13:37:10: [INFO] Add SW2 footprint
13:37:10: [INFO] Add D2 footprint
13:37:10: [INFO] Add SW3 footprint
13:37:10: [INFO] Add D3 footprint
13:37:10: [INFO] Add SW4 footprint
13:37:10: [INFO] Add D4 footprint
13:37:10: [INFO] Add SW5 footprint
13:37:10: [INFO] Add D5 footprint
13:37:10: [INFO] Add SW6 footprint
13:37:10: [INFO] Add D6 footprint
13:37:10: [WARNING] No stabilizer footprint for width 2.25u, using 2u as fallback
13:37:10: [INFO] Add ST6 footprint
13:37:10: [INFO] Add SW7 footprint
13:37:10: [INFO] Add D7 footprint
13:37:10: [INFO] Add SW8 footprint
13:37:10: [INFO] Add D8 footprint
13:37:10: [INFO] Add SW9 footprint
13:37:10: [INFO] Add D9 footprint
13:37:10: [INFO] Add SW10 footprint
13:37:10: [INFO] Add D10 footprint
13:37:10: [INFO] Add SW11 footprint
13:37:10: [INFO] Add D11 footprint
13:37:10: [INFO] Add SW12 footprint
13:37:10: [INFO] Add D12 footprint
13:37:10: [INFO] Add SW13 footprint
13:37:10: [INFO] Add D13 footprint
13:37:11: [INFO] Add SW14 footprint
13:37:11: [INFO] Add D14 footprint
13:37:11: [INFO] Detected layout convertible to matrix annotated keyboard
13:37:11: [INFO] Using key 1U distance: (19.05, 19.05) mm
13:37:11: [INFO] Layout offset: (35718750, 28575000)
13:37:11: [INFO] Diode info: [ElementInfo(annotation_format='D{}', position_option=<PositionOption.CUSTOM: 'Custom'>, position=ElementPosition(x=5.08, y=4.0, orientation=90.0, side=<Side.BACK: 'Back'>), template_path='', start_index=-1)]
13:37:11: [INFO] Placing additional elements for SW14
13:37:11: [INFO] Placing additional elements for SW13
13:37:11: [INFO] Placing additional elements for SW12
13:37:11: [INFO] Placing additional elements for SW11
13:37:11: [INFO] Placing additional elements for SW10
13:37:11: [INFO] Placing additional elements for SW9
13:37:11: [INFO] Placing additional elements for SW8
13:37:11: [INFO] Placing additional elements for SW7
13:37:11: [INFO] Placing additional elements for SW6
13:37:11: [INFO] Placing additional elements for SW5
13:37:11: [INFO] Placing additional elements for SW4
13:37:11: [INFO] Placing additional elements for SW3
13:37:11: [INFO] Placing additional elements for SW2
13:37:11: [INFO] Placing additional elements for SW1
13:37:11: [INFO] Routing SW14 with D14
13:37:11: [INFO] Using internal autorouter method
13:37:11: [INFO] Routing pad 'SW14:2' at (171608750, 56832500) with pad 'D14:2' at (174148750, 64512500) using coordinate system rotated by 0 degree(s)
13:37:11: [INFO] Adding track segment (B.Cu): [(171608750, 56832500), (171608750, 61972500)]
13:37:11: [INFO] Adding track segment (B.Cu): [(171608750, 61972500), (174148750, 64512500)]
13:37:11: [INFO] Routing SW13 with D13
13:37:11: [INFO] Using internal autorouter method
13:37:11: [INFO] Routing pad 'SW13:2' at (162083750, 33020000) with pad 'D13:2' at (164623750, 40700000) using coordinate system rotated by 0 degree(s)
13:37:11: [INFO] Adding track segment (B.Cu): [(162083750, 33020000), (162083750, 38160000)]
13:37:11: [INFO] Adding track segment (B.Cu): [(162083750, 38160000), (164623750, 40700000)]
13:37:11: [INFO] Routing SW12 with D12
13:37:11: [INFO] Using internal autorouter method
13:37:11: [INFO] Routing pad 'SW12:2' at (93027500, 80645000) with pad 'D12:2' at (95567500, 88325000) using coordinate system rotated by 0 degree(s)
13:37:11: [INFO] Adding track segment (B.Cu): [(93027500, 80645000), (93027500, 85785000)]
13:37:11: [INFO] Adding track segment (B.Cu): [(93027500, 85785000), (95567500, 88325000)]
13:37:11: [INFO] Routing SW11 with D11
13:37:11: [INFO] Using internal autorouter method
13:37:11: [INFO] Routing pad 'SW11:2' at (66833750, 80645000) with pad 'D11:2' at (69373750, 88325000) using coordinate system rotated by 0 degree(s)
13:37:11: [INFO] Adding track segment (B.Cu): [(66833750, 80645000), (66833750, 85785000)]
13:37:11: [INFO] Adding track segment (B.Cu): [(66833750, 85785000), (69373750, 88325000)]
13:37:11: [INFO] Routing SW10 with D10
13:37:11: [INFO] Using internal autorouter method
13:37:11: [INFO] Routing pad 'SW10:2' at (152558750, 56832500) with pad 'D10:2' at (155098750, 64512500) using coordinate system rotated by 0 degree(s)
13:37:11: [INFO] Adding track segment (B.Cu): [(152558750, 56832500), (152558750, 61972500)]
13:37:11: [INFO] Adding track segment (B.Cu): [(152558750, 61972500), (155098750, 64512500)]
13:37:11: [INFO] Routing SW9 with D9
13:37:11: [INFO] Using internal autorouter method
13:37:11: [INFO] Routing pad 'SW9:2' at (128746250, 61595000) with pad 'D9:2' at (131286250, 69275000) using coordinate system rotated by 0 degree(s)
13:37:11: [INFO] Adding track segment (B.Cu): [(128746250, 61595000), (128746250, 66735000)]
13:37:11: [INFO] Adding track segment (B.Cu): [(128746250, 66735000), (131286250, 69275000)]
13:37:11: [INFO] Routing SW8 with D8
13:37:11: [INFO] Using internal autorouter method
13:37:11: [INFO] Routing pad 'SW8:2' at (109696250, 61595000) with pad 'D8:2' at (112236250, 69275000) using coordinate system rotated by 0 degree(s)
13:37:11: [INFO] Adding track segment (B.Cu): [(109696250, 61595000), (109696250, 66735000)]
13:37:11: [INFO] Adding track segment (B.Cu): [(109696250, 66735000), (112236250, 69275000)]
13:37:11: [INFO] Routing SW7 with D7
13:37:11: [INFO] Using internal autorouter method
13:37:11: [INFO] Routing pad 'SW7:2' at (83502500, 61595000) with pad 'D7:2' at (86042500, 69275000) using coordinate system rotated by 0 degree(s)
13:37:11: [INFO] Adding track segment (B.Cu): [(83502500, 61595000), (83502500, 66735000)]
13:37:11: [INFO] Adding track segment (B.Cu): [(83502500, 66735000), (86042500, 69275000)]
13:37:11: [INFO] Routing SW6 with D6
13:37:11: [INFO] Using internal autorouter method
13:37:11: [INFO] Routing pad 'SW6:2' at (47783750, 68738750) with pad 'D6:2' at (50323750, 76418750) using coordinate system rotated by 0 degree(s)
13:37:11: [INFO] Adding track segment (B.Cu): [(47783750, 68738750), (47783750, 73878750)]
13:37:11: [INFO] Adding track segment (B.Cu): [(47783750, 73878750), (50323750, 76418750)]
13:37:11: [INFO] Routing SW5 with D5
13:37:11: [INFO] Using internal autorouter method
13:37:11: [INFO] Routing pad 'SW5:2' at (162083750, 80645000) with pad 'D5:2' at (164623750, 88325000) using coordinate system rotated by 0 degree(s)
13:37:11: [INFO] Adding track segment (B.Cu): [(162083750, 80645000), (162083750, 85785000)]
13:37:11: [INFO] Adding track segment (B.Cu): [(162083750, 85785000), (164623750, 88325000)]
13:37:11: [INFO] Routing SW4 with D4
13:37:11: [INFO] Using internal autorouter method
13:37:11: [INFO] Routing pad 'SW4:2' at (128746250, 42545000) with pad 'D4:2' at (131286250, 50225000) using coordinate system rotated by 0 degree(s)
13:37:11: [INFO] Adding track segment (B.Cu): [(128746250, 42545000), (128746250, 47685000)]
13:37:11: [INFO] Adding track segment (B.Cu): [(128746250, 47685000), (131286250, 50225000)]
13:37:11: [INFO] Routing SW3 with D3
13:37:11: [INFO] Using internal autorouter method
13:37:11: [INFO] Routing pad 'SW3:2' at (109696250, 42545000) with pad 'D3:2' at (112236250, 50225000) using coordinate system rotated by 0 degree(s)
13:37:11: [INFO] Adding track segment (B.Cu): [(109696250, 42545000), (109696250, 47685000)]
13:37:11: [INFO] Adding track segment (B.Cu): [(109696250, 47685000), (112236250, 50225000)]
13:37:11: [INFO] Routing SW2 with D2
13:37:11: [INFO] Using internal autorouter method
13:37:11: [INFO] Routing pad 'SW2:2' at (90646250, 42545000) with pad 'D2:2' at (93186250, 50225000) using coordinate system rotated by 0 degree(s)
13:37:11: [INFO] Adding track segment (B.Cu): [(90646250, 42545000), (90646250, 47685000)]
13:37:11: [INFO] Adding track segment (B.Cu): [(90646250, 47685000), (93186250, 50225000)]
13:37:11: [INFO] Routing SW1 with D1
13:37:11: [INFO] Using internal autorouter method
13:37:11: [INFO] Routing pad 'SW1:2' at (59690000, 33020000) with pad 'D1:2' at (62230000, 40700000) using coordinate system rotated by 0 degree(s)
13:37:11: [INFO] Adding track segment (B.Cu): [(59690000, 33020000), (59690000, 38160000)]
13:37:11: [INFO] Adding track segment (B.Cu): [(59690000, 38160000), (62230000, 40700000)]
13:37:11: [INFO] Routing COL0 pads
13:37:11: [INFO] Routing pad 'SW6:1' at (41433750, 71278750) with pad 'SW1:1' at (53340000, 35560000) using coordinate system rotated by 0 degree(s)
13:37:11: [INFO] Routing pad 'SW6:1' at (41433750, 71278750) with pad 'SW11:1' at (60483750, 83185000) using coordinate system rotated by 0 degree(s)
13:37:11: [INFO] Routing ROW2 pads
13:37:11: [INFO] Routing pad 'D11:1' at (69373750, 91125000) with pad 'D12:1' at (95567500, 91125000) using coordinate system rotated by 0 degree(s)
13:37:11: [INFO] Adding track segment (B.Cu): [(69373750, 91125000), (95567500, 91125000)]
13:37:11: [INFO] Routing pad 'D14:1' at (174148750, 67312500) with pad 'D13:1' at (164623750, 43500000) using coordinate system rotated by 0 degree(s)
13:37:11: [INFO] Routing pad 'D12:1' at (95567500, 91125000) with pad 'D14:1' at (174148750, 67312500) using coordinate system rotated by 0 degree(s)
13:37:11: [INFO] Routing COL3 pads
13:37:11: [INFO] Routing pad 'SW4:1' at (122396250, 45085000) with pad 'SW9:1' at (122396250, 64135000) using coordinate system rotated by 0 degree(s)
13:37:11: [INFO] Adding track segment (F.Cu): [(122396250, 45085000), (122396250, 64135000)]
13:37:11: [INFO] Routing pad 'SW4:1' at (122396250, 45085000) with pad 'SW13:1' at (155733750, 35560000) using coordinate system rotated by 0 degree(s)
13:37:11: [INFO] Adding track segment (F.Cu): [(122396250, 45085000), (131921250, 35560000)]
13:37:11: [INFO] Adding track segment (F.Cu): [(131921250, 35560000), (155733750, 35560000)]
13:37:11: [INFO] Routing ROW1 pads
13:37:11: [INFO] Routing pad 'D6:1' at (50323750, 79218750) with pad 'D7:1' at (86042500, 72075000) using coordinate system rotated by 0 degree(s)
13:37:11: [INFO] Adding track segment (B.Cu): [(50323750, 79218750), (78898750, 79218750)]
13:37:11: [INFO] Adding track segment (B.Cu): [(78898750, 79218750), (86042500, 72075000)]
13:37:11: [INFO] Routing pad 'D7:1' at (86042500, 72075000) with pad 'D8:1' at (112236250, 72075000) using coordinate system rotated by 0 degree(s)
13:37:11: [INFO] Adding track segment (B.Cu): [(86042500, 72075000), (112236250, 72075000)]
13:37:11: [INFO] Routing pad 'D8:1' at (112236250, 72075000) with pad 'D9:1' at (131286250, 72075000) using coordinate system rotated by 0 degree(s)
13:37:11: [INFO] Adding track segment (B.Cu): [(112236250, 72075000), (131286250, 72075000)]
13:37:11: [INFO] Routing pad 'D9:1' at (131286250, 72075000) with pad 'D10:1' at (155098750, 67312500) using coordinate system rotated by 0 degree(s)
13:37:11: [INFO] Adding track segment (B.Cu): [(131286250, 72075000), (150336250, 72075000)]
13:37:11: [INFO] Adding track segment (B.Cu): [(150336250, 72075000), (155098750, 67312500)]
13:37:11: [INFO] Routing COL4 pads
13:37:11: [INFO] Routing pad 'SW10:1' at (146208750, 59372500) with pad 'SW5:1' at (155733750, 83185000) using coordinate system rotated by 0 degree(s)
13:37:11: [INFO] Adding track segment (F.Cu): [(146208750, 59372500), (146208750, 73660000)]
13:37:11: [INFO] Adding track segment (F.Cu): [(146208750, 73660000), (155733750, 83185000)]
13:37:11: [INFO] Routing pad 'SW10:1' at (146208750, 59372500) with pad 'SW14:1' at (165258750, 59372500) using coordinate system rotated by 0 degree(s)
13:37:11: [INFO] Adding track segment (F.Cu): [(146208750, 59372500), (165258750, 59372500)]
13:37:11: [INFO] Routing ROW0 pads
13:37:11: [INFO] Routing pad 'D1:1' at (62230000, 43500000) with pad 'D2:1' at (93186250, 53025000) using coordinate system rotated by 0 degree(s)
13:37:11: [INFO] Adding track segment (B.Cu): [(62230000, 43500000), (71755000, 53025000)]
13:37:11: [INFO] Adding track segment (B.Cu): [(71755000, 53025000), (93186250, 53025000)]
13:37:11: [INFO] Routing pad 'D2:1' at (93186250, 53025000) with pad 'D3:1' at (112236250, 53025000) using coordinate system rotated by 0 degree(s)
13:37:11: [INFO] Adding track segment (B.Cu): [(93186250, 53025000), (112236250, 53025000)]
13:37:11: [INFO] Routing pad 'D3:1' at (112236250, 53025000) with pad 'D4:1' at (131286250, 53025000) using coordinate system rotated by 0 degree(s)
13:37:11: [INFO] Adding track segment (B.Cu): [(112236250, 53025000), (131286250, 53025000)]
13:37:11: [INFO] Routing pad 'D4:1' at (131286250, 53025000) with pad 'D5:1' at (164623750, 91125000) using coordinate system rotated by 0 degree(s)
13:37:11: [INFO] Routing COL1 pads
13:37:11: [INFO] Routing pad 'SW7:1' at (77152500, 64135000) with pad 'SW2:1' at (84296250, 45085000) using coordinate system rotated by 0 degree(s)
13:37:11: [INFO] Adding track segment (F.Cu): [(77152500, 64135000), (84296250, 56991250)]
13:37:11: [INFO] Adding track segment (F.Cu): [(84296250, 56991250), (84296250, 45085000)]
13:37:11: [INFO] Routing pad 'SW7:1' at (77152500, 64135000) with pad 'SW12:1' at (86677500, 83185000) using coordinate system rotated by 0 degree(s)
13:37:11: [INFO] Adding track segment (F.Cu): [(77152500, 64135000), (77152500, 73660000)]
13:37:11: [INFO] Adding track segment (F.Cu): [(77152500, 73660000), (86677500, 83185000)]
13:37:11: [INFO] Routing COL2 pads
13:37:11: [INFO] Routing pad 'SW3:1' at (103346250, 45085000) with pad 'SW8:1' at (103346250, 64135000) using coordinate system rotated by 0 degree(s)
13:37:11: [INFO] Adding track segment (F.Cu): [(103346250, 45085000), (103346250, 64135000)]
13:37:11: [INFO] Removing dangling tracks
