=== kbplacer.kle_serial ===
=== layout2image.py ===
=== kbplacer ===
13:37:41: [INFO] User layout: https://editor.keyboard-tools.xyz/#share=NrBEFYBoAZUgCCkCMd4G9QA9QC57IC+CSATGkgMygC6kAUMJjvtAHRSICee87RJaDApDUgyOXHU6jZr3bhiiZMJIqxyiRRWUAOgDsDBobARzWHEgAtepJaFKQ9hl6NoMm2eR3uPTiRw0HLRJHZyN9E3dZLwtFEkpVRESgxMlkpwiDFX9zPktEAGNeUABiAHZKqoobfDsSABZMl2yUaM8WfM5QYvwywoHB0Hsm6Cz9Pwom5HHJxpCMHpKKqsrh+fCXHPa8hRIeOJJexFLBoZIAd1sRmFm2mhogA
13:37:41: [INFO] Labels prefixes: for rows: 'ROW', for columns: 'COL'
13:37:41: [INFO] Matrix size: 5x3
13:37:41: [INFO] Add COL0 net
13:37:41: [INFO] Add COL1 net
13:37:41: [INFO] Add COL2 net
13:37:41: [INFO] Add COL3 net
13:37:41: [INFO] Add Net-(D1-A) net
13:37:41: [INFO] Add Net-(D10-A) net
13:37:41: [INFO] Add Net-(D11-A) net
13:37:41: [INFO] Add Net-(D12-A) net
13:37:41: [INFO] Add Net-(D13-A) net
13:37:41: [INFO] Add Net-(D14-A) net
13:37:41: [INFO] Add Net-(D15-A) net
13:37:41: [INFO] Add Net-(D16-A) net
13:37:41: [INFO] Add Net-(D17-A) net
13:37:41: [INFO] Add Net-(D18-A) net
13:37:41: [INFO] Add Net-(D19-A) net
13:37:41: [INFO] Add Net-(D2-A) net
13:37:41: [INFO] Add Net-(D20-A) net
13:37:41: [INFO] Add Net-(D21-A) net
13:37:41: [INFO] Add Net-(D22-A) net
13:37:41: [INFO] Add Net-(D23-A) net
13:37:41: [INFO] Add Net-(D24-A) net
13:37:41: [INFO] Add Net-(D3-A) net
13:37:41: [INFO] Add Net-(D4-A) net
13:37:41: [INFO] Add Net-(D5-A) net
13:37:41: [INFO] Add Net-(D6-A) net
13:37:41: [INFO] Add Net-(D7-A) net
13:37:41: [INFO] Add Net-(D8-A) net
13:37:41: [INFO] Add Net-(D9-A) net
13:37:41: [INFO] Add ROW0 net
13:37:41: [INFO] Add ROW1 net
13:37:41: [INFO] Add ROW2 net
13:37:41: [INFO] Add ROW3 net
13:37:41: [INFO] Add ROW4 net
13:37:41: [INFO] Add ROW5 net
13:37:41: [INFO] Add SW1 footprint
13:37:41: [INFO] Add D1 footprint
13:37:41: [INFO] Add SW2 footprint
13:37:41: [INFO] Add D2 footprint
13:37:41: [INFO] Add SW3 footprint
13:37:41: [INFO] Add D3 footprint
13:37:41: [INFO] Add SW4 footprint
13:37:41: [INFO] Add D4 footprint
13:37:41: [INFO] Add SW5 footprint
13:37:42: [INFO] Add D5 footprint
13:37:42: [INFO] Add SW6 footprint
13:37:42: [INFO] Add D6 footprint
13:37:42: [INFO] Add SW7 footprint
13:37:42: [INFO] Add D7 footprint
13:37:42: [INFO] Add SW8 footprint
13:37:42: [INFO] Add D8 footprint
13:37:42: [INFO] Add SW9 footprint
13:37:42: [INFO] Add D9 footprint
13:37:42: [INFO] Add SW10 footprint
13:37:42: [INFO] Add D10 footprint
13:37:42: [INFO] Add SW11 footprint
13:37:42: [INFO] Add D11 footprint
13:37:42: [INFO] Add SW12 footprint
13:37:42: [INFO] Add D12 footprint
13:37:42: [INFO] Add SW12a footprint
13:37:42: [INFO] Add ST12a footprint
13:37:42: [INFO] Add SW13 footprint
13:37:42: [INFO] Add D13 footprint
13:37:42: [INFO] Add SW14 footprint
13:37:42: [INFO] Add D14 footprint
13:37:42: [INFO] Add SW15 footprint
13:37:42: [INFO] Add D15 footprint
13:37:42: [INFO] Add SW16 footprint
13:37:42: [INFO] Add D16 footprint
13:37:42: [INFO] Add SW17 footprint
13:37:42: [INFO] Add D17 footprint
13:37:42: [INFO] Add SW17a footprint
13:37:42: [INFO] Add ST17a footprint
13:37:42: [INFO] Add SW18 footprint
13:37:42: [INFO] Add D18 footprint
13:37:42: [INFO] Add SW19 footprint
13:37:42: [INFO] Add D19 footprint
13:37:42: [INFO] Add SW20 footprint
13:37:42: [INFO] Add D20 footprint
13:37:42: [INFO] Add SW20a footprint
13:37:42: [INFO] Add ST20a footprint
13:37:42: [INFO] Add SW21 footprint
13:37:42: [INFO] Add D21 footprint
13:37:42: [INFO] Add SW22 footprint
13:37:42: [INFO] Add D22 footprint
13:37:42: [INFO] Add SW23 footprint
13:37:43: [INFO] Add D23 footprint
13:37:43: [INFO] Add SW24 footprint
13:37:43: [INFO] Add D24 footprint
13:37:43: [INFO] Detected layout convertible to matrix annotated keyboard
13:37:43: [INFO] Using key 1U distance: (19.05, 19.05) mm
13:37:43: [INFO] Layout offset: (28575000, 28575000)
13:37:43: [INFO] Diode info: [ElementInfo(annotation_format='D{}', position_option=<PositionOption.CUSTOM: 'Custom'>, position=ElementPosition(x=5.08, y=4.0, orientation=90.0, side=<Side.BACK: 'Back'>), template_path='', start_index=-1)]
13:37:43: [INFO] Placing additional elements for SW24
13:37:43: [INFO] Placing additional elements for SW23
13:37:43: [INFO] Placing additional elements for SW22
13:37:43: [INFO] Placing additional elements for SW21
13:37:43: [INFO] Placing additional elements for SW20a
13:37:43: [INFO] Placing additional elements for SW20
13:37:43: [INFO] Placing additional elements for SW19
13:37:43: [INFO] Placing additional elements for SW18
13:37:43: [INFO] Placing additional elements for SW17a
13:37:43: [INFO] Placing additional elements for SW17
13:37:43: [INFO] Placing additional elements for SW16
13:37:43: [INFO] Placing additional elements for SW15
13:37:43: [INFO] Placing additional elements for SW14
13:37:43: [INFO] Placing additional elements for SW13
13:37:43: [INFO] Placing additional elements for SW12a
13:37:43: [INFO] Placing additional elements for SW12
13:37:43: [INFO] Placing additional elements for SW11
13:37:43: [INFO] Placing additional elements for SW10
13:37:43: [INFO] Placing additional elements for SW9
13:37:43: [INFO] Placing additional elements for SW8
13:37:43: [INFO] Placing additional elements for SW7
13:37:43: [INFO] Placing additional elements for SW6
13:37:43: [INFO] Placing additional elements for SW5
13:37:43: [INFO] Placing additional elements for SW4
13:37:43: [INFO] Placing additional elements for SW3
13:37:43: [INFO] Placing additional elements for SW2
13:37:43: [INFO] Placing additional elements for SW1
13:37:43: [INFO] Routing SW24 with D24
13:37:43: [INFO] Using internal autorouter method
13:37:43: [INFO] Routing pad 'SW24:2' at (116840000, 33020000) with pad 'D24:2' at (119380000, 40700000) using coordinate system rotated by 0 degree(s)
13:37:43: [INFO] Adding track segment (B.Cu): [(116840000, 33020000), (116840000, 38160000)]
13:37:43: [INFO] Adding track segment (B.Cu): [(116840000, 38160000), (119380000, 40700000)]
13:37:43: [INFO] Routing SW23 with D23
13:37:43: [INFO] Using internal autorouter method
13:37:43: [INFO] Routing pad 'SW23:2' at (97790000, 33020000) with pad 'D23:2' at (100330000, 40700000) using coordinate system rotated by 0 degree(s)
13:37:43: [INFO] Adding track segment (B.Cu): [(97790000, 33020000), (97790000, 38160000)]
13:37:43: [INFO] Adding track segment (B.Cu): [(97790000, 38160000), (100330000, 40700000)]
13:37:43: [INFO] Routing SW22 with D22
13:37:43: [INFO] Using internal autorouter method
13:37:43: [INFO] Routing pad 'SW22:2' at (59690000, 33020000) with pad 'D22:2' at (62230000, 40700000) using coordinate system rotated by 0 degree(s)
13:37:43: [INFO] Adding track segment (B.Cu): [(59690000, 33020000), (59690000, 38160000)]
13:37:43: [INFO] Adding track segment (B.Cu): [(59690000, 38160000), (62230000, 40700000)]
13:37:43: [INFO] Routing SW21 with D21
13:37:43: [INFO] Using internal autorouter method
13:37:43: [INFO] Routing pad 'SW21:2' at (40640000, 33020000) with pad 'D21:2' at (43180000, 40700000) using coordinate system rotated by 0 degree(s)
13:37:43: [INFO] Adding track segment (B.Cu): [(40640000, 33020000), (40640000, 38160000)]
13:37:43: [INFO] Adding track segment (B.Cu): [(40640000, 38160000), (43180000, 40700000)]
13:37:43: [INFO] Routing SW20a with D20
13:37:43: [INFO] Using internal autorouter method
13:37:43: [INFO] Routing pad 'SW20a:2' at (107315000, 120650000) with pad 'D20:2' at (109855000, 137855000) using coordinate system rotated by 0 degree(s)
13:37:43: [INFO] Adding track segment (B.Cu): [(107315000, 120650000), (107315000, 135315000)]
13:37:43: [INFO] Adding track segment (B.Cu): [(107315000, 135315000), (109855000, 137855000)]
13:37:43: [INFO] Routing SW20 with D20
13:37:43: [INFO] Using internal autorouter method
13:37:43: [INFO] Routing pad 'SW20:2' at (107315000, 130175000) with pad 'D20:2' at (109855000, 137855000) using coordinate system rotated by 0 degree(s)
13:37:43: [INFO] Adding track segment (B.Cu): [(107315000, 130175000), (107315000, 135315000)]
13:37:43: [INFO] Adding track segment (B.Cu): [(107315000, 135315000), (109855000, 137855000)]
13:37:43: [INFO] Routing SW19 with D19
13:37:43: [INFO] Using internal autorouter method
13:37:43: [INFO] Routing pad 'SW19:2' at (88265000, 130175000) with pad 'D19:2' at (90805000, 137855000) using coordinate system rotated by 0 degree(s)
13:37:43: [INFO] Adding track segment (B.Cu): [(88265000, 130175000), (88265000, 135315000)]
13:37:43: [INFO] Adding track segment (B.Cu): [(88265000, 135315000), (90805000, 137855000)]
13:37:43: [INFO] Routing SW18 with D18
13:37:43: [INFO] Using internal autorouter method
13:37:43: [INFO] Routing pad 'SW18:2' at (69215000, 130175000) with pad 'D18:2' at (71755000, 137855000) using coordinate system rotated by 0 degree(s)
13:37:43: [INFO] Adding track segment (B.Cu): [(69215000, 130175000), (69215000, 135315000)]
13:37:43: [INFO] Adding track segment (B.Cu): [(69215000, 135315000), (71755000, 137855000)]
13:37:43: [INFO] Routing SW17a with D17
13:37:43: [INFO] Using internal autorouter method
13:37:43: [INFO] Routing pad 'SW17a:2' at (59690000, 130175000) with pad 'D17:2' at (52705000, 137855000) using coordinate system rotated by 0 degree(s)
13:37:43: [INFO] Routing SW17 with D17
13:37:43: [INFO] Using internal autorouter method
13:37:43: [INFO] Routing pad 'SW17:2' at (50165000, 130175000) with pad 'D17:2' at (52705000, 137855000) using coordinate system rotated by 0 degree(s)
13:37:43: [INFO] Adding track segment (B.Cu): [(50165000, 130175000), (50165000, 135315000)]
13:37:43: [INFO] Adding track segment (B.Cu): [(50165000, 135315000), (52705000, 137855000)]
13:37:43: [INFO] Routing SW16 with D16
13:37:43: [INFO] Using internal autorouter method
13:37:43: [INFO] Routing pad 'SW16:2' at (107315000, 111125000) with pad 'D16:2' at (109855000, 118805000) using coordinate system rotated by 0 degree(s)
13:37:43: [INFO] Adding track segment (B.Cu): [(107315000, 111125000), (107315000, 116265000)]
13:37:43: [INFO] Adding track segment (B.Cu): [(107315000, 116265000), (109855000, 118805000)]
13:37:43: [INFO] Routing SW15 with D15
13:37:43: [INFO] Using internal autorouter method
13:37:43: [INFO] Routing pad 'SW15:2' at (88265000, 111125000) with pad 'D15:2' at (90805000, 118805000) using coordinate system rotated by 0 degree(s)
13:37:43: [INFO] Adding track segment (B.Cu): [(88265000, 111125000), (88265000, 116265000)]
13:37:43: [INFO] Adding track segment (B.Cu): [(88265000, 116265000), (90805000, 118805000)]
13:37:43: [INFO] Routing SW14 with D14
13:37:43: [INFO] Using internal autorouter method
13:37:43: [INFO] Routing pad 'SW14:2' at (69215000, 111125000) with pad 'D14:2' at (71755000, 118805000) using coordinate system rotated by 0 degree(s)
13:37:43: [INFO] Adding track segment (B.Cu): [(69215000, 111125000), (69215000, 116265000)]
13:37:43: [INFO] Adding track segment (B.Cu): [(69215000, 116265000), (71755000, 118805000)]
13:37:43: [INFO] Routing SW13 with D13
13:37:43: [INFO] Using internal autorouter method
13:37:43: [INFO] Routing pad 'SW13:2' at (50165000, 111125000) with pad 'D13:2' at (52705000, 118805000) using coordinate system rotated by 0 degree(s)
13:37:43: [INFO] Adding track segment (B.Cu): [(50165000, 111125000), (50165000, 116265000)]
13:37:43: [INFO] Adding track segment (B.Cu): [(50165000, 116265000), (52705000, 118805000)]
13:37:43: [INFO] Routing SW12a with D12
13:37:43: [INFO] Using internal autorouter method
13:37:43: [INFO] Routing pad 'SW12a:2' at (107315000, 82550000) with pad 'D12:2' at (109855000, 99755000) using coordinate system rotated by 0 degree(s)
13:37:43: [INFO] Adding track segment (B.Cu): [(107315000, 82550000), (107315000, 97215000)]
13:37:43: [INFO] Adding track segment (B.Cu): [(107315000, 97215000), (109855000, 99755000)]
13:37:43: [INFO] Routing SW12 with D12
13:37:43: [INFO] Using internal autorouter method
13:37:43: [INFO] Routing pad 'SW12:2' at (107315000, 92075000) with pad 'D12:2' at (109855000, 99755000) using coordinate system rotated by 0 degree(s)
13:37:43: [INFO] Adding track segment (B.Cu): [(107315000, 92075000), (107315000, 97215000)]
13:37:43: [INFO] Adding track segment (B.Cu): [(107315000, 97215000), (109855000, 99755000)]
13:37:43: [INFO] Routing SW11 with D11
13:37:43: [INFO] Using internal autorouter method
13:37:43: [INFO] Routing pad 'SW11:2' at (88265000, 92075000) with pad 'D11:2' at (90805000, 99755000) using coordinate system rotated by 0 degree(s)
13:37:43: [INFO] Adding track segment (B.Cu): [(88265000, 92075000), (88265000, 97215000)]
13:37:43: [INFO] Adding track segment (B.Cu): [(88265000, 97215000), (90805000, 99755000)]
13:37:43: [INFO] Routing SW10 with D10
13:37:43: [INFO] Using internal autorouter method
13:37:43: [INFO] Routing pad 'SW10:2' at (69215000, 92075000) with pad 'D10:2' at (71755000, 99755000) using coordinate system rotated by 0 degree(s)
13:37:43: [INFO] Adding track segment (B.Cu): [(69215000, 92075000), (69215000, 97215000)]
13:37:43: [INFO] Adding track segment (B.Cu): [(69215000, 97215000), (71755000, 99755000)]
13:37:43: [INFO] Routing SW9 with D9
13:37:43: [INFO] Using internal autorouter method
13:37:43: [INFO] Routing pad 'SW9:2' at (50165000, 92075000) with pad 'D9:2' at (52705000, 99755000) using coordinate system rotated by 0 degree(s)
13:37:43: [INFO] Adding track segment (B.Cu): [(50165000, 92075000), (50165000, 97215000)]
13:37:43: [INFO] Adding track segment (B.Cu): [(50165000, 97215000), (52705000, 99755000)]
13:37:43: [INFO] Routing SW8 with D8
13:37:43: [INFO] Using internal autorouter method
13:37:43: [INFO] Routing pad 'SW8:2' at (107315000, 73025000) with pad 'D8:2' at (109855000, 80705000) using coordinate system rotated by 0 degree(s)
13:37:43: [INFO] Adding track segment (B.Cu): [(107315000, 73025000), (107315000, 78165000)]
13:37:43: [INFO] Adding track segment (B.Cu): [(107315000, 78165000), (109855000, 80705000)]
13:37:43: [INFO] Routing SW7 with D7
13:37:43: [INFO] Using internal autorouter method
13:37:43: [INFO] Routing pad 'SW7:2' at (88265000, 73025000) with pad 'D7:2' at (90805000, 80705000) using coordinate system rotated by 0 degree(s)
13:37:43: [INFO] Adding track segment (B.Cu): [(88265000, 73025000), (88265000, 78165000)]
13:37:43: [INFO] Adding track segment (B.Cu): [(88265000, 78165000), (90805000, 80705000)]
13:37:43: [INFO] Routing SW6 with D6
13:37:43: [INFO] Using internal autorouter method
13:37:43: [INFO] Routing pad 'SW6:2' at (69215000, 73025000) with pad 'D6:2' at (71755000, 80705000) using coordinate system rotated by 0 degree(s)
13:37:43: [INFO] Adding track segment (B.Cu): [(69215000, 73025000), (69215000, 78165000)]
13:37:43: [INFO] Adding track segment (B.Cu): [(69215000, 78165000), (71755000, 80705000)]
13:37:43: [INFO] Routing SW5 with D5
13:37:43: [INFO] Using internal autorouter method
13:37:43: [INFO] Routing pad 'SW5:2' at (50165000, 73025000) with pad 'D5:2' at (52705000, 80705000) using coordinate system rotated by 0 degree(s)
13:37:43: [INFO] Adding track segment (B.Cu): [(50165000, 73025000), (50165000, 78165000)]
13:37:43: [INFO] Adding track segment (B.Cu): [(50165000, 78165000), (52705000, 80705000)]
13:37:43: [INFO] Routing SW4 with D4
13:37:43: [INFO] Using internal autorouter method
13:37:43: [INFO] Routing pad 'SW4:2' at (107315000, 53975000) with pad 'D4:2' at (109855000, 61655000) using coordinate system rotated by 0 degree(s)
13:37:43: [INFO] Adding track segment (B.Cu): [(107315000, 53975000), (107315000, 59115000)]
13:37:43: [INFO] Adding track segment (B.Cu): [(107315000, 59115000), (109855000, 61655000)]
13:37:43: [INFO] Routing SW3 with D3
13:37:43: [INFO] Using internal autorouter method
13:37:43: [INFO] Routing pad 'SW3:2' at (88265000, 53975000) with pad 'D3:2' at (90805000, 61655000) using coordinate system rotated by 0 degree(s)
13:37:43: [INFO] Adding track segment (B.Cu): [(88265000, 53975000), (88265000, 59115000)]
13:37:43: [INFO] Adding track segment (B.Cu): [(88265000, 59115000), (90805000, 61655000)]
13:37:43: [INFO] Routing SW2 with D2
13:37:43: [INFO] Using internal autorouter method
13:37:43: [INFO] Routing pad 'SW2:2' at (69215000, 53975000) with pad 'D2:2' at (71755000, 61655000) using coordinate system rotated by 0 degree(s)
13:37:43: [INFO] Adding track segment (B.Cu): [(69215000, 53975000), (69215000, 59115000)]
13:37:43: [INFO] Adding track segment (B.Cu): [(69215000, 59115000), (71755000, 61655000)]
13:37:43: [INFO] Routing SW1 with D1
13:37:43: [INFO] Using internal autorouter method
13:37:43: [INFO] Routing pad 'SW1:2' at (50165000, 53975000) with pad 'D1:2' at (52705000, 61655000) using coordinate system rotated by 0 degree(s)
13:37:43: [INFO] Adding track segment (B.Cu): [(50165000, 53975000), (50165000, 59115000)]
13:37:43: [INFO] Adding track segment (B.Cu): [(50165000, 59115000), (52705000, 61655000)]
13:37:43: [INFO] Routing COL3 pads
13:37:43: [INFO] Routing pad 'SW4:1' at (100965000, 56515000) with pad 'SW8:1' at (100965000, 75565000) using coordinate system rotated by 0 degree(s)
13:37:43: [INFO] Adding track segment (F.Cu): [(100965000, 56515000), (100965000, 75565000)]
13:37:43: [INFO] Routing pad 'SW8:1' at (100965000, 75565000) with pad 'SW12a:1' at (100965000, 85090000) using coordinate system rotated by 0 degree(s)
13:37:43: [INFO] Adding track segment (F.Cu): [(100965000, 75565000), (100965000, 85090000)]
13:37:43: [INFO] Routing pad 'SW12a:1' at (100965000, 85090000) with pad 'SW12:1' at (100965000, 94615000) using coordinate system rotated by 0 degree(s)
13:37:43: [INFO] Adding track segment (F.Cu): [(100965000, 85090000), (100965000, 94615000)]
13:37:43: [INFO] Routing pad 'SW12:1' at (100965000, 94615000) with pad 'SW16:1' at (100965000, 113665000) using coordinate system rotated by 0 degree(s)
13:37:43: [INFO] Adding track segment (F.Cu): [(100965000, 94615000), (100965000, 113665000)]
13:37:43: [INFO] Routing pad 'SW16:1' at (100965000, 113665000) with pad 'SW20a:1' at (100965000, 123190000) using coordinate system rotated by 0 degree(s)
13:37:43: [INFO] Adding track segment (F.Cu): [(100965000, 113665000), (100965000, 123190000)]
13:37:43: [INFO] Routing pad 'SW20a:1' at (100965000, 123190000) with pad 'SW20:1' at (100965000, 132715000) using coordinate system rotated by 0 degree(s)
13:37:43: [INFO] Adding track segment (F.Cu): [(100965000, 123190000), (100965000, 132715000)]
13:37:43: [INFO] Routing pad 'SW4:1' at (100965000, 56515000) with pad 'SW24:1' at (110490000, 35560000) using coordinate system rotated by 0 degree(s)
13:37:43: [INFO] Adding track segment (F.Cu): [(100965000, 56515000), (110490000, 46990000)]
13:37:43: [INFO] Adding track segment (F.Cu): [(110490000, 46990000), (110490000, 35560000)]
13:37:43: [INFO] Routing COL1 pads
13:37:43: [INFO] Routing pad 'SW22:1' at (53340000, 35560000) with pad 'SW2:1' at (62865000, 56515000) using coordinate system rotated by 0 degree(s)
13:37:43: [INFO] Adding track segment (F.Cu): [(53340000, 35560000), (53340000, 46990000)]
13:37:43: [INFO] Adding track segment (F.Cu): [(53340000, 46990000), (62865000, 56515000)]
13:37:43: [INFO] Routing pad 'SW2:1' at (62865000, 56515000) with pad 'SW6:1' at (62865000, 75565000) using coordinate system rotated by 0 degree(s)
13:37:43: [INFO] Adding track segment (F.Cu): [(62865000, 56515000), (62865000, 75565000)]
13:37:43: [INFO] Routing pad 'SW6:1' at (62865000, 75565000) with pad 'SW10:1' at (62865000, 94615000) using coordinate system rotated by 0 degree(s)
13:37:43: [INFO] Adding track segment (F.Cu): [(62865000, 75565000), (62865000, 94615000)]
13:37:43: [INFO] Routing pad 'SW10:1' at (62865000, 94615000) with pad 'SW14:1' at (62865000, 113665000) using coordinate system rotated by 0 degree(s)
13:37:43: [INFO] Adding track segment (F.Cu): [(62865000, 94615000), (62865000, 113665000)]
13:37:43: [INFO] Routing pad 'SW14:1' at (62865000, 113665000) with pad 'SW18:1' at (62865000, 132715000) using coordinate system rotated by 0 degree(s)
13:37:43: [INFO] Adding track segment (F.Cu): [(62865000, 113665000), (62865000, 132715000)]
13:37:43: [INFO] Routing ROW0 pads
13:37:43: [INFO] Routing pad 'D1:1' at (52705000, 64455000) with pad 'D2:1' at (71755000, 64455000) using coordinate system rotated by 0 degree(s)
13:37:43: [INFO] Adding track segment (B.Cu): [(52705000, 64455000), (71755000, 64455000)]
13:37:43: [INFO] Routing pad 'D2:1' at (71755000, 64455000) with pad 'D3:1' at (90805000, 64455000) using coordinate system rotated by 0 degree(s)
13:37:43: [INFO] Adding track segment (B.Cu): [(71755000, 64455000), (90805000, 64455000)]
13:37:43: [INFO] Routing pad 'D3:1' at (90805000, 64455000) with pad 'D4:1' at (109855000, 64455000) using coordinate system rotated by 0 degree(s)
13:37:43: [INFO] Adding track segment (B.Cu): [(90805000, 64455000), (109855000, 64455000)]
13:37:43: [INFO] Routing ROW5 pads
13:37:43: [INFO] Routing pad 'D21:1' at (43180000, 43500000) with pad 'D22:1' at (62230000, 43500000) using coordinate system rotated by 0 degree(s)
13:37:43: [INFO] Adding track segment (B.Cu): [(43180000, 43500000), (62230000, 43500000)]
13:37:43: [INFO] Routing pad 'D22:1' at (62230000, 43500000) with pad 'D23:1' at (100330000, 43500000) using coordinate system rotated by 0 degree(s)
13:37:43: [INFO] Adding track segment (B.Cu): [(62230000, 43500000), (100330000, 43500000)]
13:37:43: [INFO] Routing pad 'D23:1' at (100330000, 43500000) with pad 'D24:1' at (119380000, 43500000) using coordinate system rotated by 0 degree(s)
13:37:43: [INFO] Adding track segment (B.Cu): [(100330000, 43500000), (119380000, 43500000)]
13:37:43: [INFO] Routing COL2 pads
13:37:43: [INFO] Routing pad 'SW3:1' at (81915000, 56515000) with pad 'SW7:1' at (81915000, 75565000) using coordinate system rotated by 0 degree(s)
13:37:43: [INFO] Adding track segment (F.Cu): [(81915000, 56515000), (81915000, 75565000)]
13:37:43: [INFO] Routing pad 'SW7:1' at (81915000, 75565000) with pad 'SW11:1' at (81915000, 94615000) using coordinate system rotated by 0 degree(s)
13:37:43: [INFO] Adding track segment (F.Cu): [(81915000, 75565000), (81915000, 94615000)]
13:37:43: [INFO] Routing pad 'SW11:1' at (81915000, 94615000) with pad 'SW15:1' at (81915000, 113665000) using coordinate system rotated by 0 degree(s)
13:37:43: [INFO] Adding track segment (F.Cu): [(81915000, 94615000), (81915000, 113665000)]
13:37:43: [INFO] Routing pad 'SW15:1' at (81915000, 113665000) with pad 'SW19:1' at (81915000, 132715000) using coordinate system rotated by 0 degree(s)
13:37:43: [INFO] Adding track segment (F.Cu): [(81915000, 113665000), (81915000, 132715000)]
13:37:43: [INFO] Routing pad 'SW3:1' at (81915000, 56515000) with pad 'SW23:1' at (91440000, 35560000) using coordinate system rotated by 0 degree(s)
13:37:43: [INFO] Adding track segment (F.Cu): [(81915000, 56515000), (91440000, 46990000)]
13:37:43: [INFO] Adding track segment (F.Cu): [(91440000, 46990000), (91440000, 35560000)]
13:37:43: [INFO] Routing COL0 pads
13:37:43: [INFO] Routing pad 'SW21:1' at (34290000, 35560000) with pad 'SW1:1' at (43815000, 56515000) using coordinate system rotated by 0 degree(s)
13:37:43: [INFO] Adding track segment (F.Cu): [(34290000, 35560000), (34290000, 46990000)]
13:37:43: [INFO] Adding track segment (F.Cu): [(34290000, 46990000), (43815000, 56515000)]
13:37:43: [INFO] Routing pad 'SW1:1' at (43815000, 56515000) with pad 'SW5:1' at (43815000, 75565000) using coordinate system rotated by 0 degree(s)
13:37:43: [INFO] Adding track segment (F.Cu): [(43815000, 56515000), (43815000, 75565000)]
13:37:43: [INFO] Routing pad 'SW5:1' at (43815000, 75565000) with pad 'SW9:1' at (43815000, 94615000) using coordinate system rotated by 0 degree(s)
13:37:43: [INFO] Adding track segment (F.Cu): [(43815000, 75565000), (43815000, 94615000)]
13:37:43: [INFO] Routing pad 'SW9:1' at (43815000, 94615000) with pad 'SW13:1' at (43815000, 113665000) using coordinate system rotated by 0 degree(s)
13:37:43: [INFO] Adding track segment (F.Cu): [(43815000, 94615000), (43815000, 113665000)]
13:37:43: [INFO] Routing pad 'SW13:1' at (43815000, 113665000) with pad 'SW17:1' at (43815000, 132715000) using coordinate system rotated by 0 degree(s)
13:37:43: [INFO] Adding track segment (F.Cu): [(43815000, 113665000), (43815000, 132715000)]
13:37:43: [INFO] Could not add track segment due to detected collision
13:37:43: [INFO] Routing pad 'SW17:1' at (43815000, 132715000) with pad 'SW17a:1' at (53340000, 132715000) using coordinate system rotated by 0 degree(s)
13:37:43: [INFO] Adding track segment (F.Cu): [(43815000, 132715000), (53340000, 132715000)]
13:37:43: [INFO] Routing ROW3 pads
13:37:43: [INFO] Routing pad 'D13:1' at (52705000, 121605000) with pad 'D14:1' at (71755000, 121605000) using coordinate system rotated by 0 degree(s)
13:37:43: [INFO] Adding track segment (B.Cu): [(52705000, 121605000), (71755000, 121605000)]
13:37:43: [INFO] Routing pad 'D14:1' at (71755000, 121605000) with pad 'D15:1' at (90805000, 121605000) using coordinate system rotated by 0 degree(s)
13:37:43: [INFO] Adding track segment (B.Cu): [(71755000, 121605000), (90805000, 121605000)]
13:37:43: [INFO] Routing pad 'D15:1' at (90805000, 121605000) with pad 'D16:1' at (109855000, 121605000) using coordinate system rotated by 0 degree(s)
13:37:43: [INFO] Adding track segment (B.Cu): [(90805000, 121605000), (109855000, 121605000)]
13:37:43: [INFO] Could not add track segment due to detected collision
13:37:43: [INFO] Routing ROW4 pads
13:37:43: [INFO] Routing pad 'D17:1' at (52705000, 140655000) with pad 'D18:1' at (71755000, 140655000) using coordinate system rotated by 0 degree(s)
13:37:43: [INFO] Adding track segment (B.Cu): [(52705000, 140655000), (71755000, 140655000)]
13:37:43: [INFO] Routing pad 'D18:1' at (71755000, 140655000) with pad 'D19:1' at (90805000, 140655000) using coordinate system rotated by 0 degree(s)
13:37:43: [INFO] Adding track segment (B.Cu): [(71755000, 140655000), (90805000, 140655000)]
13:37:43: [INFO] Routing pad 'D19:1' at (90805000, 140655000) with pad 'D20:1' at (109855000, 140655000) using coordinate system rotated by 0 degree(s)
13:37:43: [INFO] Adding track segment (B.Cu): [(90805000, 140655000), (109855000, 140655000)]
13:37:43: [INFO] Routing ROW2 pads
13:37:43: [INFO] Routing pad 'D9:1' at (52705000, 102555000) with pad 'D10:1' at (71755000, 102555000) using coordinate system rotated by 0 degree(s)
13:37:43: [INFO] Adding track segment (B.Cu): [(52705000, 102555000), (71755000, 102555000)]
13:37:43: [INFO] Routing pad 'D10:1' at (71755000, 102555000) with pad 'D11:1' at (90805000, 102555000) using coordinate system rotated by 0 degree(s)
13:37:43: [INFO] Adding track segment (B.Cu): [(71755000, 102555000), (90805000, 102555000)]
13:37:43: [INFO] Routing pad 'D11:1' at (90805000, 102555000) with pad 'D12:1' at (109855000, 102555000) using coordinate system rotated by 0 degree(s)
13:37:43: [INFO] Adding track segment (B.Cu): [(90805000, 102555000), (109855000, 102555000)]
13:37:43: [INFO] Routing ROW1 pads
13:37:43: [INFO] Routing pad 'D5:1' at (52705000, 83505000) with pad 'D6:1' at (71755000, 83505000) using coordinate system rotated by 0 degree(s)
13:37:43: [INFO] Adding track segment (B.Cu): [(52705000, 83505000), (71755000, 83505000)]
13:37:43: [INFO] Routing pad 'D6:1' at (71755000, 83505000) with pad 'D7:1' at (90805000, 83505000) using coordinate system rotated by 0 degree(s)
13:37:43: [INFO] Adding track segment (B.Cu): [(71755000, 83505000), (90805000, 83505000)]
13:37:43: [INFO] Routing pad 'D7:1' at (90805000, 83505000) with pad 'D8:1' at (109855000, 83505000) using coordinate system rotated by 0 degree(s)
13:37:43: [INFO] Adding track segment (B.Cu): [(90805000, 83505000), (109855000, 83505000)]
13:37:43: [INFO] Could not add track segment due to detected collision
13:37:43: [INFO] Removing dangling tracks
