=== kbplacer.kle_serial ===
=== layout2image.py ===
=== kbplacer ===
13:38:35: [INFO] User layout: https://editor.keyboard-tools.xyz/#share=NrDeCIHdwLgAgOwDoEFYA0dwAtZwMxIZYAmeALgE4CuApgL6bgCM6AbADoB233ADOj7hMEAB54AtMjRNo8acRx5CisvCp1GWVpx56BzYXDGTkzAEyLc8ZkS3hz6Zr31OjJ+HySWm1uLdR7R3wXfjcRcHFPbys8AKD0VFCuA3dIyS9YmzsmA2SBIQiouC8fLD943PQQvTDC43TosqVswKqk2pTBcABddAAoMEaSolk40fLxtu0nfO6i5RRFOX8JltXpllnO1L7BiABPDKWx6M3WPjn6jw3TkfP0cyu04vMTrBXM+wu5wwXWu5fJisJ47Nx7IZHeASUpZDb2Aq-F54WG+KYIx5I-4jZoVHJYAQAFixDWKMLWeM2jkuYOuw3JuPRVV0LlS2PJcMqWEcoNZ81JKJiaNaCWJtORTU5+Ic7GePR6QA
13:38:35: [INFO] Labels prefixes: for rows: 'ROW', for columns: 'COL'
13:38:35: [INFO] Matrix size: 2x6
13:38:35: [WARNING] Requested width 0.5u not available for SW_Cherry_MX_PCB, using 1.0u fallback
13:38:35: [WARNING] Requested width 0.5u not available for SW_Cherry_MX_PCB, using 1.0u fallback
13:38:35: [WARNING] Requested width 0.5u not available for SW_Cherry_MX_PCB, using 1.0u fallback
13:38:35: [WARNING] Requested width 0.5u not available for SW_Cherry_MX_PCB, using 1.0u fallback
13:38:36: [INFO] Add COL0 net
13:38:36: [INFO] Add COL1 net
13:38:36: [INFO] Add COL2 net
13:38:36: [INFO] Add COL3 net
13:38:36: [INFO] Add COL4 net
13:38:36: [INFO] Add COL5 net
13:38:36: [INFO] Add COL6 net
13:38:36: [INFO] Add Net-(D1-A) net
13:38:36: [INFO] Add Net-(D10-A) net
13:38:36: [INFO] Add Net-(D11-A) net
13:38:36: [INFO] Add Net-(D12-A) net
13:38:36: [INFO] Add Net-(D13-A) net
13:38:36: [INFO] Add Net-(D14-A) net
13:38:36: [INFO] Add Net-(D15-A) net
13:38:36: [INFO] Add Net-(D16-A) net
13:38:36: [INFO] Add Net-(D17-A) net
13:38:36: [INFO] Add Net-(D2-A) net
13:38:36: [INFO] Add Net-(D3-A) net
13:38:36: [INFO] Add Net-(D4-A) net
13:38:36: [INFO] Add Net-(D5-A) net
13:38:36: [INFO] Add Net-(D6-A) net
13:38:36: [INFO] Add Net-(D7-A) net
13:38:36: [INFO] Add Net-(D8-A) net
13:38:36: [INFO] Add Net-(D9-A) net
13:38:36: [INFO] Add ROW0 net
13:38:36: [INFO] Add ROW1 net
13:38:36: [INFO] Add ROW2 net
13:38:36: [INFO] Add SW1 footprint
13:38:36: [INFO] Add D1 footprint
13:38:36: [INFO] Add SW2 footprint
13:38:36: [INFO] Add D2 footprint
13:38:36: [INFO] Add SW3 footprint
13:38:36: [INFO] Add D3 footprint
13:38:36: [INFO] Add SW4 footprint
13:38:36: [INFO] Add D4 footprint
13:38:36: [INFO] Add SW5 footprint
13:38:36: [INFO] Add D5 footprint
13:38:36: [INFO] Add SW6 footprint
13:38:36: [INFO] Add D6 footprint
13:38:36: [INFO] Add SW7 footprint
13:38:36: [INFO] Add D7 footprint
13:38:36: [WARNING] Requested width 0.5u not available for SW_Cherry_MX_PCB, using 1.0u fallback
13:38:36: [INFO] Add SW8 footprint
13:38:36: [INFO] Add D8 footprint
13:38:36: [WARNING] Requested width 0.5u not available for SW_Cherry_MX_PCB, using 1.0u fallback
13:38:36: [INFO] Add SW8a footprint
13:38:36: [INFO] Add SW9 footprint
13:38:36: [INFO] Add D9 footprint
13:38:36: [INFO] Add SW9a footprint
13:38:36: [WARNING] Requested width 0.5u not available for SW_Cherry_MX_PCB, using 1.0u fallback
13:38:36: [INFO] Add SW10 footprint
13:38:36: [INFO] Add D10 footprint
13:38:36: [WARNING] Requested width 0.5u not available for SW_Cherry_MX_PCB, using 1.0u fallback
13:38:36: [INFO] Add SW10a footprint
13:38:36: [INFO] Add SW11 footprint
13:38:36: [INFO] Add D11 footprint
13:38:36: [INFO] Add SW12 footprint
13:38:36: [INFO] Add D12 footprint
13:38:36: [INFO] Add SW13 footprint
13:38:36: [INFO] Add D13 footprint
13:38:36: [INFO] Add SW14 footprint
13:38:36: [INFO] Add D14 footprint
13:38:36: [INFO] Add SW15 footprint
13:38:36: [INFO] Add D15 footprint
13:38:36: [INFO] Add SW16 footprint
13:38:36: [INFO] Add D16 footprint
13:38:37: [INFO] Add SW17 footprint
13:38:37: [INFO] Add D17 footprint
13:38:37: [INFO] Detected layout convertible to matrix annotated keyboard
13:38:37: [INFO] Using key 1U distance: (19.05, 19.05) mm
13:38:37: [INFO] Layout offset: (35718750, 23812500)
13:38:37: [INFO] Diode info: [ElementInfo(annotation_format='D{}', position_option=<PositionOption.CUSTOM: 'Custom'>, position=ElementPosition(x=5.08, y=4.0, orientation=90.0, side=<Side.BACK: 'Back'>), template_path='', start_index=-1)]
13:38:37: [INFO] Placing additional elements for SW17
13:38:37: [INFO] Placing additional elements for SW16
13:38:37: [INFO] Placing additional elements for SW15
13:38:37: [INFO] Placing additional elements for SW14
13:38:37: [INFO] Placing additional elements for SW13
13:38:37: [INFO] Placing additional elements for SW12
13:38:37: [INFO] Placing additional elements for SW11
13:38:37: [INFO] Placing additional elements for SW10a
13:38:37: [INFO] Placing additional elements for SW10
13:38:37: [INFO] Placing additional elements for SW9a
13:38:37: [INFO] Placing additional elements for SW9
13:38:37: [INFO] Placing additional elements for SW8a
13:38:37: [INFO] Placing additional elements for SW8
13:38:37: [INFO] Placing additional elements for SW7
13:38:37: [INFO] Placing additional elements for SW6
13:38:37: [INFO] Placing additional elements for SW5
13:38:37: [INFO] Placing additional elements for SW4
13:38:37: [INFO] Placing additional elements for SW3
13:38:37: [INFO] Placing additional elements for SW2
13:38:37: [INFO] Placing additional elements for SW1
13:38:37: [INFO] Routing SW17 with D17
13:38:37: [INFO] Using internal autorouter method
13:38:37: [INFO] Routing pad 'SW17:2' at (176371250, 71120000) with pad 'D17:2' at (178911250, 78800000) using coordinate system rotated by 0 degree(s)
13:38:37: [INFO] Adding track segment (B.Cu): [(176371250, 71120000), (176371250, 76260000)]
13:38:37: [INFO] Adding track segment (B.Cu): [(176371250, 76260000), (178911250, 78800000)]
13:38:37: [INFO] Routing SW16 with D16
13:38:37: [INFO] Using internal autorouter method
13:38:37: [INFO] Routing pad 'SW16:2' at (107315000, 33020000) with pad 'D16:2' at (109855000, 40700000) using coordinate system rotated by 0 degree(s)
13:38:37: [INFO] Adding track segment (B.Cu): [(107315000, 33020000), (107315000, 38160000)]
13:38:37: [INFO] Adding track segment (B.Cu): [(107315000, 38160000), (109855000, 40700000)]
13:38:37: [INFO] Routing SW15 with D15
13:38:37: [INFO] Using internal autorouter method
13:38:37: [INFO] Routing pad 'SW15:2' at (152558750, 71120000) with pad 'D15:2' at (155098750, 78800000) using coordinate system rotated by 0 degree(s)
13:38:37: [INFO] Adding track segment (B.Cu): [(152558750, 71120000), (152558750, 76260000)]
13:38:37: [INFO] Adding track segment (B.Cu): [(152558750, 76260000), (155098750, 78800000)]
13:38:37: [INFO] Routing SW14 with D14
13:38:37: [INFO] Using internal autorouter method
13:38:37: [INFO] Routing pad 'SW14:2' at (83502500, 33020000) with pad 'D14:2' at (86042500, 40700000) using coordinate system rotated by 0 degree(s)
13:38:37: [INFO] Adding track segment (B.Cu): [(83502500, 33020000), (83502500, 38160000)]
13:38:37: [INFO] Adding track segment (B.Cu): [(83502500, 38160000), (86042500, 40700000)]
13:38:37: [INFO] Routing SW13 with D13
13:38:37: [INFO] Using internal autorouter method
13:38:37: [INFO] Routing pad 'SW13:2' at (128746250, 71120000) with pad 'D13:2' at (131286250, 78800000) using coordinate system rotated by 0 degree(s)
13:38:37: [INFO] Adding track segment (B.Cu): [(128746250, 71120000), (128746250, 76260000)]
13:38:37: [INFO] Adding track segment (B.Cu): [(128746250, 76260000), (131286250, 78800000)]
13:38:37: [INFO] Routing SW12 with D12
13:38:37: [INFO] Using internal autorouter method
13:38:37: [INFO] Routing pad 'SW12:2' at (59690000, 33020000) with pad 'D12:2' at (62230000, 40700000) using coordinate system rotated by 0 degree(s)
13:38:37: [INFO] Adding track segment (B.Cu): [(59690000, 33020000), (59690000, 38160000)]
13:38:37: [INFO] Adding track segment (B.Cu): [(59690000, 38160000), (62230000, 40700000)]
13:38:37: [INFO] Routing SW11 with D11
13:38:37: [INFO] Using internal autorouter method
13:38:37: [INFO] Routing pad 'SW11:2' at (104933750, 71120000) with pad 'D11:2' at (107473750, 78800000) using coordinate system rotated by 0 degree(s)
13:38:37: [INFO] Adding track segment (B.Cu): [(104933750, 71120000), (104933750, 76260000)]
13:38:37: [INFO] Adding track segment (B.Cu): [(104933750, 76260000), (107473750, 78800000)]
13:38:37: [INFO] Routing SW10a with D10
13:38:37: [INFO] Using internal autorouter method
13:38:37: [INFO] Routing pad 'SW10a:2' at (181133750, 52070000) with pad 'D10:2' at (83661250, 59750000) using coordinate system rotated by 0 degree(s)
13:38:37: [INFO] Routing SW10 with D10
13:38:37: [INFO] Using internal autorouter method
13:38:37: [INFO] Routing pad 'SW10:2' at (81121250, 52070000) with pad 'D10:2' at (83661250, 59750000) using coordinate system rotated by 0 degree(s)
13:38:37: [INFO] Adding track segment (B.Cu): [(81121250, 52070000), (81121250, 57210000)]
13:38:37: [INFO] Adding track segment (B.Cu): [(81121250, 57210000), (83661250, 59750000)]
13:38:37: [INFO] Routing SW9a with D9
13:38:37: [INFO] Using internal autorouter method
13:38:37: [INFO] Routing pad 'SW9a:2' at (162083750, 52070000) with pad 'D9:2' at (64611250, 59750000) using coordinate system rotated by 0 degree(s)
13:38:37: [INFO] Routing SW9 with D9
13:38:37: [INFO] Using internal autorouter method
13:38:37: [INFO] Routing pad 'SW9:2' at (62071250, 52070000) with pad 'D9:2' at (64611250, 59750000) using coordinate system rotated by 0 degree(s)
13:38:37: [INFO] Adding track segment (B.Cu): [(62071250, 52070000), (62071250, 57210000)]
13:38:37: [INFO] Adding track segment (B.Cu): [(62071250, 57210000), (64611250, 59750000)]
13:38:37: [INFO] Routing SW8a with D8
13:38:37: [INFO] Using internal autorouter method
13:38:37: [INFO] Routing pad 'SW8a:2' at (143033750, 52070000) with pad 'D8:2' at (45561250, 59750000) using coordinate system rotated by 0 degree(s)
13:38:37: [INFO] Routing SW8 with D8
13:38:37: [INFO] Using internal autorouter method
13:38:37: [INFO] Routing pad 'SW8:2' at (43021250, 52070000) with pad 'D8:2' at (45561250, 59750000) using coordinate system rotated by 0 degree(s)
13:38:37: [INFO] Adding track segment (B.Cu): [(43021250, 52070000), (43021250, 57210000)]
13:38:37: [INFO] Adding track segment (B.Cu): [(43021250, 57210000), (45561250, 59750000)]
13:38:37: [INFO] Routing SW7 with D7
13:38:37: [INFO] Using internal autorouter method
13:38:37: [INFO] Routing pad 'SW7:2' at (119221250, 71120000) with pad 'D7:2' at (121761250, 78800000) using coordinate system rotated by 0 degree(s)
13:38:37: [INFO] Adding track segment (B.Cu): [(119221250, 71120000), (119221250, 76260000)]
13:38:37: [INFO] Adding track segment (B.Cu): [(119221250, 76260000), (121761250, 78800000)]
13:38:37: [INFO] Routing SW6 with D6
13:38:37: [INFO] Using internal autorouter method
13:38:37: [INFO] Routing pad 'SW6:2' at (164465000, 33020000) with pad 'D6:2' at (167005000, 40700000) using coordinate system rotated by 0 degree(s)
13:38:37: [INFO] Adding track segment (B.Cu): [(164465000, 33020000), (164465000, 38160000)]
13:38:37: [INFO] Adding track segment (B.Cu): [(164465000, 38160000), (167005000, 40700000)]
13:38:37: [INFO] Routing SW5 with D5
13:38:37: [INFO] Using internal autorouter method
13:38:37: [INFO] Routing pad 'SW5:2' at (95408750, 71120000) with pad 'D5:2' at (97948750, 78800000) using coordinate system rotated by 0 degree(s)
13:38:37: [INFO] Adding track segment (B.Cu): [(95408750, 71120000), (95408750, 76260000)]
13:38:37: [INFO] Adding track segment (B.Cu): [(95408750, 76260000), (97948750, 78800000)]
13:38:37: [INFO] Routing SW4 with D4
13:38:37: [INFO] Using internal autorouter method
13:38:37: [INFO] Routing pad 'SW4:2' at (140652500, 33020000) with pad 'D4:2' at (143192500, 40700000) using coordinate system rotated by 0 degree(s)
13:38:37: [INFO] Adding track segment (B.Cu): [(140652500, 33020000), (140652500, 38160000)]
13:38:37: [INFO] Adding track segment (B.Cu): [(140652500, 38160000), (143192500, 40700000)]
13:38:37: [INFO] Routing SW3 with D3
13:38:37: [INFO] Using internal autorouter method
13:38:37: [INFO] Routing pad 'SW3:2' at (71596250, 71120000) with pad 'D3:2' at (74136250, 78800000) using coordinate system rotated by 0 degree(s)
13:38:37: [INFO] Adding track segment (B.Cu): [(71596250, 71120000), (71596250, 76260000)]
13:38:37: [INFO] Adding track segment (B.Cu): [(71596250, 76260000), (74136250, 78800000)]
13:38:37: [INFO] Routing SW2 with D2
13:38:37: [INFO] Using internal autorouter method
13:38:37: [INFO] Routing pad 'SW2:2' at (116840000, 33020000) with pad 'D2:2' at (119380000, 40700000) using coordinate system rotated by 0 degree(s)
13:38:37: [INFO] Adding track segment (B.Cu): [(116840000, 33020000), (116840000, 38160000)]
13:38:37: [INFO] Adding track segment (B.Cu): [(116840000, 38160000), (119380000, 40700000)]
13:38:37: [INFO] Routing SW1 with D1
13:38:37: [INFO] Using internal autorouter method
13:38:37: [INFO] Routing pad 'SW1:2' at (47783750, 71120000) with pad 'D1:2' at (50323750, 78800000) using coordinate system rotated by 0 degree(s)
13:38:37: [INFO] Adding track segment (B.Cu): [(47783750, 71120000), (47783750, 76260000)]
13:38:37: [INFO] Adding track segment (B.Cu): [(47783750, 76260000), (50323750, 78800000)]
13:38:37: [INFO] Routing ROW1 pads
13:38:37: [INFO] Routing pad 'D8:1' at (45561250, 62550000) with pad 'D9:1' at (64611250, 62550000) using coordinate system rotated by 0 degree(s)
13:38:37: [INFO] Adding track segment (B.Cu): [(45561250, 62550000), (64611250, 62550000)]
13:38:37: [INFO] Routing pad 'D9:1' at (64611250, 62550000) with pad 'D10:1' at (83661250, 62550000) using coordinate system rotated by 0 degree(s)
13:38:37: [INFO] Adding track segment (B.Cu): [(64611250, 62550000), (83661250, 62550000)]
13:38:37: [INFO] Routing COL0 pads
13:38:37: [INFO] Routing pad 'SW8:1' at (36671250, 54610000) with pad 'SW1:1' at (41433750, 73660000) using coordinate system rotated by 0 degree(s)
13:38:37: [INFO] Adding track segment (F.Cu): [(36671250, 54610000), (36671250, 68897500)]
13:38:37: [INFO] Adding track segment (F.Cu): [(36671250, 68897500), (41433750, 73660000)]
13:38:37: [INFO] Routing pad 'SW1:1' at (41433750, 73660000) with pad 'SW11:1' at (98583750, 73660000) using coordinate system rotated by 0 degree(s)
13:38:37: [INFO] Adding track segment (F.Cu): [(41433750, 73660000), (98583750, 73660000)]
13:38:37: [INFO] Could not add track segment due to detected collision
13:38:37: [INFO] Routing pad 'SW11:1' at (98583750, 73660000) with pad 'SW8a:1' at (136683750, 54610000) using coordinate system rotated by 0 degree(s)
13:38:37: [INFO] Adding track segment (F.Cu): [(98583750, 73660000), (117633750, 54610000)]
13:38:37: [INFO] Adding track segment (F.Cu): [(117633750, 54610000), (136683750, 54610000)]
13:38:37: [INFO] Routing COL2 pads
13:38:37: [INFO] Routing pad 'SW3:1' at (65246250, 73660000) with pad 'SW10:1' at (74771250, 54610000) using coordinate system rotated by 0 degree(s)
13:38:37: [INFO] Adding track segment (F.Cu): [(65246250, 73660000), (74771250, 64135000)]
13:38:37: [INFO] Adding track segment (F.Cu): [(74771250, 64135000), (74771250, 54610000)]
13:38:37: [INFO] Routing pad 'SW10:1' at (74771250, 54610000) with pad 'SW13:1' at (122396250, 73660000) using coordinate system rotated by 0 degree(s)
13:38:37: [INFO] Routing pad 'SW13:1' at (122396250, 73660000) with pad 'SW10a:1' at (174783750, 54610000) using coordinate system rotated by 0 degree(s)
13:38:37: [INFO] Routing COL3 pads
13:38:37: [INFO] Routing pad 'SW14:1' at (77152500, 35560000) with pad 'SW4:1' at (134302500, 35560000) using coordinate system rotated by 0 degree(s)
13:38:37: [INFO] Adding track segment (F.Cu): [(77152500, 35560000), (134302500, 35560000)]
13:38:37: [INFO] Could not add track segment due to detected collision
13:38:37: [INFO] Routing COL5 pads
13:38:37: [INFO] Routing pad 'SW16:1' at (100965000, 35560000) with pad 'SW6:1' at (158115000, 35560000) using coordinate system rotated by 0 degree(s)
13:38:37: [INFO] Adding track segment (F.Cu): [(100965000, 35560000), (158115000, 35560000)]
13:38:37: [INFO] Could not add track segment due to detected collision
13:38:37: [INFO] Routing ROW2 pads
13:38:37: [INFO] Routing pad 'D12:1' at (62230000, 43500000) with pad 'D14:1' at (86042500, 43500000) using coordinate system rotated by 0 degree(s)
13:38:37: [INFO] Adding track segment (B.Cu): [(62230000, 43500000), (86042500, 43500000)]
13:38:37: [INFO] Routing pad 'D16:1' at (109855000, 43500000) with pad 'D11:1' at (107473750, 81600000) using coordinate system rotated by 0 degree(s)
13:38:37: [INFO] Adding track segment (B.Cu): [(109855000, 43500000), (109855000, 79218750)]
13:38:37: [INFO] Adding track segment (B.Cu): [(109855000, 79218750), (107473750, 81600000)]
13:38:37: [INFO] Routing pad 'D14:1' at (86042500, 43500000) with pad 'D16:1' at (109855000, 43500000) using coordinate system rotated by 0 degree(s)
13:38:37: [INFO] Adding track segment (B.Cu): [(86042500, 43500000), (109855000, 43500000)]
13:38:37: [INFO] Routing pad 'D11:1' at (107473750, 81600000) with pad 'D13:1' at (131286250, 81600000) using coordinate system rotated by 0 degree(s)
13:38:37: [INFO] Adding track segment (B.Cu): [(107473750, 81600000), (131286250, 81600000)]
13:38:37: [INFO] Could not add track segment due to detected collision
13:38:37: [INFO] Routing pad 'D13:1' at (131286250, 81600000) with pad 'D15:1' at (155098750, 81600000) using coordinate system rotated by 0 degree(s)
13:38:37: [INFO] Adding track segment (B.Cu): [(131286250, 81600000), (155098750, 81600000)]
13:38:37: [INFO] Routing pad 'D15:1' at (155098750, 81600000) with pad 'D17:1' at (178911250, 81600000) using coordinate system rotated by 0 degree(s)
13:38:37: [INFO] Adding track segment (B.Cu): [(155098750, 81600000), (178911250, 81600000)]
13:38:37: [INFO] Routing COL4 pads
13:38:37: [INFO] Routing pad 'SW5:1' at (89058750, 73660000) with pad 'SW15:1' at (146208750, 73660000) using coordinate system rotated by 0 degree(s)
13:38:37: [INFO] Adding track segment (F.Cu): [(89058750, 73660000), (146208750, 73660000)]
13:38:37: [INFO] Could not add track segment due to detected collision
13:38:37: [INFO] Routing ROW0 pads
13:38:37: [INFO] Routing pad 'D1:1' at (50323750, 81600000) with pad 'D3:1' at (74136250, 81600000) using coordinate system rotated by 0 degree(s)
13:38:37: [INFO] Adding track segment (B.Cu): [(50323750, 81600000), (74136250, 81600000)]
13:38:37: [INFO] Routing pad 'D3:1' at (74136250, 81600000) with pad 'D5:1' at (97948750, 81600000) using coordinate system rotated by 0 degree(s)
13:38:37: [INFO] Adding track segment (B.Cu): [(74136250, 81600000), (97948750, 81600000)]
13:38:37: [INFO] Routing pad 'D7:1' at (121761250, 81600000) with pad 'D2:1' at (119380000, 43500000) using coordinate system rotated by 0 degree(s)
13:38:37: [INFO] Routing pad 'D5:1' at (97948750, 81600000) with pad 'D7:1' at (121761250, 81600000) using coordinate system rotated by 0 degree(s)
13:38:37: [INFO] Adding track segment (B.Cu): [(97948750, 81600000), (121761250, 81600000)]
13:38:37: [INFO] Could not add track segment due to detected collision
13:38:37: [INFO] Routing pad 'D2:1' at (119380000, 43500000) with pad 'D4:1' at (143192500, 43500000) using coordinate system rotated by 0 degree(s)
13:38:37: [INFO] Adding track segment (B.Cu): [(119380000, 43500000), (143192500, 43500000)]
13:38:37: [INFO] Routing pad 'D4:1' at (143192500, 43500000) with pad 'D6:1' at (167005000, 43500000) using coordinate system rotated by 0 degree(s)
13:38:37: [INFO] Adding track segment (B.Cu): [(143192500, 43500000), (167005000, 43500000)]
13:38:37: [INFO] Routing COL6 pads
13:38:37: [INFO] Routing pad 'SW7:1' at (112871250, 73660000) with pad 'SW17:1' at (170021250, 73660000) using coordinate system rotated by 0 degree(s)
13:38:37: [INFO] Adding track segment (F.Cu): [(112871250, 73660000), (170021250, 73660000)]
13:38:37: [INFO] Could not add track segment due to detected collision
13:38:37: [INFO] Routing COL1 pads
13:38:37: [INFO] Routing pad 'SW12:1' at (53340000, 35560000) with pad 'SW9:1' at (55721250, 54610000) using coordinate system rotated by 0 degree(s)
13:38:37: [INFO] Adding track segment (F.Cu): [(53340000, 35560000), (53340000, 52228750)]
13:38:37: [INFO] Adding track segment (F.Cu): [(53340000, 52228750), (55721250, 54610000)]
13:38:37: [INFO] Routing pad 'SW12:1' at (53340000, 35560000) with pad 'SW2:1' at (110490000, 35560000) using coordinate system rotated by 0 degree(s)
13:38:37: [INFO] Adding track segment (F.Cu): [(53340000, 35560000), (110490000, 35560000)]
13:38:37: [INFO] Could not add track segment due to detected collision
13:38:37: [INFO] Routing pad 'SW2:1' at (110490000, 35560000) with pad 'SW9a:1' at (155733750, 54610000) using coordinate system rotated by 0 degree(s)
13:38:37: [INFO] Removing dangling tracks
