=== kbplacer.kle_serial ===
=== layout2image.py ===
=== kbplacer ===
14:24:42: [INFO] User layout: https://editor.keyboard-tools.xyz/#share=NrDeCIGcFtwLgATgE4HsAuB9ApgYwIz7gC+ANEgAykUA6AdvYw80-dheORAB7wIUA6AEwBWMpVL5WLGU2xEAuqQBQYcAE8+g0eSixE4ErvzVOCHluFjjk8AoVA
14:24:42: [INFO] Labels prefixes: for rows: 'ROW', for columns: 'COL'
14:24:42: [INFO] Matrix size: 1x1
14:24:42: [INFO] Add COL0 net
14:24:42: [INFO] Add COL1 net
14:24:42: [INFO] Add Net-(D1-A) net
14:24:42: [INFO] Add Net-(D2-A) net
14:24:42: [INFO] Add Net-(D3-A) net
14:24:42: [INFO] Add Net-(D4-A) net
14:24:42: [INFO] Add ROW0 net
14:24:42: [INFO] Add ROW1 net
14:24:42: [INFO] Add SW1 footprint
14:24:42: [INFO] Add D1 footprint
14:24:42: [INFO] Add SW2 footprint
14:24:42: [INFO] Add D2 footprint
14:24:42: [INFO] Add SW3 footprint
14:24:42: [INFO] Add D3 footprint
14:24:42: [INFO] Add SW4 footprint
14:24:42: [INFO] Add D4 footprint
14:24:42: [INFO] Detected layout convertible to matrix annotated keyboard
14:24:42: [INFO] Using key 1U distance: (19.05, 19.05) mm
14:24:42: [INFO] Layout offset: (28575000, 28575000)
14:24:42: [INFO] Diode info: [ElementInfo(annotation_format='D{}', position_option=<PositionOption.CUSTOM: 'Custom'>, position=ElementPosition(x=5.08, y=4.0, orientation=90.0, side=<Side.BACK: 'Back'>), template_path='', start_index=-1)]
14:24:42: [INFO] Placing additional elements for SW4
14:24:42: [INFO] Placing additional elements for SW3
14:24:42: [INFO] Placing additional elements for SW2
14:24:42: [INFO] Placing additional elements for SW1
14:24:42: [INFO] Routing SW4 with D4
14:24:42: [INFO] Using internal autorouter method
14:24:42: [INFO] Routing pad 'SW4:2' at (64452500, 56832500) with pad 'D4:2' at (66992500, 64512500) using coordinate system rotated by 0 degree(s)
14:24:42: [INFO] Adding track segment (B.Cu): [(64452500, 56832500), (64452500, 61972500)]
14:24:42: [INFO] Adding track segment (B.Cu): [(64452500, 61972500), (66992500, 64512500)]
14:24:42: [INFO] Routing SW3 with D3
14:24:42: [INFO] Using internal autorouter method
14:24:42: [INFO] Routing pad 'SW3:2' at (40640000, 56832500) with pad 'D3:2' at (43180000, 64512500) using coordinate system rotated by 0 degree(s)
14:24:42: [INFO] Adding track segment (B.Cu): [(40640000, 56832500), (40640000, 61972500)]
14:24:42: [INFO] Adding track segment (B.Cu): [(40640000, 61972500), (43180000, 64512500)]
14:24:42: [INFO] Routing SW2 with D2
14:24:42: [INFO] Using internal autorouter method
14:24:42: [INFO] Routing pad 'SW2:S2' at (68912500, 35600000) with pad 'D2:2' at (59492500, 38200000) using coordinate system rotated by 0 degree(s)
14:24:42: [INFO] Adding track segment (B.Cu): [(68912500, 35600000), (62092500, 35600000)]
14:24:42: [INFO] Adding track segment (B.Cu): [(62092500, 35600000), (59492500, 38200000)]
14:24:42: [INFO] Routing SW1 with D1
14:24:42: [INFO] Using internal autorouter method
14:24:42: [INFO] Routing pad 'SW1:S2' at (45100000, 35600000) with pad 'D1:2' at (35680000, 38200000) using coordinate system rotated by 0 degree(s)
14:24:42: [INFO] Adding track segment (B.Cu): [(45100000, 35600000), (38280000, 35600000)]
14:24:42: [INFO] Adding track segment (B.Cu): [(38280000, 35600000), (35680000, 38200000)]
14:24:42: [INFO] Routing ROW0 pads
14:24:42: [INFO] Routing pad 'D1:1' at (35680000, 41000000) with pad 'D2:1' at (59492500, 41000000) using coordinate system rotated by 0 degree(s)
14:24:42: [INFO] Adding track segment (B.Cu): [(35680000, 41000000), (59492500, 41000000)]
14:24:42: [INFO] Could not add track segment due to detected collision
14:24:42: [INFO] Routing COL1 pads
14:24:42: [INFO] Routing pad 'SW4:1' at (58102500, 59372500) with pad 'SW2:S1' at (68912500, 40600000) using coordinate system rotated by 0 degree(s)
14:24:42: [INFO] Adding track segment (F.Cu): [(58102500, 59372500), (58102500, 51410000)]
14:24:42: [INFO] Adding track segment (F.Cu): [(58102500, 51410000), (68912500, 40600000)]
14:24:42: [INFO] Routing ROW1 pads
14:24:42: [INFO] Routing pad 'D3:1' at (43180000, 67312500) with pad 'D4:1' at (66992500, 67312500) using coordinate system rotated by 0 degree(s)
14:24:42: [INFO] Adding track segment (B.Cu): [(43180000, 67312500), (66992500, 67312500)]
14:24:42: [INFO] Routing COL0 pads
14:24:42: [INFO] Routing pad 'SW3:1' at (34290000, 59372500) with pad 'SW1:S1' at (45100000, 40600000) using coordinate system rotated by 0 degree(s)
14:24:42: [INFO] Adding track segment (F.Cu): [(34290000, 59372500), (34290000, 51410000)]
14:24:42: [INFO] Adding track segment (F.Cu): [(34290000, 51410000), (45100000, 40600000)]
14:24:42: [INFO] Removing dangling tracks
