=== kbplacer.kle_serial ===
=== layout2image.py ===
=== kbplacer ===
14:25:53: [INFO] User layout: https://editor.keyboard-tools.xyz/#share=NrDeCIA9wLgAgAwDoCsA2ANHcBPWikBmFLcAY33AGIBDO+8Ugd3wEZUBfUhDBRuCNHisATElYlsLYZ24ZWhcAF0MAKDBR8yQgA5mbWdla9+ECvGpkr18FyPzTm4e0nlKtenX7hpcF3fBjBWU1DSECEUJ9GRQAkRMsQTYxHXipA1jSeOCVdST4ZAQAFmi-Q3AovkSnP0JxAE5S-1IonNCIACdwsVdwgFpkIpLsPAKiV3NsKmsbAJ5WELyagaQAdlXSUbKEOIdcsPwV+rQA1sWD+D72BQCShf3O8IkkEV7DsWLNrXG5+RFz-JwK5IHSrAJBf4PZbsMFZP4A8BdNiYbD9MQiDYjfB1YineFQtHiW749qItg8bBIgqkcJoF5pXDYpD1YzpeAiYloAA6ADtebzjFUBMtChzSCU+AT8HTXl8xplsCUUPy+Tygt4StzVQK9qSqXAGd0XgrwDxFFKZLKsZdkKDfv9qk8kDs5EUEeEisa5UDbTpfihvDw0O78OjXFsVq9wRhzaSnVbGTaQbD7A7hU6XfY3Ra4J6ExHfdGA9VJtRPF5SAALDLRrUqnhCwHAiluCzTGYUWsq3nzEPsr3Wn3G3axpbx8OHW0p8DxNOA9iZmcYbNx-B5idJnR+uHF7BROuq3s5lADxNDibucs0bzVmJ4g89kw5sPelarC9tjudloxvtlfOTsmeJzjUC54iuY5rqeBYgtue4YLuS4PjyR6rv2AFJlG4q-jm7AYUOdrYSBGbEhBGgdIcrAtvqLbhKsayNIOdKrFEbIGsSqzdjy8SSmhcD0e+3rICaJScdq3EONhOhcdkCL6qw640ocdRYdg8y8ZBlyKYOKyEWpGD1I4JFyKw9x8X0MobgRcGmhgqyBhgOh-n0KlWZGJpBBpFxAtpZ66dOxiGY6BiLkEZmaUClmvr6pClh4ng3jWpDGGJ9YJOmlHOrF7hfrYyV2Vxvb5U5OYudBgGqUuVHOb5MF6UuQUZTIi7ZOF3kWeVm42fEqWHpJ2DxCV5lRTpwnZW2V6JXeP69Y+XlNq50VrB+Uy5Xi1WlbVgH1VEjXzs661tU2I1+YWM2Ff1FSOc5i2jcO2EbeZW2btOJR7aBB0PfcShAA
14:25:53: [INFO] Labels prefixes: for rows: 'ROW', for columns: 'COL'
14:25:53: [INFO] Matrix size: 4x13
14:25:54: [INFO] Add COL0 net
14:25:54: [INFO] Add COL1 net
14:25:54: [INFO] Add COL10 net
14:25:54: [INFO] Add COL11 net
14:25:54: [INFO] Add COL12 net
14:25:54: [INFO] Add COL13 net
14:25:54: [INFO] Add COL2 net
14:25:54: [INFO] Add COL3 net
14:25:54: [INFO] Add COL4 net
14:25:54: [INFO] Add COL5 net
14:25:54: [INFO] Add COL6 net
14:25:54: [INFO] Add COL7 net
14:25:54: [INFO] Add COL8 net
14:25:54: [INFO] Add COL9 net
14:25:54: [INFO] Add Net-(D1-A) net
14:25:54: [INFO] Add Net-(D10-A) net
14:25:54: [INFO] Add Net-(D11-A) net
14:25:54: [INFO] Add Net-(D12-A) net
14:25:54: [INFO] Add Net-(D13-A) net
14:25:54: [INFO] Add Net-(D14-A) net
14:25:54: [INFO] Add Net-(D15-A) net
14:25:54: [INFO] Add Net-(D16-A) net
14:25:54: [INFO] Add Net-(D17-A) net
14:25:54: [INFO] Add Net-(D18-A) net
14:25:54: [INFO] Add Net-(D19-A) net
14:25:54: [INFO] Add Net-(D2-A) net
14:25:54: [INFO] Add Net-(D20-A) net
14:25:54: [INFO] Add Net-(D21-A) net
14:25:54: [INFO] Add Net-(D22-A) net
14:25:54: [INFO] Add Net-(D23-A) net
14:25:54: [INFO] Add Net-(D24-A) net
14:25:54: [INFO] Add Net-(D25-A) net
14:25:54: [INFO] Add Net-(D26-A) net
14:25:54: [INFO] Add Net-(D27-A) net
14:25:54: [INFO] Add Net-(D28-A) net
14:25:54: [INFO] Add Net-(D29-A) net
14:25:54: [INFO] Add Net-(D3-A) net
14:25:54: [INFO] Add Net-(D30-A) net
14:25:54: [INFO] Add Net-(D31-A) net
14:25:54: [INFO] Add Net-(D32-A) net
14:25:54: [INFO] Add Net-(D33-A) net
14:25:54: [INFO] Add Net-(D34-A) net
14:25:54: [INFO] Add Net-(D35-A) net
14:25:54: [INFO] Add Net-(D36-A) net
14:25:54: [INFO] Add Net-(D37-A) net
14:25:54: [INFO] Add Net-(D38-A) net
14:25:54: [INFO] Add Net-(D39-A) net
14:25:54: [INFO] Add Net-(D4-A) net
14:25:54: [INFO] Add Net-(D40-A) net
14:25:54: [INFO] Add Net-(D41-A) net
14:25:54: [INFO] Add Net-(D42-A) net
14:25:54: [INFO] Add Net-(D43-A) net
14:25:54: [INFO] Add Net-(D44-A) net
14:25:54: [INFO] Add Net-(D45-A) net
14:25:54: [INFO] Add Net-(D46-A) net
14:25:54: [INFO] Add Net-(D47-A) net
14:25:54: [INFO] Add Net-(D48-A) net
14:25:54: [INFO] Add Net-(D49-A) net
14:25:54: [INFO] Add Net-(D5-A) net
14:25:54: [INFO] Add Net-(D50-A) net
14:25:54: [INFO] Add Net-(D51-A) net
14:25:54: [INFO] Add Net-(D52-A) net
14:25:54: [INFO] Add Net-(D53-A) net
14:25:54: [INFO] Add Net-(D54-A) net
14:25:54: [INFO] Add Net-(D55-A) net
14:25:54: [INFO] Add Net-(D56-A) net
14:25:54: [INFO] Add Net-(D57-A) net
14:25:54: [INFO] Add Net-(D58-A) net
14:25:54: [INFO] Add Net-(D59-A) net
14:25:54: [INFO] Add Net-(D6-A) net
14:25:54: [INFO] Add Net-(D60-A) net
14:25:54: [INFO] Add Net-(D61-A) net
14:25:54: [INFO] Add Net-(D62-A) net
14:25:54: [INFO] Add Net-(D63-A) net
14:25:54: [INFO] Add Net-(D64-A) net
14:25:54: [INFO] Add Net-(D65-A) net
14:25:54: [INFO] Add Net-(D66-A) net
14:25:54: [INFO] Add Net-(D67-A) net
14:25:54: [INFO] Add Net-(D68-A) net
14:25:54: [INFO] Add Net-(D69-A) net
14:25:54: [INFO] Add Net-(D7-A) net
14:25:54: [INFO] Add Net-(D8-A) net
14:25:54: [INFO] Add Net-(D9-A) net
14:25:54: [INFO] Add ROW0 net
14:25:54: [INFO] Add ROW1 net
14:25:54: [INFO] Add ROW2 net
14:25:54: [INFO] Add ROW3 net
14:25:54: [INFO] Add ROW4 net
14:25:54: [INFO] Add SW1 footprint
14:25:54: [INFO] Add D1 footprint
14:25:54: [INFO] Add SW2 footprint
14:25:54: [INFO] Add D2 footprint
14:25:54: [INFO] Add SW3 footprint
14:25:54: [INFO] Add D3 footprint
14:25:54: [INFO] Add SW4 footprint
14:25:54: [INFO] Add D4 footprint
14:25:54: [INFO] Add SW5 footprint
14:25:54: [INFO] Add D5 footprint
14:25:54: [INFO] Add SW6 footprint
14:25:54: [INFO] Add D6 footprint
14:25:54: [INFO] Add SW7 footprint
14:25:54: [INFO] Add D7 footprint
14:25:54: [INFO] Add SW8 footprint
14:25:54: [INFO] Add D8 footprint
14:25:54: [INFO] Add SW9 footprint
14:25:54: [INFO] Add D9 footprint
14:25:54: [INFO] Add SW10 footprint
14:25:54: [INFO] Add D10 footprint
14:25:54: [INFO] Add SW11 footprint
14:25:54: [INFO] Add D11 footprint
14:25:54: [INFO] Add SW12 footprint
14:25:54: [INFO] Add D12 footprint
14:25:54: [INFO] Add SW13 footprint
14:25:54: [INFO] Add D13 footprint
14:25:54: [INFO] Add SW14 footprint
14:25:54: [INFO] Add D14 footprint
14:25:54: [INFO] Add SW15 footprint
14:25:54: [INFO] Add D15 footprint
14:25:54: [INFO] Add SW16 footprint
14:25:54: [INFO] Add D16 footprint
14:25:54: [INFO] Add SW17 footprint
14:25:54: [INFO] Add D17 footprint
14:25:55: [INFO] Add SW18 footprint
14:25:55: [INFO] Add D18 footprint
14:25:55: [INFO] Add SW19 footprint
14:25:55: [INFO] Add D19 footprint
14:25:55: [INFO] Add SW20 footprint
14:25:55: [INFO] Add D20 footprint
14:25:55: [INFO] Add SW21 footprint
14:25:55: [INFO] Add D21 footprint
14:25:55: [INFO] Add SW21a footprint
14:25:55: [INFO] Add SW22 footprint
14:25:55: [INFO] Add D22 footprint
14:25:55: [INFO] Add SW22a footprint
14:25:55: [INFO] Add SW23 footprint
14:25:55: [INFO] Add D23 footprint
14:25:55: [INFO] Add SW24 footprint
14:25:55: [INFO] Add D24 footprint
14:25:55: [INFO] Add SW25 footprint
14:25:55: [INFO] Add D25 footprint
14:25:55: [INFO] Add SW26 footprint
14:25:55: [INFO] Add D26 footprint
14:25:55: [INFO] Add SW27 footprint
14:25:55: [INFO] Add D27 footprint
14:25:55: [INFO] Add SW28 footprint
14:25:55: [INFO] Add D28 footprint
14:25:55: [INFO] Add SW29 footprint
14:25:55: [INFO] Add D29 footprint
14:25:55: [INFO] Add SW30 footprint
14:25:55: [INFO] Add D30 footprint
14:25:55: [INFO] Add SW31 footprint
14:25:55: [INFO] Add D31 footprint
14:25:55: [INFO] Add SW32 footprint
14:25:55: [INFO] Add D32 footprint
14:25:55: [INFO] Add SW33 footprint
14:25:55: [INFO] Add D33 footprint
14:25:55: [INFO] Add SW34 footprint
14:25:55: [INFO] Add D34 footprint
14:25:55: [INFO] Add SW35 footprint
14:25:55: [INFO] Add D35 footprint
14:25:55: [INFO] Add SW36 footprint
14:25:55: [INFO] Add D36 footprint
14:25:56: [INFO] Add SW37 footprint
14:25:56: [INFO] Add D37 footprint
14:25:56: [INFO] Add SW38 footprint
14:25:56: [INFO] Add D38 footprint
14:25:56: [INFO] Add SW39 footprint
14:25:56: [INFO] Add D39 footprint
14:25:56: [INFO] Add SW40 footprint
14:25:56: [INFO] Add D40 footprint
14:25:56: [INFO] Add SW41 footprint
14:25:56: [INFO] Add D41 footprint
14:25:56: [INFO] Add SW42 footprint
14:25:56: [INFO] Add D42 footprint
14:25:56: [INFO] Add SW43 footprint
14:25:56: [INFO] Add D43 footprint
14:25:56: [INFO] Add SW44 footprint
14:25:56: [INFO] Add D44 footprint
14:25:56: [INFO] Add SW45 footprint
14:25:56: [INFO] Add D45 footprint
14:25:56: [INFO] Add SW46 footprint
14:25:56: [INFO] Add D46 footprint
14:25:56: [INFO] Add SW47 footprint
14:25:56: [INFO] Add D47 footprint
14:25:56: [INFO] Add SW48 footprint
14:25:56: [INFO] Add D48 footprint
14:25:56: [INFO] Add SW49 footprint
14:25:56: [INFO] Add D49 footprint
14:25:56: [INFO] Add SW49a footprint
14:25:56: [INFO] Add SW50 footprint
14:25:56: [INFO] Add D50 footprint
14:25:56: [INFO] Add SW50a footprint
14:25:56: [INFO] Add SW51 footprint
14:25:56: [INFO] Add D51 footprint
14:25:56: [INFO] Add SW52 footprint
14:25:56: [INFO] Add D52 footprint
14:25:56: [INFO] Add SW53 footprint
14:25:56: [INFO] Add D53 footprint
14:25:56: [INFO] Add SW54 footprint
14:25:56: [INFO] Add D54 footprint
14:25:56: [INFO] Add SW55 footprint
14:25:57: [INFO] Add D55 footprint
14:25:57: [INFO] Add SW56 footprint
14:25:57: [INFO] Add D56 footprint
14:25:57: [INFO] Add SW57 footprint
14:25:57: [INFO] Add D57 footprint
14:25:57: [INFO] Add SW58 footprint
14:25:57: [INFO] Add D58 footprint
14:25:57: [INFO] Add SW59 footprint
14:25:57: [INFO] Add D59 footprint
14:25:57: [INFO] Add SW60 footprint
14:25:57: [INFO] Add D60 footprint
14:25:57: [INFO] Add SW61 footprint
14:25:57: [INFO] Add D61 footprint
14:25:57: [INFO] Add SW62 footprint
14:25:57: [INFO] Add D62 footprint
14:25:57: [INFO] Add SW63 footprint
14:25:57: [INFO] Add D63 footprint
14:25:57: [INFO] Add ST63 footprint
14:25:57: [INFO] Add SW63a footprint
14:25:57: [INFO] Add SW64 footprint
14:25:57: [INFO] Add D64 footprint
14:25:57: [INFO] Add ST64 footprint
14:25:57: [INFO] Add SW64a footprint
14:25:57: [INFO] Add SW65 footprint
14:25:57: [INFO] Add D65 footprint
14:25:57: [INFO] Add SW66 footprint
14:25:57: [INFO] Add D66 footprint
14:25:57: [INFO] Add SW67 footprint
14:25:57: [INFO] Add D67 footprint
14:25:57: [INFO] Add SW68 footprint
14:25:57: [INFO] Add D68 footprint
14:25:57: [INFO] Add SW69 footprint
14:25:57: [INFO] Add D69 footprint
14:25:57: [INFO] Detected layout convertible to matrix annotated keyboard
14:25:57: [INFO] Using key 1U distance: (19.05, 19.05) mm
14:25:57: [INFO] Layout offset: (32194500, 21907500)
14:25:57: [INFO] Diode info: [ElementInfo(annotation_format='D{}', position_option=<PositionOption.CUSTOM: 'Custom'>, position=ElementPosition(x=5.08, y=4.0, orientation=90.0, side=<Side.BACK: 'Back'>), template_path='', start_index=-1)]
14:25:57: [INFO] Placing additional elements for SW69
14:25:57: [INFO] Placing additional elements for SW68
14:25:57: [INFO] Placing additional elements for SW67
14:25:57: [INFO] Placing additional elements for SW66
14:25:57: [INFO] Placing additional elements for SW65
14:25:57: [INFO] Placing additional elements for SW64a
14:25:57: [INFO] Placing additional elements for SW64
14:25:57: [INFO] Placing additional elements for SW63a
14:25:57: [INFO] Placing additional elements for SW63
14:25:57: [INFO] Placing additional elements for SW62
14:25:57: [INFO] Placing additional elements for SW61
14:25:57: [INFO] Placing additional elements for SW60
14:25:57: [INFO] Placing additional elements for SW59
14:25:57: [INFO] Placing additional elements for SW58
14:25:57: [INFO] Placing additional elements for SW57
14:25:57: [INFO] Placing additional elements for SW56
14:25:57: [INFO] Placing additional elements for SW55
14:25:57: [INFO] Placing additional elements for SW54
14:25:57: [INFO] Placing additional elements for SW53
14:25:57: [INFO] Placing additional elements for SW52
14:25:57: [INFO] Placing additional elements for SW51
14:25:57: [INFO] Placing additional elements for SW50a
14:25:57: [INFO] Placing additional elements for SW50
14:25:57: [INFO] Placing additional elements for SW49a
14:25:57: [INFO] Placing additional elements for SW49
14:25:57: [INFO] Placing additional elements for SW48
14:25:57: [INFO] Placing additional elements for SW47
14:25:57: [INFO] Placing additional elements for SW46
14:25:57: [INFO] Placing additional elements for SW45
14:25:57: [INFO] Placing additional elements for SW44
14:25:57: [INFO] Placing additional elements for SW43
14:25:57: [INFO] Placing additional elements for SW42
14:25:57: [INFO] Placing additional elements for SW41
14:25:57: [INFO] Placing additional elements for SW40
14:25:57: [INFO] Placing additional elements for SW39
14:25:57: [INFO] Placing additional elements for SW38
14:25:57: [INFO] Placing additional elements for SW37
14:25:57: [INFO] Placing additional elements for SW36
14:25:57: [INFO] Placing additional elements for SW35
14:25:57: [INFO] Placing additional elements for SW34
14:25:57: [INFO] Placing additional elements for SW33
14:25:57: [INFO] Placing additional elements for SW32
14:25:57: [INFO] Placing additional elements for SW31
14:25:57: [INFO] Placing additional elements for SW30
14:25:57: [INFO] Placing additional elements for SW29
14:25:57: [INFO] Placing additional elements for SW28
14:25:57: [INFO] Placing additional elements for SW27
14:25:57: [INFO] Placing additional elements for SW26
14:25:57: [INFO] Placing additional elements for SW25
14:25:57: [INFO] Placing additional elements for SW24
14:25:57: [INFO] Placing additional elements for SW23
14:25:57: [INFO] Placing additional elements for SW22a
14:25:57: [INFO] Placing additional elements for SW22
14:25:57: [INFO] Placing additional elements for SW21a
14:25:57: [INFO] Placing additional elements for SW21
14:25:57: [INFO] Placing additional elements for SW20
14:25:57: [INFO] Placing additional elements for SW19
14:25:57: [INFO] Placing additional elements for SW18
14:25:57: [INFO] Placing additional elements for SW17
14:25:57: [INFO] Placing additional elements for SW16
14:25:57: [INFO] Placing additional elements for SW15
14:25:57: [INFO] Placing additional elements for SW14
14:25:57: [INFO] Placing additional elements for SW13
14:25:57: [INFO] Placing additional elements for SW12
14:25:57: [INFO] Placing additional elements for SW11
14:25:57: [INFO] Placing additional elements for SW10
14:25:57: [INFO] Placing additional elements for SW9
14:25:57: [INFO] Placing additional elements for SW8
14:25:57: [INFO] Placing additional elements for SW7
14:25:57: [INFO] Placing additional elements for SW6
14:25:57: [INFO] Placing additional elements for SW5
14:25:57: [INFO] Placing additional elements for SW4
14:25:57: [INFO] Placing additional elements for SW3
14:25:57: [INFO] Placing additional elements for SW2
14:25:57: [INFO] Placing additional elements for SW1
14:25:57: [INFO] Routing SW69 with D69
14:25:57: [INFO] Using internal autorouter method
14:25:57: [INFO] Routing pad 'SW69:2' at (309054500, 109220000) with pad 'D69:2' at (311594500, 116900000) using coordinate system rotated by 0 degree(s)
14:25:57: [INFO] Adding track segment (B.Cu): [(309054500, 109220000), (309054500, 114360000)]
14:25:57: [INFO] Adding track segment (B.Cu): [(309054500, 114360000), (311594500, 116900000)]
14:25:57: [INFO] Routing SW68 with D68
14:25:57: [INFO] Using internal autorouter method
14:25:57: [INFO] Routing pad 'SW68:2' at (287761280, 109114127) with pad 'D68:2' at (291596310, 116236384) using coordinate system rotated by 350.0 degree(s)
14:25:57: [INFO] Adding track segment (B.Cu): [(287761280, 109114127), (288653831, 114176037)]
14:25:57: [INFO] Adding track segment (B.Cu): [(288653831, 114176037), (291596310, 116236384)]
14:25:57: [INFO] Routing SW67 with D67
14:25:57: [INFO] Using internal autorouter method
14:25:57: [INFO] Routing pad 'SW67:2' at (268570653, 109983249) with pad 'D67:2' at (272405683, 117105506) using coordinate system rotated by 350.0 degree(s)
14:25:57: [INFO] Adding track segment (B.Cu): [(268570653, 109983249), (269463203, 115045160)]
14:25:57: [INFO] Adding track segment (B.Cu): [(269463203, 115045160), (272405683, 117105506)]
14:25:57: [INFO] Routing SW66 with D66
14:25:57: [INFO] Using internal autorouter method
14:25:57: [INFO] Routing pad 'SW66:2' at (250240105, 115730123) with pad 'D66:2' at (254075135, 122852380) using coordinate system rotated by 350.0 degree(s)
14:25:57: [INFO] Adding track segment (B.Cu): [(250240105, 115730123), (251132655, 120792034)]
14:25:57: [INFO] Adding track segment (B.Cu): [(251132655, 120792034), (254075135, 122852380)]
14:25:57: [INFO] Routing SW65 with D65
14:25:57: [INFO] Using internal autorouter method
14:25:57: [INFO] Routing pad 'SW65:2' at (232016462, 121371360) with pad 'D65:2' at (235851492, 128493617) using coordinate system rotated by 350.0 degree(s)
14:25:57: [INFO] Adding track segment (B.Cu): [(232016462, 121371360), (232909013, 126433271)]
14:25:57: [INFO] Adding track segment (B.Cu): [(232909013, 126433271), (235851492, 128493617)]
14:25:57: [INFO] Routing SW64a with D64
14:25:57: [INFO] Using internal autorouter method
14:25:57: [INFO] Routing pad 'SW64a:2' at (213255874, 124679358) with pad 'D64:2' at (226471198, 130147616) using coordinate system rotated by 350.0 degree(s)
14:25:57: [INFO] Routing SW64 with D64
14:25:57: [INFO] Using internal autorouter method
14:25:57: [INFO] Routing pad 'SW64:2' at (222636168, 123025359) with pad 'D64:2' at (226471198, 130147616) using coordinate system rotated by 350.0 degree(s)
14:25:57: [INFO] Adding track segment (B.Cu): [(222636168, 123025359), (223528718, 128087269)]
14:25:58: [INFO] Adding track segment (B.Cu): [(223528718, 128087269), (226471198, 130147616)]
14:25:58: [INFO] Routing SW63a with D63
14:25:58: [INFO] Using internal autorouter method
14:25:58: [INFO] Routing pad 'SW63a:2' at (165821511, 125617678) with pad 'D63:2' at (157609010, 131968068) using coordinate system rotated by 10.0 degree(s)
14:25:58: [INFO] Routing SW63 with D63
14:25:58: [INFO] Using internal autorouter method
14:25:58: [INFO] Routing pad 'SW63:2' at (156441217, 123963679) with pad 'D63:2' at (157609010, 131968068) using coordinate system rotated by 10.0 degree(s)
14:25:58: [INFO] Adding track segment (B.Cu): [(156441217, 123963679), (155548665, 129025590)]
14:25:58: [INFO] Adding track segment (B.Cu): [(155548665, 129025590), (157609010, 131968068)]
14:25:58: [INFO] Routing SW62 with D62
14:25:58: [INFO] Using internal autorouter method
14:25:58: [INFO] Routing pad 'SW62:2' at (147060923, 122309680) with pad 'D62:2' at (148228716, 130314069) using coordinate system rotated by 10.0 degree(s)
14:25:58: [INFO] Adding track segment (B.Cu): [(147060923, 122309680), (146168371, 127371591)]
14:25:58: [INFO] Adding track segment (B.Cu): [(146168371, 127371591), (148228716, 130314069)]
14:25:58: [INFO] Routing SW61 with D61
14:25:58: [INFO] Using internal autorouter method
14:25:58: [INFO] Routing pad 'SW61:2' at (128714218, 116612256) with pad 'D61:2' at (129882011, 124616645) using coordinate system rotated by 10.0 degree(s)
14:25:58: [INFO] Adding track segment (B.Cu): [(128714218, 116612256), (127821665, 121674167)]
14:25:58: [INFO] Adding track segment (B.Cu): [(127821665, 121674167), (129882011, 124616645)]
14:25:58: [INFO] Routing SW60 with D60
14:25:58: [INFO] Using internal autorouter method
14:25:58: [INFO] Routing pad 'SW60:2' at (110383670, 110865382) with pad 'D60:2' at (111551463, 118869771) using coordinate system rotated by 10.0 degree(s)
14:25:58: [INFO] Adding track segment (B.Cu): [(110383670, 110865382), (109491117, 115927293)]
14:25:58: [INFO] Adding track segment (B.Cu): [(109491117, 115927293), (111551463, 118869771)]
14:25:58: [INFO] Routing SW59 with D59
14:25:58: [INFO] Using internal autorouter method
14:25:58: [INFO] Routing pad 'SW59:2' at (91193043, 109996260) with pad 'D59:2' at (92360836, 118000649) using coordinate system rotated by 10.0 degree(s)
14:25:58: [INFO] Adding track segment (B.Cu): [(91193043, 109996260), (90300490, 115058170)]
14:25:58: [INFO] Adding track segment (B.Cu): [(90300490, 115058170), (92360836, 118000649)]
14:25:58: [INFO] Routing SW58 with D58
14:25:58: [INFO] Using internal autorouter method
14:25:58: [INFO] Routing pad 'SW58:2' at (70358000, 109220000) with pad 'D58:2' at (72898000, 116900000) using coordinate system rotated by 0 degree(s)
14:25:58: [INFO] Adding track segment (B.Cu): [(70358000, 109220000), (70358000, 114360000)]
14:25:58: [INFO] Adding track segment (B.Cu): [(70358000, 114360000), (72898000, 116900000)]
14:25:58: [INFO] Routing SW57 with D57
14:25:58: [INFO] Using internal autorouter method
14:25:58: [INFO] Routing pad 'SW57:2' at (184206887, 128859515) with pad 'D57:2' at (185374680, 136863904) using coordinate system rotated by 10.0 degree(s)
14:25:58: [INFO] Adding track segment (B.Cu): [(184206887, 128859515), (183314334, 133921426)]
14:25:58: [INFO] Adding track segment (B.Cu): [(183314334, 133921426), (185374680, 136863904)]
14:25:58: [INFO] Routing SW56 with D56
14:25:58: [INFO] Using internal autorouter method
14:25:58: [INFO] Routing pad 'SW56:2' at (329628500, 90170000) with pad 'D56:2' at (332168500, 97850000) using coordinate system rotated by 0 degree(s)
14:25:58: [INFO] Adding track segment (B.Cu): [(329628500, 90170000), (329628500, 95310000)]
14:25:58: [INFO] Adding track segment (B.Cu): [(329628500, 95310000), (332168500, 97850000)]
14:25:58: [INFO] Routing SW55 with D55
14:25:58: [INFO] Using internal autorouter method
14:25:58: [INFO] Routing pad 'SW55:2' at (305816000, 90170000) with pad 'D55:2' at (308356000, 97850000) using coordinate system rotated by 0 degree(s)
14:25:58: [INFO] Adding track segment (B.Cu): [(305816000, 90170000), (305816000, 95310000)]
14:25:58: [INFO] Adding track segment (B.Cu): [(305816000, 95310000), (308356000, 97850000)]
14:25:58: [INFO] Routing SW54 with D54
14:25:58: [INFO] Using internal autorouter method
14:25:58: [INFO] Routing pad 'SW54:2' at (284453282, 90353539) with pad 'D54:2' at (288288312, 97475796) using coordinate system rotated by 350.0 degree(s)
14:25:58: [INFO] Adding track segment (B.Cu): [(284453282, 90353539), (285345833, 95415450)]
14:25:58: [INFO] Adding track segment (B.Cu): [(285345833, 95415450), (288288312, 97475796)]
14:25:58: [INFO] Routing SW53 with D53
14:25:58: [INFO] Using internal autorouter method
14:25:58: [INFO] Routing pad 'SW53:2' at (265262655, 91222661) with pad 'D53:2' at (269097685, 98344918) using coordinate system rotated by 350.0 degree(s)
14:25:58: [INFO] Adding track segment (B.Cu): [(265262655, 91222661), (266155206, 96284572)]
14:25:58: [INFO] Adding track segment (B.Cu): [(266155206, 96284572), (269097685, 98344918)]
14:25:58: [INFO] Routing SW52 with D52
14:25:58: [INFO] Using internal autorouter method
14:25:58: [INFO] Routing pad 'SW52:2' at (246932107, 96969535) with pad 'D52:2' at (250767137, 104091792) using coordinate system rotated by 350.0 degree(s)
14:25:58: [INFO] Adding track segment (B.Cu): [(246932107, 96969535), (247824658, 102031446)]
14:25:58: [INFO] Adding track segment (B.Cu): [(247824658, 102031446), (250767137, 104091792)]
14:25:58: [INFO] Routing SW51 with D51
14:25:58: [INFO] Using internal autorouter method
14:25:58: [INFO] Routing pad 'SW51:2' at (228568479, 102528803) with pad 'D51:2' at (232403509, 109651060) using coordinate system rotated by 350.0 degree(s)
14:25:58: [INFO] Adding track segment (B.Cu): [(228568479, 102528803), (229461030, 107590713)]
14:25:58: [INFO] Adding track segment (B.Cu): [(229461030, 107590713), (232403509, 109651060)]
14:25:58: [INFO] Routing SW50a with D50
14:25:58: [INFO] Using internal autorouter method
14:25:58: [INFO] Routing pad 'SW50a:2' at (209807891, 105836801) with pad 'D50:2' at (212815922, 108268911) using coordinate system rotated by 350.0 degree(s)
14:25:58: [INFO] Adding track segment (B.Cu): [(209807891, 105836801), (209873442, 106208564)]
14:25:58: [INFO] Adding track segment (B.Cu): [(209873442, 106208564), (212815922, 108268911)]
14:25:58: [INFO] Routing SW50 with D50
14:25:58: [INFO] Using internal autorouter method
14:25:58: [INFO] Routing pad 'SW50:2' at (208980892, 101146654) with pad 'D50:2' at (212815922, 108268911) using coordinate system rotated by 350.0 degree(s)
14:25:58: [INFO] Adding track segment (B.Cu): [(208980892, 101146654), (209873442, 106208564)]
14:25:58: [INFO] Adding track segment (B.Cu): [(209873442, 106208564), (212815922, 108268911)]
14:25:58: [INFO] Routing SW49a with D49
14:25:58: [INFO] Using internal autorouter method
14:25:58: [INFO] Routing pad 'SW49a:2' at (172454429, 87958346) with pad 'D49:2' at (171141224, 110033176) using coordinate system rotated by 10.0 degree(s)
14:25:58: [INFO] Routing SW49 with D49
14:25:58: [INFO] Using internal autorouter method
14:25:58: [INFO] Routing pad 'SW49:2' at (169973431, 102028787) with pad 'D49:2' at (171141224, 110033176) using coordinate system rotated by 10.0 degree(s)
14:25:58: [INFO] Routing SW48 with D48
14:25:58: [INFO] Using internal autorouter method
14:25:58: [INFO] Routing pad 'SW48:2' at (150385844, 103410936) with pad 'D48:2' at (151553637, 111415325) using coordinate system rotated by 10.0 degree(s)
14:25:58: [INFO] Adding track segment (B.Cu): [(150385844, 103410936), (149493291, 108472846)]
14:25:58: [INFO] Adding track segment (B.Cu): [(149493291, 108472846), (151553637, 111415325)]
14:25:58: [INFO] Routing SW47 with D47
14:25:58: [INFO] Using internal autorouter method
14:25:58: [INFO] Routing pad 'SW47:2' at (132022216, 97851668) with pad 'D47:2' at (133190009, 105856057) using coordinate system rotated by 10.0 degree(s)
14:25:58: [INFO] Adding track segment (B.Cu): [(132022216, 97851668), (131129663, 102913579)]
14:25:58: [INFO] Adding track segment (B.Cu): [(131129663, 102913579), (133190009, 105856057)]
14:25:58: [INFO] Routing SW46 with D46
14:25:58: [INFO] Using internal autorouter method
14:25:58: [INFO] Routing pad 'SW46:2' at (113691668, 92104794) with pad 'D46:2' at (114859461, 100109183) using coordinate system rotated by 10.0 degree(s)
14:25:58: [INFO] Adding track segment (B.Cu): [(113691668, 92104794), (112799115, 97166705)]
14:25:58: [INFO] Adding track segment (B.Cu): [(112799115, 97166705), (114859461, 100109183)]
14:25:58: [INFO] Routing SW45 with D45
14:25:58: [INFO] Using internal autorouter method
14:25:58: [INFO] Routing pad 'SW45:2' at (94501041, 91235672) with pad 'D45:2' at (95668834, 99240061) using coordinate system rotated by 10.0 degree(s)
14:25:58: [INFO] Adding track segment (B.Cu): [(94501041, 91235672), (93608489, 96297583)]
14:25:58: [INFO] Adding track segment (B.Cu): [(93608489, 96297583), (95668834, 99240061)]
14:25:58: [INFO] Routing SW44 with D44
14:25:58: [INFO] Using internal autorouter method
14:25:58: [INFO] Routing pad 'SW44:2' at (73596500, 90170000) with pad 'D44:2' at (76136500, 97850000) using coordinate system rotated by 0 degree(s)
14:25:58: [INFO] Adding track segment (B.Cu): [(73596500, 90170000), (73596500, 95310000)]
14:25:58: [INFO] Adding track segment (B.Cu): [(73596500, 95310000), (76136500, 97850000)]
14:25:58: [INFO] Routing SW43 with D43
14:25:58: [INFO] Using internal autorouter method
14:25:58: [INFO] Routing pad 'SW43:2' at (49784000, 90170000) with pad 'D43:2' at (52324000, 97850000) using coordinate system rotated by 0 degree(s)
14:25:58: [INFO] Adding track segment (B.Cu): [(49784000, 90170000), (49784000, 95310000)]
14:25:58: [INFO] Adding track segment (B.Cu): [(49784000, 95310000), (52324000, 97850000)]
14:25:58: [INFO] Routing SW42 with D42
14:25:58: [INFO] Using internal autorouter method
14:25:58: [INFO] Routing pad 'SW42:2' at (326199500, 71120000) with pad 'D42:2' at (328739500, 78800000) using coordinate system rotated by 0 degree(s)
14:25:58: [INFO] Adding track segment (B.Cu): [(326199500, 71120000), (326199500, 76260000)]
14:25:58: [INFO] Adding track segment (B.Cu): [(326199500, 76260000), (328739500, 78800000)]
14:25:58: [INFO] Routing SW41 with D41
14:25:58: [INFO] Using internal autorouter method
14:25:58: [INFO] Routing pad 'SW41:2' at (302387000, 71120000) with pad 'D41:2' at (304927000, 78800000) using coordinate system rotated by 0 degree(s)
14:25:58: [INFO] Adding track segment (B.Cu): [(302387000, 71120000), (302387000, 76260000)]
14:25:58: [INFO] Adding track segment (B.Cu): [(302387000, 76260000), (304927000, 78800000)]
14:25:58: [INFO] Routing SW40 with D40
14:25:58: [INFO] Using internal autorouter method
14:25:58: [INFO] Routing pad 'SW40:2' at (281145285, 71592952) with pad 'D40:2' at (284980315, 78715209) using coordinate system rotated by 350.0 degree(s)
14:25:58: [INFO] Adding track segment (B.Cu): [(281145285, 71592952), (282037835, 76654862)]
14:25:58: [INFO] Adding track segment (B.Cu): [(282037835, 76654862), (284980315, 78715209)]
14:25:58: [INFO] Routing SW39 with D39
14:25:58: [INFO] Using internal autorouter method
14:25:58: [INFO] Routing pad 'SW39:2' at (261954657, 72462073) with pad 'D39:2' at (265789687, 79584330) using coordinate system rotated by 350.0 degree(s)
14:25:58: [INFO] Adding track segment (B.Cu): [(261954657, 72462073), (262847208, 77523983)]
14:25:58: [INFO] Adding track segment (B.Cu): [(262847208, 77523983), (265789687, 79584330)]
14:25:58: [INFO] Routing SW38 with D38
14:25:58: [INFO] Using internal autorouter method
14:25:58: [INFO] Routing pad 'SW38:2' at (243624109, 78208947) with pad 'D38:2' at (247459139, 85331204) using coordinate system rotated by 350.0 degree(s)
14:25:58: [INFO] Adding track segment (B.Cu): [(243624109, 78208947), (244516660, 83270857)]
14:25:58: [INFO] Adding track segment (B.Cu): [(244516660, 83270857), (247459139, 85331204)]
14:25:58: [INFO] Routing SW37 with D37
14:25:58: [INFO] Using internal autorouter method
14:25:58: [INFO] Routing pad 'SW37:2' at (225260481, 83768216) with pad 'D37:2' at (229095511, 90890473) using coordinate system rotated by 350.0 degree(s)
14:25:58: [INFO] Adding track segment (B.Cu): [(225260481, 83768216), (226153032, 88830127)]
14:25:58: [INFO] Adding track segment (B.Cu): [(226153032, 88830127), (229095511, 90890473)]
14:25:58: [INFO] Routing SW36 with D36
14:25:58: [INFO] Using internal autorouter method
14:25:58: [INFO] Routing pad 'SW36:2' at (206499894, 87076213) with pad 'D36:2' at (210334924, 94198470) using coordinate system rotated by 350.0 degree(s)
14:25:58: [INFO] Adding track segment (B.Cu): [(206499894, 87076213), (207392444, 92138123)]
14:25:58: [INFO] Adding track segment (B.Cu): [(207392444, 92138123), (210334924, 94198470)]
14:25:58: [INFO] Routing SW35 with D35
14:25:58: [INFO] Using internal autorouter method
14:25:58: [INFO] Routing pad 'SW35:2' at (169146432, 106718934) with pad 'D35:2' at (170314225, 114723323) using coordinate system rotated by 10.0 degree(s)
14:25:58: [INFO] Adding track segment (B.Cu): [(169146432, 106718934), (168253880, 111780845)]
14:25:58: [INFO] Adding track segment (B.Cu): [(168253880, 111780845), (170314225, 114723323)]
14:25:58: [INFO] Routing SW34 with D34
14:25:58: [INFO] Using internal autorouter method
14:25:58: [INFO] Routing pad 'SW34:2' at (153693842, 84650349) with pad 'D34:2' at (154861635, 92654738) using coordinate system rotated by 10.0 degree(s)
14:25:58: [INFO] Adding track segment (B.Cu): [(153693842, 84650349), (152801290, 89712260)]
14:25:58: [INFO] Adding track segment (B.Cu): [(152801290, 89712260), (154861635, 92654738)]
14:25:58: [INFO] Routing SW33 with D33
14:25:58: [INFO] Using internal autorouter method
14:25:58: [INFO] Routing pad 'SW33:2' at (135330214, 79091080) with pad 'D33:2' at (136498007, 87095469) using coordinate system rotated by 10.0 degree(s)
14:25:58: [INFO] Adding track segment (B.Cu): [(135330214, 79091080), (134437661, 84152989)]
14:25:58: [INFO] Adding track segment (B.Cu): [(134437661, 84152989), (136498007, 87095469)]
14:25:58: [INFO] Routing SW32 with D32
14:25:58: [INFO] Using internal autorouter method
14:25:58: [INFO] Routing pad 'SW32:2' at (116999666, 73344206) with pad 'D32:2' at (118167459, 81348595) using coordinate system rotated by 10.0 degree(s)
14:25:58: [INFO] Adding track segment (B.Cu): [(116999666, 73344206), (116107113, 78406116)]
14:25:58: [INFO] Adding track segment (B.Cu): [(116107113, 78406116), (118167459, 81348595)]
14:25:58: [INFO] Routing SW31 with D31
14:25:58: [INFO] Using internal autorouter method
14:25:58: [INFO] Routing pad 'SW31:2' at (97809038, 72475085) with pad 'D31:2' at (98976831, 80479474) using coordinate system rotated by 10.0 degree(s)
14:25:58: [INFO] Adding track segment (B.Cu): [(97809038, 72475085), (96916486, 77536996)]
14:25:58: [INFO] Adding track segment (B.Cu): [(96916486, 77536996), (98976831, 80479474)]
14:25:58: [INFO] Routing SW30 with D30
14:25:58: [INFO] Using internal autorouter method
14:25:58: [INFO] Routing pad 'SW30:2' at (77216000, 71120000) with pad 'D30:2' at (79756000, 78800000) using coordinate system rotated by 0 degree(s)
14:25:58: [INFO] Adding track segment (B.Cu): [(77216000, 71120000), (77216000, 76260000)]
14:25:58: [INFO] Adding track segment (B.Cu): [(77216000, 76260000), (79756000, 78800000)]
14:25:58: [INFO] Routing SW29 with D29
14:25:58: [INFO] Using internal autorouter method
14:25:58: [INFO] Routing pad 'SW29:2' at (53403500, 71120000) with pad 'D29:2' at (55943500, 78800000) using coordinate system rotated by 0 degree(s)
14:25:58: [INFO] Adding track segment (B.Cu): [(53403500, 71120000), (53403500, 76260000)]
14:25:58: [INFO] Adding track segment (B.Cu): [(53403500, 76260000), (55943500, 78800000)]
14:25:58: [INFO] Routing SW28 with D28
14:25:58: [INFO] Using internal autorouter method
14:25:58: [INFO] Routing pad 'SW28:2' at (322961000, 52070000) with pad 'D28:2' at (325501000, 59750000) using coordinate system rotated by 0 degree(s)
14:25:58: [INFO] Adding track segment (B.Cu): [(322961000, 52070000), (322961000, 57210000)]
14:25:58: [INFO] Adding track segment (B.Cu): [(322961000, 57210000), (325501000, 59750000)]
14:25:58: [INFO] Routing SW27 with D27
14:25:58: [INFO] Using internal autorouter method
14:25:58: [INFO] Routing pad 'SW27:2' at (299148500, 52070000) with pad 'D27:2' at (301688500, 59750000) using coordinate system rotated by 0 degree(s)
14:25:58: [INFO] Adding track segment (B.Cu): [(299148500, 52070000), (299148500, 57210000)]
14:25:58: [INFO] Adding track segment (B.Cu): [(299148500, 57210000), (301688500, 59750000)]
14:25:58: [INFO] Routing SW26 with D26
14:25:58: [INFO] Using internal autorouter method
14:25:58: [INFO] Routing pad 'SW26:2' at (277837287, 52832363) with pad 'D26:2' at (281672317, 59954620) using coordinate system rotated by 350.0 degree(s)
14:25:58: [INFO] Adding track segment (B.Cu): [(277837287, 52832363), (278729837, 57894273)]
14:25:58: [INFO] Adding track segment (B.Cu): [(278729837, 57894273), (281672317, 59954620)]
14:25:58: [INFO] Routing SW25 with D25
14:25:58: [INFO] Using internal autorouter method
14:25:58: [INFO] Routing pad 'SW25:2' at (258646660, 53701485) with pad 'D25:2' at (262481690, 60823742) using coordinate system rotated by 350.0 degree(s)
14:25:58: [INFO] Adding track segment (B.Cu): [(258646660, 53701485), (259539211, 58763395)]
14:25:58: [INFO] Adding track segment (B.Cu): [(259539211, 58763395), (262481690, 60823742)]
14:25:58: [INFO] Routing SW24 with D24
14:25:58: [INFO] Using internal autorouter method
14:25:58: [INFO] Routing pad 'SW24:2' at (240316111, 59448359) with pad 'D24:2' at (244151141, 66570616) using coordinate system rotated by 350.0 degree(s)
14:25:58: [INFO] Adding track segment (B.Cu): [(240316111, 59448359), (241208662, 64510270)]
14:25:58: [INFO] Adding track segment (B.Cu): [(241208662, 64510270), (244151141, 66570616)]
14:25:58: [INFO] Routing SW23 with D23
14:25:58: [INFO] Using internal autorouter method
14:25:58: [INFO] Routing pad 'SW23:2' at (221952484, 65007628) with pad 'D23:2' at (225787514, 72129885) using coordinate system rotated by 350.0 degree(s)
14:25:58: [INFO] Adding track segment (B.Cu): [(221952484, 65007628), (222845034, 70069538)]
14:25:58: [INFO] Adding track segment (B.Cu): [(222845034, 70069538), (225787514, 72129885)]
14:25:58: [INFO] Routing SW22a with D22
14:25:58: [INFO] Using internal autorouter method
14:25:58: [INFO] Routing pad 'SW22a:2' at (203191896, 68315626) with pad 'D22:2' at (207853925, 80128030) using coordinate system rotated by 350.0 degree(s)
14:25:58: [INFO] Adding track segment (B.Cu): [(203191896, 68315626), (204911446, 78067684)]
14:25:58: [INFO] Adding track segment (B.Cu): [(204911446, 78067684), (207853925, 80128030)]
14:25:58: [INFO] Routing SW22 with D22
14:25:58: [INFO] Using internal autorouter method
14:25:58: [INFO] Routing pad 'SW22:2' at (204018895, 73005773) with pad 'D22:2' at (207853925, 80128030) using coordinate system rotated by 350.0 degree(s)
14:25:58: [INFO] Adding track segment (B.Cu): [(204018895, 73005773), (204911446, 78067684)]
14:25:58: [INFO] Adding track segment (B.Cu): [(204911446, 78067684), (207853925, 80128030)]
14:25:58: [INFO] Routing SW21a with D21
14:25:58: [INFO] Using internal autorouter method
14:25:58: [INFO] Routing pad 'SW21a:2' at (175762427, 69197759) with pad 'D21:2' at (176103221, 81892295) using coordinate system rotated by 10.0 degree(s)
14:25:58: [INFO] Adding track segment (B.Cu): [(175762427, 69197759), (174042875, 78949816)]
14:25:58: [INFO] Adding track segment (B.Cu): [(174042875, 78949816), (176103221, 81892295)]
14:25:58: [INFO] Routing SW21 with D21
14:25:58: [INFO] Using internal autorouter method
14:25:58: [INFO] Routing pad 'SW21:2' at (174935428, 73887906) with pad 'D21:2' at (176103221, 81892295) using coordinate system rotated by 10.0 degree(s)
14:25:58: [INFO] Adding track segment (B.Cu): [(174935428, 73887906), (174042875, 78949816)]
14:25:58: [INFO] Adding track segment (B.Cu): [(174042875, 78949816), (176103221, 81892295)]
14:25:58: [INFO] Routing SW20 with D20
14:25:58: [INFO] Using internal autorouter method
14:25:58: [INFO] Routing pad 'SW20:2' at (157001839, 65889761) with pad 'D20:2' at (158169632, 73894150) using coordinate system rotated by 10.0 degree(s)
14:25:58: [INFO] Adding track segment (B.Cu): [(157001839, 65889761), (156109287, 70951672)]
14:25:58: [INFO] Adding track segment (B.Cu): [(156109287, 70951672), (158169632, 73894150)]
14:25:58: [INFO] Routing SW19 with D19
14:25:58: [INFO] Using internal autorouter method
14:25:58: [INFO] Routing pad 'SW19:2' at (138638212, 60330492) with pad 'D19:2' at (139806005, 68334881) using coordinate system rotated by 10.0 degree(s)
14:25:58: [INFO] Adding track segment (B.Cu): [(138638212, 60330492), (137745660, 65392403)]
14:25:58: [INFO] Adding track segment (B.Cu): [(137745660, 65392403), (139806005, 68334881)]
14:25:58: [INFO] Routing SW18 with D18
14:25:58: [INFO] Using internal autorouter method
14:25:58: [INFO] Routing pad 'SW18:2' at (120307663, 54583618) with pad 'D18:2' at (121475456, 62588007) using coordinate system rotated by 10.0 degree(s)
14:25:58: [INFO] Adding track segment (B.Cu): [(120307663, 54583618), (119415111, 59645529)]
14:25:58: [INFO] Adding track segment (B.Cu): [(119415111, 59645529), (121475456, 62588007)]
14:25:58: [INFO] Routing SW17 with D17
14:25:58: [INFO] Using internal autorouter method
14:25:58: [INFO] Routing pad 'SW17:2' at (101117036, 53714496) with pad 'D17:2' at (102284829, 61718885) using coordinate system rotated by 10.0 degree(s)
14:25:58: [INFO] Adding track segment (B.Cu): [(101117036, 53714496), (100224484, 58776407)]
14:25:58: [INFO] Adding track segment (B.Cu): [(100224484, 58776407), (102284829, 61718885)]
14:25:58: [INFO] Routing SW16 with D16
14:25:58: [INFO] Using internal autorouter method
14:25:58: [INFO] Routing pad 'SW16:2' at (80073500, 52070000) with pad 'D16:2' at (82613500, 59750000) using coordinate system rotated by 0 degree(s)
14:25:58: [INFO] Adding track segment (B.Cu): [(80073500, 52070000), (80073500, 57210000)]
14:25:58: [INFO] Adding track segment (B.Cu): [(80073500, 57210000), (82613500, 59750000)]
14:25:58: [INFO] Routing SW15 with D15
14:25:58: [INFO] Using internal autorouter method
14:25:58: [INFO] Routing pad 'SW15:2' at (56260999, 52070000) with pad 'D15:2' at (58800999, 59750000) using coordinate system rotated by 0 degree(s)
14:25:58: [INFO] Adding track segment (B.Cu): [(56260999, 52070000), (56260999, 57210000)]
14:25:58: [INFO] Adding track segment (B.Cu): [(56260999, 57210000), (58800999, 59750000)]
14:25:58: [INFO] Routing SW14 with D14
14:25:58: [INFO] Using internal autorouter method
14:25:58: [INFO] Routing pad 'SW14:2' at (319722500, 33020000) with pad 'D14:2' at (322262500, 40700000) using coordinate system rotated by 0 degree(s)
14:25:58: [INFO] Adding track segment (B.Cu): [(319722500, 33020000), (319722500, 38160000)]
14:25:58: [INFO] Adding track segment (B.Cu): [(319722500, 38160000), (322262500, 40700000)]
14:25:58: [INFO] Routing SW13 with D13
14:25:58: [INFO] Using internal autorouter method
14:25:58: [INFO] Routing pad 'SW13:2' at (295910000, 33020000) with pad 'D13:2' at (298450000, 40700000) using coordinate system rotated by 0 degree(s)
14:25:58: [INFO] Adding track segment (B.Cu): [(295910000, 33020000), (295910000, 38160000)]
14:25:58: [INFO] Adding track segment (B.Cu): [(295910000, 38160000), (298450000, 40700000)]
14:25:58: [INFO] Routing SW12 with D12
14:25:58: [INFO] Using internal autorouter method
14:25:58: [INFO] Routing pad 'SW12:2' at (274529289, 34071776) with pad 'D12:2' at (278364319, 41194033) using coordinate system rotated by 350.0 degree(s)
14:25:58: [INFO] Adding track segment (B.Cu): [(274529289, 34071776), (275421840, 39133687)]
14:25:58: [INFO] Adding track segment (B.Cu): [(275421840, 39133687), (278364319, 41194033)]
14:25:58: [INFO] Routing SW11 with D11
14:25:58: [INFO] Using internal autorouter method
14:25:58: [INFO] Routing pad 'SW11:2' at (255338662, 34940898) with pad 'D11:2' at (259173692, 42063155) using coordinate system rotated by 350.0 degree(s)
14:25:58: [INFO] Adding track segment (B.Cu): [(255338662, 34940898), (256231212, 40002808)]
14:25:58: [INFO] Adding track segment (B.Cu): [(256231212, 40002808), (259173692, 42063155)]
14:25:58: [INFO] Routing SW10 with D10
14:25:58: [INFO] Using internal autorouter method
14:25:58: [INFO] Routing pad 'SW10:2' at (237008114, 40687772) with pad 'D10:2' at (240843144, 47810029) using coordinate system rotated by 350.0 degree(s)
14:25:58: [INFO] Adding track segment (B.Cu): [(237008114, 40687772), (237900664, 45749682)]
14:25:58: [INFO] Adding track segment (B.Cu): [(237900664, 45749682), (240843144, 47810029)]
14:25:58: [INFO] Routing SW9 with D9
14:25:58: [INFO] Using internal autorouter method
14:25:58: [INFO] Routing pad 'SW9:2' at (218644486, 46247040) with pad 'D9:2' at (222479516, 53369297) using coordinate system rotated by 350.0 degree(s)
14:25:58: [INFO] Adding track segment (B.Cu): [(218644486, 46247040), (219537036, 51308949)]
14:25:58: [INFO] Adding track segment (B.Cu): [(219537036, 51308949), (222479516, 53369297)]
14:25:58: [INFO] Routing SW8 with D8
14:25:58: [INFO] Using internal autorouter method
14:25:58: [INFO] Routing pad 'SW8:2' at (199883898, 49555038) with pad 'D8:2' at (203718928, 56677295) using coordinate system rotated by 350.0 degree(s)
14:25:58: [INFO] Adding track segment (B.Cu): [(199883898, 49555038), (200776449, 54616949)]
14:25:58: [INFO] Adding track segment (B.Cu): [(200776449, 54616949), (203718928, 56677295)]
14:25:58: [INFO] Routing SW7 with D7
14:25:58: [INFO] Using internal autorouter method
14:25:58: [INFO] Routing pad 'SW7:2' at (179070425, 50437171) with pad 'D7:2' at (180238218, 58441560) using coordinate system rotated by 10.0 degree(s)
14:25:59: [INFO] Adding track segment (B.Cu): [(179070425, 50437171), (178177872, 55499082)]
14:25:59: [INFO] Adding track segment (B.Cu): [(178177872, 55499082), (180238218, 58441560)]
14:25:59: [INFO] Routing SW6 with D6
14:25:59: [INFO] Using internal autorouter method
14:25:59: [INFO] Routing pad 'SW6:2' at (160309837, 47129173) with pad 'D6:2' at (161477630, 55133562) using coordinate system rotated by 10.0 degree(s)
14:25:59: [INFO] Adding track segment (B.Cu): [(160309837, 47129173), (159417284, 52191084)]
14:25:59: [INFO] Adding track segment (B.Cu): [(159417284, 52191084), (161477630, 55133562)]
14:25:59: [INFO] Routing SW5 with D5
14:25:59: [INFO] Using internal autorouter method
14:25:59: [INFO] Routing pad 'SW5:2' at (141946209, 41569905) with pad 'D5:2' at (143114002, 49574294) using coordinate system rotated by 10.0 degree(s)
14:25:59: [INFO] Adding track segment (B.Cu): [(141946209, 41569905), (141053657, 46631816)]
14:25:59: [INFO] Adding track segment (B.Cu): [(141053657, 46631816), (143114002, 49574294)]
14:25:59: [INFO] Routing SW4 with D4
14:25:59: [INFO] Using internal autorouter method
14:25:59: [INFO] Routing pad 'SW4:2' at (123615661, 35823031) with pad 'D4:2' at (124783454, 43827420) using coordinate system rotated by 10.0 degree(s)
14:25:59: [INFO] Adding track segment (B.Cu): [(123615661, 35823031), (122723109, 40884942)]
14:25:59: [INFO] Adding track segment (B.Cu): [(122723109, 40884942), (124783454, 43827420)]
14:25:59: [INFO] Routing SW3 with D3
14:25:59: [INFO] Using internal autorouter method
14:25:59: [INFO] Routing pad 'SW3:2' at (104425034, 34953909) with pad 'D3:2' at (105592827, 42958298) using coordinate system rotated by 10.0 degree(s)
14:25:59: [INFO] Adding track segment (B.Cu): [(104425034, 34953909), (103532481, 40015820)]
14:25:59: [INFO] Adding track segment (B.Cu): [(103532481, 40015820), (105592827, 42958298)]
14:25:59: [INFO] Routing SW2 with D2
14:25:59: [INFO] Using internal autorouter method
14:25:59: [INFO] Routing pad 'SW2:2' at (83502500, 33020000) with pad 'D2:2' at (86042500, 40700000) using coordinate system rotated by 0 degree(s)
14:25:59: [INFO] Adding track segment (B.Cu): [(83502500, 33020000), (83502500, 38160000)]
14:25:59: [INFO] Adding track segment (B.Cu): [(83502500, 38160000), (86042500, 40700000)]
14:25:59: [INFO] Routing SW1 with D1
14:25:59: [INFO] Using internal autorouter method
14:25:59: [INFO] Routing pad 'SW1:2' at (59690000, 33020000) with pad 'D1:2' at (62230000, 40700000) using coordinate system rotated by 0 degree(s)
14:25:59: [INFO] Adding track segment (B.Cu): [(59690000, 33020000), (59690000, 38160000)]
14:25:59: [INFO] Adding track segment (B.Cu): [(59690000, 38160000), (62230000, 40700000)]
14:25:59: [INFO] Routing COL0 pads
14:25:59: [INFO] Routing pad 'SW43:1' at (43434000, 92710000) with pad 'SW29:1' at (47053500, 73660000) using coordinate system rotated by 0 degree(s)
14:25:59: [INFO] Adding track segment (F.Cu): [(43434000, 92710000), (47053500, 89090500)]
14:25:59: [INFO] Adding track segment (F.Cu): [(47053500, 89090500), (47053500, 73660000)]
14:25:59: [INFO] Routing pad 'SW29:1' at (47053500, 73660000) with pad 'SW15:1' at (49910999, 54610000) using coordinate system rotated by 0 degree(s)
14:25:59: [INFO] Adding track segment (F.Cu): [(47053500, 73660000), (49910999, 70802501)]
14:25:59: [INFO] Adding track segment (F.Cu): [(49910999, 70802501), (49910999, 54610000)]
14:25:59: [INFO] Routing pad 'SW15:1' at (49910999, 54610000) with pad 'SW1:1' at (53340000, 35560000) using coordinate system rotated by 0 degree(s)
14:25:59: [INFO] Adding track segment (F.Cu): [(49910999, 54610000), (53340000, 51180999)]
14:25:59: [INFO] Adding track segment (F.Cu): [(53340000, 51180999), (53340000, 35560000)]
14:25:59: [WARNING] Could not route pads when parent footprints not rotated the same, footprint1: SW43 at 0.0 degree(s) and footprint2: SW57 at -10.0 degree(s)
14:25:59: [INFO] Routing ROW3 pads
14:25:59: [INFO] Routing pad 'D43:1' at (52324000, 100650000) with pad 'D44:1' at (76136500, 100650000) using coordinate system rotated by 0 degree(s)
14:25:59: [INFO] Adding track segment (B.Cu): [(52324000, 100650000), (76136500, 100650000)]
14:25:59: [WARNING] Could not route pads when parent footprints not rotated the same, footprint1: D44 at 90.0 degree(s) and footprint2: D45 at 80.0 degree(s)
14:25:59: [INFO] Routing pad 'D45:1' at (95182620, 101997523) with pad 'D46:1' at (114373247, 102866645) using coordinate system rotated by 280.0 degree(s)
14:25:59: [INFO] Adding track segment (B.Cu): [(95182620, 101997523), (111504331, 104875480)]
14:25:59: [INFO] Adding track segment (B.Cu): [(111504331, 104875480), (114373247, 102866645)]
14:25:59: [INFO] Routing pad 'D46:1' at (114373247, 102866645) with pad 'D47:1' at (132703795, 108613519) using coordinate system rotated by 280.0 degree(s)
14:25:59: [INFO] Adding track segment (B.Cu): [(114373247, 102866645), (130694957, 105744602)]
14:25:59: [INFO] Adding track segment (B.Cu): [(130694957, 105744602), (132703795, 108613519)]
14:25:59: [INFO] Routing pad 'D47:1' at (132703795, 108613519) with pad 'D48:1' at (151067423, 114172787) using coordinate system rotated by 280.0 degree(s)
14:25:59: [INFO] Adding track segment (B.Cu): [(132703795, 108613519), (149213111, 111524556)]
14:25:59: [INFO] Adding track segment (B.Cu): [(149213111, 111524556), (151067423, 114172787)]
14:25:59: [INFO] Routing pad 'D48:1' at (151067423, 114172787) with pad 'D49:1' at (170655010, 112790638) using coordinate system rotated by 280.0 degree(s)
14:25:59: [WARNING] Could not route pads when parent footprints not rotated the same, footprint1: D49 at 80.0 degree(s) and footprint2: D50 at 100.0 degree(s)
14:25:59: [INFO] Routing pad 'D50:1' at (213302136, 111026373) with pad 'D51:1' at (232889723, 112408522) using coordinate system rotated by 260.0 degree(s)
14:25:59: [INFO] Routing pad 'D51:1' at (232889723, 112408522) with pad 'D52:1' at (251253351, 106849254) using coordinate system rotated by 260.0 degree(s)
14:25:59: [INFO] Adding track segment (B.Cu): [(232889723, 112408522), (249399040, 109497482)]
14:25:59: [INFO] Adding track segment (B.Cu): [(249399040, 109497482), (251253351, 106849254)]
14:25:59: [INFO] Routing pad 'D52:1' at (251253351, 106849254) with pad 'D53:1' at (269583899, 101102380) using coordinate system rotated by 260.0 degree(s)
14:25:59: [INFO] Adding track segment (B.Cu): [(251253351, 106849254), (267575061, 103971295)]
14:25:59: [INFO] Adding track segment (B.Cu): [(267575061, 103971295), (269583899, 101102380)]
14:25:59: [INFO] Routing pad 'D53:1' at (269583899, 101102380) with pad 'D54:1' at (288774526, 100233258) using coordinate system rotated by 260.0 degree(s)
14:25:59: [INFO] Adding track segment (B.Cu): [(269583899, 101102380), (285905610, 98224421)]
14:25:59: [INFO] Adding track segment (B.Cu): [(285905610, 98224421), (288774526, 100233258)]
14:25:59: [WARNING] Could not route pads when parent footprints not rotated the same, footprint1: D54 at 100.0 degree(s) and footprint2: D55 at 90.0 degree(s)
14:25:59: [INFO] Routing pad 'D55:1' at (308356000, 100650000) with pad 'D56:1' at (332168500, 100650000) using coordinate system rotated by 0 degree(s)
14:25:59: [INFO] Adding track segment (B.Cu): [(308356000, 100650000), (332168500, 100650000)]
14:25:59: [INFO] Routing COL13 pads
14:25:59: [INFO] Routing pad 'SW14:1' at (313372500, 35560000) with pad 'SW28:1' at (316611000, 54610000) using coordinate system rotated by 0 degree(s)
14:25:59: [INFO] Adding track segment (F.Cu): [(313372500, 35560000), (313372500, 51371500)]
14:25:59: [INFO] Adding track segment (F.Cu): [(313372500, 51371500), (316611000, 54610000)]
14:25:59: [INFO] Routing pad 'SW28:1' at (316611000, 54610000) with pad 'SW42:1' at (319849500, 73660000) using coordinate system rotated by 0 degree(s)
14:25:59: [INFO] Adding track segment (F.Cu): [(316611000, 54610000), (316611000, 70421500)]
14:25:59: [INFO] Adding track segment (F.Cu): [(316611000, 70421500), (319849500, 73660000)]
14:25:59: [INFO] Routing pad 'SW42:1' at (319849500, 73660000) with pad 'SW56:1' at (323278500, 92710000) using coordinate system rotated by 0 degree(s)
14:25:59: [INFO] Adding track segment (F.Cu): [(319849500, 73660000), (319849500, 89281000)]
14:25:59: [INFO] Adding track segment (F.Cu): [(319849500, 89281000), (323278500, 92710000)]
14:25:59: [INFO] Routing COL9 pads
14:25:59: [INFO] Routing pad 'SW10:1' at (231195651, 44291850) with pad 'SW24:1' at (234503648, 63052437) using coordinate system rotated by 350.0 degree(s)
14:25:59: [INFO] Adding track segment (F.Cu): [(231195651, 44291850), (234503647, 63052435)]
14:25:59: [INFO] Adding track segment (F.Cu): [(234503647, 63052435), (234503648, 63052437)]
14:25:59: [INFO] Routing pad 'SW24:1' at (234503648, 63052437) with pad 'SW38:1' at (237811646, 81813025) using coordinate system rotated by 350.0 degree(s)
14:25:59: [INFO] Adding track segment (F.Cu): [(234503648, 63052437), (237811644, 81813023)]
14:25:59: [INFO] Adding track segment (F.Cu): [(237811644, 81813023), (237811646, 81813025)]
14:25:59: [INFO] Routing pad 'SW38:1' at (237811646, 81813025) with pad 'SW52:1' at (241119644, 100573613) using coordinate system rotated by 350.0 degree(s)
14:25:59: [INFO] Adding track segment (F.Cu): [(237811646, 81813025), (241119643, 100573612)]
14:25:59: [INFO] Adding track segment (F.Cu): [(241119643, 100573612), (241119644, 100573613)]
14:25:59: [INFO] Routing pad 'SW52:1' at (241119644, 100573613) with pad 'SW66:1' at (244427642, 119334201) using coordinate system rotated by 350.0 degree(s)
14:25:59: [INFO] Adding track segment (F.Cu): [(241119644, 100573613), (244427641, 119334200)]
14:25:59: [INFO] Adding track segment (F.Cu): [(244427641, 119334200), (244427642, 119334201)]
14:25:59: [INFO] Routing COL5 pads
14:25:59: [INFO] Routing pad 'SW62:1' at (140366328, 123708426) with pad 'SW48:1' at (143691249, 104809682) using coordinate system rotated by 10.0 degree(s)
14:25:59: [INFO] Routing pad 'SW48:1' at (143691249, 104809682) with pad 'SW34:1' at (146999247, 86049095) using coordinate system rotated by 10.0 degree(s)
14:25:59: [INFO] Adding track segment (F.Cu): [(143691249, 104809682), (146999246, 86049094)]
14:25:59: [INFO] Adding track segment (F.Cu): [(146999246, 86049094), (146999247, 86049095)]
14:25:59: [INFO] Routing pad 'SW34:1' at (146999247, 86049095) with pad 'SW20:1' at (150307244, 67288507) using coordinate system rotated by 10.0 degree(s)
14:25:59: [INFO] Adding track segment (F.Cu): [(146999247, 86049095), (150307244, 67288507)]
14:25:59: [INFO] Adding track segment (F.Cu): [(150307244, 67288507), (150307244, 67288507)]
14:25:59: [INFO] Routing pad 'SW20:1' at (150307244, 67288507) with pad 'SW6:1' at (153615242, 48527919) using coordinate system rotated by 10.0 degree(s)
14:25:59: [INFO] Adding track segment (F.Cu): [(150307244, 67288507), (153615240, 48527919)]
14:25:59: [INFO] Adding track segment (F.Cu): [(153615240, 48527919), (153615242, 48527919)]
14:25:59: [INFO] Routing COL6 pads
14:25:59: [INFO] Routing pad 'SW63:1' at (149746622, 125362425) with pad 'SW63a:1' at (159126916, 127016424) using coordinate system rotated by 10.0 degree(s)
14:25:59: [INFO] Adding track segment (F.Cu): [(149746622, 125362425), (159126915, 127016423)]
14:25:59: [INFO] Adding track segment (F.Cu): [(159126915, 127016423), (159126916, 127016424)]
14:25:59: [INFO] Routing pad 'SW63a:1' at (159126916, 127016424) with pad 'SW35:1' at (162451837, 108117680) using coordinate system rotated by 10.0 degree(s)
14:25:59: [INFO] Adding track segment (F.Cu): [(159126916, 127016424), (162457778, 108126165)]
14:25:59: [INFO] Adding track segment (F.Cu): [(162457778, 108126165), (162451837, 108117680)]
14:25:59: [INFO] Routing pad 'SW35:1' at (162451837, 108117680) with pad 'SW49:1' at (163278836, 103427533) using coordinate system rotated by 10.0 degree(s)
14:25:59: [INFO] Adding track segment (F.Cu): [(162451837, 108117680), (163278835, 103427532)]
14:25:59: [INFO] Adding track segment (F.Cu): [(163278835, 103427532), (163278836, 103427533)]
14:25:59: [INFO] Routing pad 'SW49:1' at (163278836, 103427533) with pad 'SW49a:1' at (165759834, 89357092) using coordinate system rotated by 10.0 degree(s)
14:25:59: [INFO] Adding track segment (F.Cu): [(163278836, 103427533), (165759834, 89357092)]
14:25:59: [INFO] Adding track segment (F.Cu): [(165759834, 89357092), (165759834, 89357092)]
14:25:59: [INFO] Routing pad 'SW49a:1' at (165759834, 89357092) with pad 'SW21:1' at (168240833, 75286652) using coordinate system rotated by 10.0 degree(s)
14:25:59: [INFO] Adding track segment (F.Cu): [(165759834, 89357092), (168240831, 75286652)]
14:25:59: [INFO] Adding track segment (F.Cu): [(168240831, 75286652), (168240833, 75286652)]
14:25:59: [INFO] Routing pad 'SW21:1' at (168240833, 75286652) with pad 'SW21a:1' at (169067832, 70596505) using coordinate system rotated by 10.0 degree(s)
14:25:59: [INFO] Adding track segment (F.Cu): [(168240833, 75286652), (169067831, 70596504)]
14:25:59: [INFO] Adding track segment (F.Cu): [(169067831, 70596504), (169067832, 70596505)]
14:25:59: [INFO] Routing pad 'SW21a:1' at (169067832, 70596505) with pad 'SW7:1' at (172375830, 51835917) using coordinate system rotated by 10.0 degree(s)
14:25:59: [INFO] Adding track segment (F.Cu): [(169067832, 70596505), (172375829, 51835916)]
14:25:59: [INFO] Adding track segment (F.Cu): [(172375829, 51835916), (172375830, 51835917)]
14:25:59: [INFO] Routing COL10 pads
14:25:59: [INFO] Routing pad 'SW11:1' at (249526199, 38544976) with pad 'SW25:1' at (252834197, 57305563) using coordinate system rotated by 350.0 degree(s)
14:25:59: [INFO] Adding track segment (F.Cu): [(249526199, 38544976), (252834196, 57305562)]
14:25:59: [INFO] Adding track segment (F.Cu): [(252834196, 57305562), (252834197, 57305563)]
14:25:59: [INFO] Routing pad 'SW25:1' at (252834197, 57305563) with pad 'SW39:1' at (256142194, 76066151) using coordinate system rotated by 350.0 degree(s)
14:25:59: [INFO] Adding track segment (F.Cu): [(252834197, 57305563), (256142193, 76066150)]
14:25:59: [INFO] Adding track segment (F.Cu): [(256142193, 76066150), (256142194, 76066151)]
14:25:59: [INFO] Routing pad 'SW39:1' at (256142194, 76066151) with pad 'SW53:1' at (259450192, 94826739) using coordinate system rotated by 350.0 degree(s)
14:25:59: [INFO] Adding track segment (F.Cu): [(256142194, 76066151), (259450191, 94826738)]
14:25:59: [INFO] Adding track segment (F.Cu): [(259450191, 94826738), (259450192, 94826739)]
14:25:59: [INFO] Routing pad 'SW53:1' at (259450192, 94826739) with pad 'SW67:1' at (262758190, 113587327) using coordinate system rotated by 350.0 degree(s)
14:25:59: [INFO] Adding track segment (F.Cu): [(259450192, 94826739), (262758189, 113587326)]
14:25:59: [INFO] Adding track segment (F.Cu): [(262758189, 113587326), (262758190, 113587327)]
14:25:59: [INFO] Routing ROW0 pads
14:25:59: [INFO] Routing pad 'D1:1' at (62230000, 43500000) with pad 'D2:1' at (86042500, 43500000) using coordinate system rotated by 0 degree(s)
14:25:59: [INFO] Adding track segment (B.Cu): [(62230000, 43500000), (86042500, 43500000)]
14:25:59: [WARNING] Could not route pads when parent footprints not rotated the same, footprint1: D2 at 90.0 degree(s) and footprint2: D3 at 80.0 degree(s)
14:25:59: [INFO] Routing pad 'D3:1' at (105106613, 45715760) with pad 'D4:1' at (124297240, 46584882) using coordinate system rotated by 280.0 degree(s)
14:25:59: [INFO] Adding track segment (B.Cu): [(105106613, 45715760), (121428323, 48593717)]
14:25:59: [INFO] Adding track segment (B.Cu): [(121428323, 48593717), (124297240, 46584882)]
14:25:59: [INFO] Routing pad 'D4:1' at (124297240, 46584882) with pad 'D5:1' at (142627788, 52331756) using coordinate system rotated by 280.0 degree(s)
14:25:59: [INFO] Adding track segment (B.Cu): [(124297240, 46584882), (140618950, 49462839)]
14:25:59: [INFO] Adding track segment (B.Cu): [(140618950, 49462839), (142627788, 52331756)]
14:25:59: [INFO] Routing pad 'D5:1' at (142627788, 52331756) with pad 'D6:1' at (160991416, 57891024) using coordinate system rotated by 280.0 degree(s)
14:25:59: [INFO] Adding track segment (B.Cu): [(142627788, 52331756), (159137104, 55242793)]
14:25:59: [INFO] Adding track segment (B.Cu): [(159137104, 55242793), (160991416, 57891024)]
14:25:59: [INFO] Routing pad 'D6:1' at (160991416, 57891024) with pad 'D7:1' at (179752004, 61199022) using coordinate system rotated by 280.0 degree(s)
14:25:59: [INFO] Adding track segment (B.Cu): [(160991416, 57891024), (179752003, 61199021)]
14:25:59: [INFO] Adding track segment (B.Cu): [(179752003, 61199021), (179752004, 61199022)]
14:25:59: [WARNING] Could not route pads when parent footprints not rotated the same, footprint1: D7 at 80.0 degree(s) and footprint2: D8 at 100.0 degree(s)
14:25:59: [INFO] Routing pad 'D8:1' at (204205142, 59434757) with pad 'D9:1' at (222965730, 56126759) using coordinate system rotated by 260.0 degree(s)
14:25:59: [INFO] Adding track segment (B.Cu): [(204205142, 59434757), (222965729, 56126758)]
14:25:59: [INFO] Adding track segment (B.Cu): [(222965729, 56126758), (222965730, 56126759)]
14:25:59: [INFO] Routing pad 'D9:1' at (222965730, 56126759) with pad 'D10:1' at (241329358, 50567491) using coordinate system rotated by 260.0 degree(s)
14:25:59: [INFO] Adding track segment (B.Cu): [(222965730, 56126759), (239475047, 53215720)]
14:25:59: [INFO] Adding track segment (B.Cu): [(239475047, 53215720), (241329358, 50567491)]
14:25:59: [INFO] Routing pad 'D10:1' at (241329358, 50567491) with pad 'D11:1' at (259659906, 44820617) using coordinate system rotated by 260.0 degree(s)
14:25:59: [INFO] Adding track segment (B.Cu): [(241329358, 50567491), (257651069, 47689532)]
14:25:59: [INFO] Adding track segment (B.Cu): [(257651069, 47689532), (259659906, 44820617)]
14:25:59: [INFO] Routing pad 'D11:1' at (259659906, 44820617) with pad 'D12:1' at (278850533, 43951495) using coordinate system rotated by 260.0 degree(s)
14:25:59: [INFO] Adding track segment (B.Cu): [(259659906, 44820617), (275981617, 41942658)]
14:25:59: [INFO] Adding track segment (B.Cu): [(275981617, 41942658), (278850533, 43951495)]
14:25:59: [WARNING] Could not route pads when parent footprints not rotated the same, footprint1: D12 at 100.0 degree(s) and footprint2: D13 at 90.0 degree(s)
14:25:59: [INFO] Routing pad 'D13:1' at (298450000, 43500000) with pad 'D14:1' at (322262500, 43500000) using coordinate system rotated by 0 degree(s)
14:25:59: [INFO] Adding track segment (B.Cu): [(298450000, 43500000), (322262500, 43500000)]
14:25:59: [INFO] Routing COL3 pads
14:25:59: [INFO] Routing pad 'SW60:1' at (103689075, 112264128) with pad 'SW46:1' at (106997073, 93503540) using coordinate system rotated by 10.0 degree(s)
14:25:59: [INFO] Adding track segment (F.Cu): [(103689075, 112264128), (106997072, 93503539)]
14:25:59: [INFO] Adding track segment (F.Cu): [(106997072, 93503539), (106997073, 93503540)]
14:25:59: [INFO] Routing pad 'SW46:1' at (106997073, 93503540) with pad 'SW32:1' at (110305071, 74742952) using coordinate system rotated by 10.0 degree(s)
14:25:59: [INFO] Adding track segment (F.Cu): [(106997073, 93503540), (110305070, 74742951)]
14:25:59: [INFO] Adding track segment (F.Cu): [(110305070, 74742951), (110305071, 74742952)]
14:26:00: [INFO] Routing pad 'SW32:1' at (110305071, 74742952) with pad 'SW18:1' at (113613068, 55982364) using coordinate system rotated by 10.0 degree(s)
14:26:00: [INFO] Adding track segment (F.Cu): [(110305071, 74742952), (113613068, 55982364)]
14:26:00: [INFO] Adding track segment (F.Cu): [(113613068, 55982364), (113613068, 55982364)]
14:26:00: [INFO] Routing pad 'SW18:1' at (113613068, 55982364) with pad 'SW4:1' at (116921066, 37221777) using coordinate system rotated by 10.0 degree(s)
14:26:00: [INFO] Adding track segment (F.Cu): [(113613068, 55982364), (116921064, 37221777)]
14:26:00: [INFO] Adding track segment (F.Cu): [(116921064, 37221777), (116921066, 37221777)]
14:26:00: [INFO] Routing COL12 pads
14:26:00: [INFO] Routing pad 'SW13:1' at (289560000, 35560000) with pad 'SW27:1' at (292798500, 54610000) using coordinate system rotated by 0 degree(s)
14:26:00: [INFO] Adding track segment (F.Cu): [(289560000, 35560000), (289560000, 51371500)]
14:26:00: [INFO] Adding track segment (F.Cu): [(289560000, 51371500), (292798500, 54610000)]
14:26:00: [INFO] Routing pad 'SW27:1' at (292798500, 54610000) with pad 'SW41:1' at (296037000, 73660000) using coordinate system rotated by 0 degree(s)
14:26:00: [INFO] Adding track segment (F.Cu): [(292798500, 54610000), (292798500, 70421500)]
14:26:00: [INFO] Adding track segment (F.Cu): [(292798500, 70421500), (296037000, 73660000)]
14:26:00: [INFO] Routing pad 'SW41:1' at (296037000, 73660000) with pad 'SW55:1' at (299466000, 92710000) using coordinate system rotated by 0 degree(s)
14:26:00: [INFO] Adding track segment (F.Cu): [(296037000, 73660000), (296037000, 89281000)]
14:26:00: [INFO] Adding track segment (F.Cu): [(296037000, 89281000), (299466000, 92710000)]
14:26:00: [INFO] Routing pad 'SW55:1' at (299466000, 92710000) with pad 'SW69:1' at (302704500, 111760000) using coordinate system rotated by 0 degree(s)
14:26:00: [INFO] Adding track segment (F.Cu): [(299466000, 92710000), (299466000, 108521500)]
14:26:00: [INFO] Adding track segment (F.Cu): [(299466000, 108521500), (302704500, 111760000)]
14:26:00: [INFO] Routing COL7 pads
14:26:00: [INFO] Routing pad 'SW8:1' at (194071435, 53159116) with pad 'SW22a:1' at (197379433, 71919704) using coordinate system rotated by 350.0 degree(s)
14:26:00: [INFO] Adding track segment (F.Cu): [(194071435, 53159116), (197379432, 71919703)]
14:26:00: [INFO] Adding track segment (F.Cu): [(197379432, 71919703), (197379433, 71919704)]
14:26:00: [INFO] Routing pad 'SW22a:1' at (197379433, 71919704) with pad 'SW22:1' at (198206432, 76609851) using coordinate system rotated by 350.0 degree(s)
14:26:00: [INFO] Adding track segment (F.Cu): [(197379433, 71919704), (198206431, 76609849)]
14:26:00: [INFO] Adding track segment (F.Cu): [(198206431, 76609849), (198206432, 76609851)]
14:26:00: [INFO] Routing pad 'SW22:1' at (198206432, 76609851) with pad 'SW36:1' at (200687431, 90680291) using coordinate system rotated by 350.0 degree(s)
14:26:00: [INFO] Adding track segment (F.Cu): [(198206432, 76609851), (200687429, 90680290)]
14:26:00: [INFO] Adding track segment (F.Cu): [(200687429, 90680290), (200687431, 90680291)]
14:26:00: [INFO] Routing pad 'SW36:1' at (200687431, 90680291) with pad 'SW50:1' at (203168429, 104750732) using coordinate system rotated by 350.0 degree(s)
14:26:00: [INFO] Adding track segment (F.Cu): [(200687431, 90680291), (203168428, 104750731)]
14:26:00: [INFO] Adding track segment (F.Cu): [(203168428, 104750731), (203168429, 104750732)]
14:26:00: [INFO] Routing pad 'SW50:1' at (203168429, 104750732) with pad 'SW50a:1' at (203995428, 109440879) using coordinate system rotated by 350.0 degree(s)
14:26:00: [INFO] Adding track segment (F.Cu): [(203168429, 104750732), (203995427, 109440877)]
14:26:00: [INFO] Adding track segment (F.Cu): [(203995427, 109440877), (203995428, 109440879)]
14:26:00: [INFO] Routing pad 'SW50a:1' at (203995428, 109440879) with pad 'SW64a:1' at (207443411, 128283436) using coordinate system rotated by 350.0 degree(s)
14:26:00: [INFO] Routing pad 'SW64a:1' at (207443411, 128283436) with pad 'SW64:1' at (216823705, 126629437) using coordinate system rotated by 350.0 degree(s)
14:26:00: [INFO] Adding track segment (F.Cu): [(207443411, 128283436), (216823704, 126629436)]
14:26:00: [INFO] Adding track segment (F.Cu): [(216823704, 126629436), (216823705, 126629437)]
14:26:00: [INFO] Routing COL11 pads
14:26:00: [INFO] Routing pad 'SW12:1' at (268716826, 37675854) with pad 'SW26:1' at (272024824, 56436441) using coordinate system rotated by 350.0 degree(s)
14:26:00: [INFO] Adding track segment (F.Cu): [(268716826, 37675854), (272024823, 56436440)]
14:26:00: [INFO] Adding track segment (F.Cu): [(272024823, 56436440), (272024824, 56436441)]
14:26:00: [INFO] Routing pad 'SW26:1' at (272024824, 56436441) with pad 'SW40:1' at (275332822, 75197030) using coordinate system rotated by 350.0 degree(s)
14:26:00: [INFO] Adding track segment (F.Cu): [(272024824, 56436441), (275332821, 75197029)]
14:26:00: [INFO] Adding track segment (F.Cu): [(275332821, 75197029), (275332822, 75197030)]
14:26:00: [INFO] Routing pad 'SW40:1' at (275332822, 75197030) with pad 'SW54:1' at (278640819, 93957617) using coordinate system rotated by 350.0 degree(s)
14:26:00: [INFO] Adding track segment (F.Cu): [(275332822, 75197030), (278640818, 93957615)]
14:26:00: [INFO] Adding track segment (F.Cu): [(278640818, 93957615), (278640819, 93957617)]
14:26:00: [INFO] Routing pad 'SW54:1' at (278640819, 93957617) with pad 'SW68:1' at (281948817, 112718205) using coordinate system rotated by 350.0 degree(s)
14:26:00: [INFO] Adding track segment (F.Cu): [(278640819, 93957617), (281948815, 112718203)]
14:26:00: [INFO] Adding track segment (F.Cu): [(281948815, 112718203), (281948817, 112718205)]
14:26:00: [INFO] Routing COL2 pads
14:26:00: [INFO] Routing pad 'SW59:1' at (84498448, 111395006) with pad 'SW45:1' at (87806446, 92634418) using coordinate system rotated by 10.0 degree(s)
14:26:00: [INFO] Adding track segment (F.Cu): [(84498448, 111395006), (87806445, 92634417)]
14:26:00: [INFO] Adding track segment (F.Cu): [(87806445, 92634417), (87806446, 92634418)]
14:26:00: [INFO] Routing pad 'SW45:1' at (87806446, 92634418) with pad 'SW31:1' at (91114443, 73873831) using coordinate system rotated by 10.0 degree(s)
14:26:00: [INFO] Adding track segment (F.Cu): [(87806446, 92634418), (91114443, 73873830)]
14:26:00: [INFO] Adding track segment (F.Cu): [(91114443, 73873830), (91114443, 73873831)]
14:26:00: [INFO] Routing pad 'SW31:1' at (91114443, 73873831) with pad 'SW17:1' at (94422441, 55113242) using coordinate system rotated by 10.0 degree(s)
14:26:00: [INFO] Adding track segment (F.Cu): [(91114443, 73873831), (94422440, 55113242)]
14:26:00: [INFO] Adding track segment (F.Cu): [(94422440, 55113242), (94422441, 55113242)]
14:26:00: [INFO] Routing pad 'SW17:1' at (94422441, 55113242) with pad 'SW3:1' at (97730439, 36352655) using coordinate system rotated by 10.0 degree(s)
14:26:00: [INFO] Adding track segment (F.Cu): [(94422441, 55113242), (97730437, 36352654)]
14:26:00: [INFO] Adding track segment (F.Cu): [(97730437, 36352654), (97730439, 36352655)]
14:26:00: [INFO] Routing ROW2 pads
14:26:00: [INFO] Routing pad 'D29:1' at (55943500, 81600000) with pad 'D30:1' at (79756000, 81600000) using coordinate system rotated by 0 degree(s)
14:26:00: [INFO] Adding track segment (B.Cu): [(55943500, 81600000), (79756000, 81600000)]
14:26:00: [WARNING] Could not route pads when parent footprints not rotated the same, footprint1: D30 at 90.0 degree(s) and footprint2: D31 at 80.0 degree(s)
14:26:00: [INFO] Routing pad 'D31:1' at (98490617, 83236936) with pad 'D32:1' at (117681245, 84106057) using coordinate system rotated by 280.0 degree(s)
14:26:00: [INFO] Adding track segment (B.Cu): [(98490617, 83236936), (114812327, 86114893)]
14:26:00: [INFO] Adding track segment (B.Cu): [(114812327, 86114893), (117681245, 84106057)]
14:26:00: [INFO] Routing pad 'D32:1' at (117681245, 84106057) with pad 'D33:1' at (136011793, 89852931) using coordinate system rotated by 280.0 degree(s)
14:26:00: [INFO] Adding track segment (B.Cu): [(117681245, 84106057), (134002955, 86984014)]
14:26:00: [INFO] Adding track segment (B.Cu): [(134002955, 86984014), (136011793, 89852931)]
14:26:00: [INFO] Routing pad 'D33:1' at (136011793, 89852931) with pad 'D34:1' at (154375421, 95412200) using coordinate system rotated by 280.0 degree(s)
14:26:00: [INFO] Adding track segment (B.Cu): [(136011793, 89852931), (152521110, 92763968)]
14:26:00: [INFO] Adding track segment (B.Cu): [(152521110, 92763968), (154375421, 95412200)]
14:26:00: [INFO] Routing pad 'D34:1' at (154375421, 95412200) with pad 'D35:1' at (169828011, 117480785) using coordinate system rotated by 280.0 degree(s)
14:26:00: [WARNING] Could not route pads when parent footprints not rotated the same, footprint1: D35 at 80.0 degree(s) and footprint2: D36 at 100.0 degree(s)
14:26:00: [INFO] Routing pad 'D36:1' at (210821138, 96955932) with pad 'D37:1' at (229581725, 93647935) using coordinate system rotated by 260.0 degree(s)
14:26:00: [INFO] Adding track segment (B.Cu): [(210821138, 96955932), (229581723, 93647933)]
14:26:00: [INFO] Adding track segment (B.Cu): [(229581723, 93647933), (229581725, 93647935)]
14:26:00: [INFO] Routing pad 'D37:1' at (229581725, 93647935) with pad 'D38:1' at (247945353, 88088666) using coordinate system rotated by 260.0 degree(s)
14:26:00: [INFO] Adding track segment (B.Cu): [(229581725, 93647935), (246091040, 90736896)]
14:26:00: [INFO] Adding track segment (B.Cu): [(246091040, 90736896), (247945353, 88088666)]
14:26:00: [INFO] Routing pad 'D38:1' at (247945353, 88088666) with pad 'D39:1' at (266275901, 82341792) using coordinate system rotated by 260.0 degree(s)
14:26:00: [INFO] Adding track segment (B.Cu): [(247945353, 88088666), (264267064, 85210706)]
14:26:00: [INFO] Adding track segment (B.Cu): [(264267064, 85210706), (266275901, 82341792)]
14:26:00: [INFO] Routing pad 'D39:1' at (266275901, 82341792) with pad 'D40:1' at (285466529, 81472671) using coordinate system rotated by 260.0 degree(s)
14:26:00: [INFO] Adding track segment (B.Cu): [(266275901, 82341792), (282597612, 79463833)]
14:26:00: [INFO] Adding track segment (B.Cu): [(282597612, 79463833), (285466529, 81472671)]
14:26:00: [WARNING] Could not route pads when parent footprints not rotated the same, footprint1: D40 at 100.0 degree(s) and footprint2: D41 at 90.0 degree(s)
14:26:00: [INFO] Routing pad 'D41:1' at (304927000, 81600000) with pad 'D42:1' at (328739500, 81600000) using coordinate system rotated by 0 degree(s)
14:26:00: [INFO] Adding track segment (B.Cu): [(304927000, 81600000), (328739500, 81600000)]
14:26:00: [INFO] Routing COL4 pads
14:26:00: [INFO] Routing pad 'SW61:1' at (122019623, 118011002) with pad 'SW47:1' at (125327621, 99250414) using coordinate system rotated by 10.0 degree(s)
14:26:00: [INFO] Adding track segment (F.Cu): [(122019623, 118011002), (125327620, 99250413)]
14:26:00: [INFO] Adding track segment (F.Cu): [(125327620, 99250413), (125327621, 99250414)]
14:26:00: [INFO] Routing pad 'SW47:1' at (125327621, 99250414) with pad 'SW33:1' at (128635619, 80489826) using coordinate system rotated by 10.0 degree(s)
14:26:00: [INFO] Adding track segment (F.Cu): [(125327621, 99250414), (128635618, 80489825)]
14:26:00: [INFO] Adding track segment (F.Cu): [(128635618, 80489825), (128635619, 80489826)]
14:26:00: [INFO] Routing pad 'SW33:1' at (128635619, 80489826) with pad 'SW19:1' at (131943617, 61729238) using coordinate system rotated by 10.0 degree(s)
14:26:00: [INFO] Adding track segment (F.Cu): [(128635619, 80489826), (131943616, 61729237)]
14:26:00: [INFO] Adding track segment (F.Cu): [(131943616, 61729237), (131943617, 61729238)]
14:26:00: [INFO] Routing pad 'SW19:1' at (131943617, 61729238) with pad 'SW5:1' at (135251614, 42968651) using coordinate system rotated by 10.0 degree(s)
14:26:00: [INFO] Adding track segment (F.Cu): [(131943617, 61729238), (135251614, 42968650)]
14:26:00: [INFO] Adding track segment (F.Cu): [(135251614, 42968650), (135251614, 42968651)]
14:26:00: [INFO] Routing COL8 pads
14:26:00: [INFO] Routing pad 'SW9:1' at (212832023, 49851118) with pad 'SW23:1' at (216140021, 68611706) using coordinate system rotated by 350.0 degree(s)
14:26:00: [INFO] Adding track segment (F.Cu): [(212832023, 49851118), (216140020, 68611705)]
14:26:00: [INFO] Adding track segment (F.Cu): [(216140020, 68611705), (216140021, 68611706)]
14:26:00: [INFO] Routing pad 'SW23:1' at (216140021, 68611706) with pad 'SW37:1' at (219448018, 87372294) using coordinate system rotated by 350.0 degree(s)
14:26:00: [INFO] Adding track segment (F.Cu): [(216140021, 68611706), (219448017, 87372292)]
14:26:00: [INFO] Adding track segment (F.Cu): [(219448017, 87372292), (219448018, 87372294)]
14:26:00: [INFO] Routing pad 'SW37:1' at (219448018, 87372294) with pad 'SW51:1' at (222756016, 106132881) using coordinate system rotated by 350.0 degree(s)
14:26:00: [INFO] Adding track segment (F.Cu): [(219448018, 87372294), (222756014, 106132879)]
14:26:00: [INFO] Adding track segment (F.Cu): [(222756014, 106132879), (222756016, 106132881)]
14:26:00: [INFO] Routing pad 'SW51:1' at (222756016, 106132881) with pad 'SW65:1' at (226203999, 124975438) using coordinate system rotated by 350.0 degree(s)
14:26:00: [INFO] Adding track segment (F.Cu): [(222756016, 106132881), (226060785, 124875158)]
14:26:00: [INFO] Adding track segment (F.Cu): [(226060785, 124875158), (226203999, 124975438)]
14:26:00: [INFO] Routing COL1 pads
14:26:00: [INFO] Routing pad 'SW58:1' at (64008000, 111760000) with pad 'SW44:1' at (67246500, 92710000) using coordinate system rotated by 0 degree(s)
14:26:00: [INFO] Adding track segment (F.Cu): [(64008000, 111760000), (67246500, 108521500)]
14:26:00: [INFO] Adding track segment (F.Cu): [(67246500, 108521500), (67246500, 92710000)]
14:26:00: [INFO] Routing pad 'SW44:1' at (67246500, 92710000) with pad 'SW30:1' at (70866000, 73660000) using coordinate system rotated by 0 degree(s)
14:26:00: [INFO] Adding track segment (F.Cu): [(67246500, 92710000), (70866000, 89090500)]
14:26:00: [INFO] Adding track segment (F.Cu): [(70866000, 89090500), (70866000, 73660000)]
14:26:00: [INFO] Routing pad 'SW30:1' at (70866000, 73660000) with pad 'SW16:1' at (73723500, 54610000) using coordinate system rotated by 0 degree(s)
14:26:00: [INFO] Adding track segment (F.Cu): [(70866000, 73660000), (73723500, 70802500)]
14:26:00: [INFO] Adding track segment (F.Cu): [(73723500, 70802500), (73723500, 54610000)]
14:26:00: [INFO] Routing pad 'SW16:1' at (73723500, 54610000) with pad 'SW2:1' at (77152500, 35560000) using coordinate system rotated by 0 degree(s)
14:26:00: [INFO] Adding track segment (F.Cu): [(73723500, 54610000), (77152500, 51181000)]
14:26:00: [INFO] Adding track segment (F.Cu): [(77152500, 51181000), (77152500, 35560000)]
14:26:00: [INFO] Routing ROW1 pads
14:26:00: [INFO] Routing pad 'D15:1' at (58800999, 62550000) with pad 'D16:1' at (82613500, 62550000) using coordinate system rotated by 0 degree(s)
14:26:00: [INFO] Adding track segment (B.Cu): [(58800999, 62550000), (82613500, 62550000)]
14:26:00: [WARNING] Could not route pads when parent footprints not rotated the same, footprint1: D16 at 90.0 degree(s) and footprint2: D17 at 80.0 degree(s)
14:26:00: [INFO] Routing pad 'D17:1' at (101798615, 64476347) with pad 'D18:1' at (120989242, 65345469) using coordinate system rotated by 280.0 degree(s)
14:26:00: [INFO] Adding track segment (B.Cu): [(101798615, 64476347), (118120326, 67354304)]
14:26:00: [INFO] Adding track segment (B.Cu): [(118120326, 67354304), (120989242, 65345469)]
14:26:00: [INFO] Routing pad 'D18:1' at (120989242, 65345469) with pad 'D19:1' at (139319791, 71092343) using coordinate system rotated by 280.0 degree(s)
14:26:01: [INFO] Adding track segment (B.Cu): [(120989242, 65345469), (137310955, 68223427)]
14:26:01: [INFO] Adding track segment (B.Cu): [(137310955, 68223427), (139319791, 71092343)]
14:26:01: [INFO] Routing pad 'D19:1' at (139319791, 71092343) with pad 'D20:1' at (157683418, 76651612) using coordinate system rotated by 280.0 degree(s)
14:26:01: [INFO] Adding track segment (B.Cu): [(139319791, 71092343), (155829106, 74003379)]
14:26:01: [INFO] Adding track segment (B.Cu): [(155829106, 74003379), (157683418, 76651612)]
14:26:01: [INFO] Routing pad 'D20:1' at (157683418, 76651612) with pad 'D21:1' at (175617007, 84649757) using coordinate system rotated by 280.0 degree(s)
14:26:01: [INFO] Adding track segment (B.Cu): [(157683418, 76651612), (161546565, 82168757)]
14:26:01: [INFO] Adding track segment (B.Cu): [(161546565, 82168757), (175617007, 84649757)]
14:26:01: [WARNING] Could not route pads when parent footprints not rotated the same, footprint1: D21 at 80.0 degree(s) and footprint2: D22 at 100.0 degree(s)
14:26:01: [INFO] Routing pad 'D22:1' at (208340139, 82885492) with pad 'D23:1' at (226273728, 74887347) using coordinate system rotated by 260.0 degree(s)
14:26:01: [INFO] Adding track segment (B.Cu): [(208340139, 82885492), (222410580, 80404492)]
14:26:01: [INFO] Adding track segment (B.Cu): [(222410580, 80404492), (226273728, 74887347)]
14:26:01: [INFO] Routing pad 'D23:1' at (226273728, 74887347) with pad 'D24:1' at (244637355, 69328078) using coordinate system rotated by 260.0 degree(s)
14:26:01: [INFO] Adding track segment (B.Cu): [(226273728, 74887347), (242783042, 71976308)]
14:26:01: [INFO] Adding track segment (B.Cu): [(242783042, 71976308), (244637355, 69328078)]
14:26:01: [INFO] Routing pad 'D24:1' at (244637355, 69328078) with pad 'D25:1' at (262967904, 63581204) using coordinate system rotated by 260.0 degree(s)
14:26:01: [INFO] Adding track segment (B.Cu): [(244637355, 69328078), (260959066, 66450119)]
14:26:01: [INFO] Adding track segment (B.Cu): [(260959066, 66450119), (262967904, 63581204)]
14:26:01: [INFO] Routing pad 'D25:1' at (262967904, 63581204) with pad 'D26:1' at (282158531, 62712082) using coordinate system rotated by 260.0 degree(s)
14:26:01: [INFO] Adding track segment (B.Cu): [(262967904, 63581204), (279289614, 60703245)]
14:26:01: [INFO] Adding track segment (B.Cu): [(279289614, 60703245), (282158531, 62712082)]
14:26:01: [WARNING] Could not route pads when parent footprints not rotated the same, footprint1: D26 at 100.0 degree(s) and footprint2: D27 at 90.0 degree(s)
14:26:01: [INFO] Routing pad 'D27:1' at (301688500, 62550000) with pad 'D28:1' at (325501000, 62550000) using coordinate system rotated by 0 degree(s)
14:26:01: [INFO] Adding track segment (B.Cu): [(301688500, 62550000), (325501000, 62550000)]
14:26:01: [INFO] Routing ROW4 pads
14:26:01: [WARNING] Could not route pads when parent footprints not rotated the same, footprint1: D58 at 90.0 degree(s) and footprint2: D59 at 80.0 degree(s)
14:26:01: [INFO] Routing pad 'D59:1' at (91874622, 120758111) with pad 'D60:1' at (111065249, 121627233) using coordinate system rotated by 280.0 degree(s)
14:26:01: [INFO] Adding track segment (B.Cu): [(91874622, 120758111), (108196332, 123636068)]
14:26:01: [INFO] Adding track segment (B.Cu): [(108196332, 123636068), (111065249, 121627233)]
14:26:01: [INFO] Routing pad 'D60:1' at (111065249, 121627233) with pad 'D61:1' at (129395797, 127374107) using coordinate system rotated by 280.0 degree(s)
14:26:01: [INFO] Adding track segment (B.Cu): [(111065249, 121627233), (127386959, 124505190)]
14:26:01: [INFO] Adding track segment (B.Cu): [(127386959, 124505190), (129395797, 127374107)]
14:26:01: [INFO] Routing pad 'D61:1' at (129395797, 127374107) with pad 'D62:1' at (147742502, 133071531) using coordinate system rotated by 280.0 degree(s)
14:26:01: [INFO] Adding track segment (B.Cu): [(129395797, 127374107), (145775443, 130262279)]
14:26:01: [INFO] Adding track segment (B.Cu): [(145775443, 130262279), (147742502, 133071531)]
14:26:01: [INFO] Routing pad 'D62:1' at (147742502, 133071531) with pad 'D63:1' at (157122796, 134725530) using coordinate system rotated by 280.0 degree(s)
14:26:01: [INFO] Adding track segment (B.Cu): [(147742502, 133071531), (157122795, 134725529)]
14:26:01: [INFO] Adding track segment (B.Cu): [(157122795, 134725529), (157122796, 134725530)]
14:26:01: [INFO] Routing pad 'D63:1' at (157122796, 134725530) with pad 'D57:1' at (184888466, 139621366) using coordinate system rotated by 280.0 degree(s)
14:26:01: [INFO] Adding track segment (B.Cu): [(157122796, 134725530), (184888464, 139621366)]
14:26:01: [INFO] Adding track segment (B.Cu): [(184888464, 139621366), (184888466, 139621366)]
14:26:01: [WARNING] Could not route pads when parent footprints not rotated the same, footprint1: D57 at 80.0 degree(s) and footprint2: D64 at 100.0 degree(s)
14:26:01: [INFO] Routing pad 'D64:1' at (226957412, 132905078) with pad 'D65:1' at (236337706, 131251079) using coordinate system rotated by 260.0 degree(s)
14:26:01: [INFO] Adding track segment (B.Cu): [(226957412, 132905078), (236337705, 131251078)]
14:26:01: [INFO] Adding track segment (B.Cu): [(236337705, 131251078), (236337706, 131251079)]
14:26:01: [INFO] Routing pad 'D65:1' at (236337706, 131251079) with pad 'D66:1' at (254561349, 125609842) using coordinate system rotated by 260.0 degree(s)
14:26:01: [INFO] Adding track segment (B.Cu): [(236337706, 131251079), (252621839, 128379746)]
14:26:01: [INFO] Adding track segment (B.Cu): [(252621839, 128379746), (254561349, 125609842)]
14:26:01: [INFO] Routing pad 'D66:1' at (254561349, 125609842) with pad 'D67:1' at (272891897, 119862968) using coordinate system rotated by 260.0 degree(s)
14:26:01: [INFO] Adding track segment (B.Cu): [(254561349, 125609842), (270883059, 122731883)]
14:26:01: [INFO] Adding track segment (B.Cu): [(270883059, 122731883), (272891897, 119862968)]
14:26:01: [INFO] Routing pad 'D67:1' at (272891897, 119862968) with pad 'D68:1' at (292082524, 118993846) using coordinate system rotated by 260.0 degree(s)
14:26:01: [INFO] Adding track segment (B.Cu): [(272891897, 119862968), (289213607, 116985009)]
14:26:01: [INFO] Adding track segment (B.Cu): [(289213607, 116985009), (292082524, 118993846)]
14:26:01: [WARNING] Could not route pads when parent footprints not rotated the same, footprint1: D68 at 100.0 degree(s) and footprint2: D69 at 90.0 degree(s)
14:26:01: [INFO] Removing dangling tracks
14:26:01: [INFO] Removing 92acfb88-6769-497f-8af5-80dae6c8fe5d
14:26:01: [INFO] Removing 2c826674-b54c-40f0-ac16-bdd9f6916fa6
14:26:01: [INFO] Removing 9290fde2-64c0-4275-9c05-cc1d7d745bc3
