=== kbplacer.kle_serial ===
=== layout2image.py ===
=== kbplacer ===
13:30:34: [INFO] User layout: https://editor.keyboard-tools.xyz/#share=NrDeCIA9wLgAgMwF8A0dwAYUPGi14B2VdAVm3AF0UAoMKWOAJjXAE9GBaDAOmNaxNccfIwCMJTCgAsw0fFKTysvA3gTW5IdTry45dB3jceADkUCUpOWsRKrVWvSNwThC+iwZhUsTYJwYhpkKH6aKN469AEIrC5ukmIUqgH86ABsFFF6LIZcvGngSUIp4oky-owe4JkqIrbBNSjaTnoG7Plm1UnWpfDIrJnW2R3GBd0RPklh9QFBkpkzEADGjOAAxIRb2+ALkyMxcZ2ErKvwG8uXV7usLDh9cIUnOAeMuaOuBZIsJbNltxUHtUTnU9I0Ti1dLZ2vFeOZvg4HgN0Cdhq0Pm52md0JttlsbugWN5VNiLldLgTwCwlg1waEfCdIujDnkxnxJLF7n8iJJTFlmW8jmzCrFfmCOYDufpeZLxaw+ZDolUhZ8uhLelLeNJWABnAC2awATgB7AAuAH0AKbLIKU7WkAA6ADtna6Xe63c7LTSArxkeAAJxWT0e0Nuy1i2x+3UG86UvloqGwvhYtbrACGmazPn1RrNVptfglGBDWDEIZDluJ9VJ63JFJja0psR94kafJptaz2cb5xNFuttplJdD0wroctXL0nDE7VzceLpcmDzE-r5I7dSSZUJZGK+rG1rZ5rCDfle8HeycK2urcvQ2sjAWqQcf-3QQe39ENb3ehqfPFidBDRcaQeGkdoAAtxB4aptRedE-0YdIwNONN61WVgoPUGDJG1WQRm-YwmF-AJTB4TJ0ACGceCwdAu27dMfCwwIcJPfkoUQ+AAz4VgqLEGjMOg58KkoSggA
13:30:34: [INFO] Labels prefixes: for rows: 'ROW', for columns: 'COL'
13:30:34: [INFO] Matrix size: 9x5
13:30:35: [INFO] Add COL0 net
13:30:35: [INFO] Add COL1 net
13:30:35: [INFO] Add COL2 net
13:30:35: [INFO] Add COL3 net
13:30:35: [INFO] Add COL4 net
13:30:35: [INFO] Add COL5 net
13:30:35: [INFO] Add Net-(D1-A) net
13:30:35: [INFO] Add Net-(D10-A) net
13:30:35: [INFO] Add Net-(D11-A) net
13:30:35: [INFO] Add Net-(D12-A) net
13:30:35: [INFO] Add Net-(D13-A) net
13:30:35: [INFO] Add Net-(D14-A) net
13:30:35: [INFO] Add Net-(D15-A) net
13:30:35: [INFO] Add Net-(D16-A) net
13:30:35: [INFO] Add Net-(D17-A) net
13:30:35: [INFO] Add Net-(D18-A) net
13:30:35: [INFO] Add Net-(D19-A) net
13:30:35: [INFO] Add Net-(D2-A) net
13:30:35: [INFO] Add Net-(D20-A) net
13:30:35: [INFO] Add Net-(D21-A) net
13:30:35: [INFO] Add Net-(D22-A) net
13:30:35: [INFO] Add Net-(D23-A) net
13:30:35: [INFO] Add Net-(D24-A) net
13:30:35: [INFO] Add Net-(D25-A) net
13:30:35: [INFO] Add Net-(D26-A) net
13:30:35: [INFO] Add Net-(D27-A) net
13:30:35: [INFO] Add Net-(D28-A) net
13:30:35: [INFO] Add Net-(D29-A) net
13:30:35: [INFO] Add Net-(D3-A) net
13:30:35: [INFO] Add Net-(D30-A) net
13:30:35: [INFO] Add Net-(D31-A) net
13:30:35: [INFO] Add Net-(D32-A) net
13:30:35: [INFO] Add Net-(D33-A) net
13:30:35: [INFO] Add Net-(D34-A) net
13:30:35: [INFO] Add Net-(D35-A) net
13:30:35: [INFO] Add Net-(D36-A) net
13:30:35: [INFO] Add Net-(D37-A) net
13:30:35: [INFO] Add Net-(D38-A) net
13:30:35: [INFO] Add Net-(D39-A) net
13:30:35: [INFO] Add Net-(D4-A) net
13:30:35: [INFO] Add Net-(D40-A) net
13:30:35: [INFO] Add Net-(D41-A) net
13:30:35: [INFO] Add Net-(D42-A) net
13:30:35: [INFO] Add Net-(D43-A) net
13:30:35: [INFO] Add Net-(D44-A) net
13:30:35: [INFO] Add Net-(D45-A) net
13:30:35: [INFO] Add Net-(D46-A) net
13:30:35: [INFO] Add Net-(D47-A) net
13:30:35: [INFO] Add Net-(D48-A) net
13:30:35: [INFO] Add Net-(D49-A) net
13:30:35: [INFO] Add Net-(D5-A) net
13:30:35: [INFO] Add Net-(D50-A) net
13:30:35: [INFO] Add Net-(D51-A) net
13:30:35: [INFO] Add Net-(D52-A) net
13:30:35: [INFO] Add Net-(D53-A) net
13:30:35: [INFO] Add Net-(D54-A) net
13:30:35: [INFO] Add Net-(D55-A) net
13:30:35: [INFO] Add Net-(D56-A) net
13:30:35: [INFO] Add Net-(D57-A) net
13:30:35: [INFO] Add Net-(D58-A) net
13:30:35: [INFO] Add Net-(D59-A) net
13:30:35: [INFO] Add Net-(D6-A) net
13:30:35: [INFO] Add Net-(D60-A) net
13:30:35: [INFO] Add Net-(D7-A) net
13:30:35: [INFO] Add Net-(D8-A) net
13:30:35: [INFO] Add Net-(D9-A) net
13:30:35: [INFO] Add ROW0 net
13:30:35: [INFO] Add ROW1 net
13:30:35: [INFO] Add ROW2 net
13:30:35: [INFO] Add ROW3 net
13:30:35: [INFO] Add ROW4 net
13:30:35: [INFO] Add ROW5 net
13:30:35: [INFO] Add ROW6 net
13:30:35: [INFO] Add ROW7 net
13:30:35: [INFO] Add ROW8 net
13:30:35: [INFO] Add ROW9 net
13:30:35: [INFO] Add SW1 footprint
13:30:35: [INFO] Add D1 footprint
13:30:35: [INFO] Add SW2 footprint
13:30:35: [INFO] Add D2 footprint
13:30:35: [INFO] Add SW3 footprint
13:30:35: [INFO] Add D3 footprint
13:30:35: [INFO] Add SW4 footprint
13:30:35: [INFO] Add D4 footprint
13:30:35: [INFO] Add SW5 footprint
13:30:35: [INFO] Add D5 footprint
13:30:35: [INFO] Add SW6 footprint
13:30:35: [INFO] Add D6 footprint
13:30:35: [INFO] Add SW7 footprint
13:30:35: [INFO] Add D7 footprint
13:30:35: [INFO] Add SW8 footprint
13:30:35: [INFO] Add D8 footprint
13:30:35: [INFO] Add SW9 footprint
13:30:35: [INFO] Add D9 footprint
13:30:35: [INFO] Add SW10 footprint
13:30:35: [INFO] Add D10 footprint
13:30:35: [INFO] Add SW11 footprint
13:30:35: [INFO] Add D11 footprint
13:30:35: [INFO] Add SW12 footprint
13:30:35: [INFO] Add D12 footprint
13:30:35: [INFO] Add SW13 footprint
13:30:36: [INFO] Add D13 footprint
13:30:36: [INFO] Add SW14 footprint
13:30:36: [INFO] Add D14 footprint
13:30:36: [INFO] Add SW15 footprint
13:30:36: [INFO] Add D15 footprint
13:30:36: [INFO] Add SW16 footprint
13:30:36: [INFO] Add D16 footprint
13:30:36: [INFO] Add SW17 footprint
13:30:36: [INFO] Add D17 footprint
13:30:36: [INFO] Add SW18 footprint
13:30:36: [INFO] Add D18 footprint
13:30:36: [INFO] Add SW19 footprint
13:30:36: [INFO] Add D19 footprint
13:30:36: [INFO] Add SW19a footprint
13:30:36: [INFO] Add SW20 footprint
13:30:36: [INFO] Add D20 footprint
13:30:36: [INFO] Add SW21 footprint
13:30:36: [INFO] Add D21 footprint
13:30:36: [INFO] Add SW22 footprint
13:30:36: [INFO] Add D22 footprint
13:30:36: [INFO] Add SW23 footprint
13:30:36: [INFO] Add D23 footprint
13:30:36: [INFO] Add SW24 footprint
13:30:36: [INFO] Add D24 footprint
13:30:36: [INFO] Add SW25 footprint
13:30:36: [INFO] Add D25 footprint
13:30:36: [INFO] Add SW26 footprint
13:30:36: [INFO] Add D26 footprint
13:30:36: [INFO] Add SW27 footprint
13:30:36: [INFO] Add D27 footprint
13:30:36: [INFO] Add SW28 footprint
13:30:36: [INFO] Add D28 footprint
13:30:36: [INFO] Add SW29 footprint
13:30:37: [INFO] Add D29 footprint
13:30:37: [INFO] Add SW30 footprint
13:30:37: [INFO] Add D30 footprint
13:30:37: [INFO] Add SW31 footprint
13:30:37: [INFO] Add D31 footprint
13:30:37: [INFO] Add SW32 footprint
13:30:37: [INFO] Add D32 footprint
13:30:37: [INFO] Add SW33 footprint
13:30:37: [INFO] Add D33 footprint
13:30:37: [INFO] Add SW34 footprint
13:30:37: [INFO] Add D34 footprint
13:30:37: [INFO] Add SW35 footprint
13:30:37: [INFO] Add D35 footprint
13:30:37: [INFO] Add SW36 footprint
13:30:37: [INFO] Add D36 footprint
13:30:37: [INFO] Add SW37 footprint
13:30:37: [INFO] Add D37 footprint
13:30:37: [INFO] Add SW38 footprint
13:30:37: [INFO] Add D38 footprint
13:30:37: [INFO] Add SW39 footprint
13:30:37: [INFO] Add D39 footprint
13:30:37: [INFO] Add SW40 footprint
13:30:37: [INFO] Add D40 footprint
13:30:37: [INFO] Add SW41 footprint
13:30:37: [INFO] Add D41 footprint
13:30:37: [INFO] Add SW42 footprint
13:30:37: [INFO] Add D42 footprint
13:30:37: [INFO] Add SW43 footprint
13:30:37: [INFO] Add D43 footprint
13:30:37: [INFO] Add SW44 footprint
13:30:37: [INFO] Add D44 footprint
13:30:37: [INFO] Add SW45 footprint
13:30:37: [INFO] Add D45 footprint
13:30:37: [INFO] Add SW46 footprint
13:30:38: [INFO] Add D46 footprint
13:30:38: [INFO] Add SW47 footprint
13:30:38: [INFO] Add D47 footprint
13:30:38: [INFO] Add SW48 footprint
13:30:38: [INFO] Add D48 footprint
13:30:38: [INFO] Add SW49 footprint
13:30:38: [INFO] Add D49 footprint
13:30:38: [INFO] Add SW49a footprint
13:30:38: [INFO] Add SW50 footprint
13:30:38: [INFO] Add D50 footprint
13:30:38: [INFO] Add SW51 footprint
13:30:38: [INFO] Add D51 footprint
13:30:38: [INFO] Add SW52 footprint
13:30:38: [INFO] Add D52 footprint
13:30:38: [INFO] Add SW53 footprint
13:30:38: [INFO] Add D53 footprint
13:30:38: [INFO] Add SW54 footprint
13:30:38: [INFO] Add D54 footprint
13:30:38: [INFO] Add SW55 footprint
13:30:38: [INFO] Add D55 footprint
13:30:38: [INFO] Add SW56 footprint
13:30:38: [INFO] Add D56 footprint
13:30:38: [INFO] Add SW57 footprint
13:30:38: [INFO] Add D57 footprint
13:30:38: [INFO] Add SW58 footprint
13:30:38: [INFO] Add D58 footprint
13:30:38: [INFO] Add SW59 footprint
13:30:38: [INFO] Add D59 footprint
13:30:38: [INFO] Add SW60 footprint
13:30:38: [INFO] Add D60 footprint
13:30:38: [INFO] Detected layout convertible to matrix annotated keyboard
13:30:38: [INFO] Using key 1U distance: (19.05, 19.05) mm
13:30:38: [INFO] Layout offset: (28575000, 28575000)
13:30:38: [INFO] Diode info: [ElementInfo(annotation_format='D{}', position_option=<PositionOption.CUSTOM: 'Custom'>, position=ElementPosition(x=5.08, y=4.0, orientation=90.0, side=<Side.BACK: 'Back'>), template_path='', start_index=-1)]
13:30:38: [INFO] Placing additional elements for SW60
13:30:38: [INFO] Placing additional elements for SW59
13:30:38: [INFO] Placing additional elements for SW58
13:30:38: [INFO] Placing additional elements for SW57
13:30:38: [INFO] Placing additional elements for SW56
13:30:38: [INFO] Placing additional elements for SW55
13:30:38: [INFO] Placing additional elements for SW54
13:30:38: [INFO] Placing additional elements for SW53
13:30:38: [INFO] Placing additional elements for SW52
13:30:38: [INFO] Placing additional elements for SW51
13:30:38: [INFO] Placing additional elements for SW50
13:30:38: [INFO] Placing additional elements for SW49a
13:30:38: [INFO] Placing additional elements for SW49
13:30:38: [INFO] Placing additional elements for SW48
13:30:38: [INFO] Placing additional elements for SW47
13:30:38: [INFO] Placing additional elements for SW46
13:30:38: [INFO] Placing additional elements for SW45
13:30:38: [INFO] Placing additional elements for SW44
13:30:38: [INFO] Placing additional elements for SW43
13:30:38: [INFO] Placing additional elements for SW42
13:30:38: [INFO] Placing additional elements for SW41
13:30:38: [INFO] Placing additional elements for SW40
13:30:38: [INFO] Placing additional elements for SW39
13:30:38: [INFO] Placing additional elements for SW38
13:30:38: [INFO] Placing additional elements for SW37
13:30:38: [INFO] Placing additional elements for SW36
13:30:38: [INFO] Placing additional elements for SW35
13:30:38: [INFO] Placing additional elements for SW34
13:30:38: [INFO] Placing additional elements for SW33
13:30:38: [INFO] Placing additional elements for SW32
13:30:38: [INFO] Placing additional elements for SW31
13:30:38: [INFO] Placing additional elements for SW30
13:30:38: [INFO] Placing additional elements for SW29
13:30:38: [INFO] Placing additional elements for SW28
13:30:38: [INFO] Placing additional elements for SW27
13:30:38: [INFO] Placing additional elements for SW26
13:30:38: [INFO] Placing additional elements for SW25
13:30:38: [INFO] Placing additional elements for SW24
13:30:38: [INFO] Placing additional elements for SW23
13:30:38: [INFO] Placing additional elements for SW22
13:30:38: [INFO] Placing additional elements for SW21
13:30:38: [INFO] Placing additional elements for SW20
13:30:38: [INFO] Placing additional elements for SW19a
13:30:38: [INFO] Placing additional elements for SW19
13:30:38: [INFO] Placing additional elements for SW18
13:30:38: [INFO] Placing additional elements for SW17
13:30:38: [INFO] Placing additional elements for SW16
13:30:38: [INFO] Placing additional elements for SW15
13:30:38: [INFO] Placing additional elements for SW14
13:30:38: [INFO] Placing additional elements for SW13
13:30:38: [INFO] Placing additional elements for SW12
13:30:38: [INFO] Placing additional elements for SW11
13:30:38: [INFO] Placing additional elements for SW10
13:30:38: [INFO] Placing additional elements for SW9
13:30:38: [INFO] Placing additional elements for SW8
13:30:38: [INFO] Placing additional elements for SW7
13:30:38: [INFO] Placing additional elements for SW6
13:30:38: [INFO] Placing additional elements for SW5
13:30:38: [INFO] Placing additional elements for SW4
13:30:38: [INFO] Placing additional elements for SW3
13:30:38: [INFO] Placing additional elements for SW2
13:30:38: [INFO] Placing additional elements for SW1
13:30:38: [INFO] Routing SW60 with D60
13:30:38: [INFO] Using internal autorouter method
13:30:38: [INFO] Routing pad 'SW60:S2' at (191785000, 101322500) with pad 'D60:2' at (182365000, 103922500) using coordinate system rotated by 0 degree(s)
13:30:38: [INFO] Adding track segment (B.Cu): [(191785000, 101322500), (184965000, 101322500)]
13:30:38: [INFO] Adding track segment (B.Cu): [(184965000, 101322500), (182365000, 103922500)]
13:30:38: [INFO] Routing SW59 with D59
13:30:38: [INFO] Using internal autorouter method
13:30:38: [INFO] Routing pad 'SW59:2' at (210332810, 124501172) with pad 'D59:2' at (215564836, 130670443) using coordinate system rotated by 338.0 degree(s)
13:30:38: [INFO] Adding track segment (B.Cu): [(210332810, 124501172), (212258286, 129266895)]
13:30:39: [INFO] Adding track segment (B.Cu): [(212258286, 129266895), (215564836, 130670443)]
13:30:39: [INFO] Routing SW58 with D58
13:30:39: [INFO] Using internal autorouter method
13:30:39: [INFO] Routing pad 'SW58:2' at (189377810, 124501172) with pad 'D58:2' at (194609836, 130670443) using coordinate system rotated by 338.0 degree(s)
13:30:39: [INFO] Adding track segment (B.Cu): [(189377810, 124501172), (191303286, 129266895)]
13:30:39: [INFO] Adding track segment (B.Cu): [(191303286, 129266895), (194609836, 130670443)]
13:30:39: [INFO] Routing SW57 with D57
13:30:39: [INFO] Using internal autorouter method
13:30:39: [INFO] Routing pad 'SW57:2' at (231140000, 114935000) with pad 'D57:2' at (233680000, 122615000) using coordinate system rotated by 0 degree(s)
13:30:39: [INFO] Adding track segment (B.Cu): [(231140000, 114935000), (231140000, 120075000)]
13:30:39: [INFO] Adding track segment (B.Cu): [(231140000, 120075000), (233680000, 122615000)]
13:30:39: [INFO] Routing SW56 with D56
13:30:39: [INFO] Using internal autorouter method
13:30:39: [INFO] Routing pad 'SW56:2' at (250190000, 109220000) with pad 'D56:2' at (252730000, 116900000) using coordinate system rotated by 0 degree(s)
13:30:39: [INFO] Adding track segment (B.Cu): [(250190000, 109220000), (250190000, 114360000)]
13:30:39: [INFO] Adding track segment (B.Cu): [(250190000, 114360000), (252730000, 116900000)]
13:30:39: [INFO] Routing SW55 with D55
13:30:39: [INFO] Using internal autorouter method
13:30:39: [INFO] Routing pad 'SW55:2' at (269240000, 114935000) with pad 'D55:2' at (271780000, 122615000) using coordinate system rotated by 0 degree(s)
13:30:39: [INFO] Adding track segment (B.Cu): [(269240000, 114935000), (269240000, 120075000)]
13:30:39: [INFO] Adding track segment (B.Cu): [(269240000, 120075000), (271780000, 122615000)]
13:30:39: [INFO] Routing SW54 with D54
13:30:39: [INFO] Using internal autorouter method
13:30:39: [INFO] Routing pad 'SW54:2' at (212090000, 98742500) with pad 'D54:2' at (214630000, 106422500) using coordinate system rotated by 0 degree(s)
13:30:39: [INFO] Adding track segment (B.Cu): [(212090000, 98742500), (212090000, 103882500)]
13:30:39: [INFO] Adding track segment (B.Cu): [(212090000, 103882500), (214630000, 106422500)]
13:30:39: [INFO] Routing SW53 with D53
13:30:39: [INFO] Using internal autorouter method
13:30:39: [INFO] Routing pad 'SW53:2' at (231140000, 95885000) with pad 'D53:2' at (233680000, 103565000) using coordinate system rotated by 0 degree(s)
13:30:39: [INFO] Adding track segment (B.Cu): [(231140000, 95885000), (231140000, 101025000)]
13:30:39: [INFO] Adding track segment (B.Cu): [(231140000, 101025000), (233680000, 103565000)]
13:30:39: [INFO] Routing SW52 with D52
13:30:39: [INFO] Using internal autorouter method
13:30:39: [INFO] Routing pad 'SW52:2' at (250190000, 90170000) with pad 'D52:2' at (252730000, 97850000) using coordinate system rotated by 0 degree(s)
13:30:39: [INFO] Adding track segment (B.Cu): [(250190000, 90170000), (250190000, 95310000)]
13:30:39: [INFO] Adding track segment (B.Cu): [(250190000, 95310000), (252730000, 97850000)]
13:30:39: [INFO] Routing SW51 with D51
13:30:39: [INFO] Using internal autorouter method
13:30:39: [INFO] Routing pad 'SW51:2' at (269240000, 95885000) with pad 'D51:2' at (271780000, 103565000) using coordinate system rotated by 0 degree(s)
13:30:39: [INFO] Adding track segment (B.Cu): [(269240000, 95885000), (269240000, 101025000)]
13:30:39: [INFO] Adding track segment (B.Cu): [(269240000, 101025000), (271780000, 103565000)]
13:30:39: [INFO] Routing SW50 with D50
13:30:39: [INFO] Using internal autorouter method
13:30:39: [INFO] Routing pad 'SW50:2' at (288290000, 103505000) with pad 'D50:2' at (290830000, 111185000) using coordinate system rotated by 0 degree(s)
13:30:39: [INFO] Adding track segment (B.Cu): [(288290000, 103505000), (288290000, 108645000)]
13:30:39: [INFO] Adding track segment (B.Cu): [(288290000, 108645000), (290830000, 111185000)]
13:30:39: [INFO] Routing SW49a with D49
13:30:39: [INFO] Using internal autorouter method
13:30:39: [INFO] Routing pad 'SW49a:S2' at (311800000, 106085000) with pad 'D49:2' at (309880000, 111185000) using coordinate system rotated by 0 degree(s)
13:30:39: [INFO] Adding track segment (B.Cu): [(311800000, 106085000), (311800000, 109265000)]
13:30:39: [INFO] Adding track segment (B.Cu): [(311800000, 109265000), (309880000, 111185000)]
13:30:39: [INFO] Routing SW49 with D49
13:30:39: [INFO] Using internal autorouter method
13:30:39: [INFO] Routing pad 'SW49:2' at (307340000, 103505000) with pad 'D49:2' at (309880000, 111185000) using coordinate system rotated by 0 degree(s)
13:30:39: [INFO] Adding track segment (B.Cu): [(307340000, 103505000), (307340000, 108645000)]
13:30:39: [INFO] Adding track segment (B.Cu): [(307340000, 108645000), (309880000, 111185000)]
13:30:39: [INFO] Routing SW48 with D48
13:30:39: [INFO] Using internal autorouter method
13:30:39: [INFO] Routing pad 'SW48:2' at (212090000, 79692500) with pad 'D48:2' at (214630000, 87372500) using coordinate system rotated by 0 degree(s)
13:30:39: [INFO] Adding track segment (B.Cu): [(212090000, 79692500), (212090000, 84832500)]
13:30:39: [INFO] Adding track segment (B.Cu): [(212090000, 84832500), (214630000, 87372500)]
13:30:39: [INFO] Routing SW47 with D47
13:30:39: [INFO] Using internal autorouter method
13:30:39: [INFO] Routing pad 'SW47:2' at (231140000, 76835000) with pad 'D47:2' at (233680000, 84515000) using coordinate system rotated by 0 degree(s)
13:30:39: [INFO] Adding track segment (B.Cu): [(231140000, 76835000), (231140000, 81975000)]
13:30:39: [INFO] Adding track segment (B.Cu): [(231140000, 81975000), (233680000, 84515000)]
13:30:39: [INFO] Routing SW46 with D46
13:30:39: [INFO] Using internal autorouter method
13:30:39: [INFO] Routing pad 'SW46:2' at (250190000, 71120000) with pad 'D46:2' at (252730000, 78800000) using coordinate system rotated by 0 degree(s)
13:30:39: [INFO] Adding track segment (B.Cu): [(250190000, 71120000), (250190000, 76260000)]
13:30:39: [INFO] Adding track segment (B.Cu): [(250190000, 76260000), (252730000, 78800000)]
13:30:39: [INFO] Routing SW45 with D45
13:30:39: [INFO] Using internal autorouter method
13:30:39: [INFO] Routing pad 'SW45:2' at (269240000, 76835000) with pad 'D45:2' at (271780000, 84515000) using coordinate system rotated by 0 degree(s)
13:30:39: [INFO] Adding track segment (B.Cu): [(269240000, 76835000), (269240000, 81975000)]
13:30:39: [INFO] Adding track segment (B.Cu): [(269240000, 81975000), (271780000, 84515000)]
13:30:39: [INFO] Routing SW44 with D44
13:30:39: [INFO] Using internal autorouter method
13:30:39: [INFO] Routing pad 'SW44:2' at (288290000, 84455000) with pad 'D44:2' at (290830000, 92135000) using coordinate system rotated by 0 degree(s)
13:30:39: [INFO] Adding track segment (B.Cu): [(288290000, 84455000), (288290000, 89595000)]
13:30:39: [INFO] Adding track segment (B.Cu): [(288290000, 89595000), (290830000, 92135000)]
13:30:39: [INFO] Routing SW43 with D43
13:30:39: [INFO] Using internal autorouter method
13:30:39: [INFO] Routing pad 'SW43:2' at (307340000, 84455000) with pad 'D43:2' at (309880000, 92135000) using coordinate system rotated by 0 degree(s)
13:30:39: [INFO] Adding track segment (B.Cu): [(307340000, 84455000), (307340000, 89595000)]
13:30:39: [INFO] Adding track segment (B.Cu): [(307340000, 89595000), (309880000, 92135000)]
13:30:39: [INFO] Routing SW42 with D42
13:30:39: [INFO] Using internal autorouter method
13:30:39: [INFO] Routing pad 'SW42:2' at (212090000, 60642500) with pad 'D42:2' at (214630000, 68322500) using coordinate system rotated by 0 degree(s)
13:30:39: [INFO] Adding track segment (B.Cu): [(212090000, 60642500), (212090000, 65782500)]
13:30:39: [INFO] Adding track segment (B.Cu): [(212090000, 65782500), (214630000, 68322500)]
13:30:39: [INFO] Routing SW41 with D41
13:30:39: [INFO] Using internal autorouter method
13:30:39: [INFO] Routing pad 'SW41:2' at (231140000, 57785000) with pad 'D41:2' at (233680000, 65465000) using coordinate system rotated by 0 degree(s)
13:30:39: [INFO] Adding track segment (B.Cu): [(231140000, 57785000), (231140000, 62925000)]
13:30:39: [INFO] Adding track segment (B.Cu): [(231140000, 62925000), (233680000, 65465000)]
13:30:39: [INFO] Routing SW40 with D40
13:30:39: [INFO] Using internal autorouter method
13:30:39: [INFO] Routing pad 'SW40:2' at (250190000, 52070000) with pad 'D40:2' at (252730000, 59750000) using coordinate system rotated by 0 degree(s)
13:30:39: [INFO] Adding track segment (B.Cu): [(250190000, 52070000), (250190000, 57210000)]
13:30:39: [INFO] Adding track segment (B.Cu): [(250190000, 57210000), (252730000, 59750000)]
13:30:39: [INFO] Routing SW39 with D39
13:30:39: [INFO] Using internal autorouter method
13:30:39: [INFO] Routing pad 'SW39:2' at (269240000, 57785000) with pad 'D39:2' at (271780000, 65465000) using coordinate system rotated by 0 degree(s)
13:30:39: [INFO] Adding track segment (B.Cu): [(269240000, 57785000), (269240000, 62925000)]
13:30:39: [INFO] Adding track segment (B.Cu): [(269240000, 62925000), (271780000, 65465000)]
13:30:39: [INFO] Routing SW38 with D38
13:30:39: [INFO] Using internal autorouter method
13:30:39: [INFO] Routing pad 'SW38:2' at (288290000, 65405000) with pad 'D38:2' at (290830000, 73085000) using coordinate system rotated by 0 degree(s)
13:30:39: [INFO] Adding track segment (B.Cu): [(288290000, 65405000), (288290000, 70545000)]
13:30:39: [INFO] Adding track segment (B.Cu): [(288290000, 70545000), (290830000, 73085000)]
13:30:39: [INFO] Routing SW37 with D37
13:30:39: [INFO] Using internal autorouter method
13:30:39: [INFO] Routing pad 'SW37:2' at (307340000, 65405000) with pad 'D37:2' at (309880000, 73085000) using coordinate system rotated by 0 degree(s)
13:30:39: [INFO] Adding track segment (B.Cu): [(307340000, 65405000), (307340000, 70545000)]
13:30:39: [INFO] Adding track segment (B.Cu): [(307340000, 70545000), (309880000, 73085000)]
13:30:39: [INFO] Routing SW36 with D36
13:30:39: [INFO] Using internal autorouter method
13:30:39: [INFO] Routing pad 'SW36:2' at (212090000, 41592500) with pad 'D36:2' at (214630000, 49272500) using coordinate system rotated by 0 degree(s)
13:30:39: [INFO] Adding track segment (B.Cu): [(212090000, 41592500), (212090000, 46732500)]
13:30:39: [INFO] Adding track segment (B.Cu): [(212090000, 46732500), (214630000, 49272500)]
13:30:39: [INFO] Routing SW35 with D35
13:30:39: [INFO] Using internal autorouter method
13:30:39: [INFO] Routing pad 'SW35:2' at (231140000, 38735000) with pad 'D35:2' at (233680000, 46415000) using coordinate system rotated by 0 degree(s)
13:30:39: [INFO] Adding track segment (B.Cu): [(231140000, 38735000), (231140000, 43875000)]
13:30:39: [INFO] Adding track segment (B.Cu): [(231140000, 43875000), (233680000, 46415000)]
13:30:39: [INFO] Routing SW34 with D34
13:30:39: [INFO] Using internal autorouter method
13:30:39: [INFO] Routing pad 'SW34:2' at (250190000, 33020000) with pad 'D34:2' at (252730000, 40700000) using coordinate system rotated by 0 degree(s)
13:30:39: [INFO] Adding track segment (B.Cu): [(250190000, 33020000), (250190000, 38160000)]
13:30:39: [INFO] Adding track segment (B.Cu): [(250190000, 38160000), (252730000, 40700000)]
13:30:39: [INFO] Routing SW33 with D33
13:30:39: [INFO] Using internal autorouter method
13:30:39: [INFO] Routing pad 'SW33:2' at (269240000, 38735000) with pad 'D33:2' at (271780000, 46415000) using coordinate system rotated by 0 degree(s)
13:30:39: [INFO] Adding track segment (B.Cu): [(269240000, 38735000), (269240000, 43875000)]
13:30:39: [INFO] Adding track segment (B.Cu): [(269240000, 43875000), (271780000, 46415000)]
13:30:39: [INFO] Routing SW32 with D32
13:30:39: [INFO] Using internal autorouter method
13:30:39: [INFO] Routing pad 'SW32:2' at (288290000, 46355000) with pad 'D32:2' at (290830000, 54035000) using coordinate system rotated by 0 degree(s)
13:30:39: [INFO] Adding track segment (B.Cu): [(288290000, 46355000), (288290000, 51495000)]
13:30:39: [INFO] Adding track segment (B.Cu): [(288290000, 51495000), (290830000, 54035000)]
13:30:39: [INFO] Routing SW31 with D31
13:30:39: [INFO] Using internal autorouter method
13:30:39: [INFO] Routing pad 'SW31:2' at (307340000, 46355000) with pad 'D31:2' at (309880000, 54035000) using coordinate system rotated by 0 degree(s)
13:30:39: [INFO] Adding track segment (B.Cu): [(307340000, 46355000), (307340000, 51495000)]
13:30:39: [INFO] Adding track segment (B.Cu): [(307340000, 51495000), (309880000, 54035000)]
13:30:39: [INFO] Routing SW30 with D30
13:30:39: [INFO] Using internal autorouter method
13:30:39: [INFO] Routing pad 'SW30:S2' at (167020000, 101322500) with pad 'D30:2' at (157600000, 103922500) using coordinate system rotated by 0 degree(s)
13:30:39: [INFO] Adding track segment (B.Cu): [(167020000, 101322500), (160200000, 101322500)]
13:30:39: [INFO] Adding track segment (B.Cu): [(160200000, 101322500), (157600000, 103922500)]
13:30:39: [INFO] Routing SW29 with D29
13:30:39: [INFO] Using internal autorouter method
13:30:39: [INFO] Routing pad 'SW29:2' at (158232283, 126404174) with pad 'D29:2' at (157710351, 134476446) using coordinate system rotated by 22.0 degree(s)
13:30:39: [INFO] Adding track segment (B.Cu): [(158232283, 126404174), (156306804, 131169899)]
13:30:39: [INFO] Adding track segment (B.Cu): [(156306804, 131169899), (157710351, 134476446)]
13:30:39: [INFO] Routing SW28 with D28
13:30:39: [INFO] Using internal autorouter method
13:30:39: [INFO] Routing pad 'SW28:2' at (137277283, 126404174) with pad 'D28:2' at (136755351, 134476446) using coordinate system rotated by 22.0 degree(s)
13:30:39: [INFO] Adding track segment (B.Cu): [(137277283, 126404174), (135351804, 131169898)]
13:30:39: [INFO] Adding track segment (B.Cu): [(135351804, 131169898), (136755351, 134476446)]
13:30:39: [INFO] Routing SW27 with D27
13:30:39: [INFO] Using internal autorouter method
13:30:39: [INFO] Routing pad 'SW27:2' at (116840000, 114935000) with pad 'D27:2' at (119380000, 122615000) using coordinate system rotated by 0 degree(s)
13:30:39: [INFO] Adding track segment (B.Cu): [(116840000, 114935000), (116840000, 120075000)]
13:30:39: [INFO] Adding track segment (B.Cu): [(116840000, 120075000), (119380000, 122615000)]
13:30:39: [INFO] Routing SW26 with D26
13:30:39: [INFO] Using internal autorouter method
13:30:39: [INFO] Routing pad 'SW26:2' at (97790000, 109220000) with pad 'D26:2' at (100330000, 116900000) using coordinate system rotated by 0 degree(s)
13:30:39: [INFO] Adding track segment (B.Cu): [(97790000, 109220000), (97790000, 114360000)]
13:30:39: [INFO] Adding track segment (B.Cu): [(97790000, 114360000), (100330000, 116900000)]
13:30:39: [INFO] Routing SW25 with D25
13:30:39: [INFO] Using internal autorouter method
13:30:39: [INFO] Routing pad 'SW25:2' at (78740000, 114935000) with pad 'D25:2' at (81280000, 122615000) using coordinate system rotated by 0 degree(s)
13:30:39: [INFO] Adding track segment (B.Cu): [(78740000, 114935000), (78740000, 120075000)]
13:30:39: [INFO] Adding track segment (B.Cu): [(78740000, 120075000), (81280000, 122615000)]
13:30:39: [INFO] Routing SW24 with D24
13:30:39: [INFO] Using internal autorouter method
13:30:39: [INFO] Routing pad 'SW24:2' at (135890000, 98742500) with pad 'D24:2' at (138430000, 106422500) using coordinate system rotated by 0 degree(s)
13:30:39: [INFO] Adding track segment (B.Cu): [(135890000, 98742500), (135890000, 103882500)]
13:30:39: [INFO] Adding track segment (B.Cu): [(135890000, 103882500), (138430000, 106422500)]
13:30:39: [INFO] Routing SW23 with D23
13:30:39: [INFO] Using internal autorouter method
13:30:39: [INFO] Routing pad 'SW23:2' at (116840000, 95885000) with pad 'D23:2' at (119380000, 103565000) using coordinate system rotated by 0 degree(s)
13:30:39: [INFO] Adding track segment (B.Cu): [(116840000, 95885000), (116840000, 101025000)]
13:30:39: [INFO] Adding track segment (B.Cu): [(116840000, 101025000), (119380000, 103565000)]
13:30:39: [INFO] Routing SW22 with D22
13:30:39: [INFO] Using internal autorouter method
13:30:39: [INFO] Routing pad 'SW22:2' at (97790000, 90170000) with pad 'D22:2' at (100330000, 97850000) using coordinate system rotated by 0 degree(s)
13:30:39: [INFO] Adding track segment (B.Cu): [(97790000, 90170000), (97790000, 95310000)]
13:30:39: [INFO] Adding track segment (B.Cu): [(97790000, 95310000), (100330000, 97850000)]
13:30:39: [INFO] Routing SW21 with D21
13:30:39: [INFO] Using internal autorouter method
13:30:39: [INFO] Routing pad 'SW21:2' at (78740000, 95885000) with pad 'D21:2' at (81280000, 103565000) using coordinate system rotated by 0 degree(s)
13:30:39: [INFO] Adding track segment (B.Cu): [(78740000, 95885000), (78740000, 101025000)]
13:30:39: [INFO] Adding track segment (B.Cu): [(78740000, 101025000), (81280000, 103565000)]
13:30:39: [INFO] Routing SW20 with D20
13:30:39: [INFO] Using internal autorouter method
13:30:39: [INFO] Routing pad 'SW20:2' at (59690000, 103505000) with pad 'D20:2' at (62230000, 111185000) using coordinate system rotated by 0 degree(s)
13:30:39: [INFO] Adding track segment (B.Cu): [(59690000, 103505000), (59690000, 108645000)]
13:30:39: [INFO] Adding track segment (B.Cu): [(59690000, 108645000), (62230000, 111185000)]
13:30:39: [INFO] Routing SW19a with D19
13:30:39: [INFO] Using internal autorouter method
13:30:39: [INFO] Routing pad 'SW19a:S2' at (45100000, 106085000) with pad 'D19:2' at (43180000, 111185000) using coordinate system rotated by 0 degree(s)
13:30:39: [INFO] Adding track segment (B.Cu): [(45100000, 106085000), (45100000, 109265000)]
13:30:39: [INFO] Adding track segment (B.Cu): [(45100000, 109265000), (43180000, 111185000)]
13:30:39: [INFO] Routing SW19 with D19
13:30:39: [INFO] Using internal autorouter method
13:30:39: [INFO] Routing pad 'SW19:2' at (40640000, 103505000) with pad 'D19:2' at (43180000, 111185000) using coordinate system rotated by 0 degree(s)
13:30:39: [INFO] Adding track segment (B.Cu): [(40640000, 103505000), (40640000, 108645000)]
13:30:39: [INFO] Adding track segment (B.Cu): [(40640000, 108645000), (43180000, 111185000)]
13:30:39: [INFO] Routing SW18 with D18
13:30:39: [INFO] Using internal autorouter method
13:30:39: [INFO] Routing pad 'SW18:2' at (135890000, 79692500) with pad 'D18:2' at (138430000, 87372500) using coordinate system rotated by 0 degree(s)
13:30:39: [INFO] Adding track segment (B.Cu): [(135890000, 79692500), (135890000, 84832500)]
13:30:39: [INFO] Adding track segment (B.Cu): [(135890000, 84832500), (138430000, 87372500)]
13:30:39: [INFO] Routing SW17 with D17
13:30:39: [INFO] Using internal autorouter method
13:30:39: [INFO] Routing pad 'SW17:2' at (116840000, 76835000) with pad 'D17:2' at (119380000, 84515000) using coordinate system rotated by 0 degree(s)
13:30:39: [INFO] Adding track segment (B.Cu): [(116840000, 76835000), (116840000, 81975000)]
13:30:39: [INFO] Adding track segment (B.Cu): [(116840000, 81975000), (119380000, 84515000)]
13:30:39: [INFO] Routing SW16 with D16
13:30:39: [INFO] Using internal autorouter method
13:30:39: [INFO] Routing pad 'SW16:2' at (97790000, 71120000) with pad 'D16:2' at (100330000, 78800000) using coordinate system rotated by 0 degree(s)
13:30:39: [INFO] Adding track segment (B.Cu): [(97790000, 71120000), (97790000, 76260000)]
13:30:39: [INFO] Adding track segment (B.Cu): [(97790000, 76260000), (100330000, 78800000)]
13:30:39: [INFO] Routing SW15 with D15
13:30:39: [INFO] Using internal autorouter method
13:30:39: [INFO] Routing pad 'SW15:2' at (78740000, 76835000) with pad 'D15:2' at (81280000, 84515000) using coordinate system rotated by 0 degree(s)
13:30:39: [INFO] Adding track segment (B.Cu): [(78740000, 76835000), (78740000, 81975000)]
13:30:39: [INFO] Adding track segment (B.Cu): [(78740000, 81975000), (81280000, 84515000)]
13:30:39: [INFO] Routing SW14 with D14
13:30:39: [INFO] Using internal autorouter method
13:30:39: [INFO] Routing pad 'SW14:2' at (59690000, 84455000) with pad 'D14:2' at (62230000, 92135000) using coordinate system rotated by 0 degree(s)
13:30:39: [INFO] Adding track segment (B.Cu): [(59690000, 84455000), (59690000, 89595000)]
13:30:39: [INFO] Adding track segment (B.Cu): [(59690000, 89595000), (62230000, 92135000)]
13:30:39: [INFO] Routing SW13 with D13
13:30:39: [INFO] Using internal autorouter method
13:30:39: [INFO] Routing pad 'SW13:2' at (40640000, 84455000) with pad 'D13:2' at (43180000, 92135000) using coordinate system rotated by 0 degree(s)
13:30:39: [INFO] Adding track segment (B.Cu): [(40640000, 84455000), (40640000, 89595000)]
13:30:39: [INFO] Adding track segment (B.Cu): [(40640000, 89595000), (43180000, 92135000)]
13:30:39: [INFO] Routing SW12 with D12
13:30:39: [INFO] Using internal autorouter method
13:30:39: [INFO] Routing pad 'SW12:2' at (135890000, 60642500) with pad 'D12:2' at (138430000, 68322500) using coordinate system rotated by 0 degree(s)
13:30:39: [INFO] Adding track segment (B.Cu): [(135890000, 60642500), (135890000, 65782500)]
13:30:39: [INFO] Adding track segment (B.Cu): [(135890000, 65782500), (138430000, 68322500)]
13:30:39: [INFO] Routing SW11 with D11
13:30:39: [INFO] Using internal autorouter method
13:30:39: [INFO] Routing pad 'SW11:2' at (116840000, 57785000) with pad 'D11:2' at (119380000, 65465000) using coordinate system rotated by 0 degree(s)
13:30:39: [INFO] Adding track segment (B.Cu): [(116840000, 57785000), (116840000, 62925000)]
13:30:39: [INFO] Adding track segment (B.Cu): [(116840000, 62925000), (119380000, 65465000)]
13:30:39: [INFO] Routing SW10 with D10
13:30:39: [INFO] Using internal autorouter method
13:30:39: [INFO] Routing pad 'SW10:2' at (97790000, 52070000) with pad 'D10:2' at (100330000, 59750000) using coordinate system rotated by 0 degree(s)
13:30:39: [INFO] Adding track segment (B.Cu): [(97790000, 52070000), (97790000, 57210000)]
13:30:39: [INFO] Adding track segment (B.Cu): [(97790000, 57210000), (100330000, 59750000)]
13:30:39: [INFO] Routing SW9 with D9
13:30:39: [INFO] Using internal autorouter method
13:30:39: [INFO] Routing pad 'SW9:2' at (78740000, 57785000) with pad 'D9:2' at (81280000, 65465000) using coordinate system rotated by 0 degree(s)
13:30:39: [INFO] Adding track segment (B.Cu): [(78740000, 57785000), (78740000, 62925000)]
13:30:39: [INFO] Adding track segment (B.Cu): [(78740000, 62925000), (81280000, 65465000)]
13:30:39: [INFO] Routing SW8 with D8
13:30:39: [INFO] Using internal autorouter method
13:30:39: [INFO] Routing pad 'SW8:2' at (59690000, 65405000) with pad 'D8:2' at (62230000, 73085000) using coordinate system rotated by 0 degree(s)
13:30:39: [INFO] Adding track segment (B.Cu): [(59690000, 65405000), (59690000, 70545000)]
13:30:39: [INFO] Adding track segment (B.Cu): [(59690000, 70545000), (62230000, 73085000)]
13:30:39: [INFO] Routing SW7 with D7
13:30:39: [INFO] Using internal autorouter method
13:30:39: [INFO] Routing pad 'SW7:2' at (40640000, 65405000) with pad 'D7:2' at (43180000, 73085000) using coordinate system rotated by 0 degree(s)
13:30:39: [INFO] Adding track segment (B.Cu): [(40640000, 65405000), (40640000, 70545000)]
13:30:39: [INFO] Adding track segment (B.Cu): [(40640000, 70545000), (43180000, 73085000)]
13:30:39: [INFO] Routing SW6 with D6
13:30:39: [INFO] Using internal autorouter method
13:30:39: [INFO] Routing pad 'SW6:2' at (135890000, 41592500) with pad 'D6:2' at (138430000, 49272500) using coordinate system rotated by 0 degree(s)
13:30:39: [INFO] Adding track segment (B.Cu): [(135890000, 41592500), (135890000, 46732500)]
13:30:39: [INFO] Adding track segment (B.Cu): [(135890000, 46732500), (138430000, 49272500)]
13:30:39: [INFO] Routing SW5 with D5
13:30:39: [INFO] Using internal autorouter method
13:30:39: [INFO] Routing pad 'SW5:2' at (116840000, 38735000) with pad 'D5:2' at (119380000, 46415000) using coordinate system rotated by 0 degree(s)
13:30:39: [INFO] Adding track segment (B.Cu): [(116840000, 38735000), (116840000, 43875000)]
13:30:39: [INFO] Adding track segment (B.Cu): [(116840000, 43875000), (119380000, 46415000)]
13:30:39: [INFO] Routing SW4 with D4
13:30:39: [INFO] Using internal autorouter method
13:30:39: [INFO] Routing pad 'SW4:2' at (97790000, 33020000) with pad 'D4:2' at (100330000, 40700000) using coordinate system rotated by 0 degree(s)
13:30:39: [INFO] Adding track segment (B.Cu): [(97790000, 33020000), (97790000, 38160000)]
13:30:39: [INFO] Adding track segment (B.Cu): [(97790000, 38160000), (100330000, 40700000)]
13:30:39: [INFO] Routing SW3 with D3
13:30:39: [INFO] Using internal autorouter method
13:30:39: [INFO] Routing pad 'SW3:2' at (78740000, 38735000) with pad 'D3:2' at (81280000, 46415000) using coordinate system rotated by 0 degree(s)
13:30:39: [INFO] Adding track segment (B.Cu): [(78740000, 38735000), (78740000, 43875000)]
13:30:39: [INFO] Adding track segment (B.Cu): [(78740000, 43875000), (81280000, 46415000)]
13:30:39: [INFO] Routing SW2 with D2
13:30:39: [INFO] Using internal autorouter method
13:30:39: [INFO] Routing pad 'SW2:2' at (59690000, 46355000) with pad 'D2:2' at (62230000, 54035000) using coordinate system rotated by 0 degree(s)
13:30:39: [INFO] Adding track segment (B.Cu): [(59690000, 46355000), (59690000, 51495000)]
13:30:39: [INFO] Adding track segment (B.Cu): [(59690000, 51495000), (62230000, 54035000)]
13:30:39: [INFO] Routing SW1 with D1
13:30:39: [INFO] Using internal autorouter method
13:30:39: [INFO] Routing pad 'SW1:2' at (40640000, 46355000) with pad 'D1:2' at (43180000, 54035000) using coordinate system rotated by 0 degree(s)
13:30:39: [INFO] Adding track segment (B.Cu): [(40640000, 46355000), (40640000, 51495000)]
13:30:39: [INFO] Adding track segment (B.Cu): [(40640000, 51495000), (43180000, 54035000)]
13:30:39: [INFO] Routing ROW2 pads
13:30:39: [INFO] Routing pad 'D13:1' at (43180000, 94935000) with pad 'D14:1' at (62230000, 94935000) using coordinate system rotated by 0 degree(s)
13:30:39: [INFO] Adding track segment (B.Cu): [(43180000, 94935000), (62230000, 94935000)]
13:30:39: [INFO] Routing pad 'D14:1' at (62230000, 94935000) with pad 'D15:1' at (81280000, 87315000) using coordinate system rotated by 0 degree(s)
13:30:39: [INFO] Adding track segment (B.Cu): [(62230000, 94935000), (73660000, 94935000)]
13:30:39: [INFO] Adding track segment (B.Cu): [(73660000, 94935000), (81280000, 87315000)]
13:30:39: [INFO] Routing pad 'D15:1' at (81280000, 87315000) with pad 'D16:1' at (100330000, 81600000) using coordinate system rotated by 0 degree(s)
13:30:39: [INFO] Adding track segment (B.Cu): [(81280000, 87315000), (94615000, 87315000)]
13:30:39: [INFO] Adding track segment (B.Cu): [(94615000, 87315000), (100330000, 81600000)]
13:30:39: [INFO] Routing pad 'D16:1' at (100330000, 81600000) with pad 'D17:1' at (119380000, 87315000) using coordinate system rotated by 0 degree(s)
13:30:39: [INFO] Adding track segment (B.Cu): [(100330000, 81600000), (106045000, 87315000)]
13:30:39: [INFO] Adding track segment (B.Cu): [(106045000, 87315000), (119380000, 87315000)]
13:30:39: [INFO] Routing pad 'D17:1' at (119380000, 87315000) with pad 'D18:1' at (138430000, 90172500) using coordinate system rotated by 0 degree(s)
13:30:39: [INFO] Adding track segment (B.Cu): [(119380000, 87315000), (135572500, 87315000)]
13:30:39: [INFO] Adding track segment (B.Cu): [(135572500, 87315000), (138430000, 90172500)]
13:30:40: [INFO] Routing ROW0 pads
13:30:40: [INFO] Routing pad 'D1:1' at (43180000, 56835000) with pad 'D2:1' at (62230000, 56835000) using coordinate system rotated by 0 degree(s)
13:30:40: [INFO] Adding track segment (B.Cu): [(43180000, 56835000), (62230000, 56835000)]
13:30:40: [INFO] Routing pad 'D2:1' at (62230000, 56835000) with pad 'D3:1' at (81280000, 49215000) using coordinate system rotated by 0 degree(s)
13:30:40: [INFO] Adding track segment (B.Cu): [(62230000, 56835000), (73660000, 56835000)]
13:30:40: [INFO] Adding track segment (B.Cu): [(73660000, 56835000), (81280000, 49215000)]
13:30:40: [INFO] Routing pad 'D3:1' at (81280000, 49215000) with pad 'D4:1' at (100330000, 43500000) using coordinate system rotated by 0 degree(s)
13:30:40: [INFO] Adding track segment (B.Cu): [(81280000, 49215000), (94615000, 49215000)]
13:30:40: [INFO] Adding track segment (B.Cu): [(94615000, 49215000), (100330000, 43500000)]
13:30:40: [INFO] Routing pad 'D4:1' at (100330000, 43500000) with pad 'D5:1' at (119380000, 49215000) using coordinate system rotated by 0 degree(s)
13:30:40: [INFO] Adding track segment (B.Cu): [(100330000, 43500000), (106045000, 49215000)]
13:30:40: [INFO] Adding track segment (B.Cu): [(106045000, 49215000), (119380000, 49215000)]
13:30:40: [INFO] Routing pad 'D5:1' at (119380000, 49215000) with pad 'D6:1' at (138430000, 52072500) using coordinate system rotated by 0 degree(s)
13:30:40: [INFO] Adding track segment (B.Cu): [(119380000, 49215000), (135572500, 49215000)]
13:30:40: [INFO] Adding track segment (B.Cu): [(135572500, 49215000), (138430000, 52072500)]
13:30:40: [INFO] Routing ROW9 pads
13:30:40: [WARNING] Could not route pads when parent footprints not rotated the same, footprint1: D60 at 90.0 degree(s) and footprint2: D58 at 112.0 degree(s)
13:30:40: [INFO] Routing pad 'D58:1' at (195658734, 133266557) with pad 'D59:1' at (216613734, 133266557) using coordinate system rotated by 248.0 degree(s)
13:30:40: [INFO] Adding track segment (B.Cu): [(195658734, 133266557), (216613734, 133266557)]
13:30:40: [WARNING] Could not route pads when parent footprints not rotated the same, footprint1: D59 at 112.0 degree(s) and footprint2: D57 at 90.0 degree(s)
13:30:40: [INFO] Routing pad 'D57:1' at (233680000, 125415000) with pad 'D56:1' at (252730000, 119700000) using coordinate system rotated by 0 degree(s)
13:30:40: [INFO] Adding track segment (B.Cu): [(233680000, 125415000), (247015000, 125415000)]
13:30:40: [INFO] Adding track segment (B.Cu): [(247015000, 125415000), (252730000, 119700000)]
13:30:40: [INFO] Routing pad 'D56:1' at (252730000, 119700000) with pad 'D55:1' at (271780000, 125415000) using coordinate system rotated by 0 degree(s)
13:30:40: [INFO] Adding track segment (B.Cu): [(252730000, 119700000), (258445000, 125415000)]
13:30:40: [INFO] Adding track segment (B.Cu): [(258445000, 125415000), (271780000, 125415000)]
13:30:40: [INFO] Routing COL5 pads
13:30:40: [INFO] Routing pad 'SW6:1' at (129540000, 44132500) with pad 'SW12:1' at (129540000, 63182500) using coordinate system rotated by 0 degree(s)
13:30:40: [INFO] Adding track segment (F.Cu): [(129540000, 44132500), (129540000, 63182500)]
13:30:40: [INFO] Routing pad 'SW12:1' at (129540000, 63182500) with pad 'SW18:1' at (129540000, 82232500) using coordinate system rotated by 0 degree(s)
13:30:40: [INFO] Adding track segment (F.Cu): [(129540000, 63182500), (129540000, 82232500)]
13:30:40: [INFO] Routing pad 'SW18:1' at (129540000, 82232500) with pad 'SW24:1' at (129540000, 101282500) using coordinate system rotated by 0 degree(s)
13:30:40: [INFO] Adding track segment (F.Cu): [(129540000, 82232500), (129540000, 101282500)]
13:30:40: [INFO] Routing pad 'SW24:1' at (129540000, 101282500) with pad 'SW30:S1' at (167020000, 106322500) using coordinate system rotated by 0 degree(s)
13:30:40: [INFO] Routing pad 'SW30:S1' at (167020000, 106322500) with pad 'SW60:S1' at (191785000, 106322500) using coordinate system rotated by 0 degree(s)
13:30:40: [INFO] Adding track segment (F.Cu): [(167020000, 106322500), (191785000, 106322500)]
13:30:40: [INFO] Could not add track segment due to detected collision
13:30:40: [INFO] Routing pad 'SW42:1' at (205740000, 63182500) with pad 'SW36:1' at (205740000, 44132500) using coordinate system rotated by 0 degree(s)
13:30:40: [INFO] Adding track segment (F.Cu): [(205740000, 63182500), (205740000, 44132500)]
13:30:40: [INFO] Routing pad 'SW48:1' at (205740000, 82232500) with pad 'SW42:1' at (205740000, 63182500) using coordinate system rotated by 0 degree(s)
13:30:40: [INFO] Adding track segment (F.Cu): [(205740000, 82232500), (205740000, 63182500)]
13:30:40: [INFO] Routing pad 'SW54:1' at (205740000, 101282500) with pad 'SW48:1' at (205740000, 82232500) using coordinate system rotated by 0 degree(s)
13:30:40: [INFO] Adding track segment (F.Cu): [(205740000, 101282500), (205740000, 82232500)]
13:30:40: [INFO] Routing pad 'SW60:S1' at (191785000, 106322500) with pad 'SW54:1' at (205740000, 101282500) using coordinate system rotated by 0 degree(s)
13:30:40: [INFO] Adding track segment (F.Cu): [(191785000, 106322500), (196825000, 101282500)]
13:30:40: [INFO] Adding track segment (F.Cu): [(196825000, 101282500), (205740000, 101282500)]
13:30:40: [INFO] Routing ROW3 pads
13:30:40: [INFO] Routing pad 'D19:1' at (43180000, 113985000) with pad 'D20:1' at (62230000, 113985000) using coordinate system rotated by 0 degree(s)
13:30:40: [INFO] Adding track segment (B.Cu): [(43180000, 113985000), (62230000, 113985000)]
13:30:40: [INFO] Routing pad 'D20:1' at (62230000, 113985000) with pad 'D21:1' at (81280000, 106365000) using coordinate system rotated by 0 degree(s)
13:30:40: [INFO] Adding track segment (B.Cu): [(62230000, 113985000), (73660000, 113985000)]
13:30:40: [INFO] Adding track segment (B.Cu): [(73660000, 113985000), (81280000, 106365000)]
13:30:40: [INFO] Routing pad 'D21:1' at (81280000, 106365000) with pad 'D22:1' at (100330000, 100650000) using coordinate system rotated by 0 degree(s)
13:30:40: [INFO] Adding track segment (B.Cu): [(81280000, 106365000), (94615000, 106365000)]
13:30:40: [INFO] Adding track segment (B.Cu): [(94615000, 106365000), (100330000, 100650000)]
13:30:40: [INFO] Routing pad 'D22:1' at (100330000, 100650000) with pad 'D23:1' at (119380000, 106365000) using coordinate system rotated by 0 degree(s)
13:30:40: [INFO] Adding track segment (B.Cu): [(100330000, 100650000), (106045000, 106365000)]
13:30:40: [INFO] Adding track segment (B.Cu): [(106045000, 106365000), (119380000, 106365000)]
13:30:40: [INFO] Routing pad 'D23:1' at (119380000, 106365000) with pad 'D24:1' at (138430000, 109222500) using coordinate system rotated by 0 degree(s)
13:30:40: [INFO] Adding track segment (B.Cu): [(119380000, 106365000), (135572500, 106365000)]
13:30:40: [INFO] Adding track segment (B.Cu): [(135572500, 106365000), (138430000, 109222500)]
13:30:40: [INFO] Routing ROW8 pads
13:30:40: [INFO] Routing pad 'D54:1' at (214630000, 109222500) with pad 'D53:1' at (233680000, 106365000) using coordinate system rotated by 0 degree(s)
13:30:40: [INFO] Adding track segment (B.Cu): [(214630000, 109222500), (230822500, 109222500)]
13:30:40: [INFO] Adding track segment (B.Cu): [(230822500, 109222500), (233680000, 106365000)]
13:30:40: [INFO] Routing pad 'D53:1' at (233680000, 106365000) with pad 'D52:1' at (252730000, 100650000) using coordinate system rotated by 0 degree(s)
13:30:40: [INFO] Adding track segment (B.Cu): [(233680000, 106365000), (247015000, 106365000)]
13:30:40: [INFO] Adding track segment (B.Cu): [(247015000, 106365000), (252730000, 100650000)]
13:30:40: [INFO] Routing pad 'D52:1' at (252730000, 100650000) with pad 'D51:1' at (271780000, 106365000) using coordinate system rotated by 0 degree(s)
13:30:40: [INFO] Adding track segment (B.Cu): [(252730000, 100650000), (258445000, 106365000)]
13:30:40: [INFO] Adding track segment (B.Cu): [(258445000, 106365000), (271780000, 106365000)]
13:30:40: [INFO] Routing pad 'D51:1' at (271780000, 106365000) with pad 'D50:1' at (290830000, 113985000) using coordinate system rotated by 0 degree(s)
13:30:40: [INFO] Adding track segment (B.Cu): [(271780000, 106365000), (279400000, 113985000)]
13:30:40: [INFO] Adding track segment (B.Cu): [(279400000, 113985000), (290830000, 113985000)]
13:30:40: [INFO] Routing pad 'D50:1' at (290830000, 113985000) with pad 'D49:1' at (309880000, 113985000) using coordinate system rotated by 0 degree(s)
13:30:40: [INFO] Adding track segment (B.Cu): [(290830000, 113985000), (309880000, 113985000)]
13:30:40: [INFO] Could not add track segment due to detected collision
13:30:40: [INFO] Routing COL2 pads
13:30:40: [INFO] Routing pad 'SW3:1' at (72390000, 41275000) with pad 'SW9:1' at (72390000, 60325000) using coordinate system rotated by 0 degree(s)
13:30:40: [INFO] Adding track segment (F.Cu): [(72390000, 41275000), (72390000, 60325000)]
13:30:40: [INFO] Routing pad 'SW9:1' at (72390000, 60325000) with pad 'SW15:1' at (72390000, 79375000) using coordinate system rotated by 0 degree(s)
13:30:40: [INFO] Adding track segment (F.Cu): [(72390000, 60325000), (72390000, 79375000)]
13:30:40: [INFO] Routing pad 'SW15:1' at (72390000, 79375000) with pad 'SW21:1' at (72390000, 98425000) using coordinate system rotated by 0 degree(s)
13:30:40: [INFO] Adding track segment (F.Cu): [(72390000, 79375000), (72390000, 98425000)]
13:30:40: [INFO] Routing pad 'SW21:1' at (72390000, 98425000) with pad 'SW27:1' at (110490000, 117475000) using coordinate system rotated by 0 degree(s)
13:30:40: [INFO] Adding track segment (F.Cu): [(72390000, 98425000), (91440000, 98425000)]
13:30:40: [INFO] Adding track segment (F.Cu): [(91440000, 98425000), (110490000, 117475000)]
13:30:40: [INFO] Routing pad 'SW27:1' at (110490000, 117475000) with pad 'SW57:1' at (224790000, 117475000) using coordinate system rotated by 0 degree(s)
13:30:40: [INFO] Adding track segment (F.Cu): [(110490000, 117475000), (224790000, 117475000)]
13:30:40: [INFO] Routing pad 'SW39:1' at (262890000, 60325000) with pad 'SW33:1' at (262890000, 41275000) using coordinate system rotated by 0 degree(s)
13:30:40: [INFO] Adding track segment (F.Cu): [(262890000, 60325000), (262890000, 41275000)]
13:30:40: [INFO] Routing pad 'SW45:1' at (262890000, 79375000) with pad 'SW39:1' at (262890000, 60325000) using coordinate system rotated by 0 degree(s)
13:30:40: [INFO] Adding track segment (F.Cu): [(262890000, 79375000), (262890000, 60325000)]
13:30:40: [INFO] Routing pad 'SW51:1' at (262890000, 98425000) with pad 'SW45:1' at (262890000, 79375000) using coordinate system rotated by 0 degree(s)
13:30:40: [INFO] Adding track segment (F.Cu): [(262890000, 98425000), (262890000, 79375000)]
13:30:40: [INFO] Routing pad 'SW57:1' at (224790000, 117475000) with pad 'SW51:1' at (262890000, 98425000) using coordinate system rotated by 0 degree(s)
13:30:40: [INFO] Adding track segment (F.Cu): [(224790000, 117475000), (243840000, 98425000)]
13:30:40: [INFO] Adding track segment (F.Cu): [(243840000, 98425000), (262890000, 98425000)]
13:30:40: [INFO] Routing ROW4 pads
13:30:40: [INFO] Routing pad 'D25:1' at (81280000, 125415000) with pad 'D26:1' at (100330000, 119700000) using coordinate system rotated by 0 degree(s)
13:30:40: [INFO] Adding track segment (B.Cu): [(81280000, 125415000), (94615000, 125415000)]
13:30:40: [INFO] Adding track segment (B.Cu): [(94615000, 125415000), (100330000, 119700000)]
13:30:40: [INFO] Routing pad 'D26:1' at (100330000, 119700000) with pad 'D27:1' at (119380000, 125415000) using coordinate system rotated by 0 degree(s)
13:30:40: [INFO] Adding track segment (B.Cu): [(100330000, 119700000), (106045000, 125415000)]
13:30:40: [INFO] Adding track segment (B.Cu): [(106045000, 125415000), (119380000, 125415000)]
13:30:40: [WARNING] Could not route pads when parent footprints not rotated the same, footprint1: D27 at 90.0 degree(s) and footprint2: D28 at 68.0 degree(s)
13:30:40: [INFO] Routing pad 'D28:1' at (135706453, 137072560) with pad 'D29:1' at (156661453, 137072560) using coordinate system rotated by 292.0 degree(s)
13:30:40: [INFO] Adding track segment (B.Cu): [(135706453, 137072560), (156661453, 137072560)]
13:30:40: [WARNING] Could not route pads when parent footprints not rotated the same, footprint1: D29 at 68.0 degree(s) and footprint2: D30 at 90.0 degree(s)
13:30:40: [INFO] Routing ROW1 pads
13:30:40: [INFO] Routing pad 'D7:1' at (43180000, 75885000) with pad 'D8:1' at (62230000, 75885000) using coordinate system rotated by 0 degree(s)
13:30:40: [INFO] Adding track segment (B.Cu): [(43180000, 75885000), (62230000, 75885000)]
13:30:40: [INFO] Routing pad 'D8:1' at (62230000, 75885000) with pad 'D9:1' at (81280000, 68265000) using coordinate system rotated by 0 degree(s)
13:30:40: [INFO] Adding track segment (B.Cu): [(62230000, 75885000), (73660000, 75885000)]
13:30:40: [INFO] Adding track segment (B.Cu): [(73660000, 75885000), (81280000, 68265000)]
13:30:40: [INFO] Routing pad 'D9:1' at (81280000, 68265000) with pad 'D10:1' at (100330000, 62550000) using coordinate system rotated by 0 degree(s)
13:30:40: [INFO] Adding track segment (B.Cu): [(81280000, 68265000), (94615000, 68265000)]
13:30:40: [INFO] Adding track segment (B.Cu): [(94615000, 68265000), (100330000, 62550000)]
13:30:40: [INFO] Routing pad 'D10:1' at (100330000, 62550000) with pad 'D11:1' at (119380000, 68265000) using coordinate system rotated by 0 degree(s)
13:30:40: [INFO] Adding track segment (B.Cu): [(100330000, 62550000), (106045000, 68265000)]
13:30:40: [INFO] Adding track segment (B.Cu): [(106045000, 68265000), (119380000, 68265000)]
13:30:40: [INFO] Routing pad 'D11:1' at (119380000, 68265000) with pad 'D12:1' at (138430000, 71122500) using coordinate system rotated by 0 degree(s)
13:30:40: [INFO] Adding track segment (B.Cu): [(119380000, 68265000), (135572500, 68265000)]
13:30:40: [INFO] Adding track segment (B.Cu): [(135572500, 68265000), (138430000, 71122500)]
13:30:40: [INFO] Routing COL4 pads
13:30:40: [INFO] Routing pad 'SW5:1' at (110490000, 41275000) with pad 'SW11:1' at (110490000, 60325000) using coordinate system rotated by 0 degree(s)
13:30:40: [INFO] Adding track segment (F.Cu): [(110490000, 41275000), (110490000, 60325000)]
13:30:40: [INFO] Routing pad 'SW11:1' at (110490000, 60325000) with pad 'SW17:1' at (110490000, 79375000) using coordinate system rotated by 0 degree(s)
13:30:40: [INFO] Adding track segment (F.Cu): [(110490000, 60325000), (110490000, 79375000)]
13:30:40: [INFO] Routing pad 'SW17:1' at (110490000, 79375000) with pad 'SW23:1' at (110490000, 98425000) using coordinate system rotated by 0 degree(s)
13:30:40: [INFO] Adding track segment (F.Cu): [(110490000, 79375000), (110490000, 98425000)]
13:30:40: [WARNING] Could not route pads when parent footprints not rotated the same, footprint1: SW23 at 0.0 degree(s) and footprint2: SW29 at -22.0 degree(s)
13:30:40: [WARNING] Could not route pads when parent footprints not rotated the same, footprint1: SW29 at -22.0 degree(s) and footprint2: SW59 at 22.0 degree(s)
13:30:40: [INFO] Routing pad 'SW41:1' at (224790000, 60325000) with pad 'SW35:1' at (224790000, 41275000) using coordinate system rotated by 0 degree(s)
13:30:40: [INFO] Adding track segment (F.Cu): [(224790000, 60325000), (224790000, 41275000)]
13:30:40: [INFO] Routing pad 'SW47:1' at (224790000, 79375000) with pad 'SW41:1' at (224790000, 60325000) using coordinate system rotated by 0 degree(s)
13:30:40: [INFO] Adding track segment (F.Cu): [(224790000, 79375000), (224790000, 60325000)]
13:30:40: [INFO] Routing pad 'SW53:1' at (224790000, 98425000) with pad 'SW47:1' at (224790000, 79375000) using coordinate system rotated by 0 degree(s)
13:30:40: [INFO] Adding track segment (F.Cu): [(224790000, 98425000), (224790000, 79375000)]
13:30:40: [WARNING] Could not route pads when parent footprints not rotated the same, footprint1: SW59 at 22.0 degree(s) and footprint2: SW53 at 0.0 degree(s)
13:30:40: [INFO] Routing COL3 pads
13:30:40: [INFO] Routing pad 'SW4:1' at (91440000, 35560000) with pad 'SW10:1' at (91440000, 54610000) using coordinate system rotated by 0 degree(s)
13:30:40: [INFO] Adding track segment (F.Cu): [(91440000, 35560000), (91440000, 54610000)]
13:30:40: [INFO] Routing pad 'SW10:1' at (91440000, 54610000) with pad 'SW16:1' at (91440000, 73660000) using coordinate system rotated by 0 degree(s)
13:30:40: [INFO] Adding track segment (F.Cu): [(91440000, 54610000), (91440000, 73660000)]
13:30:40: [INFO] Routing pad 'SW16:1' at (91440000, 73660000) with pad 'SW22:1' at (91440000, 92710000) using coordinate system rotated by 0 degree(s)
13:30:40: [INFO] Adding track segment (F.Cu): [(91440000, 73660000), (91440000, 92710000)]
13:30:40: [WARNING] Could not route pads when parent footprints not rotated the same, footprint1: SW22 at 0.0 degree(s) and footprint2: SW28 at -22.0 degree(s)
13:30:40: [WARNING] Could not route pads when parent footprints not rotated the same, footprint1: SW28 at -22.0 degree(s) and footprint2: SW58 at 22.0 degree(s)
13:30:40: [INFO] Routing pad 'SW40:1' at (243840000, 54610000) with pad 'SW34:1' at (243840000, 35560000) using coordinate system rotated by 0 degree(s)
13:30:40: [INFO] Adding track segment (F.Cu): [(243840000, 54610000), (243840000, 35560000)]
13:30:40: [INFO] Routing pad 'SW46:1' at (243840000, 73660000) with pad 'SW40:1' at (243840000, 54610000) using coordinate system rotated by 0 degree(s)
13:30:40: [INFO] Adding track segment (F.Cu): [(243840000, 73660000), (243840000, 54610000)]
13:30:40: [INFO] Routing pad 'SW52:1' at (243840000, 92710000) with pad 'SW46:1' at (243840000, 73660000) using coordinate system rotated by 0 degree(s)
13:30:40: [INFO] Adding track segment (F.Cu): [(243840000, 92710000), (243840000, 73660000)]
13:30:40: [WARNING] Could not route pads when parent footprints not rotated the same, footprint1: SW58 at 22.0 degree(s) and footprint2: SW52 at 0.0 degree(s)
13:30:40: [INFO] Routing COL1 pads
13:30:40: [INFO] Routing pad 'SW2:1' at (53340000, 48895000) with pad 'SW8:1' at (53340000, 67945000) using coordinate system rotated by 0 degree(s)
13:30:40: [INFO] Adding track segment (F.Cu): [(53340000, 48895000), (53340000, 67945000)]
13:30:40: [INFO] Routing pad 'SW8:1' at (53340000, 67945000) with pad 'SW14:1' at (53340000, 86995000) using coordinate system rotated by 0 degree(s)
13:30:40: [INFO] Adding track segment (F.Cu): [(53340000, 67945000), (53340000, 86995000)]
13:30:40: [INFO] Routing pad 'SW14:1' at (53340000, 86995000) with pad 'SW20:1' at (53340000, 106045000) using coordinate system rotated by 0 degree(s)
13:30:40: [INFO] Adding track segment (F.Cu): [(53340000, 86995000), (53340000, 106045000)]
13:30:40: [INFO] Routing pad 'SW20:1' at (53340000, 106045000) with pad 'SW26:1' at (91440000, 111760000) using coordinate system rotated by 0 degree(s)
13:30:40: [INFO] Adding track segment (F.Cu): [(53340000, 106045000), (85725000, 106045000)]
13:30:40: [INFO] Adding track segment (F.Cu): [(85725000, 106045000), (91440000, 111760000)]
13:30:40: [INFO] Routing pad 'SW26:1' at (91440000, 111760000) with pad 'SW56:1' at (243840000, 111760000) using coordinate system rotated by 0 degree(s)
13:30:40: [INFO] Adding track segment (F.Cu): [(91440000, 111760000), (243840000, 111760000)]
13:30:40: [INFO] Could not add track segment due to detected collision
13:30:40: [INFO] Routing pad 'SW38:1' at (281940000, 67945000) with pad 'SW32:1' at (281940000, 48895000) using coordinate system rotated by 0 degree(s)
13:30:40: [INFO] Adding track segment (F.Cu): [(281940000, 67945000), (281940000, 48895000)]
13:30:40: [INFO] Routing pad 'SW44:1' at (281940000, 86995000) with pad 'SW38:1' at (281940000, 67945000) using coordinate system rotated by 0 degree(s)
13:30:40: [INFO] Adding track segment (F.Cu): [(281940000, 86995000), (281940000, 67945000)]
13:30:40: [INFO] Routing pad 'SW50:1' at (281940000, 106045000) with pad 'SW44:1' at (281940000, 86995000) using coordinate system rotated by 0 degree(s)
13:30:40: [INFO] Adding track segment (F.Cu): [(281940000, 106045000), (281940000, 86995000)]
13:30:40: [INFO] Routing pad 'SW56:1' at (243840000, 111760000) with pad 'SW50:1' at (281940000, 106045000) using coordinate system rotated by 0 degree(s)
13:30:40: [INFO] Adding track segment (F.Cu): [(243840000, 111760000), (249555000, 106045000)]
13:30:40: [INFO] Adding track segment (F.Cu): [(249555000, 106045000), (281940000, 106045000)]
13:30:40: [INFO] Routing COL0 pads
13:30:40: [INFO] Routing pad 'SW1:1' at (34290000, 48895000) with pad 'SW7:1' at (34290000, 67945000) using coordinate system rotated by 0 degree(s)
13:30:40: [INFO] Adding track segment (F.Cu): [(34290000, 48895000), (34290000, 67945000)]
13:30:40: [INFO] Routing pad 'SW7:1' at (34290000, 67945000) with pad 'SW13:1' at (34290000, 86995000) using coordinate system rotated by 0 degree(s)
13:30:40: [INFO] Adding track segment (F.Cu): [(34290000, 67945000), (34290000, 86995000)]
13:30:40: [INFO] Routing pad 'SW13:1' at (34290000, 86995000) with pad 'SW19:1' at (34290000, 106045000) using coordinate system rotated by 0 degree(s)
13:30:40: [INFO] Adding track segment (F.Cu): [(34290000, 86995000), (34290000, 106045000)]
13:30:40: [INFO] Routing pad 'SW19:1' at (34290000, 106045000) with pad 'SW19a:S1' at (45100000, 111085000) using coordinate system rotated by 0 degree(s)
13:30:40: [INFO] Routing pad 'SW19a:S1' at (45100000, 111085000) with pad 'SW25:1' at (72390000, 117475000) using coordinate system rotated by 0 degree(s)
13:30:40: [INFO] Adding track segment (F.Cu): [(45100000, 111085000), (66000000, 111085000)]
13:30:40: [INFO] Adding track segment (F.Cu): [(66000000, 111085000), (72390000, 117475000)]
13:30:40: [INFO] Routing pad 'SW25:1' at (72390000, 117475000) with pad 'SW55:1' at (262890000, 117475000) using coordinate system rotated by 0 degree(s)
13:30:40: [INFO] Adding track segment (F.Cu): [(72390000, 117475000), (262890000, 117475000)]
13:30:40: [INFO] Could not add track segment due to detected collision
13:30:40: [INFO] Routing pad 'SW37:1' at (300990000, 67945000) with pad 'SW31:1' at (300990000, 48895000) using coordinate system rotated by 0 degree(s)
13:30:40: [INFO] Adding track segment (F.Cu): [(300990000, 67945000), (300990000, 48895000)]
13:30:40: [INFO] Routing pad 'SW43:1' at (300990000, 86995000) with pad 'SW37:1' at (300990000, 67945000) using coordinate system rotated by 0 degree(s)
13:30:40: [INFO] Adding track segment (F.Cu): [(300990000, 86995000), (300990000, 67945000)]
13:30:40: [INFO] Routing pad 'SW49:1' at (300990000, 106045000) with pad 'SW43:1' at (300990000, 86995000) using coordinate system rotated by 0 degree(s)
13:30:40: [INFO] Adding track segment (F.Cu): [(300990000, 106045000), (300990000, 86995000)]
13:30:40: [INFO] Routing pad 'SW55:1' at (262890000, 117475000) with pad 'SW49:1' at (300990000, 106045000) using coordinate system rotated by 0 degree(s)
13:30:40: [INFO] Routing pad 'SW49:1' at (300990000, 106045000) with pad 'SW49a:S1' at (311800000, 111085000) using coordinate system rotated by 0 degree(s)
13:30:40: [INFO] Routing ROW6 pads
13:30:40: [INFO] Routing pad 'D42:1' at (214630000, 71122500) with pad 'D41:1' at (233680000, 68265000) using coordinate system rotated by 0 degree(s)
13:30:40: [INFO] Adding track segment (B.Cu): [(214630000, 71122500), (230822500, 71122500)]
13:30:40: [INFO] Adding track segment (B.Cu): [(230822500, 71122500), (233680000, 68265000)]
13:30:40: [INFO] Routing pad 'D41:1' at (233680000, 68265000) with pad 'D40:1' at (252730000, 62550000) using coordinate system rotated by 0 degree(s)
13:30:40: [INFO] Adding track segment (B.Cu): [(233680000, 68265000), (247015000, 68265000)]
13:30:40: [INFO] Adding track segment (B.Cu): [(247015000, 68265000), (252730000, 62550000)]
13:30:40: [INFO] Routing pad 'D40:1' at (252730000, 62550000) with pad 'D39:1' at (271780000, 68265000) using coordinate system rotated by 0 degree(s)
13:30:40: [INFO] Adding track segment (B.Cu): [(252730000, 62550000), (258445000, 68265000)]
13:30:40: [INFO] Adding track segment (B.Cu): [(258445000, 68265000), (271780000, 68265000)]
13:30:40: [INFO] Routing pad 'D39:1' at (271780000, 68265000) with pad 'D38:1' at (290830000, 75885000) using coordinate system rotated by 0 degree(s)
13:30:40: [INFO] Adding track segment (B.Cu): [(271780000, 68265000), (279400000, 75885000)]
13:30:40: [INFO] Adding track segment (B.Cu): [(279400000, 75885000), (290830000, 75885000)]
13:30:40: [INFO] Routing pad 'D38:1' at (290830000, 75885000) with pad 'D37:1' at (309880000, 75885000) using coordinate system rotated by 0 degree(s)
13:30:40: [INFO] Adding track segment (B.Cu): [(290830000, 75885000), (309880000, 75885000)]
13:30:40: [INFO] Routing ROW5 pads
13:30:40: [INFO] Routing pad 'D36:1' at (214630000, 52072500) with pad 'D35:1' at (233680000, 49215000) using coordinate system rotated by 0 degree(s)
13:30:40: [INFO] Adding track segment (B.Cu): [(214630000, 52072500), (230822500, 52072500)]
13:30:40: [INFO] Adding track segment (B.Cu): [(230822500, 52072500), (233680000, 49215000)]
13:30:40: [INFO] Routing pad 'D35:1' at (233680000, 49215000) with pad 'D34:1' at (252730000, 43500000) using coordinate system rotated by 0 degree(s)
13:30:40: [INFO] Adding track segment (B.Cu): [(233680000, 49215000), (247015000, 49215000)]
13:30:40: [INFO] Adding track segment (B.Cu): [(247015000, 49215000), (252730000, 43500000)]
13:30:40: [INFO] Routing pad 'D34:1' at (252730000, 43500000) with pad 'D33:1' at (271780000, 49215000) using coordinate system rotated by 0 degree(s)
13:30:40: [INFO] Adding track segment (B.Cu): [(252730000, 43500000), (258445000, 49215000)]
13:30:40: [INFO] Adding track segment (B.Cu): [(258445000, 49215000), (271780000, 49215000)]
13:30:40: [INFO] Routing pad 'D33:1' at (271780000, 49215000) with pad 'D32:1' at (290830000, 56835000) using coordinate system rotated by 0 degree(s)
13:30:40: [INFO] Adding track segment (B.Cu): [(271780000, 49215000), (279400000, 56835000)]
13:30:40: [INFO] Adding track segment (B.Cu): [(279400000, 56835000), (290830000, 56835000)]
13:30:40: [INFO] Routing pad 'D32:1' at (290830000, 56835000) with pad 'D31:1' at (309880000, 56835000) using coordinate system rotated by 0 degree(s)
13:30:40: [INFO] Adding track segment (B.Cu): [(290830000, 56835000), (309880000, 56835000)]
13:30:40: [INFO] Routing ROW7 pads
13:30:40: [INFO] Routing pad 'D48:1' at (214630000, 90172500) with pad 'D47:1' at (233680000, 87315000) using coordinate system rotated by 0 degree(s)
13:30:40: [INFO] Adding track segment (B.Cu): [(214630000, 90172500), (230822500, 90172500)]
13:30:40: [INFO] Adding track segment (B.Cu): [(230822500, 90172500), (233680000, 87315000)]
13:30:40: [INFO] Routing pad 'D47:1' at (233680000, 87315000) with pad 'D46:1' at (252730000, 81600000) using coordinate system rotated by 0 degree(s)
13:30:40: [INFO] Adding track segment (B.Cu): [(233680000, 87315000), (247015000, 87315000)]
13:30:40: [INFO] Adding track segment (B.Cu): [(247015000, 87315000), (252730000, 81600000)]
13:30:40: [INFO] Routing pad 'D46:1' at (252730000, 81600000) with pad 'D45:1' at (271780000, 87315000) using coordinate system rotated by 0 degree(s)
13:30:40: [INFO] Adding track segment (B.Cu): [(252730000, 81600000), (258445000, 87315000)]
13:30:40: [INFO] Adding track segment (B.Cu): [(258445000, 87315000), (271780000, 87315000)]
13:30:40: [INFO] Routing pad 'D45:1' at (271780000, 87315000) with pad 'D44:1' at (290830000, 94935000) using coordinate system rotated by 0 degree(s)
13:30:41: [INFO] Adding track segment (B.Cu): [(271780000, 87315000), (279400000, 94935000)]
13:30:41: [INFO] Adding track segment (B.Cu): [(279400000, 94935000), (290830000, 94935000)]
13:30:41: [INFO] Routing pad 'D44:1' at (290830000, 94935000) with pad 'D43:1' at (309880000, 94935000) using coordinate system rotated by 0 degree(s)
13:30:41: [INFO] Adding track segment (B.Cu): [(290830000, 94935000), (309880000, 94935000)]
13:30:41: [INFO] Removing dangling tracks
