=== kbplacer.kle_serial ===
=== layout2image.py ===
=== kbplacer ===
13:35:39: [INFO] User layout: https://editor.keyboard-tools.xyz/#share=NrDeCIA9wLgAgMwF8A0dwAYUPGi14B2VdAVm3AF0UAoMKWOAJjXAE9GBaDAOkNJKYUTXHHyMAjIKwAWUePgDW5OXgbwpy4VVr0O8bnyXosGUUInz1iaSlJWCNrfbWPkWy1rPU6CxK304Q2NwCQpXRmJWADYKH3pHFnRAw35BMJEIjXSUVTFrENi8v010WJF4iBTeNNYwszqUT3y3HJcWxncyuwdOwVjm8FjvXT8EAK5eEJYcLLgo9EI40esk9kmjQRZMjuzWFmKCwSXDx1LwJYqV6s39lAb0FmaxrZ65rou33adFpvMlka+azjZIbELjWbfBbgAAcyyBiQmBhq4O0c3O41OjBCcKxe3QcKuQJutXQ4we4HGz2BgnG7RerDh9JpjL+rMBCU6SKCU0EMnCUMEAE54Zz4GsSSF+TsSnzcr1FML5eilUS9BtSeB+RT+dTWqx+e0tShogq4OcRabWCLmfr0CLBiLvJQgA
13:35:39: [INFO] Labels prefixes: for rows: 'ROW', for columns: 'COL'
13:35:39: [INFO] Matrix size: 9x6
13:35:39: [INFO] Add COL0 net
13:35:39: [INFO] Add COL1 net
13:35:39: [INFO] Add COL2 net
13:35:39: [INFO] Add COL3 net
13:35:39: [INFO] Add COL4 net
13:35:39: [INFO] Add COL5 net
13:35:39: [INFO] Add COL6 net
13:35:39: [INFO] Add Net-(D1-A) net
13:35:39: [INFO] Add Net-(D10-A) net
13:35:39: [INFO] Add Net-(D11-A) net
13:35:39: [INFO] Add Net-(D12-A) net
13:35:39: [INFO] Add Net-(D13-A) net
13:35:39: [INFO] Add Net-(D14-A) net
13:35:39: [INFO] Add Net-(D15-A) net
13:35:39: [INFO] Add Net-(D16-A) net
13:35:39: [INFO] Add Net-(D17-A) net
13:35:39: [INFO] Add Net-(D18-A) net
13:35:39: [INFO] Add Net-(D19-A) net
13:35:39: [INFO] Add Net-(D2-A) net
13:35:39: [INFO] Add Net-(D20-A) net
13:35:39: [INFO] Add Net-(D21-A) net
13:35:39: [INFO] Add Net-(D22-A) net
13:35:39: [INFO] Add Net-(D23-A) net
13:35:39: [INFO] Add Net-(D24-A) net
13:35:39: [INFO] Add Net-(D25-A) net
13:35:39: [INFO] Add Net-(D26-A) net
13:35:39: [INFO] Add Net-(D27-A) net
13:35:39: [INFO] Add Net-(D28-A) net
13:35:39: [INFO] Add Net-(D29-A) net
13:35:39: [INFO] Add Net-(D3-A) net
13:35:39: [INFO] Add Net-(D30-A) net
13:35:39: [INFO] Add Net-(D31-A) net
13:35:39: [INFO] Add Net-(D32-A) net
13:35:39: [INFO] Add Net-(D33-A) net
13:35:39: [INFO] Add Net-(D34-A) net
13:35:39: [INFO] Add Net-(D35-A) net
13:35:39: [INFO] Add Net-(D36-A) net
13:35:39: [INFO] Add Net-(D37-A) net
13:35:39: [INFO] Add Net-(D38-A) net
13:35:39: [INFO] Add Net-(D39-A) net
13:35:39: [INFO] Add Net-(D4-A) net
13:35:39: [INFO] Add Net-(D40-A) net
13:35:39: [INFO] Add Net-(D41-A) net
13:35:39: [INFO] Add Net-(D42-A) net
13:35:39: [INFO] Add Net-(D43-A) net
13:35:39: [INFO] Add Net-(D44-A) net
13:35:39: [INFO] Add Net-(D45-A) net
13:35:39: [INFO] Add Net-(D46-A) net
13:35:39: [INFO] Add Net-(D47-A) net
13:35:39: [INFO] Add Net-(D48-A) net
13:35:39: [INFO] Add Net-(D49-A) net
13:35:39: [INFO] Add Net-(D5-A) net
13:35:39: [INFO] Add Net-(D50-A) net
13:35:39: [INFO] Add Net-(D51-A) net
13:35:39: [INFO] Add Net-(D52-A) net
13:35:39: [INFO] Add Net-(D53-A) net
13:35:39: [INFO] Add Net-(D54-A) net
13:35:39: [INFO] Add Net-(D55-A) net
13:35:39: [INFO] Add Net-(D56-A) net
13:35:39: [INFO] Add Net-(D57-A) net
13:35:39: [INFO] Add Net-(D58-A) net
13:35:39: [INFO] Add Net-(D59-A) net
13:35:39: [INFO] Add Net-(D6-A) net
13:35:39: [INFO] Add Net-(D60-A) net
13:35:39: [INFO] Add Net-(D61-A) net
13:35:39: [INFO] Add Net-(D62-A) net
13:35:39: [INFO] Add Net-(D7-A) net
13:35:39: [INFO] Add Net-(D8-A) net
13:35:39: [INFO] Add Net-(D9-A) net
13:35:39: [INFO] Add ROW0 net
13:35:39: [INFO] Add ROW1 net
13:35:39: [INFO] Add ROW2 net
13:35:39: [INFO] Add ROW3 net
13:35:39: [INFO] Add ROW4 net
13:35:39: [INFO] Add ROW5 net
13:35:39: [INFO] Add ROW6 net
13:35:39: [INFO] Add ROW7 net
13:35:39: [INFO] Add ROW8 net
13:35:39: [INFO] Add ROW9 net
13:35:39: [INFO] Add SW1 footprint
13:35:39: [INFO] Add D1 footprint
13:35:39: [INFO] Add SW2 footprint
13:35:39: [INFO] Add D2 footprint
13:35:39: [INFO] Add SW3 footprint
13:35:39: [INFO] Add D3 footprint
13:35:39: [INFO] Add SW4 footprint
13:35:39: [INFO] Add D4 footprint
13:35:39: [INFO] Add SW5 footprint
13:35:39: [INFO] Add D5 footprint
13:35:39: [INFO] Add SW6 footprint
13:35:39: [INFO] Add D6 footprint
13:35:40: [INFO] Add SW7 footprint
13:35:40: [INFO] Add D7 footprint
13:35:40: [INFO] Add SW8 footprint
13:35:40: [INFO] Add D8 footprint
13:35:40: [INFO] Add SW9 footprint
13:35:40: [INFO] Add D9 footprint
13:35:40: [INFO] Add SW10 footprint
13:35:40: [INFO] Add D10 footprint
13:35:40: [INFO] Add SW11 footprint
13:35:40: [INFO] Add D11 footprint
13:35:40: [INFO] Add SW12 footprint
13:35:40: [INFO] Add D12 footprint
13:35:40: [INFO] Add SW13 footprint
13:35:40: [INFO] Add D13 footprint
13:35:40: [INFO] Add SW14 footprint
13:35:40: [INFO] Add D14 footprint
13:35:40: [INFO] Add SW15 footprint
13:35:40: [INFO] Add D15 footprint
13:35:40: [INFO] Add SW16 footprint
13:35:40: [INFO] Add D16 footprint
13:35:40: [INFO] Add SW17 footprint
13:35:40: [INFO] Add D17 footprint
13:35:40: [INFO] Add SW18 footprint
13:35:40: [INFO] Add D18 footprint
13:35:40: [INFO] Add SW19 footprint
13:35:40: [INFO] Add D19 footprint
13:35:40: [INFO] Add SW20 footprint
13:35:40: [INFO] Add D20 footprint
13:35:40: [INFO] Add SW21 footprint
13:35:40: [INFO] Add D21 footprint
13:35:40: [INFO] Add SW22 footprint
13:35:40: [INFO] Add D22 footprint
13:35:40: [INFO] Add SW23 footprint
13:35:40: [INFO] Add D23 footprint
13:35:40: [INFO] Add SW24 footprint
13:35:40: [INFO] Add D24 footprint
13:35:40: [INFO] Add SW25 footprint
13:35:40: [INFO] Add D25 footprint
13:35:40: [INFO] Add SW26 footprint
13:35:41: [INFO] Add D26 footprint
13:35:41: [INFO] Add SW27 footprint
13:35:41: [INFO] Add D27 footprint
13:35:41: [INFO] Add SW28 footprint
13:35:41: [INFO] Add D28 footprint
13:35:41: [INFO] Add SW29 footprint
13:35:41: [INFO] Add D29 footprint
13:35:41: [INFO] Add SW30 footprint
13:35:41: [INFO] Add D30 footprint
13:35:41: [INFO] Add SW31 footprint
13:35:41: [INFO] Add D31 footprint
13:35:41: [INFO] Add SW32 footprint
13:35:41: [INFO] Add D32 footprint
13:35:41: [INFO] Add SW33 footprint
13:35:41: [INFO] Add D33 footprint
13:35:41: [INFO] Add SW34 footprint
13:35:41: [INFO] Add D34 footprint
13:35:41: [INFO] Add SW35 footprint
13:35:41: [INFO] Add D35 footprint
13:35:41: [INFO] Add SW36 footprint
13:35:41: [INFO] Add D36 footprint
13:35:41: [INFO] Add SW37 footprint
13:35:41: [INFO] Add D37 footprint
13:35:41: [INFO] Add SW38 footprint
13:35:41: [INFO] Add D38 footprint
13:35:41: [INFO] Add SW39 footprint
13:35:41: [INFO] Add D39 footprint
13:35:41: [INFO] Add SW40 footprint
13:35:41: [INFO] Add D40 footprint
13:35:41: [INFO] Add SW41 footprint
13:35:41: [INFO] Add D41 footprint
13:35:41: [INFO] Add SW42 footprint
13:35:41: [INFO] Add D42 footprint
13:35:41: [INFO] Add SW43 footprint
13:35:41: [INFO] Add D43 footprint
13:35:41: [INFO] Add SW44 footprint
13:35:41: [INFO] Add D44 footprint
13:35:42: [INFO] Add SW45 footprint
13:35:42: [INFO] Add D45 footprint
13:35:42: [INFO] Add SW46 footprint
13:35:42: [INFO] Add D46 footprint
13:35:42: [INFO] Add SW47 footprint
13:35:42: [INFO] Add D47 footprint
13:35:42: [INFO] Add SW48 footprint
13:35:42: [INFO] Add D48 footprint
13:35:42: [INFO] Add SW49 footprint
13:35:42: [INFO] Add D49 footprint
13:35:42: [INFO] Add SW50 footprint
13:35:42: [INFO] Add D50 footprint
13:35:42: [INFO] Add SW51 footprint
13:35:42: [INFO] Add D51 footprint
13:35:42: [INFO] Add SW52 footprint
13:35:42: [INFO] Add D52 footprint
13:35:42: [INFO] Add SW53 footprint
13:35:42: [INFO] Add D53 footprint
13:35:42: [INFO] Add SW54 footprint
13:35:42: [INFO] Add D54 footprint
13:35:42: [INFO] Add SW55 footprint
13:35:42: [INFO] Add D55 footprint
13:35:42: [INFO] Add SW56 footprint
13:35:42: [INFO] Add D56 footprint
13:35:42: [INFO] Add SW57 footprint
13:35:42: [INFO] Add D57 footprint
13:35:42: [INFO] Add SW58 footprint
13:35:42: [INFO] Add D58 footprint
13:35:42: [INFO] Add SW59 footprint
13:35:42: [INFO] Add D59 footprint
13:35:42: [INFO] Add SW60 footprint
13:35:42: [INFO] Add D60 footprint
13:35:42: [INFO] Add SW61 footprint
13:35:42: [INFO] Add D61 footprint
13:35:42: [INFO] Add SW62 footprint
13:35:42: [INFO] Add D62 footprint
13:35:43: [INFO] Detected layout convertible to matrix annotated keyboard
13:35:43: [INFO] Using key 1U distance: (19.05, 19.05) mm
13:35:43: [INFO] Layout offset: (28575000, 28575000)
13:35:43: [INFO] Diode info: [ElementInfo(annotation_format='D{}', position_option=<PositionOption.CUSTOM: 'Custom'>, position=ElementPosition(x=5.08, y=4.0, orientation=90.0, side=<Side.BACK: 'Back'>), template_path='', start_index=-1)]
13:35:43: [INFO] Placing additional elements for SW62
13:35:43: [INFO] Placing additional elements for SW61
13:35:43: [INFO] Placing additional elements for SW60
13:35:43: [INFO] Placing additional elements for SW59
13:35:43: [INFO] Placing additional elements for SW58
13:35:43: [INFO] Placing additional elements for SW57
13:35:43: [INFO] Placing additional elements for SW56
13:35:43: [INFO] Placing additional elements for SW55
13:35:43: [INFO] Placing additional elements for SW54
13:35:43: [INFO] Placing additional elements for SW53
13:35:43: [INFO] Placing additional elements for SW52
13:35:43: [INFO] Placing additional elements for SW51
13:35:43: [INFO] Placing additional elements for SW50
13:35:43: [INFO] Placing additional elements for SW49
13:35:43: [INFO] Placing additional elements for SW48
13:35:43: [INFO] Placing additional elements for SW47
13:35:43: [INFO] Placing additional elements for SW46
13:35:43: [INFO] Placing additional elements for SW45
13:35:43: [INFO] Placing additional elements for SW44
13:35:43: [INFO] Placing additional elements for SW43
13:35:43: [INFO] Placing additional elements for SW42
13:35:43: [INFO] Placing additional elements for SW41
13:35:43: [INFO] Placing additional elements for SW40
13:35:43: [INFO] Placing additional elements for SW39
13:35:43: [INFO] Placing additional elements for SW38
13:35:43: [INFO] Placing additional elements for SW37
13:35:43: [INFO] Placing additional elements for SW36
13:35:43: [INFO] Placing additional elements for SW35
13:35:43: [INFO] Placing additional elements for SW34
13:35:43: [INFO] Placing additional elements for SW33
13:35:43: [INFO] Placing additional elements for SW32
13:35:43: [INFO] Placing additional elements for SW31
13:35:43: [INFO] Placing additional elements for SW30
13:35:43: [INFO] Placing additional elements for SW29
13:35:43: [INFO] Placing additional elements for SW28
13:35:43: [INFO] Placing additional elements for SW27
13:35:43: [INFO] Placing additional elements for SW26
13:35:43: [INFO] Placing additional elements for SW25
13:35:43: [INFO] Placing additional elements for SW24
13:35:43: [INFO] Placing additional elements for SW23
13:35:43: [INFO] Placing additional elements for SW22
13:35:43: [INFO] Placing additional elements for SW21
13:35:43: [INFO] Placing additional elements for SW20
13:35:43: [INFO] Placing additional elements for SW19
13:35:43: [INFO] Placing additional elements for SW18
13:35:43: [INFO] Placing additional elements for SW17
13:35:43: [INFO] Placing additional elements for SW16
13:35:43: [INFO] Placing additional elements for SW15
13:35:43: [INFO] Placing additional elements for SW14
13:35:43: [INFO] Placing additional elements for SW13
13:35:43: [INFO] Placing additional elements for SW12
13:35:43: [INFO] Placing additional elements for SW11
13:35:43: [INFO] Placing additional elements for SW10
13:35:43: [INFO] Placing additional elements for SW9
13:35:43: [INFO] Placing additional elements for SW8
13:35:43: [INFO] Placing additional elements for SW7
13:35:43: [INFO] Placing additional elements for SW6
13:35:43: [INFO] Placing additional elements for SW5
13:35:43: [INFO] Placing additional elements for SW4
13:35:43: [INFO] Placing additional elements for SW3
13:35:43: [INFO] Placing additional elements for SW2
13:35:43: [INFO] Placing additional elements for SW1
13:35:43: [INFO] Routing SW62 with D62
13:35:43: [INFO] Using internal autorouter method
13:35:43: [INFO] Routing pad 'SW62:2' at (193040000, 118745000) with pad 'D62:2' at (195580000, 126425000) using coordinate system rotated by 0 degree(s)
13:35:43: [INFO] Adding track segment (B.Cu): [(193040000, 118745000), (193040000, 123885000)]
13:35:43: [INFO] Adding track segment (B.Cu): [(193040000, 123885000), (195580000, 126425000)]
13:35:43: [INFO] Routing SW61 with D61
13:35:43: [INFO] Using internal autorouter method
13:35:43: [INFO] Routing pad 'SW61:2' at (212090000, 118745000) with pad 'D61:2' at (214630000, 126425000) using coordinate system rotated by 0 degree(s)
13:35:43: [INFO] Adding track segment (B.Cu): [(212090000, 118745000), (212090000, 123885000)]
13:35:43: [INFO] Adding track segment (B.Cu): [(212090000, 123885000), (214630000, 126425000)]
13:35:43: [INFO] Routing SW60 with D60
13:35:43: [INFO] Using internal autorouter method
13:35:43: [INFO] Routing pad 'SW60:2' at (231140000, 113982500) with pad 'D60:2' at (233680000, 121662500) using coordinate system rotated by 0 degree(s)
13:35:43: [INFO] Adding track segment (B.Cu): [(231140000, 113982500), (231140000, 119122500)]
13:35:43: [INFO] Adding track segment (B.Cu): [(231140000, 119122500), (233680000, 121662500)]
13:35:43: [INFO] Routing SW59 with D59
13:35:43: [INFO] Using internal autorouter method
13:35:43: [INFO] Routing pad 'SW59:2' at (250190000, 109220000) with pad 'D59:2' at (252730000, 116900000) using coordinate system rotated by 0 degree(s)
13:35:43: [INFO] Adding track segment (B.Cu): [(250190000, 109220000), (250190000, 114360000)]
13:35:43: [INFO] Adding track segment (B.Cu): [(250190000, 114360000), (252730000, 116900000)]
13:35:43: [INFO] Routing SW58 with D58
13:35:43: [INFO] Using internal autorouter method
13:35:43: [INFO] Routing pad 'SW58:2' at (269240000, 113982500) with pad 'D58:2' at (271780000, 121662500) using coordinate system rotated by 0 degree(s)
13:35:43: [INFO] Adding track segment (B.Cu): [(269240000, 113982500), (269240000, 119122500)]
13:35:43: [INFO] Adding track segment (B.Cu): [(269240000, 119122500), (271780000, 121662500)]
13:35:43: [INFO] Routing SW57 with D57
13:35:43: [INFO] Using internal autorouter method
13:35:43: [INFO] Routing pad 'SW57:2' at (288290000, 118745000) with pad 'D57:2' at (290830000, 126425000) using coordinate system rotated by 0 degree(s)
13:35:43: [INFO] Adding track segment (B.Cu): [(288290000, 118745000), (288290000, 123885000)]
13:35:43: [INFO] Adding track segment (B.Cu): [(288290000, 123885000), (290830000, 126425000)]
13:35:43: [INFO] Routing SW56 with D56
13:35:43: [INFO] Using internal autorouter method
13:35:43: [INFO] Routing pad 'SW56:2' at (307340000, 118745000) with pad 'D56:2' at (309880000, 126425000) using coordinate system rotated by 0 degree(s)
13:35:43: [INFO] Adding track segment (B.Cu): [(307340000, 118745000), (307340000, 123885000)]
13:35:43: [INFO] Adding track segment (B.Cu): [(307340000, 123885000), (309880000, 126425000)]
13:35:43: [INFO] Routing SW55 with D55
13:35:43: [INFO] Using internal autorouter method
13:35:43: [INFO] Routing pad 'SW55:2' at (212090000, 99695000) with pad 'D55:2' at (214630000, 107375000) using coordinate system rotated by 0 degree(s)
13:35:43: [INFO] Adding track segment (B.Cu): [(212090000, 99695000), (212090000, 104835000)]
13:35:43: [INFO] Adding track segment (B.Cu): [(212090000, 104835000), (214630000, 107375000)]
13:35:43: [INFO] Routing SW54 with D54
13:35:43: [INFO] Using internal autorouter method
13:35:43: [INFO] Routing pad 'SW54:2' at (231140000, 94932500) with pad 'D54:2' at (233680000, 102612500) using coordinate system rotated by 0 degree(s)
13:35:43: [INFO] Adding track segment (B.Cu): [(231140000, 94932500), (231140000, 100072500)]
13:35:43: [INFO] Adding track segment (B.Cu): [(231140000, 100072500), (233680000, 102612500)]
13:35:43: [INFO] Routing SW53 with D53
13:35:43: [INFO] Using internal autorouter method
13:35:43: [INFO] Routing pad 'SW53:2' at (250190000, 90170000) with pad 'D53:2' at (252730000, 97850000) using coordinate system rotated by 0 degree(s)
13:35:43: [INFO] Adding track segment (B.Cu): [(250190000, 90170000), (250190000, 95310000)]
13:35:43: [INFO] Adding track segment (B.Cu): [(250190000, 95310000), (252730000, 97850000)]
13:35:43: [INFO] Routing SW52 with D52
13:35:43: [INFO] Using internal autorouter method
13:35:43: [INFO] Routing pad 'SW52:2' at (269240000, 94932500) with pad 'D52:2' at (271780000, 102612500) using coordinate system rotated by 0 degree(s)
13:35:43: [INFO] Adding track segment (B.Cu): [(269240000, 94932500), (269240000, 100072500)]
13:35:43: [INFO] Adding track segment (B.Cu): [(269240000, 100072500), (271780000, 102612500)]
13:35:43: [INFO] Routing SW51 with D51
13:35:43: [INFO] Using internal autorouter method
13:35:43: [INFO] Routing pad 'SW51:2' at (288290000, 99695000) with pad 'D51:2' at (290830000, 107375000) using coordinate system rotated by 0 degree(s)
13:35:43: [INFO] Adding track segment (B.Cu): [(288290000, 99695000), (288290000, 104835000)]
13:35:43: [INFO] Adding track segment (B.Cu): [(288290000, 104835000), (290830000, 107375000)]
13:35:43: [INFO] Routing SW50 with D50
13:35:43: [INFO] Using internal autorouter method
13:35:43: [INFO] Routing pad 'SW50:2' at (307340000, 99695000) with pad 'D50:2' at (309880000, 107375000) using coordinate system rotated by 0 degree(s)
13:35:43: [INFO] Adding track segment (B.Cu): [(307340000, 99695000), (307340000, 104835000)]
13:35:43: [INFO] Adding track segment (B.Cu): [(307340000, 104835000), (309880000, 107375000)]
13:35:43: [INFO] Routing SW49 with D49
13:35:43: [INFO] Using internal autorouter method
13:35:43: [INFO] Routing pad 'SW49:2' at (212090000, 80645000) with pad 'D49:2' at (214630000, 88325000) using coordinate system rotated by 0 degree(s)
13:35:43: [INFO] Adding track segment (B.Cu): [(212090000, 80645000), (212090000, 85785000)]
13:35:43: [INFO] Adding track segment (B.Cu): [(212090000, 85785000), (214630000, 88325000)]
13:35:43: [INFO] Routing SW48 with D48
13:35:43: [INFO] Using internal autorouter method
13:35:43: [INFO] Routing pad 'SW48:2' at (231140000, 75882500) with pad 'D48:2' at (233680000, 83562500) using coordinate system rotated by 0 degree(s)
13:35:43: [INFO] Adding track segment (B.Cu): [(231140000, 75882500), (231140000, 81022500)]
13:35:43: [INFO] Adding track segment (B.Cu): [(231140000, 81022500), (233680000, 83562500)]
13:35:43: [INFO] Routing SW47 with D47
13:35:43: [INFO] Using internal autorouter method
13:35:43: [INFO] Routing pad 'SW47:2' at (250190000, 71120000) with pad 'D47:2' at (252730000, 78800000) using coordinate system rotated by 0 degree(s)
13:35:43: [INFO] Adding track segment (B.Cu): [(250190000, 71120000), (250190000, 76260000)]
13:35:43: [INFO] Adding track segment (B.Cu): [(250190000, 76260000), (252730000, 78800000)]
13:35:43: [INFO] Routing SW46 with D46
13:35:43: [INFO] Using internal autorouter method
13:35:43: [INFO] Routing pad 'SW46:2' at (269240000, 75882500) with pad 'D46:2' at (271780000, 83562500) using coordinate system rotated by 0 degree(s)
13:35:43: [INFO] Adding track segment (B.Cu): [(269240000, 75882500), (269240000, 81022500)]
13:35:43: [INFO] Adding track segment (B.Cu): [(269240000, 81022500), (271780000, 83562500)]
13:35:43: [INFO] Routing SW45 with D45
13:35:43: [INFO] Using internal autorouter method
13:35:43: [INFO] Routing pad 'SW45:2' at (288290000, 80645000) with pad 'D45:2' at (290830000, 88325000) using coordinate system rotated by 0 degree(s)
13:35:43: [INFO] Adding track segment (B.Cu): [(288290000, 80645000), (288290000, 85785000)]
13:35:43: [INFO] Adding track segment (B.Cu): [(288290000, 85785000), (290830000, 88325000)]
13:35:43: [INFO] Routing SW44 with D44
13:35:43: [INFO] Using internal autorouter method
13:35:43: [INFO] Routing pad 'SW44:2' at (307340000, 80645000) with pad 'D44:2' at (309880000, 88325000) using coordinate system rotated by 0 degree(s)
13:35:43: [INFO] Adding track segment (B.Cu): [(307340000, 80645000), (307340000, 85785000)]
13:35:43: [INFO] Adding track segment (B.Cu): [(307340000, 85785000), (309880000, 88325000)]
13:35:43: [INFO] Routing SW43 with D43
13:35:43: [INFO] Using internal autorouter method
13:35:43: [INFO] Routing pad 'SW43:2' at (212090000, 61595000) with pad 'D43:2' at (214630000, 69275000) using coordinate system rotated by 0 degree(s)
13:35:43: [INFO] Adding track segment (B.Cu): [(212090000, 61595000), (212090000, 66735000)]
13:35:43: [INFO] Adding track segment (B.Cu): [(212090000, 66735000), (214630000, 69275000)]
13:35:43: [INFO] Routing SW42 with D42
13:35:43: [INFO] Using internal autorouter method
13:35:43: [INFO] Routing pad 'SW42:2' at (231140000, 56832500) with pad 'D42:2' at (233680000, 64512500) using coordinate system rotated by 0 degree(s)
13:35:43: [INFO] Adding track segment (B.Cu): [(231140000, 56832500), (231140000, 61972500)]
13:35:43: [INFO] Adding track segment (B.Cu): [(231140000, 61972500), (233680000, 64512500)]
13:35:43: [INFO] Routing SW41 with D41
13:35:43: [INFO] Using internal autorouter method
13:35:43: [INFO] Routing pad 'SW41:2' at (250190000, 52070000) with pad 'D41:2' at (252730000, 59750000) using coordinate system rotated by 0 degree(s)
13:35:43: [INFO] Adding track segment (B.Cu): [(250190000, 52070000), (250190000, 57210000)]
13:35:43: [INFO] Adding track segment (B.Cu): [(250190000, 57210000), (252730000, 59750000)]
13:35:43: [INFO] Routing SW40 with D40
13:35:43: [INFO] Using internal autorouter method
13:35:43: [INFO] Routing pad 'SW40:2' at (269240000, 56832500) with pad 'D40:2' at (271780000, 64512500) using coordinate system rotated by 0 degree(s)
13:35:43: [INFO] Adding track segment (B.Cu): [(269240000, 56832500), (269240000, 61972500)]
13:35:43: [INFO] Adding track segment (B.Cu): [(269240000, 61972500), (271780000, 64512500)]
13:35:43: [INFO] Routing SW39 with D39
13:35:43: [INFO] Using internal autorouter method
13:35:43: [INFO] Routing pad 'SW39:2' at (288290000, 61595000) with pad 'D39:2' at (290830000, 69275000) using coordinate system rotated by 0 degree(s)
13:35:43: [INFO] Adding track segment (B.Cu): [(288290000, 61595000), (288290000, 66735000)]
13:35:43: [INFO] Adding track segment (B.Cu): [(288290000, 66735000), (290830000, 69275000)]
13:35:43: [INFO] Routing SW38 with D38
13:35:43: [INFO] Using internal autorouter method
13:35:43: [INFO] Routing pad 'SW38:2' at (307340000, 61595000) with pad 'D38:2' at (309880000, 69275000) using coordinate system rotated by 0 degree(s)
13:35:43: [INFO] Adding track segment (B.Cu): [(307340000, 61595000), (307340000, 66735000)]
13:35:43: [INFO] Adding track segment (B.Cu): [(307340000, 66735000), (309880000, 69275000)]
13:35:43: [INFO] Routing SW37 with D37
13:35:43: [INFO] Using internal autorouter method
13:35:43: [INFO] Routing pad 'SW37:2' at (212090000, 42545000) with pad 'D37:2' at (214630000, 50225000) using coordinate system rotated by 0 degree(s)
13:35:43: [INFO] Adding track segment (B.Cu): [(212090000, 42545000), (212090000, 47685000)]
13:35:43: [INFO] Adding track segment (B.Cu): [(212090000, 47685000), (214630000, 50225000)]
13:35:43: [INFO] Routing SW36 with D36
13:35:43: [INFO] Using internal autorouter method
13:35:43: [INFO] Routing pad 'SW36:2' at (231140000, 37782500) with pad 'D36:2' at (233680000, 45462500) using coordinate system rotated by 0 degree(s)
13:35:43: [INFO] Adding track segment (B.Cu): [(231140000, 37782500), (231140000, 42922500)]
13:35:43: [INFO] Adding track segment (B.Cu): [(231140000, 42922500), (233680000, 45462500)]
13:35:43: [INFO] Routing SW35 with D35
13:35:43: [INFO] Using internal autorouter method
13:35:43: [INFO] Routing pad 'SW35:2' at (250190000, 33020000) with pad 'D35:2' at (252730000, 40700000) using coordinate system rotated by 0 degree(s)
13:35:43: [INFO] Adding track segment (B.Cu): [(250190000, 33020000), (250190000, 38160000)]
13:35:43: [INFO] Adding track segment (B.Cu): [(250190000, 38160000), (252730000, 40700000)]
13:35:43: [INFO] Routing SW34 with D34
13:35:43: [INFO] Using internal autorouter method
13:35:43: [INFO] Routing pad 'SW34:2' at (269240000, 37782500) with pad 'D34:2' at (271780000, 45462500) using coordinate system rotated by 0 degree(s)
13:35:43: [INFO] Adding track segment (B.Cu): [(269240000, 37782500), (269240000, 42922500)]
13:35:43: [INFO] Adding track segment (B.Cu): [(269240000, 42922500), (271780000, 45462500)]
13:35:43: [INFO] Routing SW33 with D33
13:35:43: [INFO] Using internal autorouter method
13:35:43: [INFO] Routing pad 'SW33:2' at (288290000, 42545000) with pad 'D33:2' at (290830000, 50225000) using coordinate system rotated by 0 degree(s)
13:35:43: [INFO] Adding track segment (B.Cu): [(288290000, 42545000), (288290000, 47685000)]
13:35:43: [INFO] Adding track segment (B.Cu): [(288290000, 47685000), (290830000, 50225000)]
13:35:43: [INFO] Routing SW32 with D32
13:35:43: [INFO] Using internal autorouter method
13:35:43: [INFO] Routing pad 'SW32:2' at (307340000, 42545000) with pad 'D32:2' at (309880000, 50225000) using coordinate system rotated by 0 degree(s)
13:35:43: [INFO] Adding track segment (B.Cu): [(307340000, 42545000), (307340000, 47685000)]
13:35:43: [INFO] Adding track segment (B.Cu): [(307340000, 47685000), (309880000, 50225000)]
13:35:43: [INFO] Routing SW31 with D31
13:35:43: [INFO] Using internal autorouter method
13:35:43: [INFO] Routing pad 'SW31:2' at (154940000, 118745000) with pad 'D31:2' at (157480000, 126425000) using coordinate system rotated by 0 degree(s)
13:35:43: [INFO] Adding track segment (B.Cu): [(154940000, 118745000), (154940000, 123885000)]
13:35:43: [INFO] Adding track segment (B.Cu): [(154940000, 123885000), (157480000, 126425000)]
13:35:43: [INFO] Routing SW30 with D30
13:35:43: [INFO] Using internal autorouter method
13:35:43: [INFO] Routing pad 'SW30:2' at (135890000, 118745000) with pad 'D30:2' at (138430000, 126425000) using coordinate system rotated by 0 degree(s)
13:35:43: [INFO] Adding track segment (B.Cu): [(135890000, 118745000), (135890000, 123885000)]
13:35:43: [INFO] Adding track segment (B.Cu): [(135890000, 123885000), (138430000, 126425000)]
13:35:43: [INFO] Routing SW29 with D29
13:35:43: [INFO] Using internal autorouter method
13:35:43: [INFO] Routing pad 'SW29:2' at (116840000, 113982500) with pad 'D29:2' at (119380000, 121662500) using coordinate system rotated by 0 degree(s)
13:35:43: [INFO] Adding track segment (B.Cu): [(116840000, 113982500), (116840000, 119122500)]
13:35:43: [INFO] Adding track segment (B.Cu): [(116840000, 119122500), (119380000, 121662500)]
13:35:43: [INFO] Routing SW28 with D28
13:35:43: [INFO] Using internal autorouter method
13:35:43: [INFO] Routing pad 'SW28:2' at (97790000, 109220000) with pad 'D28:2' at (100330000, 116900000) using coordinate system rotated by 0 degree(s)
13:35:43: [INFO] Adding track segment (B.Cu): [(97790000, 109220000), (97790000, 114360000)]
13:35:43: [INFO] Adding track segment (B.Cu): [(97790000, 114360000), (100330000, 116900000)]
13:35:43: [INFO] Routing SW27 with D27
13:35:43: [INFO] Using internal autorouter method
13:35:43: [INFO] Routing pad 'SW27:2' at (78740000, 113982500) with pad 'D27:2' at (81280000, 121662500) using coordinate system rotated by 0 degree(s)
13:35:43: [INFO] Adding track segment (B.Cu): [(78740000, 113982500), (78740000, 119122500)]
13:35:43: [INFO] Adding track segment (B.Cu): [(78740000, 119122500), (81280000, 121662500)]
13:35:43: [INFO] Routing SW26 with D26
13:35:43: [INFO] Using internal autorouter method
13:35:43: [INFO] Routing pad 'SW26:2' at (59690000, 118745000) with pad 'D26:2' at (62230000, 126425000) using coordinate system rotated by 0 degree(s)
13:35:43: [INFO] Adding track segment (B.Cu): [(59690000, 118745000), (59690000, 123885000)]
13:35:43: [INFO] Adding track segment (B.Cu): [(59690000, 123885000), (62230000, 126425000)]
13:35:43: [INFO] Routing SW25 with D25
13:35:43: [INFO] Using internal autorouter method
13:35:43: [INFO] Routing pad 'SW25:2' at (40640000, 118745000) with pad 'D25:2' at (43180000, 126425000) using coordinate system rotated by 0 degree(s)
13:35:43: [INFO] Adding track segment (B.Cu): [(40640000, 118745000), (40640000, 123885000)]
13:35:43: [INFO] Adding track segment (B.Cu): [(40640000, 123885000), (43180000, 126425000)]
13:35:43: [INFO] Routing SW24 with D24
13:35:43: [INFO] Using internal autorouter method
13:35:43: [INFO] Routing pad 'SW24:2' at (135890000, 99695000) with pad 'D24:2' at (138430000, 107375000) using coordinate system rotated by 0 degree(s)
13:35:43: [INFO] Adding track segment (B.Cu): [(135890000, 99695000), (135890000, 104835000)]
13:35:43: [INFO] Adding track segment (B.Cu): [(135890000, 104835000), (138430000, 107375000)]
13:35:43: [INFO] Routing SW23 with D23
13:35:43: [INFO] Using internal autorouter method
13:35:43: [INFO] Routing pad 'SW23:2' at (116840000, 94932500) with pad 'D23:2' at (119380000, 102612500) using coordinate system rotated by 0 degree(s)
13:35:43: [INFO] Adding track segment (B.Cu): [(116840000, 94932500), (116840000, 100072500)]
13:35:43: [INFO] Adding track segment (B.Cu): [(116840000, 100072500), (119380000, 102612500)]
13:35:43: [INFO] Routing SW22 with D22
13:35:43: [INFO] Using internal autorouter method
13:35:43: [INFO] Routing pad 'SW22:2' at (97790000, 90170000) with pad 'D22:2' at (100330000, 97850000) using coordinate system rotated by 0 degree(s)
13:35:43: [INFO] Adding track segment (B.Cu): [(97790000, 90170000), (97790000, 95310000)]
13:35:43: [INFO] Adding track segment (B.Cu): [(97790000, 95310000), (100330000, 97850000)]
13:35:43: [INFO] Routing SW21 with D21
13:35:43: [INFO] Using internal autorouter method
13:35:43: [INFO] Routing pad 'SW21:2' at (78740000, 94932500) with pad 'D21:2' at (81280000, 102612500) using coordinate system rotated by 0 degree(s)
13:35:43: [INFO] Adding track segment (B.Cu): [(78740000, 94932500), (78740000, 100072500)]
13:35:43: [INFO] Adding track segment (B.Cu): [(78740000, 100072500), (81280000, 102612500)]
13:35:43: [INFO] Routing SW20 with D20
13:35:43: [INFO] Using internal autorouter method
13:35:43: [INFO] Routing pad 'SW20:2' at (59690000, 99695000) with pad 'D20:2' at (62230000, 107375000) using coordinate system rotated by 0 degree(s)
13:35:43: [INFO] Adding track segment (B.Cu): [(59690000, 99695000), (59690000, 104835000)]
13:35:43: [INFO] Adding track segment (B.Cu): [(59690000, 104835000), (62230000, 107375000)]
13:35:43: [INFO] Routing SW19 with D19
13:35:43: [INFO] Using internal autorouter method
13:35:43: [INFO] Routing pad 'SW19:2' at (40640000, 99695000) with pad 'D19:2' at (43180000, 107375000) using coordinate system rotated by 0 degree(s)
13:35:43: [INFO] Adding track segment (B.Cu): [(40640000, 99695000), (40640000, 104835000)]
13:35:43: [INFO] Adding track segment (B.Cu): [(40640000, 104835000), (43180000, 107375000)]
13:35:43: [INFO] Routing SW18 with D18
13:35:43: [INFO] Using internal autorouter method
13:35:43: [INFO] Routing pad 'SW18:2' at (135890000, 80645000) with pad 'D18:2' at (138430000, 88325000) using coordinate system rotated by 0 degree(s)
13:35:43: [INFO] Adding track segment (B.Cu): [(135890000, 80645000), (135890000, 85785000)]
13:35:43: [INFO] Adding track segment (B.Cu): [(135890000, 85785000), (138430000, 88325000)]
13:35:43: [INFO] Routing SW17 with D17
13:35:43: [INFO] Using internal autorouter method
13:35:43: [INFO] Routing pad 'SW17:2' at (116840000, 75882500) with pad 'D17:2' at (119380000, 83562500) using coordinate system rotated by 0 degree(s)
13:35:43: [INFO] Adding track segment (B.Cu): [(116840000, 75882500), (116840000, 81022500)]
13:35:43: [INFO] Adding track segment (B.Cu): [(116840000, 81022500), (119380000, 83562500)]
13:35:43: [INFO] Routing SW16 with D16
13:35:43: [INFO] Using internal autorouter method
13:35:43: [INFO] Routing pad 'SW16:2' at (97790000, 71120000) with pad 'D16:2' at (100330000, 78800000) using coordinate system rotated by 0 degree(s)
13:35:43: [INFO] Adding track segment (B.Cu): [(97790000, 71120000), (97790000, 76260000)]
13:35:43: [INFO] Adding track segment (B.Cu): [(97790000, 76260000), (100330000, 78800000)]
13:35:43: [INFO] Routing SW15 with D15
13:35:43: [INFO] Using internal autorouter method
13:35:43: [INFO] Routing pad 'SW15:2' at (78740000, 75882500) with pad 'D15:2' at (81280000, 83562500) using coordinate system rotated by 0 degree(s)
13:35:43: [INFO] Adding track segment (B.Cu): [(78740000, 75882500), (78740000, 81022500)]
13:35:43: [INFO] Adding track segment (B.Cu): [(78740000, 81022500), (81280000, 83562500)]
13:35:43: [INFO] Routing SW14 with D14
13:35:43: [INFO] Using internal autorouter method
13:35:43: [INFO] Routing pad 'SW14:2' at (59690000, 80645000) with pad 'D14:2' at (62230000, 88325000) using coordinate system rotated by 0 degree(s)
13:35:43: [INFO] Adding track segment (B.Cu): [(59690000, 80645000), (59690000, 85785000)]
13:35:43: [INFO] Adding track segment (B.Cu): [(59690000, 85785000), (62230000, 88325000)]
13:35:43: [INFO] Routing SW13 with D13
13:35:43: [INFO] Using internal autorouter method
13:35:43: [INFO] Routing pad 'SW13:2' at (40640000, 80645000) with pad 'D13:2' at (43180000, 88325000) using coordinate system rotated by 0 degree(s)
13:35:43: [INFO] Adding track segment (B.Cu): [(40640000, 80645000), (40640000, 85785000)]
13:35:43: [INFO] Adding track segment (B.Cu): [(40640000, 85785000), (43180000, 88325000)]
13:35:43: [INFO] Routing SW12 with D12
13:35:43: [INFO] Using internal autorouter method
13:35:43: [INFO] Routing pad 'SW12:2' at (135890000, 61595000) with pad 'D12:2' at (138430000, 69275000) using coordinate system rotated by 0 degree(s)
13:35:43: [INFO] Adding track segment (B.Cu): [(135890000, 61595000), (135890000, 66735000)]
13:35:43: [INFO] Adding track segment (B.Cu): [(135890000, 66735000), (138430000, 69275000)]
13:35:43: [INFO] Routing SW11 with D11
13:35:43: [INFO] Using internal autorouter method
13:35:43: [INFO] Routing pad 'SW11:2' at (116840000, 56832500) with pad 'D11:2' at (119380000, 64512500) using coordinate system rotated by 0 degree(s)
13:35:43: [INFO] Adding track segment (B.Cu): [(116840000, 56832500), (116840000, 61972500)]
13:35:43: [INFO] Adding track segment (B.Cu): [(116840000, 61972500), (119380000, 64512500)]
13:35:43: [INFO] Routing SW10 with D10
13:35:43: [INFO] Using internal autorouter method
13:35:43: [INFO] Routing pad 'SW10:2' at (97790000, 52070000) with pad 'D10:2' at (100330000, 59750000) using coordinate system rotated by 0 degree(s)
13:35:43: [INFO] Adding track segment (B.Cu): [(97790000, 52070000), (97790000, 57210000)]
13:35:43: [INFO] Adding track segment (B.Cu): [(97790000, 57210000), (100330000, 59750000)]
13:35:43: [INFO] Routing SW9 with D9
13:35:43: [INFO] Using internal autorouter method
13:35:43: [INFO] Routing pad 'SW9:2' at (78740000, 56832500) with pad 'D9:2' at (81280000, 64512500) using coordinate system rotated by 0 degree(s)
13:35:43: [INFO] Adding track segment (B.Cu): [(78740000, 56832500), (78740000, 61972500)]
13:35:43: [INFO] Adding track segment (B.Cu): [(78740000, 61972500), (81280000, 64512500)]
13:35:43: [INFO] Routing SW8 with D8
13:35:43: [INFO] Using internal autorouter method
13:35:43: [INFO] Routing pad 'SW8:2' at (59690000, 61595000) with pad 'D8:2' at (62230000, 69275000) using coordinate system rotated by 0 degree(s)
13:35:43: [INFO] Adding track segment (B.Cu): [(59690000, 61595000), (59690000, 66735000)]
13:35:43: [INFO] Adding track segment (B.Cu): [(59690000, 66735000), (62230000, 69275000)]
13:35:43: [INFO] Routing SW7 with D7
13:35:43: [INFO] Using internal autorouter method
13:35:43: [INFO] Routing pad 'SW7:2' at (40640000, 61595000) with pad 'D7:2' at (43180000, 69275000) using coordinate system rotated by 0 degree(s)
13:35:43: [INFO] Adding track segment (B.Cu): [(40640000, 61595000), (40640000, 66735000)]
13:35:43: [INFO] Adding track segment (B.Cu): [(40640000, 66735000), (43180000, 69275000)]
13:35:43: [INFO] Routing SW6 with D6
13:35:43: [INFO] Using internal autorouter method
13:35:43: [INFO] Routing pad 'SW6:2' at (135890000, 42545000) with pad 'D6:2' at (138430000, 50225000) using coordinate system rotated by 0 degree(s)
13:35:43: [INFO] Adding track segment (B.Cu): [(135890000, 42545000), (135890000, 47685000)]
13:35:43: [INFO] Adding track segment (B.Cu): [(135890000, 47685000), (138430000, 50225000)]
13:35:43: [INFO] Routing SW5 with D5
13:35:43: [INFO] Using internal autorouter method
13:35:43: [INFO] Routing pad 'SW5:2' at (116840000, 37782500) with pad 'D5:2' at (119380000, 45462500) using coordinate system rotated by 0 degree(s)
13:35:43: [INFO] Adding track segment (B.Cu): [(116840000, 37782500), (116840000, 42922500)]
13:35:43: [INFO] Adding track segment (B.Cu): [(116840000, 42922500), (119380000, 45462500)]
13:35:43: [INFO] Routing SW4 with D4
13:35:43: [INFO] Using internal autorouter method
13:35:43: [INFO] Routing pad 'SW4:2' at (97790000, 33020000) with pad 'D4:2' at (100330000, 40700000) using coordinate system rotated by 0 degree(s)
13:35:43: [INFO] Adding track segment (B.Cu): [(97790000, 33020000), (97790000, 38160000)]
13:35:43: [INFO] Adding track segment (B.Cu): [(97790000, 38160000), (100330000, 40700000)]
13:35:43: [INFO] Routing SW3 with D3
13:35:43: [INFO] Using internal autorouter method
13:35:43: [INFO] Routing pad 'SW3:2' at (78740000, 37782500) with pad 'D3:2' at (81280000, 45462500) using coordinate system rotated by 0 degree(s)
13:35:43: [INFO] Adding track segment (B.Cu): [(78740000, 37782500), (78740000, 42922500)]
13:35:43: [INFO] Adding track segment (B.Cu): [(78740000, 42922500), (81280000, 45462500)]
13:35:43: [INFO] Routing SW2 with D2
13:35:43: [INFO] Using internal autorouter method
13:35:43: [INFO] Routing pad 'SW2:2' at (59690000, 42545000) with pad 'D2:2' at (62230000, 50225000) using coordinate system rotated by 0 degree(s)
13:35:43: [INFO] Adding track segment (B.Cu): [(59690000, 42545000), (59690000, 47685000)]
13:35:43: [INFO] Adding track segment (B.Cu): [(59690000, 47685000), (62230000, 50225000)]
13:35:43: [INFO] Routing SW1 with D1
13:35:43: [INFO] Using internal autorouter method
13:35:43: [INFO] Routing pad 'SW1:2' at (40640000, 42545000) with pad 'D1:2' at (43180000, 50225000) using coordinate system rotated by 0 degree(s)
13:35:43: [INFO] Adding track segment (B.Cu): [(40640000, 42545000), (40640000, 47685000)]
13:35:43: [INFO] Adding track segment (B.Cu): [(40640000, 47685000), (43180000, 50225000)]
13:35:43: [INFO] Routing ROW1 pads
13:35:43: [INFO] Routing pad 'D7:1' at (43180000, 72075000) with pad 'D8:1' at (62230000, 72075000) using coordinate system rotated by 0 degree(s)
13:35:43: [INFO] Adding track segment (B.Cu): [(43180000, 72075000), (62230000, 72075000)]
13:35:43: [INFO] Routing pad 'D8:1' at (62230000, 72075000) with pad 'D9:1' at (81280000, 67312500) using coordinate system rotated by 0 degree(s)
13:35:43: [INFO] Adding track segment (B.Cu): [(62230000, 72075000), (76517500, 72075000)]
13:35:43: [INFO] Adding track segment (B.Cu): [(76517500, 72075000), (81280000, 67312500)]
13:35:43: [INFO] Routing pad 'D9:1' at (81280000, 67312500) with pad 'D10:1' at (100330000, 62550000) using coordinate system rotated by 0 degree(s)
13:35:43: [INFO] Adding track segment (B.Cu): [(81280000, 67312500), (95567500, 67312500)]
13:35:43: [INFO] Adding track segment (B.Cu): [(95567500, 67312500), (100330000, 62550000)]
13:35:43: [INFO] Routing pad 'D10:1' at (100330000, 62550000) with pad 'D11:1' at (119380000, 67312500) using coordinate system rotated by 0 degree(s)
13:35:43: [INFO] Adding track segment (B.Cu): [(100330000, 62550000), (105092500, 67312500)]
13:35:43: [INFO] Adding track segment (B.Cu): [(105092500, 67312500), (119380000, 67312500)]
13:35:43: [INFO] Routing pad 'D11:1' at (119380000, 67312500) with pad 'D12:1' at (138430000, 72075000) using coordinate system rotated by 0 degree(s)
13:35:43: [INFO] Adding track segment (B.Cu): [(119380000, 67312500), (124142500, 72075000)]
13:35:43: [INFO] Adding track segment (B.Cu): [(124142500, 72075000), (138430000, 72075000)]
13:35:43: [INFO] Routing ROW0 pads
13:35:43: [INFO] Routing pad 'D1:1' at (43180000, 53025000) with pad 'D2:1' at (62230000, 53025000) using coordinate system rotated by 0 degree(s)
13:35:43: [INFO] Adding track segment (B.Cu): [(43180000, 53025000), (62230000, 53025000)]
13:35:43: [INFO] Routing pad 'D2:1' at (62230000, 53025000) with pad 'D3:1' at (81280000, 48262500) using coordinate system rotated by 0 degree(s)
13:35:43: [INFO] Adding track segment (B.Cu): [(62230000, 53025000), (76517500, 53025000)]
13:35:43: [INFO] Adding track segment (B.Cu): [(76517500, 53025000), (81280000, 48262500)]
13:35:43: [INFO] Routing pad 'D3:1' at (81280000, 48262500) with pad 'D4:1' at (100330000, 43500000) using coordinate system rotated by 0 degree(s)
13:35:43: [INFO] Adding track segment (B.Cu): [(81280000, 48262500), (95567500, 48262500)]
13:35:43: [INFO] Adding track segment (B.Cu): [(95567500, 48262500), (100330000, 43500000)]
13:35:43: [INFO] Routing pad 'D4:1' at (100330000, 43500000) with pad 'D5:1' at (119380000, 48262500) using coordinate system rotated by 0 degree(s)
13:35:44: [INFO] Adding track segment (B.Cu): [(100330000, 43500000), (105092500, 48262500)]
13:35:44: [INFO] Adding track segment (B.Cu): [(105092500, 48262500), (119380000, 48262500)]
13:35:44: [INFO] Routing pad 'D5:1' at (119380000, 48262500) with pad 'D6:1' at (138430000, 53025000) using coordinate system rotated by 0 degree(s)
13:35:44: [INFO] Adding track segment (B.Cu): [(119380000, 48262500), (124142500, 53025000)]
13:35:44: [INFO] Adding track segment (B.Cu): [(124142500, 53025000), (138430000, 53025000)]
13:35:44: [INFO] Routing ROW6 pads
13:35:44: [INFO] Routing pad 'D43:1' at (214630000, 72075000) with pad 'D42:1' at (233680000, 67312500) using coordinate system rotated by 0 degree(s)
13:35:44: [INFO] Adding track segment (B.Cu): [(214630000, 72075000), (228917500, 72075000)]
13:35:44: [INFO] Adding track segment (B.Cu): [(228917500, 72075000), (233680000, 67312500)]
13:35:44: [INFO] Routing pad 'D42:1' at (233680000, 67312500) with pad 'D41:1' at (252730000, 62550000) using coordinate system rotated by 0 degree(s)
13:35:44: [INFO] Adding track segment (B.Cu): [(233680000, 67312500), (247967500, 67312500)]
13:35:44: [INFO] Adding track segment (B.Cu): [(247967500, 67312500), (252730000, 62550000)]
13:35:44: [INFO] Routing pad 'D41:1' at (252730000, 62550000) with pad 'D40:1' at (271780000, 67312500) using coordinate system rotated by 0 degree(s)
13:35:44: [INFO] Adding track segment (B.Cu): [(252730000, 62550000), (257492500, 67312500)]
13:35:44: [INFO] Adding track segment (B.Cu): [(257492500, 67312500), (271780000, 67312500)]
13:35:44: [INFO] Routing pad 'D40:1' at (271780000, 67312500) with pad 'D39:1' at (290830000, 72075000) using coordinate system rotated by 0 degree(s)
13:35:44: [INFO] Adding track segment (B.Cu): [(271780000, 67312500), (276542500, 72075000)]
13:35:44: [INFO] Adding track segment (B.Cu): [(276542500, 72075000), (290830000, 72075000)]
13:35:44: [INFO] Routing pad 'D39:1' at (290830000, 72075000) with pad 'D38:1' at (309880000, 72075000) using coordinate system rotated by 0 degree(s)
13:35:44: [INFO] Adding track segment (B.Cu): [(290830000, 72075000), (309880000, 72075000)]
13:35:44: [INFO] Routing COL6 pads
13:35:44: [INFO] Routing pad 'SW31:1' at (148590000, 121285000) with pad 'SW62:1' at (186690000, 121285000) using coordinate system rotated by 0 degree(s)
13:35:44: [INFO] Adding track segment (F.Cu): [(148590000, 121285000), (186690000, 121285000)]
13:35:44: [INFO] Routing COL2 pads
13:35:44: [INFO] Routing pad 'SW3:1' at (72390000, 40322500) with pad 'SW9:1' at (72390000, 59372500) using coordinate system rotated by 0 degree(s)
13:35:44: [INFO] Adding track segment (F.Cu): [(72390000, 40322500), (72390000, 59372500)]
13:35:44: [INFO] Routing pad 'SW9:1' at (72390000, 59372500) with pad 'SW15:1' at (72390000, 78422500) using coordinate system rotated by 0 degree(s)
13:35:44: [INFO] Adding track segment (F.Cu): [(72390000, 59372500), (72390000, 78422500)]
13:35:44: [INFO] Routing pad 'SW15:1' at (72390000, 78422500) with pad 'SW21:1' at (72390000, 97472500) using coordinate system rotated by 0 degree(s)
13:35:44: [INFO] Adding track segment (F.Cu): [(72390000, 78422500), (72390000, 97472500)]
13:35:44: [INFO] Routing pad 'SW21:1' at (72390000, 97472500) with pad 'SW27:1' at (72390000, 116522500) using coordinate system rotated by 0 degree(s)
13:35:44: [INFO] Adding track segment (F.Cu): [(72390000, 97472500), (72390000, 116522500)]
13:35:44: [INFO] Routing pad 'SW3:1' at (72390000, 40322500) with pad 'SW34:1' at (262890000, 40322500) using coordinate system rotated by 0 degree(s)
13:35:44: [INFO] Adding track segment (F.Cu): [(72390000, 40322500), (262890000, 40322500)]
13:35:44: [INFO] Could not add track segment due to detected collision
13:35:44: [INFO] Routing pad 'SW34:1' at (262890000, 40322500) with pad 'SW40:1' at (262890000, 59372500) using coordinate system rotated by 0 degree(s)
13:35:44: [INFO] Adding track segment (F.Cu): [(262890000, 40322500), (262890000, 59372500)]
13:35:44: [INFO] Routing pad 'SW40:1' at (262890000, 59372500) with pad 'SW46:1' at (262890000, 78422500) using coordinate system rotated by 0 degree(s)
13:35:44: [INFO] Adding track segment (F.Cu): [(262890000, 59372500), (262890000, 78422500)]
13:35:44: [INFO] Routing pad 'SW46:1' at (262890000, 78422500) with pad 'SW52:1' at (262890000, 97472500) using coordinate system rotated by 0 degree(s)
13:35:44: [INFO] Adding track segment (F.Cu): [(262890000, 78422500), (262890000, 97472500)]
13:35:44: [INFO] Routing pad 'SW52:1' at (262890000, 97472500) with pad 'SW58:1' at (262890000, 116522500) using coordinate system rotated by 0 degree(s)
13:35:44: [INFO] Adding track segment (F.Cu): [(262890000, 97472500), (262890000, 116522500)]
13:35:44: [INFO] Routing ROW3 pads
13:35:44: [INFO] Routing pad 'D19:1' at (43180000, 110175000) with pad 'D20:1' at (62230000, 110175000) using coordinate system rotated by 0 degree(s)
13:35:44: [INFO] Adding track segment (B.Cu): [(43180000, 110175000), (62230000, 110175000)]
13:35:44: [INFO] Routing pad 'D20:1' at (62230000, 110175000) with pad 'D21:1' at (81280000, 105412500) using coordinate system rotated by 0 degree(s)
13:35:44: [INFO] Adding track segment (B.Cu): [(62230000, 110175000), (76517500, 110175000)]
13:35:44: [INFO] Adding track segment (B.Cu): [(76517500, 110175000), (81280000, 105412500)]
13:35:44: [INFO] Routing pad 'D21:1' at (81280000, 105412500) with pad 'D22:1' at (100330000, 100650000) using coordinate system rotated by 0 degree(s)
13:35:44: [INFO] Adding track segment (B.Cu): [(81280000, 105412500), (95567500, 105412500)]
13:35:44: [INFO] Adding track segment (B.Cu): [(95567500, 105412500), (100330000, 100650000)]
13:35:44: [INFO] Routing pad 'D22:1' at (100330000, 100650000) with pad 'D23:1' at (119380000, 105412500) using coordinate system rotated by 0 degree(s)
13:35:44: [INFO] Adding track segment (B.Cu): [(100330000, 100650000), (105092500, 105412500)]
13:35:44: [INFO] Adding track segment (B.Cu): [(105092500, 105412500), (119380000, 105412500)]
13:35:44: [INFO] Routing pad 'D23:1' at (119380000, 105412500) with pad 'D24:1' at (138430000, 110175000) using coordinate system rotated by 0 degree(s)
13:35:44: [INFO] Adding track segment (B.Cu): [(119380000, 105412500), (124142500, 110175000)]
13:35:44: [INFO] Adding track segment (B.Cu): [(124142500, 110175000), (138430000, 110175000)]
13:35:44: [INFO] Routing ROW9 pads
13:35:44: [INFO] Routing pad 'D62:1' at (195580000, 129225000) with pad 'D61:1' at (214630000, 129225000) using coordinate system rotated by 0 degree(s)
13:35:44: [INFO] Adding track segment (B.Cu): [(195580000, 129225000), (214630000, 129225000)]
13:35:44: [INFO] Routing pad 'D61:1' at (214630000, 129225000) with pad 'D60:1' at (233680000, 124462500) using coordinate system rotated by 0 degree(s)
13:35:44: [INFO] Adding track segment (B.Cu): [(214630000, 129225000), (228917500, 129225000)]
13:35:44: [INFO] Adding track segment (B.Cu): [(228917500, 129225000), (233680000, 124462500)]
13:35:44: [INFO] Routing pad 'D60:1' at (233680000, 124462500) with pad 'D59:1' at (252730000, 119700000) using coordinate system rotated by 0 degree(s)
13:35:44: [INFO] Adding track segment (B.Cu): [(233680000, 124462500), (247967500, 124462500)]
13:35:44: [INFO] Adding track segment (B.Cu): [(247967500, 124462500), (252730000, 119700000)]
13:35:44: [INFO] Routing pad 'D59:1' at (252730000, 119700000) with pad 'D58:1' at (271780000, 124462500) using coordinate system rotated by 0 degree(s)
13:35:44: [INFO] Adding track segment (B.Cu): [(252730000, 119700000), (257492500, 124462500)]
13:35:44: [INFO] Adding track segment (B.Cu): [(257492500, 124462500), (271780000, 124462500)]
13:35:44: [INFO] Routing pad 'D58:1' at (271780000, 124462500) with pad 'D57:1' at (290830000, 129225000) using coordinate system rotated by 0 degree(s)
13:35:44: [INFO] Adding track segment (B.Cu): [(271780000, 124462500), (276542500, 129225000)]
13:35:44: [INFO] Adding track segment (B.Cu): [(276542500, 129225000), (290830000, 129225000)]
13:35:44: [INFO] Routing pad 'D57:1' at (290830000, 129225000) with pad 'D56:1' at (309880000, 129225000) using coordinate system rotated by 0 degree(s)
13:35:44: [INFO] Adding track segment (B.Cu): [(290830000, 129225000), (309880000, 129225000)]
13:35:44: [INFO] Routing ROW8 pads
13:35:44: [INFO] Routing pad 'D55:1' at (214630000, 110175000) with pad 'D54:1' at (233680000, 105412500) using coordinate system rotated by 0 degree(s)
13:35:44: [INFO] Adding track segment (B.Cu): [(214630000, 110175000), (228917500, 110175000)]
13:35:44: [INFO] Adding track segment (B.Cu): [(228917500, 110175000), (233680000, 105412500)]
13:35:44: [INFO] Routing pad 'D54:1' at (233680000, 105412500) with pad 'D53:1' at (252730000, 100650000) using coordinate system rotated by 0 degree(s)
13:35:44: [INFO] Adding track segment (B.Cu): [(233680000, 105412500), (247967500, 105412500)]
13:35:44: [INFO] Adding track segment (B.Cu): [(247967500, 105412500), (252730000, 100650000)]
13:35:44: [INFO] Routing pad 'D53:1' at (252730000, 100650000) with pad 'D52:1' at (271780000, 105412500) using coordinate system rotated by 0 degree(s)
13:35:44: [INFO] Adding track segment (B.Cu): [(252730000, 100650000), (257492500, 105412500)]
13:35:44: [INFO] Adding track segment (B.Cu): [(257492500, 105412500), (271780000, 105412500)]
13:35:44: [INFO] Routing pad 'D52:1' at (271780000, 105412500) with pad 'D51:1' at (290830000, 110175000) using coordinate system rotated by 0 degree(s)
13:35:44: [INFO] Adding track segment (B.Cu): [(271780000, 105412500), (276542500, 110175000)]
13:35:44: [INFO] Adding track segment (B.Cu): [(276542500, 110175000), (290830000, 110175000)]
13:35:44: [INFO] Routing pad 'D51:1' at (290830000, 110175000) with pad 'D50:1' at (309880000, 110175000) using coordinate system rotated by 0 degree(s)
13:35:44: [INFO] Adding track segment (B.Cu): [(290830000, 110175000), (309880000, 110175000)]
13:35:44: [INFO] Routing ROW5 pads
13:35:44: [INFO] Routing pad 'D37:1' at (214630000, 53025000) with pad 'D36:1' at (233680000, 48262500) using coordinate system rotated by 0 degree(s)
13:35:44: [INFO] Adding track segment (B.Cu): [(214630000, 53025000), (228917500, 53025000)]
13:35:44: [INFO] Adding track segment (B.Cu): [(228917500, 53025000), (233680000, 48262500)]
13:35:44: [INFO] Routing pad 'D36:1' at (233680000, 48262500) with pad 'D35:1' at (252730000, 43500000) using coordinate system rotated by 0 degree(s)
13:35:44: [INFO] Adding track segment (B.Cu): [(233680000, 48262500), (247967500, 48262500)]
13:35:44: [INFO] Adding track segment (B.Cu): [(247967500, 48262500), (252730000, 43500000)]
13:35:44: [INFO] Routing pad 'D35:1' at (252730000, 43500000) with pad 'D34:1' at (271780000, 48262500) using coordinate system rotated by 0 degree(s)
13:35:44: [INFO] Adding track segment (B.Cu): [(252730000, 43500000), (257492500, 48262500)]
13:35:44: [INFO] Adding track segment (B.Cu): [(257492500, 48262500), (271780000, 48262500)]
13:35:44: [INFO] Routing pad 'D34:1' at (271780000, 48262500) with pad 'D33:1' at (290830000, 53025000) using coordinate system rotated by 0 degree(s)
13:35:44: [INFO] Adding track segment (B.Cu): [(271780000, 48262500), (276542500, 53025000)]
13:35:44: [INFO] Adding track segment (B.Cu): [(276542500, 53025000), (290830000, 53025000)]
13:35:44: [INFO] Routing pad 'D33:1' at (290830000, 53025000) with pad 'D32:1' at (309880000, 53025000) using coordinate system rotated by 0 degree(s)
13:35:44: [INFO] Adding track segment (B.Cu): [(290830000, 53025000), (309880000, 53025000)]
13:35:44: [INFO] Routing COL3 pads
13:35:44: [INFO] Routing pad 'SW4:1' at (91440000, 35560000) with pad 'SW10:1' at (91440000, 54610000) using coordinate system rotated by 0 degree(s)
13:35:44: [INFO] Adding track segment (F.Cu): [(91440000, 35560000), (91440000, 54610000)]
13:35:44: [INFO] Routing pad 'SW10:1' at (91440000, 54610000) with pad 'SW16:1' at (91440000, 73660000) using coordinate system rotated by 0 degree(s)
13:35:44: [INFO] Adding track segment (F.Cu): [(91440000, 54610000), (91440000, 73660000)]
13:35:44: [INFO] Routing pad 'SW16:1' at (91440000, 73660000) with pad 'SW22:1' at (91440000, 92710000) using coordinate system rotated by 0 degree(s)
13:35:44: [INFO] Adding track segment (F.Cu): [(91440000, 73660000), (91440000, 92710000)]
13:35:44: [INFO] Routing pad 'SW22:1' at (91440000, 92710000) with pad 'SW28:1' at (91440000, 111760000) using coordinate system rotated by 0 degree(s)
13:35:44: [INFO] Adding track segment (F.Cu): [(91440000, 92710000), (91440000, 111760000)]
13:35:44: [INFO] Routing pad 'SW4:1' at (91440000, 35560000) with pad 'SW35:1' at (243840000, 35560000) using coordinate system rotated by 0 degree(s)
13:35:44: [INFO] Adding track segment (F.Cu): [(91440000, 35560000), (243840000, 35560000)]
13:35:44: [INFO] Routing pad 'SW35:1' at (243840000, 35560000) with pad 'SW41:1' at (243840000, 54610000) using coordinate system rotated by 0 degree(s)
13:35:44: [INFO] Adding track segment (F.Cu): [(243840000, 35560000), (243840000, 54610000)]
13:35:44: [INFO] Routing pad 'SW41:1' at (243840000, 54610000) with pad 'SW47:1' at (243840000, 73660000) using coordinate system rotated by 0 degree(s)
13:35:44: [INFO] Adding track segment (F.Cu): [(243840000, 54610000), (243840000, 73660000)]
13:35:44: [INFO] Routing pad 'SW47:1' at (243840000, 73660000) with pad 'SW53:1' at (243840000, 92710000) using coordinate system rotated by 0 degree(s)
13:35:44: [INFO] Adding track segment (F.Cu): [(243840000, 73660000), (243840000, 92710000)]
13:35:44: [INFO] Routing pad 'SW53:1' at (243840000, 92710000) with pad 'SW59:1' at (243840000, 111760000) using coordinate system rotated by 0 degree(s)
13:35:44: [INFO] Adding track segment (F.Cu): [(243840000, 92710000), (243840000, 111760000)]
13:35:44: [INFO] Routing ROW4 pads
13:35:44: [INFO] Routing pad 'D25:1' at (43180000, 129225000) with pad 'D26:1' at (62230000, 129225000) using coordinate system rotated by 0 degree(s)
13:35:44: [INFO] Adding track segment (B.Cu): [(43180000, 129225000), (62230000, 129225000)]
13:35:44: [INFO] Routing pad 'D26:1' at (62230000, 129225000) with pad 'D27:1' at (81280000, 124462500) using coordinate system rotated by 0 degree(s)
13:35:44: [INFO] Adding track segment (B.Cu): [(62230000, 129225000), (76517500, 129225000)]
13:35:44: [INFO] Adding track segment (B.Cu): [(76517500, 129225000), (81280000, 124462500)]
13:35:44: [INFO] Routing pad 'D27:1' at (81280000, 124462500) with pad 'D28:1' at (100330000, 119700000) using coordinate system rotated by 0 degree(s)
13:35:44: [INFO] Adding track segment (B.Cu): [(81280000, 124462500), (95567500, 124462500)]
13:35:44: [INFO] Adding track segment (B.Cu): [(95567500, 124462500), (100330000, 119700000)]
13:35:44: [INFO] Routing pad 'D28:1' at (100330000, 119700000) with pad 'D29:1' at (119380000, 124462500) using coordinate system rotated by 0 degree(s)
13:35:44: [INFO] Adding track segment (B.Cu): [(100330000, 119700000), (105092500, 124462500)]
13:35:44: [INFO] Adding track segment (B.Cu): [(105092500, 124462500), (119380000, 124462500)]
13:35:44: [INFO] Routing pad 'D29:1' at (119380000, 124462500) with pad 'D30:1' at (138430000, 129225000) using coordinate system rotated by 0 degree(s)
13:35:44: [INFO] Adding track segment (B.Cu): [(119380000, 124462500), (124142500, 129225000)]
13:35:44: [INFO] Adding track segment (B.Cu): [(124142500, 129225000), (138430000, 129225000)]
13:35:44: [INFO] Routing pad 'D30:1' at (138430000, 129225000) with pad 'D31:1' at (157480000, 129225000) using coordinate system rotated by 0 degree(s)
13:35:44: [INFO] Adding track segment (B.Cu): [(138430000, 129225000), (157480000, 129225000)]
13:35:44: [INFO] Routing COL4 pads
13:35:44: [INFO] Routing pad 'SW5:1' at (110490000, 40322500) with pad 'SW11:1' at (110490000, 59372500) using coordinate system rotated by 0 degree(s)
13:35:44: [INFO] Adding track segment (F.Cu): [(110490000, 40322500), (110490000, 59372500)]
13:35:44: [INFO] Routing pad 'SW11:1' at (110490000, 59372500) with pad 'SW17:1' at (110490000, 78422500) using coordinate system rotated by 0 degree(s)
13:35:44: [INFO] Adding track segment (F.Cu): [(110490000, 59372500), (110490000, 78422500)]
13:35:44: [INFO] Routing pad 'SW17:1' at (110490000, 78422500) with pad 'SW23:1' at (110490000, 97472500) using coordinate system rotated by 0 degree(s)
13:35:44: [INFO] Adding track segment (F.Cu): [(110490000, 78422500), (110490000, 97472500)]
13:35:44: [INFO] Routing pad 'SW23:1' at (110490000, 97472500) with pad 'SW29:1' at (110490000, 116522500) using coordinate system rotated by 0 degree(s)
13:35:44: [INFO] Adding track segment (F.Cu): [(110490000, 97472500), (110490000, 116522500)]
13:35:44: [INFO] Routing pad 'SW5:1' at (110490000, 40322500) with pad 'SW36:1' at (224790000, 40322500) using coordinate system rotated by 0 degree(s)
13:35:44: [INFO] Adding track segment (F.Cu): [(110490000, 40322500), (224790000, 40322500)]
13:35:44: [INFO] Routing pad 'SW36:1' at (224790000, 40322500) with pad 'SW42:1' at (224790000, 59372500) using coordinate system rotated by 0 degree(s)
13:35:44: [INFO] Adding track segment (F.Cu): [(224790000, 40322500), (224790000, 59372500)]
13:35:44: [INFO] Routing pad 'SW42:1' at (224790000, 59372500) with pad 'SW48:1' at (224790000, 78422500) using coordinate system rotated by 0 degree(s)
13:35:44: [INFO] Adding track segment (F.Cu): [(224790000, 59372500), (224790000, 78422500)]
13:35:44: [INFO] Routing pad 'SW48:1' at (224790000, 78422500) with pad 'SW54:1' at (224790000, 97472500) using coordinate system rotated by 0 degree(s)
13:35:44: [INFO] Adding track segment (F.Cu): [(224790000, 78422500), (224790000, 97472500)]
13:35:44: [INFO] Routing pad 'SW54:1' at (224790000, 97472500) with pad 'SW60:1' at (224790000, 116522500) using coordinate system rotated by 0 degree(s)
13:35:44: [INFO] Adding track segment (F.Cu): [(224790000, 97472500), (224790000, 116522500)]
13:35:44: [INFO] Routing COL0 pads
13:35:44: [INFO] Routing pad 'SW1:1' at (34290000, 45085000) with pad 'SW7:1' at (34290000, 64135000) using coordinate system rotated by 0 degree(s)
13:35:44: [INFO] Adding track segment (F.Cu): [(34290000, 45085000), (34290000, 64135000)]
13:35:44: [INFO] Routing pad 'SW7:1' at (34290000, 64135000) with pad 'SW13:1' at (34290000, 83185000) using coordinate system rotated by 0 degree(s)
13:35:44: [INFO] Adding track segment (F.Cu): [(34290000, 64135000), (34290000, 83185000)]
13:35:44: [INFO] Routing pad 'SW13:1' at (34290000, 83185000) with pad 'SW19:1' at (34290000, 102235000) using coordinate system rotated by 0 degree(s)
13:35:44: [INFO] Adding track segment (F.Cu): [(34290000, 83185000), (34290000, 102235000)]
13:35:44: [INFO] Routing pad 'SW19:1' at (34290000, 102235000) with pad 'SW25:1' at (34290000, 121285000) using coordinate system rotated by 0 degree(s)
13:35:44: [INFO] Adding track segment (F.Cu): [(34290000, 102235000), (34290000, 121285000)]
13:35:44: [INFO] Routing pad 'SW1:1' at (34290000, 45085000) with pad 'SW32:1' at (300990000, 45085000) using coordinate system rotated by 0 degree(s)
13:35:44: [INFO] Adding track segment (F.Cu): [(34290000, 45085000), (300990000, 45085000)]
13:35:44: [INFO] Could not add track segment due to detected collision
13:35:44: [INFO] Routing pad 'SW32:1' at (300990000, 45085000) with pad 'SW38:1' at (300990000, 64135000) using coordinate system rotated by 0 degree(s)
13:35:44: [INFO] Adding track segment (F.Cu): [(300990000, 45085000), (300990000, 64135000)]
13:35:44: [INFO] Routing pad 'SW38:1' at (300990000, 64135000) with pad 'SW44:1' at (300990000, 83185000) using coordinate system rotated by 0 degree(s)
13:35:44: [INFO] Adding track segment (F.Cu): [(300990000, 64135000), (300990000, 83185000)]
13:35:44: [INFO] Routing pad 'SW44:1' at (300990000, 83185000) with pad 'SW50:1' at (300990000, 102235000) using coordinate system rotated by 0 degree(s)
13:35:44: [INFO] Adding track segment (F.Cu): [(300990000, 83185000), (300990000, 102235000)]
13:35:44: [INFO] Routing pad 'SW50:1' at (300990000, 102235000) with pad 'SW56:1' at (300990000, 121285000) using coordinate system rotated by 0 degree(s)
13:35:44: [INFO] Adding track segment (F.Cu): [(300990000, 102235000), (300990000, 121285000)]
13:35:44: [INFO] Routing ROW2 pads
13:35:44: [INFO] Routing pad 'D13:1' at (43180000, 91125000) with pad 'D14:1' at (62230000, 91125000) using coordinate system rotated by 0 degree(s)
13:35:44: [INFO] Adding track segment (B.Cu): [(43180000, 91125000), (62230000, 91125000)]
13:35:44: [INFO] Routing pad 'D14:1' at (62230000, 91125000) with pad 'D15:1' at (81280000, 86362500) using coordinate system rotated by 0 degree(s)
13:35:44: [INFO] Adding track segment (B.Cu): [(62230000, 91125000), (76517500, 91125000)]
13:35:44: [INFO] Adding track segment (B.Cu): [(76517500, 91125000), (81280000, 86362500)]
13:35:44: [INFO] Routing pad 'D15:1' at (81280000, 86362500) with pad 'D16:1' at (100330000, 81600000) using coordinate system rotated by 0 degree(s)
13:35:44: [INFO] Adding track segment (B.Cu): [(81280000, 86362500), (95567500, 86362500)]
13:35:44: [INFO] Adding track segment (B.Cu): [(95567500, 86362500), (100330000, 81600000)]
13:35:44: [INFO] Routing pad 'D16:1' at (100330000, 81600000) with pad 'D17:1' at (119380000, 86362500) using coordinate system rotated by 0 degree(s)
13:35:44: [INFO] Adding track segment (B.Cu): [(100330000, 81600000), (105092500, 86362500)]
13:35:44: [INFO] Adding track segment (B.Cu): [(105092500, 86362500), (119380000, 86362500)]
13:35:44: [INFO] Routing pad 'D17:1' at (119380000, 86362500) with pad 'D18:1' at (138430000, 91125000) using coordinate system rotated by 0 degree(s)
13:35:44: [INFO] Adding track segment (B.Cu): [(119380000, 86362500), (124142500, 91125000)]
13:35:44: [INFO] Adding track segment (B.Cu): [(124142500, 91125000), (138430000, 91125000)]
13:35:44: [INFO] Routing COL5 pads
13:35:44: [INFO] Routing pad 'SW6:1' at (129540000, 45085000) with pad 'SW12:1' at (129540000, 64135000) using coordinate system rotated by 0 degree(s)
13:35:44: [INFO] Adding track segment (F.Cu): [(129540000, 45085000), (129540000, 64135000)]
13:35:44: [INFO] Routing pad 'SW12:1' at (129540000, 64135000) with pad 'SW18:1' at (129540000, 83185000) using coordinate system rotated by 0 degree(s)
13:35:44: [INFO] Adding track segment (F.Cu): [(129540000, 64135000), (129540000, 83185000)]
13:35:44: [INFO] Routing pad 'SW18:1' at (129540000, 83185000) with pad 'SW24:1' at (129540000, 102235000) using coordinate system rotated by 0 degree(s)
13:35:44: [INFO] Adding track segment (F.Cu): [(129540000, 83185000), (129540000, 102235000)]
13:35:44: [INFO] Routing pad 'SW24:1' at (129540000, 102235000) with pad 'SW30:1' at (129540000, 121285000) using coordinate system rotated by 0 degree(s)
13:35:44: [INFO] Adding track segment (F.Cu): [(129540000, 102235000), (129540000, 121285000)]
13:35:44: [INFO] Routing pad 'SW6:1' at (129540000, 45085000) with pad 'SW37:1' at (205740000, 45085000) using coordinate system rotated by 0 degree(s)
13:35:44: [INFO] Adding track segment (F.Cu): [(129540000, 45085000), (205740000, 45085000)]
13:35:44: [INFO] Routing pad 'SW37:1' at (205740000, 45085000) with pad 'SW43:1' at (205740000, 64135000) using coordinate system rotated by 0 degree(s)
13:35:44: [INFO] Adding track segment (F.Cu): [(205740000, 45085000), (205740000, 64135000)]
13:35:44: [INFO] Routing pad 'SW43:1' at (205740000, 64135000) with pad 'SW49:1' at (205740000, 83185000) using coordinate system rotated by 0 degree(s)
13:35:44: [INFO] Adding track segment (F.Cu): [(205740000, 64135000), (205740000, 83185000)]
13:35:44: [INFO] Routing pad 'SW49:1' at (205740000, 83185000) with pad 'SW55:1' at (205740000, 102235000) using coordinate system rotated by 0 degree(s)
13:35:44: [INFO] Adding track segment (F.Cu): [(205740000, 83185000), (205740000, 102235000)]
13:35:44: [INFO] Routing pad 'SW55:1' at (205740000, 102235000) with pad 'SW61:1' at (205740000, 121285000) using coordinate system rotated by 0 degree(s)
13:35:44: [INFO] Adding track segment (F.Cu): [(205740000, 102235000), (205740000, 121285000)]
13:35:44: [INFO] Routing ROW7 pads
13:35:44: [INFO] Routing pad 'D49:1' at (214630000, 91125000) with pad 'D48:1' at (233680000, 86362500) using coordinate system rotated by 0 degree(s)
13:35:44: [INFO] Adding track segment (B.Cu): [(214630000, 91125000), (228917500, 91125000)]
13:35:44: [INFO] Adding track segment (B.Cu): [(228917500, 91125000), (233680000, 86362500)]
13:35:44: [INFO] Routing pad 'D48:1' at (233680000, 86362500) with pad 'D47:1' at (252730000, 81600000) using coordinate system rotated by 0 degree(s)
13:35:44: [INFO] Adding track segment (B.Cu): [(233680000, 86362500), (247967500, 86362500)]
13:35:44: [INFO] Adding track segment (B.Cu): [(247967500, 86362500), (252730000, 81600000)]
13:35:44: [INFO] Routing pad 'D47:1' at (252730000, 81600000) with pad 'D46:1' at (271780000, 86362500) using coordinate system rotated by 0 degree(s)
13:35:44: [INFO] Adding track segment (B.Cu): [(252730000, 81600000), (257492500, 86362500)]
13:35:44: [INFO] Adding track segment (B.Cu): [(257492500, 86362500), (271780000, 86362500)]
13:35:44: [INFO] Routing pad 'D46:1' at (271780000, 86362500) with pad 'D45:1' at (290830000, 91125000) using coordinate system rotated by 0 degree(s)
13:35:44: [INFO] Adding track segment (B.Cu): [(271780000, 86362500), (276542500, 91125000)]
13:35:44: [INFO] Adding track segment (B.Cu): [(276542500, 91125000), (290830000, 91125000)]
13:35:44: [INFO] Routing pad 'D45:1' at (290830000, 91125000) with pad 'D44:1' at (309880000, 91125000) using coordinate system rotated by 0 degree(s)
13:35:44: [INFO] Adding track segment (B.Cu): [(290830000, 91125000), (309880000, 91125000)]
13:35:44: [INFO] Routing COL1 pads
13:35:44: [INFO] Routing pad 'SW2:1' at (53340000, 45085000) with pad 'SW8:1' at (53340000, 64135000) using coordinate system rotated by 0 degree(s)
13:35:44: [INFO] Adding track segment (F.Cu): [(53340000, 45085000), (53340000, 64135000)]
13:35:44: [INFO] Routing pad 'SW8:1' at (53340000, 64135000) with pad 'SW14:1' at (53340000, 83185000) using coordinate system rotated by 0 degree(s)
13:35:44: [INFO] Adding track segment (F.Cu): [(53340000, 64135000), (53340000, 83185000)]
13:35:44: [INFO] Routing pad 'SW14:1' at (53340000, 83185000) with pad 'SW20:1' at (53340000, 102235000) using coordinate system rotated by 0 degree(s)
13:35:44: [INFO] Adding track segment (F.Cu): [(53340000, 83185000), (53340000, 102235000)]
13:35:44: [INFO] Routing pad 'SW20:1' at (53340000, 102235000) with pad 'SW26:1' at (53340000, 121285000) using coordinate system rotated by 0 degree(s)
13:35:44: [INFO] Adding track segment (F.Cu): [(53340000, 102235000), (53340000, 121285000)]
13:35:44: [INFO] Routing pad 'SW2:1' at (53340000, 45085000) with pad 'SW33:1' at (281940000, 45085000) using coordinate system rotated by 0 degree(s)
13:35:44: [INFO] Adding track segment (F.Cu): [(53340000, 45085000), (281940000, 45085000)]
13:35:44: [INFO] Could not add track segment due to detected collision
13:35:44: [INFO] Routing pad 'SW33:1' at (281940000, 45085000) with pad 'SW39:1' at (281940000, 64135000) using coordinate system rotated by 0 degree(s)
13:35:44: [INFO] Adding track segment (F.Cu): [(281940000, 45085000), (281940000, 64135000)]
13:35:44: [INFO] Routing pad 'SW39:1' at (281940000, 64135000) with pad 'SW45:1' at (281940000, 83185000) using coordinate system rotated by 0 degree(s)
13:35:44: [INFO] Adding track segment (F.Cu): [(281940000, 64135000), (281940000, 83185000)]
13:35:44: [INFO] Routing pad 'SW45:1' at (281940000, 83185000) with pad 'SW51:1' at (281940000, 102235000) using coordinate system rotated by 0 degree(s)
13:35:44: [INFO] Adding track segment (F.Cu): [(281940000, 83185000), (281940000, 102235000)]
13:35:44: [INFO] Routing pad 'SW51:1' at (281940000, 102235000) with pad 'SW57:1' at (281940000, 121285000) using coordinate system rotated by 0 degree(s)
13:35:44: [INFO] Adding track segment (F.Cu): [(281940000, 102235000), (281940000, 121285000)]
13:35:44: [INFO] Removing dangling tracks
