=== kbplacer.kle_serial ===
=== layout2image.py ===
=== kbplacer ===
14:35:33: [INFO] User layout: https://editor.keyboard-tools.xyz/#share=NrDeCICdwLgAgIwAYA0dwA9ZwEwDoB2AVjXAE9sBaJPBAX1NQGZwBdFAKDE2wUJPQV41PADYiDdKhzg0ELPD5JJ4VABY2nbgrgicA8lRrEVqJLKkoEmrvOxr+pIbpoBOUyiI3t2fMSdGhCoIKCzstjyKjoKB4sEoMnKRiHjKpCEa4T7CNPoBOfzx5ulW3nbwDv4xBe4lXlnluNGGBQQqOKFlyXxVLS5iEqQdiXCNSu0omVqNegbOIiZDKMXoHdYNyZVzgbWrnl06ftutKkydGzo9x-1xpGcjY6mnkweBedX9i+hnK+Bn69NNs15m5nvVAYdgYECKQAMbYcAAYgAhqi0eAVGpzhDeFCCrd0FiHt0nqQsVMIjpZvlPoNCcsLOAsQDKfY8f1dkz9hdsER2ZQ+AAOAwAC1xdL+KFEXWgwmQpEgOlEeAMkGcIXQkPefREGvA8PgSNhxpNGMYKFcryi2pBAw8gosjzSlmQVrgDht0IlqAQ1nNCBkPPguWuIk5qAIbvwnpOJUtQZSMZuEpCDqSl1J6BCroTHtDxhTVj9WasgZxwbwSbD8UjCej+aCS3j5cTDYJ4A6adGJOdHas5lzlYbXz7vsZazLrIrVdBS1rLfrNIWz2bU9bS5o7bOXadzxzLbzG8KdyLjP+k+ycBDR85Z3na8XHwWcIRKLRqLN9NXl74M7tZJQHce0xfs3UPJ8CxAscAIDN1rwgvBOSxe9LwWUMhVFcUQOlVhWCAA
14:35:33: [INFO] Labels prefixes: for rows: 'ROW', for columns: 'COL'
14:35:33: [INFO] Matrix size: 4x12
14:35:33: [INFO] Add COL0 net
14:35:33: [INFO] Add COL1 net
14:35:33: [INFO] Add COL10 net
14:35:33: [INFO] Add COL11 net
14:35:33: [INFO] Add COL12 net
14:35:33: [INFO] Add COL2 net
14:35:33: [INFO] Add COL3 net
14:35:33: [INFO] Add COL4 net
14:35:33: [INFO] Add COL5 net
14:35:33: [INFO] Add COL6 net
14:35:33: [INFO] Add COL7 net
14:35:33: [INFO] Add COL8 net
14:35:33: [INFO] Add COL9 net
14:35:33: [INFO] Add Net-(D1-A) net
14:35:33: [INFO] Add Net-(D10-A) net
14:35:33: [INFO] Add Net-(D11-A) net
14:35:33: [INFO] Add Net-(D12-A) net
14:35:33: [INFO] Add Net-(D13-A) net
14:35:33: [INFO] Add Net-(D14-A) net
14:35:33: [INFO] Add Net-(D15-A) net
14:35:33: [INFO] Add Net-(D16-A) net
14:35:33: [INFO] Add Net-(D17-A) net
14:35:33: [INFO] Add Net-(D18-A) net
14:35:33: [INFO] Add Net-(D19-A) net
14:35:33: [INFO] Add Net-(D2-A) net
14:35:33: [INFO] Add Net-(D20-A) net
14:35:33: [INFO] Add Net-(D21-A) net
14:35:33: [INFO] Add Net-(D22-A) net
14:35:33: [INFO] Add Net-(D23-A) net
14:35:33: [INFO] Add Net-(D24-A) net
14:35:33: [INFO] Add Net-(D25-A) net
14:35:33: [INFO] Add Net-(D26-A) net
14:35:33: [INFO] Add Net-(D27-A) net
14:35:33: [INFO] Add Net-(D28-A) net
14:35:33: [INFO] Add Net-(D29-A) net
14:35:33: [INFO] Add Net-(D3-A) net
14:35:33: [INFO] Add Net-(D30-A) net
14:35:33: [INFO] Add Net-(D31-A) net
14:35:33: [INFO] Add Net-(D32-A) net
14:35:33: [INFO] Add Net-(D33-A) net
14:35:33: [INFO] Add Net-(D34-A) net
14:35:33: [INFO] Add Net-(D35-A) net
14:35:33: [INFO] Add Net-(D36-A) net
14:35:33: [INFO] Add Net-(D37-A) net
14:35:33: [INFO] Add Net-(D38-A) net
14:35:33: [INFO] Add Net-(D39-A) net
14:35:33: [INFO] Add Net-(D4-A) net
14:35:33: [INFO] Add Net-(D40-A) net
14:35:33: [INFO] Add Net-(D41-A) net
14:35:33: [INFO] Add Net-(D42-A) net
14:35:33: [INFO] Add Net-(D43-A) net
14:35:33: [INFO] Add Net-(D44-A) net
14:35:33: [INFO] Add Net-(D45-A) net
14:35:33: [INFO] Add Net-(D46-A) net
14:35:33: [INFO] Add Net-(D47-A) net
14:35:33: [INFO] Add Net-(D48-A) net
14:35:33: [INFO] Add Net-(D49-A) net
14:35:33: [INFO] Add Net-(D5-A) net
14:35:33: [INFO] Add Net-(D50-A) net
14:35:33: [INFO] Add Net-(D51-A) net
14:35:33: [INFO] Add Net-(D52-A) net
14:35:33: [INFO] Add Net-(D53-A) net
14:35:33: [INFO] Add Net-(D54-A) net
14:35:33: [INFO] Add Net-(D55-A) net
14:35:33: [INFO] Add Net-(D56-A) net
14:35:33: [INFO] Add Net-(D57-A) net
14:35:33: [INFO] Add Net-(D58-A) net
14:35:33: [INFO] Add Net-(D59-A) net
14:35:33: [INFO] Add Net-(D6-A) net
14:35:33: [INFO] Add Net-(D60-A) net
14:35:33: [INFO] Add Net-(D61-A) net
14:35:33: [INFO] Add Net-(D62-A) net
14:35:33: [INFO] Add Net-(D7-A) net
14:35:33: [INFO] Add Net-(D8-A) net
14:35:33: [INFO] Add Net-(D9-A) net
14:35:33: [INFO] Add ROW0 net
14:35:33: [INFO] Add ROW1 net
14:35:33: [INFO] Add ROW2 net
14:35:33: [INFO] Add ROW3 net
14:35:33: [INFO] Add ROW4 net
14:35:33: [INFO] Add SW1 footprint
14:35:33: [INFO] Add D1 footprint
14:35:33: [INFO] Add SW2 footprint
14:35:33: [INFO] Add D2 footprint
14:35:33: [INFO] Add SW3 footprint
14:35:33: [INFO] Add D3 footprint
14:35:33: [INFO] Add SW4 footprint
14:35:33: [INFO] Add D4 footprint
14:35:33: [INFO] Add SW5 footprint
14:35:33: [INFO] Add D5 footprint
14:35:33: [INFO] Add SW6 footprint
14:35:33: [INFO] Add D6 footprint
14:35:33: [INFO] Add SW7 footprint
14:35:33: [INFO] Add D7 footprint
14:35:33: [INFO] Add SW8 footprint
14:35:33: [INFO] Add D8 footprint
14:35:33: [INFO] Add SW9 footprint
14:35:33: [INFO] Add D9 footprint
14:35:33: [INFO] Add SW10 footprint
14:35:33: [INFO] Add D10 footprint
14:35:33: [INFO] Add SW11 footprint
14:35:33: [INFO] Add D11 footprint
14:35:33: [INFO] Add SW12 footprint
14:35:33: [INFO] Add D12 footprint
14:35:33: [INFO] Add SW13 footprint
14:35:33: [INFO] Add D13 footprint
14:35:33: [INFO] Add SW14 footprint
14:35:33: [INFO] Add D14 footprint
14:35:33: [INFO] Add SW15 footprint
14:35:33: [INFO] Add D15 footprint
14:35:33: [INFO] Add SW16 footprint
14:35:34: [INFO] Add D16 footprint
14:35:34: [INFO] Add SW17 footprint
14:35:34: [INFO] Add D17 footprint
14:35:34: [INFO] Add SW18 footprint
14:35:34: [INFO] Add D18 footprint
14:35:34: [INFO] Add SW19 footprint
14:35:34: [INFO] Add D19 footprint
14:35:34: [INFO] Add SW20 footprint
14:35:34: [INFO] Add D20 footprint
14:35:34: [INFO] Add SW21 footprint
14:35:34: [INFO] Add D21 footprint
14:35:34: [INFO] Add SW22 footprint
14:35:34: [INFO] Add D22 footprint
14:35:34: [INFO] Add SW23 footprint
14:35:34: [INFO] Add D23 footprint
14:35:34: [INFO] Add SW24 footprint
14:35:34: [INFO] Add D24 footprint
14:35:34: [INFO] Add SW25 footprint
14:35:34: [INFO] Add D25 footprint
14:35:34: [INFO] Add SW26 footprint
14:35:34: [INFO] Add D26 footprint
14:35:34: [INFO] Add SW27 footprint
14:35:34: [INFO] Add D27 footprint
14:35:34: [INFO] Add SW28 footprint
14:35:34: [INFO] Add D28 footprint
14:35:34: [INFO] Add SW29 footprint
14:35:34: [INFO] Add D29 footprint
14:35:34: [INFO] Add SW30 footprint
14:35:34: [INFO] Add D30 footprint
14:35:34: [INFO] Add SW31 footprint
14:35:34: [INFO] Add D31 footprint
14:35:34: [INFO] Add SW32 footprint
14:35:34: [INFO] Add D32 footprint
14:35:34: [INFO] Add SW33 footprint
14:35:34: [INFO] Add D33 footprint
14:35:34: [INFO] Add SW34 footprint
14:35:34: [INFO] Add D34 footprint
14:35:34: [INFO] Add SW35 footprint
14:35:34: [INFO] Add D35 footprint
14:35:34: [INFO] Add SW36 footprint
14:35:34: [INFO] Add D36 footprint
14:35:34: [INFO] Add SW37 footprint
14:35:34: [INFO] Add D37 footprint
14:35:34: [INFO] Add SW38 footprint
14:35:34: [INFO] Add D38 footprint
14:35:34: [INFO] Add SW39 footprint
14:35:34: [INFO] Add D39 footprint
14:35:34: [INFO] Add SW40 footprint
14:35:34: [INFO] Add D40 footprint
14:35:34: [INFO] Add SW41 footprint
14:35:34: [INFO] Add D41 footprint
14:35:34: [INFO] Add SW42 footprint
14:35:34: [INFO] Add D42 footprint
14:35:34: [INFO] Add SW43 footprint
14:35:34: [INFO] Add D43 footprint
14:35:34: [INFO] Add SW44 footprint
14:35:34: [INFO] Add D44 footprint
14:35:35: [INFO] Add SW45 footprint
14:35:35: [INFO] Add D45 footprint
14:35:35: [INFO] Add SW46 footprint
14:35:35: [INFO] Add D46 footprint
14:35:35: [INFO] Add SW47 footprint
14:35:35: [INFO] Add D47 footprint
14:35:35: [INFO] Add SW48 footprint
14:35:35: [INFO] Add D48 footprint
14:35:35: [INFO] Add SW49 footprint
14:35:35: [INFO] Add D49 footprint
14:35:35: [INFO] Add SW50 footprint
14:35:35: [INFO] Add D50 footprint
14:35:35: [INFO] Add SW51 footprint
14:35:35: [INFO] Add D51 footprint
14:35:35: [INFO] Add SW52 footprint
14:35:35: [INFO] Add D52 footprint
14:35:35: [INFO] Add SW53 footprint
14:35:35: [INFO] Add D53 footprint
14:35:35: [INFO] Add SW54 footprint
14:35:35: [INFO] Add D54 footprint
14:35:35: [INFO] Add SW55 footprint
14:35:35: [INFO] Add D55 footprint
14:35:35: [INFO] Add SW56 footprint
14:35:35: [INFO] Add D56 footprint
14:35:35: [INFO] Add SW57 footprint
14:35:35: [INFO] Add D57 footprint
14:35:35: [INFO] Add SW58 footprint
14:35:35: [INFO] Add D58 footprint
14:35:35: [INFO] Add SW59 footprint
14:35:35: [INFO] Add D59 footprint
14:35:35: [INFO] Add SW60 footprint
14:35:35: [INFO] Add D60 footprint
14:35:35: [INFO] Add SW61 footprint
14:35:35: [INFO] Add D61 footprint
14:35:35: [INFO] Add SW62 footprint
14:35:35: [INFO] Add D62 footprint
14:35:35: [INFO] Detected layout convertible to matrix annotated keyboard
14:35:35: [INFO] Using key 1U distance: (19.05, 19.05) mm
14:35:35: [INFO] Layout offset: (33337500, 30480000)
14:35:35: [INFO] Diode info: [ElementInfo(annotation_format='D{}', position_option=<PositionOption.CUSTOM: 'Custom'>, position=ElementPosition(x=5.08, y=4.0, orientation=90.0, side=<Side.BACK: 'Back'>), template_path='', start_index=-1)]
14:35:35: [INFO] Placing additional elements for SW62
14:35:35: [INFO] Placing additional elements for SW61
14:35:35: [INFO] Placing additional elements for SW60
14:35:35: [INFO] Placing additional elements for SW59
14:35:35: [INFO] Placing additional elements for SW58
14:35:35: [INFO] Placing additional elements for SW57
14:35:35: [INFO] Placing additional elements for SW56
14:35:35: [INFO] Placing additional elements for SW55
14:35:35: [INFO] Placing additional elements for SW54
14:35:35: [INFO] Placing additional elements for SW53
14:35:35: [INFO] Placing additional elements for SW52
14:35:35: [INFO] Placing additional elements for SW51
14:35:35: [INFO] Placing additional elements for SW50
14:35:35: [INFO] Placing additional elements for SW49
14:35:35: [INFO] Placing additional elements for SW48
14:35:35: [INFO] Placing additional elements for SW47
14:35:35: [INFO] Placing additional elements for SW46
14:35:35: [INFO] Placing additional elements for SW45
14:35:35: [INFO] Placing additional elements for SW44
14:35:35: [INFO] Placing additional elements for SW43
14:35:35: [INFO] Placing additional elements for SW42
14:35:35: [INFO] Placing additional elements for SW41
14:35:35: [INFO] Placing additional elements for SW40
14:35:35: [INFO] Placing additional elements for SW39
14:35:35: [INFO] Placing additional elements for SW38
14:35:35: [INFO] Placing additional elements for SW37
14:35:35: [INFO] Placing additional elements for SW36
14:35:35: [INFO] Placing additional elements for SW35
14:35:35: [INFO] Placing additional elements for SW34
14:35:35: [INFO] Placing additional elements for SW33
14:35:35: [INFO] Placing additional elements for SW32
14:35:35: [INFO] Placing additional elements for SW31
14:35:35: [INFO] Placing additional elements for SW30
14:35:35: [INFO] Placing additional elements for SW29
14:35:35: [INFO] Placing additional elements for SW28
14:35:35: [INFO] Placing additional elements for SW27
14:35:35: [INFO] Placing additional elements for SW26
14:35:35: [INFO] Placing additional elements for SW25
14:35:35: [INFO] Placing additional elements for SW24
14:35:35: [INFO] Placing additional elements for SW23
14:35:35: [INFO] Placing additional elements for SW22
14:35:35: [INFO] Placing additional elements for SW21
14:35:35: [INFO] Placing additional elements for SW20
14:35:35: [INFO] Placing additional elements for SW19
14:35:35: [INFO] Placing additional elements for SW18
14:35:35: [INFO] Placing additional elements for SW17
14:35:35: [INFO] Placing additional elements for SW16
14:35:35: [INFO] Placing additional elements for SW15
14:35:35: [INFO] Placing additional elements for SW14
14:35:35: [INFO] Placing additional elements for SW13
14:35:35: [INFO] Placing additional elements for SW12
14:35:35: [INFO] Placing additional elements for SW11
14:35:35: [INFO] Placing additional elements for SW10
14:35:35: [INFO] Placing additional elements for SW9
14:35:35: [INFO] Placing additional elements for SW8
14:35:35: [INFO] Placing additional elements for SW7
14:35:35: [INFO] Placing additional elements for SW6
14:35:35: [INFO] Placing additional elements for SW5
14:35:35: [INFO] Placing additional elements for SW4
14:35:35: [INFO] Placing additional elements for SW3
14:35:35: [INFO] Placing additional elements for SW2
14:35:35: [INFO] Placing additional elements for SW1
14:35:35: [INFO] Routing SW62 with D62
14:35:35: [INFO] Using internal autorouter method
14:35:35: [INFO] Routing pad 'SW62:2' at (283195147, 118868061) with pad 'D62:2' at (287030177, 125990318) using coordinate system rotated by 350.0 degree(s)
14:35:35: [INFO] Adding track segment (B.Cu): [(283195147, 118868061), (284087698, 123929972)]
14:35:35: [INFO] Adding track segment (B.Cu): [(284087698, 123929972), (287030177, 125990318)]
14:35:35: [INFO] Routing SW61 with D61
14:35:35: [INFO] Using internal autorouter method
14:35:35: [INFO] Routing pad 'SW61:2' at (264434559, 122176059) with pad 'D61:2' at (268269589, 129298316) using coordinate system rotated by 350.0 degree(s)
14:35:35: [INFO] Adding track segment (B.Cu): [(264434559, 122176059), (265327109, 127237969)]
14:35:35: [INFO] Adding track segment (B.Cu): [(265327109, 127237969), (268269589, 129298316)]
14:35:35: [INFO] Routing SW60 with D60
14:35:35: [INFO] Using internal autorouter method
14:35:35: [INFO] Routing pad 'SW60:2' at (244846972, 120793910) with pad 'D60:2' at (248682002, 127916167) using coordinate system rotated by 350.0 degree(s)
14:35:35: [INFO] Adding track segment (B.Cu): [(244846972, 120793910), (245739522, 125855820)]
14:35:35: [INFO] Adding track segment (B.Cu): [(245739522, 125855820), (248682002, 127916167)]
14:35:35: [INFO] Routing SW59 with D59
14:35:35: [INFO] Using internal autorouter method
14:35:35: [INFO] Routing pad 'SW59:2' at (224928585, 117535702) with pad 'D59:2' at (228763615, 124657959) using coordinate system rotated by 350.0 degree(s)
14:35:35: [INFO] Adding track segment (B.Cu): [(224928585, 117535702), (225821135, 122597612)]
14:35:35: [INFO] Adding track segment (B.Cu): [(225821135, 122597612), (228763615, 124657959)]
14:35:35: [INFO] Routing SW58 with D58
14:35:35: [INFO] Using internal autorouter method
14:35:35: [INFO] Routing pad 'SW58:2' at (207325797, 127409905) with pad 'D58:2' at (211160827, 134532162) using coordinate system rotated by 350.0 degree(s)
14:35:35: [INFO] Adding track segment (B.Cu): [(207325797, 127409905), (208218347, 132471815)]
14:35:35: [INFO] Adding track segment (B.Cu): [(208218347, 132471815), (211160827, 134532162)]
14:35:35: [INFO] Routing SW57 with D57
14:35:35: [INFO] Using internal autorouter method
14:35:35: [INFO] Routing pad 'SW57:2' at (189723008, 137284109) with pad 'D57:2' at (193558038, 144406366) using coordinate system rotated by 350.0 degree(s)
14:35:35: [INFO] Adding track segment (B.Cu): [(189723008, 137284109), (190615558, 142346019)]
14:35:35: [INFO] Adding track segment (B.Cu): [(190615558, 142346019), (193558038, 144406366)]
14:35:35: [INFO] Routing SW56 with D56
14:35:35: [INFO] Using internal autorouter method
14:35:35: [INFO] Routing pad 'SW56:2' at (168977622, 129335754) with pad 'D56:2' at (172812652, 136458011) using coordinate system rotated by 350.0 degree(s)
14:35:35: [INFO] Adding track segment (B.Cu): [(168977622, 129335754), (169870173, 134397665)]
14:35:35: [INFO] Adding track segment (B.Cu): [(169870173, 134397665), (172812652, 136458011)]
14:35:35: [INFO] Routing SW55 with D55
14:35:35: [INFO] Using internal autorouter method
14:35:35: [INFO] Routing pad 'SW55:2' at (118343341, 138964229) with pad 'D55:2' at (119511134, 146968618) using coordinate system rotated by 10.0 degree(s)
14:35:35: [INFO] Adding track segment (B.Cu): [(118343341, 138964229), (117450788, 144026139)]
14:35:35: [INFO] Adding track segment (B.Cu): [(117450788, 144026139), (119511134, 146968618)]
14:35:35: [INFO] Routing SW54 with D54
14:35:35: [INFO] Using internal autorouter method
14:35:35: [INFO] Routing pad 'SW54:2' at (100740552, 129090025) with pad 'D54:2' at (101908345, 137094414) using coordinate system rotated by 10.0 degree(s)
14:35:35: [INFO] Adding track segment (B.Cu): [(100740552, 129090025), (99848000, 134151936)]
14:35:35: [INFO] Adding track segment (B.Cu): [(99848000, 134151936), (101908345, 137094414)]
14:35:35: [INFO] Routing SW53 with D53
14:35:35: [INFO] Using internal autorouter method
14:35:35: [INFO] Routing pad 'SW53:2' at (83137764, 119215822) with pad 'D53:2' at (84305557, 127220211) using coordinate system rotated by 10.0 degree(s)
14:35:35: [INFO] Adding track segment (B.Cu): [(83137764, 119215822), (82245211, 124277733)]
14:35:35: [INFO] Adding track segment (B.Cu): [(82245211, 124277733), (84305557, 127220211)]
14:35:35: [INFO] Routing SW52 with D52
14:35:35: [INFO] Using internal autorouter method
14:35:35: [INFO] Routing pad 'SW52:2' at (63219377, 122474030) with pad 'D52:2' at (64387170, 130478419) using coordinate system rotated by 10.0 degree(s)
14:35:35: [INFO] Adding track segment (B.Cu): [(63219377, 122474030), (62326824, 127535941)]
14:35:35: [INFO] Adding track segment (B.Cu): [(62326824, 127535941), (64387170, 130478419)]
14:35:35: [INFO] Routing SW51 with D51
14:35:35: [INFO] Using internal autorouter method
14:35:35: [INFO] Routing pad 'SW51:2' at (43631790, 123856179) with pad 'D51:2' at (44799583, 131860568) using coordinate system rotated by 10.0 degree(s)
14:35:35: [INFO] Adding track segment (B.Cu): [(43631790, 123856179), (42739237, 128918089)]
14:35:35: [INFO] Adding track segment (B.Cu): [(42739237, 128918089), (44799583, 131860568)]
14:35:35: [INFO] Routing SW50 with D50
14:35:35: [INFO] Using internal autorouter method
14:35:35: [INFO] Routing pad 'SW50:2' at (24871202, 120548181) with pad 'D50:2' at (26038995, 128552570) using coordinate system rotated by 10.0 degree(s)
14:35:35: [INFO] Adding track segment (B.Cu): [(24871202, 120548181), (23978649, 125610092)]
14:35:35: [INFO] Adding track segment (B.Cu): [(23978649, 125610092), (26038995, 128552570)]
14:35:35: [INFO] Routing SW49 with D49
14:35:35: [INFO] Using internal autorouter method
14:35:35: [INFO] Routing pad 'SW49:2' at (279887149, 100107474) with pad 'D49:2' at (283722179, 107229731) using coordinate system rotated by 350.0 degree(s)
14:35:35: [INFO] Adding track segment (B.Cu): [(279887149, 100107474), (280779699, 105169384)]
14:35:35: [INFO] Adding track segment (B.Cu): [(280779699, 105169384), (283722179, 107229731)]
14:35:35: [INFO] Routing SW48 with D48
14:35:35: [INFO] Using internal autorouter method
14:35:35: [INFO] Routing pad 'SW48:2' at (261126562, 103415471) with pad 'D48:2' at (264961592, 110537728) using coordinate system rotated by 350.0 degree(s)
14:35:35: [INFO] Adding track segment (B.Cu): [(261126562, 103415471), (262019112, 108477381)]
14:35:35: [INFO] Adding track segment (B.Cu): [(262019112, 108477381), (264961592, 110537728)]
14:35:35: [INFO] Routing SW47 with D47
14:35:35: [INFO] Using internal autorouter method
14:35:35: [INFO] Routing pad 'SW47:2' at (241538975, 102033322) with pad 'D47:2' at (245374005, 109155579) using coordinate system rotated by 350.0 degree(s)
14:35:35: [INFO] Adding track segment (B.Cu): [(241538975, 102033322), (242431525, 107095232)]
14:35:35: [INFO] Adding track segment (B.Cu): [(242431525, 107095232), (245374005, 109155579)]
14:35:35: [INFO] Routing SW46 with D46
14:35:35: [INFO] Using internal autorouter method
14:35:35: [INFO] Routing pad 'SW46:2' at (221620588, 98775114) with pad 'D46:2' at (225455618, 105897371) using coordinate system rotated by 350.0 degree(s)
14:35:35: [INFO] Adding track segment (B.Cu): [(221620588, 98775114), (222513138, 103837024)]
14:35:35: [INFO] Adding track segment (B.Cu): [(222513138, 103837024), (225455618, 105897371)]
14:35:35: [INFO] Routing SW45 with D45
14:35:35: [INFO] Using internal autorouter method
14:35:35: [INFO] Routing pad 'SW45:2' at (204017799, 108649318) with pad 'D45:2' at (207852829, 115771575) using coordinate system rotated by 350.0 degree(s)
14:35:35: [INFO] Adding track segment (B.Cu): [(204017799, 108649318), (204910350, 113711229)]
14:35:35: [INFO] Adding track segment (B.Cu): [(204910350, 113711229), (207852829, 115771575)]
14:35:35: [INFO] Routing SW44 with D44
14:35:35: [INFO] Using internal autorouter method
14:35:35: [INFO] Routing pad 'SW44:2' at (186415011, 118523521) with pad 'D44:2' at (190250041, 125645778) using coordinate system rotated by 350.0 degree(s)
14:35:35: [INFO] Adding track segment (B.Cu): [(186415011, 118523521), (187307561, 123585431)]
14:35:35: [INFO] Adding track segment (B.Cu): [(187307561, 123585431), (190250041, 125645778)]
14:35:35: [INFO] Routing SW43 with D43
14:35:35: [INFO] Using internal autorouter method
14:35:35: [INFO] Routing pad 'SW43:2' at (139088727, 131015874) with pad 'D43:2' at (140256520, 139020263) using coordinate system rotated by 10.0 degree(s)
14:35:35: [INFO] Adding track segment (B.Cu): [(139088727, 131015874), (138196174, 136077785)]
14:35:35: [INFO] Adding track segment (B.Cu): [(138196174, 136077785), (140256520, 139020263)]
14:35:35: [INFO] Routing SW42 with D42
14:35:35: [INFO] Using internal autorouter method
14:35:35: [INFO] Routing pad 'SW42:2' at (121651338, 120203641) with pad 'D42:2' at (122819131, 128208030) using coordinate system rotated by 10.0 degree(s)
14:35:35: [INFO] Adding track segment (B.Cu): [(121651338, 120203641), (120758786, 125265552)]
14:35:35: [INFO] Adding track segment (B.Cu): [(120758786, 125265552), (122819131, 128208030)]
14:35:35: [INFO] Routing SW41 with D41
14:35:35: [INFO] Using internal autorouter method
14:35:35: [INFO] Routing pad 'SW41:2' at (104048550, 110329437) with pad 'D41:2' at (105216343, 118333826) using coordinate system rotated by 10.0 degree(s)
14:35:35: [INFO] Adding track segment (B.Cu): [(104048550, 110329437), (103155997, 115391348)]
14:35:35: [INFO] Adding track segment (B.Cu): [(103155997, 115391348), (105216343, 118333826)]
14:35:35: [INFO] Routing SW40 with D40
14:35:35: [INFO] Using internal autorouter method
14:35:35: [INFO] Routing pad 'SW40:2' at (86445762, 100455234) with pad 'D40:2' at (87613555, 108459623) using coordinate system rotated by 10.0 degree(s)
14:35:35: [INFO] Adding track segment (B.Cu): [(86445762, 100455234), (85553209, 105517144)]
14:35:35: [INFO] Adding track segment (B.Cu): [(85553209, 105517144), (87613555, 108459623)]
14:35:35: [INFO] Routing SW39 with D39
14:35:35: [INFO] Using internal autorouter method
14:35:35: [INFO] Routing pad 'SW39:2' at (66527375, 103713442) with pad 'D39:2' at (67695168, 111717831) using coordinate system rotated by 10.0 degree(s)
14:35:35: [INFO] Adding track segment (B.Cu): [(66527375, 103713442), (65634822, 108775352)]
14:35:35: [INFO] Adding track segment (B.Cu): [(65634822, 108775352), (67695168, 111717831)]
14:35:35: [INFO] Routing SW38 with D38
14:35:35: [INFO] Using internal autorouter method
14:35:35: [INFO] Routing pad 'SW38:2' at (46939787, 105095591) with pad 'D38:2' at (48107580, 113099980) using coordinate system rotated by 10.0 degree(s)
14:35:35: [INFO] Adding track segment (B.Cu): [(46939787, 105095591), (46047235, 110157502)]
14:35:35: [INFO] Adding track segment (B.Cu): [(46047235, 110157502), (48107580, 113099980)]
14:35:35: [INFO] Routing SW37 with D37
14:35:35: [INFO] Using internal autorouter method
14:35:35: [INFO] Routing pad 'SW37:2' at (28179200, 101787593) with pad 'D37:2' at (29346993, 109791982) using coordinate system rotated by 10.0 degree(s)
14:35:35: [INFO] Adding track segment (B.Cu): [(28179200, 101787593), (27286647, 106849504)]
14:35:35: [INFO] Adding track segment (B.Cu): [(27286647, 106849504), (29346993, 109791982)]
14:35:36: [INFO] Routing SW36 with D36
14:35:36: [INFO] Using internal autorouter method
14:35:36: [INFO] Routing pad 'SW36:2' at (276579152, 81346886) with pad 'D36:2' at (280414182, 88469143) using coordinate system rotated by 350.0 degree(s)
14:35:36: [INFO] Adding track segment (B.Cu): [(276579152, 81346886), (277471702, 86408796)]
14:35:36: [INFO] Adding track segment (B.Cu): [(277471702, 86408796), (280414182, 88469143)]
14:35:36: [INFO] Routing SW35 with D35
14:35:36: [INFO] Using internal autorouter method
14:35:36: [INFO] Routing pad 'SW35:2' at (257818564, 84654884) with pad 'D35:2' at (261653594, 91777141) using coordinate system rotated by 350.0 degree(s)
14:35:36: [INFO] Adding track segment (B.Cu): [(257818564, 84654884), (258711115, 89716795)]
14:35:36: [INFO] Adding track segment (B.Cu): [(258711115, 89716795), (261653594, 91777141)]
14:35:36: [INFO] Routing SW34 with D34
14:35:36: [INFO] Using internal autorouter method
14:35:36: [INFO] Routing pad 'SW34:2' at (238230977, 83272734) with pad 'D34:2' at (242066007, 90394991) using coordinate system rotated by 350.0 degree(s)
14:35:36: [INFO] Adding track segment (B.Cu): [(238230977, 83272734), (239123527, 88334644)]
14:35:36: [INFO] Adding track segment (B.Cu): [(239123527, 88334644), (242066007, 90394991)]
14:35:36: [INFO] Routing SW33 with D33
14:35:36: [INFO] Using internal autorouter method
14:35:36: [INFO] Routing pad 'SW33:2' at (218312590, 80014527) with pad 'D33:2' at (222147620, 87136784) using coordinate system rotated by 350.0 degree(s)
14:35:36: [INFO] Adding track segment (B.Cu): [(218312590, 80014527), (219205141, 85076437)]
14:35:36: [INFO] Adding track segment (B.Cu): [(219205141, 85076437), (222147620, 87136784)]
14:35:36: [INFO] Routing SW32 with D32
14:35:36: [INFO] Using internal autorouter method
14:35:36: [INFO] Routing pad 'SW32:2' at (200709801, 89888730) with pad 'D32:2' at (204544831, 97010987) using coordinate system rotated by 350.0 degree(s)
14:35:36: [INFO] Adding track segment (B.Cu): [(200709801, 89888730), (201602351, 94950640)]
14:35:36: [INFO] Adding track segment (B.Cu): [(201602351, 94950640), (204544831, 97010987)]
14:35:36: [INFO] Routing SW31 with D31
14:35:36: [INFO] Using internal autorouter method
14:35:36: [INFO] Routing pad 'SW31:2' at (183107013, 99762934) with pad 'D31:2' at (186942043, 106885191) using coordinate system rotated by 350.0 degree(s)
14:35:36: [INFO] Adding track segment (B.Cu): [(183107013, 99762934), (183999564, 104824844)]
14:35:36: [INFO] Adding track segment (B.Cu): [(183999564, 104824844), (186942043, 106885191)]
14:35:36: [INFO] Routing SW30 with D30
14:35:36: [INFO] Using internal autorouter method
14:35:36: [INFO] Routing pad 'SW30:2' at (124959336, 101443053) with pad 'D30:2' at (126127129, 109447442) using coordinate system rotated by 10.0 degree(s)
14:35:36: [INFO] Adding track segment (B.Cu): [(124959336, 101443053), (124066784, 106504964)]
14:35:36: [INFO] Adding track segment (B.Cu): [(124066784, 106504964), (126127129, 109447442)]
14:35:36: [INFO] Routing SW29 with D29
14:35:36: [INFO] Using internal autorouter method
14:35:36: [INFO] Routing pad 'SW29:2' at (107356548, 91568850) with pad 'D29:2' at (108524341, 99573239) using coordinate system rotated by 10.0 degree(s)
14:35:36: [INFO] Adding track segment (B.Cu): [(107356548, 91568850), (106463995, 96630761)]
14:35:36: [INFO] Adding track segment (B.Cu): [(106463995, 96630761), (108524341, 99573239)]
14:35:36: [INFO] Routing SW28 with D28
14:35:36: [INFO] Using internal autorouter method
14:35:36: [INFO] Routing pad 'SW28:2' at (89753759, 81694646) with pad 'D28:2' at (90921552, 89699035) using coordinate system rotated by 10.0 degree(s)
14:35:36: [INFO] Adding track segment (B.Cu): [(89753759, 81694646), (88861207, 86756557)]
14:35:36: [INFO] Adding track segment (B.Cu): [(88861207, 86756557), (90921552, 89699035)]
14:35:36: [INFO] Routing SW27 with D27
14:35:36: [INFO] Using internal autorouter method
14:35:36: [INFO] Routing pad 'SW27:2' at (69835372, 84952854) with pad 'D27:2' at (71003165, 92957243) using coordinate system rotated by 10.0 degree(s)
14:35:36: [INFO] Adding track segment (B.Cu): [(69835372, 84952854), (68942820, 90014765)]
14:35:36: [INFO] Adding track segment (B.Cu): [(68942820, 90014765), (71003165, 92957243)]
14:35:36: [INFO] Routing SW26 with D26
14:35:36: [INFO] Using internal autorouter method
14:35:36: [INFO] Routing pad 'SW26:2' at (50247785, 86335003) with pad 'D26:2' at (51415578, 94339392) using coordinate system rotated by 10.0 degree(s)
14:35:36: [INFO] Adding track segment (B.Cu): [(50247785, 86335003), (49355233, 91396914)]
14:35:36: [INFO] Adding track segment (B.Cu): [(49355233, 91396914), (51415578, 94339392)]
14:35:36: [INFO] Routing SW25 with D25
14:35:36: [INFO] Using internal autorouter method
14:35:36: [INFO] Routing pad 'SW25:2' at (31487198, 83027006) with pad 'D25:2' at (32654991, 91031395) using coordinate system rotated by 10.0 degree(s)
14:35:36: [INFO] Adding track segment (B.Cu): [(31487198, 83027006), (30594646, 88088917)]
14:35:36: [INFO] Adding track segment (B.Cu): [(30594646, 88088917), (32654991, 91031395)]
14:35:36: [INFO] Routing SW24 with D24
14:35:36: [INFO] Using internal autorouter method
14:35:36: [INFO] Routing pad 'SW24:2' at (273271154, 62586298) with pad 'D24:2' at (277106184, 69708555) using coordinate system rotated by 350.0 degree(s)
14:35:36: [INFO] Adding track segment (B.Cu): [(273271154, 62586298), (274163705, 67648209)]
14:35:36: [INFO] Adding track segment (B.Cu): [(274163705, 67648209), (277106184, 69708555)]
14:35:36: [INFO] Routing SW23 with D23
14:35:36: [INFO] Using internal autorouter method
14:35:36: [INFO] Routing pad 'SW23:2' at (254510566, 65894296) with pad 'D23:2' at (258345596, 73016553) using coordinate system rotated by 350.0 degree(s)
14:35:36: [INFO] Adding track segment (B.Cu): [(254510566, 65894296), (255403117, 70956207)]
14:35:36: [INFO] Adding track segment (B.Cu): [(255403117, 70956207), (258345596, 73016553)]
14:35:36: [INFO] Routing SW22 with D22
14:35:36: [INFO] Using internal autorouter method
14:35:36: [INFO] Routing pad 'SW22:2' at (234922979, 64512147) with pad 'D22:2' at (238758009, 71634404) using coordinate system rotated by 350.0 degree(s)
14:35:36: [INFO] Adding track segment (B.Cu): [(234922979, 64512147), (235815530, 69574058)]
14:35:36: [INFO] Adding track segment (B.Cu): [(235815530, 69574058), (238758009, 71634404)]
14:35:36: [INFO] Routing SW21 with D21
14:35:36: [INFO] Using internal autorouter method
14:35:36: [INFO] Routing pad 'SW21:2' at (215004592, 61253939) with pad 'D21:2' at (218839622, 68376196) using coordinate system rotated by 350.0 degree(s)
14:35:36: [INFO] Adding track segment (B.Cu): [(215004592, 61253939), (215897143, 66315850)]
14:35:36: [INFO] Adding track segment (B.Cu): [(215897143, 66315850), (218839622, 68376196)]
14:35:36: [INFO] Routing SW20 with D20
14:35:36: [INFO] Using internal autorouter method
14:35:36: [INFO] Routing pad 'SW20:2' at (197401804, 71128142) with pad 'D20:2' at (201236834, 78250399) using coordinate system rotated by 350.0 degree(s)
14:35:36: [INFO] Adding track segment (B.Cu): [(197401804, 71128142), (198294354, 76190052)]
14:35:36: [INFO] Adding track segment (B.Cu): [(198294354, 76190052), (201236834, 78250399)]
14:35:36: [INFO] Routing SW19 with D19
14:35:36: [INFO] Using internal autorouter method
14:35:36: [INFO] Routing pad 'SW19:2' at (179799015, 81002346) with pad 'D19:2' at (183634045, 88124603) using coordinate system rotated by 350.0 degree(s)
14:35:36: [INFO] Adding track segment (B.Cu): [(179799015, 81002346), (180691566, 86064257)]
14:35:36: [INFO] Adding track segment (B.Cu): [(180691566, 86064257), (183634045, 88124603)]
14:35:36: [INFO] Routing SW18 with D18
14:35:36: [INFO] Using internal autorouter method
14:35:36: [INFO] Routing pad 'SW18:2' at (128267334, 82682466) with pad 'D18:2' at (129435127, 90686855) using coordinate system rotated by 10.0 degree(s)
14:35:36: [INFO] Adding track segment (B.Cu): [(128267334, 82682466), (127374781, 87744377)]
14:35:36: [INFO] Adding track segment (B.Cu): [(127374781, 87744377), (129435127, 90686855)]
14:35:36: [INFO] Routing SW17 with D17
14:35:36: [INFO] Using internal autorouter method
14:35:36: [INFO] Routing pad 'SW17:2' at (110664546, 72808262) with pad 'D17:2' at (111832339, 80812651) using coordinate system rotated by 10.0 degree(s)
14:35:36: [INFO] Adding track segment (B.Cu): [(110664546, 72808262), (109771993, 77870172)]
14:35:36: [INFO] Adding track segment (B.Cu): [(109771993, 77870172), (111832339, 80812651)]
14:35:36: [INFO] Routing SW16 with D16
14:35:36: [INFO] Using internal autorouter method
14:35:36: [INFO] Routing pad 'SW16:2' at (93061757, 62934059) with pad 'D16:2' at (94229550, 70938448) using coordinate system rotated by 10.0 degree(s)
14:35:36: [INFO] Adding track segment (B.Cu): [(93061757, 62934059), (92169205, 67995970)]
14:35:36: [INFO] Adding track segment (B.Cu): [(92169205, 67995970), (94229550, 70938448)]
14:35:36: [INFO] Routing SW15 with D15
14:35:36: [INFO] Using internal autorouter method
14:35:36: [INFO] Routing pad 'SW15:2' at (73143370, 66192266) with pad 'D15:2' at (74311163, 74196655) using coordinate system rotated by 10.0 degree(s)
14:35:36: [INFO] Adding track segment (B.Cu): [(73143370, 66192266), (72250818, 71254177)]
14:35:36: [INFO] Adding track segment (B.Cu): [(72250818, 71254177), (74311163, 74196655)]
14:35:36: [INFO] Routing SW14 with D14
14:35:36: [INFO] Using internal autorouter method
14:35:36: [INFO] Routing pad 'SW14:2' at (53555783, 67574416) with pad 'D14:2' at (54723576, 75578805) using coordinate system rotated by 10.0 degree(s)
14:35:36: [INFO] Adding track segment (B.Cu): [(53555783, 67574416), (52663230, 72636327)]
14:35:36: [INFO] Adding track segment (B.Cu): [(52663230, 72636327), (54723576, 75578805)]
14:35:36: [INFO] Routing SW13 with D13
14:35:36: [INFO] Using internal autorouter method
14:35:36: [INFO] Routing pad 'SW13:2' at (34795195, 64266418) with pad 'D13:2' at (35962988, 72270807) using coordinate system rotated by 10.0 degree(s)
14:35:36: [INFO] Adding track segment (B.Cu): [(34795195, 64266418), (33902643, 69328329)]
14:35:36: [INFO] Adding track segment (B.Cu): [(33902643, 69328329), (35962988, 72270807)]
14:35:36: [INFO] Routing SW12 with D12
14:35:36: [INFO] Using internal autorouter method
14:35:36: [INFO] Routing pad 'SW12:2' at (269963156, 43825710) with pad 'D12:2' at (273798186, 50947967) using coordinate system rotated by 350.0 degree(s)
14:35:36: [INFO] Adding track segment (B.Cu): [(269963156, 43825710), (270855707, 48887620)]
14:35:36: [INFO] Adding track segment (B.Cu): [(270855707, 48887620), (273798186, 50947967)]
14:35:36: [INFO] Routing SW11 with D11
14:35:36: [INFO] Using internal autorouter method
14:35:36: [INFO] Routing pad 'SW11:2' at (251202568, 47133708) with pad 'D11:2' at (255037598, 54255965) using coordinate system rotated by 350.0 degree(s)
14:35:36: [INFO] Adding track segment (B.Cu): [(251202568, 47133708), (252095119, 52195619)]
14:35:36: [INFO] Adding track segment (B.Cu): [(252095119, 52195619), (255037598, 54255965)]
14:35:36: [INFO] Routing SW10 with D10
14:35:36: [INFO] Using internal autorouter method
14:35:36: [INFO] Routing pad 'SW10:2' at (231614981, 45751559) with pad 'D10:2' at (235450011, 52873816) using coordinate system rotated by 350.0 degree(s)
14:35:36: [INFO] Adding track segment (B.Cu): [(231614981, 45751559), (232507532, 50813470)]
14:35:36: [INFO] Adding track segment (B.Cu): [(232507532, 50813470), (235450011, 52873816)]
14:35:36: [INFO] Routing SW9 with D9
14:35:36: [INFO] Using internal autorouter method
14:35:36: [INFO] Routing pad 'SW9:2' at (211696594, 42493351) with pad 'D9:2' at (215531624, 49615608) using coordinate system rotated by 350.0 degree(s)
14:35:36: [INFO] Adding track segment (B.Cu): [(211696594, 42493351), (212589145, 47555262)]
14:35:36: [INFO] Adding track segment (B.Cu): [(212589145, 47555262), (215531624, 49615608)]
14:35:36: [INFO] Routing SW8 with D8
14:35:36: [INFO] Using internal autorouter method
14:35:36: [INFO] Routing pad 'SW8:2' at (194093806, 52367555) with pad 'D8:2' at (197928836, 59489812) using coordinate system rotated by 350.0 degree(s)
14:35:36: [INFO] Adding track segment (B.Cu): [(194093806, 52367555), (194986357, 57429466)]
14:35:36: [INFO] Adding track segment (B.Cu): [(194986357, 57429466), (197928836, 59489812)]
14:35:36: [INFO] Routing SW7 with D7
14:35:36: [INFO] Using internal autorouter method
14:35:36: [INFO] Routing pad 'SW7:2' at (176491017, 62241758) with pad 'D7:2' at (180326047, 69364015) using coordinate system rotated by 350.0 degree(s)
14:35:36: [INFO] Adding track segment (B.Cu): [(176491017, 62241758), (177383568, 67303669)]
14:35:36: [INFO] Adding track segment (B.Cu): [(177383568, 67303669), (180326047, 69364015)]
14:35:36: [INFO] Routing SW6 with D6
14:35:36: [INFO] Using internal autorouter method
14:35:36: [INFO] Routing pad 'SW6:2' at (131575332, 63921878) with pad 'D6:2' at (132743125, 71926267) using coordinate system rotated by 10.0 degree(s)
14:35:36: [INFO] Adding track segment (B.Cu): [(131575332, 63921878), (130682779, 68983789)]
14:35:36: [INFO] Adding track segment (B.Cu): [(130682779, 68983789), (132743125, 71926267)]
14:35:36: [INFO] Routing SW5 with D5
14:35:36: [INFO] Using internal autorouter method
14:35:36: [INFO] Routing pad 'SW5:2' at (113972543, 54047674) with pad 'D5:2' at (115140336, 62052063) using coordinate system rotated by 10.0 degree(s)
14:35:36: [INFO] Adding track segment (B.Cu): [(113972543, 54047674), (113079991, 59109585)]
14:35:36: [INFO] Adding track segment (B.Cu): [(113079991, 59109585), (115140336, 62052063)]
14:35:36: [INFO] Routing SW4 with D4
14:35:36: [INFO] Using internal autorouter method
14:35:36: [INFO] Routing pad 'SW4:2' at (96369755, 44173471) with pad 'D4:2' at (97537548, 52177860) using coordinate system rotated by 10.0 degree(s)
14:35:36: [INFO] Adding track segment (B.Cu): [(96369755, 44173471), (95477202, 49235382)]
14:35:36: [INFO] Adding track segment (B.Cu): [(95477202, 49235382), (97537548, 52177860)]
14:35:36: [INFO] Routing SW3 with D3
14:35:36: [INFO] Using internal autorouter method
14:35:36: [INFO] Routing pad 'SW3:2' at (76451368, 47431679) with pad 'D3:2' at (77619161, 55436068) using coordinate system rotated by 10.0 degree(s)
14:35:36: [INFO] Adding track segment (B.Cu): [(76451368, 47431679), (75558815, 52493590)]
14:35:36: [INFO] Adding track segment (B.Cu): [(75558815, 52493590), (77619161, 55436068)]
14:35:36: [INFO] Routing SW2 with D2
14:35:36: [INFO] Using internal autorouter method
14:35:36: [INFO] Routing pad 'SW2:2' at (56863781, 48813828) with pad 'D2:2' at (58031574, 56818217) using coordinate system rotated by 10.0 degree(s)
14:35:36: [INFO] Adding track segment (B.Cu): [(56863781, 48813828), (55971228, 53875739)]
14:35:36: [INFO] Adding track segment (B.Cu): [(55971228, 53875739), (58031574, 56818217)]
14:35:36: [INFO] Routing SW1 with D1
14:35:36: [INFO] Using internal autorouter method
14:35:36: [INFO] Routing pad 'SW1:2' at (38103193, 45505830) with pad 'D1:2' at (39270986, 53510219) using coordinate system rotated by 10.0 degree(s)
14:35:36: [INFO] Adding track segment (B.Cu): [(38103193, 45505830), (37210641, 50567741)]
14:35:36: [INFO] Adding track segment (B.Cu): [(37210641, 50567741), (39270986, 53510219)]
14:35:36: [INFO] Routing ROW1 pads
14:35:36: [INFO] Routing pad 'D13:1' at (35476774, 75028269) with pad 'D14:1' at (54237362, 78336267) using coordinate system rotated by 280.0 degree(s)
14:35:36: [INFO] Adding track segment (B.Cu): [(35476774, 75028269), (54237360, 78336265)]
14:35:36: [INFO] Adding track segment (B.Cu): [(54237360, 78336265), (54237362, 78336267)]
14:35:36: [INFO] Routing pad 'D14:1' at (54237362, 78336267) with pad 'D15:1' at (73824949, 76954117) using coordinate system rotated by 280.0 degree(s)
14:35:36: [INFO] Adding track segment (B.Cu): [(54237362, 78336267), (68307801, 80817265)]
14:35:36: [INFO] Adding track segment (B.Cu): [(68307801, 80817265), (73824949, 76954117)]
14:35:36: [INFO] Routing pad 'D15:1' at (73824949, 76954117) with pad 'D16:1' at (93743336, 73695910) using coordinate system rotated by 280.0 degree(s)
14:35:36: [INFO] Adding track segment (B.Cu): [(73824949, 76954117), (86019331, 79104315)]
14:35:36: [INFO] Adding track segment (B.Cu): [(86019331, 79104315), (93743336, 73695910)]
14:35:36: [INFO] Routing pad 'D16:1' at (93743336, 73695910) with pad 'D17:1' at (111346125, 83570113) using coordinate system rotated by 280.0 degree(s)
14:35:36: [INFO] Adding track segment (B.Cu): [(93743336, 73695910), (99151741, 81419913)]
14:35:36: [INFO] Adding track segment (B.Cu): [(99151741, 81419913), (111346125, 83570113)]
14:35:36: [INFO] Routing pad 'D17:1' at (111346125, 83570113) with pad 'D18:1' at (128948913, 93444317) using coordinate system rotated by 280.0 degree(s)
14:35:36: [INFO] Adding track segment (B.Cu): [(111346125, 83570113), (116754531, 91294118)]
14:35:36: [INFO] Adding track segment (B.Cu): [(116754531, 91294118), (128948913, 93444317)]
14:35:36: [WARNING] Could not route pads when parent footprints not rotated the same, footprint1: D18 at 80.0 degree(s) and footprint2: D19 at 100.0 degree(s)
14:35:36: [INFO] Routing pad 'D19:1' at (184120259, 90882065) with pad 'D20:1' at (201723048, 81007861) using coordinate system rotated by 260.0 degree(s)
14:35:36: [INFO] Adding track segment (B.Cu): [(184120259, 90882065), (196314641, 88731865)]
14:35:36: [INFO] Adding track segment (B.Cu): [(196314641, 88731865), (201723048, 81007861)]
14:35:36: [INFO] Routing pad 'D20:1' at (201723048, 81007861) with pad 'D21:1' at (219325836, 71133658) using coordinate system rotated by 260.0 degree(s)
14:35:36: [INFO] Adding track segment (B.Cu): [(201723048, 81007861), (213917428, 78857662)]
14:35:36: [INFO] Adding track segment (B.Cu): [(213917428, 78857662), (219325836, 71133658)]
14:35:36: [INFO] Routing pad 'D21:1' at (219325836, 71133658) with pad 'D22:1' at (239244223, 74391866) using coordinate system rotated by 260.0 degree(s)
14:35:36: [INFO] Adding track segment (B.Cu): [(219325836, 71133658), (227049840, 76542063)]
14:35:36: [INFO] Adding track segment (B.Cu): [(227049840, 76542063), (239244223, 74391866)]
14:35:36: [INFO] Routing pad 'D22:1' at (239244223, 74391866) with pad 'D23:1' at (258831810, 75774015) using coordinate system rotated by 260.0 degree(s)
14:35:36: [INFO] Adding track segment (B.Cu): [(239244223, 74391866), (244761368, 78255012)]
14:35:36: [INFO] Adding track segment (B.Cu): [(244761368, 78255012), (258831810, 75774015)]
14:35:36: [INFO] Routing pad 'D23:1' at (258831810, 75774015) with pad 'D24:1' at (277592398, 72466017) using coordinate system rotated by 260.0 degree(s)
14:35:36: [INFO] Adding track segment (B.Cu): [(258831810, 75774015), (277592397, 72466016)]
14:35:36: [INFO] Adding track segment (B.Cu): [(277592397, 72466016), (277592398, 72466017)]
14:35:36: [INFO] Routing ROW3 pads
14:35:36: [INFO] Routing pad 'D37:1' at (28860779, 112549444) with pad 'D38:1' at (47621366, 115857442) using coordinate system rotated by 280.0 degree(s)
14:35:36: [INFO] Adding track segment (B.Cu): [(28860779, 112549444), (47621366, 115857441)]
14:35:36: [INFO] Adding track segment (B.Cu): [(47621366, 115857441), (47621366, 115857442)]
14:35:36: [INFO] Routing pad 'D38:1' at (47621366, 115857442) with pad 'D39:1' at (67208954, 114475293) using coordinate system rotated by 280.0 degree(s)
14:35:36: [INFO] Adding track segment (B.Cu): [(47621366, 115857442), (61691806, 118338439)]
14:35:36: [INFO] Adding track segment (B.Cu): [(61691806, 118338439), (67208954, 114475293)]
14:35:36: [INFO] Routing pad 'D39:1' at (67208954, 114475293) with pad 'D40:1' at (87127341, 111217085) using coordinate system rotated by 280.0 degree(s)
14:35:36: [INFO] Adding track segment (B.Cu): [(67208954, 114475293), (79403336, 116625490)]
14:35:36: [INFO] Adding track segment (B.Cu): [(79403336, 116625490), (87127341, 111217085)]
14:35:36: [INFO] Routing pad 'D40:1' at (87127341, 111217085) with pad 'D41:1' at (104730129, 121091288) using coordinate system rotated by 280.0 degree(s)
14:35:36: [INFO] Adding track segment (B.Cu): [(87127341, 111217085), (92535747, 118941089)]
14:35:36: [INFO] Adding track segment (B.Cu): [(92535747, 118941089), (104730129, 121091288)]
14:35:36: [INFO] Routing pad 'D41:1' at (104730129, 121091288) with pad 'D42:1' at (122332917, 130965492) using coordinate system rotated by 280.0 degree(s)
14:35:36: [INFO] Adding track segment (B.Cu): [(104730129, 121091288), (110138535, 128815292)]
14:35:36: [INFO] Adding track segment (B.Cu): [(110138535, 128815292), (122332917, 130965492)]
14:35:36: [INFO] Routing pad 'D42:1' at (122332917, 130965492) with pad 'D43:1' at (139770306, 141777725) using coordinate system rotated by 280.0 degree(s)
14:35:36: [INFO] Adding track segment (B.Cu): [(122332917, 130965492), (128513952, 139792925)]
14:35:36: [INFO] Adding track segment (B.Cu): [(128513952, 139792925), (139770306, 141777725)]
14:35:36: [WARNING] Could not route pads when parent footprints not rotated the same, footprint1: D43 at 80.0 degree(s) and footprint2: D44 at 100.0 degree(s)
14:35:36: [INFO] Routing pad 'D44:1' at (190736255, 128403240) with pad 'D45:1' at (208339043, 118529037) using coordinate system rotated by 260.0 degree(s)
14:35:36: [INFO] Adding track segment (B.Cu): [(190736255, 128403240), (202930635, 126253041)]
14:35:36: [INFO] Adding track segment (B.Cu): [(202930635, 126253041), (208339043, 118529037)]
14:35:36: [INFO] Routing pad 'D45:1' at (208339043, 118529037) with pad 'D46:1' at (225941832, 108654833) using coordinate system rotated by 260.0 degree(s)
14:35:36: [INFO] Adding track segment (B.Cu): [(208339043, 118529037), (220533425, 116378837)]
14:35:36: [INFO] Adding track segment (B.Cu): [(220533425, 116378837), (225941832, 108654833)]
14:35:36: [INFO] Routing pad 'D46:1' at (225941832, 108654833) with pad 'D47:1' at (245860219, 111913041) using coordinate system rotated by 260.0 degree(s)
14:35:36: [INFO] Adding track segment (B.Cu): [(225941832, 108654833), (233665836, 114063239)]
14:35:36: [INFO] Adding track segment (B.Cu): [(233665836, 114063239), (245860219, 111913041)]
14:35:36: [INFO] Routing pad 'D47:1' at (245860219, 111913041) with pad 'D48:1' at (265447806, 113295190) using coordinate system rotated by 260.0 degree(s)
14:35:36: [INFO] Adding track segment (B.Cu): [(245860219, 111913041), (251377365, 115776188)]
14:35:36: [INFO] Adding track segment (B.Cu): [(251377365, 115776188), (265447806, 113295190)]
14:35:36: [INFO] Routing pad 'D48:1' at (265447806, 113295190) with pad 'D49:1' at (284208393, 109987193) using coordinate system rotated by 260.0 degree(s)
14:35:36: [INFO] Adding track segment (B.Cu): [(265447806, 113295190), (284208392, 109987192)]
14:35:36: [INFO] Adding track segment (B.Cu): [(284208392, 109987192), (284208393, 109987193)]
14:35:36: [INFO] Routing COL0 pads
14:35:36: [INFO] Routing pad 'SW50:1' at (18176607, 121946927) with pad 'SW37:1' at (21484605, 103186339) using coordinate system rotated by 10.0 degree(s)
14:35:36: [INFO] Adding track segment (F.Cu): [(18176607, 121946927), (21484604, 103186338)]
14:35:36: [INFO] Adding track segment (F.Cu): [(21484604, 103186338), (21484605, 103186339)]
14:35:36: [INFO] Routing pad 'SW37:1' at (21484605, 103186339) with pad 'SW25:1' at (24792603, 84425752) using coordinate system rotated by 10.0 degree(s)
14:35:36: [INFO] Adding track segment (F.Cu): [(21484605, 103186339), (24792602, 84425751)]
14:35:36: [INFO] Adding track segment (F.Cu): [(24792602, 84425751), (24792603, 84425752)]
14:35:36: [INFO] Routing pad 'SW25:1' at (24792603, 84425752) with pad 'SW13:1' at (28100600, 65665164) using coordinate system rotated by 10.0 degree(s)
14:35:36: [INFO] Adding track segment (F.Cu): [(24792603, 84425752), (28100600, 65665164)]
14:35:36: [INFO] Adding track segment (F.Cu): [(28100600, 65665164), (28100600, 65665164)]
14:35:36: [INFO] Routing pad 'SW13:1' at (28100600, 65665164) with pad 'SW1:1' at (31408598, 46904576) using coordinate system rotated by 10.0 degree(s)
14:35:36: [INFO] Adding track segment (F.Cu): [(28100600, 65665164), (31408597, 46904575)]
14:35:36: [INFO] Adding track segment (F.Cu): [(31408597, 46904575), (31408598, 46904576)]
14:35:36: [INFO] Routing COL3 pads
14:35:36: [INFO] Routing pad 'SW53:1' at (76443169, 120614568) with pad 'SW40:1' at (79751167, 101853980) using coordinate system rotated by 10.0 degree(s)
14:35:36: [INFO] Adding track segment (F.Cu): [(76443169, 120614568), (79751166, 101853979)]
14:35:36: [INFO] Adding track segment (F.Cu): [(79751166, 101853979), (79751167, 101853980)]
14:35:36: [INFO] Routing pad 'SW40:1' at (79751167, 101853980) with pad 'SW28:1' at (83059164, 83093392) using coordinate system rotated by 10.0 degree(s)
14:35:36: [INFO] Adding track segment (F.Cu): [(79751167, 101853980), (83059164, 83093392)]
14:35:36: [INFO] Adding track segment (F.Cu): [(83059164, 83093392), (83059164, 83093392)]
14:35:36: [INFO] Routing pad 'SW28:1' at (83059164, 83093392) with pad 'SW16:1' at (86367162, 64332805) using coordinate system rotated by 10.0 degree(s)
14:35:36: [INFO] Adding track segment (F.Cu): [(83059164, 83093392), (86367160, 64332804)]
14:35:36: [INFO] Adding track segment (F.Cu): [(86367160, 64332804), (86367162, 64332805)]
14:35:36: [INFO] Routing pad 'SW16:1' at (86367162, 64332805) with pad 'SW4:1' at (89675160, 45572217) using coordinate system rotated by 10.0 degree(s)
14:35:36: [INFO] Adding track segment (F.Cu): [(86367162, 64332805), (89675159, 45572216)]
14:35:36: [INFO] Adding track segment (F.Cu): [(89675159, 45572216), (89675160, 45572217)]
14:35:36: [INFO] Routing ROW2 pads
14:35:36: [INFO] Routing pad 'D25:1' at (32168777, 93788857) with pad 'D26:1' at (50929364, 97096854) using coordinate system rotated by 280.0 degree(s)
14:35:36: [INFO] Adding track segment (B.Cu): [(32168777, 93788857), (50929362, 97096854)]
14:35:36: [INFO] Adding track segment (B.Cu): [(50929362, 97096854), (50929364, 97096854)]
14:35:36: [INFO] Routing pad 'D26:1' at (50929364, 97096854) with pad 'D27:1' at (70516951, 95714705) using coordinate system rotated by 280.0 degree(s)
14:35:36: [INFO] Adding track segment (B.Cu): [(50929364, 97096854), (64999804, 99577851)]
14:35:36: [INFO] Adding track segment (B.Cu): [(64999804, 99577851), (70516951, 95714705)]
14:35:36: [INFO] Routing pad 'D27:1' at (70516951, 95714705) with pad 'D28:1' at (90435338, 92456497) using coordinate system rotated by 280.0 degree(s)
14:35:36: [INFO] Adding track segment (B.Cu): [(70516951, 95714705), (82711332, 97864903)]
14:35:36: [INFO] Adding track segment (B.Cu): [(82711332, 97864903), (90435338, 92456497)]
14:35:36: [INFO] Routing pad 'D28:1' at (90435338, 92456497) with pad 'D29:1' at (108038127, 102330701) using coordinate system rotated by 280.0 degree(s)
14:35:36: [INFO] Adding track segment (B.Cu): [(90435338, 92456497), (95843744, 100180501)]
14:35:36: [INFO] Adding track segment (B.Cu): [(95843744, 100180501), (108038127, 102330701)]
14:35:36: [INFO] Routing pad 'D29:1' at (108038127, 102330701) with pad 'D30:1' at (125640915, 112204904) using coordinate system rotated by 280.0 degree(s)
14:35:36: [INFO] Adding track segment (B.Cu): [(108038127, 102330701), (113446532, 110054704)]
14:35:36: [INFO] Adding track segment (B.Cu): [(113446532, 110054704), (125640915, 112204904)]
14:35:36: [WARNING] Could not route pads when parent footprints not rotated the same, footprint1: D30 at 80.0 degree(s) and footprint2: D31 at 100.0 degree(s)
14:35:36: [INFO] Routing pad 'D31:1' at (187428257, 109642653) with pad 'D32:1' at (205031045, 99768449) using coordinate system rotated by 260.0 degree(s)
14:35:36: [INFO] Adding track segment (B.Cu): [(187428257, 109642653), (199622637, 107492454)]
14:35:36: [INFO] Adding track segment (B.Cu): [(199622637, 107492454), (205031045, 99768449)]
14:35:36: [INFO] Routing pad 'D32:1' at (205031045, 99768449) with pad 'D33:1' at (222633834, 89894246) using coordinate system rotated by 260.0 degree(s)
14:35:36: [INFO] Adding track segment (B.Cu): [(205031045, 99768449), (217225426, 97618250)]
14:35:36: [INFO] Adding track segment (B.Cu): [(217225426, 97618250), (222633834, 89894246)]
14:35:36: [INFO] Routing pad 'D33:1' at (222633834, 89894246) with pad 'D34:1' at (242552221, 93152453) using coordinate system rotated by 260.0 degree(s)
14:35:36: [INFO] Adding track segment (B.Cu): [(222633834, 89894246), (230357837, 95302651)]
14:35:36: [INFO] Adding track segment (B.Cu): [(230357837, 95302651), (242552221, 93152453)]
14:35:36: [INFO] Routing pad 'D34:1' at (242552221, 93152453) with pad 'D35:1' at (262139808, 94534603) using coordinate system rotated by 260.0 degree(s)
14:35:36: [INFO] Adding track segment (B.Cu): [(242552221, 93152453), (248069367, 97015600)]
14:35:36: [INFO] Adding track segment (B.Cu): [(248069367, 97015600), (262139808, 94534603)]
14:35:36: [INFO] Routing pad 'D35:1' at (262139808, 94534603) with pad 'D36:1' at (280900396, 91226605) using coordinate system rotated by 260.0 degree(s)
14:35:36: [INFO] Adding track segment (B.Cu): [(262139808, 94534603), (280900395, 91226604)]
14:35:36: [INFO] Adding track segment (B.Cu): [(280900395, 91226604), (280900396, 91226605)]
14:35:36: [INFO] Routing COL12 pads
14:35:36: [INFO] Routing pad 'SW12:1' at (264150693, 47429788) with pad 'SW24:1' at (267458691, 66190376) using coordinate system rotated by 350.0 degree(s)
14:35:36: [INFO] Adding track segment (F.Cu): [(264150693, 47429788), (267458690, 66190375)]
14:35:36: [INFO] Adding track segment (F.Cu): [(267458690, 66190375), (267458691, 66190376)]
14:35:36: [INFO] Routing pad 'SW24:1' at (267458691, 66190376) with pad 'SW36:1' at (270766689, 84950964) using coordinate system rotated by 350.0 degree(s)
14:35:36: [INFO] Adding track segment (F.Cu): [(267458691, 66190376), (270766688, 84950963)]
14:35:36: [INFO] Adding track segment (F.Cu): [(270766688, 84950963), (270766689, 84950964)]
14:35:36: [INFO] Routing pad 'SW36:1' at (270766689, 84950964) with pad 'SW49:1' at (274074686, 103711552) using coordinate system rotated by 350.0 degree(s)
14:35:36: [INFO] Adding track segment (F.Cu): [(270766689, 84950964), (274074686, 103711550)]
14:35:36: [INFO] Adding track segment (F.Cu): [(274074686, 103711550), (274074686, 103711552)]
14:35:36: [INFO] Routing pad 'SW49:1' at (274074686, 103711552) with pad 'SW62:1' at (277382684, 122472139) using coordinate system rotated by 350.0 degree(s)
14:35:36: [INFO] Adding track segment (F.Cu): [(274074686, 103711552), (277382682, 122472137)]
14:35:36: [INFO] Adding track segment (F.Cu): [(277382682, 122472137), (277382684, 122472139)]
14:35:36: [INFO] Routing COL2 pads
14:35:36: [INFO] Routing pad 'SW52:1' at (56524782, 123872776) with pad 'SW39:1' at (59832780, 105112188) using coordinate system rotated by 10.0 degree(s)
14:35:36: [INFO] Adding track segment (F.Cu): [(56524782, 123872776), (59832779, 105112187)]
14:35:36: [INFO] Adding track segment (F.Cu): [(59832779, 105112187), (59832780, 105112188)]
14:35:36: [INFO] Routing pad 'SW39:1' at (59832780, 105112188) with pad 'SW27:1' at (63140777, 86351600) using coordinate system rotated by 10.0 degree(s)
14:35:36: [INFO] Adding track segment (F.Cu): [(59832780, 105112188), (63140777, 86351600)]
14:35:36: [INFO] Adding track segment (F.Cu): [(63140777, 86351600), (63140777, 86351600)]
14:35:36: [INFO] Routing pad 'SW27:1' at (63140777, 86351600) with pad 'SW15:1' at (66448775, 67591012) using coordinate system rotated by 10.0 degree(s)
14:35:36: [INFO] Adding track segment (F.Cu): [(63140777, 86351600), (66448774, 67591010)]
14:35:36: [INFO] Adding track segment (F.Cu): [(66448774, 67591010), (66448775, 67591012)]
14:35:36: [INFO] Routing pad 'SW15:1' at (66448775, 67591012) with pad 'SW3:1' at (69756773, 48830425) using coordinate system rotated by 10.0 degree(s)
14:35:36: [INFO] Adding track segment (F.Cu): [(66448775, 67591012), (69756771, 48830425)]
14:35:36: [INFO] Adding track segment (F.Cu): [(69756771, 48830425), (69756773, 48830425)]
14:35:36: [INFO] Routing COL6 pads
14:35:36: [WARNING] Could not route pads when parent footprints not rotated the same, footprint1: SW43 at -10.0 degree(s) and footprint2: SW56 at 10.0 degree(s)
14:35:36: [INFO] Routing ROW0 pads
14:35:36: [INFO] Routing pad 'D1:1' at (38784772, 56267681) with pad 'D2:1' at (57545360, 59575679) using coordinate system rotated by 280.0 degree(s)
14:35:36: [INFO] Adding track segment (B.Cu): [(38784772, 56267681), (57545359, 59575678)]
14:35:36: [INFO] Adding track segment (B.Cu): [(57545359, 59575678), (57545360, 59575679)]
14:35:36: [INFO] Routing pad 'D2:1' at (57545360, 59575679) with pad 'D3:1' at (77132947, 58193530) using coordinate system rotated by 280.0 degree(s)
14:35:36: [INFO] Adding track segment (B.Cu): [(57545360, 59575679), (71615800, 62056676)]
14:35:36: [INFO] Adding track segment (B.Cu): [(71615800, 62056676), (77132947, 58193530)]
14:35:36: [INFO] Routing pad 'D3:1' at (77132947, 58193530) with pad 'D4:1' at (97051334, 54935322) using coordinate system rotated by 280.0 degree(s)
14:35:36: [INFO] Adding track segment (B.Cu): [(77132947, 58193530), (89327328, 60343727)]
14:35:36: [INFO] Adding track segment (B.Cu): [(89327328, 60343727), (97051334, 54935322)]
14:35:36: [INFO] Routing pad 'D4:1' at (97051334, 54935322) with pad 'D5:1' at (114654122, 64809525) using coordinate system rotated by 280.0 degree(s)
14:35:36: [INFO] Adding track segment (B.Cu): [(97051334, 54935322), (102459739, 62659326)]
14:35:36: [INFO] Adding track segment (B.Cu): [(102459739, 62659326), (114654122, 64809525)]
14:35:36: [INFO] Routing pad 'D5:1' at (114654122, 64809525) with pad 'D6:1' at (132256911, 74683729) using coordinate system rotated by 280.0 degree(s)
14:35:36: [INFO] Adding track segment (B.Cu): [(114654122, 64809525), (120062528, 72533529)]
14:35:36: [INFO] Adding track segment (B.Cu): [(120062528, 72533529), (132256911, 74683729)]
14:35:36: [WARNING] Could not route pads when parent footprints not rotated the same, footprint1: D6 at 80.0 degree(s) and footprint2: D7 at 100.0 degree(s)
14:35:36: [INFO] Routing pad 'D7:1' at (180812261, 72121477) with pad 'D8:1' at (198415050, 62247274) using coordinate system rotated by 260.0 degree(s)
14:35:36: [INFO] Adding track segment (B.Cu): [(180812261, 72121477), (193006642, 69971278)]
14:35:36: [INFO] Adding track segment (B.Cu): [(193006642, 69971278), (198415050, 62247274)]
14:35:36: [INFO] Routing pad 'D8:1' at (198415050, 62247274) with pad 'D9:1' at (216017838, 52373070) using coordinate system rotated by 260.0 degree(s)
14:35:36: [INFO] Adding track segment (B.Cu): [(198415050, 62247274), (210609431, 60097074)]
14:35:36: [INFO] Adding track segment (B.Cu): [(210609431, 60097074), (216017838, 52373070)]
14:35:36: [INFO] Routing pad 'D9:1' at (216017838, 52373070) with pad 'D10:1' at (235936225, 55631278) using coordinate system rotated by 260.0 degree(s)
14:35:36: [INFO] Adding track segment (B.Cu): [(216017838, 52373070), (223741842, 57781476)]
14:35:36: [INFO] Adding track segment (B.Cu): [(223741842, 57781476), (235936225, 55631278)]
14:35:36: [INFO] Routing pad 'D10:1' at (235936225, 55631278) with pad 'D11:1' at (255523812, 57013427) using coordinate system rotated by 260.0 degree(s)
14:35:36: [INFO] Adding track segment (B.Cu): [(235936225, 55631278), (241453370, 59494425)]
14:35:36: [INFO] Adding track segment (B.Cu): [(241453370, 59494425), (255523812, 57013427)]
14:35:36: [INFO] Routing pad 'D11:1' at (255523812, 57013427) with pad 'D12:1' at (274284400, 53705429) using coordinate system rotated by 260.0 degree(s)
14:35:36: [INFO] Adding track segment (B.Cu): [(255523812, 57013427), (274284399, 53705429)]
14:35:36: [INFO] Adding track segment (B.Cu): [(274284399, 53705429), (274284400, 53705429)]
14:35:36: [INFO] Routing COL10 pads
14:35:36: [INFO] Routing pad 'SW10:1' at (225802518, 49355637) with pad 'SW22:1' at (229110516, 68116225) using coordinate system rotated by 350.0 degree(s)
14:35:36: [INFO] Adding track segment (F.Cu): [(225802518, 49355637), (229110514, 68116224)]
14:35:36: [INFO] Adding track segment (F.Cu): [(229110514, 68116224), (229110516, 68116225)]
14:35:36: [INFO] Routing pad 'SW22:1' at (229110516, 68116225) with pad 'SW34:1' at (232418514, 86876812) using coordinate system rotated by 350.0 degree(s)
14:35:37: [INFO] Adding track segment (F.Cu): [(229110516, 68116225), (232418513, 86876811)]
14:35:37: [INFO] Adding track segment (F.Cu): [(232418513, 86876811), (232418514, 86876812)]
14:35:37: [INFO] Routing pad 'SW34:1' at (232418514, 86876812) with pad 'SW47:1' at (235726512, 105637400) using coordinate system rotated by 350.0 degree(s)
14:35:37: [INFO] Adding track segment (F.Cu): [(232418514, 86876812), (235726511, 105637399)]
14:35:37: [INFO] Adding track segment (F.Cu): [(235726511, 105637399), (235726512, 105637400)]
14:35:37: [INFO] Routing pad 'SW47:1' at (235726512, 105637400) with pad 'SW60:1' at (239034509, 124397988) using coordinate system rotated by 350.0 degree(s)
14:35:37: [INFO] Adding track segment (F.Cu): [(235726512, 105637400), (239034508, 124397986)]
14:35:37: [INFO] Adding track segment (F.Cu): [(239034508, 124397986), (239034509, 124397988)]
14:35:37: [INFO] Routing COL8 pads
14:35:37: [INFO] Routing pad 'SW8:1' at (188281343, 55971633) with pad 'SW20:1' at (191589341, 74732220) using coordinate system rotated by 350.0 degree(s)
14:35:37: [INFO] Adding track segment (F.Cu): [(188281343, 55971633), (191589340, 74732219)]
14:35:37: [INFO] Adding track segment (F.Cu): [(191589340, 74732219), (191589341, 74732220)]
14:35:37: [INFO] Routing pad 'SW20:1' at (191589341, 74732220) with pad 'SW32:1' at (194897338, 93492808) using coordinate system rotated by 350.0 degree(s)
14:35:37: [INFO] Adding track segment (F.Cu): [(191589341, 74732220), (194897337, 93492806)]
14:35:37: [INFO] Adding track segment (F.Cu): [(194897337, 93492806), (194897338, 93492808)]
14:35:37: [INFO] Routing pad 'SW32:1' at (194897338, 93492808) with pad 'SW45:1' at (198205336, 112253396) using coordinate system rotated by 350.0 degree(s)
14:35:37: [INFO] Adding track segment (F.Cu): [(194897338, 93492808), (198205335, 112253396)]
14:35:37: [INFO] Adding track segment (F.Cu): [(198205335, 112253396), (198205336, 112253396)]
14:35:37: [INFO] Routing pad 'SW45:1' at (198205336, 112253396) with pad 'SW58:1' at (201513334, 131013983) using coordinate system rotated by 350.0 degree(s)
14:35:37: [INFO] Adding track segment (F.Cu): [(198205336, 112253396), (201513332, 131013981)]
14:35:37: [INFO] Adding track segment (F.Cu): [(201513332, 131013981), (201513334, 131013983)]
14:35:37: [INFO] Routing COL7 pads
14:35:37: [INFO] Routing pad 'SW7:1' at (170678554, 65845836) with pad 'SW19:1' at (173986552, 84606424) using coordinate system rotated by 350.0 degree(s)
14:35:37: [INFO] Adding track segment (F.Cu): [(170678554, 65845836), (173986551, 84606424)]
14:35:37: [INFO] Adding track segment (F.Cu): [(173986551, 84606424), (173986552, 84606424)]
14:35:37: [INFO] Routing pad 'SW19:1' at (173986552, 84606424) with pad 'SW31:1' at (177294550, 103367012) using coordinate system rotated by 350.0 degree(s)
14:35:37: [INFO] Adding track segment (F.Cu): [(173986552, 84606424), (177294548, 103367010)]
14:35:37: [INFO] Adding track segment (F.Cu): [(177294548, 103367010), (177294550, 103367012)]
14:35:37: [INFO] Routing pad 'SW31:1' at (177294550, 103367012) with pad 'SW44:1' at (180602548, 122127599) using coordinate system rotated by 350.0 degree(s)
14:35:37: [INFO] Adding track segment (F.Cu): [(177294550, 103367012), (180602547, 122127598)]
14:35:37: [INFO] Adding track segment (F.Cu): [(180602547, 122127598), (180602548, 122127599)]
14:35:37: [INFO] Routing pad 'SW44:1' at (180602548, 122127599) with pad 'SW57:1' at (183910545, 140888187) using coordinate system rotated by 350.0 degree(s)
14:35:37: [INFO] Adding track segment (F.Cu): [(180602548, 122127599), (183910545, 140888185)]
14:35:37: [INFO] Adding track segment (F.Cu): [(183910545, 140888185), (183910545, 140888187)]
14:35:37: [INFO] Routing ROW4 pads
14:35:37: [INFO] Routing pad 'D50:1' at (25552781, 131310032) with pad 'D51:1' at (44313369, 134618030) using coordinate system rotated by 280.0 degree(s)
14:35:37: [INFO] Adding track segment (B.Cu): [(25552781, 131310032), (44313368, 134618028)]
14:35:37: [INFO] Adding track segment (B.Cu): [(44313368, 134618028), (44313369, 134618030)]
14:35:37: [INFO] Routing pad 'D51:1' at (44313369, 134618030) with pad 'D52:1' at (63900956, 133235881) using coordinate system rotated by 280.0 degree(s)
14:35:37: [INFO] Adding track segment (B.Cu): [(44313369, 134618030), (58383809, 137099027)]
14:35:37: [INFO] Adding track segment (B.Cu): [(58383809, 137099027), (63900956, 133235881)]
14:35:37: [INFO] Routing pad 'D52:1' at (63900956, 133235881) with pad 'D53:1' at (83819343, 129977673) using coordinate system rotated by 280.0 degree(s)
14:35:37: [INFO] Adding track segment (B.Cu): [(63900956, 133235881), (76095336, 135386079)]
14:35:37: [INFO] Adding track segment (B.Cu): [(76095336, 135386079), (83819343, 129977673)]
14:35:37: [INFO] Routing pad 'D53:1' at (83819343, 129977673) with pad 'D54:1' at (101422131, 139851876) using coordinate system rotated by 280.0 degree(s)
14:35:37: [INFO] Adding track segment (B.Cu): [(83819343, 129977673), (89227748, 137701676)]
14:35:37: [INFO] Adding track segment (B.Cu): [(89227748, 137701676), (101422131, 139851876)]
14:35:37: [INFO] Routing pad 'D54:1' at (101422131, 139851876) with pad 'D55:1' at (119024920, 149726080) using coordinate system rotated by 280.0 degree(s)
14:35:37: [INFO] Adding track segment (B.Cu): [(101422131, 139851876), (106830537, 147575880)]
14:35:37: [INFO] Adding track segment (B.Cu): [(106830537, 147575880), (119024920, 149726080)]
14:35:37: [WARNING] Could not route pads when parent footprints not rotated the same, footprint1: D55 at 80.0 degree(s) and footprint2: D56 at 100.0 degree(s)
14:35:37: [INFO] Routing pad 'D56:1' at (173298866, 139215473) with pad 'D57:1' at (194044252, 147163828) using coordinate system rotated by 260.0 degree(s)
14:35:37: [INFO] Adding track segment (B.Cu): [(173298866, 139215473), (186540016, 148487026)]
14:35:37: [INFO] Adding track segment (B.Cu): [(186540016, 148487026), (194044252, 147163828)]
14:35:37: [INFO] Routing pad 'D57:1' at (194044252, 147163828) with pad 'D58:1' at (211647041, 137289624) using coordinate system rotated by 260.0 degree(s)
14:35:37: [INFO] Adding track segment (B.Cu): [(194044252, 147163828), (206238633, 145013628)]
14:35:37: [INFO] Adding track segment (B.Cu): [(206238633, 145013628), (211647041, 137289624)]
14:35:37: [INFO] Routing pad 'D58:1' at (211647041, 137289624) with pad 'D59:1' at (229249829, 127415421) using coordinate system rotated by 260.0 degree(s)
14:35:37: [INFO] Adding track segment (B.Cu): [(211647041, 137289624), (223841422, 135139425)]
14:35:37: [INFO] Adding track segment (B.Cu): [(223841422, 135139425), (229249829, 127415421)]
14:35:37: [INFO] Routing pad 'D59:1' at (229249829, 127415421) with pad 'D60:1' at (249168216, 130673629) using coordinate system rotated by 260.0 degree(s)
14:35:37: [INFO] Adding track segment (B.Cu): [(229249829, 127415421), (236973833, 132823827)]
14:35:37: [INFO] Adding track segment (B.Cu): [(236973833, 132823827), (249168216, 130673629)]
14:35:37: [INFO] Routing pad 'D60:1' at (249168216, 130673629) with pad 'D61:1' at (268755803, 132055778) using coordinate system rotated by 260.0 degree(s)
14:35:37: [INFO] Adding track segment (B.Cu): [(249168216, 130673629), (254685361, 134536775)]
14:35:37: [INFO] Adding track segment (B.Cu): [(254685361, 134536775), (268755803, 132055778)]
14:35:37: [INFO] Routing pad 'D61:1' at (268755803, 132055778) with pad 'D62:1' at (287516391, 128747780) using coordinate system rotated by 260.0 degree(s)
14:35:37: [INFO] Adding track segment (B.Cu): [(268755803, 132055778), (287516390, 128747779)]
14:35:37: [INFO] Adding track segment (B.Cu): [(287516390, 128747779), (287516391, 128747780)]
14:35:37: [INFO] Routing COL9 pads
14:35:37: [INFO] Routing pad 'SW9:1' at (205884131, 46097429) with pad 'SW21:1' at (209192129, 64858017) using coordinate system rotated by 350.0 degree(s)
14:35:37: [INFO] Adding track segment (F.Cu): [(205884131, 46097429), (209192127, 64858015)]
14:35:37: [INFO] Adding track segment (F.Cu): [(209192127, 64858015), (209192129, 64858017)]
14:35:37: [INFO] Routing pad 'SW21:1' at (209192129, 64858017) with pad 'SW33:1' at (212500127, 83618605) using coordinate system rotated by 350.0 degree(s)
14:35:37: [INFO] Adding track segment (F.Cu): [(209192129, 64858017), (212500126, 83618604)]
14:35:37: [INFO] Adding track segment (F.Cu): [(212500126, 83618604), (212500127, 83618605)]
14:35:37: [INFO] Routing pad 'SW33:1' at (212500127, 83618605) with pad 'SW46:1' at (215808125, 102379192) using coordinate system rotated by 350.0 degree(s)
14:35:37: [INFO] Adding track segment (F.Cu): [(212500127, 83618605), (215808124, 102379191)]
14:35:37: [INFO] Adding track segment (F.Cu): [(215808124, 102379191), (215808125, 102379192)]
14:35:37: [INFO] Routing pad 'SW46:1' at (215808125, 102379192) with pad 'SW59:1' at (219116122, 121139780) using coordinate system rotated by 350.0 degree(s)
14:35:37: [INFO] Adding track segment (F.Cu): [(215808125, 102379192), (219116121, 121139778)]
14:35:37: [INFO] Adding track segment (F.Cu): [(219116121, 121139778), (219116122, 121139780)]
14:35:37: [INFO] Routing COL4 pads
14:35:37: [INFO] Routing pad 'SW54:1' at (94045957, 130488771) with pad 'SW41:1' at (97353955, 111728183) using coordinate system rotated by 10.0 degree(s)
14:35:37: [INFO] Adding track segment (F.Cu): [(94045957, 130488771), (97353953, 111728182)]
14:35:37: [INFO] Adding track segment (F.Cu): [(97353953, 111728182), (97353955, 111728183)]
14:35:37: [INFO] Routing pad 'SW41:1' at (97353955, 111728183) with pad 'SW29:1' at (100661953, 92967596) using coordinate system rotated by 10.0 degree(s)
14:35:37: [INFO] Adding track segment (F.Cu): [(97353955, 111728183), (100661952, 92967595)]
14:35:37: [INFO] Adding track segment (F.Cu): [(100661952, 92967595), (100661953, 92967596)]
14:35:37: [INFO] Routing pad 'SW29:1' at (100661953, 92967596) with pad 'SW17:1' at (103969951, 74207008) using coordinate system rotated by 10.0 degree(s)
14:35:37: [INFO] Adding track segment (F.Cu): [(100661953, 92967596), (103969950, 74207007)]
14:35:37: [INFO] Adding track segment (F.Cu): [(103969950, 74207007), (103969951, 74207008)]
14:35:37: [INFO] Routing pad 'SW17:1' at (103969951, 74207008) with pad 'SW5:1' at (107277948, 55446420) using coordinate system rotated by 10.0 degree(s)
14:35:37: [INFO] Adding track segment (F.Cu): [(103969951, 74207008), (107277948, 55446420)]
14:35:37: [INFO] Adding track segment (F.Cu): [(107277948, 55446420), (107277948, 55446420)]
14:35:37: [INFO] Routing COL5 pads
14:35:37: [INFO] Routing pad 'SW55:1' at (111648746, 140362975) with pad 'SW42:1' at (114956743, 121602387) using coordinate system rotated by 10.0 degree(s)
14:35:37: [INFO] Adding track segment (F.Cu): [(111648746, 140362975), (114956743, 121602387)]
14:35:37: [INFO] Adding track segment (F.Cu): [(114956743, 121602387), (114956743, 121602387)]
14:35:37: [INFO] Routing pad 'SW42:1' at (114956743, 121602387) with pad 'SW30:1' at (118264741, 102841799) using coordinate system rotated by 10.0 degree(s)
14:35:37: [INFO] Adding track segment (F.Cu): [(114956743, 121602387), (118264740, 102841798)]
14:35:37: [INFO] Adding track segment (F.Cu): [(118264740, 102841798), (118264741, 102841799)]
14:35:37: [INFO] Routing pad 'SW30:1' at (118264741, 102841799) with pad 'SW18:1' at (121572739, 84081212) using coordinate system rotated by 10.0 degree(s)
14:35:37: [INFO] Adding track segment (F.Cu): [(118264741, 102841799), (121572737, 84081211)]
14:35:37: [INFO] Adding track segment (F.Cu): [(121572737, 84081211), (121572739, 84081212)]
14:35:37: [INFO] Routing pad 'SW18:1' at (121572739, 84081212) with pad 'SW6:1' at (124880737, 65320624) using coordinate system rotated by 10.0 degree(s)
14:35:37: [INFO] Adding track segment (F.Cu): [(121572739, 84081212), (124880736, 65320623)]
14:35:37: [INFO] Adding track segment (F.Cu): [(124880736, 65320623), (124880737, 65320624)]
14:35:37: [INFO] Routing COL11 pads
14:35:37: [INFO] Routing pad 'SW11:1' at (245390105, 50737786) with pad 'SW23:1' at (248698103, 69498374) using coordinate system rotated by 350.0 degree(s)
14:35:37: [INFO] Adding track segment (F.Cu): [(245390105, 50737786), (248698101, 69498373)]
14:35:37: [INFO] Adding track segment (F.Cu): [(248698101, 69498373), (248698103, 69498374)]
14:35:37: [INFO] Routing pad 'SW23:1' at (248698103, 69498374) with pad 'SW35:1' at (252006101, 88258962) using coordinate system rotated by 350.0 degree(s)
14:35:37: [INFO] Adding track segment (F.Cu): [(248698103, 69498374), (252006099, 88258960)]
14:35:37: [INFO] Adding track segment (F.Cu): [(252006099, 88258960), (252006101, 88258962)]
14:35:37: [INFO] Routing pad 'SW35:1' at (252006101, 88258962) with pad 'SW48:1' at (255314099, 107019549) using coordinate system rotated by 350.0 degree(s)
14:35:37: [INFO] Adding track segment (F.Cu): [(252006101, 88258962), (255314098, 107019548)]
14:35:37: [INFO] Adding track segment (F.Cu): [(255314098, 107019548), (255314099, 107019549)]
14:35:37: [INFO] Routing pad 'SW48:1' at (255314099, 107019549) with pad 'SW61:1' at (258622096, 125780137) using coordinate system rotated by 350.0 degree(s)
14:35:37: [INFO] Adding track segment (F.Cu): [(255314099, 107019549), (258622096, 125780135)]
14:35:37: [INFO] Adding track segment (F.Cu): [(258622096, 125780135), (258622096, 125780137)]
14:35:37: [INFO] Routing COL1 pads
14:35:37: [INFO] Routing pad 'SW51:1' at (36937195, 125254925) with pad 'SW38:1' at (40245192, 106494337) using coordinate system rotated by 10.0 degree(s)
14:35:37: [INFO] Adding track segment (F.Cu): [(36937195, 125254925), (40245192, 106494337)]
14:35:37: [INFO] Adding track segment (F.Cu): [(40245192, 106494337), (40245192, 106494337)]
14:35:37: [INFO] Routing pad 'SW38:1' at (40245192, 106494337) with pad 'SW26:1' at (43553190, 87733749) using coordinate system rotated by 10.0 degree(s)
14:35:37: [INFO] Adding track segment (F.Cu): [(40245192, 106494337), (43553189, 87733748)]
14:35:37: [INFO] Adding track segment (F.Cu): [(43553189, 87733748), (43553190, 87733749)]
14:35:37: [INFO] Routing pad 'SW26:1' at (43553190, 87733749) with pad 'SW14:1' at (46861188, 68973162) using coordinate system rotated by 10.0 degree(s)
14:35:37: [INFO] Adding track segment (F.Cu): [(43553190, 87733749), (46861186, 68973162)]
14:35:37: [INFO] Adding track segment (F.Cu): [(46861186, 68973162), (46861188, 68973162)]
14:35:37: [INFO] Routing pad 'SW14:1' at (46861188, 68973162) with pad 'SW2:1' at (50169186, 50212574) using coordinate system rotated by 10.0 degree(s)
14:35:37: [INFO] Adding track segment (F.Cu): [(46861188, 68973162), (50169185, 50212573)]
14:35:37: [INFO] Adding track segment (F.Cu): [(50169185, 50212573), (50169186, 50212574)]
14:35:37: [INFO] Removing dangling tracks
14:35:37: [INFO] Removing 842b249e-6a7a-4db2-954b-4b26ee88fd5a
14:35:37: [INFO] Removing ae9f61a9-a4a2-4db3-b437-ecda0dd21e77
14:35:37: [INFO] Removing fba0bd90-cef1-42a1-8856-d03bcae1e85c
14:35:37: [INFO] Removing f3bf4bbc-8646-410c-b20b-e90e51281138
14:35:37: [INFO] Removing 7f958018-8240-4069-94e6-4e2bc1b29920
14:35:37: [INFO] Removing 4a85adc0-1b5f-4b10-a738-92d697cc6adb
