=== kbplacer.kle_serial ===
=== layout2image.py ===
=== kbplacer ===
13:39:05: [INFO] User layout: https://editor.keyboard-tools.xyz/#share=NrDeCIA9wLgAgIwFYB0SA0dwGcC2ssAnAewBcB9AUwGMEFwBfTcABnWQB0A7b3n-vt0otwAXXQAoMOACeBALQsUAdgxZqBcAGJluveGZ5NjZmxGYIG+Nuq27JrG3qn0AJgOP0AZg+t0AFl82JCD0ADZQ5VCADlCATlCEc086RPcLcCssLQBDPPzfAHcCVyYU-0EuMw8IaHhXZiybO1sHPwQvSqdEioEq9jFJaSbc-LyiggQ0MvAEdGTLTS0W1pm55yw59M3vXznA5jmQw-C99CiT2JOEk6Sz1NvtiGL4KaQ19k6+uYWoAiV3rdjnBapMUK41Jklnp9MwXohwZCABYlOHuV5oZhI9GIZiQHGKREzBodSrrQZSRbWUZjCYY1TE+Y1KHUlYaRkbcANbZc3bMBoHLANYG8iL886+BpXIXoG4yu7ih4glnZGG6OlwVxExVfPg-Zl1OAAxpLNltEnA0HwJQQjmuMkDcSUlXaMbjOElbVYLzzSoNX4jM0zH08n0+Zg+wXgH0in1i70SiPoaXR2W+H0KhNKqnZN05DVTBlJhBPP4YyGBlZtDMhJ3SQ0IfyI5hyeCE1Qm6lqqLB9iBOsQVtwQkQzu5t0Fr3gfxMjLwqa25gzjbPMGLrAz0uVloasJTmfxnOuice8szZe-efTJfsegDsuILzNrBD9sV6FqtrL8Mbvu+Ze1kMg7-Ji6hLHmk7rqmLB+gMGTbvYvYILBd6iEAA
13:39:05: [INFO] Labels prefixes: for rows: 'ROW', for columns: 'COL'
13:39:05: [INFO] Matrix size: 4x15
13:39:06: [WARNING] No stabilizer footprint for width 2.25u, using 2u as fallback
13:39:06: [WARNING] No stabilizer footprint for width 2.25u, using 2u as fallback
13:39:06: [INFO] Add COL0 net
13:39:06: [INFO] Add COL1 net
13:39:06: [INFO] Add COL10 net
13:39:06: [INFO] Add COL11 net
13:39:06: [INFO] Add COL12 net
13:39:06: [INFO] Add COL13 net
13:39:06: [INFO] Add COL14 net
13:39:06: [INFO] Add COL15 net
13:39:06: [INFO] Add COL2 net
13:39:06: [INFO] Add COL3 net
13:39:06: [INFO] Add COL4 net
13:39:06: [INFO] Add COL5 net
13:39:06: [INFO] Add COL6 net
13:39:06: [INFO] Add COL7 net
13:39:06: [INFO] Add COL8 net
13:39:06: [INFO] Add COL9 net
13:39:06: [INFO] Add Net-(D1-A) net
13:39:06: [INFO] Add Net-(D10-A) net
13:39:06: [INFO] Add Net-(D11-A) net
13:39:06: [INFO] Add Net-(D12-A) net
13:39:06: [INFO] Add Net-(D13-A) net
13:39:06: [INFO] Add Net-(D14-A) net
13:39:06: [INFO] Add Net-(D15-A) net
13:39:06: [INFO] Add Net-(D16-A) net
13:39:06: [INFO] Add Net-(D17-A) net
13:39:06: [INFO] Add Net-(D18-A) net
13:39:06: [INFO] Add Net-(D19-A) net
13:39:06: [INFO] Add Net-(D2-A) net
13:39:06: [INFO] Add Net-(D20-A) net
13:39:06: [INFO] Add Net-(D21-A) net
13:39:06: [INFO] Add Net-(D22-A) net
13:39:06: [INFO] Add Net-(D23-A) net
13:39:06: [INFO] Add Net-(D24-A) net
13:39:06: [INFO] Add Net-(D25-A) net
13:39:06: [INFO] Add Net-(D26-A) net
13:39:06: [INFO] Add Net-(D27-A) net
13:39:06: [INFO] Add Net-(D28-A) net
13:39:06: [INFO] Add Net-(D29-A) net
13:39:06: [INFO] Add Net-(D3-A) net
13:39:06: [INFO] Add Net-(D30-A) net
13:39:06: [INFO] Add Net-(D31-A) net
13:39:06: [INFO] Add Net-(D32-A) net
13:39:06: [INFO] Add Net-(D33-A) net
13:39:06: [INFO] Add Net-(D34-A) net
13:39:06: [INFO] Add Net-(D35-A) net
13:39:06: [INFO] Add Net-(D36-A) net
13:39:06: [INFO] Add Net-(D37-A) net
13:39:06: [INFO] Add Net-(D38-A) net
13:39:06: [INFO] Add Net-(D39-A) net
13:39:06: [INFO] Add Net-(D4-A) net
13:39:06: [INFO] Add Net-(D40-A) net
13:39:06: [INFO] Add Net-(D41-A) net
13:39:06: [INFO] Add Net-(D42-A) net
13:39:06: [INFO] Add Net-(D43-A) net
13:39:06: [INFO] Add Net-(D44-A) net
13:39:06: [INFO] Add Net-(D45-A) net
13:39:06: [INFO] Add Net-(D46-A) net
13:39:06: [INFO] Add Net-(D47-A) net
13:39:06: [INFO] Add Net-(D48-A) net
13:39:06: [INFO] Add Net-(D49-A) net
13:39:06: [INFO] Add Net-(D5-A) net
13:39:06: [INFO] Add Net-(D50-A) net
13:39:06: [INFO] Add Net-(D51-A) net
13:39:06: [INFO] Add Net-(D52-A) net
13:39:06: [INFO] Add Net-(D53-A) net
13:39:06: [INFO] Add Net-(D54-A) net
13:39:06: [INFO] Add Net-(D55-A) net
13:39:06: [INFO] Add Net-(D56-A) net
13:39:06: [INFO] Add Net-(D57-A) net
13:39:06: [INFO] Add Net-(D58-A) net
13:39:06: [INFO] Add Net-(D59-A) net
13:39:06: [INFO] Add Net-(D6-A) net
13:39:06: [INFO] Add Net-(D60-A) net
13:39:06: [INFO] Add Net-(D61-A) net
13:39:06: [INFO] Add Net-(D62-A) net
13:39:06: [INFO] Add Net-(D63-A) net
13:39:06: [INFO] Add Net-(D64-A) net
13:39:06: [INFO] Add Net-(D65-A) net
13:39:06: [INFO] Add Net-(D66-A) net
13:39:06: [INFO] Add Net-(D67-A) net
13:39:06: [INFO] Add Net-(D68-A) net
13:39:06: [INFO] Add Net-(D69-A) net
13:39:06: [INFO] Add Net-(D7-A) net
13:39:06: [INFO] Add Net-(D70-A) net
13:39:06: [INFO] Add Net-(D8-A) net
13:39:06: [INFO] Add Net-(D9-A) net
13:39:06: [INFO] Add ROW0 net
13:39:06: [INFO] Add ROW1 net
13:39:06: [INFO] Add ROW2 net
13:39:06: [INFO] Add ROW3 net
13:39:06: [INFO] Add ROW4 net
13:39:06: [INFO] Add SW1 footprint
13:39:06: [INFO] Add D1 footprint
13:39:06: [INFO] Add SW2 footprint
13:39:06: [INFO] Add D2 footprint
13:39:06: [INFO] Add SW3 footprint
13:39:06: [INFO] Add D3 footprint
13:39:06: [INFO] Add SW4 footprint
13:39:06: [INFO] Add D4 footprint
13:39:06: [INFO] Add SW5 footprint
13:39:06: [INFO] Add D5 footprint
13:39:06: [INFO] Add SW6 footprint
13:39:06: [INFO] Add D6 footprint
13:39:06: [INFO] Add SW7 footprint
13:39:06: [INFO] Add D7 footprint
13:39:06: [INFO] Add SW8 footprint
13:39:06: [INFO] Add D8 footprint
13:39:06: [INFO] Add SW9 footprint
13:39:06: [INFO] Add D9 footprint
13:39:06: [INFO] Add SW10 footprint
13:39:06: [INFO] Add D10 footprint
13:39:06: [INFO] Add SW11 footprint
13:39:06: [INFO] Add D11 footprint
13:39:07: [INFO] Add SW12 footprint
13:39:07: [INFO] Add D12 footprint
13:39:07: [INFO] Add SW13 footprint
13:39:07: [INFO] Add D13 footprint
13:39:07: [INFO] Add SW14 footprint
13:39:07: [INFO] Add D14 footprint
13:39:07: [INFO] Add SW15 footprint
13:39:07: [INFO] Add D15 footprint
13:39:07: [INFO] Add ST15 footprint
13:39:07: [INFO] Add SW15a footprint
13:39:07: [INFO] Add SW16 footprint
13:39:07: [INFO] Add D16 footprint
13:39:07: [INFO] Add SW17 footprint
13:39:07: [INFO] Add D17 footprint
13:39:07: [INFO] Add SW18 footprint
13:39:07: [INFO] Add D18 footprint
13:39:07: [INFO] Add SW19 footprint
13:39:07: [INFO] Add D19 footprint
13:39:07: [INFO] Add SW20 footprint
13:39:07: [INFO] Add D20 footprint
13:39:07: [INFO] Add SW21 footprint
13:39:07: [INFO] Add D21 footprint
13:39:07: [INFO] Add SW22 footprint
13:39:07: [INFO] Add D22 footprint
13:39:07: [INFO] Add SW23 footprint
13:39:07: [INFO] Add D23 footprint
13:39:07: [INFO] Add SW24 footprint
13:39:07: [INFO] Add D24 footprint
13:39:07: [INFO] Add SW25 footprint
13:39:07: [INFO] Add D25 footprint
13:39:07: [INFO] Add SW26 footprint
13:39:07: [INFO] Add D26 footprint
13:39:07: [INFO] Add SW27 footprint
13:39:07: [INFO] Add D27 footprint
13:39:07: [INFO] Add SW28 footprint
13:39:07: [INFO] Add D28 footprint
13:39:08: [INFO] Add SW29 footprint
13:39:08: [INFO] Add D29 footprint
13:39:08: [INFO] Add SW30 footprint
13:39:08: [INFO] Add D30 footprint
13:39:08: [INFO] Add SW31 footprint
13:39:08: [INFO] Add D31 footprint
13:39:08: [INFO] Add SW32 footprint
13:39:08: [INFO] Add D32 footprint
13:39:08: [INFO] Add SW33 footprint
13:39:08: [INFO] Add D33 footprint
13:39:08: [INFO] Add SW34 footprint
13:39:08: [INFO] Add D34 footprint
13:39:08: [INFO] Add SW35 footprint
13:39:08: [INFO] Add D35 footprint
13:39:08: [INFO] Add SW36 footprint
13:39:08: [INFO] Add D36 footprint
13:39:08: [INFO] Add SW37 footprint
13:39:08: [INFO] Add D37 footprint
13:39:08: [INFO] Add SW38 footprint
13:39:08: [INFO] Add D38 footprint
13:39:08: [INFO] Add SW39 footprint
13:39:08: [INFO] Add D39 footprint
13:39:08: [INFO] Add SW40 footprint
13:39:08: [INFO] Add D40 footprint
13:39:08: [INFO] Add SW41 footprint
13:39:08: [INFO] Add D41 footprint
13:39:08: [INFO] Add SW42 footprint
13:39:08: [INFO] Add D42 footprint
13:39:08: [INFO] Add SW43 footprint
13:39:08: [INFO] Add D43 footprint
13:39:08: [INFO] Add SW44 footprint
13:39:08: [INFO] Add D44 footprint
13:39:08: [INFO] Add SW45 footprint
13:39:08: [INFO] Add D45 footprint
13:39:08: [WARNING] No stabilizer footprint for width 2.25u, using 2u as fallback
13:39:08: [INFO] Add ST45 footprint
13:39:08: [INFO] Add SW45a footprint
13:39:08: [INFO] Add ST45a footprint
13:39:09: [INFO] Add SW46 footprint
13:39:09: [INFO] Add D46 footprint
13:39:09: [INFO] Add SW47 footprint
13:39:09: [INFO] Add D47 footprint
13:39:09: [WARNING] No stabilizer footprint for width 2.25u, using 2u as fallback
13:39:09: [INFO] Add ST47 footprint
13:39:09: [INFO] Add SW47a footprint
13:39:09: [INFO] Add SW48 footprint
13:39:09: [INFO] Add D48 footprint
13:39:09: [INFO] Add SW49 footprint
13:39:09: [INFO] Add D49 footprint
13:39:09: [INFO] Add SW50 footprint
13:39:09: [INFO] Add D50 footprint
13:39:09: [INFO] Add SW51 footprint
13:39:09: [INFO] Add D51 footprint
13:39:09: [INFO] Add SW52 footprint
13:39:09: [INFO] Add D52 footprint
13:39:09: [INFO] Add SW53 footprint
13:39:09: [INFO] Add D53 footprint
13:39:09: [INFO] Add SW54 footprint
13:39:09: [INFO] Add D54 footprint
13:39:09: [INFO] Add SW55 footprint
13:39:09: [INFO] Add D55 footprint
13:39:09: [INFO] Add SW56 footprint
13:39:09: [INFO] Add D56 footprint
13:39:09: [INFO] Add SW57 footprint
13:39:09: [INFO] Add D57 footprint
13:39:09: [INFO] Add SW58 footprint
13:39:09: [INFO] Add D58 footprint
13:39:09: [INFO] Add SW59 footprint
13:39:09: [INFO] Add D59 footprint
13:39:09: [INFO] Add SW60 footprint
13:39:09: [INFO] Add D60 footprint
13:39:09: [INFO] Add SW61 footprint
13:39:10: [INFO] Add D61 footprint
13:39:10: [INFO] Add SW62 footprint
13:39:10: [INFO] Add D62 footprint
13:39:10: [INFO] Add SW63 footprint
13:39:10: [INFO] Add D63 footprint
13:39:10: [INFO] Add SW64 footprint
13:39:10: [INFO] Add D64 footprint
13:39:10: [INFO] Add SW65 footprint
13:39:10: [INFO] Add D65 footprint
13:39:10: [INFO] Add ST65 footprint
13:39:10: [INFO] Add SW66 footprint
13:39:10: [INFO] Add D66 footprint
13:39:10: [INFO] Add SW67 footprint
13:39:10: [INFO] Add D67 footprint
13:39:10: [INFO] Add SW68 footprint
13:39:10: [INFO] Add D68 footprint
13:39:10: [INFO] Add SW69 footprint
13:39:10: [INFO] Add D69 footprint
13:39:10: [INFO] Add SW70 footprint
13:39:10: [INFO] Add D70 footprint
13:39:10: [INFO] Detected layout convertible to matrix annotated keyboard
13:39:10: [INFO] Using key 1U distance: (19.05, 19.05) mm
13:39:10: [INFO] Layout offset: (38100000, 28575000)
13:39:10: [INFO] Diode info: [ElementInfo(annotation_format='D{}', position_option=<PositionOption.CUSTOM: 'Custom'>, position=ElementPosition(x=5.08, y=4.0, orientation=90.0, side=<Side.BACK: 'Back'>), template_path='', start_index=-1)]
13:39:10: [INFO] Placing additional elements for SW70
13:39:10: [INFO] Placing additional elements for SW69
13:39:10: [INFO] Placing additional elements for SW68
13:39:10: [INFO] Placing additional elements for SW67
13:39:10: [INFO] Placing additional elements for SW66
13:39:10: [INFO] Placing additional elements for SW65
13:39:10: [INFO] Placing additional elements for SW64
13:39:10: [INFO] Placing additional elements for SW63
13:39:10: [INFO] Placing additional elements for SW62
13:39:10: [INFO] Placing additional elements for SW61
13:39:10: [INFO] Placing additional elements for SW60
13:39:10: [INFO] Placing additional elements for SW59
13:39:10: [INFO] Placing additional elements for SW58
13:39:10: [INFO] Placing additional elements for SW57
13:39:10: [INFO] Placing additional elements for SW56
13:39:10: [INFO] Placing additional elements for SW55
13:39:10: [INFO] Placing additional elements for SW54
13:39:10: [INFO] Placing additional elements for SW53
13:39:10: [INFO] Placing additional elements for SW52
13:39:10: [INFO] Placing additional elements for SW51
13:39:10: [INFO] Placing additional elements for SW50
13:39:10: [INFO] Placing additional elements for SW49
13:39:10: [INFO] Placing additional elements for SW48
13:39:10: [INFO] Placing additional elements for SW47a
13:39:10: [INFO] Placing additional elements for SW47
13:39:10: [INFO] Placing additional elements for SW46
13:39:10: [INFO] Placing additional elements for SW45a
13:39:10: [INFO] Placing additional elements for SW45
13:39:10: [INFO] Placing additional elements for SW44
13:39:10: [INFO] Placing additional elements for SW43
13:39:10: [INFO] Placing additional elements for SW42
13:39:10: [INFO] Placing additional elements for SW41
13:39:10: [INFO] Placing additional elements for SW40
13:39:10: [INFO] Placing additional elements for SW39
13:39:10: [INFO] Placing additional elements for SW38
13:39:10: [INFO] Placing additional elements for SW37
13:39:10: [INFO] Placing additional elements for SW36
13:39:10: [INFO] Placing additional elements for SW35
13:39:10: [INFO] Placing additional elements for SW34
13:39:10: [INFO] Placing additional elements for SW33
13:39:10: [INFO] Placing additional elements for SW32
13:39:10: [INFO] Placing additional elements for SW31
13:39:10: [INFO] Placing additional elements for SW30
13:39:10: [INFO] Placing additional elements for SW29
13:39:10: [INFO] Placing additional elements for SW28
13:39:10: [INFO] Placing additional elements for SW27
13:39:10: [INFO] Placing additional elements for SW26
13:39:10: [INFO] Placing additional elements for SW25
13:39:10: [INFO] Placing additional elements for SW24
13:39:10: [INFO] Placing additional elements for SW23
13:39:10: [INFO] Placing additional elements for SW22
13:39:10: [INFO] Placing additional elements for SW21
13:39:10: [INFO] Placing additional elements for SW20
13:39:10: [INFO] Placing additional elements for SW19
13:39:10: [INFO] Placing additional elements for SW18
13:39:10: [INFO] Placing additional elements for SW17
13:39:10: [INFO] Placing additional elements for SW16
13:39:10: [INFO] Placing additional elements for SW15a
13:39:10: [INFO] Placing additional elements for SW15
13:39:10: [INFO] Placing additional elements for SW14
13:39:10: [INFO] Placing additional elements for SW13
13:39:10: [INFO] Placing additional elements for SW12
13:39:10: [INFO] Placing additional elements for SW11
13:39:10: [INFO] Placing additional elements for SW10
13:39:10: [INFO] Placing additional elements for SW9
13:39:10: [INFO] Placing additional elements for SW8
13:39:10: [INFO] Placing additional elements for SW7
13:39:10: [INFO] Placing additional elements for SW6
13:39:10: [INFO] Placing additional elements for SW5
13:39:10: [INFO] Placing additional elements for SW4
13:39:10: [INFO] Placing additional elements for SW3
13:39:10: [INFO] Placing additional elements for SW2
13:39:10: [INFO] Placing additional elements for SW1
13:39:10: [INFO] Routing SW70 with D70
13:39:10: [INFO] Using internal autorouter method
13:39:10: [INFO] Routing pad 'SW70:2' at (340677500, 118745000) with pad 'D70:2' at (343217500, 126425000) using coordinate system rotated by 0 degree(s)
13:39:10: [INFO] Adding track segment (B.Cu): [(340677500, 118745000), (340677500, 123885000)]
13:39:10: [INFO] Adding track segment (B.Cu): [(340677500, 123885000), (343217500, 126425000)]
13:39:10: [INFO] Routing SW69 with D69
13:39:10: [INFO] Using internal autorouter method
13:39:10: [INFO] Routing pad 'SW69:2' at (321627500, 118745000) with pad 'D69:2' at (324167500, 126425000) using coordinate system rotated by 0 degree(s)
13:39:10: [INFO] Adding track segment (B.Cu): [(321627500, 118745000), (321627500, 123885000)]
13:39:10: [INFO] Adding track segment (B.Cu): [(321627500, 123885000), (324167500, 126425000)]
13:39:10: [INFO] Routing SW68 with D68
13:39:10: [INFO] Using internal autorouter method
13:39:10: [INFO] Routing pad 'SW68:2' at (302577500, 118745000) with pad 'D68:2' at (305117500, 126425000) using coordinate system rotated by 0 degree(s)
13:39:10: [INFO] Adding track segment (B.Cu): [(302577500, 118745000), (302577500, 123885000)]
13:39:10: [INFO] Adding track segment (B.Cu): [(302577500, 123885000), (305117500, 126425000)]
13:39:10: [INFO] Routing SW67 with D67
13:39:10: [INFO] Using internal autorouter method
13:39:10: [INFO] Routing pad 'SW67:2' at (274002500, 113982500) with pad 'D67:2' at (276542500, 121662500) using coordinate system rotated by 0 degree(s)
13:39:10: [INFO] Adding track segment (B.Cu): [(274002500, 113982500), (274002500, 119122500)]
13:39:10: [INFO] Adding track segment (B.Cu): [(274002500, 119122500), (276542500, 121662500)]
13:39:10: [INFO] Routing SW66 with D66
13:39:10: [INFO] Using internal autorouter method
13:39:10: [INFO] Routing pad 'SW66:2' at (245427500, 113982500) with pad 'D66:2' at (247967500, 121662500) using coordinate system rotated by 0 degree(s)
13:39:10: [INFO] Adding track segment (B.Cu): [(245427500, 113982500), (245427500, 119122500)]
13:39:10: [INFO] Adding track segment (B.Cu): [(245427500, 119122500), (247967500, 121662500)]
13:39:10: [INFO] Routing SW65 with D65
13:39:10: [INFO] Using internal autorouter method
13:39:10: [INFO] Routing pad 'SW65:2' at (171608750, 113982500) with pad 'D65:2' at (174148750, 121662500) using coordinate system rotated by 0 degree(s)
13:39:10: [INFO] Adding track segment (B.Cu): [(171608750, 113982500), (171608750, 119122500)]
13:39:10: [INFO] Adding track segment (B.Cu): [(171608750, 119122500), (174148750, 121662500)]
13:39:10: [INFO] Routing SW64 with D64
13:39:10: [INFO] Using internal autorouter method
13:39:10: [INFO] Routing pad 'SW64:2' at (100171250, 113982500) with pad 'D64:2' at (102711250, 121662500) using coordinate system rotated by 0 degree(s)
13:39:10: [INFO] Adding track segment (B.Cu): [(100171250, 113982500), (100171250, 119122500)]
13:39:10: [INFO] Adding track segment (B.Cu): [(100171250, 119122500), (102711250, 121662500)]
13:39:10: [INFO] Routing SW63 with D63
13:39:10: [INFO] Using internal autorouter method
13:39:10: [INFO] Routing pad 'SW63:2' at (76358750, 113982500) with pad 'D63:2' at (78898750, 121662500) using coordinate system rotated by 0 degree(s)
13:39:10: [INFO] Adding track segment (B.Cu): [(76358750, 113982500), (76358750, 119122500)]
13:39:10: [INFO] Adding track segment (B.Cu): [(76358750, 119122500), (78898750, 121662500)]
13:39:10: [INFO] Routing SW62 with D62
13:39:10: [INFO] Using internal autorouter method
13:39:10: [INFO] Routing pad 'SW62:2' at (52546250, 113982500) with pad 'D62:2' at (55086250, 121662500) using coordinate system rotated by 0 degree(s)
13:39:10: [INFO] Adding track segment (B.Cu): [(52546250, 113982500), (52546250, 119122500)]
13:39:10: [INFO] Adding track segment (B.Cu): [(52546250, 119122500), (55086250, 121662500)]
13:39:10: [INFO] Routing SW61 with D61
13:39:10: [INFO] Using internal autorouter method
13:39:10: [INFO] Routing pad 'SW61:2' at (345440000, 94932500) with pad 'D61:2' at (347980000, 102612500) using coordinate system rotated by 0 degree(s)
13:39:10: [INFO] Adding track segment (B.Cu): [(345440000, 94932500), (345440000, 100072500)]
13:39:10: [INFO] Adding track segment (B.Cu): [(345440000, 100072500), (347980000, 102612500)]
13:39:10: [INFO] Routing SW60 with D60
13:39:10: [INFO] Using internal autorouter method
13:39:10: [INFO] Routing pad 'SW60:2' at (321627500, 99695000) with pad 'D60:2' at (324167500, 107375000) using coordinate system rotated by 0 degree(s)
13:39:10: [INFO] Adding track segment (B.Cu): [(321627500, 99695000), (321627500, 104835000)]
13:39:10: [INFO] Adding track segment (B.Cu): [(321627500, 104835000), (324167500, 107375000)]
13:39:10: [INFO] Routing SW59 with D59
13:39:10: [INFO] Using internal autorouter method
13:39:10: [INFO] Routing pad 'SW59:2' at (290671250, 94932500) with pad 'D59:2' at (293211250, 102612500) using coordinate system rotated by 0 degree(s)
13:39:10: [INFO] Adding track segment (B.Cu): [(290671250, 94932500), (290671250, 100072500)]
13:39:10: [INFO] Adding track segment (B.Cu): [(290671250, 100072500), (293211250, 102612500)]
13:39:10: [INFO] Routing SW58 with D58
13:39:10: [INFO] Using internal autorouter method
13:39:10: [INFO] Routing pad 'SW58:2' at (264477500, 94932500) with pad 'D58:2' at (267017500, 102612500) using coordinate system rotated by 0 degree(s)
13:39:10: [INFO] Adding track segment (B.Cu): [(264477500, 94932500), (264477500, 100072500)]
13:39:10: [INFO] Adding track segment (B.Cu): [(264477500, 100072500), (267017500, 102612500)]
13:39:10: [INFO] Routing SW57 with D57
13:39:10: [INFO] Using internal autorouter method
13:39:10: [INFO] Routing pad 'SW57:2' at (245427500, 94932500) with pad 'D57:2' at (247967500, 102612500) using coordinate system rotated by 0 degree(s)
13:39:10: [INFO] Adding track segment (B.Cu): [(245427500, 94932500), (245427500, 100072500)]
13:39:10: [INFO] Adding track segment (B.Cu): [(245427500, 100072500), (247967500, 102612500)]
13:39:10: [INFO] Routing SW56 with D56
13:39:10: [INFO] Using internal autorouter method
13:39:10: [INFO] Routing pad 'SW56:2' at (226377500, 94932500) with pad 'D56:2' at (228917500, 102612500) using coordinate system rotated by 0 degree(s)
13:39:10: [INFO] Adding track segment (B.Cu): [(226377500, 94932500), (226377500, 100072500)]
13:39:10: [INFO] Adding track segment (B.Cu): [(226377500, 100072500), (228917500, 102612500)]
13:39:10: [INFO] Routing SW55 with D55
13:39:10: [INFO] Using internal autorouter method
13:39:10: [INFO] Routing pad 'SW55:2' at (207327500, 94932500) with pad 'D55:2' at (209867500, 102612500) using coordinate system rotated by 0 degree(s)
13:39:10: [INFO] Adding track segment (B.Cu): [(207327500, 94932500), (207327500, 100072500)]
13:39:10: [INFO] Adding track segment (B.Cu): [(207327500, 100072500), (209867500, 102612500)]
13:39:10: [INFO] Routing SW54 with D54
13:39:10: [INFO] Using internal autorouter method
13:39:10: [INFO] Routing pad 'SW54:2' at (188277500, 94932500) with pad 'D54:2' at (190817500, 102612500) using coordinate system rotated by 0 degree(s)
13:39:10: [INFO] Adding track segment (B.Cu): [(188277500, 94932500), (188277500, 100072500)]
13:39:10: [INFO] Adding track segment (B.Cu): [(188277500, 100072500), (190817500, 102612500)]
13:39:10: [INFO] Routing SW53 with D53
13:39:10: [INFO] Using internal autorouter method
13:39:10: [INFO] Routing pad 'SW53:2' at (169227500, 94932500) with pad 'D53:2' at (171767500, 102612500) using coordinate system rotated by 0 degree(s)
13:39:10: [INFO] Adding track segment (B.Cu): [(169227500, 94932500), (169227500, 100072500)]
13:39:10: [INFO] Adding track segment (B.Cu): [(169227500, 100072500), (171767500, 102612500)]
13:39:10: [INFO] Routing SW52 with D52
13:39:10: [INFO] Using internal autorouter method
13:39:10: [INFO] Routing pad 'SW52:2' at (150177500, 94932500) with pad 'D52:2' at (152717500, 102612500) using coordinate system rotated by 0 degree(s)
13:39:10: [INFO] Adding track segment (B.Cu): [(150177500, 94932500), (150177500, 100072500)]
13:39:10: [INFO] Adding track segment (B.Cu): [(150177500, 100072500), (152717500, 102612500)]
13:39:10: [INFO] Routing SW51 with D51
13:39:10: [INFO] Using internal autorouter method
13:39:10: [INFO] Routing pad 'SW51:2' at (131127500, 94932500) with pad 'D51:2' at (133667500, 102612500) using coordinate system rotated by 0 degree(s)
13:39:10: [INFO] Adding track segment (B.Cu): [(131127500, 94932500), (131127500, 100072500)]
13:39:10: [INFO] Adding track segment (B.Cu): [(131127500, 100072500), (133667500, 102612500)]
13:39:10: [INFO] Routing SW50 with D50
13:39:10: [INFO] Using internal autorouter method
13:39:10: [INFO] Routing pad 'SW50:2' at (112077500, 94932500) with pad 'D50:2' at (114617500, 102612500) using coordinate system rotated by 0 degree(s)
13:39:10: [INFO] Adding track segment (B.Cu): [(112077500, 94932500), (112077500, 100072500)]
13:39:10: [INFO] Adding track segment (B.Cu): [(112077500, 100072500), (114617500, 102612500)]
13:39:10: [INFO] Routing SW49 with D49
13:39:10: [INFO] Using internal autorouter method
13:39:10: [INFO] Routing pad 'SW49:2' at (93027500, 94932500) with pad 'D49:2' at (95567500, 102612500) using coordinate system rotated by 0 degree(s)
13:39:10: [INFO] Adding track segment (B.Cu): [(93027500, 94932500), (93027500, 100072500)]
13:39:11: [INFO] Adding track segment (B.Cu): [(93027500, 100072500), (95567500, 102612500)]
13:39:11: [INFO] Routing SW48 with D48
13:39:11: [INFO] Using internal autorouter method
13:39:11: [INFO] Routing pad 'SW48:2' at (73977500, 94932500) with pad 'D48:2' at (76517500, 102612500) using coordinate system rotated by 0 degree(s)
13:39:11: [INFO] Adding track segment (B.Cu): [(73977500, 94932500), (73977500, 100072500)]
13:39:11: [INFO] Adding track segment (B.Cu): [(73977500, 100072500), (76517500, 102612500)]
13:39:11: [INFO] Routing SW47a with D47
13:39:11: [INFO] Using internal autorouter method
13:39:11: [INFO] Routing pad 'SW47a:2' at (52546250, 94932500) with pad 'D47:2' at (64611250, 102612500) using coordinate system rotated by 0 degree(s)
13:39:11: [INFO] Routing SW47 with D47
13:39:11: [INFO] Using internal autorouter method
13:39:11: [INFO] Routing pad 'SW47:2' at (62071250, 94932500) with pad 'D47:2' at (64611250, 102612500) using coordinate system rotated by 0 degree(s)
13:39:11: [INFO] Adding track segment (B.Cu): [(62071250, 94932500), (62071250, 100072500)]
13:39:11: [INFO] Adding track segment (B.Cu): [(62071250, 100072500), (64611250, 102612500)]
13:39:11: [INFO] Routing SW46 with D46
13:39:11: [INFO] Using internal autorouter method
13:39:11: [INFO] Routing pad 'SW46:2' at (345440000, 75882500) with pad 'D46:2' at (347980000, 83562500) using coordinate system rotated by 0 degree(s)
13:39:11: [INFO] Adding track segment (B.Cu): [(345440000, 75882500), (345440000, 81022500)]
13:39:11: [INFO] Adding track segment (B.Cu): [(345440000, 81022500), (347980000, 83562500)]
13:39:11: [INFO] Routing SW45a with D45
13:39:11: [INFO] Using internal autorouter method
13:39:11: [INFO] Routing pad 'SW45a:2' at (314483750, 66357500) with pad 'D45:2' at (307498750, 83562500) using coordinate system rotated by 0 degree(s)
13:39:11: [INFO] Routing SW45 with D45
13:39:11: [INFO] Using internal autorouter method
13:39:11: [INFO] Routing pad 'SW45:2' at (304958750, 75882500) with pad 'D45:2' at (307498750, 83562500) using coordinate system rotated by 0 degree(s)
13:39:11: [INFO] Adding track segment (B.Cu): [(304958750, 75882500), (304958750, 81022500)]
13:39:11: [INFO] Adding track segment (B.Cu): [(304958750, 81022500), (307498750, 83562500)]
13:39:11: [INFO] Routing SW44 with D44
13:39:11: [INFO] Using internal autorouter method
13:39:11: [INFO] Routing pad 'SW44:2' at (293052500, 75882500) with pad 'D44:2' at (295592500, 83562500) using coordinate system rotated by 0 degree(s)
13:39:11: [INFO] Adding track segment (B.Cu): [(293052500, 75882500), (293052500, 81022500)]
13:39:11: [INFO] Adding track segment (B.Cu): [(293052500, 81022500), (295592500, 83562500)]
13:39:11: [INFO] Routing SW43 with D43
13:39:11: [INFO] Using internal autorouter method
13:39:11: [INFO] Routing pad 'SW43:2' at (274002500, 75882500) with pad 'D43:2' at (276542500, 83562500) using coordinate system rotated by 0 degree(s)
13:39:11: [INFO] Adding track segment (B.Cu): [(274002500, 75882500), (274002500, 81022500)]
13:39:11: [INFO] Adding track segment (B.Cu): [(274002500, 81022500), (276542500, 83562500)]
13:39:11: [INFO] Routing SW42 with D42
13:39:11: [INFO] Using internal autorouter method
13:39:11: [INFO] Routing pad 'SW42:2' at (254952500, 75882500) with pad 'D42:2' at (257492500, 83562500) using coordinate system rotated by 0 degree(s)
13:39:11: [INFO] Adding track segment (B.Cu): [(254952500, 75882500), (254952500, 81022500)]
13:39:11: [INFO] Adding track segment (B.Cu): [(254952500, 81022500), (257492500, 83562500)]
13:39:11: [INFO] Routing SW41 with D41
13:39:11: [INFO] Using internal autorouter method
13:39:11: [INFO] Routing pad 'SW41:2' at (235902500, 75882500) with pad 'D41:2' at (238442500, 83562500) using coordinate system rotated by 0 degree(s)
13:39:11: [INFO] Adding track segment (B.Cu): [(235902500, 75882500), (235902500, 81022500)]
13:39:11: [INFO] Adding track segment (B.Cu): [(235902500, 81022500), (238442500, 83562500)]
13:39:11: [INFO] Routing SW40 with D40
13:39:11: [INFO] Using internal autorouter method
13:39:11: [INFO] Routing pad 'SW40:2' at (216852500, 75882500) with pad 'D40:2' at (219392500, 83562500) using coordinate system rotated by 0 degree(s)
13:39:11: [INFO] Adding track segment (B.Cu): [(216852500, 75882500), (216852500, 81022500)]
13:39:11: [INFO] Adding track segment (B.Cu): [(216852500, 81022500), (219392500, 83562500)]
13:39:11: [INFO] Routing SW39 with D39
13:39:11: [INFO] Using internal autorouter method
13:39:11: [INFO] Routing pad 'SW39:2' at (197802500, 75882500) with pad 'D39:2' at (200342500, 83562500) using coordinate system rotated by 0 degree(s)
13:39:11: [INFO] Adding track segment (B.Cu): [(197802500, 75882500), (197802500, 81022500)]
13:39:11: [INFO] Adding track segment (B.Cu): [(197802500, 81022500), (200342500, 83562500)]
13:39:11: [INFO] Routing SW38 with D38
13:39:11: [INFO] Using internal autorouter method
13:39:11: [INFO] Routing pad 'SW38:2' at (178752500, 75882500) with pad 'D38:2' at (181292500, 83562500) using coordinate system rotated by 0 degree(s)
13:39:11: [INFO] Adding track segment (B.Cu): [(178752500, 75882500), (178752500, 81022500)]
13:39:11: [INFO] Adding track segment (B.Cu): [(178752500, 81022500), (181292500, 83562500)]
13:39:11: [INFO] Routing SW37 with D37
13:39:11: [INFO] Using internal autorouter method
13:39:11: [INFO] Routing pad 'SW37:2' at (159702500, 75882500) with pad 'D37:2' at (162242500, 83562500) using coordinate system rotated by 0 degree(s)
13:39:11: [INFO] Adding track segment (B.Cu): [(159702500, 75882500), (159702500, 81022500)]
13:39:11: [INFO] Adding track segment (B.Cu): [(159702500, 81022500), (162242500, 83562500)]
13:39:11: [INFO] Routing SW36 with D36
13:39:11: [INFO] Using internal autorouter method
13:39:11: [INFO] Routing pad 'SW36:2' at (140652500, 75882500) with pad 'D36:2' at (143192500, 83562500) using coordinate system rotated by 0 degree(s)
13:39:11: [INFO] Adding track segment (B.Cu): [(140652500, 75882500), (140652500, 81022500)]
13:39:11: [INFO] Adding track segment (B.Cu): [(140652500, 81022500), (143192500, 83562500)]
13:39:11: [INFO] Routing SW35 with D35
13:39:11: [INFO] Using internal autorouter method
13:39:11: [INFO] Routing pad 'SW35:2' at (121602500, 75882500) with pad 'D35:2' at (124142500, 83562500) using coordinate system rotated by 0 degree(s)
13:39:11: [INFO] Adding track segment (B.Cu): [(121602500, 75882500), (121602500, 81022500)]
13:39:11: [INFO] Adding track segment (B.Cu): [(121602500, 81022500), (124142500, 83562500)]
13:39:11: [INFO] Routing SW34 with D34
13:39:11: [INFO] Using internal autorouter method
13:39:11: [INFO] Routing pad 'SW34:2' at (102552500, 75882500) with pad 'D34:2' at (105092500, 83562500) using coordinate system rotated by 0 degree(s)
13:39:11: [INFO] Adding track segment (B.Cu): [(102552500, 75882500), (102552500, 81022500)]
13:39:11: [INFO] Adding track segment (B.Cu): [(102552500, 81022500), (105092500, 83562500)]
13:39:11: [INFO] Routing SW33 with D33
13:39:11: [INFO] Using internal autorouter method
13:39:11: [INFO] Routing pad 'SW33:2' at (83502500, 75882500) with pad 'D33:2' at (86042500, 83562500) using coordinate system rotated by 0 degree(s)
13:39:11: [INFO] Adding track segment (B.Cu): [(83502500, 75882500), (83502500, 81022500)]
13:39:11: [INFO] Adding track segment (B.Cu): [(83502500, 81022500), (86042500, 83562500)]
13:39:11: [INFO] Routing SW32 with D32
13:39:11: [INFO] Using internal autorouter method
13:39:11: [INFO] Routing pad 'SW32:2' at (57308750, 75882500) with pad 'D32:2' at (59848750, 83562500) using coordinate system rotated by 0 degree(s)
13:39:11: [INFO] Adding track segment (B.Cu): [(57308750, 75882500), (57308750, 81022500)]
13:39:11: [INFO] Adding track segment (B.Cu): [(57308750, 81022500), (59848750, 83562500)]
13:39:11: [INFO] Routing SW31 with D31
13:39:11: [INFO] Using internal autorouter method
13:39:11: [INFO] Routing pad 'SW31:2' at (345440000, 56832500) with pad 'D31:2' at (347980000, 64512500) using coordinate system rotated by 0 degree(s)
13:39:11: [INFO] Adding track segment (B.Cu): [(345440000, 56832500), (345440000, 61972500)]
13:39:11: [INFO] Adding track segment (B.Cu): [(345440000, 61972500), (347980000, 64512500)]
13:39:11: [INFO] Routing SW30 with D30
13:39:11: [INFO] Using internal autorouter method
13:39:11: [INFO] Routing pad 'SW30:2' at (312102500, 56832500) with pad 'D30:2' at (314642500, 64512500) using coordinate system rotated by 0 degree(s)
13:39:11: [INFO] Adding track segment (B.Cu): [(312102500, 56832500), (312102500, 61972500)]
13:39:11: [INFO] Adding track segment (B.Cu): [(312102500, 61972500), (314642500, 64512500)]
13:39:11: [INFO] Routing SW29 with D29
13:39:11: [INFO] Using internal autorouter method
13:39:11: [INFO] Routing pad 'SW29:2' at (288290000, 56832500) with pad 'D29:2' at (290830000, 64512500) using coordinate system rotated by 0 degree(s)
13:39:11: [INFO] Adding track segment (B.Cu): [(288290000, 56832500), (288290000, 61972500)]
13:39:11: [INFO] Adding track segment (B.Cu): [(288290000, 61972500), (290830000, 64512500)]
13:39:11: [INFO] Routing SW28 with D28
13:39:11: [INFO] Using internal autorouter method
13:39:11: [INFO] Routing pad 'SW28:2' at (269240000, 56832500) with pad 'D28:2' at (271780000, 64512500) using coordinate system rotated by 0 degree(s)
13:39:11: [INFO] Adding track segment (B.Cu): [(269240000, 56832500), (269240000, 61972500)]
13:39:11: [INFO] Adding track segment (B.Cu): [(269240000, 61972500), (271780000, 64512500)]
13:39:11: [INFO] Routing SW27 with D27
13:39:11: [INFO] Using internal autorouter method
13:39:11: [INFO] Routing pad 'SW27:2' at (250190000, 56832500) with pad 'D27:2' at (252730000, 64512500) using coordinate system rotated by 0 degree(s)
13:39:11: [INFO] Adding track segment (B.Cu): [(250190000, 56832500), (250190000, 61972500)]
13:39:11: [INFO] Adding track segment (B.Cu): [(250190000, 61972500), (252730000, 64512500)]
13:39:11: [INFO] Routing SW26 with D26
13:39:11: [INFO] Using internal autorouter method
13:39:11: [INFO] Routing pad 'SW26:2' at (231140000, 56832500) with pad 'D26:2' at (233680000, 64512500) using coordinate system rotated by 0 degree(s)
13:39:11: [INFO] Adding track segment (B.Cu): [(231140000, 56832500), (231140000, 61972500)]
13:39:11: [INFO] Adding track segment (B.Cu): [(231140000, 61972500), (233680000, 64512500)]
13:39:11: [INFO] Routing SW25 with D25
13:39:11: [INFO] Using internal autorouter method
13:39:11: [INFO] Routing pad 'SW25:2' at (212090000, 56832500) with pad 'D25:2' at (214630000, 64512500) using coordinate system rotated by 0 degree(s)
13:39:11: [INFO] Adding track segment (B.Cu): [(212090000, 56832500), (212090000, 61972500)]
13:39:11: [INFO] Adding track segment (B.Cu): [(212090000, 61972500), (214630000, 64512500)]
13:39:11: [INFO] Routing SW24 with D24
13:39:11: [INFO] Using internal autorouter method
13:39:11: [INFO] Routing pad 'SW24:2' at (193040000, 56832500) with pad 'D24:2' at (195580000, 64512500) using coordinate system rotated by 0 degree(s)
13:39:11: [INFO] Adding track segment (B.Cu): [(193040000, 56832500), (193040000, 61972500)]
13:39:11: [INFO] Adding track segment (B.Cu): [(193040000, 61972500), (195580000, 64512500)]
13:39:11: [INFO] Routing SW23 with D23
13:39:11: [INFO] Using internal autorouter method
13:39:11: [INFO] Routing pad 'SW23:2' at (173990000, 56832500) with pad 'D23:2' at (176530000, 64512500) using coordinate system rotated by 0 degree(s)
13:39:11: [INFO] Adding track segment (B.Cu): [(173990000, 56832500), (173990000, 61972500)]
13:39:11: [INFO] Adding track segment (B.Cu): [(173990000, 61972500), (176530000, 64512500)]
13:39:11: [INFO] Routing SW22 with D22
13:39:11: [INFO] Using internal autorouter method
13:39:11: [INFO] Routing pad 'SW22:2' at (154940000, 56832500) with pad 'D22:2' at (157480000, 64512500) using coordinate system rotated by 0 degree(s)
13:39:11: [INFO] Adding track segment (B.Cu): [(154940000, 56832500), (154940000, 61972500)]
13:39:11: [INFO] Adding track segment (B.Cu): [(154940000, 61972500), (157480000, 64512500)]
13:39:11: [INFO] Routing SW21 with D21
13:39:11: [INFO] Using internal autorouter method
13:39:11: [INFO] Routing pad 'SW21:2' at (135890000, 56832500) with pad 'D21:2' at (138430000, 64512500) using coordinate system rotated by 0 degree(s)
13:39:11: [INFO] Adding track segment (B.Cu): [(135890000, 56832500), (135890000, 61972500)]
13:39:11: [INFO] Adding track segment (B.Cu): [(135890000, 61972500), (138430000, 64512500)]
13:39:11: [INFO] Routing SW20 with D20
13:39:11: [INFO] Using internal autorouter method
13:39:11: [INFO] Routing pad 'SW20:2' at (116840000, 56832500) with pad 'D20:2' at (119380000, 64512500) using coordinate system rotated by 0 degree(s)
13:39:11: [INFO] Adding track segment (B.Cu): [(116840000, 56832500), (116840000, 61972500)]
13:39:11: [INFO] Adding track segment (B.Cu): [(116840000, 61972500), (119380000, 64512500)]
13:39:11: [INFO] Routing SW19 with D19
13:39:11: [INFO] Using internal autorouter method
13:39:11: [INFO] Routing pad 'SW19:2' at (97790000, 56832500) with pad 'D19:2' at (100330000, 64512500) using coordinate system rotated by 0 degree(s)
13:39:11: [INFO] Adding track segment (B.Cu): [(97790000, 56832500), (97790000, 61972500)]
13:39:11: [INFO] Adding track segment (B.Cu): [(97790000, 61972500), (100330000, 64512500)]
13:39:11: [INFO] Routing SW18 with D18
13:39:11: [INFO] Using internal autorouter method
13:39:11: [INFO] Routing pad 'SW18:2' at (78740000, 56832500) with pad 'D18:2' at (81280000, 64512500) using coordinate system rotated by 0 degree(s)
13:39:11: [INFO] Adding track segment (B.Cu): [(78740000, 56832500), (78740000, 61972500)]
13:39:11: [INFO] Adding track segment (B.Cu): [(78740000, 61972500), (81280000, 64512500)]
13:39:11: [INFO] Routing SW17 with D17
13:39:11: [INFO] Using internal autorouter method
13:39:11: [INFO] Routing pad 'SW17:2' at (54927500, 56832500) with pad 'D17:2' at (57467500, 64512500) using coordinate system rotated by 0 degree(s)
13:39:11: [INFO] Adding track segment (B.Cu): [(54927500, 56832500), (54927500, 61972500)]
13:39:11: [INFO] Adding track segment (B.Cu): [(54927500, 61972500), (57467500, 64512500)]
13:39:11: [INFO] Routing SW16 with D16
13:39:11: [INFO] Using internal autorouter method
13:39:11: [INFO] Routing pad 'SW16:S2' at (349900000, 35600000) with pad 'D16:2' at (340480000, 38200000) using coordinate system rotated by 0 degree(s)
13:39:11: [INFO] Adding track segment (B.Cu): [(349900000, 35600000), (343080000, 35600000)]
13:39:11: [INFO] Adding track segment (B.Cu): [(343080000, 35600000), (340480000, 38200000)]
13:39:11: [INFO] Routing SW15a with D15
13:39:11: [INFO] Using internal autorouter method
13:39:11: [INFO] Routing pad 'SW15a:2' at (316865000, 37782500) with pad 'D15:2' at (309880000, 45462500) using coordinate system rotated by 0 degree(s)
13:39:11: [INFO] Routing SW15 with D15
13:39:11: [INFO] Using internal autorouter method
13:39:11: [INFO] Routing pad 'SW15:2' at (307340000, 37782500) with pad 'D15:2' at (309880000, 45462500) using coordinate system rotated by 0 degree(s)
13:39:11: [INFO] Adding track segment (B.Cu): [(307340000, 37782500), (307340000, 42922500)]
13:39:11: [INFO] Adding track segment (B.Cu): [(307340000, 42922500), (309880000, 45462500)]
13:39:11: [INFO] Routing SW14 with D14
13:39:11: [INFO] Using internal autorouter method
13:39:11: [INFO] Routing pad 'SW14:2' at (297815000, 37782500) with pad 'D14:2' at (300355000, 45462500) using coordinate system rotated by 0 degree(s)
13:39:11: [INFO] Adding track segment (B.Cu): [(297815000, 37782500), (297815000, 42922500)]
13:39:11: [INFO] Adding track segment (B.Cu): [(297815000, 42922500), (300355000, 45462500)]
13:39:11: [INFO] Routing SW13 with D13
13:39:11: [INFO] Using internal autorouter method
13:39:11: [INFO] Routing pad 'SW13:2' at (278765000, 37782500) with pad 'D13:2' at (281305000, 45462500) using coordinate system rotated by 0 degree(s)
13:39:11: [INFO] Adding track segment (B.Cu): [(278765000, 37782500), (278765000, 42922500)]
13:39:11: [INFO] Adding track segment (B.Cu): [(278765000, 42922500), (281305000, 45462500)]
13:39:11: [INFO] Routing SW12 with D12
13:39:11: [INFO] Using internal autorouter method
13:39:11: [INFO] Routing pad 'SW12:2' at (259715000, 37782500) with pad 'D12:2' at (262255000, 45462500) using coordinate system rotated by 0 degree(s)
13:39:11: [INFO] Adding track segment (B.Cu): [(259715000, 37782500), (259715000, 42922500)]
13:39:11: [INFO] Adding track segment (B.Cu): [(259715000, 42922500), (262255000, 45462500)]
13:39:11: [INFO] Routing SW11 with D11
13:39:11: [INFO] Using internal autorouter method
13:39:11: [INFO] Routing pad 'SW11:2' at (240665000, 37782500) with pad 'D11:2' at (243205000, 45462500) using coordinate system rotated by 0 degree(s)
13:39:11: [INFO] Adding track segment (B.Cu): [(240665000, 37782500), (240665000, 42922500)]
13:39:11: [INFO] Adding track segment (B.Cu): [(240665000, 42922500), (243205000, 45462500)]
13:39:11: [INFO] Routing SW10 with D10
13:39:11: [INFO] Using internal autorouter method
13:39:11: [INFO] Routing pad 'SW10:2' at (221615000, 37782500) with pad 'D10:2' at (224155000, 45462500) using coordinate system rotated by 0 degree(s)
13:39:11: [INFO] Adding track segment (B.Cu): [(221615000, 37782500), (221615000, 42922500)]
13:39:11: [INFO] Adding track segment (B.Cu): [(221615000, 42922500), (224155000, 45462500)]
13:39:11: [INFO] Routing SW9 with D9
13:39:11: [INFO] Using internal autorouter method
13:39:11: [INFO] Routing pad 'SW9:2' at (202565000, 37782500) with pad 'D9:2' at (205105000, 45462500) using coordinate system rotated by 0 degree(s)
13:39:11: [INFO] Adding track segment (B.Cu): [(202565000, 37782500), (202565000, 42922500)]
13:39:11: [INFO] Adding track segment (B.Cu): [(202565000, 42922500), (205105000, 45462500)]
13:39:11: [INFO] Routing SW8 with D8
13:39:11: [INFO] Using internal autorouter method
13:39:11: [INFO] Routing pad 'SW8:2' at (183515000, 37782500) with pad 'D8:2' at (186055000, 45462500) using coordinate system rotated by 0 degree(s)
13:39:11: [INFO] Adding track segment (B.Cu): [(183515000, 37782500), (183515000, 42922500)]
13:39:11: [INFO] Adding track segment (B.Cu): [(183515000, 42922500), (186055000, 45462500)]
13:39:11: [INFO] Routing SW7 with D7
13:39:11: [INFO] Using internal autorouter method
13:39:11: [INFO] Routing pad 'SW7:2' at (164465000, 37782500) with pad 'D7:2' at (167005000, 45462500) using coordinate system rotated by 0 degree(s)
13:39:11: [INFO] Adding track segment (B.Cu): [(164465000, 37782500), (164465000, 42922500)]
13:39:11: [INFO] Adding track segment (B.Cu): [(164465000, 42922500), (167005000, 45462500)]
13:39:11: [INFO] Routing SW6 with D6
13:39:11: [INFO] Using internal autorouter method
13:39:11: [INFO] Routing pad 'SW6:2' at (145415000, 37782500) with pad 'D6:2' at (147955000, 45462500) using coordinate system rotated by 0 degree(s)
13:39:11: [INFO] Adding track segment (B.Cu): [(145415000, 37782500), (145415000, 42922500)]
13:39:11: [INFO] Adding track segment (B.Cu): [(145415000, 42922500), (147955000, 45462500)]
13:39:11: [INFO] Routing SW5 with D5
13:39:11: [INFO] Using internal autorouter method
13:39:11: [INFO] Routing pad 'SW5:2' at (126365000, 37782500) with pad 'D5:2' at (128905000, 45462500) using coordinate system rotated by 0 degree(s)
13:39:11: [INFO] Adding track segment (B.Cu): [(126365000, 37782500), (126365000, 42922500)]
13:39:11: [INFO] Adding track segment (B.Cu): [(126365000, 42922500), (128905000, 45462500)]
13:39:11: [INFO] Routing SW4 with D4
13:39:11: [INFO] Using internal autorouter method
13:39:11: [INFO] Routing pad 'SW4:2' at (107315000, 37782500) with pad 'D4:2' at (109855000, 45462500) using coordinate system rotated by 0 degree(s)
13:39:11: [INFO] Adding track segment (B.Cu): [(107315000, 37782500), (107315000, 42922500)]
13:39:11: [INFO] Adding track segment (B.Cu): [(107315000, 42922500), (109855000, 45462500)]
13:39:11: [INFO] Routing SW3 with D3
13:39:11: [INFO] Using internal autorouter method
13:39:11: [INFO] Routing pad 'SW3:2' at (88265000, 37782500) with pad 'D3:2' at (90805000, 45462500) using coordinate system rotated by 0 degree(s)
13:39:11: [INFO] Adding track segment (B.Cu): [(88265000, 37782500), (88265000, 42922500)]
13:39:11: [INFO] Adding track segment (B.Cu): [(88265000, 42922500), (90805000, 45462500)]
13:39:11: [INFO] Routing SW2 with D2
13:39:11: [INFO] Using internal autorouter method
13:39:11: [INFO] Routing pad 'SW2:2' at (69215000, 37782500) with pad 'D2:2' at (71755000, 45462500) using coordinate system rotated by 0 degree(s)
13:39:11: [INFO] Adding track segment (B.Cu): [(69215000, 37782500), (69215000, 42922500)]
13:39:11: [INFO] Adding track segment (B.Cu): [(69215000, 42922500), (71755000, 45462500)]
13:39:11: [INFO] Routing SW1 with D1
13:39:11: [INFO] Using internal autorouter method
13:39:11: [INFO] Routing pad 'SW1:2' at (50165000, 37782500) with pad 'D1:2' at (52705000, 45462500) using coordinate system rotated by 0 degree(s)
13:39:11: [INFO] Adding track segment (B.Cu): [(50165000, 37782500), (50165000, 42922500)]
13:39:11: [INFO] Adding track segment (B.Cu): [(50165000, 42922500), (52705000, 45462500)]
13:39:11: [INFO] Routing COL8 pads
13:39:11: [INFO] Routing pad 'SW40:1' at (210502500, 78422500) with pad 'SW55:1' at (200977500, 97472500) using coordinate system rotated by 0 degree(s)
13:39:11: [INFO] Adding track segment (F.Cu): [(210502500, 78422500), (210502500, 87947500)]
13:39:11: [INFO] Adding track segment (F.Cu): [(210502500, 87947500), (200977500, 97472500)]
13:39:12: [INFO] Routing pad 'SW9:1' at (196215000, 40322500) with pad 'SW25:1' at (205740000, 59372500) using coordinate system rotated by 0 degree(s)
13:39:12: [INFO] Adding track segment (F.Cu): [(196215000, 40322500), (196215000, 49847500)]
13:39:12: [INFO] Adding track segment (F.Cu): [(196215000, 49847500), (205740000, 59372500)]
13:39:12: [INFO] Routing pad 'SW25:1' at (205740000, 59372500) with pad 'SW40:1' at (210502500, 78422500) using coordinate system rotated by 0 degree(s)
13:39:12: [INFO] Adding track segment (F.Cu): [(205740000, 59372500), (205740000, 73660000)]
13:39:12: [INFO] Adding track segment (F.Cu): [(205740000, 73660000), (210502500, 78422500)]
13:39:12: [INFO] Routing COL4 pads
13:39:12: [INFO] Routing pad 'SW36:1' at (134302500, 78422500) with pad 'SW51:1' at (124777500, 97472500) using coordinate system rotated by 0 degree(s)
13:39:12: [INFO] Adding track segment (F.Cu): [(134302500, 78422500), (134302500, 87947500)]
13:39:12: [INFO] Adding track segment (F.Cu): [(134302500, 87947500), (124777500, 97472500)]
13:39:12: [INFO] Routing pad 'SW5:1' at (120015000, 40322500) with pad 'SW21:1' at (129540000, 59372500) using coordinate system rotated by 0 degree(s)
13:39:12: [INFO] Adding track segment (F.Cu): [(120015000, 40322500), (120015000, 49847500)]
13:39:12: [INFO] Adding track segment (F.Cu): [(120015000, 49847500), (129540000, 59372500)]
13:39:12: [INFO] Routing pad 'SW21:1' at (129540000, 59372500) with pad 'SW36:1' at (134302500, 78422500) using coordinate system rotated by 0 degree(s)
13:39:12: [INFO] Adding track segment (F.Cu): [(129540000, 59372500), (129540000, 73660000)]
13:39:12: [INFO] Adding track segment (F.Cu): [(129540000, 73660000), (134302500, 78422500)]
13:39:12: [INFO] Routing ROW1 pads
13:39:12: [INFO] Routing pad 'D17:1' at (57467500, 67312500) with pad 'D18:1' at (81280000, 67312500) using coordinate system rotated by 0 degree(s)
13:39:12: [INFO] Adding track segment (B.Cu): [(57467500, 67312500), (81280000, 67312500)]
13:39:12: [INFO] Routing pad 'D18:1' at (81280000, 67312500) with pad 'D19:1' at (100330000, 67312500) using coordinate system rotated by 0 degree(s)
13:39:12: [INFO] Adding track segment (B.Cu): [(81280000, 67312500), (100330000, 67312500)]
13:39:12: [INFO] Routing pad 'D19:1' at (100330000, 67312500) with pad 'D20:1' at (119380000, 67312500) using coordinate system rotated by 0 degree(s)
13:39:12: [INFO] Adding track segment (B.Cu): [(100330000, 67312500), (119380000, 67312500)]
13:39:12: [INFO] Routing pad 'D20:1' at (119380000, 67312500) with pad 'D21:1' at (138430000, 67312500) using coordinate system rotated by 0 degree(s)
13:39:12: [INFO] Adding track segment (B.Cu): [(119380000, 67312500), (138430000, 67312500)]
13:39:12: [INFO] Routing pad 'D21:1' at (138430000, 67312500) with pad 'D22:1' at (157480000, 67312500) using coordinate system rotated by 0 degree(s)
13:39:12: [INFO] Adding track segment (B.Cu): [(138430000, 67312500), (157480000, 67312500)]
13:39:12: [INFO] Routing pad 'D22:1' at (157480000, 67312500) with pad 'D23:1' at (176530000, 67312500) using coordinate system rotated by 0 degree(s)
13:39:12: [INFO] Adding track segment (B.Cu): [(157480000, 67312500), (176530000, 67312500)]
13:39:12: [INFO] Routing pad 'D23:1' at (176530000, 67312500) with pad 'D24:1' at (195580000, 67312500) using coordinate system rotated by 0 degree(s)
13:39:12: [INFO] Adding track segment (B.Cu): [(176530000, 67312500), (195580000, 67312500)]
13:39:12: [INFO] Routing pad 'D24:1' at (195580000, 67312500) with pad 'D25:1' at (214630000, 67312500) using coordinate system rotated by 0 degree(s)
13:39:12: [INFO] Adding track segment (B.Cu): [(195580000, 67312500), (214630000, 67312500)]
13:39:12: [INFO] Routing pad 'D25:1' at (214630000, 67312500) with pad 'D26:1' at (233680000, 67312500) using coordinate system rotated by 0 degree(s)
13:39:12: [INFO] Adding track segment (B.Cu): [(214630000, 67312500), (233680000, 67312500)]
13:39:12: [INFO] Routing pad 'D26:1' at (233680000, 67312500) with pad 'D27:1' at (252730000, 67312500) using coordinate system rotated by 0 degree(s)
13:39:12: [INFO] Adding track segment (B.Cu): [(233680000, 67312500), (252730000, 67312500)]
13:39:12: [INFO] Routing pad 'D27:1' at (252730000, 67312500) with pad 'D28:1' at (271780000, 67312500) using coordinate system rotated by 0 degree(s)
13:39:12: [INFO] Adding track segment (B.Cu): [(252730000, 67312500), (271780000, 67312500)]
13:39:12: [INFO] Routing pad 'D28:1' at (271780000, 67312500) with pad 'D29:1' at (290830000, 67312500) using coordinate system rotated by 0 degree(s)
13:39:12: [INFO] Adding track segment (B.Cu): [(271780000, 67312500), (290830000, 67312500)]
13:39:12: [INFO] Routing pad 'D29:1' at (290830000, 67312500) with pad 'D30:1' at (314642500, 67312500) using coordinate system rotated by 0 degree(s)
13:39:12: [INFO] Adding track segment (B.Cu): [(290830000, 67312500), (314642500, 67312500)]
13:39:12: [INFO] Could not add track segment due to detected collision
13:39:12: [INFO] Routing pad 'D30:1' at (314642500, 67312500) with pad 'D31:1' at (347980000, 67312500) using coordinate system rotated by 0 degree(s)
13:39:12: [INFO] Adding track segment (B.Cu): [(314642500, 67312500), (347980000, 67312500)]
13:39:12: [INFO] Could not add track segment due to detected collision
13:39:12: [INFO] Routing COL7 pads
13:39:12: [INFO] Routing pad 'SW39:1' at (191452500, 78422500) with pad 'SW54:1' at (181927500, 97472500) using coordinate system rotated by 0 degree(s)
13:39:12: [INFO] Adding track segment (F.Cu): [(191452500, 78422500), (191452500, 87947500)]
13:39:12: [INFO] Adding track segment (F.Cu): [(191452500, 87947500), (181927500, 97472500)]
13:39:12: [INFO] Routing pad 'SW8:1' at (177165000, 40322500) with pad 'SW24:1' at (186690000, 59372500) using coordinate system rotated by 0 degree(s)
13:39:12: [INFO] Adding track segment (F.Cu): [(177165000, 40322500), (177165000, 49847500)]
13:39:12: [INFO] Adding track segment (F.Cu): [(177165000, 49847500), (186690000, 59372500)]
13:39:12: [INFO] Routing pad 'SW24:1' at (186690000, 59372500) with pad 'SW39:1' at (191452500, 78422500) using coordinate system rotated by 0 degree(s)
13:39:12: [INFO] Adding track segment (F.Cu): [(186690000, 59372500), (186690000, 73660000)]
13:39:12: [INFO] Adding track segment (F.Cu): [(186690000, 73660000), (191452500, 78422500)]
13:39:12: [INFO] Routing COL3 pads
13:39:12: [INFO] Routing pad 'SW35:1' at (115252500, 78422500) with pad 'SW50:1' at (105727500, 97472500) using coordinate system rotated by 0 degree(s)
13:39:12: [INFO] Adding track segment (F.Cu): [(115252500, 78422500), (115252500, 87947500)]
13:39:12: [INFO] Adding track segment (F.Cu): [(115252500, 87947500), (105727500, 97472500)]
13:39:12: [INFO] Routing pad 'SW4:1' at (100965000, 40322500) with pad 'SW20:1' at (110490000, 59372500) using coordinate system rotated by 0 degree(s)
13:39:12: [INFO] Adding track segment (F.Cu): [(100965000, 40322500), (100965000, 49847500)]
13:39:12: [INFO] Adding track segment (F.Cu): [(100965000, 49847500), (110490000, 59372500)]
13:39:12: [INFO] Routing pad 'SW20:1' at (110490000, 59372500) with pad 'SW35:1' at (115252500, 78422500) using coordinate system rotated by 0 degree(s)
13:39:12: [INFO] Adding track segment (F.Cu): [(110490000, 59372500), (110490000, 73660000)]
13:39:12: [INFO] Adding track segment (F.Cu): [(110490000, 73660000), (115252500, 78422500)]
13:39:12: [INFO] Routing COL5 pads
13:39:12: [INFO] Routing pad 'SW37:1' at (153352500, 78422500) with pad 'SW52:1' at (143827500, 97472500) using coordinate system rotated by 0 degree(s)
13:39:12: [INFO] Adding track segment (F.Cu): [(153352500, 78422500), (153352500, 87947500)]
13:39:12: [INFO] Adding track segment (F.Cu): [(153352500, 87947500), (143827500, 97472500)]
13:39:12: [INFO] Routing pad 'SW6:1' at (139065000, 40322500) with pad 'SW22:1' at (148590000, 59372500) using coordinate system rotated by 0 degree(s)
13:39:12: [INFO] Adding track segment (F.Cu): [(139065000, 40322500), (139065000, 49847500)]
13:39:12: [INFO] Adding track segment (F.Cu): [(139065000, 49847500), (148590000, 59372500)]
13:39:12: [INFO] Routing pad 'SW22:1' at (148590000, 59372500) with pad 'SW37:1' at (153352500, 78422500) using coordinate system rotated by 0 degree(s)
13:39:12: [INFO] Adding track segment (F.Cu): [(148590000, 59372500), (148590000, 73660000)]
13:39:12: [INFO] Adding track segment (F.Cu): [(148590000, 73660000), (153352500, 78422500)]
13:39:12: [INFO] Routing COL13 pads
13:39:12: [INFO] Routing pad 'SW45:1' at (298608750, 78422500) with pad 'SW68:1' at (296227500, 121285000) using coordinate system rotated by 0 degree(s)
13:39:12: [INFO] Adding track segment (F.Cu): [(298608750, 78422500), (298608750, 118903750)]
13:39:12: [INFO] Adding track segment (F.Cu): [(298608750, 118903750), (296227500, 121285000)]
13:39:12: [INFO] Routing pad 'SW45a:1' at (308133750, 68897500) with pad 'SW45:1' at (298608750, 78422500) using coordinate system rotated by 0 degree(s)
13:39:12: [INFO] Adding track segment (F.Cu): [(308133750, 68897500), (308133750, 68897500)]
13:39:12: [INFO] Adding track segment (F.Cu): [(308133750, 68897500), (298608750, 78422500)]
13:39:12: [INFO] Routing pad 'SW14:1' at (291465000, 40322500) with pad 'SW30:1' at (305752500, 59372500) using coordinate system rotated by 0 degree(s)
13:39:12: [INFO] Routing pad 'SW30:1' at (305752500, 59372500) with pad 'SW45a:1' at (308133750, 68897500) using coordinate system rotated by 0 degree(s)
13:39:12: [INFO] Routing ROW2 pads
13:39:12: [INFO] Routing pad 'D32:1' at (59848750, 86362500) with pad 'D33:1' at (86042500, 86362500) using coordinate system rotated by 0 degree(s)
13:39:12: [INFO] Adding track segment (B.Cu): [(59848750, 86362500), (86042500, 86362500)]
13:39:12: [INFO] Routing pad 'D33:1' at (86042500, 86362500) with pad 'D34:1' at (105092500, 86362500) using coordinate system rotated by 0 degree(s)
13:39:12: [INFO] Adding track segment (B.Cu): [(86042500, 86362500), (105092500, 86362500)]
13:39:12: [INFO] Routing pad 'D34:1' at (105092500, 86362500) with pad 'D35:1' at (124142500, 86362500) using coordinate system rotated by 0 degree(s)
13:39:12: [INFO] Adding track segment (B.Cu): [(105092500, 86362500), (124142500, 86362500)]
13:39:12: [INFO] Routing pad 'D35:1' at (124142500, 86362500) with pad 'D36:1' at (143192500, 86362500) using coordinate system rotated by 0 degree(s)
13:39:12: [INFO] Adding track segment (B.Cu): [(124142500, 86362500), (143192500, 86362500)]
13:39:12: [INFO] Routing pad 'D36:1' at (143192500, 86362500) with pad 'D37:1' at (162242500, 86362500) using coordinate system rotated by 0 degree(s)
13:39:12: [INFO] Adding track segment (B.Cu): [(143192500, 86362500), (162242500, 86362500)]
13:39:12: [INFO] Routing pad 'D37:1' at (162242500, 86362500) with pad 'D38:1' at (181292500, 86362500) using coordinate system rotated by 0 degree(s)
13:39:12: [INFO] Adding track segment (B.Cu): [(162242500, 86362500), (181292500, 86362500)]
13:39:12: [INFO] Routing pad 'D38:1' at (181292500, 86362500) with pad 'D39:1' at (200342500, 86362500) using coordinate system rotated by 0 degree(s)
13:39:12: [INFO] Adding track segment (B.Cu): [(181292500, 86362500), (200342500, 86362500)]
13:39:12: [INFO] Routing pad 'D39:1' at (200342500, 86362500) with pad 'D40:1' at (219392500, 86362500) using coordinate system rotated by 0 degree(s)
13:39:12: [INFO] Adding track segment (B.Cu): [(200342500, 86362500), (219392500, 86362500)]
13:39:12: [INFO] Routing pad 'D40:1' at (219392500, 86362500) with pad 'D41:1' at (238442500, 86362500) using coordinate system rotated by 0 degree(s)
13:39:12: [INFO] Adding track segment (B.Cu): [(219392500, 86362500), (238442500, 86362500)]
13:39:12: [INFO] Routing pad 'D41:1' at (238442500, 86362500) with pad 'D42:1' at (257492500, 86362500) using coordinate system rotated by 0 degree(s)
13:39:12: [INFO] Adding track segment (B.Cu): [(238442500, 86362500), (257492500, 86362500)]
13:39:12: [INFO] Routing pad 'D42:1' at (257492500, 86362500) with pad 'D43:1' at (276542500, 86362500) using coordinate system rotated by 0 degree(s)
13:39:12: [INFO] Adding track segment (B.Cu): [(257492500, 86362500), (276542500, 86362500)]
13:39:12: [INFO] Routing pad 'D43:1' at (276542500, 86362500) with pad 'D44:1' at (295592500, 86362500) using coordinate system rotated by 0 degree(s)
13:39:12: [INFO] Adding track segment (B.Cu): [(276542500, 86362500), (295592500, 86362500)]
13:39:12: [INFO] Routing pad 'D44:1' at (295592500, 86362500) with pad 'D45:1' at (307498750, 86362500) using coordinate system rotated by 0 degree(s)
13:39:12: [INFO] Adding track segment (B.Cu): [(295592500, 86362500), (307498750, 86362500)]
13:39:12: [INFO] Routing pad 'D45:1' at (307498750, 86362500) with pad 'D46:1' at (347980000, 86362500) using coordinate system rotated by 0 degree(s)
13:39:12: [INFO] Adding track segment (B.Cu): [(307498750, 86362500), (347980000, 86362500)]
13:39:12: [INFO] Routing COL1 pads
13:39:12: [INFO] Routing pad 'SW33:1' at (77152500, 78422500) with pad 'SW48:1' at (67627500, 97472500) using coordinate system rotated by 0 degree(s)
13:39:12: [INFO] Routing pad 'SW48:1' at (67627500, 97472500) with pad 'SW63:1' at (70008750, 116522500) using coordinate system rotated by 0 degree(s)
13:39:12: [INFO] Adding track segment (F.Cu): [(67627500, 97472500), (67627500, 114141250)]
13:39:12: [INFO] Adding track segment (F.Cu): [(67627500, 114141250), (70008750, 116522500)]
13:39:12: [INFO] Routing pad 'SW2:1' at (62865000, 40322500) with pad 'SW18:1' at (72390000, 59372500) using coordinate system rotated by 0 degree(s)
13:39:12: [INFO] Adding track segment (F.Cu): [(62865000, 40322500), (62865000, 49847500)]
13:39:12: [INFO] Adding track segment (F.Cu): [(62865000, 49847500), (72390000, 59372500)]
13:39:12: [INFO] Routing pad 'SW18:1' at (72390000, 59372500) with pad 'SW33:1' at (77152500, 78422500) using coordinate system rotated by 0 degree(s)
13:39:12: [INFO] Adding track segment (F.Cu): [(72390000, 59372500), (72390000, 73660000)]
13:39:12: [INFO] Adding track segment (F.Cu): [(72390000, 73660000), (77152500, 78422500)]
13:39:12: [INFO] Routing COL15 pads
13:39:12: [INFO] Routing pad 'SW46:1' at (339090000, 78422500) with pad 'SW31:1' at (339090000, 59372500) using coordinate system rotated by 0 degree(s)
13:39:12: [INFO] Adding track segment (F.Cu): [(339090000, 78422500), (339090000, 59372500)]
13:39:12: [INFO] Routing pad 'SW61:1' at (339090000, 97472500) with pad 'SW46:1' at (339090000, 78422500) using coordinate system rotated by 0 degree(s)
13:39:12: [INFO] Adding track segment (F.Cu): [(339090000, 97472500), (339090000, 78422500)]
13:39:12: [INFO] Routing pad 'SW70:1' at (334327500, 121285000) with pad 'SW61:1' at (339090000, 97472500) using coordinate system rotated by 0 degree(s)
13:39:12: [INFO] Adding track segment (F.Cu): [(334327500, 121285000), (339090000, 116522500)]
13:39:12: [INFO] Adding track segment (F.Cu): [(339090000, 116522500), (339090000, 97472500)]
13:39:12: [INFO] Routing pad 'SW31:1' at (339090000, 59372500) with pad 'SW16:S1' at (349900000, 40600000) using coordinate system rotated by 0 degree(s)
13:39:12: [INFO] Adding track segment (F.Cu): [(339090000, 59372500), (339090000, 51410000)]
13:39:12: [INFO] Adding track segment (F.Cu): [(339090000, 51410000), (349900000, 40600000)]
13:39:12: [INFO] Routing COL0 pads
13:39:12: [INFO] Routing pad 'SW32:1' at (50958750, 78422500) with pad 'SW47a:1' at (46196250, 97472500) using coordinate system rotated by 0 degree(s)
13:39:12: [INFO] Adding track segment (F.Cu): [(50958750, 78422500), (50958750, 92710000)]
13:39:12: [INFO] Adding track segment (F.Cu): [(50958750, 92710000), (46196250, 97472500)]
13:39:12: [INFO] Routing pad 'SW47a:1' at (46196250, 97472500) with pad 'SW62:1' at (46196250, 116522500) using coordinate system rotated by 0 degree(s)
13:39:12: [INFO] Adding track segment (F.Cu): [(46196250, 97472500), (46196250, 116522500)]
13:39:12: [INFO] Could not add track segment due to detected collision
13:39:12: [INFO] Routing pad 'SW1:1' at (43815000, 40322500) with pad 'SW17:1' at (48577500, 59372500) using coordinate system rotated by 0 degree(s)
13:39:12: [INFO] Adding track segment (F.Cu): [(43815000, 40322500), (43815000, 54610000)]
13:39:12: [INFO] Adding track segment (F.Cu): [(43815000, 54610000), (48577500, 59372500)]
13:39:12: [INFO] Routing pad 'SW17:1' at (48577500, 59372500) with pad 'SW32:1' at (50958750, 78422500) using coordinate system rotated by 0 degree(s)
13:39:12: [INFO] Adding track segment (F.Cu): [(48577500, 59372500), (48577500, 76041250)]
13:39:12: [INFO] Adding track segment (F.Cu): [(48577500, 76041250), (50958750, 78422500)]
13:39:12: [INFO] Routing pad 'SW47a:1' at (46196250, 97472500) with pad 'SW47:1' at (55721250, 97472500) using coordinate system rotated by 0 degree(s)
13:39:12: [INFO] Adding track segment (F.Cu): [(46196250, 97472500), (55721250, 97472500)]
13:39:12: [INFO] Routing COL10 pads
13:39:12: [INFO] Routing pad 'SW42:1' at (248602500, 78422500) with pad 'SW57:1' at (239077500, 97472500) using coordinate system rotated by 0 degree(s)
13:39:12: [INFO] Adding track segment (F.Cu): [(248602500, 78422500), (248602500, 87947500)]
13:39:12: [INFO] Adding track segment (F.Cu): [(248602500, 87947500), (239077500, 97472500)]
13:39:12: [INFO] Routing pad 'SW57:1' at (239077500, 97472500) with pad 'SW66:1' at (239077500, 116522500) using coordinate system rotated by 0 degree(s)
13:39:12: [INFO] Adding track segment (F.Cu): [(239077500, 97472500), (239077500, 116522500)]
13:39:12: [INFO] Routing pad 'SW11:1' at (234315000, 40322500) with pad 'SW27:1' at (243840000, 59372500) using coordinate system rotated by 0 degree(s)
13:39:12: [INFO] Adding track segment (F.Cu): [(234315000, 40322500), (234315000, 49847500)]
13:39:12: [INFO] Adding track segment (F.Cu): [(234315000, 49847500), (243840000, 59372500)]
13:39:12: [INFO] Routing pad 'SW27:1' at (243840000, 59372500) with pad 'SW42:1' at (248602500, 78422500) using coordinate system rotated by 0 degree(s)
13:39:12: [INFO] Adding track segment (F.Cu): [(243840000, 59372500), (243840000, 73660000)]
13:39:12: [INFO] Adding track segment (F.Cu): [(243840000, 73660000), (248602500, 78422500)]
13:39:12: [INFO] Routing COL11 pads
13:39:12: [INFO] Routing pad 'SW43:1' at (267652500, 78422500) with pad 'SW58:1' at (258127500, 97472500) using coordinate system rotated by 0 degree(s)
13:39:12: [INFO] Adding track segment (F.Cu): [(267652500, 78422500), (267652500, 87947500)]
13:39:12: [INFO] Adding track segment (F.Cu): [(267652500, 87947500), (258127500, 97472500)]
13:39:12: [INFO] Routing pad 'SW12:1' at (253365000, 40322500) with pad 'SW28:1' at (262890000, 59372500) using coordinate system rotated by 0 degree(s)
13:39:12: [INFO] Adding track segment (F.Cu): [(253365000, 40322500), (253365000, 49847500)]
13:39:12: [INFO] Adding track segment (F.Cu): [(253365000, 49847500), (262890000, 59372500)]
13:39:12: [INFO] Routing pad 'SW28:1' at (262890000, 59372500) with pad 'SW43:1' at (267652500, 78422500) using coordinate system rotated by 0 degree(s)
13:39:12: [INFO] Adding track segment (F.Cu): [(262890000, 59372500), (262890000, 73660000)]
13:39:12: [INFO] Adding track segment (F.Cu): [(262890000, 73660000), (267652500, 78422500)]
13:39:12: [INFO] Routing pad 'SW58:1' at (258127500, 97472500) with pad 'SW67:1' at (267652500, 116522500) using coordinate system rotated by 0 degree(s)
13:39:12: [INFO] Adding track segment (F.Cu): [(258127500, 97472500), (258127500, 106997500)]
13:39:12: [INFO] Adding track segment (F.Cu): [(258127500, 106997500), (267652500, 116522500)]
13:39:13: [INFO] Routing ROW4 pads
13:39:13: [INFO] Routing pad 'D62:1' at (55086250, 124462500) with pad 'D63:1' at (78898750, 124462500) using coordinate system rotated by 0 degree(s)
13:39:13: [INFO] Adding track segment (B.Cu): [(55086250, 124462500), (78898750, 124462500)]
13:39:13: [INFO] Routing pad 'D63:1' at (78898750, 124462500) with pad 'D64:1' at (102711250, 124462500) using coordinate system rotated by 0 degree(s)
13:39:13: [INFO] Adding track segment (B.Cu): [(78898750, 124462500), (102711250, 124462500)]
13:39:13: [INFO] Routing pad 'D64:1' at (102711250, 124462500) with pad 'D65:1' at (174148750, 124462500) using coordinate system rotated by 0 degree(s)
13:39:13: [INFO] Adding track segment (B.Cu): [(102711250, 124462500), (174148750, 124462500)]
13:39:13: [INFO] Routing pad 'D65:1' at (174148750, 124462500) with pad 'D66:1' at (247967500, 124462500) using coordinate system rotated by 0 degree(s)
13:39:13: [INFO] Adding track segment (B.Cu): [(174148750, 124462500), (247967500, 124462500)]
13:39:13: [INFO] Routing pad 'D66:1' at (247967500, 124462500) with pad 'D67:1' at (276542500, 124462500) using coordinate system rotated by 0 degree(s)
13:39:13: [INFO] Adding track segment (B.Cu): [(247967500, 124462500), (276542500, 124462500)]
13:39:13: [INFO] Routing pad 'D67:1' at (276542500, 124462500) with pad 'D68:1' at (305117500, 129225000) using coordinate system rotated by 0 degree(s)
13:39:13: [INFO] Adding track segment (B.Cu): [(276542500, 124462500), (281305000, 129225000)]
13:39:13: [INFO] Adding track segment (B.Cu): [(281305000, 129225000), (305117500, 129225000)]
13:39:13: [INFO] Routing pad 'D68:1' at (305117500, 129225000) with pad 'D69:1' at (324167500, 129225000) using coordinate system rotated by 0 degree(s)
13:39:13: [INFO] Adding track segment (B.Cu): [(305117500, 129225000), (324167500, 129225000)]
13:39:13: [INFO] Routing pad 'D69:1' at (324167500, 129225000) with pad 'D70:1' at (343217500, 129225000) using coordinate system rotated by 0 degree(s)
13:39:13: [INFO] Adding track segment (B.Cu): [(324167500, 129225000), (343217500, 129225000)]
13:39:13: [INFO] Routing COL6 pads
13:39:13: [INFO] Routing pad 'SW38:1' at (172402500, 78422500) with pad 'SW53:1' at (162877500, 97472500) using coordinate system rotated by 0 degree(s)
13:39:13: [INFO] Adding track segment (F.Cu): [(172402500, 78422500), (172402500, 87947500)]
13:39:13: [INFO] Adding track segment (F.Cu): [(172402500, 87947500), (162877500, 97472500)]
13:39:13: [INFO] Routing pad 'SW53:1' at (162877500, 97472500) with pad 'SW65:1' at (165258750, 116522500) using coordinate system rotated by 0 degree(s)
13:39:13: [INFO] Adding track segment (F.Cu): [(162877500, 97472500), (162877500, 114141250)]
13:39:13: [INFO] Adding track segment (F.Cu): [(162877500, 114141250), (165258750, 116522500)]
13:39:13: [INFO] Routing pad 'SW7:1' at (158115000, 40322500) with pad 'SW23:1' at (167640000, 59372500) using coordinate system rotated by 0 degree(s)
13:39:13: [INFO] Adding track segment (F.Cu): [(158115000, 40322500), (158115000, 49847500)]
13:39:13: [INFO] Adding track segment (F.Cu): [(158115000, 49847500), (167640000, 59372500)]
13:39:13: [INFO] Routing pad 'SW23:1' at (167640000, 59372500) with pad 'SW38:1' at (172402500, 78422500) using coordinate system rotated by 0 degree(s)
13:39:13: [INFO] Adding track segment (F.Cu): [(167640000, 59372500), (167640000, 73660000)]
13:39:13: [INFO] Adding track segment (F.Cu): [(167640000, 73660000), (172402500, 78422500)]
13:39:13: [INFO] Routing COL12 pads
13:39:13: [INFO] Routing pad 'SW13:1' at (272415000, 40322500) with pad 'SW29:1' at (281940000, 59372500) using coordinate system rotated by 0 degree(s)
13:39:13: [INFO] Adding track segment (F.Cu): [(272415000, 40322500), (272415000, 49847500)]
13:39:13: [INFO] Adding track segment (F.Cu): [(272415000, 49847500), (281940000, 59372500)]
13:39:13: [INFO] Routing pad 'SW44:1' at (286702500, 78422500) with pad 'SW59:1' at (284321250, 97472500) using coordinate system rotated by 0 degree(s)
13:39:13: [INFO] Adding track segment (F.Cu): [(286702500, 78422500), (286702500, 95091250)]
13:39:13: [INFO] Adding track segment (F.Cu): [(286702500, 95091250), (284321250, 97472500)]
13:39:13: [INFO] Routing pad 'SW29:1' at (281940000, 59372500) with pad 'SW44:1' at (286702500, 78422500) using coordinate system rotated by 0 degree(s)
13:39:13: [INFO] Adding track segment (F.Cu): [(281940000, 59372500), (281940000, 73660000)]
13:39:13: [INFO] Adding track segment (F.Cu): [(281940000, 73660000), (286702500, 78422500)]
13:39:13: [INFO] Routing COL14 pads
13:39:13: [INFO] Routing pad 'SW15:1' at (300990000, 40322500) with pad 'SW15a:1' at (310515000, 40322500) using coordinate system rotated by 0 degree(s)
13:39:13: [INFO] Adding track segment (F.Cu): [(300990000, 40322500), (310515000, 40322500)]
13:39:13: [INFO] Routing pad 'SW15a:1' at (310515000, 40322500) with pad 'SW60:1' at (315277500, 102235000) using coordinate system rotated by 0 degree(s)
13:39:13: [INFO] Routing pad 'SW60:1' at (315277500, 102235000) with pad 'SW69:1' at (315277500, 121285000) using coordinate system rotated by 0 degree(s)
13:39:13: [INFO] Adding track segment (F.Cu): [(315277500, 102235000), (315277500, 121285000)]
13:39:13: [INFO] Routing ROW3 pads
13:39:13: [INFO] Routing pad 'D47:1' at (64611250, 105412500) with pad 'D48:1' at (76517500, 105412500) using coordinate system rotated by 0 degree(s)
13:39:13: [INFO] Adding track segment (B.Cu): [(64611250, 105412500), (76517500, 105412500)]
13:39:13: [INFO] Routing pad 'D48:1' at (76517500, 105412500) with pad 'D49:1' at (95567500, 105412500) using coordinate system rotated by 0 degree(s)
13:39:13: [INFO] Adding track segment (B.Cu): [(76517500, 105412500), (95567500, 105412500)]
13:39:13: [INFO] Routing pad 'D49:1' at (95567500, 105412500) with pad 'D50:1' at (114617500, 105412500) using coordinate system rotated by 0 degree(s)
13:39:13: [INFO] Adding track segment (B.Cu): [(95567500, 105412500), (114617500, 105412500)]
13:39:13: [INFO] Routing pad 'D50:1' at (114617500, 105412500) with pad 'D51:1' at (133667500, 105412500) using coordinate system rotated by 0 degree(s)
13:39:13: [INFO] Adding track segment (B.Cu): [(114617500, 105412500), (133667500, 105412500)]
13:39:13: [INFO] Routing pad 'D51:1' at (133667500, 105412500) with pad 'D52:1' at (152717500, 105412500) using coordinate system rotated by 0 degree(s)
13:39:13: [INFO] Adding track segment (B.Cu): [(133667500, 105412500), (152717500, 105412500)]
13:39:13: [INFO] Routing pad 'D52:1' at (152717500, 105412500) with pad 'D53:1' at (171767500, 105412500) using coordinate system rotated by 0 degree(s)
13:39:13: [INFO] Adding track segment (B.Cu): [(152717500, 105412500), (171767500, 105412500)]
13:39:13: [INFO] Routing pad 'D53:1' at (171767500, 105412500) with pad 'D54:1' at (190817500, 105412500) using coordinate system rotated by 0 degree(s)
13:39:13: [INFO] Adding track segment (B.Cu): [(171767500, 105412500), (190817500, 105412500)]
13:39:13: [INFO] Routing pad 'D54:1' at (190817500, 105412500) with pad 'D55:1' at (209867500, 105412500) using coordinate system rotated by 0 degree(s)
13:39:13: [INFO] Adding track segment (B.Cu): [(190817500, 105412500), (209867500, 105412500)]
13:39:13: [INFO] Routing pad 'D55:1' at (209867500, 105412500) with pad 'D56:1' at (228917500, 105412500) using coordinate system rotated by 0 degree(s)
13:39:13: [INFO] Adding track segment (B.Cu): [(209867500, 105412500), (228917500, 105412500)]
13:39:13: [INFO] Routing pad 'D56:1' at (228917500, 105412500) with pad 'D57:1' at (247967500, 105412500) using coordinate system rotated by 0 degree(s)
13:39:13: [INFO] Adding track segment (B.Cu): [(228917500, 105412500), (247967500, 105412500)]
13:39:13: [INFO] Routing pad 'D57:1' at (247967500, 105412500) with pad 'D58:1' at (267017500, 105412500) using coordinate system rotated by 0 degree(s)
13:39:13: [INFO] Adding track segment (B.Cu): [(247967500, 105412500), (267017500, 105412500)]
13:39:13: [INFO] Routing pad 'D58:1' at (267017500, 105412500) with pad 'D59:1' at (293211250, 105412500) using coordinate system rotated by 0 degree(s)
13:39:13: [INFO] Adding track segment (B.Cu): [(267017500, 105412500), (293211250, 105412500)]
13:39:13: [INFO] Routing pad 'D59:1' at (293211250, 105412500) with pad 'D60:1' at (324167500, 110175000) using coordinate system rotated by 0 degree(s)
13:39:13: [INFO] Adding track segment (B.Cu): [(293211250, 105412500), (297973750, 110175000)]
13:39:13: [INFO] Adding track segment (B.Cu): [(297973750, 110175000), (324167500, 110175000)]
13:39:13: [INFO] Routing pad 'D60:1' at (324167500, 110175000) with pad 'D61:1' at (347980000, 105412500) using coordinate system rotated by 0 degree(s)
13:39:13: [INFO] Adding track segment (B.Cu): [(324167500, 110175000), (343217500, 110175000)]
13:39:13: [INFO] Adding track segment (B.Cu): [(343217500, 110175000), (347980000, 105412500)]
13:39:13: [INFO] Routing COL9 pads
13:39:13: [INFO] Routing pad 'SW41:1' at (229552500, 78422500) with pad 'SW56:1' at (220027500, 97472500) using coordinate system rotated by 0 degree(s)
13:39:13: [INFO] Adding track segment (F.Cu): [(229552500, 78422500), (229552500, 87947500)]
13:39:13: [INFO] Adding track segment (F.Cu): [(229552500, 87947500), (220027500, 97472500)]
13:39:13: [INFO] Routing pad 'SW10:1' at (215265000, 40322500) with pad 'SW26:1' at (224790000, 59372500) using coordinate system rotated by 0 degree(s)
13:39:13: [INFO] Adding track segment (F.Cu): [(215265000, 40322500), (215265000, 49847500)]
13:39:13: [INFO] Adding track segment (F.Cu): [(215265000, 49847500), (224790000, 59372500)]
13:39:13: [INFO] Routing pad 'SW26:1' at (224790000, 59372500) with pad 'SW41:1' at (229552500, 78422500) using coordinate system rotated by 0 degree(s)
13:39:13: [INFO] Adding track segment (F.Cu): [(224790000, 59372500), (224790000, 73660000)]
13:39:13: [INFO] Adding track segment (F.Cu): [(224790000, 73660000), (229552500, 78422500)]
13:39:13: [INFO] Routing ROW0 pads
13:39:13: [INFO] Routing pad 'D1:1' at (52705000, 48262500) with pad 'D2:1' at (71755000, 48262500) using coordinate system rotated by 0 degree(s)
13:39:13: [INFO] Adding track segment (B.Cu): [(52705000, 48262500), (71755000, 48262500)]
13:39:13: [INFO] Routing pad 'D2:1' at (71755000, 48262500) with pad 'D3:1' at (90805000, 48262500) using coordinate system rotated by 0 degree(s)
13:39:13: [INFO] Adding track segment (B.Cu): [(71755000, 48262500), (90805000, 48262500)]
13:39:13: [INFO] Routing pad 'D3:1' at (90805000, 48262500) with pad 'D4:1' at (109855000, 48262500) using coordinate system rotated by 0 degree(s)
13:39:13: [INFO] Adding track segment (B.Cu): [(90805000, 48262500), (109855000, 48262500)]
13:39:13: [INFO] Routing pad 'D4:1' at (109855000, 48262500) with pad 'D5:1' at (128905000, 48262500) using coordinate system rotated by 0 degree(s)
13:39:13: [INFO] Adding track segment (B.Cu): [(109855000, 48262500), (128905000, 48262500)]
13:39:13: [INFO] Routing pad 'D5:1' at (128905000, 48262500) with pad 'D6:1' at (147955000, 48262500) using coordinate system rotated by 0 degree(s)
13:39:13: [INFO] Adding track segment (B.Cu): [(128905000, 48262500), (147955000, 48262500)]
13:39:13: [INFO] Routing pad 'D6:1' at (147955000, 48262500) with pad 'D7:1' at (167005000, 48262500) using coordinate system rotated by 0 degree(s)
13:39:13: [INFO] Adding track segment (B.Cu): [(147955000, 48262500), (167005000, 48262500)]
13:39:13: [INFO] Routing pad 'D7:1' at (167005000, 48262500) with pad 'D8:1' at (186055000, 48262500) using coordinate system rotated by 0 degree(s)
13:39:13: [INFO] Adding track segment (B.Cu): [(167005000, 48262500), (186055000, 48262500)]
13:39:13: [INFO] Routing pad 'D8:1' at (186055000, 48262500) with pad 'D9:1' at (205105000, 48262500) using coordinate system rotated by 0 degree(s)
13:39:13: [INFO] Adding track segment (B.Cu): [(186055000, 48262500), (205105000, 48262500)]
13:39:13: [INFO] Routing pad 'D9:1' at (205105000, 48262500) with pad 'D10:1' at (224155000, 48262500) using coordinate system rotated by 0 degree(s)
13:39:13: [INFO] Adding track segment (B.Cu): [(205105000, 48262500), (224155000, 48262500)]
13:39:13: [INFO] Routing pad 'D10:1' at (224155000, 48262500) with pad 'D11:1' at (243205000, 48262500) using coordinate system rotated by 0 degree(s)
13:39:13: [INFO] Adding track segment (B.Cu): [(224155000, 48262500), (243205000, 48262500)]
13:39:13: [INFO] Routing pad 'D11:1' at (243205000, 48262500) with pad 'D12:1' at (262255000, 48262500) using coordinate system rotated by 0 degree(s)
13:39:13: [INFO] Adding track segment (B.Cu): [(243205000, 48262500), (262255000, 48262500)]
13:39:13: [INFO] Routing pad 'D12:1' at (262255000, 48262500) with pad 'D13:1' at (281305000, 48262500) using coordinate system rotated by 0 degree(s)
13:39:13: [INFO] Adding track segment (B.Cu): [(262255000, 48262500), (281305000, 48262500)]
13:39:13: [INFO] Routing pad 'D13:1' at (281305000, 48262500) with pad 'D14:1' at (300355000, 48262500) using coordinate system rotated by 0 degree(s)
13:39:13: [INFO] Adding track segment (B.Cu): [(281305000, 48262500), (300355000, 48262500)]
13:39:13: [INFO] Routing pad 'D14:1' at (300355000, 48262500) with pad 'D15:1' at (309880000, 48262500) using coordinate system rotated by 0 degree(s)
13:39:13: [INFO] Adding track segment (B.Cu): [(300355000, 48262500), (309880000, 48262500)]
13:39:13: [INFO] Routing pad 'D15:1' at (309880000, 48262500) with pad 'D16:1' at (340480000, 41000000) using coordinate system rotated by 0 degree(s)
13:39:13: [INFO] Adding track segment (B.Cu): [(309880000, 48262500), (333217500, 48262500)]
13:39:13: [INFO] Adding track segment (B.Cu): [(333217500, 48262500), (340480000, 41000000)]
13:39:13: [INFO] Routing COL2 pads
13:39:13: [INFO] Routing pad 'SW34:1' at (96202500, 78422500) with pad 'SW49:1' at (86677500, 97472500) using coordinate system rotated by 0 degree(s)
13:39:13: [INFO] Adding track segment (F.Cu): [(96202500, 78422500), (96202500, 87947500)]
13:39:13: [INFO] Adding track segment (F.Cu): [(96202500, 87947500), (86677500, 97472500)]
13:39:13: [INFO] Routing pad 'SW3:1' at (81915000, 40322500) with pad 'SW19:1' at (91440000, 59372500) using coordinate system rotated by 0 degree(s)
13:39:13: [INFO] Adding track segment (F.Cu): [(81915000, 40322500), (81915000, 49847500)]
13:39:13: [INFO] Adding track segment (F.Cu): [(81915000, 49847500), (91440000, 59372500)]
13:39:13: [INFO] Routing pad 'SW49:1' at (86677500, 97472500) with pad 'SW64:1' at (93821250, 116522500) using coordinate system rotated by 0 degree(s)
13:39:13: [INFO] Adding track segment (F.Cu): [(86677500, 97472500), (86677500, 109378750)]
13:39:13: [INFO] Adding track segment (F.Cu): [(86677500, 109378750), (93821250, 116522500)]
13:39:13: [INFO] Routing pad 'SW19:1' at (91440000, 59372500) with pad 'SW34:1' at (96202500, 78422500) using coordinate system rotated by 0 degree(s)
13:39:13: [INFO] Adding track segment (F.Cu): [(91440000, 59372500), (91440000, 73660000)]
13:39:13: [INFO] Adding track segment (F.Cu): [(91440000, 73660000), (96202500, 78422500)]
13:39:13: [INFO] Removing dangling tracks
13:39:13: [INFO] Removing 4cbbc50a-82a9-48da-8498-980dc5f8bc50
