=== kbplacer.kle_serial ===
=== layout2image.py ===
=== kbplacer ===
13:42:01: [INFO] User layout: https://editor.keyboard-tools.xyz/#share=NrDeCIGNwLgAnAYgIareAvgGgQBi7uDhNPEpBZZjuPgIxF5YBMjtWAzG-gCzdYBWRhAAesOMwB0zAdgQ8sDGgtbLObBXzVDiUcUjTo54BQDZwAXSwAoYODoFhesokpVjDpQgerv6mg5afjpwouJSMsYCgmzRQeDRXDTRvgmKsY5WtiT6KIbI1AjMjrqkCK5u0MbFXuDFqcVJRVjxxSFh8BGyNKYxPS1svU3gvam9Xjku+QXGvYRZdhwlCEu1S6lLw0vxS+3O5ZVVNEvmumLwuNLdCADsWKeh+wb5heB3IW8DNHfDd6l3tTu8wsQA
13:42:01: [INFO] Labels prefixes: for rows: 'ROW', for columns: 'COL'
13:42:01: [INFO] Matrix size: 7x6
13:42:01: [INFO] Add COL0 net
13:42:01: [INFO] Add COL1 net
13:42:01: [INFO] Add COL2 net
13:42:01: [INFO] Add COL3 net
13:42:01: [INFO] Add COL4 net
13:42:01: [INFO] Add COL5 net
13:42:01: [INFO] Add COL6 net
13:42:01: [INFO] Add Net-(D1-A) net
13:42:01: [INFO] Add Net-(D10-A) net
13:42:01: [INFO] Add Net-(D11-A) net
13:42:01: [INFO] Add Net-(D12-A) net
13:42:01: [INFO] Add Net-(D13-A) net
13:42:01: [INFO] Add Net-(D14-A) net
13:42:01: [INFO] Add Net-(D15-A) net
13:42:01: [INFO] Add Net-(D16-A) net
13:42:01: [INFO] Add Net-(D17-A) net
13:42:01: [INFO] Add Net-(D18-A) net
13:42:01: [INFO] Add Net-(D19-A) net
13:42:01: [INFO] Add Net-(D2-A) net
13:42:01: [INFO] Add Net-(D20-A) net
13:42:01: [INFO] Add Net-(D21-A) net
13:42:01: [INFO] Add Net-(D22-A) net
13:42:01: [INFO] Add Net-(D23-A) net
13:42:01: [INFO] Add Net-(D24-A) net
13:42:01: [INFO] Add Net-(D25-A) net
13:42:01: [INFO] Add Net-(D26-A) net
13:42:01: [INFO] Add Net-(D27-A) net
13:42:01: [INFO] Add Net-(D28-A) net
13:42:01: [INFO] Add Net-(D29-A) net
13:42:01: [INFO] Add Net-(D3-A) net
13:42:01: [INFO] Add Net-(D30-A) net
13:42:01: [INFO] Add Net-(D31-A) net
13:42:01: [INFO] Add Net-(D32-A) net
13:42:01: [INFO] Add Net-(D33-A) net
13:42:01: [INFO] Add Net-(D34-A) net
13:42:01: [INFO] Add Net-(D35-A) net
13:42:01: [INFO] Add Net-(D36-A) net
13:42:01: [INFO] Add Net-(D37-A) net
13:42:01: [INFO] Add Net-(D38-A) net
13:42:01: [INFO] Add Net-(D39-A) net
13:42:01: [INFO] Add Net-(D4-A) net
13:42:01: [INFO] Add Net-(D40-A) net
13:42:01: [INFO] Add Net-(D41-A) net
13:42:01: [INFO] Add Net-(D42-A) net
13:42:01: [INFO] Add Net-(D43-A) net
13:42:01: [INFO] Add Net-(D44-A) net
13:42:01: [INFO] Add Net-(D45-A) net
13:42:01: [INFO] Add Net-(D46-A) net
13:42:01: [INFO] Add Net-(D47-A) net
13:42:01: [INFO] Add Net-(D48-A) net
13:42:01: [INFO] Add Net-(D49-A) net
13:42:01: [INFO] Add Net-(D5-A) net
13:42:01: [INFO] Add Net-(D50-A) net
13:42:01: [INFO] Add Net-(D6-A) net
13:42:01: [INFO] Add Net-(D7-A) net
13:42:01: [INFO] Add Net-(D8-A) net
13:42:01: [INFO] Add Net-(D9-A) net
13:42:01: [INFO] Add ROW0 net
13:42:01: [INFO] Add ROW1 net
13:42:01: [INFO] Add ROW2 net
13:42:01: [INFO] Add ROW3 net
13:42:01: [INFO] Add ROW4 net
13:42:01: [INFO] Add ROW5 net
13:42:01: [INFO] Add ROW6 net
13:42:01: [INFO] Add ROW7 net
13:42:01: [INFO] Add SW1 footprint
13:42:01: [INFO] Add D1 footprint
13:42:01: [INFO] Add SW2 footprint
13:42:01: [INFO] Add D2 footprint
13:42:01: [INFO] Add SW3 footprint
13:42:01: [INFO] Add D3 footprint
13:42:01: [INFO] Add SW4 footprint
13:42:01: [INFO] Add D4 footprint
13:42:01: [INFO] Add SW5 footprint
13:42:01: [INFO] Add D5 footprint
13:42:02: [INFO] Add SW6 footprint
13:42:02: [INFO] Add D6 footprint
13:42:02: [INFO] Add SW7 footprint
13:42:02: [INFO] Add D7 footprint
13:42:02: [INFO] Add SW8 footprint
13:42:02: [INFO] Add D8 footprint
13:42:02: [INFO] Add SW9 footprint
13:42:02: [INFO] Add D9 footprint
13:42:02: [INFO] Add SW10 footprint
13:42:02: [INFO] Add D10 footprint
13:42:02: [INFO] Add SW11 footprint
13:42:02: [INFO] Add D11 footprint
13:42:02: [INFO] Add SW12 footprint
13:42:02: [INFO] Add D12 footprint
13:42:02: [INFO] Add SW13 footprint
13:42:02: [INFO] Add D13 footprint
13:42:02: [INFO] Add SW14 footprint
13:42:02: [INFO] Add D14 footprint
13:42:02: [INFO] Add SW15 footprint
13:42:02: [INFO] Add D15 footprint
13:42:02: [INFO] Add SW16 footprint
13:42:02: [INFO] Add D16 footprint
13:42:02: [INFO] Add SW17 footprint
13:42:02: [INFO] Add D17 footprint
13:42:02: [INFO] Add SW18 footprint
13:42:02: [INFO] Add D18 footprint
13:42:02: [INFO] Add SW19 footprint
13:42:02: [INFO] Add D19 footprint
13:42:02: [INFO] Add SW20 footprint
13:42:02: [INFO] Add D20 footprint
13:42:02: [INFO] Add SW21 footprint
13:42:02: [INFO] Add D21 footprint
13:42:02: [INFO] Add SW22 footprint
13:42:03: [INFO] Add D22 footprint
13:42:03: [INFO] Add SW23 footprint
13:42:03: [INFO] Add D23 footprint
13:42:03: [INFO] Add SW24 footprint
13:42:03: [INFO] Add D24 footprint
13:42:03: [INFO] Add SW25 footprint
13:42:03: [INFO] Add D25 footprint
13:42:03: [INFO] Add SW26 footprint
13:42:03: [INFO] Add D26 footprint
13:42:03: [INFO] Add SW27 footprint
13:42:03: [INFO] Add D27 footprint
13:42:03: [INFO] Add SW28 footprint
13:42:03: [INFO] Add D28 footprint
13:42:03: [INFO] Add SW29 footprint
13:42:03: [INFO] Add D29 footprint
13:42:03: [INFO] Add SW30 footprint
13:42:03: [INFO] Add D30 footprint
13:42:03: [INFO] Add SW31 footprint
13:42:03: [INFO] Add D31 footprint
13:42:03: [INFO] Add SW32 footprint
13:42:03: [INFO] Add D32 footprint
13:42:03: [INFO] Add SW33 footprint
13:42:03: [INFO] Add D33 footprint
13:42:03: [INFO] Add SW34 footprint
13:42:03: [INFO] Add D34 footprint
13:42:03: [INFO] Add SW35 footprint
13:42:03: [INFO] Add D35 footprint
13:42:03: [INFO] Add SW36 footprint
13:42:03: [INFO] Add D36 footprint
13:42:03: [INFO] Add SW37 footprint
13:42:03: [INFO] Add D37 footprint
13:42:03: [INFO] Add SW38 footprint
13:42:03: [INFO] Add D38 footprint
13:42:03: [INFO] Add SW39 footprint
13:42:03: [INFO] Add D39 footprint
13:42:04: [INFO] Add SW40 footprint
13:42:04: [INFO] Add D40 footprint
13:42:04: [INFO] Add SW41 footprint
13:42:04: [INFO] Add D41 footprint
13:42:04: [INFO] Add SW42 footprint
13:42:04: [INFO] Add D42 footprint
13:42:04: [INFO] Add SW43 footprint
13:42:04: [INFO] Add D43 footprint
13:42:04: [INFO] Add SW44 footprint
13:42:04: [INFO] Add D44 footprint
13:42:04: [INFO] Add SW45 footprint
13:42:04: [INFO] Add D45 footprint
13:42:04: [INFO] Add SW46 footprint
13:42:04: [INFO] Add D46 footprint
13:42:04: [INFO] Add SW47 footprint
13:42:04: [INFO] Add D47 footprint
13:42:04: [INFO] Add SW48 footprint
13:42:04: [INFO] Add D48 footprint
13:42:04: [INFO] Add SW49 footprint
13:42:04: [INFO] Add D49 footprint
13:42:04: [INFO] Add SW50 footprint
13:42:04: [INFO] Add D50 footprint
13:42:04: [INFO] Detected layout convertible to matrix annotated keyboard
13:42:04: [INFO] Using key 1U distance: (19.05, 19.05) mm
13:42:04: [INFO] Layout offset: (28575000, 28575000)
13:42:04: [INFO] Diode info: [ElementInfo(annotation_format='D{}', position_option=<PositionOption.CUSTOM: 'Custom'>, position=ElementPosition(x=5.08, y=4.0, orientation=90.0, side=<Side.BACK: 'Back'>), template_path='', start_index=-1)]
13:42:04: [INFO] Placing additional elements for SW50
13:42:04: [INFO] Placing additional elements for SW49
13:42:04: [INFO] Placing additional elements for SW48
13:42:04: [INFO] Placing additional elements for SW47
13:42:04: [INFO] Placing additional elements for SW46
13:42:04: [INFO] Placing additional elements for SW45
13:42:04: [INFO] Placing additional elements for SW44
13:42:04: [INFO] Placing additional elements for SW43
13:42:04: [INFO] Placing additional elements for SW42
13:42:04: [INFO] Placing additional elements for SW41
13:42:04: [INFO] Placing additional elements for SW40
13:42:04: [INFO] Placing additional elements for SW39
13:42:04: [INFO] Placing additional elements for SW38
13:42:04: [INFO] Placing additional elements for SW37
13:42:04: [INFO] Placing additional elements for SW36
13:42:04: [INFO] Placing additional elements for SW35
13:42:04: [INFO] Placing additional elements for SW34
13:42:04: [INFO] Placing additional elements for SW33
13:42:04: [INFO] Placing additional elements for SW32
13:42:04: [INFO] Placing additional elements for SW31
13:42:04: [INFO] Placing additional elements for SW30
13:42:04: [INFO] Placing additional elements for SW29
13:42:04: [INFO] Placing additional elements for SW28
13:42:04: [INFO] Placing additional elements for SW27
13:42:04: [INFO] Placing additional elements for SW26
13:42:04: [INFO] Placing additional elements for SW25
13:42:04: [INFO] Placing additional elements for SW24
13:42:04: [INFO] Placing additional elements for SW23
13:42:04: [INFO] Placing additional elements for SW22
13:42:04: [INFO] Placing additional elements for SW21
13:42:04: [INFO] Placing additional elements for SW20
13:42:04: [INFO] Placing additional elements for SW19
13:42:04: [INFO] Placing additional elements for SW18
13:42:04: [INFO] Placing additional elements for SW17
13:42:04: [INFO] Placing additional elements for SW16
13:42:04: [INFO] Placing additional elements for SW15
13:42:04: [INFO] Placing additional elements for SW14
13:42:04: [INFO] Placing additional elements for SW13
13:42:04: [INFO] Placing additional elements for SW12
13:42:04: [INFO] Placing additional elements for SW11
13:42:04: [INFO] Placing additional elements for SW10
13:42:04: [INFO] Placing additional elements for SW9
13:42:04: [INFO] Placing additional elements for SW8
13:42:04: [INFO] Placing additional elements for SW7
13:42:04: [INFO] Placing additional elements for SW6
13:42:04: [INFO] Placing additional elements for SW5
13:42:04: [INFO] Placing additional elements for SW4
13:42:04: [INFO] Placing additional elements for SW3
13:42:04: [INFO] Placing additional elements for SW2
13:42:04: [INFO] Placing additional elements for SW1
13:42:04: [INFO] Routing SW50 with D50
13:42:04: [INFO] Using internal autorouter method
13:42:04: [INFO] Routing pad 'SW50:2' at (178752500, 90170000) with pad 'D50:2' at (181292500, 97850000) using coordinate system rotated by 0 degree(s)
13:42:04: [INFO] Adding track segment (B.Cu): [(178752500, 90170000), (178752500, 95310000)]
13:42:04: [INFO] Adding track segment (B.Cu): [(178752500, 95310000), (181292500, 97850000)]
13:42:04: [INFO] Routing SW49 with D49
13:42:04: [INFO] Using internal autorouter method
13:42:04: [INFO] Routing pad 'SW49:2' at (197802500, 90170000) with pad 'D49:2' at (200342500, 97850000) using coordinate system rotated by 0 degree(s)
13:42:04: [INFO] Adding track segment (B.Cu): [(197802500, 90170000), (197802500, 95310000)]
13:42:04: [INFO] Adding track segment (B.Cu): [(197802500, 95310000), (200342500, 97850000)]
13:42:04: [INFO] Routing SW48 with D48
13:42:04: [INFO] Using internal autorouter method
13:42:04: [INFO] Routing pad 'SW48:2' at (216852500, 90170000) with pad 'D48:2' at (219392500, 97850000) using coordinate system rotated by 0 degree(s)
13:42:04: [INFO] Adding track segment (B.Cu): [(216852500, 90170000), (216852500, 95310000)]
13:42:04: [INFO] Adding track segment (B.Cu): [(216852500, 95310000), (219392500, 97850000)]
13:42:04: [INFO] Routing SW47 with D47
13:42:04: [INFO] Using internal autorouter method
13:42:04: [INFO] Routing pad 'SW47:2' at (235902500, 90170000) with pad 'D47:2' at (238442500, 97850000) using coordinate system rotated by 0 degree(s)
13:42:04: [INFO] Adding track segment (B.Cu): [(235902500, 90170000), (235902500, 95310000)]
13:42:04: [INFO] Adding track segment (B.Cu): [(235902500, 95310000), (238442500, 97850000)]
13:42:04: [INFO] Routing SW46 with D46
13:42:04: [INFO] Using internal autorouter method
13:42:04: [INFO] Routing pad 'SW46:2' at (254952500, 90170000) with pad 'D46:2' at (257492500, 97850000) using coordinate system rotated by 0 degree(s)
13:42:04: [INFO] Adding track segment (B.Cu): [(254952500, 90170000), (254952500, 95310000)]
13:42:04: [INFO] Adding track segment (B.Cu): [(254952500, 95310000), (257492500, 97850000)]
13:42:04: [INFO] Routing SW45 with D45
13:42:04: [INFO] Using internal autorouter method
13:42:04: [INFO] Routing pad 'SW45:2' at (274002500, 90170000) with pad 'D45:2' at (276542500, 97850000) using coordinate system rotated by 0 degree(s)
13:42:04: [INFO] Adding track segment (B.Cu): [(274002500, 90170000), (274002500, 95310000)]
13:42:04: [INFO] Adding track segment (B.Cu): [(274002500, 95310000), (276542500, 97850000)]
13:42:04: [INFO] Routing SW44 with D44
13:42:04: [INFO] Using internal autorouter method
13:42:04: [INFO] Routing pad 'SW44:2' at (293052500, 90170000) with pad 'D44:2' at (295592500, 97850000) using coordinate system rotated by 0 degree(s)
13:42:04: [INFO] Adding track segment (B.Cu): [(293052500, 90170000), (293052500, 95310000)]
13:42:04: [INFO] Adding track segment (B.Cu): [(293052500, 95310000), (295592500, 97850000)]
13:42:04: [INFO] Routing SW43 with D43
13:42:04: [INFO] Using internal autorouter method
13:42:04: [INFO] Routing pad 'SW43:2' at (197802500, 71120000) with pad 'D43:2' at (200342500, 78800000) using coordinate system rotated by 0 degree(s)
13:42:04: [INFO] Adding track segment (B.Cu): [(197802500, 71120000), (197802500, 76260000)]
13:42:04: [INFO] Adding track segment (B.Cu): [(197802500, 76260000), (200342500, 78800000)]
13:42:04: [INFO] Routing SW42 with D42
13:42:04: [INFO] Using internal autorouter method
13:42:04: [INFO] Routing pad 'SW42:2' at (216852500, 71120000) with pad 'D42:2' at (219392500, 78800000) using coordinate system rotated by 0 degree(s)
13:42:04: [INFO] Adding track segment (B.Cu): [(216852500, 71120000), (216852500, 76260000)]
13:42:04: [INFO] Adding track segment (B.Cu): [(216852500, 76260000), (219392500, 78800000)]
13:42:04: [INFO] Routing SW41 with D41
13:42:04: [INFO] Using internal autorouter method
13:42:04: [INFO] Routing pad 'SW41:2' at (235902500, 71120000) with pad 'D41:2' at (238442500, 78800000) using coordinate system rotated by 0 degree(s)
13:42:04: [INFO] Adding track segment (B.Cu): [(235902500, 71120000), (235902500, 76260000)]
13:42:04: [INFO] Adding track segment (B.Cu): [(235902500, 76260000), (238442500, 78800000)]
13:42:04: [INFO] Routing SW40 with D40
13:42:04: [INFO] Using internal autorouter method
13:42:04: [INFO] Routing pad 'SW40:2' at (254952500, 71120000) with pad 'D40:2' at (257492500, 78800000) using coordinate system rotated by 0 degree(s)
13:42:04: [INFO] Adding track segment (B.Cu): [(254952500, 71120000), (254952500, 76260000)]
13:42:04: [INFO] Adding track segment (B.Cu): [(254952500, 76260000), (257492500, 78800000)]
13:42:04: [INFO] Routing SW39 with D39
13:42:04: [INFO] Using internal autorouter method
13:42:04: [INFO] Routing pad 'SW39:2' at (274002500, 71120000) with pad 'D39:2' at (276542500, 78800000) using coordinate system rotated by 0 degree(s)
13:42:04: [INFO] Adding track segment (B.Cu): [(274002500, 71120000), (274002500, 76260000)]
13:42:04: [INFO] Adding track segment (B.Cu): [(274002500, 76260000), (276542500, 78800000)]
13:42:04: [INFO] Routing SW38 with D38
13:42:04: [INFO] Using internal autorouter method
13:42:04: [INFO] Routing pad 'SW38:2' at (293052500, 71120000) with pad 'D38:2' at (295592500, 78800000) using coordinate system rotated by 0 degree(s)
13:42:04: [INFO] Adding track segment (B.Cu): [(293052500, 71120000), (293052500, 76260000)]
13:42:04: [INFO] Adding track segment (B.Cu): [(293052500, 76260000), (295592500, 78800000)]
13:42:04: [INFO] Routing SW37 with D37
13:42:04: [INFO] Using internal autorouter method
13:42:04: [INFO] Routing pad 'SW37:2' at (197802500, 52070000) with pad 'D37:2' at (200342500, 59750000) using coordinate system rotated by 0 degree(s)
13:42:04: [INFO] Adding track segment (B.Cu): [(197802500, 52070000), (197802500, 57210000)]
13:42:04: [INFO] Adding track segment (B.Cu): [(197802500, 57210000), (200342500, 59750000)]
13:42:04: [INFO] Routing SW36 with D36
13:42:04: [INFO] Using internal autorouter method
13:42:04: [INFO] Routing pad 'SW36:2' at (216852500, 52070000) with pad 'D36:2' at (219392500, 59750000) using coordinate system rotated by 0 degree(s)
13:42:04: [INFO] Adding track segment (B.Cu): [(216852500, 52070000), (216852500, 57210000)]
13:42:04: [INFO] Adding track segment (B.Cu): [(216852500, 57210000), (219392500, 59750000)]
13:42:04: [INFO] Routing SW35 with D35
13:42:04: [INFO] Using internal autorouter method
13:42:04: [INFO] Routing pad 'SW35:2' at (235902500, 52070000) with pad 'D35:2' at (238442500, 59750000) using coordinate system rotated by 0 degree(s)
13:42:04: [INFO] Adding track segment (B.Cu): [(235902500, 52070000), (235902500, 57210000)]
13:42:04: [INFO] Adding track segment (B.Cu): [(235902500, 57210000), (238442500, 59750000)]
13:42:04: [INFO] Routing SW34 with D34
13:42:04: [INFO] Using internal autorouter method
13:42:04: [INFO] Routing pad 'SW34:2' at (254952500, 52070000) with pad 'D34:2' at (257492500, 59750000) using coordinate system rotated by 0 degree(s)
13:42:04: [INFO] Adding track segment (B.Cu): [(254952500, 52070000), (254952500, 57210000)]
13:42:04: [INFO] Adding track segment (B.Cu): [(254952500, 57210000), (257492500, 59750000)]
13:42:04: [INFO] Routing SW33 with D33
13:42:04: [INFO] Using internal autorouter method
13:42:04: [INFO] Routing pad 'SW33:2' at (274002500, 52070000) with pad 'D33:2' at (276542500, 59750000) using coordinate system rotated by 0 degree(s)
13:42:04: [INFO] Adding track segment (B.Cu): [(274002500, 52070000), (274002500, 57210000)]
13:42:04: [INFO] Adding track segment (B.Cu): [(274002500, 57210000), (276542500, 59750000)]
13:42:04: [INFO] Routing SW32 with D32
13:42:04: [INFO] Using internal autorouter method
13:42:04: [INFO] Routing pad 'SW32:2' at (293052500, 52070000) with pad 'D32:2' at (295592500, 59750000) using coordinate system rotated by 0 degree(s)
13:42:04: [INFO] Adding track segment (B.Cu): [(293052500, 52070000), (293052500, 57210000)]
13:42:05: [INFO] Adding track segment (B.Cu): [(293052500, 57210000), (295592500, 59750000)]
13:42:05: [INFO] Routing SW31 with D31
13:42:05: [INFO] Using internal autorouter method
13:42:05: [INFO] Routing pad 'SW31:2' at (293052500, 33020000) with pad 'D31:2' at (295592500, 40700000) using coordinate system rotated by 0 degree(s)
13:42:05: [INFO] Adding track segment (B.Cu): [(293052500, 33020000), (293052500, 38160000)]
13:42:05: [INFO] Adding track segment (B.Cu): [(293052500, 38160000), (295592500, 40700000)]
13:42:05: [INFO] Routing SW30 with D30
13:42:05: [INFO] Using internal autorouter method
13:42:05: [INFO] Routing pad 'SW30:2' at (274002500, 33020000) with pad 'D30:2' at (276542500, 40700000) using coordinate system rotated by 0 degree(s)
13:42:05: [INFO] Adding track segment (B.Cu): [(274002500, 33020000), (274002500, 38160000)]
13:42:05: [INFO] Adding track segment (B.Cu): [(274002500, 38160000), (276542500, 40700000)]
13:42:05: [INFO] Routing SW29 with D29
13:42:05: [INFO] Using internal autorouter method
13:42:05: [INFO] Routing pad 'SW29:2' at (254952500, 33020000) with pad 'D29:2' at (257492500, 40700000) using coordinate system rotated by 0 degree(s)
13:42:05: [INFO] Adding track segment (B.Cu): [(254952500, 33020000), (254952500, 38160000)]
13:42:05: [INFO] Adding track segment (B.Cu): [(254952500, 38160000), (257492500, 40700000)]
13:42:05: [INFO] Routing SW28 with D28
13:42:05: [INFO] Using internal autorouter method
13:42:05: [INFO] Routing pad 'SW28:2' at (235902500, 33020000) with pad 'D28:2' at (238442500, 40700000) using coordinate system rotated by 0 degree(s)
13:42:05: [INFO] Adding track segment (B.Cu): [(235902500, 33020000), (235902500, 38160000)]
13:42:05: [INFO] Adding track segment (B.Cu): [(235902500, 38160000), (238442500, 40700000)]
13:42:05: [INFO] Routing SW27 with D27
13:42:05: [INFO] Using internal autorouter method
13:42:05: [INFO] Routing pad 'SW27:2' at (216852500, 33020000) with pad 'D27:2' at (219392500, 40700000) using coordinate system rotated by 0 degree(s)
13:42:05: [INFO] Adding track segment (B.Cu): [(216852500, 33020000), (216852500, 38160000)]
13:42:05: [INFO] Adding track segment (B.Cu): [(216852500, 38160000), (219392500, 40700000)]
13:42:05: [INFO] Routing SW26 with D26
13:42:05: [INFO] Using internal autorouter method
13:42:05: [INFO] Routing pad 'SW26:2' at (197802500, 33020000) with pad 'D26:2' at (200342500, 40700000) using coordinate system rotated by 0 degree(s)
13:42:05: [INFO] Adding track segment (B.Cu): [(197802500, 33020000), (197802500, 38160000)]
13:42:05: [INFO] Adding track segment (B.Cu): [(197802500, 38160000), (200342500, 40700000)]
13:42:05: [INFO] Routing SW25 with D25
13:42:05: [INFO] Using internal autorouter method
13:42:05: [INFO] Routing pad 'SW25:2' at (154940000, 90170000) with pad 'D25:2' at (157480000, 97850000) using coordinate system rotated by 0 degree(s)
13:42:05: [INFO] Adding track segment (B.Cu): [(154940000, 90170000), (154940000, 95310000)]
13:42:05: [INFO] Adding track segment (B.Cu): [(154940000, 95310000), (157480000, 97850000)]
13:42:05: [INFO] Routing SW24 with D24
13:42:05: [INFO] Using internal autorouter method
13:42:05: [INFO] Routing pad 'SW24:2' at (135890000, 90170000) with pad 'D24:2' at (138430000, 97850000) using coordinate system rotated by 0 degree(s)
13:42:05: [INFO] Adding track segment (B.Cu): [(135890000, 90170000), (135890000, 95310000)]
13:42:05: [INFO] Adding track segment (B.Cu): [(135890000, 95310000), (138430000, 97850000)]
13:42:05: [INFO] Routing SW23 with D23
13:42:05: [INFO] Using internal autorouter method
13:42:05: [INFO] Routing pad 'SW23:2' at (116840000, 90170000) with pad 'D23:2' at (119380000, 97850000) using coordinate system rotated by 0 degree(s)
13:42:05: [INFO] Adding track segment (B.Cu): [(116840000, 90170000), (116840000, 95310000)]
13:42:05: [INFO] Adding track segment (B.Cu): [(116840000, 95310000), (119380000, 97850000)]
13:42:05: [INFO] Routing SW22 with D22
13:42:05: [INFO] Using internal autorouter method
13:42:05: [INFO] Routing pad 'SW22:2' at (97790000, 90170000) with pad 'D22:2' at (100330000, 97850000) using coordinate system rotated by 0 degree(s)
13:42:05: [INFO] Adding track segment (B.Cu): [(97790000, 90170000), (97790000, 95310000)]
13:42:05: [INFO] Adding track segment (B.Cu): [(97790000, 95310000), (100330000, 97850000)]
13:42:05: [INFO] Routing SW21 with D21
13:42:05: [INFO] Using internal autorouter method
13:42:05: [INFO] Routing pad 'SW21:2' at (78740000, 90170000) with pad 'D21:2' at (81280000, 97850000) using coordinate system rotated by 0 degree(s)
13:42:05: [INFO] Adding track segment (B.Cu): [(78740000, 90170000), (78740000, 95310000)]
13:42:05: [INFO] Adding track segment (B.Cu): [(78740000, 95310000), (81280000, 97850000)]
13:42:05: [INFO] Routing SW20 with D20
13:42:05: [INFO] Using internal autorouter method
13:42:05: [INFO] Routing pad 'SW20:2' at (59690000, 90170000) with pad 'D20:2' at (62230000, 97850000) using coordinate system rotated by 0 degree(s)
13:42:05: [INFO] Adding track segment (B.Cu): [(59690000, 90170000), (59690000, 95310000)]
13:42:05: [INFO] Adding track segment (B.Cu): [(59690000, 95310000), (62230000, 97850000)]
13:42:05: [INFO] Routing SW19 with D19
13:42:05: [INFO] Using internal autorouter method
13:42:05: [INFO] Routing pad 'SW19:2' at (40640000, 90170000) with pad 'D19:2' at (43180000, 97850000) using coordinate system rotated by 0 degree(s)
13:42:05: [INFO] Adding track segment (B.Cu): [(40640000, 90170000), (40640000, 95310000)]
13:42:05: [INFO] Adding track segment (B.Cu): [(40640000, 95310000), (43180000, 97850000)]
13:42:05: [INFO] Routing SW18 with D18
13:42:05: [INFO] Using internal autorouter method
13:42:05: [INFO] Routing pad 'SW18:2' at (135890000, 71120000) with pad 'D18:2' at (138430000, 78800000) using coordinate system rotated by 0 degree(s)
13:42:05: [INFO] Adding track segment (B.Cu): [(135890000, 71120000), (135890000, 76260000)]
13:42:05: [INFO] Adding track segment (B.Cu): [(135890000, 76260000), (138430000, 78800000)]
13:42:05: [INFO] Routing SW17 with D17
13:42:05: [INFO] Using internal autorouter method
13:42:05: [INFO] Routing pad 'SW17:2' at (116840000, 71120000) with pad 'D17:2' at (119380000, 78800000) using coordinate system rotated by 0 degree(s)
13:42:05: [INFO] Adding track segment (B.Cu): [(116840000, 71120000), (116840000, 76260000)]
13:42:05: [INFO] Adding track segment (B.Cu): [(116840000, 76260000), (119380000, 78800000)]
13:42:05: [INFO] Routing SW16 with D16
13:42:05: [INFO] Using internal autorouter method
13:42:05: [INFO] Routing pad 'SW16:2' at (97790000, 71120000) with pad 'D16:2' at (100330000, 78800000) using coordinate system rotated by 0 degree(s)
13:42:05: [INFO] Adding track segment (B.Cu): [(97790000, 71120000), (97790000, 76260000)]
13:42:05: [INFO] Adding track segment (B.Cu): [(97790000, 76260000), (100330000, 78800000)]
13:42:05: [INFO] Routing SW15 with D15
13:42:05: [INFO] Using internal autorouter method
13:42:05: [INFO] Routing pad 'SW15:2' at (78740000, 71120000) with pad 'D15:2' at (81280000, 78800000) using coordinate system rotated by 0 degree(s)
13:42:05: [INFO] Adding track segment (B.Cu): [(78740000, 71120000), (78740000, 76260000)]
13:42:05: [INFO] Adding track segment (B.Cu): [(78740000, 76260000), (81280000, 78800000)]
13:42:05: [INFO] Routing SW14 with D14
13:42:05: [INFO] Using internal autorouter method
13:42:05: [INFO] Routing pad 'SW14:2' at (59690000, 71120000) with pad 'D14:2' at (62230000, 78800000) using coordinate system rotated by 0 degree(s)
13:42:05: [INFO] Adding track segment (B.Cu): [(59690000, 71120000), (59690000, 76260000)]
13:42:05: [INFO] Adding track segment (B.Cu): [(59690000, 76260000), (62230000, 78800000)]
13:42:05: [INFO] Routing SW13 with D13
13:42:05: [INFO] Using internal autorouter method
13:42:05: [INFO] Routing pad 'SW13:2' at (40640000, 71120000) with pad 'D13:2' at (43180000, 78800000) using coordinate system rotated by 0 degree(s)
13:42:05: [INFO] Adding track segment (B.Cu): [(40640000, 71120000), (40640000, 76260000)]
13:42:05: [INFO] Adding track segment (B.Cu): [(40640000, 76260000), (43180000, 78800000)]
13:42:05: [INFO] Routing SW12 with D12
13:42:05: [INFO] Using internal autorouter method
13:42:05: [INFO] Routing pad 'SW12:2' at (135890000, 52070000) with pad 'D12:2' at (138430000, 59750000) using coordinate system rotated by 0 degree(s)
13:42:05: [INFO] Adding track segment (B.Cu): [(135890000, 52070000), (135890000, 57210000)]
13:42:05: [INFO] Adding track segment (B.Cu): [(135890000, 57210000), (138430000, 59750000)]
13:42:05: [INFO] Routing SW11 with D11
13:42:05: [INFO] Using internal autorouter method
13:42:05: [INFO] Routing pad 'SW11:2' at (116840000, 52070000) with pad 'D11:2' at (119380000, 59750000) using coordinate system rotated by 0 degree(s)
13:42:05: [INFO] Adding track segment (B.Cu): [(116840000, 52070000), (116840000, 57210000)]
13:42:05: [INFO] Adding track segment (B.Cu): [(116840000, 57210000), (119380000, 59750000)]
13:42:05: [INFO] Routing SW10 with D10
13:42:05: [INFO] Using internal autorouter method
13:42:05: [INFO] Routing pad 'SW10:2' at (97790000, 52070000) with pad 'D10:2' at (100330000, 59750000) using coordinate system rotated by 0 degree(s)
13:42:05: [INFO] Adding track segment (B.Cu): [(97790000, 52070000), (97790000, 57210000)]
13:42:05: [INFO] Adding track segment (B.Cu): [(97790000, 57210000), (100330000, 59750000)]
13:42:05: [INFO] Routing SW9 with D9
13:42:05: [INFO] Using internal autorouter method
13:42:05: [INFO] Routing pad 'SW9:2' at (78740000, 52070000) with pad 'D9:2' at (81280000, 59750000) using coordinate system rotated by 0 degree(s)
13:42:05: [INFO] Adding track segment (B.Cu): [(78740000, 52070000), (78740000, 57210000)]
13:42:05: [INFO] Adding track segment (B.Cu): [(78740000, 57210000), (81280000, 59750000)]
13:42:05: [INFO] Routing SW8 with D8
13:42:05: [INFO] Using internal autorouter method
13:42:05: [INFO] Routing pad 'SW8:2' at (59690000, 52070000) with pad 'D8:2' at (62230000, 59750000) using coordinate system rotated by 0 degree(s)
13:42:05: [INFO] Adding track segment (B.Cu): [(59690000, 52070000), (59690000, 57210000)]
13:42:05: [INFO] Adding track segment (B.Cu): [(59690000, 57210000), (62230000, 59750000)]
13:42:05: [INFO] Routing SW7 with D7
13:42:05: [INFO] Using internal autorouter method
13:42:05: [INFO] Routing pad 'SW7:2' at (40640000, 52070000) with pad 'D7:2' at (43180000, 59750000) using coordinate system rotated by 0 degree(s)
13:42:05: [INFO] Adding track segment (B.Cu): [(40640000, 52070000), (40640000, 57210000)]
13:42:05: [INFO] Adding track segment (B.Cu): [(40640000, 57210000), (43180000, 59750000)]
13:42:05: [INFO] Routing SW6 with D6
13:42:05: [INFO] Using internal autorouter method
13:42:05: [INFO] Routing pad 'SW6:2' at (135890000, 33020000) with pad 'D6:2' at (138430000, 40700000) using coordinate system rotated by 0 degree(s)
13:42:05: [INFO] Adding track segment (B.Cu): [(135890000, 33020000), (135890000, 38160000)]
13:42:05: [INFO] Adding track segment (B.Cu): [(135890000, 38160000), (138430000, 40700000)]
13:42:05: [INFO] Routing SW5 with D5
13:42:05: [INFO] Using internal autorouter method
13:42:05: [INFO] Routing pad 'SW5:2' at (116840000, 33020000) with pad 'D5:2' at (119380000, 40700000) using coordinate system rotated by 0 degree(s)
13:42:05: [INFO] Adding track segment (B.Cu): [(116840000, 33020000), (116840000, 38160000)]
13:42:05: [INFO] Adding track segment (B.Cu): [(116840000, 38160000), (119380000, 40700000)]
13:42:05: [INFO] Routing SW4 with D4
13:42:05: [INFO] Using internal autorouter method
13:42:05: [INFO] Routing pad 'SW4:2' at (97790000, 33020000) with pad 'D4:2' at (100330000, 40700000) using coordinate system rotated by 0 degree(s)
13:42:05: [INFO] Adding track segment (B.Cu): [(97790000, 33020000), (97790000, 38160000)]
13:42:05: [INFO] Adding track segment (B.Cu): [(97790000, 38160000), (100330000, 40700000)]
13:42:05: [INFO] Routing SW3 with D3
13:42:05: [INFO] Using internal autorouter method
13:42:05: [INFO] Routing pad 'SW3:2' at (78740000, 33020000) with pad 'D3:2' at (81280000, 40700000) using coordinate system rotated by 0 degree(s)
13:42:05: [INFO] Adding track segment (B.Cu): [(78740000, 33020000), (78740000, 38160000)]
13:42:05: [INFO] Adding track segment (B.Cu): [(78740000, 38160000), (81280000, 40700000)]
13:42:05: [INFO] Routing SW2 with D2
13:42:05: [INFO] Using internal autorouter method
13:42:05: [INFO] Routing pad 'SW2:2' at (59690000, 33020000) with pad 'D2:2' at (62230000, 40700000) using coordinate system rotated by 0 degree(s)
13:42:05: [INFO] Adding track segment (B.Cu): [(59690000, 33020000), (59690000, 38160000)]
13:42:05: [INFO] Adding track segment (B.Cu): [(59690000, 38160000), (62230000, 40700000)]
13:42:05: [INFO] Routing SW1 with D1
13:42:05: [INFO] Using internal autorouter method
13:42:05: [INFO] Routing pad 'SW1:2' at (40640000, 33020000) with pad 'D1:2' at (43180000, 40700000) using coordinate system rotated by 0 degree(s)
13:42:05: [INFO] Adding track segment (B.Cu): [(40640000, 33020000), (40640000, 38160000)]
13:42:05: [INFO] Adding track segment (B.Cu): [(40640000, 38160000), (43180000, 40700000)]
13:42:05: [INFO] Routing COL0 pads
13:42:05: [INFO] Routing pad 'SW1:1' at (34290000, 35560000) with pad 'SW7:1' at (34290000, 54610000) using coordinate system rotated by 0 degree(s)
13:42:05: [INFO] Adding track segment (F.Cu): [(34290000, 35560000), (34290000, 54610000)]
13:42:05: [INFO] Routing pad 'SW7:1' at (34290000, 54610000) with pad 'SW13:1' at (34290000, 73660000) using coordinate system rotated by 0 degree(s)
13:42:05: [INFO] Adding track segment (F.Cu): [(34290000, 54610000), (34290000, 73660000)]
13:42:05: [INFO] Routing pad 'SW13:1' at (34290000, 73660000) with pad 'SW19:1' at (34290000, 92710000) using coordinate system rotated by 0 degree(s)
13:42:05: [INFO] Adding track segment (F.Cu): [(34290000, 73660000), (34290000, 92710000)]
13:42:05: [INFO] Routing pad 'SW7:1' at (34290000, 54610000) with pad 'SW32:1' at (286702500, 54610000) using coordinate system rotated by 0 degree(s)
13:42:05: [INFO] Adding track segment (F.Cu): [(34290000, 54610000), (286702500, 54610000)]
13:42:05: [INFO] Could not add track segment due to detected collision
13:42:05: [INFO] Routing pad 'SW32:1' at (286702500, 54610000) with pad 'SW38:1' at (286702500, 73660000) using coordinate system rotated by 0 degree(s)
13:42:05: [INFO] Adding track segment (F.Cu): [(286702500, 54610000), (286702500, 73660000)]
13:42:05: [INFO] Routing pad 'SW38:1' at (286702500, 73660000) with pad 'SW44:1' at (286702500, 92710000) using coordinate system rotated by 0 degree(s)
13:42:05: [INFO] Adding track segment (F.Cu): [(286702500, 73660000), (286702500, 92710000)]
13:42:05: [INFO] Routing ROW3 pads
13:42:05: [INFO] Routing pad 'D19:1' at (43180000, 100650000) with pad 'D20:1' at (62230000, 100650000) using coordinate system rotated by 0 degree(s)
13:42:05: [INFO] Adding track segment (B.Cu): [(43180000, 100650000), (62230000, 100650000)]
13:42:05: [INFO] Routing pad 'D20:1' at (62230000, 100650000) with pad 'D21:1' at (81280000, 100650000) using coordinate system rotated by 0 degree(s)
13:42:05: [INFO] Adding track segment (B.Cu): [(62230000, 100650000), (81280000, 100650000)]
13:42:05: [INFO] Routing pad 'D21:1' at (81280000, 100650000) with pad 'D22:1' at (100330000, 100650000) using coordinate system rotated by 0 degree(s)
13:42:05: [INFO] Adding track segment (B.Cu): [(81280000, 100650000), (100330000, 100650000)]
13:42:05: [INFO] Routing pad 'D22:1' at (100330000, 100650000) with pad 'D23:1' at (119380000, 100650000) using coordinate system rotated by 0 degree(s)
13:42:05: [INFO] Adding track segment (B.Cu): [(100330000, 100650000), (119380000, 100650000)]
13:42:05: [INFO] Routing pad 'D23:1' at (119380000, 100650000) with pad 'D24:1' at (138430000, 100650000) using coordinate system rotated by 0 degree(s)
13:42:05: [INFO] Adding track segment (B.Cu): [(119380000, 100650000), (138430000, 100650000)]
13:42:05: [INFO] Routing pad 'D24:1' at (138430000, 100650000) with pad 'D25:1' at (157480000, 100650000) using coordinate system rotated by 0 degree(s)
13:42:05: [INFO] Adding track segment (B.Cu): [(138430000, 100650000), (157480000, 100650000)]
13:42:05: [INFO] Routing COL1 pads
13:42:05: [INFO] Routing pad 'SW2:1' at (53340000, 35560000) with pad 'SW8:1' at (53340000, 54610000) using coordinate system rotated by 0 degree(s)
13:42:05: [INFO] Adding track segment (F.Cu): [(53340000, 35560000), (53340000, 54610000)]
13:42:05: [INFO] Routing pad 'SW8:1' at (53340000, 54610000) with pad 'SW14:1' at (53340000, 73660000) using coordinate system rotated by 0 degree(s)
13:42:05: [INFO] Adding track segment (F.Cu): [(53340000, 54610000), (53340000, 73660000)]
13:42:05: [INFO] Routing pad 'SW14:1' at (53340000, 73660000) with pad 'SW20:1' at (53340000, 92710000) using coordinate system rotated by 0 degree(s)
13:42:05: [INFO] Adding track segment (F.Cu): [(53340000, 73660000), (53340000, 92710000)]
13:42:05: [INFO] Routing pad 'SW2:1' at (53340000, 35560000) with pad 'SW26:1' at (191452500, 35560000) using coordinate system rotated by 0 degree(s)
13:42:05: [INFO] Adding track segment (F.Cu): [(53340000, 35560000), (191452500, 35560000)]
13:42:05: [INFO] Could not add track segment due to detected collision
13:42:05: [INFO] Routing pad 'SW26:1' at (191452500, 35560000) with pad 'SW33:1' at (267652500, 54610000) using coordinate system rotated by 0 degree(s)
13:42:05: [INFO] Routing pad 'SW33:1' at (267652500, 54610000) with pad 'SW39:1' at (267652500, 73660000) using coordinate system rotated by 0 degree(s)
13:42:05: [INFO] Adding track segment (F.Cu): [(267652500, 54610000), (267652500, 73660000)]
13:42:05: [INFO] Routing pad 'SW39:1' at (267652500, 73660000) with pad 'SW45:1' at (267652500, 92710000) using coordinate system rotated by 0 degree(s)
13:42:05: [INFO] Adding track segment (F.Cu): [(267652500, 73660000), (267652500, 92710000)]
13:42:05: [INFO] Routing ROW7 pads
13:42:05: [INFO] Routing pad 'D50:1' at (181292500, 100650000) with pad 'D49:1' at (200342500, 100650000) using coordinate system rotated by 0 degree(s)
13:42:05: [INFO] Adding track segment (B.Cu): [(181292500, 100650000), (200342500, 100650000)]
13:42:05: [INFO] Routing pad 'D49:1' at (200342500, 100650000) with pad 'D48:1' at (219392500, 100650000) using coordinate system rotated by 0 degree(s)
13:42:05: [INFO] Adding track segment (B.Cu): [(200342500, 100650000), (219392500, 100650000)]
13:42:05: [INFO] Routing pad 'D48:1' at (219392500, 100650000) with pad 'D47:1' at (238442500, 100650000) using coordinate system rotated by 0 degree(s)
13:42:05: [INFO] Adding track segment (B.Cu): [(219392500, 100650000), (238442500, 100650000)]
13:42:05: [INFO] Routing pad 'D47:1' at (238442500, 100650000) with pad 'D46:1' at (257492500, 100650000) using coordinate system rotated by 0 degree(s)
13:42:05: [INFO] Adding track segment (B.Cu): [(238442500, 100650000), (257492500, 100650000)]
13:42:05: [INFO] Routing pad 'D46:1' at (257492500, 100650000) with pad 'D45:1' at (276542500, 100650000) using coordinate system rotated by 0 degree(s)
13:42:05: [INFO] Adding track segment (B.Cu): [(257492500, 100650000), (276542500, 100650000)]
13:42:05: [INFO] Routing pad 'D45:1' at (276542500, 100650000) with pad 'D44:1' at (295592500, 100650000) using coordinate system rotated by 0 degree(s)
13:42:05: [INFO] Adding track segment (B.Cu): [(276542500, 100650000), (295592500, 100650000)]
13:42:05: [INFO] Routing ROW6 pads
13:42:05: [INFO] Routing pad 'D43:1' at (200342500, 81600000) with pad 'D42:1' at (219392500, 81600000) using coordinate system rotated by 0 degree(s)
13:42:05: [INFO] Adding track segment (B.Cu): [(200342500, 81600000), (219392500, 81600000)]
13:42:05: [INFO] Routing pad 'D42:1' at (219392500, 81600000) with pad 'D41:1' at (238442500, 81600000) using coordinate system rotated by 0 degree(s)
13:42:05: [INFO] Adding track segment (B.Cu): [(219392500, 81600000), (238442500, 81600000)]
13:42:05: [INFO] Routing pad 'D41:1' at (238442500, 81600000) with pad 'D40:1' at (257492500, 81600000) using coordinate system rotated by 0 degree(s)
13:42:05: [INFO] Adding track segment (B.Cu): [(238442500, 81600000), (257492500, 81600000)]
13:42:05: [INFO] Routing pad 'D40:1' at (257492500, 81600000) with pad 'D39:1' at (276542500, 81600000) using coordinate system rotated by 0 degree(s)
13:42:05: [INFO] Adding track segment (B.Cu): [(257492500, 81600000), (276542500, 81600000)]
13:42:05: [INFO] Routing pad 'D39:1' at (276542500, 81600000) with pad 'D38:1' at (295592500, 81600000) using coordinate system rotated by 0 degree(s)
13:42:05: [INFO] Adding track segment (B.Cu): [(276542500, 81600000), (295592500, 81600000)]
13:42:05: [INFO] Routing COL6 pads
13:42:05: [INFO] Routing pad 'SW25:1' at (148590000, 92710000) with pad 'SW50:1' at (172402500, 92710000) using coordinate system rotated by 0 degree(s)
13:42:05: [INFO] Adding track segment (F.Cu): [(148590000, 92710000), (172402500, 92710000)]
13:42:05: [INFO] Routing pad 'SW50:1' at (172402500, 92710000) with pad 'SW31:1' at (286702500, 35560000) using coordinate system rotated by 0 degree(s)
13:42:05: [INFO] Routing COL3 pads
13:42:05: [INFO] Routing pad 'SW4:1' at (91440000, 35560000) with pad 'SW10:1' at (91440000, 54610000) using coordinate system rotated by 0 degree(s)
13:42:05: [INFO] Adding track segment (F.Cu): [(91440000, 35560000), (91440000, 54610000)]
13:42:05: [INFO] Routing pad 'SW10:1' at (91440000, 54610000) with pad 'SW16:1' at (91440000, 73660000) using coordinate system rotated by 0 degree(s)
13:42:05: [INFO] Adding track segment (F.Cu): [(91440000, 54610000), (91440000, 73660000)]
13:42:05: [INFO] Routing pad 'SW16:1' at (91440000, 73660000) with pad 'SW22:1' at (91440000, 92710000) using coordinate system rotated by 0 degree(s)
13:42:05: [INFO] Adding track segment (F.Cu): [(91440000, 73660000), (91440000, 92710000)]
13:42:05: [INFO] Routing pad 'SW4:1' at (91440000, 35560000) with pad 'SW28:1' at (229552500, 35560000) using coordinate system rotated by 0 degree(s)
13:42:05: [INFO] Adding track segment (F.Cu): [(91440000, 35560000), (229552500, 35560000)]
13:42:05: [INFO] Could not add track segment due to detected collision
13:42:05: [INFO] Routing pad 'SW28:1' at (229552500, 35560000) with pad 'SW35:1' at (229552500, 54610000) using coordinate system rotated by 0 degree(s)
13:42:05: [INFO] Adding track segment (F.Cu): [(229552500, 35560000), (229552500, 54610000)]
13:42:05: [INFO] Routing pad 'SW35:1' at (229552500, 54610000) with pad 'SW41:1' at (229552500, 73660000) using coordinate system rotated by 0 degree(s)
13:42:05: [INFO] Adding track segment (F.Cu): [(229552500, 54610000), (229552500, 73660000)]
13:42:05: [INFO] Routing pad 'SW41:1' at (229552500, 73660000) with pad 'SW47:1' at (229552500, 92710000) using coordinate system rotated by 0 degree(s)
13:42:05: [INFO] Adding track segment (F.Cu): [(229552500, 73660000), (229552500, 92710000)]
13:42:05: [INFO] Routing ROW5 pads
13:42:05: [INFO] Routing pad 'D37:1' at (200342500, 62550000) with pad 'D36:1' at (219392500, 62550000) using coordinate system rotated by 0 degree(s)
13:42:05: [INFO] Adding track segment (B.Cu): [(200342500, 62550000), (219392500, 62550000)]
13:42:05: [INFO] Routing pad 'D36:1' at (219392500, 62550000) with pad 'D35:1' at (238442500, 62550000) using coordinate system rotated by 0 degree(s)
13:42:05: [INFO] Adding track segment (B.Cu): [(219392500, 62550000), (238442500, 62550000)]
13:42:05: [INFO] Routing pad 'D35:1' at (238442500, 62550000) with pad 'D34:1' at (257492500, 62550000) using coordinate system rotated by 0 degree(s)
13:42:05: [INFO] Adding track segment (B.Cu): [(238442500, 62550000), (257492500, 62550000)]
13:42:05: [INFO] Routing pad 'D34:1' at (257492500, 62550000) with pad 'D33:1' at (276542500, 62550000) using coordinate system rotated by 0 degree(s)
13:42:05: [INFO] Adding track segment (B.Cu): [(257492500, 62550000), (276542500, 62550000)]
13:42:05: [INFO] Routing pad 'D33:1' at (276542500, 62550000) with pad 'D32:1' at (295592500, 62550000) using coordinate system rotated by 0 degree(s)
13:42:05: [INFO] Adding track segment (B.Cu): [(276542500, 62550000), (295592500, 62550000)]
13:42:05: [INFO] Routing COL5 pads
13:42:05: [INFO] Routing pad 'SW6:1' at (129540000, 35560000) with pad 'SW12:1' at (129540000, 54610000) using coordinate system rotated by 0 degree(s)
13:42:05: [INFO] Adding track segment (F.Cu): [(129540000, 35560000), (129540000, 54610000)]
13:42:05: [INFO] Routing pad 'SW12:1' at (129540000, 54610000) with pad 'SW18:1' at (129540000, 73660000) using coordinate system rotated by 0 degree(s)
13:42:05: [INFO] Adding track segment (F.Cu): [(129540000, 54610000), (129540000, 73660000)]
13:42:05: [INFO] Routing pad 'SW18:1' at (129540000, 73660000) with pad 'SW24:1' at (129540000, 92710000) using coordinate system rotated by 0 degree(s)
13:42:05: [INFO] Adding track segment (F.Cu): [(129540000, 73660000), (129540000, 92710000)]
13:42:05: [INFO] Routing pad 'SW12:1' at (129540000, 54610000) with pad 'SW37:1' at (191452500, 54610000) using coordinate system rotated by 0 degree(s)
13:42:05: [INFO] Adding track segment (F.Cu): [(129540000, 54610000), (191452500, 54610000)]
13:42:05: [INFO] Routing pad 'SW37:1' at (191452500, 54610000) with pad 'SW43:1' at (191452500, 73660000) using coordinate system rotated by 0 degree(s)
13:42:05: [INFO] Adding track segment (F.Cu): [(191452500, 54610000), (191452500, 73660000)]
13:42:05: [INFO] Routing pad 'SW43:1' at (191452500, 73660000) with pad 'SW49:1' at (191452500, 92710000) using coordinate system rotated by 0 degree(s)
13:42:05: [INFO] Adding track segment (F.Cu): [(191452500, 73660000), (191452500, 92710000)]
13:42:05: [INFO] Routing pad 'SW37:1' at (191452500, 54610000) with pad 'SW30:1' at (267652500, 35560000) using coordinate system rotated by 0 degree(s)
13:42:05: [INFO] Routing ROW2 pads
13:42:05: [INFO] Routing pad 'D13:1' at (43180000, 81600000) with pad 'D14:1' at (62230000, 81600000) using coordinate system rotated by 0 degree(s)
13:42:05: [INFO] Adding track segment (B.Cu): [(43180000, 81600000), (62230000, 81600000)]
13:42:05: [INFO] Routing pad 'D14:1' at (62230000, 81600000) with pad 'D15:1' at (81280000, 81600000) using coordinate system rotated by 0 degree(s)
13:42:05: [INFO] Adding track segment (B.Cu): [(62230000, 81600000), (81280000, 81600000)]
13:42:05: [INFO] Routing pad 'D15:1' at (81280000, 81600000) with pad 'D16:1' at (100330000, 81600000) using coordinate system rotated by 0 degree(s)
13:42:05: [INFO] Adding track segment (B.Cu): [(81280000, 81600000), (100330000, 81600000)]
13:42:05: [INFO] Routing pad 'D16:1' at (100330000, 81600000) with pad 'D17:1' at (119380000, 81600000) using coordinate system rotated by 0 degree(s)
13:42:05: [INFO] Adding track segment (B.Cu): [(100330000, 81600000), (119380000, 81600000)]
13:42:05: [INFO] Routing pad 'D17:1' at (119380000, 81600000) with pad 'D18:1' at (138430000, 81600000) using coordinate system rotated by 0 degree(s)
13:42:05: [INFO] Adding track segment (B.Cu): [(119380000, 81600000), (138430000, 81600000)]
13:42:05: [INFO] Routing ROW1 pads
13:42:05: [INFO] Routing pad 'D7:1' at (43180000, 62550000) with pad 'D8:1' at (62230000, 62550000) using coordinate system rotated by 0 degree(s)
13:42:05: [INFO] Adding track segment (B.Cu): [(43180000, 62550000), (62230000, 62550000)]
13:42:05: [INFO] Routing pad 'D8:1' at (62230000, 62550000) with pad 'D9:1' at (81280000, 62550000) using coordinate system rotated by 0 degree(s)
13:42:05: [INFO] Adding track segment (B.Cu): [(62230000, 62550000), (81280000, 62550000)]
13:42:05: [INFO] Routing pad 'D9:1' at (81280000, 62550000) with pad 'D10:1' at (100330000, 62550000) using coordinate system rotated by 0 degree(s)
13:42:05: [INFO] Adding track segment (B.Cu): [(81280000, 62550000), (100330000, 62550000)]
13:42:05: [INFO] Routing pad 'D10:1' at (100330000, 62550000) with pad 'D11:1' at (119380000, 62550000) using coordinate system rotated by 0 degree(s)
13:42:05: [INFO] Adding track segment (B.Cu): [(100330000, 62550000), (119380000, 62550000)]
13:42:05: [INFO] Routing pad 'D11:1' at (119380000, 62550000) with pad 'D12:1' at (138430000, 62550000) using coordinate system rotated by 0 degree(s)
13:42:05: [INFO] Adding track segment (B.Cu): [(119380000, 62550000), (138430000, 62550000)]
13:42:05: [INFO] Routing ROW0 pads
13:42:05: [INFO] Routing pad 'D1:1' at (43180000, 43500000) with pad 'D2:1' at (62230000, 43500000) using coordinate system rotated by 0 degree(s)
13:42:05: [INFO] Adding track segment (B.Cu): [(43180000, 43500000), (62230000, 43500000)]
13:42:05: [INFO] Routing pad 'D2:1' at (62230000, 43500000) with pad 'D3:1' at (81280000, 43500000) using coordinate system rotated by 0 degree(s)
13:42:05: [INFO] Adding track segment (B.Cu): [(62230000, 43500000), (81280000, 43500000)]
13:42:05: [INFO] Routing pad 'D3:1' at (81280000, 43500000) with pad 'D4:1' at (100330000, 43500000) using coordinate system rotated by 0 degree(s)
13:42:05: [INFO] Adding track segment (B.Cu): [(81280000, 43500000), (100330000, 43500000)]
13:42:05: [INFO] Routing pad 'D4:1' at (100330000, 43500000) with pad 'D5:1' at (119380000, 43500000) using coordinate system rotated by 0 degree(s)
13:42:05: [INFO] Adding track segment (B.Cu): [(100330000, 43500000), (119380000, 43500000)]
13:42:05: [INFO] Routing pad 'D5:1' at (119380000, 43500000) with pad 'D6:1' at (138430000, 43500000) using coordinate system rotated by 0 degree(s)
13:42:05: [INFO] Adding track segment (B.Cu): [(119380000, 43500000), (138430000, 43500000)]
13:42:05: [INFO] Routing ROW4 pads
13:42:05: [INFO] Routing pad 'D26:1' at (200342500, 43500000) with pad 'D27:1' at (219392500, 43500000) using coordinate system rotated by 0 degree(s)
13:42:05: [INFO] Adding track segment (B.Cu): [(200342500, 43500000), (219392500, 43500000)]
13:42:05: [INFO] Routing pad 'D27:1' at (219392500, 43500000) with pad 'D28:1' at (238442500, 43500000) using coordinate system rotated by 0 degree(s)
13:42:05: [INFO] Adding track segment (B.Cu): [(219392500, 43500000), (238442500, 43500000)]
13:42:05: [INFO] Routing pad 'D28:1' at (238442500, 43500000) with pad 'D29:1' at (257492500, 43500000) using coordinate system rotated by 0 degree(s)
13:42:05: [INFO] Adding track segment (B.Cu): [(238442500, 43500000), (257492500, 43500000)]
13:42:05: [INFO] Routing pad 'D29:1' at (257492500, 43500000) with pad 'D30:1' at (276542500, 43500000) using coordinate system rotated by 0 degree(s)
13:42:05: [INFO] Adding track segment (B.Cu): [(257492500, 43500000), (276542500, 43500000)]
13:42:05: [INFO] Routing pad 'D30:1' at (276542500, 43500000) with pad 'D31:1' at (295592500, 43500000) using coordinate system rotated by 0 degree(s)
13:42:05: [INFO] Adding track segment (B.Cu): [(276542500, 43500000), (295592500, 43500000)]
13:42:05: [INFO] Routing COL4 pads
13:42:05: [INFO] Routing pad 'SW5:1' at (110490000, 35560000) with pad 'SW11:1' at (110490000, 54610000) using coordinate system rotated by 0 degree(s)
13:42:05: [INFO] Adding track segment (F.Cu): [(110490000, 35560000), (110490000, 54610000)]
13:42:05: [INFO] Routing pad 'SW11:1' at (110490000, 54610000) with pad 'SW17:1' at (110490000, 73660000) using coordinate system rotated by 0 degree(s)
13:42:05: [INFO] Adding track segment (F.Cu): [(110490000, 54610000), (110490000, 73660000)]
13:42:05: [INFO] Routing pad 'SW17:1' at (110490000, 73660000) with pad 'SW23:1' at (110490000, 92710000) using coordinate system rotated by 0 degree(s)
13:42:05: [INFO] Adding track segment (F.Cu): [(110490000, 73660000), (110490000, 92710000)]
13:42:05: [INFO] Routing pad 'SW11:1' at (110490000, 54610000) with pad 'SW36:1' at (210502500, 54610000) using coordinate system rotated by 0 degree(s)
13:42:05: [INFO] Adding track segment (F.Cu): [(110490000, 54610000), (210502500, 54610000)]
13:42:05: [INFO] Could not add track segment due to detected collision
13:42:05: [INFO] Routing pad 'SW36:1' at (210502500, 54610000) with pad 'SW42:1' at (210502500, 73660000) using coordinate system rotated by 0 degree(s)
13:42:05: [INFO] Adding track segment (F.Cu): [(210502500, 54610000), (210502500, 73660000)]
13:42:05: [INFO] Routing pad 'SW42:1' at (210502500, 73660000) with pad 'SW48:1' at (210502500, 92710000) using coordinate system rotated by 0 degree(s)
13:42:05: [INFO] Adding track segment (F.Cu): [(210502500, 73660000), (210502500, 92710000)]
13:42:05: [INFO] Routing pad 'SW36:1' at (210502500, 54610000) with pad 'SW29:1' at (248602500, 35560000) using coordinate system rotated by 0 degree(s)
13:42:05: [INFO] Routing COL2 pads
13:42:05: [INFO] Routing pad 'SW3:1' at (72390000, 35560000) with pad 'SW9:1' at (72390000, 54610000) using coordinate system rotated by 0 degree(s)
13:42:05: [INFO] Adding track segment (F.Cu): [(72390000, 35560000), (72390000, 54610000)]
13:42:05: [INFO] Routing pad 'SW9:1' at (72390000, 54610000) with pad 'SW15:1' at (72390000, 73660000) using coordinate system rotated by 0 degree(s)
13:42:05: [INFO] Adding track segment (F.Cu): [(72390000, 54610000), (72390000, 73660000)]
13:42:05: [INFO] Routing pad 'SW15:1' at (72390000, 73660000) with pad 'SW21:1' at (72390000, 92710000) using coordinate system rotated by 0 degree(s)
13:42:05: [INFO] Adding track segment (F.Cu): [(72390000, 73660000), (72390000, 92710000)]
13:42:05: [INFO] Routing pad 'SW3:1' at (72390000, 35560000) with pad 'SW27:1' at (210502500, 35560000) using coordinate system rotated by 0 degree(s)
13:42:05: [INFO] Adding track segment (F.Cu): [(72390000, 35560000), (210502500, 35560000)]
13:42:05: [INFO] Could not add track segment due to detected collision
13:42:05: [INFO] Routing pad 'SW27:1' at (210502500, 35560000) with pad 'SW34:1' at (248602500, 54610000) using coordinate system rotated by 0 degree(s)
13:42:05: [INFO] Routing pad 'SW34:1' at (248602500, 54610000) with pad 'SW40:1' at (248602500, 73660000) using coordinate system rotated by 0 degree(s)
13:42:05: [INFO] Adding track segment (F.Cu): [(248602500, 54610000), (248602500, 73660000)]
13:42:05: [INFO] Routing pad 'SW40:1' at (248602500, 73660000) with pad 'SW46:1' at (248602500, 92710000) using coordinate system rotated by 0 degree(s)
13:42:05: [INFO] Adding track segment (F.Cu): [(248602500, 73660000), (248602500, 92710000)]
13:42:05: [INFO] Removing dangling tracks
