=== kbplacer.kle_serial ===
=== layout2image.py ===
=== kbplacer ===
13:32:50: [INFO] User layout: https://editor.keyboard-tools.xyz/#share=NrDeCIGNwLgAnAYgIareAvgGgQBi7uDuPgIxF5YBMFJWAzOALpYBQY4AnrHLgHQBWYtHhIA7BMmZipAhQgiEKNKmkJZ5GdVqzGLdgp5JIJ02vBU5xS5oSWaOQ6OUraACx5VsdhgB0AdgEB+ISO4AAePPxUAt4WfoGJZMxsHIrGpibm9FYIObbgOQ5wEJHwpHwxwkYu6HE59EFJWOT6aTWZWXEALLngvQW9xU5KklLEHvBexL2NiQGyoSURUZVCCOm1qj0JTRopBlAdnbQA7p5xQrhNAZZL4ELDK+Vr1c5jEuZCc3stBxzceDRdZHZydaCXAg3fw2WhCUjQ2FMJhAA
13:32:50: [INFO] Labels prefixes: for rows: 'ROW', for columns: 'COL'
13:32:50: [INFO] Matrix size: 5x3
13:32:50: [INFO] Add COL0 net
13:32:50: [INFO] Add COL1 net
13:32:50: [INFO] Add COL2 net
13:32:50: [INFO] Add COL3 net
13:32:50: [INFO] Add Net-(D1-A) net
13:32:50: [INFO] Add Net-(D10-A) net
13:32:50: [INFO] Add Net-(D11-A) net
13:32:50: [INFO] Add Net-(D12-A) net
13:32:50: [INFO] Add Net-(D13-A) net
13:32:50: [INFO] Add Net-(D14-A) net
13:32:50: [INFO] Add Net-(D15-A) net
13:32:50: [INFO] Add Net-(D16-A) net
13:32:50: [INFO] Add Net-(D17-A) net
13:32:50: [INFO] Add Net-(D18-A) net
13:32:50: [INFO] Add Net-(D19-A) net
13:32:50: [INFO] Add Net-(D2-A) net
13:32:50: [INFO] Add Net-(D20-A) net
13:32:50: [INFO] Add Net-(D21-A) net
13:32:50: [INFO] Add Net-(D22-A) net
13:32:50: [INFO] Add Net-(D23-A) net
13:32:50: [INFO] Add Net-(D24-A) net
13:32:50: [INFO] Add Net-(D3-A) net
13:32:50: [INFO] Add Net-(D4-A) net
13:32:50: [INFO] Add Net-(D5-A) net
13:32:50: [INFO] Add Net-(D6-A) net
13:32:50: [INFO] Add Net-(D7-A) net
13:32:50: [INFO] Add Net-(D8-A) net
13:32:50: [INFO] Add Net-(D9-A) net
13:32:50: [INFO] Add ROW0 net
13:32:50: [INFO] Add ROW1 net
13:32:50: [INFO] Add ROW2 net
13:32:50: [INFO] Add ROW3 net
13:32:50: [INFO] Add ROW4 net
13:32:50: [INFO] Add ROW5 net
13:32:50: [INFO] Add SW1 footprint
13:32:50: [INFO] Add D1 footprint
13:32:50: [INFO] Add SW2 footprint
13:32:51: [INFO] Add D2 footprint
13:32:51: [INFO] Add SW3 footprint
13:32:51: [INFO] Add D3 footprint
13:32:51: [INFO] Add SW4 footprint
13:32:51: [INFO] Add D4 footprint
13:32:51: [INFO] Add SW5 footprint
13:32:51: [INFO] Add D5 footprint
13:32:51: [INFO] Add SW6 footprint
13:32:51: [INFO] Add D6 footprint
13:32:51: [INFO] Add SW7 footprint
13:32:51: [INFO] Add D7 footprint
13:32:51: [INFO] Add SW8 footprint
13:32:51: [INFO] Add D8 footprint
13:32:51: [INFO] Add SW9 footprint
13:32:51: [INFO] Add D9 footprint
13:32:51: [INFO] Add SW10 footprint
13:32:51: [INFO] Add D10 footprint
13:32:51: [INFO] Add SW11 footprint
13:32:51: [INFO] Add D11 footprint
13:32:51: [INFO] Add SW12 footprint
13:32:51: [INFO] Add D12 footprint
13:32:51: [INFO] Add ST12 footprint
13:32:51: [INFO] Add SW12a footprint
13:32:51: [INFO] Add SW13 footprint
13:32:51: [INFO] Add D13 footprint
13:32:51: [INFO] Add SW14 footprint
13:32:51: [INFO] Add D14 footprint
13:32:51: [INFO] Add SW15 footprint
13:32:51: [INFO] Add D15 footprint
13:32:51: [INFO] Add SW16 footprint
13:32:51: [INFO] Add D16 footprint
13:32:51: [INFO] Add SW17 footprint
13:32:51: [INFO] Add D17 footprint
13:32:51: [INFO] Add SW18 footprint
13:32:51: [INFO] Add D18 footprint
13:32:51: [INFO] Add SW19 footprint
13:32:52: [INFO] Add D19 footprint
13:32:52: [INFO] Add SW20 footprint
13:32:52: [INFO] Add D20 footprint
13:32:52: [INFO] Add ST20 footprint
13:32:52: [INFO] Add SW20a footprint
13:32:52: [INFO] Add SW21 footprint
13:32:52: [INFO] Add D21 footprint
13:32:52: [INFO] Add ST21 footprint
13:32:52: [INFO] Add SW21a footprint
13:32:52: [INFO] Add SW22 footprint
13:32:52: [INFO] Add D22 footprint
13:32:52: [INFO] Add SW23 footprint
13:32:52: [INFO] Add D23 footprint
13:32:52: [INFO] Add SW24 footprint
13:32:52: [INFO] Add D24 footprint
13:32:52: [INFO] Detected layout convertible to matrix annotated keyboard
13:32:52: [INFO] Using key 1U distance: (19.05, 19.05) mm
13:32:52: [INFO] Layout offset: (28575000, 28575000)
13:32:52: [INFO] Diode info: [ElementInfo(annotation_format='D{}', position_option=<PositionOption.CUSTOM: 'Custom'>, position=ElementPosition(x=5.08, y=4.0, orientation=90.0, side=<Side.BACK: 'Back'>), template_path='', start_index=-1)]
13:32:52: [INFO] Placing additional elements for SW24
13:32:52: [INFO] Placing additional elements for SW23
13:32:52: [INFO] Placing additional elements for SW22
13:32:52: [INFO] Placing additional elements for SW21a
13:32:52: [INFO] Placing additional elements for SW21
13:32:52: [INFO] Placing additional elements for SW20a
13:32:52: [INFO] Placing additional elements for SW20
13:32:52: [INFO] Placing additional elements for SW19
13:32:52: [INFO] Placing additional elements for SW18
13:32:52: [INFO] Placing additional elements for SW17
13:32:52: [INFO] Placing additional elements for SW16
13:32:52: [INFO] Placing additional elements for SW15
13:32:52: [INFO] Placing additional elements for SW14
13:32:52: [INFO] Placing additional elements for SW13
13:32:52: [INFO] Placing additional elements for SW12a
13:32:52: [INFO] Placing additional elements for SW12
13:32:52: [INFO] Placing additional elements for SW11
13:32:52: [INFO] Placing additional elements for SW10
13:32:52: [INFO] Placing additional elements for SW9
13:32:52: [INFO] Placing additional elements for SW8
13:32:52: [INFO] Placing additional elements for SW7
13:32:52: [INFO] Placing additional elements for SW6
13:32:52: [INFO] Placing additional elements for SW5
13:32:52: [INFO] Placing additional elements for SW4
13:32:52: [INFO] Placing additional elements for SW3
13:32:52: [INFO] Placing additional elements for SW2
13:32:52: [INFO] Placing additional elements for SW1
13:32:52: [INFO] Routing SW24 with D24
13:32:52: [INFO] Using internal autorouter method
13:32:52: [INFO] Routing pad 'SW24:2' at (97790000, 137795000) with pad 'D24:2' at (100330000, 145475000) using coordinate system rotated by 0 degree(s)
13:32:52: [INFO] Adding track segment (B.Cu): [(97790000, 137795000), (97790000, 142935000)]
13:32:52: [INFO] Adding track segment (B.Cu): [(97790000, 142935000), (100330000, 145475000)]
13:32:52: [INFO] Routing SW23 with D23
13:32:52: [INFO] Using internal autorouter method
13:32:52: [INFO] Routing pad 'SW23:2' at (78740000, 137795000) with pad 'D23:2' at (81280000, 145475000) using coordinate system rotated by 0 degree(s)
13:32:52: [INFO] Adding track segment (B.Cu): [(78740000, 137795000), (78740000, 142935000)]
13:32:52: [INFO] Adding track segment (B.Cu): [(78740000, 142935000), (81280000, 145475000)]
13:32:52: [INFO] Routing SW22 with D22
13:32:52: [INFO] Using internal autorouter method
13:32:52: [INFO] Routing pad 'SW22:2' at (59690000, 137795000) with pad 'D22:2' at (62230000, 145475000) using coordinate system rotated by 0 degree(s)
13:32:52: [INFO] Adding track segment (B.Cu): [(59690000, 137795000), (59690000, 142935000)]
13:32:52: [INFO] Adding track segment (B.Cu): [(59690000, 142935000), (62230000, 145475000)]
13:32:52: [INFO] Routing SW21a with D21
13:32:52: [INFO] Using internal autorouter method
13:32:52: [INFO] Routing pad 'SW21a:2' at (40640000, 137795000) with pad 'D21:2' at (52705000, 145475000) using coordinate system rotated by 0 degree(s)
13:32:52: [INFO] Routing SW21 with D21
13:32:52: [INFO] Using internal autorouter method
13:32:52: [INFO] Routing pad 'SW21:2' at (50165000, 137795000) with pad 'D21:2' at (52705000, 145475000) using coordinate system rotated by 0 degree(s)
13:32:52: [INFO] Adding track segment (B.Cu): [(50165000, 137795000), (50165000, 142935000)]
13:32:52: [INFO] Adding track segment (B.Cu): [(50165000, 142935000), (52705000, 145475000)]
13:32:52: [INFO] Routing SW20a with D20
13:32:52: [INFO] Using internal autorouter method
13:32:52: [INFO] Routing pad 'SW20a:2' at (97790000, 118745000) with pad 'D20:2' at (100330000, 135950000) using coordinate system rotated by 0 degree(s)
13:32:52: [INFO] Adding track segment (B.Cu): [(97790000, 118745000), (97790000, 133410000)]
13:32:52: [INFO] Adding track segment (B.Cu): [(97790000, 133410000), (100330000, 135950000)]
13:32:52: [INFO] Routing SW20 with D20
13:32:52: [INFO] Using internal autorouter method
13:32:52: [INFO] Routing pad 'SW20:2' at (97790000, 128270000) with pad 'D20:2' at (100330000, 135950000) using coordinate system rotated by 0 degree(s)
13:32:52: [INFO] Adding track segment (B.Cu): [(97790000, 128270000), (97790000, 133410000)]
13:32:52: [INFO] Adding track segment (B.Cu): [(97790000, 133410000), (100330000, 135950000)]
13:32:52: [INFO] Routing SW19 with D19
13:32:52: [INFO] Using internal autorouter method
13:32:52: [INFO] Routing pad 'SW19:2' at (78740000, 118745000) with pad 'D19:2' at (81280000, 126425000) using coordinate system rotated by 0 degree(s)
13:32:52: [INFO] Adding track segment (B.Cu): [(78740000, 118745000), (78740000, 123885000)]
13:32:52: [INFO] Adding track segment (B.Cu): [(78740000, 123885000), (81280000, 126425000)]
13:32:52: [INFO] Routing SW18 with D18
13:32:52: [INFO] Using internal autorouter method
13:32:52: [INFO] Routing pad 'SW18:2' at (59690000, 118745000) with pad 'D18:2' at (62230000, 126425000) using coordinate system rotated by 0 degree(s)
13:32:52: [INFO] Adding track segment (B.Cu): [(59690000, 118745000), (59690000, 123885000)]
13:32:52: [INFO] Adding track segment (B.Cu): [(59690000, 123885000), (62230000, 126425000)]
13:32:52: [INFO] Routing SW17 with D17
13:32:52: [INFO] Using internal autorouter method
13:32:52: [INFO] Routing pad 'SW17:2' at (40640000, 118745000) with pad 'D17:2' at (43180000, 126425000) using coordinate system rotated by 0 degree(s)
13:32:52: [INFO] Adding track segment (B.Cu): [(40640000, 118745000), (40640000, 123885000)]
13:32:52: [INFO] Adding track segment (B.Cu): [(40640000, 123885000), (43180000, 126425000)]
13:32:52: [INFO] Routing SW16 with D16
13:32:52: [INFO] Using internal autorouter method
13:32:52: [INFO] Routing pad 'SW16:2' at (97790000, 99695000) with pad 'D16:2' at (100330000, 107375000) using coordinate system rotated by 0 degree(s)
13:32:52: [INFO] Adding track segment (B.Cu): [(97790000, 99695000), (97790000, 104835000)]
13:32:52: [INFO] Adding track segment (B.Cu): [(97790000, 104835000), (100330000, 107375000)]
13:32:52: [INFO] Routing SW15 with D15
13:32:52: [INFO] Using internal autorouter method
13:32:52: [INFO] Routing pad 'SW15:2' at (78740000, 99695000) with pad 'D15:2' at (81280000, 107375000) using coordinate system rotated by 0 degree(s)
13:32:52: [INFO] Adding track segment (B.Cu): [(78740000, 99695000), (78740000, 104835000)]
13:32:52: [INFO] Adding track segment (B.Cu): [(78740000, 104835000), (81280000, 107375000)]
13:32:52: [INFO] Routing SW14 with D14
13:32:52: [INFO] Using internal autorouter method
13:32:52: [INFO] Routing pad 'SW14:2' at (59690000, 99695000) with pad 'D14:2' at (62230000, 107375000) using coordinate system rotated by 0 degree(s)
13:32:52: [INFO] Adding track segment (B.Cu): [(59690000, 99695000), (59690000, 104835000)]
13:32:52: [INFO] Adding track segment (B.Cu): [(59690000, 104835000), (62230000, 107375000)]
13:32:52: [INFO] Routing SW13 with D13
13:32:52: [INFO] Using internal autorouter method
13:32:52: [INFO] Routing pad 'SW13:2' at (40640000, 99695000) with pad 'D13:2' at (43180000, 107375000) using coordinate system rotated by 0 degree(s)
13:32:52: [INFO] Adding track segment (B.Cu): [(40640000, 99695000), (40640000, 104835000)]
13:32:52: [INFO] Adding track segment (B.Cu): [(40640000, 104835000), (43180000, 107375000)]
13:32:52: [INFO] Routing SW12a with D12
13:32:52: [INFO] Using internal autorouter method
13:32:52: [INFO] Routing pad 'SW12a:2' at (97790000, 80645000) with pad 'D12:2' at (100330000, 97850000) using coordinate system rotated by 0 degree(s)
13:32:52: [INFO] Adding track segment (B.Cu): [(97790000, 80645000), (97790000, 95310000)]
13:32:52: [INFO] Adding track segment (B.Cu): [(97790000, 95310000), (100330000, 97850000)]
13:32:52: [INFO] Routing SW12 with D12
13:32:52: [INFO] Using internal autorouter method
13:32:52: [INFO] Routing pad 'SW12:2' at (97790000, 90170000) with pad 'D12:2' at (100330000, 97850000) using coordinate system rotated by 0 degree(s)
13:32:52: [INFO] Adding track segment (B.Cu): [(97790000, 90170000), (97790000, 95310000)]
13:32:52: [INFO] Adding track segment (B.Cu): [(97790000, 95310000), (100330000, 97850000)]
13:32:52: [INFO] Routing SW11 with D11
13:32:52: [INFO] Using internal autorouter method
13:32:52: [INFO] Routing pad 'SW11:2' at (78740000, 80645000) with pad 'D11:2' at (81280000, 88325000) using coordinate system rotated by 0 degree(s)
13:32:52: [INFO] Adding track segment (B.Cu): [(78740000, 80645000), (78740000, 85785000)]
13:32:52: [INFO] Adding track segment (B.Cu): [(78740000, 85785000), (81280000, 88325000)]
13:32:52: [INFO] Routing SW10 with D10
13:32:52: [INFO] Using internal autorouter method
13:32:52: [INFO] Routing pad 'SW10:2' at (59690000, 80645000) with pad 'D10:2' at (62230000, 88325000) using coordinate system rotated by 0 degree(s)
13:32:52: [INFO] Adding track segment (B.Cu): [(59690000, 80645000), (59690000, 85785000)]
13:32:52: [INFO] Adding track segment (B.Cu): [(59690000, 85785000), (62230000, 88325000)]
13:32:52: [INFO] Routing SW9 with D9
13:32:52: [INFO] Using internal autorouter method
13:32:52: [INFO] Routing pad 'SW9:2' at (40640000, 80645000) with pad 'D9:2' at (43180000, 88325000) using coordinate system rotated by 0 degree(s)
13:32:52: [INFO] Adding track segment (B.Cu): [(40640000, 80645000), (40640000, 85785000)]
13:32:52: [INFO] Adding track segment (B.Cu): [(40640000, 85785000), (43180000, 88325000)]
13:32:52: [INFO] Routing SW8 with D8
13:32:52: [INFO] Using internal autorouter method
13:32:52: [INFO] Routing pad 'SW8:2' at (97790000, 61595000) with pad 'D8:2' at (100330000, 69275000) using coordinate system rotated by 0 degree(s)
13:32:52: [INFO] Adding track segment (B.Cu): [(97790000, 61595000), (97790000, 66735000)]
13:32:52: [INFO] Adding track segment (B.Cu): [(97790000, 66735000), (100330000, 69275000)]
13:32:52: [INFO] Routing SW7 with D7
13:32:52: [INFO] Using internal autorouter method
13:32:52: [INFO] Routing pad 'SW7:2' at (78740000, 61595000) with pad 'D7:2' at (81280000, 69275000) using coordinate system rotated by 0 degree(s)
13:32:52: [INFO] Adding track segment (B.Cu): [(78740000, 61595000), (78740000, 66735000)]
13:32:52: [INFO] Adding track segment (B.Cu): [(78740000, 66735000), (81280000, 69275000)]
13:32:52: [INFO] Routing SW6 with D6
13:32:52: [INFO] Using internal autorouter method
13:32:52: [INFO] Routing pad 'SW6:2' at (59690000, 61595000) with pad 'D6:2' at (62230000, 69275000) using coordinate system rotated by 0 degree(s)
13:32:52: [INFO] Adding track segment (B.Cu): [(59690000, 61595000), (59690000, 66735000)]
13:32:52: [INFO] Adding track segment (B.Cu): [(59690000, 66735000), (62230000, 69275000)]
13:32:52: [INFO] Routing SW5 with D5
13:32:52: [INFO] Using internal autorouter method
13:32:52: [INFO] Routing pad 'SW5:2' at (40640000, 61595000) with pad 'D5:2' at (43180000, 69275000) using coordinate system rotated by 0 degree(s)
13:32:52: [INFO] Adding track segment (B.Cu): [(40640000, 61595000), (40640000, 66735000)]
13:32:52: [INFO] Adding track segment (B.Cu): [(40640000, 66735000), (43180000, 69275000)]
13:32:52: [INFO] Routing SW4 with D4
13:32:52: [INFO] Using internal autorouter method
13:32:52: [INFO] Routing pad 'SW4:2' at (97790000, 33020000) with pad 'D4:2' at (100330000, 40700000) using coordinate system rotated by 0 degree(s)
13:32:52: [INFO] Adding track segment (B.Cu): [(97790000, 33020000), (97790000, 38160000)]
13:32:52: [INFO] Adding track segment (B.Cu): [(97790000, 38160000), (100330000, 40700000)]
13:32:52: [INFO] Routing SW3 with D3
13:32:52: [INFO] Using internal autorouter method
13:32:52: [INFO] Routing pad 'SW3:2' at (78740000, 33020000) with pad 'D3:2' at (81280000, 40700000) using coordinate system rotated by 0 degree(s)
13:32:52: [INFO] Adding track segment (B.Cu): [(78740000, 33020000), (78740000, 38160000)]
13:32:52: [INFO] Adding track segment (B.Cu): [(78740000, 38160000), (81280000, 40700000)]
13:32:52: [INFO] Routing SW2 with D2
13:32:52: [INFO] Using internal autorouter method
13:32:52: [INFO] Routing pad 'SW2:2' at (59690000, 33020000) with pad 'D2:2' at (62230000, 40700000) using coordinate system rotated by 0 degree(s)
13:32:52: [INFO] Adding track segment (B.Cu): [(59690000, 33020000), (59690000, 38160000)]
13:32:52: [INFO] Adding track segment (B.Cu): [(59690000, 38160000), (62230000, 40700000)]
13:32:52: [INFO] Routing SW1 with D1
13:32:52: [INFO] Using internal autorouter method
13:32:52: [INFO] Routing pad 'SW1:2' at (40640000, 33020000) with pad 'D1:2' at (43180000, 40700000) using coordinate system rotated by 0 degree(s)
13:32:52: [INFO] Adding track segment (B.Cu): [(40640000, 33020000), (40640000, 38160000)]
13:32:52: [INFO] Adding track segment (B.Cu): [(40640000, 38160000), (43180000, 40700000)]
13:32:52: [INFO] Routing COL3 pads
13:32:52: [INFO] Routing pad 'SW4:1' at (91440000, 35560000) with pad 'SW8:1' at (91440000, 64135000) using coordinate system rotated by 0 degree(s)
13:32:52: [INFO] Adding track segment (F.Cu): [(91440000, 35560000), (91440000, 64135000)]
13:32:52: [INFO] Routing pad 'SW8:1' at (91440000, 64135000) with pad 'SW12a:1' at (91440000, 83185000) using coordinate system rotated by 0 degree(s)
13:32:52: [INFO] Adding track segment (F.Cu): [(91440000, 64135000), (91440000, 83185000)]
13:32:52: [INFO] Routing pad 'SW12a:1' at (91440000, 83185000) with pad 'SW12:1' at (91440000, 92710000) using coordinate system rotated by 0 degree(s)
13:32:52: [INFO] Adding track segment (F.Cu): [(91440000, 83185000), (91440000, 92710000)]
13:32:52: [INFO] Routing pad 'SW12:1' at (91440000, 92710000) with pad 'SW16:1' at (91440000, 102235000) using coordinate system rotated by 0 degree(s)
13:32:52: [INFO] Adding track segment (F.Cu): [(91440000, 92710000), (91440000, 102235000)]
13:32:52: [INFO] Routing pad 'SW16:1' at (91440000, 102235000) with pad 'SW20a:1' at (91440000, 121285000) using coordinate system rotated by 0 degree(s)
13:32:52: [INFO] Adding track segment (F.Cu): [(91440000, 102235000), (91440000, 121285000)]
13:32:52: [INFO] Routing pad 'SW20a:1' at (91440000, 121285000) with pad 'SW20:1' at (91440000, 130810000) using coordinate system rotated by 0 degree(s)
13:32:52: [INFO] Adding track segment (F.Cu): [(91440000, 121285000), (91440000, 130810000)]
13:32:52: [INFO] Routing pad 'SW20:1' at (91440000, 130810000) with pad 'SW24:1' at (91440000, 140335000) using coordinate system rotated by 0 degree(s)
13:32:52: [INFO] Adding track segment (F.Cu): [(91440000, 130810000), (91440000, 140335000)]
13:32:52: [INFO] Routing ROW1 pads
13:32:52: [INFO] Routing pad 'D5:1' at (43180000, 72075000) with pad 'D6:1' at (62230000, 72075000) using coordinate system rotated by 0 degree(s)
13:32:52: [INFO] Adding track segment (B.Cu): [(43180000, 72075000), (62230000, 72075000)]
13:32:52: [INFO] Routing pad 'D6:1' at (62230000, 72075000) with pad 'D7:1' at (81280000, 72075000) using coordinate system rotated by 0 degree(s)
13:32:52: [INFO] Adding track segment (B.Cu): [(62230000, 72075000), (81280000, 72075000)]
13:32:52: [INFO] Routing pad 'D7:1' at (81280000, 72075000) with pad 'D8:1' at (100330000, 72075000) using coordinate system rotated by 0 degree(s)
13:32:52: [INFO] Adding track segment (B.Cu): [(81280000, 72075000), (100330000, 72075000)]
13:32:52: [INFO] Routing COL1 pads
13:32:52: [INFO] Routing pad 'SW2:1' at (53340000, 35560000) with pad 'SW6:1' at (53340000, 64135000) using coordinate system rotated by 0 degree(s)
13:32:52: [INFO] Adding track segment (F.Cu): [(53340000, 35560000), (53340000, 64135000)]
13:32:52: [INFO] Routing pad 'SW6:1' at (53340000, 64135000) with pad 'SW10:1' at (53340000, 83185000) using coordinate system rotated by 0 degree(s)
13:32:52: [INFO] Adding track segment (F.Cu): [(53340000, 64135000), (53340000, 83185000)]
13:32:52: [INFO] Routing pad 'SW10:1' at (53340000, 83185000) with pad 'SW14:1' at (53340000, 102235000) using coordinate system rotated by 0 degree(s)
13:32:52: [INFO] Adding track segment (F.Cu): [(53340000, 83185000), (53340000, 102235000)]
13:32:52: [INFO] Routing pad 'SW14:1' at (53340000, 102235000) with pad 'SW18:1' at (53340000, 121285000) using coordinate system rotated by 0 degree(s)
13:32:52: [INFO] Adding track segment (F.Cu): [(53340000, 102235000), (53340000, 121285000)]
13:32:52: [INFO] Routing pad 'SW18:1' at (53340000, 121285000) with pad 'SW22:1' at (53340000, 140335000) using coordinate system rotated by 0 degree(s)
13:32:52: [INFO] Adding track segment (F.Cu): [(53340000, 121285000), (53340000, 140335000)]
13:32:52: [INFO] Routing ROW4 pads
13:32:52: [INFO] Routing pad 'D17:1' at (43180000, 129225000) with pad 'D18:1' at (62230000, 129225000) using coordinate system rotated by 0 degree(s)
13:32:52: [INFO] Adding track segment (B.Cu): [(43180000, 129225000), (62230000, 129225000)]
13:32:52: [INFO] Routing pad 'D18:1' at (62230000, 129225000) with pad 'D19:1' at (81280000, 129225000) using coordinate system rotated by 0 degree(s)
13:32:52: [INFO] Adding track segment (B.Cu): [(62230000, 129225000), (81280000, 129225000)]
13:32:52: [INFO] Routing pad 'D19:1' at (81280000, 129225000) with pad 'D20:1' at (100330000, 138750000) using coordinate system rotated by 0 degree(s)
13:32:52: [INFO] Routing COL0 pads
13:32:52: [INFO] Routing pad 'SW1:1' at (34290000, 35560000) with pad 'SW5:1' at (34290000, 64135000) using coordinate system rotated by 0 degree(s)
13:32:52: [INFO] Adding track segment (F.Cu): [(34290000, 35560000), (34290000, 64135000)]
13:32:52: [INFO] Routing pad 'SW5:1' at (34290000, 64135000) with pad 'SW9:1' at (34290000, 83185000) using coordinate system rotated by 0 degree(s)
13:32:52: [INFO] Adding track segment (F.Cu): [(34290000, 64135000), (34290000, 83185000)]
13:32:52: [INFO] Routing pad 'SW9:1' at (34290000, 83185000) with pad 'SW13:1' at (34290000, 102235000) using coordinate system rotated by 0 degree(s)
13:32:52: [INFO] Adding track segment (F.Cu): [(34290000, 83185000), (34290000, 102235000)]
13:32:52: [INFO] Routing pad 'SW13:1' at (34290000, 102235000) with pad 'SW17:1' at (34290000, 121285000) using coordinate system rotated by 0 degree(s)
13:32:52: [INFO] Adding track segment (F.Cu): [(34290000, 102235000), (34290000, 121285000)]
13:32:52: [INFO] Routing pad 'SW17:1' at (34290000, 121285000) with pad 'SW21a:1' at (34290000, 140335000) using coordinate system rotated by 0 degree(s)
13:32:52: [INFO] Adding track segment (F.Cu): [(34290000, 121285000), (34290000, 140335000)]
13:32:52: [INFO] Could not add track segment due to detected collision
13:32:52: [INFO] Routing pad 'SW21a:1' at (34290000, 140335000) with pad 'SW21:1' at (43815000, 140335000) using coordinate system rotated by 0 degree(s)
13:32:52: [INFO] Adding track segment (F.Cu): [(34290000, 140335000), (43815000, 140335000)]
13:32:52: [INFO] Routing ROW5 pads
13:32:52: [INFO] Routing pad 'D21:1' at (52705000, 148275000) with pad 'D22:1' at (62230000, 148275000) using coordinate system rotated by 0 degree(s)
13:32:52: [INFO] Adding track segment (B.Cu): [(52705000, 148275000), (62230000, 148275000)]
13:32:52: [INFO] Routing pad 'D22:1' at (62230000, 148275000) with pad 'D23:1' at (81280000, 148275000) using coordinate system rotated by 0 degree(s)
13:32:52: [INFO] Adding track segment (B.Cu): [(62230000, 148275000), (81280000, 148275000)]
13:32:52: [INFO] Routing pad 'D23:1' at (81280000, 148275000) with pad 'D24:1' at (100330000, 148275000) using coordinate system rotated by 0 degree(s)
13:32:52: [INFO] Adding track segment (B.Cu): [(81280000, 148275000), (100330000, 148275000)]
13:32:52: [INFO] Routing ROW0 pads
13:32:52: [INFO] Routing pad 'D1:1' at (43180000, 43500000) with pad 'D2:1' at (62230000, 43500000) using coordinate system rotated by 0 degree(s)
13:32:52: [INFO] Adding track segment (B.Cu): [(43180000, 43500000), (62230000, 43500000)]
13:32:52: [INFO] Routing pad 'D2:1' at (62230000, 43500000) with pad 'D3:1' at (81280000, 43500000) using coordinate system rotated by 0 degree(s)
13:32:52: [INFO] Adding track segment (B.Cu): [(62230000, 43500000), (81280000, 43500000)]
13:32:52: [INFO] Routing pad 'D3:1' at (81280000, 43500000) with pad 'D4:1' at (100330000, 43500000) using coordinate system rotated by 0 degree(s)
13:32:52: [INFO] Adding track segment (B.Cu): [(81280000, 43500000), (100330000, 43500000)]
13:32:52: [INFO] Routing ROW3 pads
13:32:52: [INFO] Routing pad 'D13:1' at (43180000, 110175000) with pad 'D14:1' at (62230000, 110175000) using coordinate system rotated by 0 degree(s)
13:32:52: [INFO] Adding track segment (B.Cu): [(43180000, 110175000), (62230000, 110175000)]
13:32:52: [INFO] Routing pad 'D14:1' at (62230000, 110175000) with pad 'D15:1' at (81280000, 110175000) using coordinate system rotated by 0 degree(s)
13:32:52: [INFO] Adding track segment (B.Cu): [(62230000, 110175000), (81280000, 110175000)]
13:32:52: [INFO] Routing pad 'D15:1' at (81280000, 110175000) with pad 'D16:1' at (100330000, 110175000) using coordinate system rotated by 0 degree(s)
13:32:52: [INFO] Adding track segment (B.Cu): [(81280000, 110175000), (100330000, 110175000)]
13:32:52: [INFO] Routing ROW2 pads
13:32:52: [INFO] Routing pad 'D9:1' at (43180000, 91125000) with pad 'D10:1' at (62230000, 91125000) using coordinate system rotated by 0 degree(s)
13:32:52: [INFO] Adding track segment (B.Cu): [(43180000, 91125000), (62230000, 91125000)]
13:32:52: [INFO] Routing pad 'D10:1' at (62230000, 91125000) with pad 'D11:1' at (81280000, 91125000) using coordinate system rotated by 0 degree(s)
13:32:52: [INFO] Adding track segment (B.Cu): [(62230000, 91125000), (81280000, 91125000)]
13:32:52: [INFO] Routing pad 'D11:1' at (81280000, 91125000) with pad 'D12:1' at (100330000, 100650000) using coordinate system rotated by 0 degree(s)
13:32:52: [INFO] Routing COL2 pads
13:32:52: [INFO] Routing pad 'SW3:1' at (72390000, 35560000) with pad 'SW7:1' at (72390000, 64135000) using coordinate system rotated by 0 degree(s)
13:32:52: [INFO] Adding track segment (F.Cu): [(72390000, 35560000), (72390000, 64135000)]
13:32:52: [INFO] Routing pad 'SW7:1' at (72390000, 64135000) with pad 'SW11:1' at (72390000, 83185000) using coordinate system rotated by 0 degree(s)
13:32:52: [INFO] Adding track segment (F.Cu): [(72390000, 64135000), (72390000, 83185000)]
13:32:52: [INFO] Routing pad 'SW11:1' at (72390000, 83185000) with pad 'SW15:1' at (72390000, 102235000) using coordinate system rotated by 0 degree(s)
13:32:52: [INFO] Adding track segment (F.Cu): [(72390000, 83185000), (72390000, 102235000)]
13:32:52: [INFO] Routing pad 'SW15:1' at (72390000, 102235000) with pad 'SW19:1' at (72390000, 121285000) using coordinate system rotated by 0 degree(s)
13:32:52: [INFO] Adding track segment (F.Cu): [(72390000, 102235000), (72390000, 121285000)]
13:32:52: [INFO] Routing pad 'SW19:1' at (72390000, 121285000) with pad 'SW23:1' at (72390000, 140335000) using coordinate system rotated by 0 degree(s)
13:32:52: [INFO] Adding track segment (F.Cu): [(72390000, 121285000), (72390000, 140335000)]
13:32:52: [INFO] Removing dangling tracks
