=== kbplacer.kle_serial ===
=== layout2image.py ===
=== kbplacer ===
14:19:10: [INFO] User layout: https://editor.keyboard-tools.xyz/#share=NrDeCIA9wLgAgIwBYB0BWANHcB3WcAmAXy3AAYNkAdAO1tooXAF0MAoMKfBA9UgM24CAhvmABmZiWyMmrDhGjwyfbAE98AWhUB2TNgDG+cAGId5i+GnkMZcFghH4pg67dXSje3EXcEKMmtGAm8IflF4CSwKOBjJIMpxejoaCjtPSiRkhltQrmUUAn1wQXhxawRMlnZOJUQdawIq+Vr8FSLSDXhtFABOYqdsE2ER0e8SoWxwsUlSPHh-NArch3BBlzdXD2xKplW6hBUl0l29ncoQ1dK4cTnudGWEcWqFfPqUSvUtFTJi68+ShE4BIpKRbsgXq0Cghil04D1+qR1sNRiNxvNECg9I0Vj41sYTJstjizr54L0sST0tgmghSfjnGYLOZ0fheEUSSEWo4Cai0Xd4OzjthbtSeYyiUZrOC8gcftLKGKGUM+aIBZjsWDKHIamTEAA2Qqw77oAYE5kshVPSEQOE9JBmxmq1kLI3WJC5blvGFGzomtCOoYWnTbcAenjjcPPUjhpA28AAJzqt2wCbhqA62DqPWN3XEASRBMloYoXN1ie4MTe7Vz8P8gQy0ZkGDjGTQ4wo+vj2Zry0u5yb4EqrfO7Za4Ca-YnGEHTRH07H5bqRwVU9ug9u89ui9ey9UytMzvVi3dGH74qGxYE+BTuDZp5HF8PfNDHp3nATWkOpCT3F4xWzfM9D9PMC0MIsiXGf4RBmUFmxDDIAA4OwwXoUMObstAzYUhwwLsTgwBDzmQgi0IIjCvWzVAGxpPDxiaIjpxI2i0MorD92ucoYzw7IaEqJVoKmIEQQVfCRUI8ZbmY8BblYpd2KrDFeE1bAPSIp8UVRF1MRwj05N3djaxrQsJUgmDIhTGI4lYbAABN8AAFwTABXABTU99V43YWGYIA
14:19:10: [INFO] Labels prefixes: for rows: 'ROW', for columns: 'COL'
14:19:10: [INFO] Matrix size: 4x14
14:19:11: [WARNING] No stabilizer footprint for width 2.25u, using 2u as fallback
14:19:11: [WARNING] No stabilizer footprint for width 2.25u, using 2u as fallback
14:19:11: [WARNING] No stabilizer footprint for width 2.75u, using 2u as fallback
14:19:11: [INFO] Add COL0 net
14:19:11: [INFO] Add COL1 net
14:19:11: [INFO] Add COL10 net
14:19:11: [INFO] Add COL11 net
14:19:11: [INFO] Add COL12 net
14:19:11: [INFO] Add COL13 net
14:19:11: [INFO] Add COL14 net
14:19:11: [INFO] Add COL2 net
14:19:11: [INFO] Add COL3 net
14:19:11: [INFO] Add COL4 net
14:19:11: [INFO] Add COL5 net
14:19:11: [INFO] Add COL6 net
14:19:11: [INFO] Add COL7 net
14:19:11: [INFO] Add COL8 net
14:19:11: [INFO] Add COL9 net
14:19:11: [INFO] Add Net-(D1-A) net
14:19:11: [INFO] Add Net-(D10-A) net
14:19:11: [INFO] Add Net-(D11-A) net
14:19:11: [INFO] Add Net-(D12-A) net
14:19:11: [INFO] Add Net-(D13-A) net
14:19:11: [INFO] Add Net-(D14-A) net
14:19:11: [INFO] Add Net-(D15-A) net
14:19:11: [INFO] Add Net-(D16-A) net
14:19:11: [INFO] Add Net-(D17-A) net
14:19:11: [INFO] Add Net-(D18-A) net
14:19:11: [INFO] Add Net-(D19-A) net
14:19:11: [INFO] Add Net-(D2-A) net
14:19:11: [INFO] Add Net-(D20-A) net
14:19:11: [INFO] Add Net-(D21-A) net
14:19:11: [INFO] Add Net-(D22-A) net
14:19:11: [INFO] Add Net-(D23-A) net
14:19:11: [INFO] Add Net-(D24-A) net
14:19:11: [INFO] Add Net-(D25-A) net
14:19:11: [INFO] Add Net-(D26-A) net
14:19:11: [INFO] Add Net-(D27-A) net
14:19:11: [INFO] Add Net-(D28-A) net
14:19:11: [INFO] Add Net-(D29-A) net
14:19:11: [INFO] Add Net-(D3-A) net
14:19:11: [INFO] Add Net-(D30-A) net
14:19:11: [INFO] Add Net-(D31-A) net
14:19:11: [INFO] Add Net-(D32-A) net
14:19:11: [INFO] Add Net-(D33-A) net
14:19:11: [INFO] Add Net-(D34-A) net
14:19:11: [INFO] Add Net-(D35-A) net
14:19:11: [INFO] Add Net-(D36-A) net
14:19:11: [INFO] Add Net-(D37-A) net
14:19:11: [INFO] Add Net-(D38-A) net
14:19:11: [INFO] Add Net-(D39-A) net
14:19:11: [INFO] Add Net-(D4-A) net
14:19:11: [INFO] Add Net-(D40-A) net
14:19:11: [INFO] Add Net-(D41-A) net
14:19:11: [INFO] Add Net-(D42-A) net
14:19:11: [INFO] Add Net-(D43-A) net
14:19:11: [INFO] Add Net-(D44-A) net
14:19:11: [INFO] Add Net-(D45-A) net
14:19:11: [INFO] Add Net-(D46-A) net
14:19:11: [INFO] Add Net-(D47-A) net
14:19:11: [INFO] Add Net-(D48-A) net
14:19:11: [INFO] Add Net-(D49-A) net
14:19:11: [INFO] Add Net-(D5-A) net
14:19:11: [INFO] Add Net-(D50-A) net
14:19:11: [INFO] Add Net-(D51-A) net
14:19:11: [INFO] Add Net-(D52-A) net
14:19:11: [INFO] Add Net-(D53-A) net
14:19:11: [INFO] Add Net-(D54-A) net
14:19:11: [INFO] Add Net-(D55-A) net
14:19:11: [INFO] Add Net-(D56-A) net
14:19:11: [INFO] Add Net-(D57-A) net
14:19:11: [INFO] Add Net-(D58-A) net
14:19:11: [INFO] Add Net-(D59-A) net
14:19:11: [INFO] Add Net-(D6-A) net
14:19:11: [INFO] Add Net-(D60-A) net
14:19:11: [INFO] Add Net-(D61-A) net
14:19:11: [INFO] Add Net-(D62-A) net
14:19:11: [INFO] Add Net-(D63-A) net
14:19:11: [INFO] Add Net-(D64-A) net
14:19:11: [INFO] Add Net-(D65-A) net
14:19:11: [INFO] Add Net-(D66-A) net
14:19:11: [INFO] Add Net-(D67-A) net
14:19:11: [INFO] Add Net-(D68-A) net
14:19:11: [INFO] Add Net-(D7-A) net
14:19:11: [INFO] Add Net-(D8-A) net
14:19:11: [INFO] Add Net-(D9-A) net
14:19:11: [INFO] Add ROW0 net
14:19:11: [INFO] Add ROW1 net
14:19:11: [INFO] Add ROW2 net
14:19:11: [INFO] Add ROW3 net
14:19:11: [INFO] Add ROW4 net
14:19:11: [INFO] Add SW1 footprint
14:19:11: [INFO] Add D1 footprint
14:19:11: [INFO] Add SW2 footprint
14:19:11: [INFO] Add D2 footprint
14:19:11: [INFO] Add SW3 footprint
14:19:11: [INFO] Add D3 footprint
14:19:11: [INFO] Add SW4 footprint
14:19:11: [INFO] Add D4 footprint
14:19:11: [INFO] Add SW5 footprint
14:19:11: [INFO] Add D5 footprint
14:19:11: [INFO] Add SW6 footprint
14:19:11: [INFO] Add D6 footprint
14:19:11: [INFO] Add SW7 footprint
14:19:11: [INFO] Add D7 footprint
14:19:11: [INFO] Add SW8 footprint
14:19:11: [INFO] Add D8 footprint
14:19:11: [INFO] Add SW9 footprint
14:19:11: [INFO] Add D9 footprint
14:19:11: [INFO] Add SW10 footprint
14:19:11: [INFO] Add D10 footprint
14:19:11: [INFO] Add SW11 footprint
14:19:11: [INFO] Add D11 footprint
14:19:11: [INFO] Add SW12 footprint
14:19:11: [INFO] Add D12 footprint
14:19:11: [INFO] Add SW13 footprint
14:19:11: [INFO] Add D13 footprint
14:19:11: [INFO] Add SW14 footprint
14:19:12: [INFO] Add D14 footprint
14:19:12: [INFO] Add SW15 footprint
14:19:12: [INFO] Add D15 footprint
14:19:12: [INFO] Add SW15a footprint
14:19:12: [INFO] Add ST15a footprint
14:19:12: [INFO] Add SW16 footprint
14:19:12: [INFO] Add D16 footprint
14:19:12: [INFO] Add SW17 footprint
14:19:12: [INFO] Add D17 footprint
14:19:12: [INFO] Add SW18 footprint
14:19:12: [INFO] Add D18 footprint
14:19:12: [INFO] Add SW19 footprint
14:19:12: [INFO] Add D19 footprint
14:19:12: [INFO] Add SW20 footprint
14:19:12: [INFO] Add D20 footprint
14:19:12: [INFO] Add SW21 footprint
14:19:12: [INFO] Add D21 footprint
14:19:12: [INFO] Add SW22 footprint
14:19:12: [INFO] Add D22 footprint
14:19:12: [INFO] Add SW23 footprint
14:19:12: [INFO] Add D23 footprint
14:19:12: [INFO] Add SW24 footprint
14:19:12: [INFO] Add D24 footprint
14:19:12: [INFO] Add SW25 footprint
14:19:12: [INFO] Add D25 footprint
14:19:12: [INFO] Add SW26 footprint
14:19:12: [INFO] Add D26 footprint
14:19:12: [INFO] Add SW27 footprint
14:19:12: [INFO] Add D27 footprint
14:19:12: [INFO] Add SW28 footprint
14:19:12: [INFO] Add D28 footprint
14:19:12: [INFO] Add SW29 footprint
14:19:12: [INFO] Add D29 footprint
14:19:12: [INFO] Add SW30 footprint
14:19:12: [INFO] Add D30 footprint
14:19:12: [INFO] Add SW31 footprint
14:19:12: [INFO] Add D31 footprint
14:19:12: [INFO] Add SW32 footprint
14:19:12: [INFO] Add D32 footprint
14:19:12: [INFO] Add SW33 footprint
14:19:12: [INFO] Add D33 footprint
14:19:12: [INFO] Add SW34 footprint
14:19:12: [INFO] Add D34 footprint
14:19:12: [INFO] Add SW35 footprint
14:19:12: [INFO] Add D35 footprint
14:19:12: [INFO] Add SW36 footprint
14:19:12: [INFO] Add D36 footprint
14:19:12: [INFO] Add SW37 footprint
14:19:12: [INFO] Add D37 footprint
14:19:12: [INFO] Add SW38 footprint
14:19:12: [INFO] Add D38 footprint
14:19:13: [INFO] Add SW39 footprint
14:19:13: [INFO] Add D39 footprint
14:19:13: [INFO] Add SW40 footprint
14:19:13: [INFO] Add D40 footprint
14:19:13: [INFO] Add SW41 footprint
14:19:13: [INFO] Add D41 footprint
14:19:13: [INFO] Add SW42 footprint
14:19:13: [INFO] Add D42 footprint
14:19:13: [INFO] Add SW43 footprint
14:19:13: [INFO] Add D43 footprint
14:19:13: [WARNING] No stabilizer footprint for width 2.25u, using 2u as fallback
14:19:13: [INFO] Add ST43 footprint
14:19:13: [INFO] Add SW44 footprint
14:19:13: [INFO] Add D44 footprint
14:19:13: [INFO] Add SW45 footprint
14:19:13: [INFO] Add D45 footprint
14:19:13: [WARNING] No stabilizer footprint for width 2.25u, using 2u as fallback
14:19:13: [INFO] Add ST45 footprint
14:19:13: [INFO] Add SW46 footprint
14:19:13: [INFO] Add D46 footprint
14:19:13: [INFO] Add SW47 footprint
14:19:13: [INFO] Add D47 footprint
14:19:13: [INFO] Add SW48 footprint
14:19:13: [INFO] Add D48 footprint
14:19:13: [INFO] Add SW49 footprint
14:19:13: [INFO] Add D49 footprint
14:19:13: [INFO] Add SW50 footprint
14:19:13: [INFO] Add D50 footprint
14:19:13: [INFO] Add SW51 footprint
14:19:13: [INFO] Add D51 footprint
14:19:13: [INFO] Add SW52 footprint
14:19:13: [INFO] Add D52 footprint
14:19:13: [INFO] Add SW53 footprint
14:19:13: [INFO] Add D53 footprint
14:19:13: [INFO] Add SW54 footprint
14:19:13: [INFO] Add D54 footprint
14:19:13: [INFO] Add SW55 footprint
14:19:13: [INFO] Add D55 footprint
14:19:13: [INFO] Add SW56 footprint
14:19:13: [INFO] Add D56 footprint
14:19:13: [INFO] Add SW57 footprint
14:19:13: [INFO] Add D57 footprint
14:19:13: [INFO] Add SW58 footprint
14:19:13: [INFO] Add D58 footprint
14:19:13: [INFO] Add SW59 footprint
14:19:13: [INFO] Add D59 footprint
14:19:13: [INFO] Add SW60 footprint
14:19:13: [INFO] Add D60 footprint
14:19:13: [INFO] Add SW61 footprint
14:19:13: [INFO] Add D61 footprint
14:19:13: [INFO] Add ST61 footprint
14:19:13: [INFO] Add SW62 footprint
14:19:13: [INFO] Add D62 footprint
14:19:13: [INFO] Add SW63 footprint
14:19:13: [INFO] Add D63 footprint
14:19:14: [INFO] Add SW64 footprint
14:19:14: [INFO] Add D64 footprint
14:19:14: [WARNING] No stabilizer footprint for width 2.75u, using 2u as fallback
14:19:14: [INFO] Add ST64 footprint
14:19:14: [INFO] Add SW65 footprint
14:19:14: [INFO] Add D65 footprint
14:19:14: [INFO] Add SW66 footprint
14:19:14: [INFO] Add D66 footprint
14:19:14: [INFO] Add SW67 footprint
14:19:14: [INFO] Add D67 footprint
14:19:14: [INFO] Add SW68 footprint
14:19:14: [INFO] Add D68 footprint
14:19:14: [INFO] Detected layout convertible to matrix annotated keyboard
14:19:14: [INFO] Using key 1U distance: (19.05, 19.05) mm
14:19:14: [INFO] Layout offset: (38100000, 28575000)
14:19:14: [INFO] Diode info: [ElementInfo(annotation_format='D{}', position_option=<PositionOption.CUSTOM: 'Custom'>, position=ElementPosition(x=5.08, y=4.0, orientation=90.0, side=<Side.BACK: 'Back'>), template_path='', start_index=-1)]
14:19:14: [INFO] Placing additional elements for SW68
14:19:14: [INFO] Placing additional elements for SW67
14:19:14: [INFO] Placing additional elements for SW66
14:19:14: [INFO] Placing additional elements for SW65
14:19:14: [INFO] Placing additional elements for SW64
14:19:14: [INFO] Placing additional elements for SW63
14:19:14: [INFO] Placing additional elements for SW62
14:19:14: [INFO] Placing additional elements for SW61
14:19:14: [INFO] Placing additional elements for SW60
14:19:14: [INFO] Placing additional elements for SW59
14:19:14: [INFO] Placing additional elements for SW58
14:19:14: [INFO] Placing additional elements for SW57
14:19:14: [INFO] Placing additional elements for SW56
14:19:14: [INFO] Placing additional elements for SW55
14:19:14: [INFO] Placing additional elements for SW54
14:19:14: [INFO] Placing additional elements for SW53
14:19:14: [INFO] Placing additional elements for SW52
14:19:14: [INFO] Placing additional elements for SW51
14:19:14: [INFO] Placing additional elements for SW50
14:19:14: [INFO] Placing additional elements for SW49
14:19:14: [INFO] Placing additional elements for SW48
14:19:14: [INFO] Placing additional elements for SW47
14:19:14: [INFO] Placing additional elements for SW46
14:19:14: [INFO] Placing additional elements for SW45
14:19:14: [INFO] Placing additional elements for SW44
14:19:14: [INFO] Placing additional elements for SW43
14:19:14: [INFO] Placing additional elements for SW42
14:19:14: [INFO] Placing additional elements for SW41
14:19:14: [INFO] Placing additional elements for SW40
14:19:14: [INFO] Placing additional elements for SW39
14:19:14: [INFO] Placing additional elements for SW38
14:19:14: [INFO] Placing additional elements for SW37
14:19:14: [INFO] Placing additional elements for SW36
14:19:14: [INFO] Placing additional elements for SW35
14:19:14: [INFO] Placing additional elements for SW34
14:19:14: [INFO] Placing additional elements for SW33
14:19:14: [INFO] Placing additional elements for SW32
14:19:14: [INFO] Placing additional elements for SW31
14:19:14: [INFO] Placing additional elements for SW30
14:19:14: [INFO] Placing additional elements for SW29
14:19:14: [INFO] Placing additional elements for SW28
14:19:14: [INFO] Placing additional elements for SW27
14:19:14: [INFO] Placing additional elements for SW26
14:19:14: [INFO] Placing additional elements for SW25
14:19:14: [INFO] Placing additional elements for SW24
14:19:14: [INFO] Placing additional elements for SW23
14:19:14: [INFO] Placing additional elements for SW22
14:19:14: [INFO] Placing additional elements for SW21
14:19:14: [INFO] Placing additional elements for SW20
14:19:14: [INFO] Placing additional elements for SW19
14:19:14: [INFO] Placing additional elements for SW18
14:19:14: [INFO] Placing additional elements for SW17
14:19:14: [INFO] Placing additional elements for SW16
14:19:14: [INFO] Placing additional elements for SW15a
14:19:14: [INFO] Placing additional elements for SW15
14:19:14: [INFO] Placing additional elements for SW14
14:19:14: [INFO] Placing additional elements for SW13
14:19:14: [INFO] Placing additional elements for SW12
14:19:14: [INFO] Placing additional elements for SW11
14:19:14: [INFO] Placing additional elements for SW10
14:19:14: [INFO] Placing additional elements for SW9
14:19:14: [INFO] Placing additional elements for SW8
14:19:14: [INFO] Placing additional elements for SW7
14:19:14: [INFO] Placing additional elements for SW6
14:19:14: [INFO] Placing additional elements for SW5
14:19:14: [INFO] Placing additional elements for SW4
14:19:14: [INFO] Placing additional elements for SW3
14:19:14: [INFO] Placing additional elements for SW2
14:19:14: [INFO] Placing additional elements for SW1
14:19:14: [INFO] Routing SW68 with D68
14:19:14: [INFO] Using internal autorouter method
14:19:14: [INFO] Routing pad 'SW68:2' at (378777500, 142557500) with pad 'D68:2' at (381317500, 150237500) using coordinate system rotated by 0 degree(s)
14:19:14: [INFO] Adding track segment (B.Cu): [(378777500, 142557500), (378777500, 147697500)]
14:19:14: [INFO] Adding track segment (B.Cu): [(378777500, 147697500), (381317500, 150237500)]
14:19:14: [INFO] Routing SW67 with D67
14:19:14: [INFO] Using internal autorouter method
14:19:14: [INFO] Routing pad 'SW67:2' at (359727500, 142557500) with pad 'D67:2' at (362267500, 150237500) using coordinate system rotated by 0 degree(s)
14:19:14: [INFO] Adding track segment (B.Cu): [(359727500, 142557500), (359727500, 147697500)]
14:19:14: [INFO] Adding track segment (B.Cu): [(359727500, 147697500), (362267500, 150237500)]
14:19:14: [INFO] Routing SW66 with D66
14:19:14: [INFO] Using internal autorouter method
14:19:14: [INFO] Routing pad 'SW66:2' at (340677500, 142557500) with pad 'D66:2' at (343217500, 150237500) using coordinate system rotated by 0 degree(s)
14:19:14: [INFO] Adding track segment (B.Cu): [(340677500, 142557500), (340677500, 147697500)]
14:19:14: [INFO] Adding track segment (B.Cu): [(340677500, 147697500), (343217500, 150237500)]
14:19:14: [INFO] Routing SW65 with D65
14:19:14: [INFO] Using internal autorouter method
14:19:14: [INFO] Routing pad 'SW65:2' at (273425982, 133888490) with pad 'D65:2' at (277261012, 141010747) using coordinate system rotated by 350.0 degree(s)
14:19:14: [INFO] Adding track segment (B.Cu): [(273425982, 133888490), (274318532, 138950401)]
14:19:14: [INFO] Adding track segment (B.Cu): [(274318532, 138950401), (277261012, 141010747)]
14:19:14: [INFO] Routing SW64 with D64
14:19:14: [INFO] Using internal autorouter method
14:19:14: [INFO] Routing pad 'SW64:2' at (233559733, 140917986) with pad 'D64:2' at (237394763, 148040243) using coordinate system rotated by 350.0 degree(s)
14:19:14: [INFO] Adding track segment (B.Cu): [(233559733, 140917986), (234452284, 145979897)]
14:19:14: [INFO] Adding track segment (B.Cu): [(234452284, 145979897), (237394763, 148040243)]
14:19:14: [INFO] Routing SW63 with D63
14:19:14: [INFO] Using internal autorouter method
14:19:14: [INFO] Routing pad 'SW63:2' at (204455927, 126705895) with pad 'D63:2' at (208290957, 133828152) using coordinate system rotated by 350.0 degree(s)
14:19:14: [INFO] Adding track segment (B.Cu): [(204455927, 126705895), (205348478, 131767806)]
14:19:14: [INFO] Adding track segment (B.Cu): [(205348478, 131767806), (208290957, 133828152)]
14:19:14: [INFO] Routing SW62 with D62
14:19:14: [INFO] Using internal autorouter method
14:19:14: [INFO] Routing pad 'SW62:2' at (178094192, 148002615) with pad 'D62:2' at (179261985, 156007004) using coordinate system rotated by 10.0 degree(s)
14:19:14: [INFO] Adding track segment (B.Cu): [(178094192, 148002615), (177201639, 153064526)]
14:19:14: [INFO] Adding track segment (B.Cu): [(177201639, 153064526), (179261985, 156007004)]
14:19:14: [INFO] Routing SW61 with D61
14:19:14: [INFO] Using internal autorouter method
14:19:14: [INFO] Routing pad 'SW61:2' at (149953310, 143040618) with pad 'D61:2' at (151121103, 151045007) using coordinate system rotated by 10.0 degree(s)
14:19:14: [INFO] Adding track segment (B.Cu): [(149953310, 143040618), (149060757, 148102528)]
14:19:14: [INFO] Adding track segment (B.Cu): [(149060757, 148102528), (151121103, 151045007)]
14:19:14: [INFO] Routing SW60 with D60
14:19:14: [INFO] Using internal autorouter method
14:19:14: [INFO] Routing pad 'SW60:2' at (117122282, 137251622) with pad 'D60:2' at (118290075, 145256011) using coordinate system rotated by 10.0 degree(s)
14:19:14: [INFO] Adding track segment (B.Cu): [(117122282, 137251622), (116229730, 142313533)]
14:19:14: [INFO] Adding track segment (B.Cu): [(116229730, 142313533), (118290075, 145256011)]
14:19:14: [INFO] Routing SW59 with D59
14:19:14: [INFO] Using internal autorouter method
14:19:14: [INFO] Routing pad 'SW59:2' at (52546250, 133985000) with pad 'D59:2' at (55086250, 141665000) using coordinate system rotated by 0 degree(s)
14:19:14: [INFO] Adding track segment (B.Cu): [(52546250, 133985000), (52546250, 139125000)]
14:19:14: [INFO] Adding track segment (B.Cu): [(52546250, 139125000), (55086250, 141665000)]
14:19:14: [INFO] Routing SW58 with D58
14:19:14: [INFO] Using internal autorouter method
14:19:14: [INFO] Routing pad 'SW58:2' at (375920000, 94932500) with pad 'D58:2' at (378460000, 102612500) using coordinate system rotated by 0 degree(s)
14:19:14: [INFO] Adding track segment (B.Cu): [(375920000, 94932500), (375920000, 100072500)]
14:19:14: [INFO] Adding track segment (B.Cu): [(375920000, 100072500), (378460000, 102612500)]
14:19:14: [INFO] Routing SW57 with D57
14:19:14: [INFO] Using internal autorouter method
14:19:14: [INFO] Routing pad 'SW57:2' at (359727500, 123507500) with pad 'D57:2' at (362267500, 131187500) using coordinate system rotated by 0 degree(s)
14:19:14: [INFO] Adding track segment (B.Cu): [(359727500, 123507500), (359727500, 128647500)]
14:19:14: [INFO] Adding track segment (B.Cu): [(359727500, 128647500), (362267500, 131187500)]
14:19:14: [INFO] Routing SW56 with D56
14:19:14: [INFO] Using internal autorouter method
14:19:14: [INFO] Routing pad 'SW56:2' at (328771250, 114935000) with pad 'D56:2' at (331311250, 122615000) using coordinate system rotated by 0 degree(s)
14:19:14: [INFO] Adding track segment (B.Cu): [(328771250, 114935000), (328771250, 120075000)]
14:19:14: [INFO] Adding track segment (B.Cu): [(328771250, 120075000), (331311250, 122615000)]
14:19:14: [INFO] Routing SW55 with D55
14:19:14: [INFO] Using internal autorouter method
14:19:14: [INFO] Routing pad 'SW55:2' at (302577500, 114935000) with pad 'D55:2' at (305117500, 122615000) using coordinate system rotated by 0 degree(s)
14:19:14: [INFO] Adding track segment (B.Cu): [(302577500, 114935000), (302577500, 120075000)]
14:19:14: [INFO] Adding track segment (B.Cu): [(302577500, 120075000), (305117500, 122615000)]
14:19:14: [INFO] Routing SW54 with D54
14:19:14: [INFO] Using internal autorouter method
14:19:14: [INFO] Routing pad 'SW54:2' at (279498278, 113473904) with pad 'D54:2' at (283333308, 120596161) using coordinate system rotated by 350.0 degree(s)
14:19:14: [INFO] Adding track segment (B.Cu): [(279498278, 113473904), (280390828, 118535814)]
14:19:14: [INFO] Adding track segment (B.Cu): [(280390828, 118535814), (283333308, 120596161)]
14:19:14: [INFO] Routing SW53 with D53
14:19:14: [INFO] Using internal autorouter method
14:19:14: [INFO] Routing pad 'SW53:2' at (260737690, 116781902) with pad 'D53:2' at (264572720, 123904159) using coordinate system rotated by 350.0 degree(s)
14:19:14: [INFO] Adding track segment (B.Cu): [(260737690, 116781902), (261630241, 121843813)]
14:19:14: [INFO] Adding track segment (B.Cu): [(261630241, 121843813), (264572720, 123904159)]
14:19:14: [INFO] Routing SW52 with D52
14:19:14: [INFO] Using internal autorouter method
14:19:14: [INFO] Routing pad 'SW52:2' at (241977103, 120089899) with pad 'D52:2' at (245812133, 127212156) using coordinate system rotated by 350.0 degree(s)
14:19:14: [INFO] Adding track segment (B.Cu): [(241977103, 120089899), (242869653, 125151809)]
14:19:14: [INFO] Adding track segment (B.Cu): [(242869653, 125151809), (245812133, 127212156)]
14:19:14: [INFO] Routing SW51 with D51
14:19:14: [INFO] Using internal autorouter method
14:19:14: [INFO] Routing pad 'SW51:2' at (223216515, 123397897) with pad 'D51:2' at (227051545, 130520154) using coordinate system rotated by 350.0 degree(s)
14:19:14: [INFO] Adding track segment (B.Cu): [(223216515, 123397897), (224109065, 128459808)]
14:19:14: [INFO] Adding track segment (B.Cu): [(224109065, 128459808), (227051545, 130520154)]
14:19:14: [INFO] Routing SW50 with D50
14:19:14: [INFO] Using internal autorouter method
14:19:14: [INFO] Routing pad 'SW50:2' at (172021896, 127588028) with pad 'D50:2' at (173189689, 135592417) using coordinate system rotated by 10.0 degree(s)
14:19:14: [INFO] Adding track segment (B.Cu): [(172021896, 127588028), (171129344, 132649939)]
14:19:14: [INFO] Adding track segment (B.Cu): [(171129344, 132649939), (173189689, 135592417)]
14:19:14: [INFO] Routing SW49 with D49
14:19:14: [INFO] Using internal autorouter method
14:19:14: [INFO] Routing pad 'SW49:2' at (153261308, 124280030) with pad 'D49:2' at (154429101, 132284419) using coordinate system rotated by 10.0 degree(s)
14:19:14: [INFO] Adding track segment (B.Cu): [(153261308, 124280030), (152368756, 129341941)]
14:19:14: [INFO] Adding track segment (B.Cu): [(152368756, 129341941), (154429101, 132284419)]
14:19:14: [INFO] Routing SW48 with D48
14:19:14: [INFO] Using internal autorouter method
14:19:14: [INFO] Routing pad 'SW48:2' at (134500720, 120972032) with pad 'D48:2' at (135668513, 128976421) using coordinate system rotated by 10.0 degree(s)
14:19:14: [INFO] Adding track segment (B.Cu): [(134500720, 120972032), (133608167, 126033943)]
14:19:14: [INFO] Adding track segment (B.Cu): [(133608167, 126033943), (135668513, 128976421)]
14:19:14: [INFO] Routing SW47 with D47
14:19:14: [INFO] Using internal autorouter method
14:19:14: [INFO] Routing pad 'SW47:2' at (115740133, 117664035) with pad 'D47:2' at (116907926, 125668424) using coordinate system rotated by 10.0 degree(s)
14:19:14: [INFO] Adding track segment (B.Cu): [(115740133, 117664035), (114847580, 122725946)]
14:19:14: [INFO] Adding track segment (B.Cu): [(114847580, 122725946), (116907926, 125668424)]
14:19:14: [INFO] Routing SW46 with D46
14:19:14: [INFO] Using internal autorouter method
14:19:14: [INFO] Routing pad 'SW46:2' at (93027500, 114935000) with pad 'D46:2' at (95567500, 122615000) using coordinate system rotated by 0 degree(s)
14:19:14: [INFO] Adding track segment (B.Cu): [(93027500, 114935000), (93027500, 120075000)]
14:19:14: [INFO] Adding track segment (B.Cu): [(93027500, 120075000), (95567500, 122615000)]
14:19:14: [INFO] Routing SW45 with D45
14:19:14: [INFO] Using internal autorouter method
14:19:14: [INFO] Routing pad 'SW45:2' at (62071250, 114935000) with pad 'D45:2' at (64611250, 122615000) using coordinate system rotated by 0 degree(s)
14:19:14: [INFO] Adding track segment (B.Cu): [(62071250, 114935000), (62071250, 120075000)]
14:19:14: [INFO] Adding track segment (B.Cu): [(62071250, 120075000), (64611250, 122615000)]
14:19:14: [INFO] Routing SW44 with D44
14:19:14: [INFO] Using internal autorouter method
14:19:14: [INFO] Routing pad 'SW44:2' at (374015000, 75882500) with pad 'D44:2' at (376555000, 83562500) using coordinate system rotated by 0 degree(s)
14:19:14: [INFO] Adding track segment (B.Cu): [(374015000, 75882500), (374015000, 81022500)]
14:19:14: [INFO] Adding track segment (B.Cu): [(374015000, 81022500), (376555000, 83562500)]
14:19:14: [INFO] Routing SW43 with D43
14:19:14: [INFO] Using internal autorouter method
14:19:14: [INFO] Routing pad 'SW43:2' at (340201250, 95885000) with pad 'D43:2' at (342741250, 103565000) using coordinate system rotated by 0 degree(s)
14:19:14: [INFO] Adding track segment (B.Cu): [(340201250, 95885000), (340201250, 101025000)]
14:19:14: [INFO] Adding track segment (B.Cu): [(340201250, 101025000), (342741250, 103565000)]
14:19:14: [INFO] Routing SW42 with D42
14:19:14: [INFO] Using internal autorouter method
14:19:14: [INFO] Routing pad 'SW42:2' at (309245000, 95885000) with pad 'D42:2' at (311785000, 103565000) using coordinate system rotated by 0 degree(s)
14:19:14: [INFO] Adding track segment (B.Cu): [(309245000, 95885000), (309245000, 101025000)]
14:19:14: [INFO] Adding track segment (B.Cu): [(309245000, 101025000), (311785000, 103565000)]
14:19:14: [INFO] Routing SW41 with D41
14:19:14: [INFO] Using internal autorouter method
14:19:14: [INFO] Routing pad 'SW41:2' at (290195000, 95885000) with pad 'D41:2' at (292735000, 103565000) using coordinate system rotated by 0 degree(s)
14:19:14: [INFO] Adding track segment (B.Cu): [(290195000, 95885000), (290195000, 101025000)]
14:19:14: [INFO] Adding track segment (B.Cu): [(290195000, 101025000), (292735000, 103565000)]
14:19:14: [INFO] Routing SW40 with D40
14:19:14: [INFO] Using internal autorouter method
14:19:14: [INFO] Routing pad 'SW40:2' at (266809986, 96367315) with pad 'D40:2' at (270645016, 103489572) using coordinate system rotated by 350.0 degree(s)
14:19:14: [INFO] Adding track segment (B.Cu): [(266809986, 96367315), (267702537, 101429226)]
14:19:14: [INFO] Adding track segment (B.Cu): [(267702537, 101429226), (270645016, 103489572)]
14:19:14: [INFO] Routing SW39 with D39
14:19:14: [INFO] Using internal autorouter method
14:19:14: [INFO] Routing pad 'SW39:2' at (248049399, 99675313) with pad 'D39:2' at (251884429, 106797570) using coordinate system rotated by 350.0 degree(s)
14:19:14: [INFO] Adding track segment (B.Cu): [(248049399, 99675313), (248941949, 104737223)]
14:19:14: [INFO] Adding track segment (B.Cu): [(248941949, 104737223), (251884429, 106797570)]
14:19:14: [INFO] Routing SW38 with D38
14:19:14: [INFO] Using internal autorouter method
14:19:14: [INFO] Routing pad 'SW38:2' at (229288811, 102983311) with pad 'D38:2' at (233123841, 110105568) using coordinate system rotated by 350.0 degree(s)
14:19:14: [INFO] Adding track segment (B.Cu): [(229288811, 102983311), (230181362, 108045222)]
14:19:14: [INFO] Adding track segment (B.Cu): [(230181362, 108045222), (233123841, 110105568)]
14:19:14: [INFO] Routing SW37 with D37
14:19:14: [INFO] Using internal autorouter method
14:19:14: [INFO] Routing pad 'SW37:2' at (210528223, 106291308) with pad 'D37:2' at (214363253, 113413565) using coordinate system rotated by 350.0 degree(s)
14:19:14: [INFO] Adding track segment (B.Cu): [(210528223, 106291308), (211420774, 111353219)]
14:19:14: [INFO] Adding track segment (B.Cu): [(211420774, 111353219), (214363253, 113413565)]
14:19:14: [INFO] Routing SW36 with D36
14:19:14: [INFO] Using internal autorouter method
14:19:14: [INFO] Routing pad 'SW36:2' at (165949600, 107173441) with pad 'D36:2' at (167117393, 115177830) using coordinate system rotated by 10.0 degree(s)
14:19:14: [INFO] Adding track segment (B.Cu): [(165949600, 107173441), (165057047, 112235352)]
14:19:14: [INFO] Adding track segment (B.Cu): [(165057047, 112235352), (167117393, 115177830)]
14:19:14: [INFO] Routing SW35 with D35
14:19:14: [INFO] Using internal autorouter method
14:19:14: [INFO] Routing pad 'SW35:2' at (147189012, 103865444) with pad 'D35:2' at (148356805, 111869833) using coordinate system rotated by 10.0 degree(s)
14:19:14: [INFO] Adding track segment (B.Cu): [(147189012, 103865444), (146296460, 108927355)]
14:19:14: [INFO] Adding track segment (B.Cu): [(146296460, 108927355), (148356805, 111869833)]
14:19:14: [INFO] Routing SW34 with D34
14:19:14: [INFO] Using internal autorouter method
14:19:14: [INFO] Routing pad 'SW34:2' at (128428424, 100557446) with pad 'D34:2' at (129596217, 108561835) using coordinate system rotated by 10.0 degree(s)
14:19:14: [INFO] Adding track segment (B.Cu): [(128428424, 100557446), (127535871, 105619356)]
14:19:14: [INFO] Adding track segment (B.Cu): [(127535871, 105619356), (129596217, 108561835)]
14:19:14: [INFO] Routing SW33 with D33
14:19:14: [INFO] Using internal autorouter method
14:19:14: [INFO] Routing pad 'SW33:2' at (109667837, 97249448) with pad 'D33:2' at (110835630, 105253837) using coordinate system rotated by 10.0 degree(s)
14:19:14: [INFO] Adding track segment (B.Cu): [(109667837, 97249448), (108775284, 102311359)]
14:19:14: [INFO] Adding track segment (B.Cu): [(108775284, 102311359), (110835630, 105253837)]
14:19:14: [INFO] Routing SW32 with D32
14:19:14: [INFO] Using internal autorouter method
14:19:14: [INFO] Routing pad 'SW32:2' at (86360000, 95885000) with pad 'D32:2' at (88900000, 103565000) using coordinate system rotated by 0 degree(s)
14:19:14: [INFO] Adding track segment (B.Cu): [(86360000, 95885000), (86360000, 101025000)]
14:19:14: [INFO] Adding track segment (B.Cu): [(86360000, 101025000), (88900000, 103565000)]
14:19:14: [INFO] Routing SW31 with D31
14:19:14: [INFO] Using internal autorouter method
14:19:14: [INFO] Routing pad 'SW31:2' at (60166250, 95885000) with pad 'D31:2' at (62706250, 103565000) using coordinate system rotated by 0 degree(s)
14:19:14: [INFO] Adding track segment (B.Cu): [(60166250, 95885000), (60166250, 101025000)]
14:19:14: [INFO] Adding track segment (B.Cu): [(60166250, 101025000), (62706250, 103565000)]
14:19:14: [INFO] Routing SW30 with D30
14:19:14: [INFO] Using internal autorouter method
14:19:14: [INFO] Routing pad 'SW30:2' at (369252500, 56832500) with pad 'D30:2' at (371792500, 64512500) using coordinate system rotated by 0 degree(s)
14:19:14: [INFO] Adding track segment (B.Cu): [(369252500, 56832500), (369252500, 61972500)]
14:19:14: [INFO] Adding track segment (B.Cu): [(369252500, 61972500), (371792500, 64512500)]
14:19:14: [INFO] Routing SW29 with D29
14:19:14: [INFO] Using internal autorouter method
14:19:14: [INFO] Routing pad 'SW29:2' at (345440000, 76835000) with pad 'D29:2' at (347980000, 84515000) using coordinate system rotated by 0 degree(s)
14:19:14: [INFO] Adding track segment (B.Cu): [(345440000, 76835000), (345440000, 81975000)]
14:19:14: [INFO] Adding track segment (B.Cu): [(345440000, 81975000), (347980000, 84515000)]
14:19:14: [INFO] Routing SW28 with D28
14:19:14: [INFO] Using internal autorouter method
14:19:14: [INFO] Routing pad 'SW28:2' at (321627500, 76835000) with pad 'D28:2' at (324167500, 84515000) using coordinate system rotated by 0 degree(s)
14:19:14: [INFO] Adding track segment (B.Cu): [(321627500, 76835000), (321627500, 81975000)]
14:19:14: [INFO] Adding track segment (B.Cu): [(321627500, 81975000), (324167500, 84515000)]
14:19:14: [INFO] Routing SW27 with D27
14:19:14: [INFO] Using internal autorouter method
14:19:14: [INFO] Routing pad 'SW27:2' at (302577500, 76835000) with pad 'D27:2' at (305117500, 84515000) using coordinate system rotated by 0 degree(s)
14:19:14: [INFO] Adding track segment (B.Cu): [(302577500, 76835000), (302577500, 81975000)]
14:19:14: [INFO] Adding track segment (B.Cu): [(302577500, 81975000), (305117500, 84515000)]
14:19:14: [INFO] Routing SW26 with D26
14:19:14: [INFO] Using internal autorouter method
14:19:14: [INFO] Routing pad 'SW26:2' at (277572429, 75125729) with pad 'D26:2' at (281407459, 82247986) using coordinate system rotated by 350.0 degree(s)
14:19:14: [INFO] Adding track segment (B.Cu): [(277572429, 75125729), (278464980, 80187640)]
14:19:14: [INFO] Adding track segment (B.Cu): [(278464980, 80187640), (281407459, 82247986)]
14:19:14: [INFO] Routing SW25 with D25
14:19:14: [INFO] Using internal autorouter method
14:19:14: [INFO] Routing pad 'SW25:2' at (258811842, 78433727) with pad 'D25:2' at (262646872, 85555984) using coordinate system rotated by 350.0 degree(s)
14:19:14: [INFO] Adding track segment (B.Cu): [(258811842, 78433727), (259704392, 83495637)]
14:19:14: [INFO] Adding track segment (B.Cu): [(259704392, 83495637), (262646872, 85555984)]
14:19:14: [INFO] Routing SW24 with D24
14:19:14: [INFO] Using internal autorouter method
14:19:14: [INFO] Routing pad 'SW24:2' at (240051254, 81741725) with pad 'D24:2' at (243886284, 88863982) using coordinate system rotated by 350.0 degree(s)
14:19:14: [INFO] Adding track segment (B.Cu): [(240051254, 81741725), (240943805, 86803636)]
14:19:14: [INFO] Adding track segment (B.Cu): [(240943805, 86803636), (243886284, 88863982)]
14:19:14: [INFO] Routing SW23 with D23
14:19:14: [INFO] Using internal autorouter method
14:19:14: [INFO] Routing pad 'SW23:2' at (221290666, 85049722) with pad 'D23:2' at (225125696, 92171979) using coordinate system rotated by 350.0 degree(s)
14:19:14: [INFO] Adding track segment (B.Cu): [(221290666, 85049722), (222183217, 90111633)]
14:19:14: [INFO] Adding track segment (B.Cu): [(222183217, 90111633), (225125696, 92171979)]
14:19:14: [INFO] Routing SW22 with D22
14:19:14: [INFO] Using internal autorouter method
14:19:14: [INFO] Routing pad 'SW22:2' at (202530078, 88357720) with pad 'D22:2' at (206365108, 95479977) using coordinate system rotated by 350.0 degree(s)
14:19:14: [INFO] Adding track segment (B.Cu): [(202530078, 88357720), (203422628, 93419630)]
14:19:14: [INFO] Adding track segment (B.Cu): [(203422628, 93419630), (206365108, 95479977)]
14:19:14: [INFO] Routing SW21 with D21
14:19:14: [INFO] Using internal autorouter method
14:19:14: [INFO] Routing pad 'SW21:2' at (164567451, 87585854) with pad 'D21:2' at (165735244, 95590243) using coordinate system rotated by 10.0 degree(s)
14:19:14: [INFO] Adding track segment (B.Cu): [(164567451, 87585854), (163674898, 92647765)]
14:19:14: [INFO] Adding track segment (B.Cu): [(163674898, 92647765), (165735244, 95590243)]
14:19:14: [INFO] Routing SW20 with D20
14:19:14: [INFO] Using internal autorouter method
14:19:14: [INFO] Routing pad 'SW20:2' at (145806863, 84277856) with pad 'D20:2' at (146974656, 92282245) using coordinate system rotated by 10.0 degree(s)
14:19:14: [INFO] Adding track segment (B.Cu): [(145806863, 84277856), (144914311, 89339767)]
14:19:14: [INFO] Adding track segment (B.Cu): [(144914311, 89339767), (146974656, 92282245)]
14:19:14: [INFO] Routing SW19 with D19
14:19:14: [INFO] Using internal autorouter method
14:19:14: [INFO] Routing pad 'SW19:2' at (127046275, 80969859) with pad 'D19:2' at (128214068, 88974248) using coordinate system rotated by 10.0 degree(s)
14:19:14: [INFO] Adding track segment (B.Cu): [(127046275, 80969859), (126153723, 86031770)]
14:19:14: [INFO] Adding track segment (B.Cu): [(126153723, 86031770), (128214068, 88974248)]
14:19:14: [INFO] Routing SW18 with D18
14:19:14: [INFO] Using internal autorouter method
14:19:14: [INFO] Routing pad 'SW18:2' at (108285688, 77661861) with pad 'D18:2' at (109453481, 85666250) using coordinate system rotated by 10.0 degree(s)
14:19:14: [INFO] Adding track segment (B.Cu): [(108285688, 77661861), (107393135, 82723772)]
14:19:14: [INFO] Adding track segment (B.Cu): [(107393135, 82723772), (109453481, 85666250)]
14:19:14: [INFO] Routing SW17 with D17
14:19:14: [INFO] Using internal autorouter method
14:19:14: [INFO] Routing pad 'SW17:2' at (83502500, 76835000) with pad 'D17:2' at (86042500, 84515000) using coordinate system rotated by 0 degree(s)
14:19:14: [INFO] Adding track segment (B.Cu): [(83502500, 76835000), (83502500, 81975000)]
14:19:14: [INFO] Adding track segment (B.Cu): [(83502500, 81975000), (86042500, 84515000)]
14:19:14: [INFO] Routing SW16 with D16
14:19:14: [INFO] Using internal autorouter method
14:19:14: [INFO] Routing pad 'SW16:2' at (59690000, 76835000) with pad 'D16:2' at (62230000, 84515000) using coordinate system rotated by 0 degree(s)
14:19:14: [INFO] Adding track segment (B.Cu): [(59690000, 76835000), (59690000, 81975000)]
14:19:14: [INFO] Adding track segment (B.Cu): [(59690000, 81975000), (62230000, 84515000)]
14:19:14: [INFO] Routing SW15a with D15
14:19:14: [INFO] Using internal autorouter method
14:19:14: [INFO] Routing pad 'SW15a:2' at (335915000, 56832500) with pad 'D15:2' at (347980000, 64512500) using coordinate system rotated by 0 degree(s)
14:19:14: [INFO] Routing SW15 with D15
14:19:14: [INFO] Using internal autorouter method
14:19:14: [INFO] Routing pad 'SW15:2' at (345440000, 56832500) with pad 'D15:2' at (347980000, 64512500) using coordinate system rotated by 0 degree(s)
14:19:14: [INFO] Adding track segment (B.Cu): [(345440000, 56832500), (345440000, 61972500)]
14:19:14: [INFO] Adding track segment (B.Cu): [(345440000, 61972500), (347980000, 64512500)]
14:19:14: [INFO] Routing SW14 with D14
14:19:14: [INFO] Using internal autorouter method
14:19:14: [INFO] Routing pad 'SW14:2' at (326390000, 56832500) with pad 'D14:2' at (328930000, 64512500) using coordinate system rotated by 0 degree(s)
14:19:14: [INFO] Adding track segment (B.Cu): [(326390000, 56832500), (326390000, 61972500)]
14:19:14: [INFO] Adding track segment (B.Cu): [(326390000, 61972500), (328930000, 64512500)]
14:19:14: [INFO] Routing SW13 with D13
14:19:14: [INFO] Using internal autorouter method
14:19:14: [INFO] Routing pad 'SW13:2' at (307340000, 56832500) with pad 'D13:2' at (309880000, 64512500) using coordinate system rotated by 0 degree(s)
14:19:14: [INFO] Adding track segment (B.Cu): [(307340000, 56832500), (307340000, 61972500)]
14:19:14: [INFO] Adding track segment (B.Cu): [(307340000, 61972500), (309880000, 64512500)]
14:19:14: [INFO] Routing SW12 with D12
14:19:14: [INFO] Using internal autorouter method
14:19:14: [INFO] Routing pad 'SW12:2' at (288290000, 52070000) with pad 'D12:2' at (290830000, 59750000) using coordinate system rotated by 0 degree(s)
14:19:14: [INFO] Adding track segment (B.Cu): [(288290000, 52070000), (288290000, 57210000)]
14:19:14: [INFO] Adding track segment (B.Cu): [(288290000, 57210000), (290830000, 59750000)]
14:19:14: [INFO] Routing SW11 with D11
14:19:14: [INFO] Using internal autorouter method
14:19:14: [INFO] Routing pad 'SW11:2' at (264884138, 58019140) with pad 'D11:2' at (268719168, 65141397) using coordinate system rotated by 350.0 degree(s)
14:19:14: [INFO] Adding track segment (B.Cu): [(264884138, 58019140), (265776688, 63081050)]
14:19:14: [INFO] Adding track segment (B.Cu): [(265776688, 63081050), (268719168, 65141397)]
14:19:14: [INFO] Routing SW10 with D10
14:19:14: [INFO] Using internal autorouter method
14:19:14: [INFO] Routing pad 'SW10:2' at (246123550, 61327138) with pad 'D10:2' at (249958580, 68449395) using coordinate system rotated by 350.0 degree(s)
14:19:14: [INFO] Adding track segment (B.Cu): [(246123550, 61327138), (247016100, 66389049)]
14:19:14: [INFO] Adding track segment (B.Cu): [(247016100, 66389049), (249958580, 68449395)]
14:19:14: [INFO] Routing SW9 with D9
14:19:14: [INFO] Using internal autorouter method
14:19:14: [INFO] Routing pad 'SW9:2' at (227362962, 64635136) with pad 'D9:2' at (231197992, 71757393) using coordinate system rotated by 350.0 degree(s)
14:19:15: [INFO] Adding track segment (B.Cu): [(227362962, 64635136), (228255513, 69697046)]
14:19:15: [INFO] Adding track segment (B.Cu): [(228255513, 69697046), (231197992, 71757393)]
14:19:15: [INFO] Routing SW8 with D8
14:19:15: [INFO] Using internal autorouter method
14:19:15: [INFO] Routing pad 'SW8:2' at (208602375, 67943134) with pad 'D8:2' at (212437405, 75065391) using coordinate system rotated by 350.0 degree(s)
14:19:15: [INFO] Adding track segment (B.Cu): [(208602375, 67943134), (209494925, 73005044)]
14:19:15: [INFO] Adding track segment (B.Cu): [(209494925, 73005044), (212437405, 75065391)]
14:19:15: [INFO] Routing SW7 with D7
14:19:15: [INFO] Using internal autorouter method
14:19:15: [INFO] Routing pad 'SW7:2' at (177255742, 70479265) with pad 'D7:2' at (178423535, 78483654) using coordinate system rotated by 10.0 degree(s)
14:19:15: [INFO] Adding track segment (B.Cu): [(177255742, 70479265), (176363189, 75541175)]
14:19:15: [INFO] Adding track segment (B.Cu): [(176363189, 75541175), (178423535, 78483654)]
14:19:15: [INFO] Routing SW6 with D6
14:19:15: [INFO] Using internal autorouter method
14:19:15: [INFO] Routing pad 'SW6:2' at (158495155, 67171268) with pad 'D6:2' at (159662948, 75175657) using coordinate system rotated by 10.0 degree(s)
14:19:15: [INFO] Adding track segment (B.Cu): [(158495155, 67171268), (157602602, 72233179)]
14:19:15: [INFO] Adding track segment (B.Cu): [(157602602, 72233179), (159662948, 75175657)]
14:19:15: [INFO] Routing SW5 with D5
14:19:15: [INFO] Using internal autorouter method
14:19:15: [INFO] Routing pad 'SW5:2' at (139734567, 63863270) with pad 'D5:2' at (140902360, 71867659) using coordinate system rotated by 10.0 degree(s)
14:19:15: [INFO] Adding track segment (B.Cu): [(139734567, 63863270), (138842015, 68925181)]
14:19:15: [INFO] Adding track segment (B.Cu): [(138842015, 68925181), (140902360, 71867659)]
14:19:15: [INFO] Routing SW4 with D4
14:19:15: [INFO] Using internal autorouter method
14:19:15: [INFO] Routing pad 'SW4:2' at (120973979, 60555272) with pad 'D4:2' at (122141772, 68559661) using coordinate system rotated by 10.0 degree(s)
14:19:15: [INFO] Adding track segment (B.Cu): [(120973979, 60555272), (120081427, 65617183)]
14:19:15: [INFO] Adding track segment (B.Cu): [(120081427, 65617183), (122141772, 68559661)]
14:19:15: [INFO] Routing SW3 with D3
14:19:15: [INFO] Using internal autorouter method
14:19:15: [INFO] Routing pad 'SW3:2' at (97790000, 56832500) with pad 'D3:2' at (100330000, 64512500) using coordinate system rotated by 0 degree(s)
14:19:15: [INFO] Adding track segment (B.Cu): [(97790000, 56832500), (97790000, 61972500)]
14:19:15: [INFO] Adding track segment (B.Cu): [(97790000, 61972500), (100330000, 64512500)]
14:19:15: [INFO] Routing SW2 with D2
14:19:15: [INFO] Using internal autorouter method
14:19:15: [INFO] Routing pad 'SW2:2' at (78740000, 56832500) with pad 'D2:2' at (81280000, 64512500) using coordinate system rotated by 0 degree(s)
14:19:15: [INFO] Adding track segment (B.Cu): [(78740000, 56832500), (78740000, 61972500)]
14:19:15: [INFO] Adding track segment (B.Cu): [(78740000, 61972500), (81280000, 64512500)]
14:19:15: [INFO] Routing SW1 with D1
14:19:15: [INFO] Using internal autorouter method
14:19:15: [INFO] Routing pad 'SW1:2' at (59690000, 56832500) with pad 'D1:2' at (62230000, 64512500) using coordinate system rotated by 0 degree(s)
14:19:15: [INFO] Adding track segment (B.Cu): [(59690000, 56832500), (59690000, 61972500)]
14:19:15: [INFO] Adding track segment (B.Cu): [(59690000, 61972500), (62230000, 64512500)]
14:19:15: [INFO] Routing COL14 pads
14:19:15: [INFO] Routing pad 'SW15a:1' at (329565000, 59372500) with pad 'SW15:1' at (339090000, 59372500) using coordinate system rotated by 0 degree(s)
14:19:15: [INFO] Adding track segment (F.Cu): [(329565000, 59372500), (339090000, 59372500)]
14:19:15: [INFO] Routing pad 'SW15:1' at (339090000, 59372500) with pad 'SW30:1' at (362902500, 59372500) using coordinate system rotated by 0 degree(s)
14:19:15: [INFO] Adding track segment (F.Cu): [(339090000, 59372500), (362902500, 59372500)]
14:19:15: [INFO] Routing pad 'SW30:1' at (362902500, 59372500) with pad 'SW44:1' at (367665000, 78422500) using coordinate system rotated by 0 degree(s)
14:19:15: [INFO] Adding track segment (F.Cu): [(362902500, 59372500), (362902500, 73660000)]
14:19:15: [INFO] Adding track segment (F.Cu): [(362902500, 73660000), (367665000, 78422500)]
14:19:15: [INFO] Routing pad 'SW44:1' at (367665000, 78422500) with pad 'SW58:1' at (369570000, 97472500) using coordinate system rotated by 0 degree(s)
14:19:15: [INFO] Adding track segment (F.Cu): [(367665000, 78422500), (367665000, 95567500)]
14:19:15: [INFO] Adding track segment (F.Cu): [(367665000, 95567500), (369570000, 97472500)]
14:19:15: [INFO] Routing pad 'SW58:1' at (369570000, 97472500) with pad 'SW68:1' at (372427500, 145097500) using coordinate system rotated by 0 degree(s)
14:19:15: [INFO] Adding track segment (F.Cu): [(369570000, 97472500), (369570000, 142240000)]
14:19:15: [INFO] Adding track segment (F.Cu): [(369570000, 142240000), (372427500, 145097500)]
14:19:15: [INFO] Routing COL2 pads
14:19:15: [WARNING] Could not route pads when parent footprints not rotated the same, footprint1: SW3 at 0.0 degree(s) and footprint2: SW18 at -10.0 degree(s)
14:19:15: [INFO] Routing pad 'SW18:1' at (101591093, 79060607) with pad 'SW33:1' at (102973242, 98648194) using coordinate system rotated by 10.0 degree(s)
14:19:15: [INFO] Adding track segment (F.Cu): [(101591093, 79060607), (99110094, 93131047)]
14:19:15: [INFO] Adding track segment (F.Cu): [(99110094, 93131047), (102973242, 98648194)]
14:19:15: [INFO] Routing pad 'SW33:1' at (102973242, 98648194) with pad 'SW47:1' at (109045538, 119062781) using coordinate system rotated by 10.0 degree(s)
14:19:15: [INFO] Adding track segment (F.Cu): [(102973242, 98648194), (101319242, 108028487)]
14:19:15: [INFO] Adding track segment (F.Cu): [(101319242, 108028487), (109045538, 119062781)]
14:19:15: [INFO] Routing pad 'SW47:1' at (109045538, 119062781) with pad 'SW60:1' at (110427687, 138650368) using coordinate system rotated by 10.0 degree(s)
14:19:15: [INFO] Adding track segment (F.Cu): [(109045538, 119062781), (106564539, 133133220)]
14:19:15: [INFO] Adding track segment (F.Cu): [(106564539, 133133220), (110427687, 138650368)]
14:19:15: [INFO] Routing COL3 pads
14:19:15: [INFO] Routing pad 'SW4:1' at (114279384, 61954018) with pad 'SW19:1' at (120351680, 82368605) using coordinate system rotated by 10.0 degree(s)
14:19:15: [INFO] Adding track segment (F.Cu): [(114279384, 61954018), (112625384, 71334311)]
14:19:15: [INFO] Adding track segment (F.Cu): [(112625384, 71334311), (120351680, 82368605)]
14:19:15: [INFO] Routing pad 'SW19:1' at (120351680, 82368605) with pad 'SW34:1' at (121733829, 101956192) using coordinate system rotated by 10.0 degree(s)
14:19:15: [INFO] Adding track segment (F.Cu): [(120351680, 82368605), (117870681, 96439044)]
14:19:15: [INFO] Adding track segment (F.Cu): [(117870681, 96439044), (121733829, 101956192)]
14:19:15: [INFO] Routing pad 'SW34:1' at (121733829, 101956192) with pad 'SW48:1' at (127806125, 122370778) using coordinate system rotated by 10.0 degree(s)
14:19:15: [INFO] Adding track segment (F.Cu): [(121733829, 101956192), (120079829, 111336484)]
14:19:15: [INFO] Adding track segment (F.Cu): [(120079829, 111336484), (127806125, 122370778)]
14:19:15: [INFO] Routing ROW1 pads
14:19:15: [INFO] Routing pad 'D16:1' at (62230000, 87315000) with pad 'D17:1' at (86042500, 87315000) using coordinate system rotated by 0 degree(s)
14:19:15: [INFO] Adding track segment (B.Cu): [(62230000, 87315000), (86042500, 87315000)]
14:19:15: [WARNING] Could not route pads when parent footprints not rotated the same, footprint1: D17 at 90.0 degree(s) and footprint2: D18 at 80.0 degree(s)
14:19:15: [INFO] Routing pad 'D18:1' at (108967267, 88423712) with pad 'D19:1' at (127727854, 91731710) using coordinate system rotated by 280.0 degree(s)
14:19:15: [INFO] Adding track segment (B.Cu): [(108967267, 88423712), (127727853, 91731708)]
14:19:15: [INFO] Adding track segment (B.Cu): [(127727853, 91731708), (127727854, 91731710)]
14:19:15: [INFO] Routing pad 'D19:1' at (127727854, 91731710) with pad 'D20:1' at (146488442, 95039707) using coordinate system rotated by 280.0 degree(s)
14:19:15: [INFO] Adding track segment (B.Cu): [(127727854, 91731710), (146488440, 95039707)]
14:19:15: [INFO] Adding track segment (B.Cu): [(146488440, 95039707), (146488442, 95039707)]
14:19:15: [INFO] Routing pad 'D20:1' at (146488442, 95039707) with pad 'D21:1' at (165249030, 98347705) using coordinate system rotated by 280.0 degree(s)
14:19:15: [INFO] Adding track segment (B.Cu): [(146488442, 95039707), (165249029, 98347704)]
14:19:15: [INFO] Adding track segment (B.Cu): [(165249029, 98347704), (165249030, 98347705)]
14:19:15: [WARNING] Could not route pads when parent footprints not rotated the same, footprint1: D21 at 80.0 degree(s) and footprint2: D22 at 100.0 degree(s)
14:19:15: [INFO] Routing pad 'D22:1' at (206851322, 98237439) with pad 'D23:1' at (225611910, 94929441) using coordinate system rotated by 260.0 degree(s)
14:19:15: [INFO] Adding track segment (B.Cu): [(206851322, 98237439), (225611909, 94929440)]
14:19:15: [INFO] Adding track segment (B.Cu): [(225611909, 94929440), (225611910, 94929441)]
14:19:15: [INFO] Routing pad 'D23:1' at (225611910, 94929441) with pad 'D24:1' at (244372498, 91621444) using coordinate system rotated by 260.0 degree(s)
14:19:15: [INFO] Adding track segment (B.Cu): [(225611910, 94929441), (244372495, 91621443)]
14:19:15: [INFO] Adding track segment (B.Cu): [(244372495, 91621443), (244372498, 91621444)]
14:19:15: [INFO] Routing pad 'D24:1' at (244372498, 91621444) with pad 'D25:1' at (263133086, 88313446) using coordinate system rotated by 260.0 degree(s)
14:19:15: [INFO] Adding track segment (B.Cu): [(244372498, 91621444), (263133085, 88313445)]
14:19:15: [INFO] Adding track segment (B.Cu): [(263133085, 88313445), (263133086, 88313446)]
14:19:15: [INFO] Routing pad 'D25:1' at (263133086, 88313446) with pad 'D26:1' at (281893673, 85005448) using coordinate system rotated by 260.0 degree(s)
14:19:15: [INFO] Adding track segment (B.Cu): [(263133086, 88313446), (281893671, 85005448)]
14:19:15: [INFO] Adding track segment (B.Cu): [(281893671, 85005448), (281893673, 85005448)]
14:19:15: [WARNING] Could not route pads when parent footprints not rotated the same, footprint1: D26 at 100.0 degree(s) and footprint2: D27 at 90.0 degree(s)
14:19:15: [INFO] Routing pad 'D27:1' at (305117500, 87315000) with pad 'D28:1' at (324167500, 87315000) using coordinate system rotated by 0 degree(s)
14:19:15: [INFO] Adding track segment (B.Cu): [(305117500, 87315000), (324167500, 87315000)]
14:19:15: [INFO] Routing pad 'D28:1' at (324167500, 87315000) with pad 'D29:1' at (347980000, 87315000) using coordinate system rotated by 0 degree(s)
14:19:15: [INFO] Adding track segment (B.Cu): [(324167500, 87315000), (347980000, 87315000)]
14:19:15: [INFO] Routing pad 'D29:1' at (347980000, 87315000) with pad 'D30:1' at (371792500, 67312500) using coordinate system rotated by 0 degree(s)
14:19:15: [INFO] Adding track segment (B.Cu): [(347980000, 87315000), (351790000, 87315000)]
14:19:15: [INFO] Adding track segment (B.Cu): [(351790000, 87315000), (371792500, 67312500)]
14:19:15: [INFO] Routing COL0 pads
14:19:15: [INFO] Routing pad 'SW16:1' at (53340000, 79375000) with pad 'SW1:1' at (53340000, 59372500) using coordinate system rotated by 0 degree(s)
14:19:15: [INFO] Adding track segment (F.Cu): [(53340000, 79375000), (53340000, 59372500)]
14:19:15: [INFO] Routing pad 'SW31:1' at (53816250, 98425000) with pad 'SW16:1' at (53340000, 79375000) using coordinate system rotated by 0 degree(s)
14:19:15: [INFO] Adding track segment (F.Cu): [(53816250, 98425000), (53816250, 79851250)]
14:19:15: [INFO] Adding track segment (F.Cu): [(53816250, 79851250), (53340000, 79375000)]
14:19:15: [INFO] Routing pad 'SW45:1' at (55721250, 117475000) with pad 'SW31:1' at (53816250, 98425000) using coordinate system rotated by 0 degree(s)
14:19:15: [INFO] Adding track segment (F.Cu): [(55721250, 117475000), (53816250, 115570000)]
14:19:15: [INFO] Adding track segment (F.Cu): [(53816250, 115570000), (53816250, 98425000)]
14:19:15: [INFO] Routing pad 'SW59:1' at (46196250, 136525000) with pad 'SW45:1' at (55721250, 117475000) using coordinate system rotated by 0 degree(s)
14:19:15: [INFO] Adding track segment (F.Cu): [(46196250, 136525000), (55721250, 127000000)]
14:19:15: [INFO] Adding track segment (F.Cu): [(55721250, 127000000), (55721250, 117475000)]
14:19:15: [INFO] Routing ROW3 pads
14:19:15: [INFO] Routing pad 'D45:1' at (64611250, 125415000) with pad 'D46:1' at (95567500, 125415000) using coordinate system rotated by 0 degree(s)
14:19:15: [INFO] Adding track segment (B.Cu): [(64611250, 125415000), (95567500, 125415000)]
14:19:15: [WARNING] Could not route pads when parent footprints not rotated the same, footprint1: D46 at 90.0 degree(s) and footprint2: D47 at 80.0 degree(s)
14:19:15: [INFO] Routing pad 'D47:1' at (116421712, 128425886) with pad 'D48:1' at (135182299, 131733883) using coordinate system rotated by 280.0 degree(s)
14:19:15: [INFO] Adding track segment (B.Cu): [(116421712, 128425886), (135182297, 131733883)]
14:19:15: [INFO] Adding track segment (B.Cu): [(135182297, 131733883), (135182299, 131733883)]
14:19:15: [INFO] Routing pad 'D48:1' at (135182299, 131733883) with pad 'D49:1' at (153942887, 135041881) using coordinate system rotated by 280.0 degree(s)
14:19:15: [INFO] Adding track segment (B.Cu): [(135182299, 131733883), (153942886, 135041880)]
14:19:15: [INFO] Adding track segment (B.Cu): [(153942886, 135041880), (153942887, 135041881)]
14:19:15: [INFO] Routing pad 'D49:1' at (153942887, 135041881) with pad 'D50:1' at (172703475, 138349879) using coordinate system rotated by 280.0 degree(s)
14:19:15: [INFO] Adding track segment (B.Cu): [(153942887, 135041881), (172703474, 138349878)]
14:19:15: [INFO] Adding track segment (B.Cu): [(172703474, 138349878), (172703475, 138349879)]
14:19:15: [WARNING] Could not route pads when parent footprints not rotated the same, footprint1: D50 at 80.0 degree(s) and footprint2: D51 at 100.0 degree(s)
14:19:15: [INFO] Routing pad 'D51:1' at (227537759, 133277616) with pad 'D52:1' at (246298347, 129969618) using coordinate system rotated by 260.0 degree(s)
14:19:15: [INFO] Adding track segment (B.Cu): [(227537759, 133277616), (246298346, 129969617)]
14:19:15: [INFO] Adding track segment (B.Cu): [(246298346, 129969617), (246298347, 129969618)]
14:19:15: [INFO] Routing pad 'D52:1' at (246298347, 129969618) with pad 'D53:1' at (265058934, 126661621) using coordinate system rotated by 260.0 degree(s)
14:19:15: [INFO] Adding track segment (B.Cu): [(246298347, 129969618), (265058932, 126661620)]
14:19:15: [INFO] Adding track segment (B.Cu): [(265058932, 126661620), (265058934, 126661621)]
14:19:15: [INFO] Routing pad 'D53:1' at (265058934, 126661621) with pad 'D54:1' at (283819522, 123353623) using coordinate system rotated by 260.0 degree(s)
14:19:15: [INFO] Adding track segment (B.Cu): [(265058934, 126661621), (283819521, 123353623)]
14:19:15: [INFO] Adding track segment (B.Cu): [(283819521, 123353623), (283819522, 123353623)]
14:19:15: [WARNING] Could not route pads when parent footprints not rotated the same, footprint1: D54 at 100.0 degree(s) and footprint2: D55 at 90.0 degree(s)
14:19:15: [INFO] Routing pad 'D55:1' at (305117500, 125415000) with pad 'D56:1' at (331311250, 125415000) using coordinate system rotated by 0 degree(s)
14:19:15: [INFO] Adding track segment (B.Cu): [(305117500, 125415000), (331311250, 125415000)]
14:19:15: [INFO] Routing pad 'D56:1' at (331311250, 125415000) with pad 'D57:1' at (362267500, 133987500) using coordinate system rotated by 0 degree(s)
14:19:15: [INFO] Adding track segment (B.Cu): [(331311250, 125415000), (339883750, 133987500)]
14:19:15: [INFO] Adding track segment (B.Cu): [(339883750, 133987500), (362267500, 133987500)]
14:19:15: [INFO] Routing pad 'D57:1' at (362267500, 133987500) with pad 'D58:1' at (378460000, 105412500) using coordinate system rotated by 0 degree(s)
14:19:15: [INFO] Adding track segment (B.Cu): [(362267500, 133987500), (378460000, 117795000)]
14:19:15: [INFO] Adding track segment (B.Cu): [(378460000, 117795000), (378460000, 105412500)]
14:19:15: [INFO] Routing COL11 pads
14:19:15: [INFO] Routing pad 'SW12:1' at (281940000, 54610000) with pad 'SW27:1' at (296227500, 79375000) using coordinate system rotated by 0 degree(s)
14:19:15: [INFO] Adding track segment (F.Cu): [(281940000, 54610000), (281940000, 65087500)]
14:19:15: [INFO] Adding track segment (F.Cu): [(281940000, 65087500), (296227500, 79375000)]
14:19:15: [INFO] Routing pad 'SW27:1' at (296227500, 79375000) with pad 'SW42:1' at (302895000, 98425000) using coordinate system rotated by 0 degree(s)
14:19:15: [INFO] Adding track segment (F.Cu): [(296227500, 79375000), (296227500, 91757500)]
14:19:15: [INFO] Adding track segment (F.Cu): [(296227500, 91757500), (302895000, 98425000)]
14:19:15: [INFO] Routing pad 'SW42:1' at (302895000, 98425000) with pad 'SW56:1' at (322421250, 117475000) using coordinate system rotated by 0 degree(s)
14:19:15: [INFO] Routing COL5 pads
14:19:15: [INFO] Routing pad 'SW6:1' at (151800560, 68570014) with pad 'SW21:1' at (157872856, 88984600) using coordinate system rotated by 10.0 degree(s)
14:19:15: [INFO] Adding track segment (F.Cu): [(151800560, 68570014), (150146560, 77950306)]
14:19:15: [INFO] Adding track segment (F.Cu): [(150146560, 77950306), (157872856, 88984600)]
14:19:15: [INFO] Routing pad 'SW21:1' at (157872856, 88984600) with pad 'SW36:1' at (159255005, 108572187) using coordinate system rotated by 10.0 degree(s)
14:19:15: [INFO] Adding track segment (F.Cu): [(157872856, 88984600), (155391857, 103055040)]
14:19:15: [INFO] Adding track segment (F.Cu): [(155391857, 103055040), (159255005, 108572187)]
14:19:15: [INFO] Routing pad 'SW36:1' at (159255005, 108572187) with pad 'SW50:1' at (165327301, 128986774) using coordinate system rotated by 10.0 degree(s)
14:19:15: [INFO] Adding track segment (F.Cu): [(159255005, 108572187), (157601006, 117952480)]
14:19:15: [INFO] Adding track segment (F.Cu): [(157601006, 117952480), (165327301, 128986774)]
14:19:15: [INFO] Routing pad 'SW50:1' at (165327301, 128986774) with pad 'SW62:1' at (171399597, 149401361) using coordinate system rotated by 10.0 degree(s)
14:19:15: [INFO] Adding track segment (F.Cu): [(165327301, 128986774), (163673302, 138367067)]
14:19:15: [INFO] Adding track segment (F.Cu): [(163673302, 138367067), (171399597, 149401361)]
14:19:15: [INFO] Routing ROW0 pads
14:19:15: [INFO] Routing pad 'D1:1' at (62230000, 67312500) with pad 'D2:1' at (81280000, 67312500) using coordinate system rotated by 0 degree(s)
14:19:15: [INFO] Adding track segment (B.Cu): [(62230000, 67312500), (81280000, 67312500)]
14:19:15: [INFO] Routing pad 'D2:1' at (81280000, 67312500) with pad 'D3:1' at (100330000, 67312500) using coordinate system rotated by 0 degree(s)
14:19:15: [INFO] Adding track segment (B.Cu): [(81280000, 67312500), (100330000, 67312500)]
14:19:15: [WARNING] Could not route pads when parent footprints not rotated the same, footprint1: D3 at 90.0 degree(s) and footprint2: D4 at 80.0 degree(s)
14:19:15: [INFO] Routing pad 'D4:1' at (121655558, 71317123) with pad 'D5:1' at (140416146, 74625121) using coordinate system rotated by 280.0 degree(s)
14:19:15: [INFO] Adding track segment (B.Cu): [(121655558, 71317123), (140416145, 74625120)]
14:19:15: [INFO] Adding track segment (B.Cu): [(140416145, 74625120), (140416146, 74625121)]
14:19:15: [INFO] Routing pad 'D5:1' at (140416146, 74625121) with pad 'D6:1' at (159176734, 77933119) using coordinate system rotated by 280.0 degree(s)
14:19:15: [INFO] Adding track segment (B.Cu): [(140416146, 74625121), (159176732, 77933117)]
14:19:15: [INFO] Adding track segment (B.Cu): [(159176732, 77933117), (159176734, 77933119)]
14:19:15: [INFO] Routing pad 'D6:1' at (159176734, 77933119) with pad 'D7:1' at (177937321, 81241116) using coordinate system rotated by 280.0 degree(s)
14:19:15: [INFO] Adding track segment (B.Cu): [(159176734, 77933119), (177937319, 81241116)]
14:19:15: [INFO] Adding track segment (B.Cu): [(177937319, 81241116), (177937321, 81241116)]
14:19:15: [WARNING] Could not route pads when parent footprints not rotated the same, footprint1: D7 at 80.0 degree(s) and footprint2: D8 at 100.0 degree(s)
14:19:15: [INFO] Routing pad 'D8:1' at (212923619, 77822853) with pad 'D9:1' at (231684206, 74514855) using coordinate system rotated by 260.0 degree(s)
14:19:15: [INFO] Adding track segment (B.Cu): [(212923619, 77822853), (231684205, 74514855)]
14:19:15: [INFO] Adding track segment (B.Cu): [(231684205, 74514855), (231684206, 74514855)]
14:19:15: [INFO] Routing pad 'D9:1' at (231684206, 74514855) with pad 'D10:1' at (250444794, 71206857) using coordinate system rotated by 260.0 degree(s)
14:19:15: [INFO] Adding track segment (B.Cu): [(231684206, 74514855), (250444792, 71206857)]
14:19:15: [INFO] Adding track segment (B.Cu): [(250444792, 71206857), (250444794, 71206857)]
14:19:15: [INFO] Routing pad 'D10:1' at (250444794, 71206857) with pad 'D11:1' at (269205382, 67898859) using coordinate system rotated by 260.0 degree(s)
14:19:15: [INFO] Adding track segment (B.Cu): [(250444794, 71206857), (269205381, 67898858)]
14:19:15: [INFO] Adding track segment (B.Cu): [(269205381, 67898858), (269205382, 67898859)]
14:19:15: [WARNING] Could not route pads when parent footprints not rotated the same, footprint1: D11 at 100.0 degree(s) and footprint2: D12 at 90.0 degree(s)
14:19:15: [INFO] Routing pad 'D12:1' at (290830000, 62550000) with pad 'D13:1' at (309880000, 67312500) using coordinate system rotated by 0 degree(s)
14:19:15: [INFO] Adding track segment (B.Cu): [(290830000, 62550000), (295592500, 67312500)]
14:19:15: [INFO] Adding track segment (B.Cu): [(295592500, 67312500), (309880000, 67312500)]
14:19:15: [INFO] Routing pad 'D13:1' at (309880000, 67312500) with pad 'D14:1' at (328930000, 67312500) using coordinate system rotated by 0 degree(s)
14:19:15: [INFO] Adding track segment (B.Cu): [(309880000, 67312500), (328930000, 67312500)]
14:19:15: [INFO] Routing pad 'D14:1' at (328930000, 67312500) with pad 'D15:1' at (347980000, 67312500) using coordinate system rotated by 0 degree(s)
14:19:15: [INFO] Adding track segment (B.Cu): [(328930000, 67312500), (347980000, 67312500)]
14:19:15: [INFO] Routing COL4 pads
14:19:15: [INFO] Routing pad 'SW5:1' at (133039972, 65262016) with pad 'SW20:1' at (139112268, 85676602) using coordinate system rotated by 10.0 degree(s)
14:19:15: [INFO] Adding track segment (F.Cu): [(133039972, 65262016), (131385973, 74642310)]
14:19:15: [INFO] Adding track segment (F.Cu): [(131385973, 74642310), (139112268, 85676602)]
14:19:15: [INFO] Routing pad 'SW20:1' at (139112268, 85676602) with pad 'SW35:1' at (140494417, 105264190) using coordinate system rotated by 10.0 degree(s)
14:19:15: [INFO] Adding track segment (F.Cu): [(139112268, 85676602), (136631268, 99747042)]
14:19:15: [INFO] Adding track segment (F.Cu): [(136631268, 99747042), (140494417, 105264190)]
14:19:15: [INFO] Routing pad 'SW49:1' at (146566713, 125678776) with pad 'SW61:1' at (143258715, 144439364) using coordinate system rotated by 10.0 degree(s)
14:19:15: [INFO] Adding track segment (F.Cu): [(146566713, 125678776), (143258714, 144439363)]
14:19:15: [INFO] Adding track segment (F.Cu): [(143258714, 144439363), (143258715, 144439364)]
14:19:15: [INFO] Routing pad 'SW35:1' at (140494417, 105264190) with pad 'SW49:1' at (146566713, 125678776) using coordinate system rotated by 10.0 degree(s)
14:19:15: [INFO] Adding track segment (F.Cu): [(140494417, 105264190), (138840417, 114644482)]
14:19:15: [INFO] Adding track segment (F.Cu): [(138840417, 114644482), (146566713, 125678776)]
14:19:15: [INFO] Routing COL7 pads
14:19:15: [INFO] Routing pad 'SW8:1' at (202789912, 71547212) with pad 'SW23:1' at (215478203, 88653800) using coordinate system rotated by 350.0 degree(s)
14:19:15: [INFO] Adding track segment (F.Cu): [(202789912, 71547212), (204443910, 80927504)]
14:19:15: [INFO] Adding track segment (F.Cu): [(204443910, 80927504), (215478203, 88653800)]
14:19:15: [INFO] Routing pad 'SW23:1' at (215478203, 88653800) with pad 'SW38:1' at (223476348, 106587389) using coordinate system rotated by 350.0 degree(s)
14:19:15: [INFO] Adding track segment (F.Cu): [(215478203, 88653800), (217959201, 102724240)]
14:19:15: [INFO] Adding track segment (F.Cu): [(217959201, 102724240), (223476348, 106587389)]
14:19:15: [INFO] Routing pad 'SW52:1' at (236164640, 123693977) with pad 'SW64:1' at (227747270, 144522064) using coordinate system rotated by 350.0 degree(s)
14:19:15: [INFO] Adding track segment (F.Cu): [(236164640, 123693977), (237405138, 130729197)]
14:19:15: [INFO] Adding track segment (F.Cu): [(237405138, 130729197), (227747270, 144522064)]
14:19:15: [INFO] Routing pad 'SW38:1' at (223476348, 106587389) with pad 'SW52:1' at (236164640, 123693977) using coordinate system rotated by 350.0 degree(s)
14:19:15: [INFO] Adding track segment (F.Cu): [(223476348, 106587389), (225130346, 115967681)]
14:19:16: [INFO] Adding track segment (F.Cu): [(225130346, 115967681), (236164640, 123693977)]
14:19:16: [INFO] Routing ROW4 pads
14:19:16: [WARNING] Could not route pads when parent footprints not rotated the same, footprint1: D59 at 90.0 degree(s) and footprint2: D60 at 80.0 degree(s)
14:19:16: [INFO] Routing pad 'D60:1' at (117803861, 148013473) with pad 'D61:1' at (150634889, 153802469) using coordinate system rotated by 280.0 degree(s)
14:19:16: [INFO] Adding track segment (B.Cu): [(117803861, 148013473), (150634889, 153802468)]
14:19:16: [INFO] Adding track segment (B.Cu): [(150634889, 153802468), (150634889, 153802469)]
14:19:16: [INFO] Routing pad 'D61:1' at (150634889, 153802469) with pad 'D62:1' at (178775771, 158764466) using coordinate system rotated by 280.0 degree(s)
14:19:16: [INFO] Adding track segment (B.Cu): [(150634889, 153802469), (178775769, 158764464)]
14:19:16: [INFO] Adding track segment (B.Cu): [(178775769, 158764464), (178775771, 158764466)]
14:19:16: [WARNING] Could not route pads when parent footprints not rotated the same, footprint1: D62 at 80.0 degree(s) and footprint2: D63 at 100.0 degree(s)
14:19:16: [INFO] Routing pad 'D63:1' at (208777171, 136585614) with pad 'D64:1' at (237880977, 150797705) using coordinate system rotated by 260.0 degree(s)
14:19:16: [INFO] Adding track segment (B.Cu): [(208777171, 136585614), (230845756, 152038203)]
14:19:16: [INFO] Adding track segment (B.Cu): [(230845756, 152038203), (237880977, 150797705)]
14:19:16: [INFO] Routing pad 'D64:1' at (237880977, 150797705) with pad 'D65:1' at (277747226, 143768209) using coordinate system rotated by 260.0 degree(s)
14:19:16: [INFO] Adding track segment (B.Cu): [(237880977, 150797705), (277747225, 143768209)]
14:19:16: [INFO] Adding track segment (B.Cu): [(277747225, 143768209), (277747226, 143768209)]
14:19:16: [WARNING] Could not route pads when parent footprints not rotated the same, footprint1: D65 at 100.0 degree(s) and footprint2: D66 at 90.0 degree(s)
14:19:16: [INFO] Routing pad 'D66:1' at (343217500, 153037500) with pad 'D67:1' at (362267500, 153037500) using coordinate system rotated by 0 degree(s)
14:19:16: [INFO] Adding track segment (B.Cu): [(343217500, 153037500), (362267500, 153037500)]
14:19:16: [INFO] Routing pad 'D67:1' at (362267500, 153037500) with pad 'D68:1' at (381317500, 153037500) using coordinate system rotated by 0 degree(s)
14:19:16: [INFO] Adding track segment (B.Cu): [(362267500, 153037500), (381317500, 153037500)]
14:19:16: [INFO] Routing COL8 pads
14:19:16: [INFO] Routing pad 'SW9:1' at (221550499, 68239214) with pad 'SW24:1' at (234238791, 85345803) using coordinate system rotated by 350.0 degree(s)
14:19:16: [INFO] Adding track segment (F.Cu): [(221550499, 68239214), (223204496, 77619506)]
14:19:16: [INFO] Adding track segment (F.Cu): [(223204496, 77619506), (234238791, 85345803)]
14:19:16: [INFO] Routing pad 'SW24:1' at (234238791, 85345803) with pad 'SW39:1' at (242236936, 103279391) using coordinate system rotated by 350.0 degree(s)
14:19:16: [INFO] Adding track segment (F.Cu): [(234238791, 85345803), (236719788, 99416243)]
14:19:16: [INFO] Adding track segment (F.Cu): [(236719788, 99416243), (242236936, 103279391)]
14:19:16: [INFO] Routing pad 'SW39:1' at (242236936, 103279391) with pad 'SW53:1' at (254925227, 120385980) using coordinate system rotated by 350.0 degree(s)
14:19:16: [INFO] Adding track segment (F.Cu): [(242236936, 103279391), (243890934, 112659685)]
14:19:16: [INFO] Adding track segment (F.Cu): [(243890934, 112659685), (254925227, 120385980)]
14:19:16: [INFO] Routing COL6 pads
14:19:16: [WARNING] Could not route pads when parent footprints not rotated the same, footprint1: SW7 at -10.0 degree(s) and footprint2: SW22 at 10.0 degree(s)
14:19:16: [INFO] Routing pad 'SW37:1' at (204715760, 109895386) with pad 'SW63:1' at (198643464, 130309973) using coordinate system rotated by 350.0 degree(s)
14:19:16: [INFO] Adding track segment (F.Cu): [(204715760, 109895386), (206369758, 119275680)]
14:19:16: [INFO] Adding track segment (F.Cu): [(206369758, 119275680), (198643464, 130309973)]
14:19:16: [INFO] Routing pad 'SW22:1' at (196717615, 91961798) with pad 'SW37:1' at (204715760, 109895386) using coordinate system rotated by 350.0 degree(s)
14:19:16: [INFO] Adding track segment (F.Cu): [(196717615, 91961798), (199198612, 106032236)]
14:19:16: [INFO] Adding track segment (F.Cu): [(199198612, 106032236), (204715760, 109895386)]
14:19:16: [INFO] Routing pad 'SW63:1' at (198643464, 130309973) with pad 'SW51:1' at (217404052, 127001975) using coordinate system rotated by 350.0 degree(s)
14:19:16: [INFO] Adding track segment (F.Cu): [(198643464, 130309973), (217404051, 127001975)]
14:19:16: [INFO] Adding track segment (F.Cu): [(217404051, 127001975), (217404052, 127001975)]
14:19:16: [INFO] Routing COL1 pads
14:19:16: [INFO] Routing pad 'SW2:1' at (72390000, 59372500) with pad 'SW17:1' at (77152500, 79375000) using coordinate system rotated by 0 degree(s)
14:19:16: [INFO] Adding track segment (F.Cu): [(72390000, 59372500), (72390000, 74612500)]
14:19:16: [INFO] Adding track segment (F.Cu): [(72390000, 74612500), (77152500, 79375000)]
14:19:16: [INFO] Routing pad 'SW17:1' at (77152500, 79375000) with pad 'SW32:1' at (80010000, 98425000) using coordinate system rotated by 0 degree(s)
14:19:16: [INFO] Adding track segment (F.Cu): [(77152500, 79375000), (77152500, 95567500)]
14:19:16: [INFO] Adding track segment (F.Cu): [(77152500, 95567500), (80010000, 98425000)]
14:19:16: [INFO] Routing pad 'SW32:1' at (80010000, 98425000) with pad 'SW46:1' at (86677500, 117475000) using coordinate system rotated by 0 degree(s)
14:19:16: [INFO] Adding track segment (F.Cu): [(80010000, 98425000), (80010000, 110807500)]
14:19:16: [INFO] Adding track segment (F.Cu): [(80010000, 110807500), (86677500, 117475000)]
14:19:16: [INFO] Routing COL9 pads
14:19:16: [INFO] Routing pad 'SW10:1' at (240311087, 64931216) with pad 'SW25:1' at (252999379, 82037805) using coordinate system rotated by 350.0 degree(s)
14:19:16: [INFO] Adding track segment (F.Cu): [(240311087, 64931216), (241965085, 74311509)]
14:19:16: [INFO] Adding track segment (F.Cu): [(241965085, 74311509), (252999379, 82037805)]
14:19:16: [INFO] Routing pad 'SW25:1' at (252999379, 82037805) with pad 'SW40:1' at (260997523, 99971393) using coordinate system rotated by 350.0 degree(s)
14:19:16: [INFO] Adding track segment (F.Cu): [(252999379, 82037805), (255480376, 96108246)]
14:19:16: [INFO] Adding track segment (F.Cu): [(255480376, 96108246), (260997523, 99971393)]
14:19:16: [INFO] Routing pad 'SW54:1' at (273685815, 117077982) with pad 'SW65:1' at (267613519, 137492568) using coordinate system rotated by 350.0 degree(s)
14:19:16: [INFO] Adding track segment (F.Cu): [(273685815, 117077982), (275339813, 126458274)]
14:19:16: [INFO] Adding track segment (F.Cu): [(275339813, 126458274), (267613519, 137492568)]
14:19:16: [INFO] Routing pad 'SW40:1' at (260997523, 99971393) with pad 'SW54:1' at (273685815, 117077982) using coordinate system rotated by 350.0 degree(s)
14:19:16: [INFO] Adding track segment (F.Cu): [(260997523, 99971393), (262651520, 109351685)]
14:19:16: [INFO] Adding track segment (F.Cu): [(262651520, 109351685), (273685815, 117077982)]
14:19:16: [INFO] Routing ROW2 pads
14:19:16: [INFO] Routing pad 'D31:1' at (62706250, 106365000) with pad 'D32:1' at (88900000, 106365000) using coordinate system rotated by 0 degree(s)
14:19:16: [INFO] Adding track segment (B.Cu): [(62706250, 106365000), (88900000, 106365000)]
14:19:16: [WARNING] Could not route pads when parent footprints not rotated the same, footprint1: D32 at 90.0 degree(s) and footprint2: D33 at 80.0 degree(s)
14:19:16: [INFO] Routing pad 'D33:1' at (110349416, 108011299) with pad 'D34:1' at (129110003, 111319297) using coordinate system rotated by 280.0 degree(s)
14:19:16: [INFO] Adding track segment (B.Cu): [(110349416, 108011299), (129110002, 111319295)]
14:19:16: [INFO] Adding track segment (B.Cu): [(129110002, 111319295), (129110003, 111319297)]
14:19:16: [INFO] Routing pad 'D34:1' at (129110003, 111319297) with pad 'D35:1' at (147870591, 114627295) using coordinate system rotated by 280.0 degree(s)
14:19:16: [INFO] Adding track segment (B.Cu): [(129110003, 111319297), (147870590, 114627294)]
14:19:16: [INFO] Adding track segment (B.Cu): [(147870590, 114627294), (147870591, 114627295)]
14:19:16: [INFO] Routing pad 'D35:1' at (147870591, 114627295) with pad 'D36:1' at (166631179, 117935292) using coordinate system rotated by 280.0 degree(s)
14:19:16: [INFO] Adding track segment (B.Cu): [(147870591, 114627295), (166631177, 117935292)]
14:19:16: [INFO] Adding track segment (B.Cu): [(166631177, 117935292), (166631179, 117935292)]
14:19:16: [WARNING] Could not route pads when parent footprints not rotated the same, footprint1: D36 at 80.0 degree(s) and footprint2: D37 at 100.0 degree(s)
14:19:16: [INFO] Routing pad 'D37:1' at (214849467, 116171027) with pad 'D38:1' at (233610055, 112863030) using coordinate system rotated by 260.0 degree(s)
14:19:16: [INFO] Adding track segment (B.Cu): [(214849467, 116171027), (233610052, 112863029)]
14:19:16: [INFO] Adding track segment (B.Cu): [(233610052, 112863029), (233610055, 112863030)]
14:19:16: [INFO] Routing pad 'D38:1' at (233610055, 112863030) with pad 'D39:1' at (252370643, 109555032) using coordinate system rotated by 260.0 degree(s)
14:19:16: [INFO] Adding track segment (B.Cu): [(233610055, 112863030), (252370642, 109555031)]
14:19:16: [INFO] Adding track segment (B.Cu): [(252370642, 109555031), (252370643, 109555032)]
14:19:16: [INFO] Routing pad 'D39:1' at (252370643, 109555032) with pad 'D40:1' at (271131230, 106247034) using coordinate system rotated by 260.0 degree(s)
14:19:16: [INFO] Adding track segment (B.Cu): [(252370643, 109555032), (271131228, 106247034)]
14:19:16: [INFO] Adding track segment (B.Cu): [(271131228, 106247034), (271131230, 106247034)]
14:19:16: [WARNING] Could not route pads when parent footprints not rotated the same, footprint1: D40 at 100.0 degree(s) and footprint2: D41 at 90.0 degree(s)
14:19:16: [INFO] Routing pad 'D41:1' at (292735000, 106365000) with pad 'D42:1' at (311785000, 106365000) using coordinate system rotated by 0 degree(s)
14:19:16: [INFO] Adding track segment (B.Cu): [(292735000, 106365000), (311785000, 106365000)]
14:19:16: [INFO] Routing pad 'D42:1' at (311785000, 106365000) with pad 'D43:1' at (342741250, 106365000) using coordinate system rotated by 0 degree(s)
14:19:16: [INFO] Adding track segment (B.Cu): [(311785000, 106365000), (342741250, 106365000)]
14:19:16: [INFO] Routing pad 'D43:1' at (342741250, 106365000) with pad 'D44:1' at (376555000, 86362500) using coordinate system rotated by 0 degree(s)
14:19:16: [INFO] Adding track segment (B.Cu): [(342741250, 106365000), (356552500, 106365000)]
14:19:16: [INFO] Adding track segment (B.Cu): [(356552500, 106365000), (376555000, 86362500)]
14:19:16: [INFO] Routing COL12 pads
14:19:16: [INFO] Routing pad 'SW13:1' at (300990000, 59372500) with pad 'SW28:1' at (315277500, 79375000) using coordinate system rotated by 0 degree(s)
14:19:16: [INFO] Adding track segment (F.Cu): [(300990000, 59372500), (300990000, 65087500)]
14:19:16: [INFO] Adding track segment (F.Cu): [(300990000, 65087500), (315277500, 79375000)]
14:19:16: [INFO] Routing pad 'SW28:1' at (315277500, 79375000) with pad 'SW43:1' at (333851250, 98425000) using coordinate system rotated by 0 degree(s)
14:19:16: [INFO] Routing pad 'SW43:1' at (333851250, 98425000) with pad 'SW66:1' at (334327500, 145097500) using coordinate system rotated by 0 degree(s)
14:19:16: [INFO] Adding track segment (F.Cu): [(333851250, 98425000), (333851250, 144621250)]
14:19:16: [INFO] Adding track segment (F.Cu): [(333851250, 144621250), (334327500, 145097500)]
14:19:16: [INFO] Routing COL13 pads
14:19:16: [INFO] Routing pad 'SW14:1' at (320040000, 59372500) with pad 'SW29:1' at (339090000, 79375000) using coordinate system rotated by 0 degree(s)
14:19:16: [INFO] Routing pad 'SW29:1' at (339090000, 79375000) with pad 'SW57:1' at (353377500, 126047500) using coordinate system rotated by 0 degree(s)
14:19:16: [INFO] Routing pad 'SW57:1' at (353377500, 126047500) with pad 'SW67:1' at (353377500, 145097500) using coordinate system rotated by 0 degree(s)
14:19:16: [INFO] Adding track segment (F.Cu): [(353377500, 126047500), (353377500, 145097500)]
14:19:16: [INFO] Routing COL10 pads
14:19:16: [INFO] Routing pad 'SW11:1' at (259071675, 61623218) with pad 'SW26:1' at (271759966, 78729807) using coordinate system rotated by 350.0 degree(s)
14:19:16: [INFO] Adding track segment (F.Cu): [(259071675, 61623218), (260725673, 71003512)]
14:19:16: [INFO] Adding track segment (F.Cu): [(260725673, 71003512), (271759966, 78729807)]
14:19:16: [WARNING] Could not route pads when parent footprints not rotated the same, footprint1: SW26 at 10.0 degree(s) and footprint2: SW41 at 0.0 degree(s)
14:19:16: [INFO] Routing pad 'SW41:1' at (283845000, 98425000) with pad 'SW55:1' at (296227500, 117475000) using coordinate system rotated by 0 degree(s)
14:19:16: [INFO] Adding track segment (F.Cu): [(283845000, 98425000), (283845000, 105092500)]
14:19:16: [INFO] Adding track segment (F.Cu): [(283845000, 105092500), (296227500, 117475000)]
14:19:16: [INFO] Removing dangling tracks
