=== kbplacer.kle_serial ===
=== layout2image.py ===
=== kbplacer ===
13:33:52: [INFO] User layout: https://editor.keyboard-tools.xyz/#share=NrDeCIA9wLgAgMwDoDsBWAvgGjuADFgEzgC6WAUGFLHAIypo7gCeNAtHg0wMY3gDEKIcPDZcBPOBwRe8AdwWLRTArVIUqs3IOFDluWlknTq8To1xaBAQ1t2puAO416mJobUmr-RUrHhDYjJKGT4dXX1wQiMHCGh4aMsw3wVI6KCNULlwkX8EGK8wu3smZwSkQjdcfM84LO0U3jyidRDTOh4i4usHcDK6JCrwABYsNWCqACd4uE5Kphn6AlxWcvmnFwZ-aPHM8GmXYcGF9nNO7MbI1V22mbOV062VMeJC7O6e0ppCf1VhgB0AHZAoESWLtJbnBopK5jBAg4GA1S9P4I0FjVpUGYcJ4GMa1AIvXoeBDg-qufweYaYuKPSrbfG9HavOrgby6PRfNZDHbUia0+A4ixs5Iw5q0Ak1Fn1GzdXr9Qi48A1eGIoGGYysu5cJIXGFcgbocWqhEeXo1AFqwFm-ntRXC7wfeWbIajWh8vaTFzCg7wI7rdqcdBQ+Ri56k57U55oFFYABsNMDFSGhgjeKjeJj7njie1PKwaaiWAzRazuGiCdti2TzUL+RL+TLypzVe+xw23P8ozLMpyei7Lb21eWLEewd12idBopTFGpNtXsFtB9iyOwuxaCQI+8l1+WBQsYAHLGAJyx2iSVuCzcp-fErDH7Nn7MX3PsTf0pjRA9fh9MrDPuWYyXkO75KvkP7VH+TD5IBzavlecBsJu459G2RqztBrKOnK06DAOCEkEAA
13:33:52: [INFO] Labels prefixes: for rows: 'ROW', for columns: 'COL'
13:33:52: [INFO] Matrix size: 4x14
13:33:52: [WARNING] No stabilizer footprint for width 2.25u, using 2u as fallback
13:33:52: [WARNING] No stabilizer footprint for width 2.25u, using 2u as fallback
13:33:52: [WARNING] No stabilizer footprint for width 2.75u, using 2u as fallback
13:33:52: [WARNING] No stabilizer footprint for width 2.25u, using 2u as fallback
13:33:52: [WARNING] No stabilizer footprint for width 2.75u, using 2u as fallback
13:33:52: [INFO] Add COL0 net
13:33:52: [INFO] Add COL1 net
13:33:52: [INFO] Add COL10 net
13:33:52: [INFO] Add COL11 net
13:33:52: [INFO] Add COL12 net
13:33:52: [INFO] Add COL13 net
13:33:52: [INFO] Add COL14 net
13:33:52: [INFO] Add COL2 net
13:33:52: [INFO] Add COL3 net
13:33:52: [INFO] Add COL4 net
13:33:52: [INFO] Add COL5 net
13:33:52: [INFO] Add COL6 net
13:33:52: [INFO] Add COL7 net
13:33:52: [INFO] Add COL8 net
13:33:52: [INFO] Add COL9 net
13:33:52: [INFO] Add Net-(D1-A) net
13:33:52: [INFO] Add Net-(D10-A) net
13:33:52: [INFO] Add Net-(D11-A) net
13:33:52: [INFO] Add Net-(D12-A) net
13:33:52: [INFO] Add Net-(D13-A) net
13:33:52: [INFO] Add Net-(D14-A) net
13:33:52: [INFO] Add Net-(D15-A) net
13:33:52: [INFO] Add Net-(D16-A) net
13:33:52: [INFO] Add Net-(D17-A) net
13:33:52: [INFO] Add Net-(D18-A) net
13:33:52: [INFO] Add Net-(D19-A) net
13:33:52: [INFO] Add Net-(D2-A) net
13:33:52: [INFO] Add Net-(D20-A) net
13:33:52: [INFO] Add Net-(D21-A) net
13:33:52: [INFO] Add Net-(D22-A) net
13:33:52: [INFO] Add Net-(D23-A) net
13:33:52: [INFO] Add Net-(D24-A) net
13:33:52: [INFO] Add Net-(D25-A) net
13:33:52: [INFO] Add Net-(D26-A) net
13:33:52: [INFO] Add Net-(D27-A) net
13:33:52: [INFO] Add Net-(D28-A) net
13:33:52: [INFO] Add Net-(D29-A) net
13:33:52: [INFO] Add Net-(D3-A) net
13:33:52: [INFO] Add Net-(D30-A) net
13:33:52: [INFO] Add Net-(D31-A) net
13:33:52: [INFO] Add Net-(D32-A) net
13:33:52: [INFO] Add Net-(D33-A) net
13:33:52: [INFO] Add Net-(D34-A) net
13:33:52: [INFO] Add Net-(D35-A) net
13:33:52: [INFO] Add Net-(D36-A) net
13:33:52: [INFO] Add Net-(D37-A) net
13:33:52: [INFO] Add Net-(D38-A) net
13:33:52: [INFO] Add Net-(D39-A) net
13:33:52: [INFO] Add Net-(D4-A) net
13:33:52: [INFO] Add Net-(D40-A) net
13:33:52: [INFO] Add Net-(D41-A) net
13:33:52: [INFO] Add Net-(D42-A) net
13:33:52: [INFO] Add Net-(D43-A) net
13:33:52: [INFO] Add Net-(D44-A) net
13:33:52: [INFO] Add Net-(D45-A) net
13:33:52: [INFO] Add Net-(D46-A) net
13:33:52: [INFO] Add Net-(D47-A) net
13:33:52: [INFO] Add Net-(D48-A) net
13:33:52: [INFO] Add Net-(D49-A) net
13:33:52: [INFO] Add Net-(D5-A) net
13:33:52: [INFO] Add Net-(D50-A) net
13:33:52: [INFO] Add Net-(D51-A) net
13:33:52: [INFO] Add Net-(D52-A) net
13:33:52: [INFO] Add Net-(D53-A) net
13:33:52: [INFO] Add Net-(D54-A) net
13:33:52: [INFO] Add Net-(D55-A) net
13:33:52: [INFO] Add Net-(D56-A) net
13:33:52: [INFO] Add Net-(D57-A) net
13:33:52: [INFO] Add Net-(D58-A) net
13:33:52: [INFO] Add Net-(D59-A) net
13:33:52: [INFO] Add Net-(D6-A) net
13:33:52: [INFO] Add Net-(D60-A) net
13:33:52: [INFO] Add Net-(D61-A) net
13:33:52: [INFO] Add Net-(D62-A) net
13:33:52: [INFO] Add Net-(D63-A) net
13:33:52: [INFO] Add Net-(D64-A) net
13:33:52: [INFO] Add Net-(D65-A) net
13:33:52: [INFO] Add Net-(D66-A) net
13:33:52: [INFO] Add Net-(D7-A) net
13:33:52: [INFO] Add Net-(D8-A) net
13:33:52: [INFO] Add Net-(D9-A) net
13:33:52: [INFO] Add ROW0 net
13:33:52: [INFO] Add ROW1 net
13:33:52: [INFO] Add ROW2 net
13:33:52: [INFO] Add ROW3 net
13:33:52: [INFO] Add ROW4 net
13:33:52: [INFO] Add SW1 footprint
13:33:53: [INFO] Add D1 footprint
13:33:53: [INFO] Add SW2 footprint
13:33:53: [INFO] Add D2 footprint
13:33:53: [INFO] Add SW3 footprint
13:33:53: [INFO] Add D3 footprint
13:33:53: [INFO] Add SW4 footprint
13:33:53: [INFO] Add D4 footprint
13:33:53: [INFO] Add SW5 footprint
13:33:53: [INFO] Add D5 footprint
13:33:53: [INFO] Add SW6 footprint
13:33:53: [INFO] Add D6 footprint
13:33:53: [INFO] Add SW7 footprint
13:33:53: [INFO] Add D7 footprint
13:33:53: [INFO] Add SW8 footprint
13:33:53: [INFO] Add D8 footprint
13:33:53: [INFO] Add SW9 footprint
13:33:53: [INFO] Add D9 footprint
13:33:53: [INFO] Add SW10 footprint
13:33:53: [INFO] Add D10 footprint
13:33:53: [INFO] Add SW11 footprint
13:33:53: [INFO] Add D11 footprint
13:33:53: [INFO] Add SW12 footprint
13:33:53: [INFO] Add D12 footprint
13:33:53: [INFO] Add SW13 footprint
13:33:53: [INFO] Add D13 footprint
13:33:53: [INFO] Add SW14 footprint
13:33:53: [INFO] Add D14 footprint
13:33:53: [INFO] Add SW15 footprint
13:33:53: [INFO] Add D15 footprint
13:33:53: [INFO] Add ST15 footprint
13:33:53: [INFO] Add SW15a footprint
13:33:53: [INFO] Add SW16 footprint
13:33:53: [INFO] Add D16 footprint
13:33:53: [INFO] Add SW17 footprint
13:33:53: [INFO] Add D17 footprint
13:33:53: [INFO] Add SW18 footprint
13:33:53: [INFO] Add D18 footprint
13:33:53: [INFO] Add SW19 footprint
13:33:53: [INFO] Add D19 footprint
13:33:53: [INFO] Add SW20 footprint
13:33:54: [INFO] Add D20 footprint
13:33:54: [INFO] Add SW21 footprint
13:33:54: [INFO] Add D21 footprint
13:33:54: [INFO] Add SW22 footprint
13:33:54: [INFO] Add D22 footprint
13:33:54: [INFO] Add SW23 footprint
13:33:54: [INFO] Add D23 footprint
13:33:54: [INFO] Add SW24 footprint
13:33:54: [INFO] Add D24 footprint
13:33:54: [INFO] Add SW25 footprint
13:33:54: [INFO] Add D25 footprint
13:33:54: [INFO] Add SW26 footprint
13:33:54: [INFO] Add D26 footprint
13:33:54: [INFO] Add SW27 footprint
13:33:54: [INFO] Add D27 footprint
13:33:54: [INFO] Add SW28 footprint
13:33:54: [INFO] Add D28 footprint
13:33:54: [INFO] Add SW29 footprint
13:33:54: [INFO] Add D29 footprint
13:33:54: [INFO] Add SW30 footprint
13:33:54: [INFO] Add D30 footprint
13:33:54: [INFO] Add SW31 footprint
13:33:54: [INFO] Add D31 footprint
13:33:54: [INFO] Add SW32 footprint
13:33:54: [INFO] Add D32 footprint
13:33:54: [INFO] Add SW33 footprint
13:33:54: [INFO] Add D33 footprint
13:33:54: [INFO] Add SW34 footprint
13:33:54: [INFO] Add D34 footprint
13:33:54: [INFO] Add SW35 footprint
13:33:54: [INFO] Add D35 footprint
13:33:54: [INFO] Add SW36 footprint
13:33:54: [INFO] Add D36 footprint
13:33:54: [INFO] Add SW37 footprint
13:33:54: [INFO] Add D37 footprint
13:33:54: [INFO] Add SW38 footprint
13:33:54: [INFO] Add D38 footprint
13:33:54: [INFO] Add SW39 footprint
13:33:55: [INFO] Add D39 footprint
13:33:55: [INFO] Add SW40 footprint
13:33:55: [INFO] Add D40 footprint
13:33:55: [INFO] Add SW41 footprint
13:33:55: [INFO] Add D41 footprint
13:33:55: [INFO] Add SW42 footprint
13:33:55: [INFO] Add D42 footprint
13:33:55: [INFO] Add SW43 footprint
13:33:55: [INFO] Add D43 footprint
13:33:55: [INFO] Add SW44 footprint
13:33:55: [INFO] Add D44 footprint
13:33:55: [WARNING] No stabilizer footprint for width 2.25u, using 2u as fallback
13:33:55: [INFO] Add ST44 footprint
13:33:55: [INFO] Add SW45 footprint
13:33:55: [INFO] Add D45 footprint
13:33:55: [INFO] Add SW46 footprint
13:33:55: [INFO] Add D46 footprint
13:33:55: [WARNING] No stabilizer footprint for width 2.25u, using 2u as fallback
13:33:55: [INFO] Add ST46 footprint
13:33:55: [INFO] Add SW47 footprint
13:33:55: [INFO] Add D47 footprint
13:33:55: [INFO] Add SW48 footprint
13:33:55: [INFO] Add D48 footprint
13:33:55: [INFO] Add SW49 footprint
13:33:55: [INFO] Add D49 footprint
13:33:55: [INFO] Add SW50 footprint
13:33:55: [INFO] Add D50 footprint
13:33:55: [INFO] Add SW51 footprint
13:33:55: [INFO] Add D51 footprint
13:33:55: [INFO] Add SW52 footprint
13:33:55: [INFO] Add D52 footprint
13:33:55: [INFO] Add SW53 footprint
13:33:55: [INFO] Add D53 footprint
13:33:55: [INFO] Add SW54 footprint
13:33:55: [INFO] Add D54 footprint
13:33:55: [INFO] Add SW55 footprint
13:33:55: [INFO] Add D55 footprint
13:33:55: [INFO] Add SW56 footprint
13:33:55: [INFO] Add D56 footprint
13:33:55: [INFO] Add SW57 footprint
13:33:55: [INFO] Add D57 footprint
13:33:56: [INFO] Add SW58 footprint
13:33:56: [INFO] Add D58 footprint
13:33:56: [WARNING] No stabilizer footprint for width 2.75u, using 2u as fallback
13:33:56: [INFO] Add ST58 footprint
13:33:56: [INFO] Add SW58a footprint
13:33:56: [INFO] Add SW59 footprint
13:33:56: [INFO] Add D59 footprint
13:33:56: [INFO] Add SW60 footprint
13:33:56: [INFO] Add D60 footprint
13:33:56: [INFO] Add SW61 footprint
13:33:56: [INFO] Add D61 footprint
13:33:56: [INFO] Add SW62 footprint
13:33:56: [INFO] Add D62 footprint
13:33:56: [WARNING] No stabilizer footprint for width 2.25u, using 2u as fallback
13:33:56: [INFO] Add ST62 footprint
13:33:56: [INFO] Add SW63 footprint
13:33:56: [INFO] Add D63 footprint
13:33:56: [INFO] Add SW64 footprint
13:33:56: [INFO] Add D64 footprint
13:33:56: [WARNING] No stabilizer footprint for width 2.75u, using 2u as fallback
13:33:56: [INFO] Add ST64 footprint
13:33:56: [INFO] Add SW65 footprint
13:33:56: [INFO] Add D65 footprint
13:33:56: [INFO] Add SW66 footprint
13:33:56: [INFO] Add D66 footprint
13:33:56: [INFO] Detected layout convertible to matrix annotated keyboard
13:33:56: [INFO] Using key 1U distance: (19.05, 19.05) mm
13:33:56: [INFO] Layout offset: (33337500, 28575000)
13:33:56: [INFO] Diode info: [ElementInfo(annotation_format='D{}', position_option=<PositionOption.CUSTOM: 'Custom'>, position=ElementPosition(x=5.08, y=4.0, orientation=90.0, side=<Side.BACK: 'Back'>), template_path='', start_index=-1)]
13:33:56: [INFO] Placing additional elements for SW66
13:33:56: [INFO] Placing additional elements for SW65
13:33:56: [INFO] Placing additional elements for SW64
13:33:56: [INFO] Placing additional elements for SW63
13:33:56: [INFO] Placing additional elements for SW62
13:33:56: [INFO] Placing additional elements for SW61
13:33:56: [INFO] Placing additional elements for SW60
13:33:56: [INFO] Placing additional elements for SW59
13:33:56: [INFO] Placing additional elements for SW58a
13:33:56: [INFO] Placing additional elements for SW58
13:33:56: [INFO] Placing additional elements for SW57
13:33:56: [INFO] Placing additional elements for SW56
13:33:56: [INFO] Placing additional elements for SW55
13:33:56: [INFO] Placing additional elements for SW54
13:33:56: [INFO] Placing additional elements for SW53
13:33:56: [INFO] Placing additional elements for SW52
13:33:56: [INFO] Placing additional elements for SW51
13:33:56: [INFO] Placing additional elements for SW50
13:33:56: [INFO] Placing additional elements for SW49
13:33:56: [INFO] Placing additional elements for SW48
13:33:56: [INFO] Placing additional elements for SW47
13:33:56: [INFO] Placing additional elements for SW46
13:33:56: [INFO] Placing additional elements for SW45
13:33:56: [INFO] Placing additional elements for SW44
13:33:56: [INFO] Placing additional elements for SW43
13:33:56: [INFO] Placing additional elements for SW42
13:33:56: [INFO] Placing additional elements for SW41
13:33:56: [INFO] Placing additional elements for SW40
13:33:56: [INFO] Placing additional elements for SW39
13:33:56: [INFO] Placing additional elements for SW38
13:33:56: [INFO] Placing additional elements for SW37
13:33:56: [INFO] Placing additional elements for SW36
13:33:56: [INFO] Placing additional elements for SW35
13:33:56: [INFO] Placing additional elements for SW34
13:33:56: [INFO] Placing additional elements for SW33
13:33:56: [INFO] Placing additional elements for SW32
13:33:56: [INFO] Placing additional elements for SW31
13:33:56: [INFO] Placing additional elements for SW30
13:33:56: [INFO] Placing additional elements for SW29
13:33:56: [INFO] Placing additional elements for SW28
13:33:56: [INFO] Placing additional elements for SW27
13:33:56: [INFO] Placing additional elements for SW26
13:33:56: [INFO] Placing additional elements for SW25
13:33:56: [INFO] Placing additional elements for SW24
13:33:56: [INFO] Placing additional elements for SW23
13:33:56: [INFO] Placing additional elements for SW22
13:33:56: [INFO] Placing additional elements for SW21
13:33:56: [INFO] Placing additional elements for SW20
13:33:56: [INFO] Placing additional elements for SW19
13:33:56: [INFO] Placing additional elements for SW18
13:33:56: [INFO] Placing additional elements for SW17
13:33:56: [INFO] Placing additional elements for SW16
13:33:56: [INFO] Placing additional elements for SW15a
13:33:56: [INFO] Placing additional elements for SW15
13:33:56: [INFO] Placing additional elements for SW14
13:33:56: [INFO] Placing additional elements for SW13
13:33:56: [INFO] Placing additional elements for SW12
13:33:56: [INFO] Placing additional elements for SW11
13:33:56: [INFO] Placing additional elements for SW10
13:33:56: [INFO] Placing additional elements for SW9
13:33:56: [INFO] Placing additional elements for SW8
13:33:56: [INFO] Placing additional elements for SW7
13:33:56: [INFO] Placing additional elements for SW6
13:33:56: [INFO] Placing additional elements for SW5
13:33:56: [INFO] Placing additional elements for SW4
13:33:56: [INFO] Placing additional elements for SW3
13:33:56: [INFO] Placing additional elements for SW2
13:33:56: [INFO] Placing additional elements for SW1
13:33:56: [INFO] Routing SW66 with D66
13:33:56: [INFO] Using internal autorouter method
13:33:56: [INFO] Routing pad 'SW66:2' at (374015000, 113982500) with pad 'D66:2' at (376555000, 121662500) using coordinate system rotated by 0 degree(s)
13:33:56: [INFO] Adding track segment (B.Cu): [(374015000, 113982500), (374015000, 119122500)]
13:33:56: [INFO] Adding track segment (B.Cu): [(374015000, 119122500), (376555000, 121662500)]
13:33:56: [INFO] Routing SW65 with D65
13:33:56: [INFO] Using internal autorouter method
13:33:56: [INFO] Routing pad 'SW65:2' at (291486418, 116908319) with pad 'D65:2' at (295927599, 123669229) using coordinate system rotated by 345.0 degree(s)
13:33:56: [INFO] Adding track segment (B.Cu): [(291486418, 116908319), (292816747, 121873177)]
13:33:56: [INFO] Adding track segment (B.Cu): [(292816747, 121873177), (295927599, 123669229)]
13:33:56: [INFO] Routing SW64 with D64
13:33:56: [INFO] Using internal autorouter method
13:33:56: [INFO] Routing pad 'SW64:2' at (252384533, 127385637) with pad 'D64:2' at (256825714, 134146547) using coordinate system rotated by 345.0 degree(s)
13:33:56: [INFO] Adding track segment (B.Cu): [(252384533, 127385637), (253714862, 132350496)]
13:33:56: [INFO] Adding track segment (B.Cu): [(253714862, 132350496), (256825714, 134146547)]
13:33:56: [INFO] Routing SW63 with D63
13:33:56: [INFO] Using internal autorouter method
13:33:56: [INFO] Routing pad 'SW63:2' at (192485646, 133014628) with pad 'D63:2' at (192951368, 141090339) using coordinate system rotated by 15.0 degree(s)
13:33:56: [INFO] Adding track segment (B.Cu): [(192485646, 133014628), (191155315, 137979485)]
13:33:56: [INFO] Adding track segment (B.Cu): [(191155315, 137979485), (192951368, 141090339)]
13:33:56: [INFO] Routing SW62 with D62
13:33:56: [INFO] Using internal autorouter method
13:33:56: [INFO] Routing pad 'SW62:2' at (162584205, 125002561) with pad 'D62:2' at (163049927, 133078272) using coordinate system rotated by 15.0 degree(s)
13:33:56: [INFO] Adding track segment (B.Cu): [(162584205, 125002561), (161253875, 129967419)]
13:33:56: [INFO] Adding track segment (B.Cu): [(161253875, 129967419), (163049927, 133078272)]
13:33:56: [INFO] Routing SW61 with D61
13:33:56: [INFO] Using internal autorouter method
13:33:56: [INFO] Routing pad 'SW61:2' at (126849916, 120358090) with pad 'D61:2' at (127315638, 128433801) using coordinate system rotated by 15.0 degree(s)
13:33:56: [INFO] Adding track segment (B.Cu): [(126849916, 120358090), (125519585, 125322947)]
13:33:56: [INFO] Adding track segment (B.Cu): [(125519585, 125322947), (127315638, 128433801)]
13:33:56: [INFO] Routing SW60 with D60
13:33:56: [INFO] Using internal autorouter method
13:33:56: [INFO] Routing pad 'SW60:2' at (69215000, 113982500) with pad 'D60:2' at (71755000, 121662500) using coordinate system rotated by 0 degree(s)
13:33:56: [INFO] Adding track segment (B.Cu): [(69215000, 113982500), (69215000, 119122500)]
13:33:56: [INFO] Adding track segment (B.Cu): [(69215000, 119122500), (71755000, 121662500)]
13:33:56: [INFO] Routing SW59 with D59
13:33:56: [INFO] Using internal autorouter method
13:33:56: [INFO] Routing pad 'SW59:2' at (383540000, 94932500) with pad 'D59:2' at (386080000, 102612500) using coordinate system rotated by 0 degree(s)
13:33:56: [INFO] Adding track segment (B.Cu): [(383540000, 94932500), (383540000, 100072500)]
13:33:56: [INFO] Adding track segment (B.Cu): [(383540000, 100072500), (386080000, 102612500)]
13:33:56: [INFO] Routing SW58a with D58
13:33:56: [INFO] Using internal autorouter method
13:33:56: [INFO] Routing pad 'SW58a:2' at (357346250, 94932500) with pad 'D58:2' at (369411250, 102612500) using coordinate system rotated by 0 degree(s)
13:33:56: [INFO] Routing SW58 with D58
13:33:56: [INFO] Using internal autorouter method
13:33:56: [INFO] Routing pad 'SW58:2' at (366871250, 94932500) with pad 'D58:2' at (369411250, 102612500) using coordinate system rotated by 0 degree(s)
13:33:56: [INFO] Adding track segment (B.Cu): [(366871250, 94932500), (366871250, 100072500)]
13:33:56: [INFO] Adding track segment (B.Cu): [(366871250, 100072500), (369411250, 102612500)]
13:33:56: [INFO] Routing SW57 with D57
13:33:56: [INFO] Using internal autorouter method
13:33:56: [INFO] Routing pad 'SW57:2' at (331152500, 94932500) with pad 'D57:2' at (333692500, 102612500) using coordinate system rotated by 0 degree(s)
13:33:56: [INFO] Adding track segment (B.Cu): [(331152500, 94932500), (331152500, 100072500)]
13:33:56: [INFO] Adding track segment (B.Cu): [(331152500, 100072500), (333692500, 102612500)]
13:33:56: [INFO] Routing SW56 with D56
13:33:56: [INFO] Using internal autorouter method
13:33:56: [INFO] Routing pad 'SW56:2' at (312102500, 94932500) with pad 'D56:2' at (314642500, 102612500) using coordinate system rotated by 0 degree(s)
13:33:56: [INFO] Adding track segment (B.Cu): [(312102500, 94932500), (312102500, 100072500)]
13:33:56: [INFO] Adding track segment (B.Cu): [(312102500, 100072500), (314642500, 102612500)]
13:33:56: [INFO] Routing SW55 with D55
13:33:56: [INFO] Using internal autorouter method
13:33:56: [INFO] Routing pad 'SW55:2' at (286555915, 98507432) with pad 'D55:2' at (290997096, 105268342) using coordinate system rotated by 345.0 degree(s)
13:33:56: [INFO] Adding track segment (B.Cu): [(286555915, 98507432), (287886244, 103472290)]
13:33:56: [INFO] Adding track segment (B.Cu): [(287886244, 103472290), (290997096, 105268342)]
13:33:56: [INFO] Routing SW54 with D54
13:33:56: [INFO] Using internal autorouter method
13:33:56: [INFO] Routing pad 'SW54:2' at (268155028, 103437935) with pad 'D54:2' at (272596209, 110198845) using coordinate system rotated by 345.0 degree(s)
13:33:56: [INFO] Adding track segment (B.Cu): [(268155028, 103437935), (269485357, 108402793)]
13:33:56: [INFO] Adding track segment (B.Cu): [(269485357, 108402793), (272596209, 110198845)]
13:33:56: [INFO] Routing SW53 with D53
13:33:56: [INFO] Using internal autorouter method
13:33:56: [INFO] Routing pad 'SW53:2' at (249754141, 108368437) with pad 'D53:2' at (254195322, 115129347) using coordinate system rotated by 345.0 degree(s)
13:33:56: [INFO] Adding track segment (B.Cu): [(249754141, 108368437), (251084470, 113333296)]
13:33:56: [INFO] Adding track segment (B.Cu): [(251084470, 113333296), (254195322, 115129347)]
13:33:56: [INFO] Routing SW52 with D52
13:33:56: [INFO] Using internal autorouter method
13:33:56: [INFO] Routing pad 'SW52:2' at (231353254, 113298940) with pad 'D52:2' at (235794435, 120059850) using coordinate system rotated by 345.0 degree(s)
13:33:56: [INFO] Adding track segment (B.Cu): [(231353254, 113298940), (232683583, 118263799)]
13:33:56: [INFO] Adding track segment (B.Cu): [(232683583, 118263799), (235794435, 120059850)]
13:33:56: [INFO] Routing SW51 with D51
13:33:56: [INFO] Using internal autorouter method
13:33:56: [INFO] Routing pad 'SW51:2' at (188215705, 112148490) with pad 'D51:2' at (188681427, 120224201) using coordinate system rotated by 15.0 degree(s)
13:33:56: [INFO] Adding track segment (B.Cu): [(188215705, 112148490), (186885375, 117113346)]
13:33:56: [INFO] Adding track segment (B.Cu): [(186885375, 117113346), (188681427, 120224201)]
13:33:56: [INFO] Routing SW50 with D50
13:33:56: [INFO] Using internal autorouter method
13:33:56: [INFO] Routing pad 'SW50:2' at (169814818, 107217987) with pad 'D50:2' at (170280540, 115293698) using coordinate system rotated by 15.0 degree(s)
13:33:56: [INFO] Adding track segment (B.Cu): [(169814818, 107217987), (168484488, 112182844)]
13:33:56: [INFO] Adding track segment (B.Cu): [(168484488, 112182844), (170280540, 115293698)]
13:33:56: [INFO] Routing SW49 with D49
13:33:56: [INFO] Using internal autorouter method
13:33:56: [INFO] Routing pad 'SW49:2' at (151413931, 102287484) with pad 'D49:2' at (151879653, 110363195) using coordinate system rotated by 15.0 degree(s)
13:33:56: [INFO] Adding track segment (B.Cu): [(151413931, 102287484), (150083601, 107252341)]
13:33:56: [INFO] Adding track segment (B.Cu): [(150083601, 107252341), (151879653, 110363195)]
13:33:56: [INFO] Routing SW48 with D48
13:33:56: [INFO] Using internal autorouter method
13:33:56: [INFO] Routing pad 'SW48:2' at (133013044, 97356981) with pad 'D48:2' at (133478766, 105432692) using coordinate system rotated by 15.0 degree(s)
13:33:56: [INFO] Adding track segment (B.Cu): [(133013044, 97356981), (131682714, 102321838)]
13:33:56: [INFO] Adding track segment (B.Cu): [(131682714, 102321838), (133478766, 105432692)]
13:33:56: [INFO] Routing SW47 with D47
13:33:56: [INFO] Using internal autorouter method
13:33:56: [INFO] Routing pad 'SW47:2' at (107315000, 94932500) with pad 'D47:2' at (109855000, 102612500) using coordinate system rotated by 0 degree(s)
13:33:56: [INFO] Adding track segment (B.Cu): [(107315000, 94932500), (107315000, 100072500)]
13:33:56: [INFO] Adding track segment (B.Cu): [(107315000, 100072500), (109855000, 102612500)]
13:33:56: [INFO] Routing SW46 with D46
13:33:56: [INFO] Using internal autorouter method
13:33:56: [INFO] Routing pad 'SW46:2' at (76358750, 94932500) with pad 'D46:2' at (78898750, 102612500) using coordinate system rotated by 0 degree(s)
13:33:56: [INFO] Adding track segment (B.Cu): [(76358750, 94932500), (76358750, 100072500)]
13:33:56: [INFO] Adding track segment (B.Cu): [(76358750, 100072500), (78898750, 102612500)]
13:33:56: [INFO] Routing SW45 with D45
13:33:56: [INFO] Using internal autorouter method
13:33:56: [INFO] Routing pad 'SW45:2' at (45402500, 94932500) with pad 'D45:2' at (47942500, 102612500) using coordinate system rotated by 0 degree(s)
13:33:56: [INFO] Adding track segment (B.Cu): [(45402500, 94932500), (45402500, 100072500)]
13:33:56: [INFO] Adding track segment (B.Cu): [(45402500, 100072500), (47942500, 102612500)]
13:33:56: [INFO] Routing SW44 with D44
13:33:56: [INFO] Using internal autorouter method
13:33:56: [INFO] Routing pad 'SW44:2' at (366871250, 75882500) with pad 'D44:2' at (369411250, 83562500) using coordinate system rotated by 0 degree(s)
13:33:56: [INFO] Adding track segment (B.Cu): [(366871250, 75882500), (366871250, 81022500)]
13:33:56: [INFO] Adding track segment (B.Cu): [(366871250, 81022500), (369411250, 83562500)]
13:33:56: [INFO] Routing SW43 with D43
13:33:56: [INFO] Using internal autorouter method
13:33:56: [INFO] Routing pad 'SW43:2' at (335915000, 75882500) with pad 'D43:2' at (338455000, 83562500) using coordinate system rotated by 0 degree(s)
13:33:56: [INFO] Adding track segment (B.Cu): [(335915000, 75882500), (335915000, 81022500)]
13:33:56: [INFO] Adding track segment (B.Cu): [(335915000, 81022500), (338455000, 83562500)]
13:33:56: [INFO] Routing SW42 with D42
13:33:56: [INFO] Using internal autorouter method
13:33:56: [INFO] Routing pad 'SW42:2' at (316865000, 75882500) with pad 'D42:2' at (319405000, 83562500) using coordinate system rotated by 0 degree(s)
13:33:56: [INFO] Adding track segment (B.Cu): [(316865000, 75882500), (316865000, 81022500)]
13:33:57: [INFO] Adding track segment (B.Cu): [(316865000, 81022500), (319405000, 83562500)]
13:33:57: [INFO] Routing SW41 with D41
13:33:57: [INFO] Using internal autorouter method
13:33:57: [INFO] Routing pad 'SW41:2' at (290825856, 77641293) with pad 'D41:2' at (295267037, 84402203) using coordinate system rotated by 345.0 degree(s)
13:33:57: [INFO] Adding track segment (B.Cu): [(290825856, 77641293), (292156184, 82606151)]
13:33:57: [INFO] Adding track segment (B.Cu): [(292156184, 82606151), (295267037, 84402203)]
13:33:57: [INFO] Routing SW40 with D40
13:33:57: [INFO] Using internal autorouter method
13:33:57: [INFO] Routing pad 'SW40:2' at (272424969, 82571796) with pad 'D40:2' at (276866150, 89332706) using coordinate system rotated by 345.0 degree(s)
13:33:57: [INFO] Adding track segment (B.Cu): [(272424969, 82571796), (273755297, 87536654)]
13:33:57: [INFO] Adding track segment (B.Cu): [(273755297, 87536654), (276866150, 89332706)]
13:33:57: [INFO] Routing SW39 with D39
13:33:57: [INFO] Using internal autorouter method
13:33:57: [INFO] Routing pad 'SW39:2' at (254024082, 87502299) with pad 'D39:2' at (258465263, 94263209) using coordinate system rotated by 345.0 degree(s)
13:33:57: [INFO] Adding track segment (B.Cu): [(254024082, 87502299), (255354411, 92467158)]
13:33:57: [INFO] Adding track segment (B.Cu): [(255354411, 92467158), (258465263, 94263209)]
13:33:57: [INFO] Routing SW38 with D38
13:33:57: [INFO] Using internal autorouter method
13:33:57: [INFO] Routing pad 'SW38:2' at (235623195, 92432802) with pad 'D38:2' at (240064376, 99193712) using coordinate system rotated by 345.0 degree(s)
13:33:57: [INFO] Adding track segment (B.Cu): [(235623195, 92432802), (236953524, 97397660)]
13:33:57: [INFO] Adding track segment (B.Cu): [(236953524, 97397660), (240064376, 99193712)]
13:33:57: [INFO] Routing SW37 with D37
13:33:57: [INFO] Using internal autorouter method
13:33:57: [INFO] Routing pad 'SW37:2' at (179345543, 90049726) with pad 'D37:2' at (179811265, 98125437) using coordinate system rotated by 15.0 degree(s)
13:33:57: [INFO] Adding track segment (B.Cu): [(179345543, 90049726), (178015212, 95014582)]
13:33:57: [INFO] Adding track segment (B.Cu): [(178015212, 95014582), (179811265, 98125437)]
13:33:57: [INFO] Routing SW36 with D36
13:33:57: [INFO] Using internal autorouter method
13:33:57: [INFO] Routing pad 'SW36:2' at (160944656, 85119223) with pad 'D36:2' at (161410378, 93194934) using coordinate system rotated by 15.0 degree(s)
13:33:57: [INFO] Adding track segment (B.Cu): [(160944656, 85119223), (159614325, 90084079)]
13:33:57: [INFO] Adding track segment (B.Cu): [(159614325, 90084079), (161410378, 93194934)]
13:33:57: [INFO] Routing SW35 with D35
13:33:57: [INFO] Using internal autorouter method
13:33:57: [INFO] Routing pad 'SW35:2' at (142543769, 80188720) with pad 'D35:2' at (143009491, 88264431) using coordinate system rotated by 15.0 degree(s)
13:33:57: [INFO] Adding track segment (B.Cu): [(142543769, 80188720), (141213438, 85153577)]
13:33:57: [INFO] Adding track segment (B.Cu): [(141213438, 85153577), (143009491, 88264431)]
13:33:57: [INFO] Routing SW34 with D34
13:33:57: [INFO] Using internal autorouter method
13:33:57: [INFO] Routing pad 'SW34:2' at (124142882, 75258217) with pad 'D34:2' at (124608604, 83333928) using coordinate system rotated by 15.0 degree(s)
13:33:57: [INFO] Adding track segment (B.Cu): [(124142882, 75258217), (122812551, 80223074)]
13:33:57: [INFO] Adding track segment (B.Cu): [(122812551, 80223074), (124608604, 83333928)]
13:33:57: [INFO] Routing SW33 with D33
13:33:57: [INFO] Using internal autorouter method
13:33:57: [INFO] Routing pad 'SW33:2' at (102552500, 75882500) with pad 'D33:2' at (105092500, 83562500) using coordinate system rotated by 0 degree(s)
13:33:57: [INFO] Adding track segment (B.Cu): [(102552500, 75882500), (102552500, 81022500)]
13:33:57: [INFO] Adding track segment (B.Cu): [(102552500, 81022500), (105092500, 83562500)]
13:33:57: [INFO] Routing SW32 with D32
13:33:57: [INFO] Using internal autorouter method
13:33:57: [INFO] Routing pad 'SW32:2' at (76358750, 75882500) with pad 'D32:2' at (78898750, 83562500) using coordinate system rotated by 0 degree(s)
13:33:57: [INFO] Adding track segment (B.Cu): [(76358750, 75882500), (76358750, 81022500)]
13:33:57: [INFO] Adding track segment (B.Cu): [(76358750, 81022500), (78898750, 83562500)]
13:33:57: [INFO] Routing SW31 with D31
13:33:57: [INFO] Using internal autorouter method
13:33:57: [INFO] Routing pad 'SW31:2' at (45402500, 75882500) with pad 'D31:2' at (47942500, 83562500) using coordinate system rotated by 0 degree(s)
13:33:57: [INFO] Adding track segment (B.Cu): [(45402500, 75882500), (45402500, 81022500)]
13:33:57: [INFO] Adding track segment (B.Cu): [(45402500, 81022500), (47942500, 83562500)]
13:33:57: [INFO] Routing SW30 with D30
13:33:57: [INFO] Using internal autorouter method
13:33:57: [INFO] Routing pad 'SW30:2' at (369252500, 56832500) with pad 'D30:2' at (371792500, 64512500) using coordinate system rotated by 0 degree(s)
13:33:57: [INFO] Adding track segment (B.Cu): [(369252500, 56832500), (369252500, 61972500)]
13:33:57: [INFO] Adding track segment (B.Cu): [(369252500, 61972500), (371792500, 64512500)]
13:33:57: [INFO] Routing SW29 with D29
13:33:57: [INFO] Using internal autorouter method
13:33:57: [INFO] Routing pad 'SW29:2' at (345440000, 56832500) with pad 'D29:2' at (347980000, 64512500) using coordinate system rotated by 0 degree(s)
13:33:57: [INFO] Adding track segment (B.Cu): [(345440000, 56832500), (345440000, 61972500)]
13:33:57: [INFO] Adding track segment (B.Cu): [(345440000, 61972500), (347980000, 64512500)]
13:33:57: [INFO] Routing SW28 with D28
13:33:57: [INFO] Using internal autorouter method
13:33:57: [INFO] Routing pad 'SW28:2' at (326390000, 56832500) with pad 'D28:2' at (328930000, 64512500) using coordinate system rotated by 0 degree(s)
13:33:57: [INFO] Adding track segment (B.Cu): [(326390000, 56832500), (326390000, 61972500)]
13:33:57: [INFO] Adding track segment (B.Cu): [(326390000, 61972500), (328930000, 64512500)]
13:33:57: [INFO] Routing SW27 with D27
13:33:57: [INFO] Using internal autorouter method
13:33:57: [INFO] Routing pad 'SW27:2' at (307340000, 56832500) with pad 'D27:2' at (309880000, 64512500) using coordinate system rotated by 0 degree(s)
13:33:57: [INFO] Adding track segment (B.Cu): [(307340000, 56832500), (307340000, 61972500)]
13:33:57: [INFO] Adding track segment (B.Cu): [(307340000, 61972500), (309880000, 64512500)]
13:33:57: [INFO] Routing SW26 with D26
13:33:57: [INFO] Using internal autorouter method
13:33:57: [INFO] Routing pad 'SW26:2' at (281295131, 60473032) with pad 'D26:2' at (285736312, 67233942) using coordinate system rotated by 345.0 degree(s)
13:33:57: [INFO] Adding track segment (B.Cu): [(281295131, 60473032), (282625460, 65437891)]
13:33:57: [INFO] Adding track segment (B.Cu): [(282625460, 65437891), (285736312, 67233942)]
13:33:57: [INFO] Routing SW25 with D25
13:33:57: [INFO] Using internal autorouter method
13:33:57: [INFO] Routing pad 'SW25:2' at (262894244, 65403535) with pad 'D25:2' at (267335425, 72164445) using coordinate system rotated by 345.0 degree(s)
13:33:57: [INFO] Adding track segment (B.Cu): [(262894244, 65403535), (264224573, 70368394)]
13:33:57: [INFO] Adding track segment (B.Cu): [(264224573, 70368394), (267335425, 72164445)]
13:33:57: [INFO] Routing SW24 with D24
13:33:57: [INFO] Using internal autorouter method
13:33:57: [INFO] Routing pad 'SW24:2' at (244493357, 70334038) with pad 'D24:2' at (248934538, 77094948) using coordinate system rotated by 345.0 degree(s)
13:33:57: [INFO] Adding track segment (B.Cu): [(244493357, 70334038), (245823686, 75298896)]
13:33:57: [INFO] Adding track segment (B.Cu): [(245823686, 75298896), (248934538, 77094948)]
13:33:57: [INFO] Routing SW23 with D23
13:33:57: [INFO] Using internal autorouter method
13:33:57: [INFO] Routing pad 'SW23:2' at (226092470, 75264541) with pad 'D23:2' at (230533651, 82025451) using coordinate system rotated by 345.0 degree(s)
13:33:57: [INFO] Adding track segment (B.Cu): [(226092470, 75264541), (227422799, 80229399)]
13:33:57: [INFO] Adding track segment (B.Cu): [(227422799, 80229399), (230533651, 82025451)]
13:33:57: [INFO] Routing SW22 with D22
13:33:57: [INFO] Using internal autorouter method
13:33:57: [INFO] Routing pad 'SW22:2' at (179675824, 70416213) with pad 'D22:2' at (180141546, 78491924) using coordinate system rotated by 15.0 degree(s)
13:33:57: [INFO] Adding track segment (B.Cu): [(179675824, 70416213), (178345493, 75381070)]
13:33:57: [INFO] Adding track segment (B.Cu): [(178345493, 75381070), (180141546, 78491924)]
13:33:57: [INFO] Routing SW21 with D21
13:33:57: [INFO] Using internal autorouter method
13:33:57: [INFO] Routing pad 'SW21:2' at (161274937, 65485710) with pad 'D21:2' at (161740659, 73561421) using coordinate system rotated by 15.0 degree(s)
13:33:57: [INFO] Adding track segment (B.Cu): [(161274937, 65485710), (159944606, 70450567)]
13:33:57: [INFO] Adding track segment (B.Cu): [(159944606, 70450567), (161740659, 73561421)]
13:33:57: [INFO] Routing SW20 with D20
13:33:57: [INFO] Using internal autorouter method
13:33:57: [INFO] Routing pad 'SW20:2' at (142874050, 60555207) with pad 'D20:2' at (143339772, 68630918) using coordinate system rotated by 15.0 degree(s)
13:33:57: [INFO] Adding track segment (B.Cu): [(142874050, 60555207), (141543719, 65520064)]
13:33:57: [INFO] Adding track segment (B.Cu): [(141543719, 65520064), (143339772, 68630918)]
13:33:57: [INFO] Routing SW19 with D19
13:33:57: [INFO] Using internal autorouter method
13:33:57: [INFO] Routing pad 'SW19:2' at (124473163, 55624705) with pad 'D19:2' at (124938885, 63700416) using coordinate system rotated by 15.0 degree(s)
13:33:57: [INFO] Adding track segment (B.Cu): [(124473163, 55624705), (123142832, 60589562)]
13:33:57: [INFO] Adding track segment (B.Cu): [(123142832, 60589562), (124938885, 63700416)]
13:33:57: [INFO] Routing SW18 with D18
13:33:57: [INFO] Using internal autorouter method
13:33:57: [INFO] Routing pad 'SW18:2' at (102552500, 56832500) with pad 'D18:2' at (105092500, 64512500) using coordinate system rotated by 0 degree(s)
13:33:57: [INFO] Adding track segment (B.Cu): [(102552500, 56832500), (102552500, 61972500)]
13:33:57: [INFO] Adding track segment (B.Cu): [(102552500, 61972500), (105092500, 64512500)]
13:33:57: [INFO] Routing SW17 with D17
13:33:57: [INFO] Using internal autorouter method
13:33:57: [INFO] Routing pad 'SW17:2' at (78740000, 56832500) with pad 'D17:2' at (81280000, 64512500) using coordinate system rotated by 0 degree(s)
13:33:57: [INFO] Adding track segment (B.Cu): [(78740000, 56832500), (78740000, 61972500)]
13:33:57: [INFO] Adding track segment (B.Cu): [(78740000, 61972500), (81280000, 64512500)]
13:33:57: [INFO] Routing SW16 with D16
13:33:57: [INFO] Using internal autorouter method
13:33:57: [INFO] Routing pad 'SW16:2' at (45402500, 56832500) with pad 'D16:2' at (47942500, 64512500) using coordinate system rotated by 0 degree(s)
13:33:57: [INFO] Adding track segment (B.Cu): [(45402500, 56832500), (45402500, 61972500)]
13:33:57: [INFO] Adding track segment (B.Cu): [(45402500, 61972500), (47942500, 64512500)]
13:33:57: [INFO] Routing SW15a with D15
13:33:57: [INFO] Using internal autorouter method
13:33:57: [INFO] Routing pad 'SW15a:2' at (369252500, 37782500) with pad 'D15:2' at (362267500, 45462500) using coordinate system rotated by 0 degree(s)
13:33:57: [INFO] Routing SW15 with D15
13:33:57: [INFO] Using internal autorouter method
13:33:57: [INFO] Routing pad 'SW15:2' at (359727500, 37782500) with pad 'D15:2' at (362267500, 45462500) using coordinate system rotated by 0 degree(s)
13:33:57: [INFO] Adding track segment (B.Cu): [(359727500, 37782500), (359727500, 42922500)]
13:33:57: [INFO] Adding track segment (B.Cu): [(359727500, 42922500), (362267500, 45462500)]
13:33:57: [INFO] Routing SW14 with D14
13:33:57: [INFO] Using internal autorouter method
13:33:57: [INFO] Routing pad 'SW14:2' at (350202500, 37782500) with pad 'D14:2' at (352742500, 45462500) using coordinate system rotated by 0 degree(s)
13:33:57: [INFO] Adding track segment (B.Cu): [(350202500, 37782500), (350202500, 42922500)]
13:33:57: [INFO] Adding track segment (B.Cu): [(350202500, 42922500), (352742500, 45462500)]
13:33:57: [INFO] Routing SW13 with D13
13:33:57: [INFO] Using internal autorouter method
13:33:57: [INFO] Routing pad 'SW13:2' at (331152500, 37782500) with pad 'D13:2' at (333692500, 45462500) using coordinate system rotated by 0 degree(s)
13:33:57: [INFO] Adding track segment (B.Cu): [(331152500, 37782500), (331152500, 42922500)]
13:33:57: [INFO] Adding track segment (B.Cu): [(331152500, 42922500), (333692500, 45462500)]
13:33:57: [INFO] Routing SW12 with D12
13:33:57: [INFO] Using internal autorouter method
13:33:57: [INFO] Routing pad 'SW12:2' at (312102500, 33020000) with pad 'D12:2' at (314642500, 40700000) using coordinate system rotated by 0 degree(s)
13:33:57: [INFO] Adding track segment (B.Cu): [(312102500, 33020000), (312102500, 38160000)]
13:33:57: [INFO] Adding track segment (B.Cu): [(312102500, 38160000), (314642500, 40700000)]
13:33:57: [INFO] Routing SW11 with D11
13:33:57: [INFO] Using internal autorouter method
13:33:57: [INFO] Routing pad 'SW11:2' at (285565072, 39606894) with pad 'D11:2' at (290006253, 46367804) using coordinate system rotated by 345.0 degree(s)
13:33:57: [INFO] Adding track segment (B.Cu): [(285565072, 39606894), (286895401, 44571752)]
13:33:57: [INFO] Adding track segment (B.Cu): [(286895401, 44571752), (290006253, 46367804)]
13:33:57: [INFO] Routing SW10 with D10
13:33:57: [INFO] Using internal autorouter method
13:33:57: [INFO] Routing pad 'SW10:2' at (267164185, 44537397) with pad 'D10:2' at (271605366, 51298307) using coordinate system rotated by 345.0 degree(s)
13:33:57: [INFO] Adding track segment (B.Cu): [(267164185, 44537397), (268494514, 49502256)]
13:33:57: [INFO] Adding track segment (B.Cu): [(268494514, 49502256), (271605366, 51298307)]
13:33:57: [INFO] Routing SW9 with D9
13:33:57: [INFO] Using internal autorouter method
13:33:57: [INFO] Routing pad 'SW9:2' at (248763298, 49467899) with pad 'D9:2' at (253204479, 56228809) using coordinate system rotated by 345.0 degree(s)
13:33:57: [INFO] Adding track segment (B.Cu): [(248763298, 49467899), (250093627, 54432758)]
13:33:57: [INFO] Adding track segment (B.Cu): [(250093627, 54432758), (253204479, 56228809)]
13:33:57: [INFO] Routing SW8 with D8
13:33:57: [INFO] Using internal autorouter method
13:33:57: [INFO] Routing pad 'SW8:2' at (230362411, 54398402) with pad 'D8:2' at (234803592, 61159312) using coordinate system rotated by 345.0 degree(s)
13:33:57: [INFO] Adding track segment (B.Cu): [(230362411, 54398402), (231692740, 59363261)]
13:33:57: [INFO] Adding track segment (B.Cu): [(231692740, 59363261), (234803592, 61159312)]
13:33:57: [INFO] Routing SW7 with D7
13:33:57: [INFO] Using internal autorouter method
13:33:57: [INFO] Routing pad 'SW7:2' at (193806770, 54480577) with pad 'D7:2' at (194272492, 62556288) using coordinate system rotated by 15.0 degree(s)
13:33:57: [INFO] Adding track segment (B.Cu): [(193806770, 54480577), (192476440, 59445434)]
13:33:57: [INFO] Adding track segment (B.Cu): [(192476440, 59445434), (194272492, 62556288)]
13:33:57: [INFO] Routing SW6 with D6
13:33:57: [INFO] Using internal autorouter method
13:33:57: [INFO] Routing pad 'SW6:2' at (175405883, 49550075) with pad 'D6:2' at (175871605, 57625786) using coordinate system rotated by 15.0 degree(s)
13:33:57: [INFO] Adding track segment (B.Cu): [(175405883, 49550075), (174075552, 54514932)]
13:33:57: [INFO] Adding track segment (B.Cu): [(174075552, 54514932), (175871605, 57625786)]
13:33:57: [INFO] Routing SW5 with D5
13:33:57: [INFO] Using internal autorouter method
13:33:57: [INFO] Routing pad 'SW5:2' at (157004996, 44619572) with pad 'D5:2' at (157470718, 52695283) using coordinate system rotated by 15.0 degree(s)
13:33:57: [INFO] Adding track segment (B.Cu): [(157004996, 44619572), (155674666, 49584428)]
13:33:57: [INFO] Adding track segment (B.Cu): [(155674666, 49584428), (157470718, 52695283)]
13:33:57: [INFO] Routing SW4 with D4
13:33:57: [INFO] Using internal autorouter method
13:33:57: [INFO] Routing pad 'SW4:2' at (138604109, 39689069) with pad 'D4:2' at (139069831, 47764780) using coordinate system rotated by 15.0 degree(s)
13:33:57: [INFO] Adding track segment (B.Cu): [(138604109, 39689069), (137273779, 44653926)]
13:33:57: [INFO] Adding track segment (B.Cu): [(137273779, 44653926), (139069831, 47764780)]
13:33:57: [INFO] Routing SW3 with D3
13:33:57: [INFO] Using internal autorouter method
13:33:57: [INFO] Routing pad 'SW3:2' at (116840000, 33020000) with pad 'D3:2' at (119380000, 40700000) using coordinate system rotated by 0 degree(s)
13:33:57: [INFO] Adding track segment (B.Cu): [(116840000, 33020000), (116840000, 38160000)]
13:33:57: [INFO] Adding track segment (B.Cu): [(116840000, 38160000), (119380000, 40700000)]
13:33:57: [INFO] Routing SW2 with D2
13:33:57: [INFO] Using internal autorouter method
13:33:57: [INFO] Routing pad 'SW2:2' at (97790000, 37782500) with pad 'D2:2' at (100330000, 45462500) using coordinate system rotated by 0 degree(s)
13:33:57: [INFO] Adding track segment (B.Cu): [(97790000, 37782500), (97790000, 42922500)]
13:33:57: [INFO] Adding track segment (B.Cu): [(97790000, 42922500), (100330000, 45462500)]
13:33:57: [INFO] Routing SW1 with D1
13:33:57: [INFO] Using internal autorouter method
13:33:57: [INFO] Routing pad 'SW1:2' at (78740000, 37782500) with pad 'D1:2' at (81280000, 45462500) using coordinate system rotated by 0 degree(s)
13:33:57: [INFO] Adding track segment (B.Cu): [(78740000, 37782500), (78740000, 42922500)]
13:33:57: [INFO] Adding track segment (B.Cu): [(78740000, 42922500), (81280000, 45462500)]
13:33:57: [INFO] Routing ROW1 pads
13:33:57: [INFO] Routing pad 'D16:1' at (47942500, 67312500) with pad 'D17:1' at (81280000, 67312500) using coordinate system rotated by 0 degree(s)
13:33:57: [INFO] Adding track segment (B.Cu): [(47942500, 67312500), (81280000, 67312500)]
13:33:57: [INFO] Routing pad 'D17:1' at (81280000, 67312500) with pad 'D18:1' at (105092500, 67312500) using coordinate system rotated by 0 degree(s)
13:33:57: [INFO] Adding track segment (B.Cu): [(81280000, 67312500), (105092500, 67312500)]
13:33:57: [WARNING] Could not route pads when parent footprints not rotated the same, footprint1: D18 at 90.0 degree(s) and footprint2: D19 at 75.0 degree(s)
13:33:57: [INFO] Routing pad 'D19:1' at (124214191, 66405008) with pad 'D20:1' at (142615078, 71335510) using coordinate system rotated by 285.0 degree(s)
13:33:57: [INFO] Adding track segment (B.Cu): [(124214191, 66405008), (142615077, 71335509)]
13:33:57: [INFO] Adding track segment (B.Cu): [(142615077, 71335509), (142615078, 71335510)]
13:33:57: [INFO] Routing pad 'D20:1' at (142615078, 71335510) with pad 'D21:1' at (161015965, 76266013) using coordinate system rotated by 285.0 degree(s)
13:33:57: [INFO] Adding track segment (B.Cu): [(142615078, 71335510), (161015964, 76266012)]
13:33:57: [INFO] Adding track segment (B.Cu): [(161015964, 76266012), (161015965, 76266013)]
13:33:57: [INFO] Routing pad 'D21:1' at (161015965, 76266013) with pad 'D22:1' at (179416852, 81196516) using coordinate system rotated by 285.0 degree(s)
13:33:57: [INFO] Adding track segment (B.Cu): [(161015965, 76266013), (179416851, 81196515)]
13:33:57: [INFO] Adding track segment (B.Cu): [(179416851, 81196515), (179416852, 81196516)]
13:33:57: [WARNING] Could not route pads when parent footprints not rotated the same, footprint1: D22 at 75.0 degree(s) and footprint2: D23 at 105.0 degree(s)
13:33:57: [INFO] Routing pad 'D23:1' at (231258345, 84730043) with pad 'D24:1' at (249659232, 79799540) using coordinate system rotated by 255.0 degree(s)
13:33:57: [INFO] Adding track segment (B.Cu): [(231258345, 84730043), (249659231, 79799539)]
13:33:57: [INFO] Adding track segment (B.Cu): [(249659231, 79799539), (249659232, 79799540)]
13:33:57: [INFO] Routing pad 'D24:1' at (249659232, 79799540) with pad 'D25:1' at (268060119, 74869037) using coordinate system rotated by 255.0 degree(s)
13:33:57: [INFO] Adding track segment (B.Cu): [(249659232, 79799540), (268060118, 74869036)]
13:33:57: [INFO] Adding track segment (B.Cu): [(268060118, 74869036), (268060119, 74869037)]
13:33:57: [INFO] Routing pad 'D25:1' at (268060119, 74869037) with pad 'D26:1' at (286461006, 69938534) using coordinate system rotated by 255.0 degree(s)
13:33:57: [INFO] Adding track segment (B.Cu): [(268060119, 74869037), (286461005, 69938533)]
13:33:57: [INFO] Adding track segment (B.Cu): [(286461005, 69938533), (286461006, 69938534)]
13:33:57: [WARNING] Could not route pads when parent footprints not rotated the same, footprint1: D26 at 105.0 degree(s) and footprint2: D27 at 90.0 degree(s)
13:33:57: [INFO] Routing pad 'D27:1' at (309880000, 67312500) with pad 'D28:1' at (328930000, 67312500) using coordinate system rotated by 0 degree(s)
13:33:57: [INFO] Adding track segment (B.Cu): [(309880000, 67312500), (328930000, 67312500)]
13:33:57: [INFO] Routing pad 'D28:1' at (328930000, 67312500) with pad 'D29:1' at (347980000, 67312500) using coordinate system rotated by 0 degree(s)
13:33:57: [INFO] Adding track segment (B.Cu): [(328930000, 67312500), (347980000, 67312500)]
13:33:57: [INFO] Routing pad 'D29:1' at (347980000, 67312500) with pad 'D30:1' at (371792500, 67312500) using coordinate system rotated by 0 degree(s)
13:33:57: [INFO] Adding track segment (B.Cu): [(347980000, 67312500), (371792500, 67312500)]
13:33:57: [INFO] Routing COL11 pads
13:33:57: [INFO] Routing pad 'SW27:1' at (300990000, 59372500) with pad 'SW12:1' at (305752500, 35560000) using coordinate system rotated by 0 degree(s)
13:33:57: [INFO] Adding track segment (F.Cu): [(300990000, 59372500), (305752500, 54610000)]
13:33:57: [INFO] Adding track segment (F.Cu): [(305752500, 54610000), (305752500, 35560000)]
13:33:57: [INFO] Routing pad 'SW42:1' at (310515000, 78422500) with pad 'SW56:1' at (305752500, 97472500) using coordinate system rotated by 0 degree(s)
13:33:57: [INFO] Adding track segment (F.Cu): [(310515000, 78422500), (310515000, 92710000)]
13:33:57: [INFO] Adding track segment (F.Cu): [(310515000, 92710000), (305752500, 97472500)]
13:33:57: [INFO] Routing pad 'SW27:1' at (300990000, 59372500) with pad 'SW42:1' at (310515000, 78422500) using coordinate system rotated by 0 degree(s)
13:33:57: [INFO] Adding track segment (F.Cu): [(300990000, 59372500), (300990000, 68897500)]
13:33:57: [INFO] Adding track segment (F.Cu): [(300990000, 68897500), (310515000, 78422500)]
13:33:57: [INFO] Routing COL10 pads
13:33:57: [INFO] Routing pad 'SW26:1' at (275818902, 64569985) with pad 'SW11:1' at (280088843, 43703847) using coordinate system rotated by 345.0 degree(s)
13:33:57: [INFO] Adding track segment (F.Cu): [(275818902, 64569985), (282554093, 52904288)]
13:33:57: [INFO] Adding track segment (F.Cu): [(282554093, 52904288), (280088843, 43703847)]
13:33:57: [INFO] Routing pad 'SW41:1' at (285349627, 81738246) with pad 'SW55:1' at (281079686, 102604385) using coordinate system rotated by 345.0 degree(s)
13:33:57: [INFO] Adding track segment (F.Cu): [(285349627, 81738246), (287814878, 90938689)]
13:33:57: [INFO] Adding track segment (F.Cu): [(287814878, 90938689), (281079686, 102604385)]
13:33:57: [INFO] Routing pad 'SW26:1' at (275818902, 64569985) with pad 'SW41:1' at (285349627, 81738246) using coordinate system rotated by 345.0 degree(s)
13:33:57: [INFO] Adding track segment (F.Cu): [(275818902, 64569985), (279516777, 78370648)]
13:33:57: [INFO] Adding track segment (F.Cu): [(279516777, 78370648), (285349627, 81738246)]
13:33:57: [INFO] Routing pad 'SW55:1' at (281079686, 102604385) with pad 'SW65:1' at (286010189, 121005272) using coordinate system rotated by 345.0 degree(s)
13:33:57: [INFO] Adding track segment (F.Cu): [(281079686, 102604385), (286010188, 121005271)]
13:33:57: [INFO] Adding track segment (F.Cu): [(286010188, 121005271), (286010189, 121005272)]
13:33:57: [INFO] Routing COL13 pads
13:33:57: [INFO] Routing pad 'SW29:1' at (339090000, 59372500) with pad 'SW14:1' at (343852500, 40322500) using coordinate system rotated by 0 degree(s)
13:33:57: [INFO] Routing pad 'SW29:1' at (339090000, 59372500) with pad 'SW58a:1' at (350996250, 97472500) using coordinate system rotated by 0 degree(s)
13:33:57: [INFO] Routing pad 'SW58a:1' at (350996250, 97472500) with pad 'SW58:1' at (360521250, 97472500) using coordinate system rotated by 0 degree(s)
13:33:57: [INFO] Adding track segment (F.Cu): [(350996250, 97472500), (360521250, 97472500)]
13:33:57: [INFO] Routing COL12 pads
13:33:57: [INFO] Routing pad 'SW28:1' at (320040000, 59372500) with pad 'SW13:1' at (324802500, 40322500) using coordinate system rotated by 0 degree(s)
13:33:58: [INFO] Adding track segment (F.Cu): [(320040000, 59372500), (324802500, 54610000)]
13:33:58: [INFO] Adding track segment (F.Cu): [(324802500, 54610000), (324802500, 40322500)]
13:33:58: [INFO] Routing pad 'SW43:1' at (329565000, 78422500) with pad 'SW57:1' at (324802500, 97472500) using coordinate system rotated by 0 degree(s)
13:33:58: [INFO] Adding track segment (F.Cu): [(329565000, 78422500), (329565000, 92710000)]
13:33:58: [INFO] Adding track segment (F.Cu): [(329565000, 92710000), (324802500, 97472500)]
13:33:58: [INFO] Routing pad 'SW28:1' at (320040000, 59372500) with pad 'SW43:1' at (329565000, 78422500) using coordinate system rotated by 0 degree(s)
13:33:58: [INFO] Adding track segment (F.Cu): [(320040000, 59372500), (320040000, 68897500)]
13:33:58: [INFO] Adding track segment (F.Cu): [(320040000, 68897500), (329565000, 78422500)]
13:33:58: [INFO] Routing ROW3 pads
13:33:58: [INFO] Routing pad 'D45:1' at (47942500, 105412500) with pad 'D46:1' at (78898750, 105412500) using coordinate system rotated by 0 degree(s)
13:33:58: [INFO] Adding track segment (B.Cu): [(47942500, 105412500), (78898750, 105412500)]
13:33:58: [INFO] Routing pad 'D46:1' at (78898750, 105412500) with pad 'D47:1' at (109855000, 105412500) using coordinate system rotated by 0 degree(s)
13:33:58: [INFO] Adding track segment (B.Cu): [(78898750, 105412500), (109855000, 105412500)]
13:33:58: [WARNING] Could not route pads when parent footprints not rotated the same, footprint1: D47 at 90.0 degree(s) and footprint2: D48 at 75.0 degree(s)
13:33:58: [INFO] Routing pad 'D48:1' at (132754072, 108137284) with pad 'D49:1' at (151154959, 113067787) using coordinate system rotated by 285.0 degree(s)
13:33:58: [INFO] Adding track segment (B.Cu): [(132754072, 108137284), (151154958, 113067786)]
13:33:58: [INFO] Adding track segment (B.Cu): [(151154958, 113067786), (151154959, 113067787)]
13:33:58: [INFO] Routing pad 'D49:1' at (151154959, 113067787) with pad 'D50:1' at (169555846, 117998290) using coordinate system rotated by 285.0 degree(s)
13:33:58: [INFO] Adding track segment (B.Cu): [(151154959, 113067787), (169555845, 117998289)]
13:33:58: [INFO] Adding track segment (B.Cu): [(169555845, 117998289), (169555846, 117998290)]
13:33:58: [INFO] Routing pad 'D50:1' at (169555846, 117998290) with pad 'D51:1' at (187956733, 122928793) using coordinate system rotated by 285.0 degree(s)
13:33:58: [INFO] Adding track segment (B.Cu): [(169555846, 117998290), (187956732, 122928792)]
13:33:58: [INFO] Adding track segment (B.Cu): [(187956732, 122928792), (187956733, 122928793)]
13:33:58: [WARNING] Could not route pads when parent footprints not rotated the same, footprint1: D51 at 75.0 degree(s) and footprint2: D52 at 105.0 degree(s)
13:33:58: [INFO] Routing pad 'D52:1' at (236519129, 122764442) with pad 'D53:1' at (254920016, 117833939) using coordinate system rotated by 255.0 degree(s)
13:33:58: [INFO] Adding track segment (B.Cu): [(236519129, 122764442), (254920015, 117833939)]
13:33:58: [INFO] Adding track segment (B.Cu): [(254920015, 117833939), (254920016, 117833939)]
13:33:58: [INFO] Routing pad 'D53:1' at (254920016, 117833939) with pad 'D54:1' at (273320903, 112903437) using coordinate system rotated by 255.0 degree(s)
13:33:58: [INFO] Adding track segment (B.Cu): [(254920016, 117833939), (273320902, 112903436)]
13:33:58: [INFO] Adding track segment (B.Cu): [(273320902, 112903436), (273320903, 112903437)]
13:33:58: [INFO] Routing pad 'D54:1' at (273320903, 112903437) with pad 'D55:1' at (291721790, 107972934) using coordinate system rotated by 255.0 degree(s)
13:33:58: [INFO] Adding track segment (B.Cu): [(273320903, 112903437), (291721789, 107972933)]
13:33:58: [INFO] Adding track segment (B.Cu): [(291721789, 107972933), (291721790, 107972934)]
13:33:58: [WARNING] Could not route pads when parent footprints not rotated the same, footprint1: D55 at 105.0 degree(s) and footprint2: D56 at 90.0 degree(s)
13:33:58: [INFO] Routing pad 'D56:1' at (314642500, 105412500) with pad 'D57:1' at (333692500, 105412500) using coordinate system rotated by 0 degree(s)
13:33:58: [INFO] Adding track segment (B.Cu): [(314642500, 105412500), (333692500, 105412500)]
13:33:58: [INFO] Routing pad 'D57:1' at (333692500, 105412500) with pad 'D58:1' at (369411250, 105412500) using coordinate system rotated by 0 degree(s)
13:33:58: [INFO] Adding track segment (B.Cu): [(333692500, 105412500), (369411250, 105412500)]
13:33:58: [INFO] Routing pad 'D58:1' at (369411250, 105412500) with pad 'D59:1' at (386080000, 105412500) using coordinate system rotated by 0 degree(s)
13:33:58: [INFO] Adding track segment (B.Cu): [(369411250, 105412500), (386080000, 105412500)]
13:33:58: [INFO] Routing COL9 pads
13:33:58: [INFO] Routing pad 'SW25:1' at (257418015, 69500488) with pad 'SW10:1' at (261687956, 48634350) using coordinate system rotated by 345.0 degree(s)
13:33:58: [INFO] Adding track segment (F.Cu): [(257418015, 69500488), (264153206, 57834791)]
13:33:58: [INFO] Adding track segment (F.Cu): [(264153206, 57834791), (261687956, 48634350)]
13:33:58: [INFO] Routing pad 'SW40:1' at (266948740, 86668749) with pad 'SW54:1' at (262678799, 107534888) using coordinate system rotated by 345.0 degree(s)
13:33:58: [INFO] Adding track segment (F.Cu): [(266948740, 86668749), (269413990, 95869191)]
13:33:58: [INFO] Adding track segment (F.Cu): [(269413990, 95869191), (262678799, 107534888)]
13:33:58: [INFO] Routing pad 'SW25:1' at (257418015, 69500488) with pad 'SW40:1' at (266948740, 86668749) using coordinate system rotated by 345.0 degree(s)
13:33:58: [INFO] Adding track segment (F.Cu): [(257418015, 69500488), (261115890, 83301151)]
13:33:58: [INFO] Adding track segment (F.Cu): [(261115890, 83301151), (266948740, 86668749)]
13:33:58: [INFO] Routing ROW0 pads
13:33:58: [INFO] Routing pad 'D1:1' at (81280000, 48262500) with pad 'D2:1' at (100330000, 48262500) using coordinate system rotated by 0 degree(s)
13:33:58: [INFO] Adding track segment (B.Cu): [(81280000, 48262500), (100330000, 48262500)]
13:33:58: [INFO] Routing pad 'D2:1' at (100330000, 48262500) with pad 'D3:1' at (119380000, 43500000) using coordinate system rotated by 0 degree(s)
13:33:58: [INFO] Adding track segment (B.Cu): [(100330000, 48262500), (114617500, 48262500)]
13:33:58: [INFO] Adding track segment (B.Cu): [(114617500, 48262500), (119380000, 43500000)]
13:33:58: [WARNING] Could not route pads when parent footprints not rotated the same, footprint1: D3 at 90.0 degree(s) and footprint2: D4 at 75.0 degree(s)
13:33:58: [INFO] Routing pad 'D4:1' at (138345137, 50469372) with pad 'D5:1' at (156746024, 55399875) using coordinate system rotated by 285.0 degree(s)
13:33:58: [INFO] Adding track segment (B.Cu): [(138345137, 50469372), (156746023, 55399874)]
13:33:58: [INFO] Adding track segment (B.Cu): [(156746023, 55399874), (156746024, 55399875)]
13:33:58: [INFO] Routing pad 'D5:1' at (156746024, 55399875) with pad 'D6:1' at (175146911, 60330378) using coordinate system rotated by 285.0 degree(s)
13:33:58: [INFO] Adding track segment (B.Cu): [(156746024, 55399875), (175146910, 60330376)]
13:33:58: [INFO] Adding track segment (B.Cu): [(175146910, 60330376), (175146911, 60330378)]
13:33:58: [INFO] Routing pad 'D6:1' at (175146911, 60330378) with pad 'D7:1' at (193547798, 65260880) using coordinate system rotated by 285.0 degree(s)
13:33:58: [INFO] Adding track segment (B.Cu): [(175146911, 60330378), (193547797, 65260879)]
13:33:58: [INFO] Adding track segment (B.Cu): [(193547797, 65260879), (193547798, 65260880)]
13:33:58: [WARNING] Could not route pads when parent footprints not rotated the same, footprint1: D7 at 75.0 degree(s) and footprint2: D8 at 105.0 degree(s)
13:33:58: [INFO] Routing pad 'D8:1' at (235528286, 63863904) with pad 'D9:1' at (253929173, 58933401) using coordinate system rotated by 255.0 degree(s)
13:33:58: [INFO] Adding track segment (B.Cu): [(235528286, 63863904), (253929172, 58933401)]
13:33:58: [INFO] Adding track segment (B.Cu): [(253929172, 58933401), (253929173, 58933401)]
13:33:58: [INFO] Routing pad 'D9:1' at (253929173, 58933401) with pad 'D10:1' at (272330060, 54002899) using coordinate system rotated by 255.0 degree(s)
13:33:58: [INFO] Adding track segment (B.Cu): [(253929173, 58933401), (272330059, 54002898)]
13:33:58: [INFO] Adding track segment (B.Cu): [(272330059, 54002898), (272330060, 54002899)]
13:33:58: [INFO] Routing pad 'D10:1' at (272330060, 54002899) with pad 'D11:1' at (290730947, 49072396) using coordinate system rotated by 255.0 degree(s)
13:33:58: [INFO] Adding track segment (B.Cu): [(272330060, 54002899), (290730946, 49072395)]
13:33:58: [INFO] Adding track segment (B.Cu): [(290730946, 49072395), (290730947, 49072396)]
13:33:58: [WARNING] Could not route pads when parent footprints not rotated the same, footprint1: D11 at 105.0 degree(s) and footprint2: D12 at 90.0 degree(s)
13:33:58: [INFO] Routing pad 'D12:1' at (314642500, 43500000) with pad 'D13:1' at (333692500, 48262500) using coordinate system rotated by 0 degree(s)
13:33:58: [INFO] Adding track segment (B.Cu): [(314642500, 43500000), (319405000, 48262500)]
13:33:58: [INFO] Adding track segment (B.Cu): [(319405000, 48262500), (333692500, 48262500)]
13:33:58: [INFO] Routing pad 'D13:1' at (333692500, 48262500) with pad 'D14:1' at (352742500, 48262500) using coordinate system rotated by 0 degree(s)
13:33:58: [INFO] Adding track segment (B.Cu): [(333692500, 48262500), (352742500, 48262500)]
13:33:58: [INFO] Routing pad 'D14:1' at (352742500, 48262500) with pad 'D15:1' at (362267500, 48262500) using coordinate system rotated by 0 degree(s)
13:33:58: [INFO] Adding track segment (B.Cu): [(352742500, 48262500), (362267500, 48262500)]
13:33:58: [INFO] Routing COL4 pads
13:33:58: [INFO] Routing pad 'SW35:1' at (135752740, 80998671) with pad 'SW20:1' at (136083021, 61365158) using coordinate system rotated by 15.0 degree(s)
13:33:58: [INFO] Adding track segment (F.Cu): [(135752740, 80998671), (132385143, 75165822)]
13:33:58: [INFO] Adding track segment (F.Cu): [(132385143, 75165822), (136083021, 61365158)]
13:33:58: [INFO] Routing pad 'SW35:1' at (135752740, 80998671) with pad 'SW49:1' at (144622902, 103097435) using coordinate system rotated by 15.0 degree(s)
13:33:58: [INFO] Adding track segment (F.Cu): [(135752740, 80998671), (134520113, 85598892)]
13:33:58: [INFO] Adding track segment (F.Cu): [(134520113, 85598892), (144622902, 103097435)]
13:33:58: [INFO] Routing pad 'SW20:1' at (136083021, 61365158) with pad 'SW5:1' at (150213967, 45429523) using coordinate system rotated by 15.0 degree(s)
13:33:58: [INFO] Adding track segment (F.Cu): [(136083021, 61365158), (147748714, 54629966)]
13:33:58: [INFO] Adding track segment (F.Cu): [(147748714, 54629966), (150213967, 45429523)]
13:33:58: [INFO] Routing COL8 pads
13:33:58: [INFO] Routing pad 'SW24:1' at (239017128, 74430991) with pad 'SW9:1' at (243287069, 53564852) using coordinate system rotated by 345.0 degree(s)
13:33:58: [INFO] Adding track segment (F.Cu): [(239017128, 74430991), (245752319, 62765294)]
13:33:58: [INFO] Adding track segment (F.Cu): [(245752319, 62765294), (243287069, 53564852)]
13:33:58: [INFO] Routing pad 'SW39:1' at (248547853, 91599252) with pad 'SW53:1' at (244277912, 112465390) using coordinate system rotated by 345.0 degree(s)
13:33:58: [INFO] Adding track segment (F.Cu): [(248547853, 91599252), (251013103, 100799694)]
13:33:58: [INFO] Adding track segment (F.Cu): [(251013103, 100799694), (244277912, 112465390)]
13:33:58: [INFO] Routing pad 'SW53:1' at (244277912, 112465390) with pad 'SW64:1' at (246908304, 131482590) using coordinate system rotated by 345.0 degree(s)
13:33:58: [INFO] Adding track segment (F.Cu): [(244277912, 112465390), (248592101, 128566165)]
13:33:58: [INFO] Adding track segment (F.Cu): [(248592101, 128566165), (246908304, 131482590)]
13:33:58: [INFO] Routing pad 'SW24:1' at (239017128, 74430991) with pad 'SW39:1' at (248547853, 91599252) using coordinate system rotated by 345.0 degree(s)
13:33:58: [INFO] Adding track segment (F.Cu): [(239017128, 74430991), (242715003, 88231655)]
13:33:58: [INFO] Adding track segment (F.Cu): [(242715003, 88231655), (248547853, 91599252)]
13:33:58: [INFO] Routing COL1 pads
13:33:58: [INFO] Routing pad 'SW46:1' at (70008750, 97472500) with pad 'SW32:1' at (70008750, 78422500) using coordinate system rotated by 0 degree(s)
13:33:58: [INFO] Adding track segment (F.Cu): [(70008750, 97472500), (70008750, 78422500)]
13:33:58: [INFO] Routing pad 'SW60:1' at (62865000, 116522500) with pad 'SW46:1' at (70008750, 97472500) using coordinate system rotated by 0 degree(s)
13:33:58: [INFO] Adding track segment (F.Cu): [(62865000, 116522500), (70008750, 109378750)]
13:33:58: [INFO] Adding track segment (F.Cu): [(70008750, 109378750), (70008750, 97472500)]
13:33:58: [INFO] Routing pad 'SW32:1' at (70008750, 78422500) with pad 'SW17:1' at (72390000, 59372500) using coordinate system rotated by 0 degree(s)
13:33:58: [INFO] Adding track segment (F.Cu): [(70008750, 78422500), (72390000, 76041250)]
13:33:58: [INFO] Adding track segment (F.Cu): [(72390000, 76041250), (72390000, 59372500)]
13:33:58: [INFO] Routing pad 'SW17:1' at (72390000, 59372500) with pad 'SW2:1' at (91440000, 40322500) using coordinate system rotated by 0 degree(s)
13:33:58: [INFO] Routing COL3 pads
13:33:58: [INFO] Routing pad 'SW34:1' at (117351853, 76068168) with pad 'SW19:1' at (117682134, 56434656) using coordinate system rotated by 15.0 degree(s)
13:33:58: [INFO] Adding track segment (F.Cu): [(117351853, 76068168), (113984256, 70235320)]
13:33:58: [INFO] Adding track segment (F.Cu): [(113984256, 70235320), (117682134, 56434656)]
13:33:58: [INFO] Routing pad 'SW48:1' at (126222015, 98166932) with pad 'SW61:1' at (120058887, 121168041) using coordinate system rotated by 15.0 degree(s)
13:33:58: [INFO] Adding track segment (F.Cu): [(126222015, 98166932), (120058886, 121168039)]
13:33:58: [INFO] Adding track segment (F.Cu): [(120058886, 121168039), (120058887, 121168041)]
13:33:58: [INFO] Routing pad 'SW34:1' at (117351853, 76068168) with pad 'SW48:1' at (126222015, 98166932) using coordinate system rotated by 15.0 degree(s)
13:33:58: [INFO] Adding track segment (F.Cu): [(117351853, 76068168), (116119226, 80668390)]
13:33:58: [INFO] Adding track segment (F.Cu): [(116119226, 80668390), (126222015, 98166932)]
13:33:58: [INFO] Routing pad 'SW19:1' at (117682134, 56434656) with pad 'SW4:1' at (131813080, 40499020) using coordinate system rotated by 15.0 degree(s)
13:33:58: [INFO] Adding track segment (F.Cu): [(117682134, 56434656), (129347827, 49699464)]
13:33:58: [INFO] Adding track segment (F.Cu): [(129347827, 49699464), (131813080, 40499020)]
13:33:58: [INFO] Routing COL14 pads
13:33:58: [INFO] Routing pad 'SW30:1' at (362902500, 59372500) with pad 'SW44:1' at (360521250, 78422500) using coordinate system rotated by 0 degree(s)
13:33:58: [INFO] Adding track segment (F.Cu): [(362902500, 59372500), (362902500, 76041250)]
13:33:58: [INFO] Adding track segment (F.Cu): [(362902500, 76041250), (360521250, 78422500)]
13:33:58: [INFO] Routing pad 'SW15:1' at (353377500, 40322500) with pad 'SW15a:1' at (362902500, 40322500) using coordinate system rotated by 0 degree(s)
13:33:58: [INFO] Adding track segment (F.Cu): [(353377500, 40322500), (362902500, 40322500)]
13:33:58: [INFO] Routing pad 'SW15a:1' at (362902500, 40322500) with pad 'SW30:1' at (362902500, 59372500) using coordinate system rotated by 0 degree(s)
13:33:58: [INFO] Adding track segment (F.Cu): [(362902500, 40322500), (362902500, 59372500)]
13:33:58: [INFO] Could not add track segment due to detected collision
13:33:58: [INFO] Routing pad 'SW59:1' at (377190000, 97472500) with pad 'SW66:1' at (367665000, 116522500) using coordinate system rotated by 0 degree(s)
13:33:58: [INFO] Routing pad 'SW44:1' at (360521250, 78422500) with pad 'SW59:1' at (377190000, 97472500) using coordinate system rotated by 0 degree(s)
13:33:58: [INFO] Adding track segment (F.Cu): [(360521250, 78422500), (360521250, 80803750)]
13:33:58: [INFO] Adding track segment (F.Cu): [(360521250, 80803750), (377190000, 97472500)]
13:33:58: [INFO] Routing COL5 pads
13:33:58: [INFO] Routing pad 'SW36:1' at (154153627, 85929174) with pad 'SW21:1' at (154483908, 66295661) using coordinate system rotated by 15.0 degree(s)
13:33:58: [INFO] Adding track segment (F.Cu): [(154153627, 85929174), (150786030, 80096325)]
13:33:58: [INFO] Adding track segment (F.Cu): [(150786030, 80096325), (154483908, 66295661)]
13:33:58: [INFO] Routing pad 'SW50:1' at (163023789, 108027938) with pad 'SW62:1' at (155793176, 125812512) using coordinate system rotated by 15.0 degree(s)
13:33:58: [INFO] Adding track segment (F.Cu): [(163023789, 108027938), (158709598, 124128714)]
13:33:58: [INFO] Adding track segment (F.Cu): [(158709598, 124128714), (155793176, 125812512)]
13:33:58: [INFO] Routing pad 'SW36:1' at (154153627, 85929174) with pad 'SW50:1' at (163023789, 108027938) using coordinate system rotated by 15.0 degree(s)
13:33:58: [INFO] Adding track segment (F.Cu): [(154153627, 85929174), (152921000, 90529395)]
13:33:58: [INFO] Adding track segment (F.Cu): [(152921000, 90529395), (163023789, 108027938)]
13:33:58: [INFO] Routing pad 'SW21:1' at (154483908, 66295661) with pad 'SW6:1' at (168614854, 50360026) using coordinate system rotated by 15.0 degree(s)
13:33:58: [INFO] Adding track segment (F.Cu): [(154483908, 66295661), (166149602, 59560468)]
13:33:58: [INFO] Adding track segment (F.Cu): [(166149602, 59560468), (168614854, 50360026)]
13:33:58: [INFO] Routing ROW4 pads
13:33:58: [WARNING] Could not route pads when parent footprints not rotated the same, footprint1: D60 at 90.0 degree(s) and footprint2: D61 at 75.0 degree(s)
13:33:58: [INFO] Routing pad 'D61:1' at (126590944, 131138393) with pad 'D62:1' at (162325233, 135782864) using coordinate system rotated by 285.0 degree(s)
13:33:59: [INFO] Adding track segment (B.Cu): [(126590944, 131138393), (132423790, 127770796)]
13:33:59: [INFO] Adding track segment (B.Cu): [(132423790, 127770796), (162325233, 135782864)]
13:33:59: [INFO] Routing pad 'D62:1' at (162325233, 135782864) with pad 'D63:1' at (192226674, 143794931) using coordinate system rotated by 285.0 degree(s)
13:33:59: [INFO] Adding track segment (B.Cu): [(162325233, 135782864), (192226673, 143794930)]
13:33:59: [INFO] Adding track segment (B.Cu): [(192226673, 143794930), (192226674, 143794931)]
13:33:59: [WARNING] Could not route pads when parent footprints not rotated the same, footprint1: D63 at 75.0 degree(s) and footprint2: D64 at 105.0 degree(s)
13:33:59: [INFO] Routing pad 'D64:1' at (257550408, 136851139) with pad 'D65:1' at (296652293, 126373821) using coordinate system rotated by 255.0 degree(s)
13:33:59: [INFO] Adding track segment (B.Cu): [(257550408, 136851139), (296652292, 126373820)]
13:33:59: [INFO] Adding track segment (B.Cu): [(296652292, 126373820), (296652293, 126373821)]
13:33:59: [WARNING] Could not route pads when parent footprints not rotated the same, footprint1: D65 at 105.0 degree(s) and footprint2: D66 at 90.0 degree(s)
13:33:59: [INFO] Routing COL6 pads
13:33:59: [INFO] Routing pad 'SW37:1' at (172554514, 90859677) with pad 'SW22:1' at (172884795, 71226164) using coordinate system rotated by 15.0 degree(s)
13:33:59: [INFO] Adding track segment (F.Cu): [(172554514, 90859677), (169186917, 85026829)]
13:33:59: [INFO] Adding track segment (F.Cu): [(169186917, 85026829), (172884795, 71226164)]
13:33:59: [INFO] Routing pad 'SW37:1' at (172554514, 90859677) with pad 'SW51:1' at (181424676, 112958441) using coordinate system rotated by 15.0 degree(s)
13:33:59: [INFO] Adding track segment (F.Cu): [(172554514, 90859677), (171321887, 95459899)]
13:33:59: [INFO] Adding track segment (F.Cu): [(171321887, 95459899), (181424676, 112958441)]
13:33:59: [INFO] Routing pad 'SW51:1' at (181424676, 112958441) with pad 'SW63:1' at (185694617, 133824579) using coordinate system rotated by 15.0 degree(s)
13:33:59: [INFO] Adding track segment (F.Cu): [(181424676, 112958441), (178959424, 122158882)]
13:33:59: [INFO] Adding track segment (F.Cu): [(178959424, 122158882), (185694617, 133824579)]
13:33:59: [INFO] Routing pad 'SW22:1' at (172884795, 71226164) with pad 'SW7:1' at (187015741, 55290528) using coordinate system rotated by 15.0 degree(s)
13:33:59: [INFO] Adding track segment (F.Cu): [(172884795, 71226164), (184550488, 64490971)]
13:33:59: [INFO] Adding track segment (F.Cu): [(184550488, 64490971), (187015741, 55290528)]
13:33:59: [INFO] Routing COL0 pads
13:33:59: [INFO] Routing pad 'SW16:1' at (39052500, 59372500) with pad 'SW31:1' at (39052500, 78422500) using coordinate system rotated by 0 degree(s)
13:33:59: [INFO] Adding track segment (F.Cu): [(39052500, 59372500), (39052500, 78422500)]
13:33:59: [INFO] Routing pad 'SW31:1' at (39052500, 78422500) with pad 'SW45:1' at (39052500, 97472500) using coordinate system rotated by 0 degree(s)
13:33:59: [INFO] Adding track segment (F.Cu): [(39052500, 78422500), (39052500, 97472500)]
13:33:59: [INFO] Routing pad 'SW16:1' at (39052500, 59372500) with pad 'SW1:1' at (72390000, 40322500) using coordinate system rotated by 0 degree(s)
13:33:59: [INFO] Adding track segment (F.Cu): [(39052500, 59372500), (58102500, 40322500)]
13:33:59: [INFO] Adding track segment (F.Cu): [(58102500, 40322500), (72390000, 40322500)]
13:33:59: [INFO] Routing ROW2 pads
13:33:59: [INFO] Routing pad 'D31:1' at (47942500, 86362500) with pad 'D32:1' at (78898750, 86362500) using coordinate system rotated by 0 degree(s)
13:33:59: [INFO] Adding track segment (B.Cu): [(47942500, 86362500), (78898750, 86362500)]
13:33:59: [INFO] Routing pad 'D32:1' at (78898750, 86362500) with pad 'D33:1' at (105092500, 86362500) using coordinate system rotated by 0 degree(s)
13:33:59: [INFO] Adding track segment (B.Cu): [(78898750, 86362500), (105092500, 86362500)]
13:33:59: [WARNING] Could not route pads when parent footprints not rotated the same, footprint1: D33 at 90.0 degree(s) and footprint2: D34 at 75.0 degree(s)
13:33:59: [INFO] Routing pad 'D34:1' at (123883910, 86038520) with pad 'D35:1' at (142284797, 90969023) using coordinate system rotated by 285.0 degree(s)
13:33:59: [INFO] Adding track segment (B.Cu): [(123883910, 86038520), (142284796, 90969022)]
13:33:59: [INFO] Adding track segment (B.Cu): [(142284796, 90969022), (142284797, 90969023)]
13:33:59: [INFO] Routing pad 'D35:1' at (142284797, 90969023) with pad 'D36:1' at (160685684, 95899526) using coordinate system rotated by 285.0 degree(s)
13:33:59: [INFO] Adding track segment (B.Cu): [(142284797, 90969023), (160685683, 95899525)]
13:33:59: [INFO] Adding track segment (B.Cu): [(160685683, 95899525), (160685684, 95899526)]
13:33:59: [INFO] Routing pad 'D36:1' at (160685684, 95899526) with pad 'D37:1' at (179086571, 100830029) using coordinate system rotated by 285.0 degree(s)
13:33:59: [INFO] Adding track segment (B.Cu): [(160685684, 95899526), (179086570, 100830028)]
13:33:59: [INFO] Adding track segment (B.Cu): [(179086570, 100830028), (179086571, 100830029)]
13:33:59: [WARNING] Could not route pads when parent footprints not rotated the same, footprint1: D37 at 75.0 degree(s) and footprint2: D38 at 105.0 degree(s)
13:33:59: [INFO] Routing pad 'D38:1' at (240789070, 101898304) with pad 'D39:1' at (259189957, 96967801) using coordinate system rotated by 255.0 degree(s)
13:33:59: [INFO] Adding track segment (B.Cu): [(240789070, 101898304), (259189956, 96967800)]
13:33:59: [INFO] Adding track segment (B.Cu): [(259189956, 96967800), (259189957, 96967801)]
13:33:59: [INFO] Routing pad 'D39:1' at (259189957, 96967801) with pad 'D40:1' at (277590844, 92037298) using coordinate system rotated by 255.0 degree(s)
13:33:59: [INFO] Adding track segment (B.Cu): [(259189957, 96967801), (277590843, 92037297)]
13:33:59: [INFO] Adding track segment (B.Cu): [(277590843, 92037297), (277590844, 92037298)]
13:33:59: [INFO] Routing pad 'D40:1' at (277590844, 92037298) with pad 'D41:1' at (295991731, 87106795) using coordinate system rotated by 255.0 degree(s)
13:33:59: [INFO] Adding track segment (B.Cu): [(277590844, 92037298), (295991730, 87106795)]
13:33:59: [INFO] Adding track segment (B.Cu): [(295991730, 87106795), (295991731, 87106795)]
13:33:59: [WARNING] Could not route pads when parent footprints not rotated the same, footprint1: D41 at 105.0 degree(s) and footprint2: D42 at 90.0 degree(s)
13:33:59: [INFO] Routing pad 'D42:1' at (319405000, 86362500) with pad 'D43:1' at (338455000, 86362500) using coordinate system rotated by 0 degree(s)
13:33:59: [INFO] Adding track segment (B.Cu): [(319405000, 86362500), (338455000, 86362500)]
13:33:59: [INFO] Routing pad 'D43:1' at (338455000, 86362500) with pad 'D44:1' at (369411250, 86362500) using coordinate system rotated by 0 degree(s)
13:33:59: [INFO] Adding track segment (B.Cu): [(338455000, 86362500), (369411250, 86362500)]
13:33:59: [INFO] Routing COL7 pads
13:33:59: [INFO] Routing pad 'SW23:1' at (220616241, 79361494) with pad 'SW8:1' at (224886182, 58495355) using coordinate system rotated by 345.0 degree(s)
13:33:59: [INFO] Adding track segment (F.Cu): [(220616241, 79361494), (227351432, 67695797)]
13:33:59: [INFO] Adding track segment (F.Cu): [(227351432, 67695797), (224886182, 58495355)]
13:33:59: [INFO] Routing pad 'SW38:1' at (230146966, 96529755) with pad 'SW52:1' at (225877025, 117395893) using coordinate system rotated by 345.0 degree(s)
13:33:59: [INFO] Adding track segment (F.Cu): [(230146966, 96529755), (232612216, 105730197)]
13:33:59: [INFO] Adding track segment (F.Cu): [(232612216, 105730197), (225877025, 117395893)]
13:33:59: [INFO] Routing pad 'SW23:1' at (220616241, 79361494) with pad 'SW38:1' at (230146966, 96529755) using coordinate system rotated by 345.0 degree(s)
13:33:59: [INFO] Adding track segment (F.Cu): [(220616241, 79361494), (224314116, 93162158)]
13:33:59: [INFO] Adding track segment (F.Cu): [(224314116, 93162158), (230146966, 96529755)]
13:33:59: [INFO] Routing COL2 pads
13:33:59: [INFO] Routing pad 'SW18:1' at (96202500, 59372500) with pad 'SW33:1' at (96202500, 78422500) using coordinate system rotated by 0 degree(s)
13:33:59: [INFO] Adding track segment (F.Cu): [(96202500, 59372500), (96202500, 78422500)]
13:33:59: [INFO] Routing pad 'SW33:1' at (96202500, 78422500) with pad 'SW47:1' at (100965000, 97472500) using coordinate system rotated by 0 degree(s)
13:33:59: [INFO] Adding track segment (F.Cu): [(96202500, 78422500), (96202500, 92710000)]
13:33:59: [INFO] Adding track segment (F.Cu): [(96202500, 92710000), (100965000, 97472500)]
13:33:59: [INFO] Routing pad 'SW18:1' at (96202500, 59372500) with pad 'SW3:1' at (110490000, 35560000) using coordinate system rotated by 0 degree(s)
13:33:59: [INFO] Adding track segment (F.Cu): [(96202500, 59372500), (110490000, 45085000)]
13:33:59: [INFO] Adding track segment (F.Cu): [(110490000, 45085000), (110490000, 35560000)]
13:33:59: [INFO] Removing dangling tracks
