=== kbplacer.kle_serial ===
=== layout2image.py ===
=== kbplacer ===
13:28:57: [INFO] User layout: https://editor.keyboard-tools.xyz/#share=NrDeCIA9wLgAgKwDoDsCA0dwE9ZwAyoIC+m4+6ATOALroBQYUeAjMgGwZa7wC0hAThJkKLFrQZNo8Ski448-JAA4yAYzzgAxCl17wpLAGZ04zBGkEkleRvja1jpwZHp84V2bgXWLJPkNyU2pzcDssLQBDaJiXLFEjAB0AOxSUindPABY01OSMj29meD8AsizTLMKfEv8yAHc8SkCE3PTTCUYauFkbQJZK6uKrGwbWOX63IfCHJ0c48AGvboEJsiXMrCWvReDpzSiY6MLwRtrhLdMjTqkmwMpB0MtCUawzuD80e6nQma05+bfZbDFiEMpYB6gk6Q4F-PT6MYyawXcCQ650LrDExYP5HY6InrIwImTYQP4AjTEqhDSyrFEmMQnBkhIq4vEnd6felXfb2HTwlALBlVDG3eDYsIHPGRDnjFEVfBtZIDTbgCosJUqmmsF7y0yKvIpLVPcZodQHAWCwLqnbqllqnmi7oStlHWXna1uTUdX4HCknAAmeAALgAnACuAFNPRrDcqfUVLKDkea+dLAyGI9HyvrveIneBQzqyKGk2RLOxUxF-S10NdXFVXAgThR2DdusgUQN7QN65dG5dmwXLMgvmQHvaHn3UegBzOh5JuuwiWQTNOTHOTM3V+g28O8JWcVL2QS-HqknHjayLQL3T1PQhvaTJWn2Z72E-28ND6c5Z6L7kSy8hElp3s0OaPpeCZksebrvnmX5FnwoLlsW3CKLIth+gCCwUIKrjKC26ACERUL7vAdKTG26zoPhlyETRJHkXAqxjhCu7QrRnEMexTGLsMqx9DudHgCYPGicRTL6l+tIpkefKgQSshsQ6yifr6r5uqeK5YBUAifsxglYQpt5KUQnpqVBsLYXMd5+EJunEQhNA0EAA
13:28:57: [INFO] Labels prefixes: for rows: 'ROW', for columns: 'COL'
13:28:57: [INFO] Matrix size: 4x14
13:28:58: [WARNING] No stabilizer footprint for width 2.25u, using 2u as fallback
13:28:58: [WARNING] No stabilizer footprint for width 2.25u, using 2u as fallback
13:28:58: [WARNING] No stabilizer footprint for width 2.75u, using 2u as fallback
13:28:58: [INFO] Add COL0 net
13:28:58: [INFO] Add COL1 net
13:28:58: [INFO] Add COL10 net
13:28:58: [INFO] Add COL11 net
13:28:58: [INFO] Add COL12 net
13:28:58: [INFO] Add COL13 net
13:28:58: [INFO] Add COL14 net
13:28:58: [INFO] Add COL2 net
13:28:58: [INFO] Add COL3 net
13:28:58: [INFO] Add COL4 net
13:28:58: [INFO] Add COL5 net
13:28:58: [INFO] Add COL6 net
13:28:58: [INFO] Add COL7 net
13:28:58: [INFO] Add COL8 net
13:28:58: [INFO] Add COL9 net
13:28:58: [INFO] Add Net-(D1-A) net
13:28:58: [INFO] Add Net-(D10-A) net
13:28:58: [INFO] Add Net-(D11-A) net
13:28:58: [INFO] Add Net-(D12-A) net
13:28:58: [INFO] Add Net-(D13-A) net
13:28:58: [INFO] Add Net-(D14-A) net
13:28:58: [INFO] Add Net-(D15-A) net
13:28:58: [INFO] Add Net-(D16-A) net
13:28:58: [INFO] Add Net-(D17-A) net
13:28:58: [INFO] Add Net-(D18-A) net
13:28:58: [INFO] Add Net-(D19-A) net
13:28:58: [INFO] Add Net-(D2-A) net
13:28:58: [INFO] Add Net-(D20-A) net
13:28:58: [INFO] Add Net-(D21-A) net
13:28:58: [INFO] Add Net-(D22-A) net
13:28:58: [INFO] Add Net-(D23-A) net
13:28:58: [INFO] Add Net-(D24-A) net
13:28:58: [INFO] Add Net-(D25-A) net
13:28:58: [INFO] Add Net-(D26-A) net
13:28:58: [INFO] Add Net-(D27-A) net
13:28:58: [INFO] Add Net-(D28-A) net
13:28:58: [INFO] Add Net-(D29-A) net
13:28:58: [INFO] Add Net-(D3-A) net
13:28:58: [INFO] Add Net-(D30-A) net
13:28:58: [INFO] Add Net-(D31-A) net
13:28:58: [INFO] Add Net-(D32-A) net
13:28:58: [INFO] Add Net-(D33-A) net
13:28:58: [INFO] Add Net-(D34-A) net
13:28:58: [INFO] Add Net-(D35-A) net
13:28:58: [INFO] Add Net-(D36-A) net
13:28:58: [INFO] Add Net-(D37-A) net
13:28:58: [INFO] Add Net-(D38-A) net
13:28:58: [INFO] Add Net-(D39-A) net
13:28:58: [INFO] Add Net-(D4-A) net
13:28:58: [INFO] Add Net-(D40-A) net
13:28:58: [INFO] Add Net-(D41-A) net
13:28:58: [INFO] Add Net-(D42-A) net
13:28:58: [INFO] Add Net-(D43-A) net
13:28:58: [INFO] Add Net-(D44-A) net
13:28:58: [INFO] Add Net-(D45-A) net
13:28:58: [INFO] Add Net-(D46-A) net
13:28:58: [INFO] Add Net-(D47-A) net
13:28:58: [INFO] Add Net-(D48-A) net
13:28:58: [INFO] Add Net-(D49-A) net
13:28:58: [INFO] Add Net-(D5-A) net
13:28:58: [INFO] Add Net-(D50-A) net
13:28:58: [INFO] Add Net-(D51-A) net
13:28:58: [INFO] Add Net-(D52-A) net
13:28:58: [INFO] Add Net-(D53-A) net
13:28:58: [INFO] Add Net-(D54-A) net
13:28:58: [INFO] Add Net-(D55-A) net
13:28:58: [INFO] Add Net-(D56-A) net
13:28:58: [INFO] Add Net-(D57-A) net
13:28:58: [INFO] Add Net-(D58-A) net
13:28:58: [INFO] Add Net-(D59-A) net
13:28:58: [INFO] Add Net-(D6-A) net
13:28:58: [INFO] Add Net-(D60-A) net
13:28:58: [INFO] Add Net-(D61-A) net
13:28:58: [INFO] Add Net-(D62-A) net
13:28:58: [INFO] Add Net-(D63-A) net
13:28:58: [INFO] Add Net-(D64-A) net
13:28:58: [INFO] Add Net-(D65-A) net
13:28:58: [INFO] Add Net-(D66-A) net
13:28:58: [INFO] Add Net-(D67-A) net
13:28:58: [INFO] Add Net-(D68-A) net
13:28:58: [INFO] Add Net-(D69-A) net
13:28:58: [INFO] Add Net-(D7-A) net
13:28:58: [INFO] Add Net-(D70-A) net
13:28:58: [INFO] Add Net-(D71-A) net
13:28:58: [INFO] Add Net-(D8-A) net
13:28:58: [INFO] Add Net-(D9-A) net
13:28:58: [INFO] Add ROW0 net
13:28:58: [INFO] Add ROW1 net
13:28:58: [INFO] Add ROW2 net
13:28:58: [INFO] Add ROW3 net
13:28:58: [INFO] Add ROW4 net
13:28:58: [INFO] Add SW1 footprint
13:28:58: [INFO] Add D1 footprint
13:28:58: [INFO] Add SW2 footprint
13:28:58: [INFO] Add D2 footprint
13:28:58: [INFO] Add SW3 footprint
13:28:58: [INFO] Add D3 footprint
13:28:58: [INFO] Add SW4 footprint
13:28:58: [INFO] Add D4 footprint
13:28:58: [INFO] Add SW5 footprint
13:28:58: [INFO] Add D5 footprint
13:28:58: [INFO] Add SW6 footprint
13:28:59: [INFO] Add D6 footprint
13:28:59: [INFO] Add SW7 footprint
13:28:59: [INFO] Add D7 footprint
13:28:59: [INFO] Add SW8 footprint
13:28:59: [INFO] Add D8 footprint
13:28:59: [INFO] Add SW9 footprint
13:28:59: [INFO] Add D9 footprint
13:28:59: [INFO] Add SW10 footprint
13:28:59: [INFO] Add D10 footprint
13:28:59: [INFO] Add SW11 footprint
13:28:59: [INFO] Add D11 footprint
13:28:59: [INFO] Add SW12 footprint
13:28:59: [INFO] Add D12 footprint
13:28:59: [INFO] Add SW13 footprint
13:28:59: [INFO] Add D13 footprint
13:28:59: [INFO] Add SW14 footprint
13:28:59: [INFO] Add D14 footprint
13:28:59: [INFO] Add SW14a footprint
13:28:59: [INFO] Add ST14a footprint
13:28:59: [INFO] Add SW15 footprint
13:28:59: [INFO] Add D15 footprint
13:28:59: [INFO] Add SW16 footprint
13:28:59: [INFO] Add D16 footprint
13:28:59: [INFO] Add SW17 footprint
13:28:59: [INFO] Add D17 footprint
13:28:59: [INFO] Add SW18 footprint
13:28:59: [INFO] Add D18 footprint
13:28:59: [INFO] Add SW19 footprint
13:28:59: [INFO] Add D19 footprint
13:28:59: [INFO] Add SW20 footprint
13:28:59: [INFO] Add D20 footprint
13:28:59: [INFO] Add SW21 footprint
13:28:59: [INFO] Add D21 footprint
13:28:59: [INFO] Add SW22 footprint
13:28:59: [INFO] Add D22 footprint
13:28:59: [INFO] Add SW23 footprint
13:28:59: [INFO] Add D23 footprint
13:28:59: [INFO] Add SW24 footprint
13:29:00: [INFO] Add D24 footprint
13:29:00: [INFO] Add SW25 footprint
13:29:00: [INFO] Add D25 footprint
13:29:00: [INFO] Add SW26 footprint
13:29:00: [INFO] Add D26 footprint
13:29:00: [INFO] Add SW27 footprint
13:29:00: [INFO] Add D27 footprint
13:29:00: [INFO] Add SW28 footprint
13:29:00: [INFO] Add D28 footprint
13:29:00: [INFO] Add SW29 footprint
13:29:00: [INFO] Add D29 footprint
13:29:00: [INFO] Add SW30 footprint
13:29:00: [INFO] Add D30 footprint
13:29:00: [INFO] Add SW31 footprint
13:29:00: [INFO] Add D31 footprint
13:29:00: [INFO] Add SW32 footprint
13:29:00: [INFO] Add D32 footprint
13:29:00: [INFO] Add SW33 footprint
13:29:00: [INFO] Add D33 footprint
13:29:00: [INFO] Add SW34 footprint
13:29:00: [INFO] Add D34 footprint
13:29:00: [INFO] Add SW35 footprint
13:29:00: [INFO] Add D35 footprint
13:29:00: [INFO] Add SW36 footprint
13:29:00: [INFO] Add D36 footprint
13:29:00: [INFO] Add SW37 footprint
13:29:00: [INFO] Add D37 footprint
13:29:00: [INFO] Add SW38 footprint
13:29:00: [INFO] Add D38 footprint
13:29:00: [INFO] Add SW39 footprint
13:29:00: [INFO] Add D39 footprint
13:29:00: [INFO] Add SW40 footprint
13:29:00: [INFO] Add D40 footprint
13:29:00: [INFO] Add SW41 footprint
13:29:00: [INFO] Add D41 footprint
13:29:00: [INFO] Add SW42 footprint
13:29:01: [INFO] Add D42 footprint
13:29:01: [INFO] Add SW43 footprint
13:29:01: [INFO] Add D43 footprint
13:29:01: [WARNING] No stabilizer footprint for width 2.25u, using 2u as fallback
13:29:01: [INFO] Add ST43 footprint
13:29:01: [INFO] Add SW44 footprint
13:29:01: [INFO] Add D44 footprint
13:29:01: [INFO] Add SW45 footprint
13:29:01: [INFO] Add D45 footprint
13:29:01: [WARNING] No stabilizer footprint for width 2.25u, using 2u as fallback
13:29:01: [INFO] Add ST45 footprint
13:29:01: [INFO] Add SW46 footprint
13:29:01: [INFO] Add D46 footprint
13:29:01: [INFO] Add SW47 footprint
13:29:01: [INFO] Add D47 footprint
13:29:01: [INFO] Add SW48 footprint
13:29:01: [INFO] Add D48 footprint
13:29:01: [INFO] Add SW49 footprint
13:29:01: [INFO] Add D49 footprint
13:29:01: [INFO] Add SW50 footprint
13:29:01: [INFO] Add D50 footprint
13:29:01: [INFO] Add SW51 footprint
13:29:01: [INFO] Add D51 footprint
13:29:01: [INFO] Add SW52 footprint
13:29:01: [INFO] Add D52 footprint
13:29:01: [INFO] Add SW53 footprint
13:29:01: [INFO] Add D53 footprint
13:29:01: [INFO] Add SW54 footprint
13:29:01: [INFO] Add D54 footprint
13:29:01: [INFO] Add SW55 footprint
13:29:01: [INFO] Add D55 footprint
13:29:01: [INFO] Add SW56 footprint
13:29:01: [INFO] Add D56 footprint
13:29:01: [INFO] Add SW57 footprint
13:29:01: [INFO] Add D57 footprint
13:29:01: [INFO] Add SW58 footprint
13:29:01: [INFO] Add D58 footprint
13:29:01: [INFO] Add SW59 footprint
13:29:02: [INFO] Add D59 footprint
13:29:02: [INFO] Add SW60 footprint
13:29:02: [INFO] Add D60 footprint
13:29:02: [INFO] Add SW61 footprint
13:29:02: [INFO] Add D61 footprint
13:29:02: [INFO] Add SW62 footprint
13:29:02: [INFO] Add D62 footprint
13:29:02: [INFO] Add SW63 footprint
13:29:02: [INFO] Add D63 footprint
13:29:02: [INFO] Add ST63 footprint
13:29:02: [INFO] Add SW64 footprint
13:29:02: [INFO] Add D64 footprint
13:29:02: [INFO] Add SW65 footprint
13:29:02: [INFO] Add D65 footprint
13:29:02: [WARNING] No stabilizer footprint for width 2.75u, using 2u as fallback
13:29:02: [INFO] Add ST65 footprint
13:29:02: [INFO] Add SW66 footprint
13:29:02: [INFO] Add D66 footprint
13:29:02: [INFO] Add SW67 footprint
13:29:02: [INFO] Add D67 footprint
13:29:02: [INFO] Add SW68 footprint
13:29:02: [INFO] Add D68 footprint
13:29:02: [INFO] Add SW69 footprint
13:29:02: [INFO] Add D69 footprint
13:29:02: [INFO] Add SW70 footprint
13:29:02: [INFO] Add D70 footprint
13:29:02: [INFO] Add SW71 footprint
13:29:02: [INFO] Add D71 footprint
13:29:02: [INFO] Detected layout convertible to matrix annotated keyboard
13:29:02: [INFO] Using key 1U distance: (19.05, 19.05) mm
13:29:02: [INFO] Layout offset: (33337500, 33337500)
13:29:02: [INFO] Diode info: [ElementInfo(annotation_format='D{}', position_option=<PositionOption.CUSTOM: 'Custom'>, position=ElementPosition(x=5.08, y=4.0, orientation=90.0, side=<Side.BACK: 'Back'>), template_path='', start_index=-1)]
13:29:02: [INFO] Placing additional elements for SW71
13:29:02: [INFO] Placing additional elements for SW70
13:29:02: [INFO] Placing additional elements for SW69
13:29:02: [INFO] Placing additional elements for SW68
13:29:02: [INFO] Placing additional elements for SW67
13:29:02: [INFO] Placing additional elements for SW66
13:29:02: [INFO] Placing additional elements for SW65
13:29:02: [INFO] Placing additional elements for SW64
13:29:02: [INFO] Placing additional elements for SW63
13:29:02: [INFO] Placing additional elements for SW62
13:29:02: [INFO] Placing additional elements for SW61
13:29:02: [INFO] Placing additional elements for SW60
13:29:02: [INFO] Placing additional elements for SW59
13:29:02: [INFO] Placing additional elements for SW58
13:29:02: [INFO] Placing additional elements for SW57
13:29:02: [INFO] Placing additional elements for SW56
13:29:02: [INFO] Placing additional elements for SW55
13:29:02: [INFO] Placing additional elements for SW54
13:29:02: [INFO] Placing additional elements for SW53
13:29:02: [INFO] Placing additional elements for SW52
13:29:02: [INFO] Placing additional elements for SW51
13:29:02: [INFO] Placing additional elements for SW50
13:29:02: [INFO] Placing additional elements for SW49
13:29:02: [INFO] Placing additional elements for SW48
13:29:02: [INFO] Placing additional elements for SW47
13:29:02: [INFO] Placing additional elements for SW46
13:29:02: [INFO] Placing additional elements for SW45
13:29:02: [INFO] Placing additional elements for SW44
13:29:02: [INFO] Placing additional elements for SW43
13:29:02: [INFO] Placing additional elements for SW42
13:29:02: [INFO] Placing additional elements for SW41
13:29:02: [INFO] Placing additional elements for SW40
13:29:02: [INFO] Placing additional elements for SW39
13:29:02: [INFO] Placing additional elements for SW38
13:29:02: [INFO] Placing additional elements for SW37
13:29:02: [INFO] Placing additional elements for SW36
13:29:02: [INFO] Placing additional elements for SW35
13:29:02: [INFO] Placing additional elements for SW34
13:29:02: [INFO] Placing additional elements for SW33
13:29:02: [INFO] Placing additional elements for SW32
13:29:02: [INFO] Placing additional elements for SW31
13:29:02: [INFO] Placing additional elements for SW30
13:29:02: [INFO] Placing additional elements for SW29
13:29:02: [INFO] Placing additional elements for SW28
13:29:02: [INFO] Placing additional elements for SW27
13:29:02: [INFO] Placing additional elements for SW26
13:29:02: [INFO] Placing additional elements for SW25
13:29:02: [INFO] Placing additional elements for SW24
13:29:02: [INFO] Placing additional elements for SW23
13:29:02: [INFO] Placing additional elements for SW22
13:29:02: [INFO] Placing additional elements for SW21
13:29:02: [INFO] Placing additional elements for SW20
13:29:02: [INFO] Placing additional elements for SW19
13:29:02: [INFO] Placing additional elements for SW18
13:29:02: [INFO] Placing additional elements for SW17
13:29:02: [INFO] Placing additional elements for SW16
13:29:02: [INFO] Placing additional elements for SW15
13:29:02: [INFO] Placing additional elements for SW14a
13:29:02: [INFO] Placing additional elements for SW14
13:29:02: [INFO] Placing additional elements for SW13
13:29:02: [INFO] Placing additional elements for SW12
13:29:02: [INFO] Placing additional elements for SW11
13:29:02: [INFO] Placing additional elements for SW10
13:29:02: [INFO] Placing additional elements for SW9
13:29:02: [INFO] Placing additional elements for SW8
13:29:02: [INFO] Placing additional elements for SW7
13:29:02: [INFO] Placing additional elements for SW6
13:29:02: [INFO] Placing additional elements for SW5
13:29:02: [INFO] Placing additional elements for SW4
13:29:02: [INFO] Placing additional elements for SW3
13:29:02: [INFO] Placing additional elements for SW2
13:29:02: [INFO] Placing additional elements for SW1
13:29:02: [INFO] Routing SW71 with D71
13:29:02: [INFO] Using internal autorouter method
13:29:02: [INFO] Routing pad 'SW71:2' at (440690000, 56832500) with pad 'D71:2' at (443230000, 64512500) using coordinate system rotated by 0 degree(s)
13:29:02: [INFO] Adding track segment (B.Cu): [(440690000, 56832500), (440690000, 61972500)]
13:29:02: [INFO] Adding track segment (B.Cu): [(440690000, 61972500), (443230000, 64512500)]
13:29:02: [INFO] Routing SW70 with D70
13:29:02: [INFO] Using internal autorouter method
13:29:02: [INFO] Routing pad 'SW70:2' at (435927500, 133032500) with pad 'D70:2' at (438467500, 140712500) using coordinate system rotated by 0 degree(s)
13:29:02: [INFO] Adding track segment (B.Cu): [(435927500, 133032500), (435927500, 138172500)]
13:29:02: [INFO] Adding track segment (B.Cu): [(435927500, 138172500), (438467500, 140712500)]
13:29:02: [INFO] Routing SW69 with D69
13:29:02: [INFO] Using internal autorouter method
13:29:02: [INFO] Routing pad 'SW69:2' at (416877500, 133032500) with pad 'D69:2' at (419417500, 140712500) using coordinate system rotated by 0 degree(s)
13:29:02: [INFO] Adding track segment (B.Cu): [(416877500, 133032500), (416877500, 138172500)]
13:29:02: [INFO] Adding track segment (B.Cu): [(416877500, 138172500), (419417500, 140712500)]
13:29:02: [INFO] Routing SW68 with D68
13:29:02: [INFO] Using internal autorouter method
13:29:02: [INFO] Routing pad 'SW68:2' at (397827500, 133032500) with pad 'D68:2' at (400367500, 140712500) using coordinate system rotated by 0 degree(s)
13:29:02: [INFO] Adding track segment (B.Cu): [(397827500, 133032500), (397827500, 138172500)]
13:29:02: [INFO] Adding track segment (B.Cu): [(397827500, 138172500), (400367500, 140712500)]
13:29:02: [INFO] Routing SW67 with D67
13:29:02: [INFO] Using internal autorouter method
13:29:02: [INFO] Routing pad 'SW67:2' at (345440000, 133032500) with pad 'D67:2' at (347980000, 140712500) using coordinate system rotated by 0 degree(s)
13:29:02: [INFO] Adding track segment (B.Cu): [(345440000, 133032500), (345440000, 138172500)]
13:29:02: [INFO] Adding track segment (B.Cu): [(345440000, 138172500), (347980000, 140712500)]
13:29:02: [INFO] Routing SW66 with D66
13:29:02: [INFO] Using internal autorouter method
13:29:02: [INFO] Routing pad 'SW66:2' at (317323181, 136214840) with pad 'D66:2' at (321158211, 143337097) using coordinate system rotated by 350.0 degree(s)
13:29:02: [INFO] Adding track segment (B.Cu): [(317323181, 136214840), (318215732, 141276751)]
13:29:02: [INFO] Adding track segment (B.Cu): [(318215732, 141276751), (321158211, 143337097)]
13:29:02: [INFO] Routing SW65 with D65
13:29:02: [INFO] Using internal autorouter method
13:29:02: [INFO] Routing pad 'SW65:2' at (279802006, 142830835) with pad 'D65:2' at (283637036, 149953092) using coordinate system rotated by 350.0 degree(s)
13:29:02: [INFO] Adding track segment (B.Cu): [(279802006, 142830835), (280694557, 147892746)]
13:29:03: [INFO] Adding track segment (B.Cu): [(280694557, 147892746), (283637036, 149953092)]
13:29:03: [INFO] Routing SW64 with D64
13:29:03: [INFO] Using internal autorouter method
13:29:03: [INFO] Routing pad 'SW64:2' at (228490931, 146278365) with pad 'D64:2' at (229658724, 154282754) using coordinate system rotated by 10.0 degree(s)
13:29:03: [INFO] Adding track segment (B.Cu): [(228490931, 146278365), (227598378, 151340275)]
13:29:03: [INFO] Adding track segment (B.Cu): [(227598378, 151340275), (229658724, 154282754)]
13:29:03: [INFO] Routing SW63 with D63
13:29:03: [INFO] Using internal autorouter method
13:29:03: [INFO] Routing pad 'SW63:2' at (200350049, 141316369) with pad 'D63:2' at (201517842, 149320758) using coordinate system rotated by 10.0 degree(s)
13:29:03: [INFO] Adding track segment (B.Cu): [(200350049, 141316369), (199457496, 146378280)]
13:29:03: [INFO] Adding track segment (B.Cu): [(199457496, 146378280), (201517842, 149320758)]
13:29:03: [INFO] Routing SW62 with D62
13:29:03: [INFO] Using internal autorouter method
13:29:03: [INFO] Routing pad 'SW62:2' at (167519021, 135527373) with pad 'D62:2' at (168686814, 143531762) using coordinate system rotated by 10.0 degree(s)
13:29:03: [INFO] Adding track segment (B.Cu): [(167519021, 135527373), (166626469, 140589284)]
13:29:03: [INFO] Adding track segment (B.Cu): [(166626469, 140589284), (168686814, 143531762)]
13:29:03: [INFO] Routing SW61 with D61
13:29:03: [INFO] Using internal autorouter method
13:29:03: [INFO] Routing pad 'SW61:2' at (131127500, 133032500) with pad 'D61:2' at (133667500, 140712500) using coordinate system rotated by 0 degree(s)
13:29:03: [INFO] Adding track segment (B.Cu): [(131127500, 133032500), (131127500, 138172500)]
13:29:03: [INFO] Adding track segment (B.Cu): [(131127500, 138172500), (133667500, 140712500)]
13:29:03: [INFO] Routing SW60 with D60
13:29:03: [INFO] Using internal autorouter method
13:29:03: [INFO] Routing pad 'SW60:2' at (107315000, 133032500) with pad 'D60:2' at (109855000, 140712500) using coordinate system rotated by 0 degree(s)
13:29:03: [INFO] Adding track segment (B.Cu): [(107315000, 133032500), (107315000, 138172500)]
13:29:03: [INFO] Adding track segment (B.Cu): [(107315000, 138172500), (109855000, 140712500)]
13:29:03: [INFO] Routing SW59 with D59
13:29:03: [INFO] Using internal autorouter method
13:29:03: [INFO] Routing pad 'SW59:2' at (416877500, 113982500) with pad 'D59:2' at (419417500, 121662500) using coordinate system rotated by 0 degree(s)
13:29:03: [INFO] Adding track segment (B.Cu): [(416877500, 113982500), (416877500, 119122500)]
13:29:03: [INFO] Adding track segment (B.Cu): [(416877500, 119122500), (419417500, 121662500)]
13:29:03: [INFO] Routing SW58 with D58
13:29:03: [INFO] Using internal autorouter method
13:29:03: [INFO] Routing pad 'SW58:2' at (390683750, 113982500) with pad 'D58:2' at (393223750, 121662500) using coordinate system rotated by 0 degree(s)
13:29:03: [INFO] Adding track segment (B.Cu): [(390683750, 113982500), (390683750, 119122500)]
13:29:03: [INFO] Adding track segment (B.Cu): [(390683750, 119122500), (393223750, 121662500)]
13:29:03: [INFO] Routing SW57 with D57
13:29:03: [INFO] Using internal autorouter method
13:29:03: [INFO] Routing pad 'SW57:2' at (364490000, 113982500) with pad 'D57:2' at (367030000, 121662500) using coordinate system rotated by 0 degree(s)
13:29:03: [INFO] Adding track segment (B.Cu): [(364490000, 113982500), (364490000, 119122500)]
13:29:03: [INFO] Adding track segment (B.Cu): [(364490000, 119122500), (367030000, 121662500)]
13:29:03: [INFO] Routing SW56 with D56
13:29:03: [INFO] Using internal autorouter method
13:29:03: [INFO] Routing pad 'SW56:2' at (345440000, 113982500) with pad 'D56:2' at (347980000, 121662500) using coordinate system rotated by 0 degree(s)
13:29:03: [INFO] Adding track segment (B.Cu): [(345440000, 113982500), (345440000, 119122500)]
13:29:03: [INFO] Adding track segment (B.Cu): [(345440000, 119122500), (347980000, 121662500)]
13:29:03: [INFO] Routing SW55 with D55
13:29:03: [INFO] Using internal autorouter method
13:29:03: [INFO] Routing pad 'SW55:2' at (316360257, 117040752) with pad 'D55:2' at (320195287, 124163009) using coordinate system rotated by 350.0 degree(s)
13:29:03: [INFO] Adding track segment (B.Cu): [(316360257, 117040752), (317252807, 122102662)]
13:29:03: [INFO] Adding track segment (B.Cu): [(317252807, 122102662), (320195287, 124163009)]
13:29:03: [INFO] Routing SW54 with D54
13:29:03: [INFO] Using internal autorouter method
13:29:03: [INFO] Routing pad 'SW54:2' at (297599669, 120348750) with pad 'D54:2' at (301434699, 127471007) using coordinate system rotated by 350.0 degree(s)
13:29:03: [INFO] Adding track segment (B.Cu): [(297599669, 120348750), (298492220, 125410661)]
13:29:03: [INFO] Adding track segment (B.Cu): [(298492220, 125410661), (301434699, 127471007)]
13:29:03: [INFO] Routing SW53 with D53
13:29:03: [INFO] Using internal autorouter method
13:29:03: [INFO] Routing pad 'SW53:2' at (278839081, 123656748) with pad 'D53:2' at (282674111, 130779005) using coordinate system rotated by 350.0 degree(s)
13:29:03: [INFO] Adding track segment (B.Cu): [(278839081, 123656748), (279731631, 128718658)]
13:29:03: [INFO] Adding track segment (B.Cu): [(279731631, 128718658), (282674111, 130779005)]
13:29:03: [INFO] Routing SW52 with D52
13:29:03: [INFO] Using internal autorouter method
13:29:03: [INFO] Routing pad 'SW52:2' at (260078494, 126964745) with pad 'D52:2' at (263913524, 134087002) using coordinate system rotated by 350.0 degree(s)
13:29:03: [INFO] Adding track segment (B.Cu): [(260078494, 126964745), (260971044, 132026655)]
13:29:03: [INFO] Adding track segment (B.Cu): [(260971044, 132026655), (263913524, 134087002)]
13:29:03: [INFO] Routing SW51 with D51
13:29:03: [INFO] Using internal autorouter method
13:29:03: [INFO] Routing pad 'SW51:2' at (227108782, 126690778) with pad 'D51:2' at (228276575, 134695167) using coordinate system rotated by 10.0 degree(s)
13:29:03: [INFO] Adding track segment (B.Cu): [(227108782, 126690778), (226216230, 131752689)]
13:29:03: [INFO] Adding track segment (B.Cu): [(226216230, 131752689), (228276575, 134695167)]
13:29:03: [INFO] Routing SW50 with D50
13:29:03: [INFO] Using internal autorouter method
13:29:03: [INFO] Routing pad 'SW50:2' at (208348194, 123382781) with pad 'D50:2' at (209515987, 131387170) using coordinate system rotated by 10.0 degree(s)
13:29:03: [INFO] Adding track segment (B.Cu): [(208348194, 123382781), (207455641, 128444691)]
13:29:03: [INFO] Adding track segment (B.Cu): [(207455641, 128444691), (209515987, 131387170)]
13:29:03: [INFO] Routing SW49 with D49
13:29:03: [INFO] Using internal autorouter method
13:29:03: [INFO] Routing pad 'SW49:2' at (189587606, 120074783) with pad 'D49:2' at (190755399, 128079172) using coordinate system rotated by 10.0 degree(s)
13:29:03: [INFO] Adding track segment (B.Cu): [(189587606, 120074783), (188695053, 125136694)]
13:29:03: [INFO] Adding track segment (B.Cu): [(188695053, 125136694), (190755399, 128079172)]
13:29:03: [INFO] Routing SW48 with D48
13:29:03: [INFO] Using internal autorouter method
13:29:03: [INFO] Routing pad 'SW48:2' at (170827019, 116766785) with pad 'D48:2' at (171994812, 124771174) using coordinate system rotated by 10.0 degree(s)
13:29:03: [INFO] Adding track segment (B.Cu): [(170827019, 116766785), (169934467, 121828696)]
13:29:03: [INFO] Adding track segment (B.Cu): [(169934467, 121828696), (171994812, 124771174)]
13:29:03: [INFO] Routing SW47 with D47
13:29:03: [INFO] Using internal autorouter method
13:29:03: [INFO] Routing pad 'SW47:2' at (145415000, 113982500) with pad 'D47:2' at (147955000, 121662500) using coordinate system rotated by 0 degree(s)
13:29:03: [INFO] Adding track segment (B.Cu): [(145415000, 113982500), (145415000, 119122500)]
13:29:03: [INFO] Adding track segment (B.Cu): [(145415000, 119122500), (147955000, 121662500)]
13:29:03: [INFO] Routing SW46 with D46
13:29:03: [INFO] Using internal autorouter method
13:29:03: [INFO] Routing pad 'SW46:2' at (93027500, 56832500) with pad 'D46:2' at (95567500, 64512500) using coordinate system rotated by 0 degree(s)
13:29:03: [INFO] Adding track segment (B.Cu): [(93027500, 56832500), (93027500, 61972500)]
13:29:03: [INFO] Adding track segment (B.Cu): [(93027500, 61972500), (95567500, 64512500)]
13:29:03: [INFO] Routing SW45 with D45
13:29:03: [INFO] Using internal autorouter method
13:29:03: [INFO] Routing pad 'SW45:2' at (114458750, 113982500) with pad 'D45:2' at (116998750, 121662500) using coordinate system rotated by 0 degree(s)
13:29:03: [INFO] Adding track segment (B.Cu): [(114458750, 113982500), (114458750, 119122500)]
13:29:03: [INFO] Adding track segment (B.Cu): [(114458750, 119122500), (116998750, 121662500)]
13:29:03: [INFO] Routing SW44 with D44
13:29:03: [INFO] Using internal autorouter method
13:29:03: [INFO] Routing pad 'SW44:2' at (83502500, 94932500) with pad 'D44:2' at (86042500, 102612500) using coordinate system rotated by 0 degree(s)
13:29:03: [INFO] Adding track segment (B.Cu): [(83502500, 94932500), (83502500, 100072500)]
13:29:03: [INFO] Adding track segment (B.Cu): [(83502500, 100072500), (86042500, 102612500)]
13:29:03: [INFO] Routing SW43 with D43
13:29:03: [INFO] Using internal autorouter method
13:29:03: [INFO] Routing pad 'SW43:2' at (400208750, 94932500) with pad 'D43:2' at (402748750, 102612500) using coordinate system rotated by 0 degree(s)
13:29:03: [INFO] Adding track segment (B.Cu): [(400208750, 94932500), (400208750, 100072500)]
13:29:03: [INFO] Adding track segment (B.Cu): [(400208750, 100072500), (402748750, 102612500)]
13:29:03: [INFO] Routing SW42 with D42
13:29:03: [INFO] Using internal autorouter method
13:29:03: [INFO] Routing pad 'SW42:2' at (369252500, 94932500) with pad 'D42:2' at (371792500, 102612500) using coordinate system rotated by 0 degree(s)
13:29:03: [INFO] Adding track segment (B.Cu): [(369252500, 94932500), (369252500, 100072500)]
13:29:03: [INFO] Adding track segment (B.Cu): [(369252500, 100072500), (371792500, 102612500)]
13:29:03: [INFO] Routing SW41 with D41
13:29:03: [INFO] Using internal autorouter method
13:29:03: [INFO] Routing pad 'SW41:2' at (350202500, 94932500) with pad 'D41:2' at (352742500, 102612500) using coordinate system rotated by 0 degree(s)
13:29:03: [INFO] Adding track segment (B.Cu): [(350202500, 94932500), (350202500, 100072500)]
13:29:03: [INFO] Adding track segment (B.Cu): [(350202500, 100072500), (352742500, 102612500)]
13:29:03: [INFO] Routing SW40 with D40
13:29:03: [INFO] Using internal autorouter method
13:29:03: [INFO] Routing pad 'SW40:2' at (322432553, 96626166) with pad 'D40:2' at (326267583, 103748423) using coordinate system rotated by 350.0 degree(s)
13:29:03: [INFO] Adding track segment (B.Cu): [(322432553, 96626166), (323325104, 101688077)]
13:29:03: [INFO] Adding track segment (B.Cu): [(323325104, 101688077), (326267583, 103748423)]
13:29:03: [INFO] Routing SW39 with D39
13:29:03: [INFO] Using internal autorouter method
13:29:03: [INFO] Routing pad 'SW39:2' at (303671965, 99934163) with pad 'D39:2' at (307506995, 107056420) using coordinate system rotated by 350.0 degree(s)
13:29:03: [INFO] Adding track segment (B.Cu): [(303671965, 99934163), (304564516, 104996074)]
13:29:03: [INFO] Adding track segment (B.Cu): [(304564516, 104996074), (307506995, 107056420)]
13:29:03: [INFO] Routing SW38 with D38
13:29:03: [INFO] Using internal autorouter method
13:29:03: [INFO] Routing pad 'SW38:2' at (284911377, 103242161) with pad 'D38:2' at (288746407, 110364418) using coordinate system rotated by 350.0 degree(s)
13:29:03: [INFO] Adding track segment (B.Cu): [(284911377, 103242161), (285803927, 108304071)]
13:29:03: [INFO] Adding track segment (B.Cu): [(285803927, 108304071), (288746407, 110364418)]
13:29:03: [INFO] Routing SW37 with D37
13:29:03: [INFO] Using internal autorouter method
13:29:03: [INFO] Routing pad 'SW37:2' at (266150790, 106550159) with pad 'D37:2' at (269985820, 113672416) using coordinate system rotated by 350.0 degree(s)
13:29:03: [INFO] Adding track segment (B.Cu): [(266150790, 106550159), (267043341, 111612070)]
13:29:03: [INFO] Adding track segment (B.Cu): [(267043341, 111612070), (269985820, 113672416)]
13:29:03: [INFO] Routing SW36 with D36
13:29:03: [INFO] Using internal autorouter method
13:29:03: [INFO] Routing pad 'SW36:2' at (221036486, 106276192) with pad 'D36:2' at (222204279, 114280581) using coordinate system rotated by 10.0 degree(s)
13:29:03: [INFO] Adding track segment (B.Cu): [(221036486, 106276192), (220143934, 111338103)]
13:29:03: [INFO] Adding track segment (B.Cu): [(220143934, 111338103), (222204279, 114280581)]
13:29:03: [INFO] Routing SW35 with D35
13:29:03: [INFO] Using internal autorouter method
13:29:03: [INFO] Routing pad 'SW35:2' at (202275898, 102968194) with pad 'D35:2' at (203443691, 110972583) using coordinate system rotated by 10.0 degree(s)
13:29:03: [INFO] Adding track segment (B.Cu): [(202275898, 102968194), (201383345, 108030104)]
13:29:03: [INFO] Adding track segment (B.Cu): [(201383345, 108030104), (203443691, 110972583)]
13:29:03: [INFO] Routing SW34 with D34
13:29:03: [INFO] Using internal autorouter method
13:29:03: [INFO] Routing pad 'SW34:2' at (183515310, 99660196) with pad 'D34:2' at (184683103, 107664585) using coordinate system rotated by 10.0 degree(s)
13:29:03: [INFO] Adding track segment (B.Cu): [(183515310, 99660196), (182622757, 104722107)]
13:29:03: [INFO] Adding track segment (B.Cu): [(182622757, 104722107), (184683103, 107664585)]
13:29:03: [INFO] Routing SW33 with D33
13:29:03: [INFO] Using internal autorouter method
13:29:03: [INFO] Routing pad 'SW33:2' at (164754723, 96352198) with pad 'D33:2' at (165922516, 104356587) using coordinate system rotated by 10.0 degree(s)
13:29:03: [INFO] Adding track segment (B.Cu): [(164754723, 96352198), (163862171, 101414109)]
13:29:03: [INFO] Adding track segment (B.Cu): [(163862171, 101414109), (165922516, 104356587)]
13:29:03: [INFO] Routing SW32 with D32
13:29:03: [INFO] Using internal autorouter method
13:29:03: [INFO] Routing pad 'SW32:2' at (140652500, 94932500) with pad 'D32:2' at (143192500, 102612500) using coordinate system rotated by 0 degree(s)
13:29:03: [INFO] Adding track segment (B.Cu): [(140652500, 94932500), (140652500, 100072500)]
13:29:03: [INFO] Adding track segment (B.Cu): [(140652500, 100072500), (143192500, 102612500)]
13:29:03: [INFO] Routing SW31 with D31
13:29:03: [INFO] Using internal autorouter method
13:29:03: [INFO] Routing pad 'SW31:2' at (114458750, 94932500) with pad 'D31:2' at (116998750, 102612500) using coordinate system rotated by 0 degree(s)
13:29:03: [INFO] Adding track segment (B.Cu): [(114458750, 94932500), (114458750, 100072500)]
13:29:03: [INFO] Adding track segment (B.Cu): [(114458750, 100072500), (116998750, 102612500)]
13:29:03: [INFO] Routing SW30 with D30
13:29:03: [INFO] Using internal autorouter method
13:29:03: [INFO] Routing pad 'SW30:2' at (88265000, 75882500) with pad 'D30:2' at (90805000, 83562500) using coordinate system rotated by 0 degree(s)
13:29:03: [INFO] Adding track segment (B.Cu): [(88265000, 75882500), (88265000, 81022500)]
13:29:03: [INFO] Adding track segment (B.Cu): [(88265000, 81022500), (90805000, 83562500)]
13:29:03: [INFO] Routing SW29 with D29
13:29:03: [INFO] Using internal autorouter method
13:29:03: [INFO] Routing pad 'SW29:2' at (402590000, 75882500) with pad 'D29:2' at (405130000, 83562500) using coordinate system rotated by 0 degree(s)
13:29:03: [INFO] Adding track segment (B.Cu): [(402590000, 75882500), (402590000, 81022500)]
13:29:03: [INFO] Adding track segment (B.Cu): [(402590000, 81022500), (405130000, 83562500)]
13:29:03: [INFO] Routing SW28 with D28
13:29:03: [INFO] Using internal autorouter method
13:29:03: [INFO] Routing pad 'SW28:2' at (378777500, 75882500) with pad 'D28:2' at (381317500, 83562500) using coordinate system rotated by 0 degree(s)
13:29:03: [INFO] Adding track segment (B.Cu): [(378777500, 75882500), (378777500, 81022500)]
13:29:03: [INFO] Adding track segment (B.Cu): [(378777500, 81022500), (381317500, 83562500)]
13:29:03: [INFO] Routing SW27 with D27
13:29:03: [INFO] Using internal autorouter method
13:29:03: [INFO] Routing pad 'SW27:2' at (359727500, 75882500) with pad 'D27:2' at (362267500, 83562500) using coordinate system rotated by 0 degree(s)
13:29:03: [INFO] Adding track segment (B.Cu): [(359727500, 75882500), (359727500, 81022500)]
13:29:03: [INFO] Adding track segment (B.Cu): [(359727500, 81022500), (362267500, 83562500)]
13:29:03: [INFO] Routing SW26 with D26
13:29:03: [INFO] Using internal autorouter method
13:29:03: [INFO] Routing pad 'SW26:2' at (340677500, 75882500) with pad 'D26:2' at (343217500, 83562500) using coordinate system rotated by 0 degree(s)
13:29:03: [INFO] Adding track segment (B.Cu): [(340677500, 75882500), (340677500, 81022500)]
13:29:03: [INFO] Adding track segment (B.Cu): [(340677500, 81022500), (343217500, 83562500)]
13:29:03: [INFO] Routing SW25 with D25
13:29:03: [INFO] Using internal autorouter method
13:29:03: [INFO] Routing pad 'SW25:2' at (314434408, 78692577) with pad 'D25:2' at (318269438, 85814834) using coordinate system rotated by 350.0 degree(s)
13:29:03: [INFO] Adding track segment (B.Cu): [(314434408, 78692577), (315326959, 83754488)]
13:29:03: [INFO] Adding track segment (B.Cu): [(315326959, 83754488), (318269438, 85814834)]
13:29:03: [INFO] Routing SW24 with D24
13:29:03: [INFO] Using internal autorouter method
13:29:03: [INFO] Routing pad 'SW24:2' at (295673820, 82000575) with pad 'D24:2' at (299508850, 89122832) using coordinate system rotated by 350.0 degree(s)
13:29:03: [INFO] Adding track segment (B.Cu): [(295673820, 82000575), (296566370, 87062484)]
13:29:03: [INFO] Adding track segment (B.Cu): [(296566370, 87062484), (299508850, 89122832)]
13:29:03: [INFO] Routing SW23 with D23
13:29:03: [INFO] Using internal autorouter method
13:29:03: [INFO] Routing pad 'SW23:2' at (276913233, 85308573) with pad 'D23:2' at (280748263, 92430830) using coordinate system rotated by 350.0 degree(s)
13:29:03: [INFO] Adding track segment (B.Cu): [(276913233, 85308573), (277805784, 90370484)]
13:29:03: [INFO] Adding track segment (B.Cu): [(277805784, 90370484), (280748263, 92430830)]
13:29:03: [INFO] Routing SW22 with D22
13:29:03: [INFO] Using internal autorouter method
13:29:03: [INFO] Routing pad 'SW22:2' at (258152645, 88616571) with pad 'D22:2' at (261987675, 95738828) using coordinate system rotated by 350.0 degree(s)
13:29:03: [INFO] Adding track segment (B.Cu): [(258152645, 88616571), (259045196, 93678482)]
13:29:03: [INFO] Adding track segment (B.Cu): [(259045196, 93678482), (261987675, 95738828)]
13:29:03: [INFO] Routing SW21 with D21
13:29:03: [INFO] Using internal autorouter method
13:29:03: [INFO] Routing pad 'SW21:2' at (219654337, 86688605) with pad 'D21:2' at (220822130, 94692994) using coordinate system rotated by 10.0 degree(s)
13:29:03: [INFO] Adding track segment (B.Cu): [(219654337, 86688605), (218761785, 91750516)]
13:29:03: [INFO] Adding track segment (B.Cu): [(218761785, 91750516), (220822130, 94692994)]
13:29:03: [INFO] Routing SW20 with D20
13:29:03: [INFO] Using internal autorouter method
13:29:03: [INFO] Routing pad 'SW20:2' at (200893749, 83380607) with pad 'D20:2' at (202061542, 91384996) using coordinate system rotated by 10.0 degree(s)
13:29:03: [INFO] Adding track segment (B.Cu): [(200893749, 83380607), (200001197, 88442519)]
13:29:03: [INFO] Adding track segment (B.Cu): [(200001197, 88442519), (202061542, 91384996)]
13:29:03: [INFO] Routing SW19 with D19
13:29:03: [INFO] Using internal autorouter method
13:29:03: [INFO] Routing pad 'SW19:2' at (182133161, 80072609) with pad 'D19:2' at (183300954, 88076998) using coordinate system rotated by 10.0 degree(s)
13:29:03: [INFO] Adding track segment (B.Cu): [(182133161, 80072609), (181240608, 85134520)]
13:29:03: [INFO] Adding track segment (B.Cu): [(181240608, 85134520), (183300954, 88076998)]
13:29:03: [INFO] Routing SW18 with D18
13:29:03: [INFO] Using internal autorouter method
13:29:03: [INFO] Routing pad 'SW18:2' at (163372573, 76764611) with pad 'D18:2' at (164540366, 84769000) using coordinate system rotated by 10.0 degree(s)
13:29:03: [INFO] Adding track segment (B.Cu): [(163372573, 76764611), (162480021, 81826522)]
13:29:03: [INFO] Adding track segment (B.Cu): [(162480021, 81826522), (164540366, 84769000)]
13:29:03: [INFO] Routing SW17 with D17
13:29:03: [INFO] Using internal autorouter method
13:29:03: [INFO] Routing pad 'SW17:2' at (140652500, 75882500) with pad 'D17:2' at (143192500, 83562500) using coordinate system rotated by 0 degree(s)
13:29:03: [INFO] Adding track segment (B.Cu): [(140652500, 75882500), (140652500, 81022500)]
13:29:03: [INFO] Adding track segment (B.Cu): [(140652500, 81022500), (143192500, 83562500)]
13:29:03: [INFO] Routing SW16 with D16
13:29:03: [INFO] Using internal autorouter method
13:29:03: [INFO] Routing pad 'SW16:2' at (116840000, 75882500) with pad 'D16:2' at (119380000, 83562500) using coordinate system rotated by 0 degree(s)
13:29:03: [INFO] Adding track segment (B.Cu): [(116840000, 75882500), (116840000, 81022500)]
13:29:03: [INFO] Adding track segment (B.Cu): [(116840000, 81022500), (119380000, 83562500)]
13:29:03: [INFO] Routing SW15 with D15
13:29:03: [INFO] Using internal autorouter method
13:29:03: [INFO] Routing pad 'SW15:2' at (402590000, 56832500) with pad 'D15:2' at (405130000, 64512500) using coordinate system rotated by 0 degree(s)
13:29:03: [INFO] Adding track segment (B.Cu): [(402590000, 56832500), (402590000, 61972500)]
13:29:03: [INFO] Adding track segment (B.Cu): [(402590000, 61972500), (405130000, 64512500)]
13:29:03: [INFO] Routing SW14a with D14
13:29:03: [INFO] Using internal autorouter method
13:29:03: [INFO] Routing pad 'SW14a:2' at (393065000, 56832500) with pad 'D14:2' at (386080000, 64512500) using coordinate system rotated by 0 degree(s)
13:29:03: [INFO] Routing SW14 with D14
13:29:03: [INFO] Using internal autorouter method
13:29:03: [INFO] Routing pad 'SW14:2' at (383540000, 56832500) with pad 'D14:2' at (386080000, 64512500) using coordinate system rotated by 0 degree(s)
13:29:03: [INFO] Adding track segment (B.Cu): [(383540000, 56832500), (383540000, 61972500)]
13:29:03: [INFO] Adding track segment (B.Cu): [(383540000, 61972500), (386080000, 64512500)]
13:29:03: [INFO] Routing SW13 with D13
13:29:03: [INFO] Using internal autorouter method
13:29:03: [INFO] Routing pad 'SW13:2' at (364490000, 56832500) with pad 'D13:2' at (367030000, 64512500) using coordinate system rotated by 0 degree(s)
13:29:03: [INFO] Adding track segment (B.Cu): [(364490000, 56832500), (364490000, 61972500)]
13:29:03: [INFO] Adding track segment (B.Cu): [(364490000, 61972500), (367030000, 64512500)]
13:29:03: [INFO] Routing SW12 with D12
13:29:03: [INFO] Using internal autorouter method
13:29:03: [INFO] Routing pad 'SW12:2' at (343535000, 53022500) with pad 'D12:2' at (346075000, 60702500) using coordinate system rotated by 0 degree(s)
13:29:03: [INFO] Adding track segment (B.Cu): [(343535000, 53022500), (343535000, 58162500)]
13:29:03: [INFO] Adding track segment (B.Cu): [(343535000, 58162500), (346075000, 60702500)]
13:29:03: [INFO] Routing SW11 with D11
13:29:03: [INFO] Using internal autorouter method
13:29:03: [INFO] Routing pad 'SW11:2' at (320506704, 58277991) with pad 'D11:2' at (324341734, 65400248) using coordinate system rotated by 350.0 degree(s)
13:29:04: [INFO] Adding track segment (B.Cu): [(320506704, 58277991), (321399255, 63339902)]
13:29:04: [INFO] Adding track segment (B.Cu): [(321399255, 63339902), (324341734, 65400248)]
13:29:04: [INFO] Routing SW10 with D10
13:29:04: [INFO] Using internal autorouter method
13:29:04: [INFO] Routing pad 'SW10:2' at (301746116, 61585988) with pad 'D10:2' at (305581146, 68708245) using coordinate system rotated by 350.0 degree(s)
13:29:04: [INFO] Adding track segment (B.Cu): [(301746116, 61585988), (302638666, 66647898)]
13:29:04: [INFO] Adding track segment (B.Cu): [(302638666, 66647898), (305581146, 68708245)]
13:29:04: [INFO] Routing SW9 with D9
13:29:04: [INFO] Using internal autorouter method
13:29:04: [INFO] Routing pad 'SW9:2' at (282985529, 64893986) with pad 'D9:2' at (286820559, 72016243) using coordinate system rotated by 350.0 degree(s)
13:29:04: [INFO] Adding track segment (B.Cu): [(282985529, 64893986), (283878079, 69955897)]
13:29:04: [INFO] Adding track segment (B.Cu): [(283878079, 69955897), (286820559, 72016243)]
13:29:04: [INFO] Routing SW8 with D8
13:29:04: [INFO] Using internal autorouter method
13:29:04: [INFO] Routing pad 'SW8:2' at (264224941, 68201984) with pad 'D8:2' at (268059971, 75324241) using coordinate system rotated by 350.0 degree(s)
13:29:04: [INFO] Adding track segment (B.Cu): [(264224941, 68201984), (265117492, 73263894)]
13:29:04: [INFO] Adding track segment (B.Cu): [(265117492, 73263894), (268059971, 75324241)]
13:29:04: [INFO] Routing SW7 with D7
13:29:04: [INFO] Using internal autorouter method
13:29:04: [INFO] Routing pad 'SW7:2' at (232342628, 69582016) with pad 'D7:2' at (233510421, 77586405) using coordinate system rotated by 10.0 degree(s)
13:29:04: [INFO] Adding track segment (B.Cu): [(232342628, 69582016), (231450075, 74643927)]
13:29:04: [INFO] Adding track segment (B.Cu): [(231450075, 74643927), (233510421, 77586405)]
13:29:04: [INFO] Routing SW6 with D6
13:29:04: [INFO] Using internal autorouter method
13:29:04: [INFO] Routing pad 'SW6:2' at (213582041, 66274018) with pad 'D6:2' at (214749834, 74278407) using coordinate system rotated by 10.0 degree(s)
13:29:04: [INFO] Adding track segment (B.Cu): [(213582041, 66274018), (212689489, 71335929)]
13:29:04: [INFO] Adding track segment (B.Cu): [(212689489, 71335929), (214749834, 74278407)]
13:29:04: [INFO] Routing SW5 with D5
13:29:04: [INFO] Using internal autorouter method
13:29:04: [INFO] Routing pad 'SW5:2' at (194821453, 62966020) with pad 'D5:2' at (195989246, 70970409) using coordinate system rotated by 10.0 degree(s)
13:29:04: [INFO] Adding track segment (B.Cu): [(194821453, 62966020), (193928900, 68027930)]
13:29:04: [INFO] Adding track segment (B.Cu): [(193928900, 68027930), (195989246, 70970409)]
13:29:04: [INFO] Routing SW4 with D4
13:29:04: [INFO] Using internal autorouter method
13:29:04: [INFO] Routing pad 'SW4:2' at (176060865, 59658022) with pad 'D4:2' at (177228658, 67662411) using coordinate system rotated by 10.0 degree(s)
13:29:04: [INFO] Adding track segment (B.Cu): [(176060865, 59658022), (175168312, 64719933)]
13:29:04: [INFO] Adding track segment (B.Cu): [(175168312, 64719933), (177228658, 67662411)]
13:29:04: [INFO] Routing SW3 with D3
13:29:04: [INFO] Using internal autorouter method
13:29:04: [INFO] Routing pad 'SW3:2' at (154940000, 52070000) with pad 'D3:2' at (157480000, 59750000) using coordinate system rotated by 0 degree(s)
13:29:04: [INFO] Adding track segment (B.Cu): [(154940000, 52070000), (154940000, 57210000)]
13:29:04: [INFO] Adding track segment (B.Cu): [(154940000, 57210000), (157480000, 59750000)]
13:29:04: [INFO] Routing SW2 with D2
13:29:04: [INFO] Using internal autorouter method
13:29:04: [INFO] Routing pad 'SW2:2' at (135890000, 56832500) with pad 'D2:2' at (138430000, 64512500) using coordinate system rotated by 0 degree(s)
13:29:04: [INFO] Adding track segment (B.Cu): [(135890000, 56832500), (135890000, 61972500)]
13:29:04: [INFO] Adding track segment (B.Cu): [(135890000, 61972500), (138430000, 64512500)]
13:29:04: [INFO] Routing SW1 with D1
13:29:04: [INFO] Using internal autorouter method
13:29:04: [INFO] Routing pad 'SW1:2' at (116840000, 56832500) with pad 'D1:2' at (119380000, 64512500) using coordinate system rotated by 0 degree(s)
13:29:04: [INFO] Adding track segment (B.Cu): [(116840000, 56832500), (116840000, 61972500)]
13:29:04: [INFO] Adding track segment (B.Cu): [(116840000, 61972500), (119380000, 64512500)]
13:29:04: [INFO] Routing COL10 pads
13:29:04: [WARNING] Could not route pads when parent footprints not rotated the same, footprint1: SW26 at 0.0 degree(s) and footprint2: SW11 at 10.0 degree(s)
13:29:04: [INFO] Routing pad 'SW41:1' at (343852500, 97472500) with pad 'SW26:1' at (334327500, 78422500) using coordinate system rotated by 0 degree(s)
13:29:04: [INFO] Adding track segment (F.Cu): [(343852500, 97472500), (334327500, 87947500)]
13:29:04: [INFO] Adding track segment (F.Cu): [(334327500, 87947500), (334327500, 78422500)]
13:29:04: [WARNING] Could not route pads when parent footprints not rotated the same, footprint1: SW55 at 10.0 degree(s) and footprint2: SW67 at 0.0 degree(s)
13:29:04: [INFO] Routing pad 'SW67:1' at (339090000, 135572500) with pad 'SW41:1' at (343852500, 97472500) using coordinate system rotated by 0 degree(s)
13:29:04: [INFO] Routing COL7 pads
13:29:04: [INFO] Routing pad 'SW23:1' at (271100770, 88912651) with pad 'SW8:1' at (258412478, 71806062) using coordinate system rotated by 350.0 degree(s)
13:29:04: [INFO] Adding track segment (F.Cu): [(271100770, 88912651), (260066475, 81186354)]
13:29:04: [INFO] Adding track segment (F.Cu): [(260066475, 81186354), (258412478, 71806062)]
13:29:04: [INFO] Routing pad 'SW38:1' at (279098914, 106846239) with pad 'SW23:1' at (271100770, 88912651) using coordinate system rotated by 350.0 degree(s)
13:29:04: [INFO] Adding track segment (F.Cu): [(279098914, 106846239), (273581768, 102983092)]
13:29:04: [INFO] Adding track segment (F.Cu): [(273581768, 102983092), (271100770, 88912651)]
13:29:04: [INFO] Routing pad 'SW52:1' at (254266031, 130568823) with pad 'SW38:1' at (279098914, 106846239) using coordinate system rotated by 350.0 degree(s)
13:29:04: [INFO] Adding track segment (F.Cu): [(254266031, 130568823), (269718620, 108500237)]
13:29:04: [INFO] Adding track segment (F.Cu): [(269718620, 108500237), (279098914, 106846239)]
13:29:04: [INFO] Routing ROW1 pads
13:29:04: [INFO] Routing pad 'D30:1' at (90805000, 86362500) with pad 'D16:1' at (119380000, 86362500) using coordinate system rotated by 0 degree(s)
13:29:04: [INFO] Adding track segment (B.Cu): [(90805000, 86362500), (119380000, 86362500)]
13:29:04: [INFO] Routing pad 'D16:1' at (119380000, 86362500) with pad 'D17:1' at (143192500, 86362500) using coordinate system rotated by 0 degree(s)
13:29:04: [INFO] Adding track segment (B.Cu): [(119380000, 86362500), (143192500, 86362500)]
13:29:04: [WARNING] Could not route pads when parent footprints not rotated the same, footprint1: D17 at 90.0 degree(s) and footprint2: D18 at 80.0 degree(s)
13:29:04: [INFO] Routing pad 'D18:1' at (164054152, 87526462) with pad 'D19:1' at (182814740, 90834460) using coordinate system rotated by 280.0 degree(s)
13:29:04: [INFO] Adding track segment (B.Cu): [(164054152, 87526462), (182814739, 90834458)]
13:29:04: [INFO] Adding track segment (B.Cu): [(182814739, 90834458), (182814740, 90834460)]
13:29:04: [INFO] Routing pad 'D19:1' at (182814740, 90834460) with pad 'D20:1' at (201575328, 94142458) using coordinate system rotated by 280.0 degree(s)
13:29:04: [INFO] Adding track segment (B.Cu): [(182814740, 90834460), (201575327, 94142456)]
13:29:04: [INFO] Adding track segment (B.Cu): [(201575327, 94142456), (201575328, 94142458)]
13:29:04: [INFO] Routing pad 'D20:1' at (201575328, 94142458) with pad 'D21:1' at (220335916, 97450456) using coordinate system rotated by 280.0 degree(s)
13:29:04: [INFO] Adding track segment (B.Cu): [(201575328, 94142458), (220335915, 97450455)]
13:29:04: [INFO] Adding track segment (B.Cu): [(220335915, 97450455), (220335916, 97450456)]
13:29:04: [WARNING] Could not route pads when parent footprints not rotated the same, footprint1: D21 at 80.0 degree(s) and footprint2: D22 at 100.0 degree(s)
13:29:04: [INFO] Routing pad 'D22:1' at (262473889, 98496290) with pad 'D23:1' at (281234477, 95188292) using coordinate system rotated by 260.0 degree(s)
13:29:04: [INFO] Adding track segment (B.Cu): [(262473889, 98496290), (281234476, 95188291)]
13:29:04: [INFO] Adding track segment (B.Cu): [(281234476, 95188291), (281234477, 95188292)]
13:29:04: [INFO] Routing pad 'D23:1' at (281234477, 95188292) with pad 'D24:1' at (299995064, 91880294) using coordinate system rotated by 260.0 degree(s)
13:29:04: [INFO] Adding track segment (B.Cu): [(281234477, 95188292), (299995063, 91880293)]
13:29:04: [INFO] Adding track segment (B.Cu): [(299995063, 91880293), (299995064, 91880294)]
13:29:04: [INFO] Routing pad 'D24:1' at (299995064, 91880294) with pad 'D25:1' at (318755652, 88572296) using coordinate system rotated by 260.0 degree(s)
13:29:04: [INFO] Adding track segment (B.Cu): [(299995064, 91880294), (318755650, 88572296)]
13:29:04: [INFO] Adding track segment (B.Cu): [(318755650, 88572296), (318755652, 88572296)]
13:29:04: [WARNING] Could not route pads when parent footprints not rotated the same, footprint1: D25 at 100.0 degree(s) and footprint2: D26 at 90.0 degree(s)
13:29:04: [INFO] Routing pad 'D26:1' at (343217500, 86362500) with pad 'D27:1' at (362267500, 86362500) using coordinate system rotated by 0 degree(s)
13:29:04: [INFO] Adding track segment (B.Cu): [(343217500, 86362500), (362267500, 86362500)]
13:29:04: [INFO] Routing pad 'D27:1' at (362267500, 86362500) with pad 'D28:1' at (381317500, 86362500) using coordinate system rotated by 0 degree(s)
13:29:04: [INFO] Adding track segment (B.Cu): [(362267500, 86362500), (381317500, 86362500)]
13:29:04: [INFO] Routing pad 'D28:1' at (381317500, 86362500) with pad 'D29:1' at (405130000, 86362500) using coordinate system rotated by 0 degree(s)
13:29:04: [INFO] Adding track segment (B.Cu): [(381317500, 86362500), (405130000, 86362500)]
13:29:04: [INFO] Routing COL8 pads
13:29:04: [INFO] Routing pad 'SW53:1' at (273026618, 127260826) with pad 'SW65:1' at (273989543, 146434913) using coordinate system rotated by 350.0 degree(s)
13:29:04: [INFO] Adding track segment (F.Cu): [(273026618, 127260826), (275921115, 143676340)]
13:29:04: [INFO] Adding track segment (F.Cu): [(275921115, 143676340), (273989543, 146434913)]
13:29:04: [INFO] Routing pad 'SW24:1' at (289861357, 85604653) with pad 'SW9:1' at (277173066, 68498064) using coordinate system rotated by 350.0 degree(s)
13:29:04: [INFO] Adding track segment (F.Cu): [(289861357, 85604653), (278827064, 77878358)]
13:29:04: [INFO] Adding track segment (F.Cu): [(278827064, 77878358), (277173066, 68498064)]
13:29:04: [INFO] Routing pad 'SW39:1' at (297859502, 103538241) with pad 'SW24:1' at (289861357, 85604653) using coordinate system rotated by 350.0 degree(s)
13:29:04: [INFO] Adding track segment (F.Cu): [(297859502, 103538241), (292342354, 99675092)]
13:29:04: [INFO] Adding track segment (F.Cu): [(292342354, 99675092), (289861357, 85604653)]
13:29:04: [INFO] Routing pad 'SW53:1' at (273026618, 127260826) with pad 'SW39:1' at (297859502, 103538241) using coordinate system rotated by 350.0 degree(s)
13:29:04: [INFO] Adding track segment (F.Cu): [(273026618, 127260826), (288479207, 105192239)]
13:29:04: [INFO] Adding track segment (F.Cu): [(288479207, 105192239), (297859502, 103538241)]
13:29:04: [INFO] Routing COL14 pads
13:29:04: [INFO] Routing pad 'SW44:1' at (77152500, 97472500) with pad 'SW30:1' at (81915000, 78422500) using coordinate system rotated by 0 degree(s)
13:29:04: [INFO] Adding track segment (F.Cu): [(77152500, 97472500), (81915000, 92710000)]
13:29:04: [INFO] Adding track segment (F.Cu): [(81915000, 92710000), (81915000, 78422500)]
13:29:04: [INFO] Routing pad 'SW30:1' at (81915000, 78422500) with pad 'SW15:1' at (396240000, 59372500) using coordinate system rotated by 0 degree(s)
13:29:04: [INFO] Routing pad 'SW15:1' at (396240000, 59372500) with pad 'SW59:1' at (410527500, 116522500) using coordinate system rotated by 0 degree(s)
13:29:04: [INFO] Routing pad 'SW15:1' at (396240000, 59372500) with pad 'SW71:1' at (434340000, 59372500) using coordinate system rotated by 0 degree(s)
13:29:04: [INFO] Adding track segment (F.Cu): [(396240000, 59372500), (434340000, 59372500)]
13:29:04: [INFO] Routing COL5 pads
13:29:04: [INFO] Routing pad 'SW63:1' at (193655454, 142715115) with pad 'SW50:1' at (201653599, 124781527) using coordinate system rotated by 10.0 degree(s)
13:29:04: [INFO] Adding track segment (F.Cu): [(193655454, 142715115), (199172600, 138851967)]
13:29:04: [INFO] Adding track segment (F.Cu): [(199172600, 138851967), (201653599, 124781527)]
13:29:04: [INFO] Routing pad 'SW21:1' at (212959742, 88087351) with pad 'SW6:1' at (206887446, 67672764) using coordinate system rotated by 10.0 degree(s)
13:29:04: [INFO] Adding track segment (F.Cu): [(212959742, 88087351), (205233446, 77053057)]
13:29:04: [INFO] Adding track segment (F.Cu): [(205233446, 77053057), (206887446, 67672764)]
13:29:04: [INFO] Routing pad 'SW36:1' at (214341891, 107674938) with pad 'SW21:1' at (212959742, 88087351) using coordinate system rotated by 10.0 degree(s)
13:29:04: [INFO] Adding track segment (F.Cu): [(214341891, 107674938), (210478742, 102157790)]
13:29:04: [INFO] Adding track segment (F.Cu): [(210478742, 102157790), (212959742, 88087351)]
13:29:04: [INFO] Routing pad 'SW50:1' at (201653599, 124781527) with pad 'SW36:1' at (214341891, 107674938) using coordinate system rotated by 10.0 degree(s)
13:29:04: [INFO] Adding track segment (F.Cu): [(201653599, 124781527), (212687891, 117055231)]
13:29:04: [INFO] Adding track segment (F.Cu): [(212687891, 117055231), (214341891, 107674938)]
13:29:04: [INFO] Routing COL3 pads
13:29:04: [INFO] Routing pad 'SW62:1' at (160824426, 136926119) with pad 'SW48:1' at (164132424, 118165531) using coordinate system rotated by 10.0 degree(s)
13:29:04: [INFO] Adding track segment (F.Cu): [(160824426, 136926119), (164132423, 118165530)]
13:29:04: [INFO] Adding track segment (F.Cu): [(164132423, 118165530), (164132424, 118165531)]
13:29:04: [INFO] Routing pad 'SW19:1' at (175438566, 81471355) with pad 'SW4:1' at (169366270, 61056768) using coordinate system rotated by 10.0 degree(s)
13:29:04: [INFO] Adding track segment (F.Cu): [(175438566, 81471355), (167712270, 70437061)]
13:29:04: [INFO] Adding track segment (F.Cu): [(167712270, 70437061), (169366270, 61056768)]
13:29:04: [INFO] Routing pad 'SW34:1' at (176820715, 101058942) with pad 'SW19:1' at (175438566, 81471355) using coordinate system rotated by 10.0 degree(s)
13:29:04: [INFO] Adding track segment (F.Cu): [(176820715, 101058942), (172957567, 95541794)]
13:29:04: [INFO] Adding track segment (F.Cu): [(172957567, 95541794), (175438566, 81471355)]
13:29:04: [INFO] Routing pad 'SW48:1' at (164132424, 118165531) with pad 'SW34:1' at (176820715, 101058942) using coordinate system rotated by 10.0 degree(s)
13:29:04: [INFO] Adding track segment (F.Cu): [(164132424, 118165531), (175166716, 110439235)]
13:29:04: [INFO] Adding track segment (F.Cu): [(175166716, 110439235), (176820715, 101058942)]
13:29:04: [INFO] Routing COL13 pads
13:29:04: [INFO] Routing pad 'SW43:1' at (393858750, 97472500) with pad 'SW58:1' at (384333750, 116522500) using coordinate system rotated by 0 degree(s)
13:29:04: [INFO] Adding track segment (F.Cu): [(393858750, 97472500), (393858750, 106997500)]
13:29:04: [INFO] Adding track segment (F.Cu): [(393858750, 106997500), (384333750, 116522500)]
13:29:04: [INFO] Routing pad 'SW14:1' at (377190000, 59372500) with pad 'SW14a:1' at (386715000, 59372500) using coordinate system rotated by 0 degree(s)
13:29:04: [INFO] Adding track segment (F.Cu): [(377190000, 59372500), (386715000, 59372500)]
13:29:04: [INFO] Routing pad 'SW29:1' at (396240000, 78422500) with pad 'SW43:1' at (393858750, 97472500) using coordinate system rotated by 0 degree(s)
13:29:04: [INFO] Adding track segment (F.Cu): [(396240000, 78422500), (396240000, 95091250)]
13:29:04: [INFO] Adding track segment (F.Cu): [(396240000, 95091250), (393858750, 97472500)]
13:29:04: [INFO] Routing pad 'SW14a:1' at (386715000, 59372500) with pad 'SW29:1' at (396240000, 78422500) using coordinate system rotated by 0 degree(s)
13:29:04: [INFO] Routing pad 'SW58:1' at (384333750, 116522500) with pad 'SW70:1' at (429577500, 135572500) using coordinate system rotated by 0 degree(s)
13:29:04: [INFO] Routing ROW2 pads
13:29:04: [INFO] Routing pad 'D44:1' at (86042500, 105412500) with pad 'D31:1' at (116998750, 105412500) using coordinate system rotated by 0 degree(s)
13:29:04: [INFO] Adding track segment (B.Cu): [(86042500, 105412500), (116998750, 105412500)]
13:29:04: [INFO] Routing pad 'D31:1' at (116998750, 105412500) with pad 'D32:1' at (143192500, 105412500) using coordinate system rotated by 0 degree(s)
13:29:04: [INFO] Adding track segment (B.Cu): [(116998750, 105412500), (143192500, 105412500)]
13:29:04: [WARNING] Could not route pads when parent footprints not rotated the same, footprint1: D32 at 90.0 degree(s) and footprint2: D33 at 80.0 degree(s)
13:29:04: [INFO] Routing pad 'D33:1' at (165436302, 107114049) with pad 'D34:1' at (184196889, 110422047) using coordinate system rotated by 280.0 degree(s)
13:29:05: [INFO] Adding track segment (B.Cu): [(165436302, 107114049), (184196888, 110422046)]
13:29:05: [INFO] Adding track segment (B.Cu): [(184196888, 110422046), (184196889, 110422047)]
13:29:05: [INFO] Routing pad 'D34:1' at (184196889, 110422047) with pad 'D35:1' at (202957477, 113730045) using coordinate system rotated by 280.0 degree(s)
13:29:05: [INFO] Adding track segment (B.Cu): [(184196889, 110422047), (202957475, 113730043)]
13:29:05: [INFO] Adding track segment (B.Cu): [(202957475, 113730043), (202957477, 113730045)]
13:29:05: [INFO] Routing pad 'D35:1' at (202957477, 113730045) with pad 'D36:1' at (221718065, 117038043) using coordinate system rotated by 280.0 degree(s)
13:29:05: [INFO] Adding track segment (B.Cu): [(202957477, 113730045), (221718064, 117038042)]
13:29:05: [INFO] Adding track segment (B.Cu): [(221718064, 117038042), (221718065, 117038043)]
13:29:05: [WARNING] Could not route pads when parent footprints not rotated the same, footprint1: D36 at 80.0 degree(s) and footprint2: D37 at 100.0 degree(s)
13:29:05: [INFO] Routing pad 'D37:1' at (270472034, 116429878) with pad 'D38:1' at (289232621, 113121880) using coordinate system rotated by 260.0 degree(s)
13:29:05: [INFO] Adding track segment (B.Cu): [(270472034, 116429878), (289232620, 113121880)]
13:29:05: [INFO] Adding track segment (B.Cu): [(289232620, 113121880), (289232621, 113121880)]
13:29:05: [INFO] Routing pad 'D38:1' at (289232621, 113121880) with pad 'D39:1' at (307993209, 109813882) using coordinate system rotated by 260.0 degree(s)
13:29:05: [INFO] Adding track segment (B.Cu): [(289232621, 113121880), (307993207, 109813882)]
13:29:05: [INFO] Adding track segment (B.Cu): [(307993207, 109813882), (307993209, 109813882)]
13:29:05: [INFO] Routing pad 'D39:1' at (307993209, 109813882) with pad 'D40:1' at (326753797, 106505885) using coordinate system rotated by 260.0 degree(s)
13:29:05: [INFO] Adding track segment (B.Cu): [(307993209, 109813882), (326753794, 106505883)]
13:29:05: [INFO] Adding track segment (B.Cu): [(326753794, 106505883), (326753797, 106505885)]
13:29:05: [WARNING] Could not route pads when parent footprints not rotated the same, footprint1: D40 at 100.0 degree(s) and footprint2: D41 at 90.0 degree(s)
13:29:05: [INFO] Routing pad 'D41:1' at (352742500, 105412500) with pad 'D42:1' at (371792500, 105412500) using coordinate system rotated by 0 degree(s)
13:29:05: [INFO] Adding track segment (B.Cu): [(352742500, 105412500), (371792500, 105412500)]
13:29:05: [INFO] Routing pad 'D42:1' at (371792500, 105412500) with pad 'D43:1' at (402748750, 105412500) using coordinate system rotated by 0 degree(s)
13:29:05: [INFO] Adding track segment (B.Cu): [(371792500, 105412500), (402748750, 105412500)]
13:29:05: [INFO] Routing COL9 pads
13:29:05: [INFO] Routing pad 'SW25:1' at (308621945, 82296655) with pad 'SW10:1' at (295933653, 65190066) using coordinate system rotated by 350.0 degree(s)
13:29:05: [INFO] Adding track segment (F.Cu): [(308621945, 82296655), (297587651, 74570359)]
13:29:05: [INFO] Adding track segment (F.Cu): [(297587651, 74570359), (295933653, 65190066)]
13:29:05: [INFO] Routing pad 'SW40:1' at (316620090, 100230244) with pad 'SW25:1' at (308621945, 82296655) using coordinate system rotated by 350.0 degree(s)
13:29:05: [INFO] Adding track segment (F.Cu): [(316620090, 100230244), (311102943, 96367096)]
13:29:05: [INFO] Adding track segment (F.Cu): [(311102943, 96367096), (308621945, 82296655)]
13:29:05: [INFO] Routing pad 'SW54:1' at (291787206, 123952828) with pad 'SW66:1' at (311510718, 139818918) using coordinate system rotated by 350.0 degree(s)
13:29:05: [INFO] Adding track segment (F.Cu): [(291787206, 123952828), (292200704, 126297901)]
13:29:05: [INFO] Adding track segment (F.Cu): [(292200704, 126297901), (311510718, 139818918)]
13:29:05: [INFO] Routing pad 'SW54:1' at (291787206, 123952828) with pad 'SW40:1' at (316620090, 100230244) using coordinate system rotated by 350.0 degree(s)
13:29:05: [INFO] Adding track segment (F.Cu): [(291787206, 123952828), (307239794, 101884243)]
13:29:05: [INFO] Adding track segment (F.Cu): [(307239794, 101884243), (316620090, 100230244)]
13:29:05: [INFO] Routing ROW4 pads
13:29:05: [INFO] Routing pad 'D60:1' at (109855000, 143512500) with pad 'D61:1' at (133667500, 143512500) using coordinate system rotated by 0 degree(s)
13:29:05: [INFO] Adding track segment (B.Cu): [(109855000, 143512500), (133667500, 143512500)]
13:29:05: [WARNING] Could not route pads when parent footprints not rotated the same, footprint1: D61 at 90.0 degree(s) and footprint2: D62 at 80.0 degree(s)
13:29:05: [INFO] Routing pad 'D62:1' at (168200600, 146289224) with pad 'D63:1' at (201031628, 152078220) using coordinate system rotated by 280.0 degree(s)
13:29:05: [INFO] Adding track segment (B.Cu): [(168200600, 146289224), (201031627, 152078219)]
13:29:05: [INFO] Adding track segment (B.Cu): [(201031627, 152078219), (201031628, 152078220)]
13:29:05: [INFO] Routing pad 'D63:1' at (201031628, 152078220) with pad 'D64:1' at (229172510, 157040216) using coordinate system rotated by 280.0 degree(s)
13:29:05: [INFO] Adding track segment (B.Cu): [(201031628, 152078220), (229172507, 157040216)]
13:29:05: [INFO] Adding track segment (B.Cu): [(229172507, 157040216), (229172510, 157040216)]
13:29:05: [WARNING] Could not route pads when parent footprints not rotated the same, footprint1: D64 at 80.0 degree(s) and footprint2: D65 at 100.0 degree(s)
13:29:05: [INFO] Routing pad 'D65:1' at (284123250, 152710554) with pad 'D66:1' at (321644425, 146094559) using coordinate system rotated by 260.0 degree(s)
13:29:05: [INFO] Adding track segment (B.Cu): [(284123250, 152710554), (321644424, 146094558)]
13:29:05: [INFO] Adding track segment (B.Cu): [(321644424, 146094558), (321644425, 146094559)]
13:29:05: [WARNING] Could not route pads when parent footprints not rotated the same, footprint1: D66 at 100.0 degree(s) and footprint2: D67 at 90.0 degree(s)
13:29:05: [INFO] Routing pad 'D67:1' at (347980000, 143512500) with pad 'D68:1' at (400367500, 143512500) using coordinate system rotated by 0 degree(s)
13:29:05: [INFO] Adding track segment (B.Cu): [(347980000, 143512500), (400367500, 143512500)]
13:29:05: [INFO] Routing pad 'D68:1' at (400367500, 143512500) with pad 'D69:1' at (419417500, 143512500) using coordinate system rotated by 0 degree(s)
13:29:05: [INFO] Adding track segment (B.Cu): [(400367500, 143512500), (419417500, 143512500)]
13:29:05: [INFO] Routing pad 'D69:1' at (419417500, 143512500) with pad 'D70:1' at (438467500, 143512500) using coordinate system rotated by 0 degree(s)
13:29:05: [INFO] Adding track segment (B.Cu): [(419417500, 143512500), (438467500, 143512500)]
13:29:05: [INFO] Routing pad 'D70:1' at (438467500, 143512500) with pad 'D71:1' at (443230000, 67312500) using coordinate system rotated by 0 degree(s)
13:29:05: [INFO] Adding track segment (B.Cu): [(438467500, 143512500), (443230000, 138750000)]
13:29:05: [INFO] Adding track segment (B.Cu): [(443230000, 138750000), (443230000, 67312500)]
13:29:05: [INFO] Routing COL6 pads
13:29:05: [INFO] Routing pad 'SW51:1' at (220414187, 128089524) with pad 'SW64:1' at (221796336, 147677111) using coordinate system rotated by 10.0 degree(s)
13:29:05: [INFO] Adding track segment (F.Cu): [(220414187, 128089524), (217933188, 142159964)]
13:29:05: [INFO] Adding track segment (F.Cu): [(217933188, 142159964), (221796336, 147677111)]
13:29:05: [WARNING] Could not route pads when parent footprints not rotated the same, footprint1: SW22 at 10.0 degree(s) and footprint2: SW7 at -10.0 degree(s)
13:29:05: [INFO] Routing pad 'SW37:1' at (260338327, 110154237) with pad 'SW22:1' at (252340182, 92220649) using coordinate system rotated by 350.0 degree(s)
13:29:05: [INFO] Adding track segment (F.Cu): [(260338327, 110154237), (254821179, 106291088)]
13:29:05: [INFO] Adding track segment (F.Cu): [(254821179, 106291088), (252340182, 92220649)]
13:29:05: [WARNING] Could not route pads when parent footprints not rotated the same, footprint1: SW51 at -10.0 degree(s) and footprint2: SW37 at 10.0 degree(s)
13:29:05: [INFO] Routing COL4 pads
13:29:05: [INFO] Routing pad 'SW20:1' at (194199154, 84779353) with pad 'SW5:1' at (188126858, 64364766) using coordinate system rotated by 10.0 degree(s)
13:29:05: [INFO] Adding track segment (F.Cu): [(194199154, 84779353), (186472858, 73745059)]
13:29:05: [INFO] Adding track segment (F.Cu): [(186472858, 73745059), (188126858, 64364766)]
13:29:05: [INFO] Routing pad 'SW35:1' at (195581303, 104366940) with pad 'SW20:1' at (194199154, 84779353) using coordinate system rotated by 10.0 degree(s)
13:29:05: [INFO] Adding track segment (F.Cu): [(195581303, 104366940), (191718155, 98849792)]
13:29:05: [INFO] Adding track segment (F.Cu): [(191718155, 98849792), (194199154, 84779353)]
13:29:05: [INFO] Routing pad 'SW49:1' at (182893011, 121473529) with pad 'SW35:1' at (195581303, 104366940) using coordinate system rotated by 10.0 degree(s)
13:29:05: [INFO] Adding track segment (F.Cu): [(182893011, 121473529), (193927303, 113747233)]
13:29:05: [INFO] Adding track segment (F.Cu): [(193927303, 113747233), (195581303, 104366940)]
13:29:05: [INFO] Routing ROW0 pads
13:29:05: [INFO] Routing pad 'D1:1' at (119380000, 67312500) with pad 'D2:1' at (138430000, 67312500) using coordinate system rotated by 0 degree(s)
13:29:05: [INFO] Adding track segment (B.Cu): [(119380000, 67312500), (138430000, 67312500)]
13:29:05: [INFO] Routing pad 'D2:1' at (138430000, 67312500) with pad 'D3:1' at (157480000, 62550000) using coordinate system rotated by 0 degree(s)
13:29:05: [INFO] Adding track segment (B.Cu): [(138430000, 67312500), (152717500, 67312500)]
13:29:05: [INFO] Adding track segment (B.Cu): [(152717500, 67312500), (157480000, 62550000)]
13:29:05: [WARNING] Could not route pads when parent footprints not rotated the same, footprint1: D3 at 90.0 degree(s) and footprint2: D4 at 80.0 degree(s)
13:29:05: [INFO] Routing pad 'D4:1' at (176742444, 70419873) with pad 'D5:1' at (195503032, 73727871) using coordinate system rotated by 280.0 degree(s)
13:29:05: [INFO] Adding track segment (B.Cu): [(176742444, 70419873), (195503032, 73727870)]
13:29:05: [INFO] Adding track segment (B.Cu): [(195503032, 73727870), (195503032, 73727871)]
13:29:05: [INFO] Routing pad 'D5:1' at (195503032, 73727871) with pad 'D6:1' at (214263620, 77035869) using coordinate system rotated by 280.0 degree(s)
13:29:05: [INFO] Adding track segment (B.Cu): [(195503032, 73727871), (214263619, 77035868)]
13:29:05: [INFO] Adding track segment (B.Cu): [(214263619, 77035868), (214263620, 77035869)]
13:29:05: [INFO] Routing pad 'D6:1' at (214263620, 77035869) with pad 'D7:1' at (233024207, 80343867) using coordinate system rotated by 280.0 degree(s)
13:29:05: [INFO] Adding track segment (B.Cu): [(214263620, 77035869), (233024205, 80343865)]
13:29:05: [INFO] Adding track segment (B.Cu): [(233024205, 80343865), (233024207, 80343867)]
13:29:05: [WARNING] Could not route pads when parent footprints not rotated the same, footprint1: D7 at 80.0 degree(s) and footprint2: D8 at 100.0 degree(s)
13:29:05: [INFO] Routing pad 'D8:1' at (268546185, 78081703) with pad 'D9:1' at (287306773, 74773705) using coordinate system rotated by 260.0 degree(s)
13:29:05: [INFO] Adding track segment (B.Cu): [(268546185, 78081703), (287306771, 74773705)]
13:29:05: [INFO] Adding track segment (B.Cu): [(287306771, 74773705), (287306773, 74773705)]
13:29:05: [INFO] Routing pad 'D9:1' at (287306773, 74773705) with pad 'D10:1' at (306067360, 71465707) using coordinate system rotated by 260.0 degree(s)
13:29:05: [INFO] Adding track segment (B.Cu): [(287306773, 74773705), (306067359, 71465706)]
13:29:05: [INFO] Adding track segment (B.Cu): [(306067359, 71465706), (306067360, 71465707)]
13:29:05: [INFO] Routing pad 'D10:1' at (306067360, 71465707) with pad 'D11:1' at (324827948, 68157710) using coordinate system rotated by 260.0 degree(s)
13:29:05: [INFO] Adding track segment (B.Cu): [(306067360, 71465707), (324827946, 68157708)]
13:29:05: [INFO] Adding track segment (B.Cu): [(324827946, 68157708), (324827948, 68157710)]
13:29:05: [WARNING] Could not route pads when parent footprints not rotated the same, footprint1: D11 at 100.0 degree(s) and footprint2: D12 at 90.0 degree(s)
13:29:05: [INFO] Routing pad 'D12:1' at (346075000, 63502500) with pad 'D13:1' at (367030000, 67312500) using coordinate system rotated by 0 degree(s)
13:29:05: [INFO] Adding track segment (B.Cu): [(346075000, 63502500), (349885000, 67312500)]
13:29:05: [INFO] Adding track segment (B.Cu): [(349885000, 67312500), (367030000, 67312500)]
13:29:05: [INFO] Routing pad 'D13:1' at (367030000, 67312500) with pad 'D14:1' at (386080000, 67312500) using coordinate system rotated by 0 degree(s)
13:29:05: [INFO] Adding track segment (B.Cu): [(367030000, 67312500), (386080000, 67312500)]
13:29:05: [INFO] Routing pad 'D14:1' at (386080000, 67312500) with pad 'D15:1' at (405130000, 67312500) using coordinate system rotated by 0 degree(s)
13:29:05: [INFO] Adding track segment (B.Cu): [(386080000, 67312500), (405130000, 67312500)]
13:29:05: [INFO] Routing ROW3 pads
13:29:05: [INFO] Routing pad 'D46:1' at (95567500, 67312500) with pad 'D45:1' at (116998750, 124462500) using coordinate system rotated by 0 degree(s)
13:29:05: [INFO] Routing pad 'D45:1' at (116998750, 124462500) with pad 'D47:1' at (147955000, 124462500) using coordinate system rotated by 0 degree(s)
13:29:05: [INFO] Adding track segment (B.Cu): [(116998750, 124462500), (147955000, 124462500)]
13:29:05: [WARNING] Could not route pads when parent footprints not rotated the same, footprint1: D47 at 90.0 degree(s) and footprint2: D48 at 80.0 degree(s)
13:29:05: [INFO] Routing pad 'D48:1' at (171508598, 127528636) with pad 'D49:1' at (190269185, 130836634) using coordinate system rotated by 280.0 degree(s)
13:29:05: [INFO] Adding track segment (B.Cu): [(171508598, 127528636), (190269183, 130836632)]
13:29:05: [INFO] Adding track segment (B.Cu): [(190269183, 130836632), (190269185, 130836634)]
13:29:05: [INFO] Routing pad 'D49:1' at (190269185, 130836634) with pad 'D50:1' at (209029773, 134144632) using coordinate system rotated by 280.0 degree(s)
13:29:05: [INFO] Adding track segment (B.Cu): [(190269185, 130836634), (209029772, 134144631)]
13:29:05: [INFO] Adding track segment (B.Cu): [(209029772, 134144631), (209029773, 134144632)]
13:29:05: [INFO] Routing pad 'D50:1' at (209029773, 134144632) with pad 'D51:1' at (227790361, 137452629) using coordinate system rotated by 280.0 degree(s)
13:29:05: [INFO] Adding track segment (B.Cu): [(209029773, 134144632), (227790359, 137452629)]
13:29:05: [INFO] Adding track segment (B.Cu): [(227790359, 137452629), (227790361, 137452629)]
13:29:05: [WARNING] Could not route pads when parent footprints not rotated the same, footprint1: D51 at 80.0 degree(s) and footprint2: D52 at 100.0 degree(s)
13:29:05: [INFO] Routing pad 'D52:1' at (264399738, 136844464) with pad 'D53:1' at (283160325, 133536467) using coordinate system rotated by 260.0 degree(s)
13:29:05: [INFO] Adding track segment (B.Cu): [(264399738, 136844464), (283160323, 133536465)]
13:29:05: [INFO] Adding track segment (B.Cu): [(283160323, 133536465), (283160325, 133536467)]
13:29:05: [INFO] Routing pad 'D53:1' at (283160325, 133536467) with pad 'D54:1' at (301920913, 130228469) using coordinate system rotated by 260.0 degree(s)
13:29:05: [INFO] Adding track segment (B.Cu): [(283160325, 133536467), (301920912, 130228468)]
13:29:05: [INFO] Adding track segment (B.Cu): [(301920912, 130228468), (301920913, 130228469)]
13:29:05: [INFO] Routing pad 'D54:1' at (301920913, 130228469) with pad 'D55:1' at (320681501, 126920471) using coordinate system rotated by 260.0 degree(s)
13:29:05: [INFO] Adding track segment (B.Cu): [(301920913, 130228469), (320681500, 126920471)]
13:29:05: [INFO] Adding track segment (B.Cu): [(320681500, 126920471), (320681501, 126920471)]
13:29:05: [WARNING] Could not route pads when parent footprints not rotated the same, footprint1: D55 at 100.0 degree(s) and footprint2: D56 at 90.0 degree(s)
13:29:05: [INFO] Routing pad 'D56:1' at (347980000, 124462500) with pad 'D57:1' at (367030000, 124462500) using coordinate system rotated by 0 degree(s)
13:29:05: [INFO] Adding track segment (B.Cu): [(347980000, 124462500), (367030000, 124462500)]
13:29:05: [INFO] Routing pad 'D57:1' at (367030000, 124462500) with pad 'D58:1' at (393223750, 124462500) using coordinate system rotated by 0 degree(s)
13:29:05: [INFO] Adding track segment (B.Cu): [(367030000, 124462500), (393223750, 124462500)]
13:29:05: [INFO] Routing pad 'D58:1' at (393223750, 124462500) with pad 'D59:1' at (419417500, 124462500) using coordinate system rotated by 0 degree(s)
13:29:05: [INFO] Adding track segment (B.Cu): [(393223750, 124462500), (419417500, 124462500)]
13:29:05: [INFO] Routing COL0 pads
13:29:05: [INFO] Routing pad 'SW45:1' at (108108750, 116522500) with pad 'SW31:1' at (108108750, 97472500) using coordinate system rotated by 0 degree(s)
13:29:05: [INFO] Adding track segment (F.Cu): [(108108750, 116522500), (108108750, 97472500)]
13:29:05: [INFO] Routing pad 'SW60:1' at (100965000, 135572500) with pad 'SW45:1' at (108108750, 116522500) using coordinate system rotated by 0 degree(s)
13:29:05: [INFO] Adding track segment (F.Cu): [(100965000, 135572500), (108108750, 128428750)]
13:29:05: [INFO] Adding track segment (F.Cu): [(108108750, 128428750), (108108750, 116522500)]
13:29:05: [INFO] Routing pad 'SW16:1' at (110490000, 78422500) with pad 'SW1:1' at (110490000, 59372500) using coordinate system rotated by 0 degree(s)
13:29:05: [INFO] Adding track segment (F.Cu): [(110490000, 78422500), (110490000, 59372500)]
13:29:05: [INFO] Routing pad 'SW31:1' at (108108750, 97472500) with pad 'SW16:1' at (110490000, 78422500) using coordinate system rotated by 0 degree(s)
13:29:05: [INFO] Adding track segment (F.Cu): [(108108750, 97472500), (110490000, 95091250)]
13:29:05: [INFO] Adding track segment (F.Cu): [(110490000, 95091250), (110490000, 78422500)]
13:29:05: [INFO] Routing COL11 pads
13:29:05: [INFO] Routing pad 'SW42:1' at (362902500, 97472500) with pad 'SW56:1' at (339090000, 116522500) using coordinate system rotated by 0 degree(s)
13:29:05: [INFO] Adding track segment (F.Cu): [(362902500, 97472500), (358140000, 97472500)]
13:29:05: [INFO] Adding track segment (F.Cu): [(358140000, 97472500), (339090000, 116522500)]
13:29:05: [INFO] Routing pad 'SW12:1' at (337185000, 55562500) with pad 'SW27:1' at (353377500, 78422500) using coordinate system rotated by 0 degree(s)
13:29:05: [INFO] Adding track segment (F.Cu): [(337185000, 55562500), (337185000, 62230000)]
13:29:05: [INFO] Adding track segment (F.Cu): [(337185000, 62230000), (353377500, 78422500)]
13:29:06: [INFO] Routing pad 'SW27:1' at (353377500, 78422500) with pad 'SW42:1' at (362902500, 97472500) using coordinate system rotated by 0 degree(s)
13:29:06: [INFO] Adding track segment (F.Cu): [(353377500, 78422500), (353377500, 87947500)]
13:29:06: [INFO] Adding track segment (F.Cu): [(353377500, 87947500), (362902500, 97472500)]
13:29:06: [INFO] Routing pad 'SW42:1' at (362902500, 97472500) with pad 'SW68:1' at (391477500, 135572500) using coordinate system rotated by 0 degree(s)
13:29:06: [INFO] Adding track segment (F.Cu): [(362902500, 97472500), (362902500, 106997500)]
13:29:06: [INFO] Adding track segment (F.Cu): [(362902500, 106997500), (391477500, 135572500)]
13:29:06: [INFO] Routing COL1 pads
13:29:06: [INFO] Routing pad 'SW32:1' at (134302500, 97472500) with pad 'SW61:1' at (124777500, 135572500) using coordinate system rotated by 0 degree(s)
13:29:06: [INFO] Adding track segment (F.Cu): [(134302500, 97472500), (134302500, 126047500)]
13:29:06: [INFO] Adding track segment (F.Cu): [(134302500, 126047500), (124777500, 135572500)]
13:29:06: [INFO] Routing pad 'SW46:1' at (86677500, 59372500) with pad 'SW2:1' at (129540000, 59372500) using coordinate system rotated by 0 degree(s)
13:29:06: [INFO] Adding track segment (F.Cu): [(86677500, 59372500), (129540000, 59372500)]
13:29:06: [INFO] Could not add track segment due to detected collision
13:29:06: [INFO] Routing pad 'SW2:1' at (129540000, 59372500) with pad 'SW17:1' at (134302500, 78422500) using coordinate system rotated by 0 degree(s)
13:29:06: [INFO] Adding track segment (F.Cu): [(129540000, 59372500), (129540000, 73660000)]
13:29:06: [INFO] Adding track segment (F.Cu): [(129540000, 73660000), (134302500, 78422500)]
13:29:06: [INFO] Routing pad 'SW17:1' at (134302500, 78422500) with pad 'SW32:1' at (134302500, 97472500) using coordinate system rotated by 0 degree(s)
13:29:06: [INFO] Adding track segment (F.Cu): [(134302500, 78422500), (134302500, 97472500)]
13:29:06: [INFO] Routing COL2 pads
13:29:06: [WARNING] Could not route pads when parent footprints not rotated the same, footprint1: SW18 at -10.0 degree(s) and footprint2: SW3 at 0.0 degree(s)
13:29:06: [INFO] Routing pad 'SW33:1' at (158060128, 97750944) with pad 'SW18:1' at (156677978, 78163357) using coordinate system rotated by 10.0 degree(s)
13:29:06: [INFO] Adding track segment (F.Cu): [(158060128, 97750944), (154196978, 92233796)]
13:29:06: [INFO] Adding track segment (F.Cu): [(154196978, 92233796), (156677978, 78163357)]
13:29:06: [WARNING] Could not route pads when parent footprints not rotated the same, footprint1: SW47 at 0.0 degree(s) and footprint2: SW33 at -10.0 degree(s)
13:29:06: [INFO] Routing COL12 pads
13:29:06: [INFO] Routing pad 'SW28:1' at (372427500, 78422500) with pad 'SW57:1' at (358140000, 116522500) using coordinate system rotated by 0 degree(s)
13:29:06: [INFO] Routing pad 'SW13:1' at (358140000, 59372500) with pad 'SW28:1' at (372427500, 78422500) using coordinate system rotated by 0 degree(s)
13:29:06: [INFO] Adding track segment (F.Cu): [(358140000, 59372500), (358140000, 64135000)]
13:29:06: [INFO] Adding track segment (F.Cu): [(358140000, 64135000), (372427500, 78422500)]
13:29:06: [INFO] Routing pad 'SW57:1' at (358140000, 116522500) with pad 'SW69:1' at (410527500, 135572500) using coordinate system rotated by 0 degree(s)
13:29:06: [INFO] Removing dangling tracks
