=== kbplacer.kle_serial ===
=== layout2image.py ===
=== kbplacer ===
13:29:26: [INFO] User layout: https://editor.keyboard-tools.xyz/#share=NrDeCIA9wLgAgIwCYB0SCsAaO4DGscBiAQ1LPG3AHcCkBfShTAdgB0A7DjgBkwXAC6mAFBhwATwLc0WHPnjhCzZSvAMcTbhTgRo8aRnXgm-bBHlFcV62sq9TOXkm3HMzxpgDML3t7uYAFhcmII90H0xw-wA2YMxork52Xi0PNiSeTFSdPAJFFVUjXmZBEWBwTyztXSkZSgtFMnJKGngEGSNKh3M8wmsbIyQ+FyH3HEqxiq8R6coh0PHAl0qonCHV8CHYs1yFJQKSloJ25nROlkSOTRn0xOudvTgDWV3Lfvxz26STatf8g5crUQKFOgwuGXYPyEonAWGyNX0dTkvSapEBxxBZ0oWG6fz671sOACw0oxMmWHJsyJVPAxIWsKW2MiLmJqx6e1RxHRbQ6TISEKG8LxBxKRiwXw4gpZLF+j2e9V67w+fMu7CGuIa+wK3OBhiZErVw2h5WYVQetQwCo5qJ17T1OFNCFVxOy4GifGdZpyQLtWJw7qQnqFmqVOs8RlNniDvyB4copoC0Z2ms5hLdkSTOTlKBempFadN-MSlVdpoNJZc7vLVWNCN1L0kiMtyOtTVtvIdHohxIc6ad3ZJ3ox9vTgYHGsVBKO8FQoPjXk9uKBqBHCcXvxTNojGfHlZ3iR7stqLx9Oe31aXGL96YvpVEdd90-r2-7B7ce9fSTJMeH14DnrGdk3n6HVmCMd0owHZxaygX8rSIVMn19F9PT8f0uzfNCIFPEd-wHLC8VDJ8407SDMI3FEt0oCDUIovYiJwWNt3QWiYMeR8WwQm0kI7cBHU9el3U-Dg6R-HlcLcAS6OAmwn2icCFwHBYgMaKj0JYpS7zEdjeP4gc2WoX8FOE9hWT3Mc3wMkMp0Yghol4mj9Ok1S2wUjTLMEAQgA
13:29:26: [INFO] Labels prefixes: for rows: 'ROW', for columns: 'COL'
13:29:26: [INFO] Matrix size: 7x7
13:29:27: [WARNING] No stabilizer footprint for width 2.75u, using 2u as fallback
13:29:27: [WARNING] No stabilizer footprint for width 2.25u, using 2u as fallback
13:29:27: [INFO] Add COL0 net
13:29:27: [INFO] Add COL1 net
13:29:27: [INFO] Add COL2 net
13:29:27: [INFO] Add COL3 net
13:29:27: [INFO] Add COL4 net
13:29:27: [INFO] Add COL5 net
13:29:27: [INFO] Add COL6 net
13:29:27: [INFO] Add COL7 net
13:29:27: [INFO] Add Net-(D1-A) net
13:29:27: [INFO] Add Net-(D10-A) net
13:29:27: [INFO] Add Net-(D11-A) net
13:29:27: [INFO] Add Net-(D12-A) net
13:29:27: [INFO] Add Net-(D13-A) net
13:29:27: [INFO] Add Net-(D14-A) net
13:29:27: [INFO] Add Net-(D15-A) net
13:29:27: [INFO] Add Net-(D16-A) net
13:29:27: [INFO] Add Net-(D17-A) net
13:29:27: [INFO] Add Net-(D18-A) net
13:29:27: [INFO] Add Net-(D19-A) net
13:29:27: [INFO] Add Net-(D2-A) net
13:29:27: [INFO] Add Net-(D20-A) net
13:29:27: [INFO] Add Net-(D21-A) net
13:29:27: [INFO] Add Net-(D22-A) net
13:29:27: [INFO] Add Net-(D23-A) net
13:29:27: [INFO] Add Net-(D24-A) net
13:29:27: [INFO] Add Net-(D25-A) net
13:29:27: [INFO] Add Net-(D26-A) net
13:29:27: [INFO] Add Net-(D27-A) net
13:29:27: [INFO] Add Net-(D28-A) net
13:29:27: [INFO] Add Net-(D29-A) net
13:29:27: [INFO] Add Net-(D3-A) net
13:29:27: [INFO] Add Net-(D30-A) net
13:29:27: [INFO] Add Net-(D31-A) net
13:29:27: [INFO] Add Net-(D32-A) net
13:29:27: [INFO] Add Net-(D33-A) net
13:29:27: [INFO] Add Net-(D34-A) net
13:29:27: [INFO] Add Net-(D35-A) net
13:29:27: [INFO] Add Net-(D36-A) net
13:29:27: [INFO] Add Net-(D37-A) net
13:29:27: [INFO] Add Net-(D38-A) net
13:29:27: [INFO] Add Net-(D39-A) net
13:29:27: [INFO] Add Net-(D4-A) net
13:29:27: [INFO] Add Net-(D40-A) net
13:29:27: [INFO] Add Net-(D41-A) net
13:29:27: [INFO] Add Net-(D42-A) net
13:29:27: [INFO] Add Net-(D43-A) net
13:29:27: [INFO] Add Net-(D44-A) net
13:29:27: [INFO] Add Net-(D45-A) net
13:29:27: [INFO] Add Net-(D46-A) net
13:29:27: [INFO] Add Net-(D47-A) net
13:29:27: [INFO] Add Net-(D48-A) net
13:29:27: [INFO] Add Net-(D49-A) net
13:29:27: [INFO] Add Net-(D5-A) net
13:29:27: [INFO] Add Net-(D50-A) net
13:29:27: [INFO] Add Net-(D51-A) net
13:29:27: [INFO] Add Net-(D52-A) net
13:29:27: [INFO] Add Net-(D53-A) net
13:29:27: [INFO] Add Net-(D54-A) net
13:29:27: [INFO] Add Net-(D55-A) net
13:29:27: [INFO] Add Net-(D6-A) net
13:29:27: [INFO] Add Net-(D7-A) net
13:29:27: [INFO] Add Net-(D8-A) net
13:29:27: [INFO] Add Net-(D9-A) net
13:29:27: [INFO] Add ROW0 net
13:29:27: [INFO] Add ROW1 net
13:29:27: [INFO] Add ROW2 net
13:29:27: [INFO] Add ROW3 net
13:29:27: [INFO] Add ROW4 net
13:29:27: [INFO] Add ROW5 net
13:29:27: [INFO] Add ROW6 net
13:29:27: [INFO] Add ROW7 net
13:29:27: [INFO] Add SW1 footprint
13:29:27: [INFO] Add D1 footprint
13:29:27: [INFO] Add SW2 footprint
13:29:27: [INFO] Add D2 footprint
13:29:27: [INFO] Add SW3 footprint
13:29:27: [INFO] Add D3 footprint
13:29:27: [INFO] Add SW4 footprint
13:29:27: [INFO] Add D4 footprint
13:29:27: [INFO] Add SW5 footprint
13:29:27: [INFO] Add D5 footprint
13:29:27: [INFO] Add SW6 footprint
13:29:27: [INFO] Add D6 footprint
13:29:27: [INFO] Add SW7 footprint
13:29:27: [INFO] Add D7 footprint
13:29:27: [INFO] Add SW8 footprint
13:29:27: [INFO] Add D8 footprint
13:29:27: [INFO] Add SW9 footprint
13:29:27: [INFO] Add D9 footprint
13:29:27: [INFO] Add SW10 footprint
13:29:27: [INFO] Add D10 footprint
13:29:27: [INFO] Add SW11 footprint
13:29:27: [INFO] Add D11 footprint
13:29:27: [INFO] Add SW12 footprint
13:29:27: [INFO] Add D12 footprint
13:29:27: [INFO] Add SW13 footprint
13:29:27: [INFO] Add D13 footprint
13:29:27: [INFO] Add SW14 footprint
13:29:28: [INFO] Add D14 footprint
13:29:28: [INFO] Add SW15 footprint
13:29:28: [INFO] Add D15 footprint
13:29:28: [INFO] Add SW15a footprint
13:29:28: [INFO] Add ST15a footprint
13:29:28: [INFO] Add SW16 footprint
13:29:28: [INFO] Add D16 footprint
13:29:28: [INFO] Add SW17 footprint
13:29:28: [INFO] Add D17 footprint
13:29:28: [INFO] Add SW18 footprint
13:29:28: [INFO] Add D18 footprint
13:29:28: [INFO] Add SW19 footprint
13:29:28: [INFO] Add D19 footprint
13:29:28: [INFO] Add SW20 footprint
13:29:28: [INFO] Add D20 footprint
13:29:28: [INFO] Add SW21 footprint
13:29:28: [INFO] Add D21 footprint
13:29:28: [INFO] Add SW22 footprint
13:29:28: [INFO] Add D22 footprint
13:29:28: [INFO] Add SW22a footprint
13:29:28: [INFO] Add SW23 footprint
13:29:28: [INFO] Add D23 footprint
13:29:28: [INFO] Add SW24 footprint
13:29:28: [INFO] Add D24 footprint
13:29:28: [INFO] Add SW25 footprint
13:29:28: [INFO] Add D25 footprint
13:29:28: [INFO] Add SW26 footprint
13:29:28: [INFO] Add D26 footprint
13:29:28: [INFO] Add SW27 footprint
13:29:28: [INFO] Add D27 footprint
13:29:28: [INFO] Add SW28 footprint
13:29:28: [INFO] Add D28 footprint
13:29:28: [INFO] Add SW29 footprint
13:29:28: [INFO] Add D29 footprint
13:29:28: [INFO] Add SW29a footprint
13:29:29: [INFO] Add SW30 footprint
13:29:29: [INFO] Add D30 footprint
13:29:29: [INFO] Add SW31 footprint
13:29:29: [INFO] Add D31 footprint
13:29:29: [INFO] Add SW32 footprint
13:29:29: [INFO] Add D32 footprint
13:29:29: [INFO] Add SW33 footprint
13:29:29: [INFO] Add D33 footprint
13:29:29: [INFO] Add SW34 footprint
13:29:29: [INFO] Add D34 footprint
13:29:29: [INFO] Add SW35 footprint
13:29:29: [INFO] Add D35 footprint
13:29:29: [INFO] Add SW36 footprint
13:29:29: [INFO] Add D36 footprint
13:29:29: [INFO] Add SW37 footprint
13:29:29: [INFO] Add D37 footprint
13:29:29: [INFO] Add SW38 footprint
13:29:29: [INFO] Add D38 footprint
13:29:29: [INFO] Add SW39 footprint
13:29:29: [INFO] Add D39 footprint
13:29:29: [INFO] Add SW40 footprint
13:29:29: [INFO] Add D40 footprint
13:29:29: [INFO] Add SW41 footprint
13:29:29: [INFO] Add D41 footprint
13:29:29: [INFO] Add SW42 footprint
13:29:29: [INFO] Add D42 footprint
13:29:29: [INFO] Add SW42a footprint
13:29:29: [INFO] Add SW43 footprint
13:29:29: [INFO] Add D43 footprint
13:29:29: [INFO] Add SW43a footprint
13:29:29: [INFO] Add SW44 footprint
13:29:29: [INFO] Add D44 footprint
13:29:29: [INFO] Add SW44a footprint
13:29:30: [INFO] Add SW45 footprint
13:29:30: [INFO] Add D45 footprint
13:29:30: [INFO] Add SW45a footprint
13:29:30: [INFO] Add SW46 footprint
13:29:30: [INFO] Add D46 footprint
13:29:30: [INFO] Add ST46 footprint
13:29:30: [INFO] Add SW46a footprint
13:29:30: [INFO] Add ST46a footprint
13:29:30: [INFO] Add SW46b footprint
13:29:30: [INFO] Add ST46b footprint
13:29:30: [INFO] Add SW47 footprint
13:29:30: [INFO] Add D47 footprint
13:29:30: [INFO] Add SW48 footprint
13:29:30: [INFO] Add D48 footprint
13:29:30: [INFO] Add SW48a footprint
13:29:30: [INFO] Add SW49 footprint
13:29:30: [INFO] Add D49 footprint
13:29:30: [INFO] Add SW50 footprint
13:29:30: [INFO] Add D50 footprint
13:29:30: [INFO] Add SW50a footprint
13:29:30: [INFO] Add SW51 footprint
13:29:30: [INFO] Add D51 footprint
13:29:30: [INFO] Add ST51 footprint
13:29:30: [INFO] Add SW51a footprint
13:29:30: [WARNING] No stabilizer footprint for width 2.75u, using 2u as fallback
13:29:30: [INFO] Add ST51a footprint
13:29:30: [INFO] Add SW52 footprint
13:29:30: [INFO] Add D52 footprint
13:29:30: [INFO] Add ST52 footprint
13:29:30: [INFO] Add SW52a footprint
13:29:30: [WARNING] No stabilizer footprint for width 2.25u, using 2u as fallback
13:29:30: [INFO] Add ST52a footprint
13:29:30: [INFO] Add SW53 footprint
13:29:30: [INFO] Add D53 footprint
13:29:30: [INFO] Add SW54 footprint
13:29:30: [INFO] Add D54 footprint
13:29:30: [INFO] Add SW55 footprint
13:29:30: [INFO] Add D55 footprint
13:29:30: [INFO] Add SW55a footprint
13:29:30: [INFO] Detected layout convertible to matrix annotated keyboard
13:29:30: [INFO] Using key 1U distance: (19.05, 19.05) mm
13:29:30: [INFO] Layout offset: (28575000, 23812500)
13:29:30: [INFO] Diode info: [ElementInfo(annotation_format='D{}', position_option=<PositionOption.CUSTOM: 'Custom'>, position=ElementPosition(x=5.08, y=4.0, orientation=90.0, side=<Side.BACK: 'Back'>), template_path='', start_index=-1)]
13:29:30: [INFO] Placing additional elements for SW55a
13:29:30: [INFO] Placing additional elements for SW55
13:29:30: [INFO] Placing additional elements for SW54
13:29:30: [INFO] Placing additional elements for SW53
13:29:30: [INFO] Placing additional elements for SW52a
13:29:30: [INFO] Placing additional elements for SW52
13:29:30: [INFO] Placing additional elements for SW51a
13:29:30: [INFO] Placing additional elements for SW51
13:29:30: [INFO] Placing additional elements for SW50a
13:29:30: [INFO] Placing additional elements for SW50
13:29:30: [INFO] Placing additional elements for SW49
13:29:30: [INFO] Placing additional elements for SW48a
13:29:30: [INFO] Placing additional elements for SW48
13:29:30: [INFO] Placing additional elements for SW47
13:29:30: [INFO] Placing additional elements for SW46b
13:29:30: [INFO] Placing additional elements for SW46a
13:29:30: [INFO] Placing additional elements for SW46
13:29:30: [INFO] Placing additional elements for SW45a
13:29:30: [INFO] Placing additional elements for SW45
13:29:30: [INFO] Placing additional elements for SW44a
13:29:30: [INFO] Placing additional elements for SW44
13:29:30: [INFO] Placing additional elements for SW43a
13:29:30: [INFO] Placing additional elements for SW43
13:29:30: [INFO] Placing additional elements for SW42a
13:29:30: [INFO] Placing additional elements for SW42
13:29:30: [INFO] Placing additional elements for SW41
13:29:30: [INFO] Placing additional elements for SW40
13:29:30: [INFO] Placing additional elements for SW39
13:29:30: [INFO] Placing additional elements for SW38
13:29:30: [INFO] Placing additional elements for SW37
13:29:30: [INFO] Placing additional elements for SW36
13:29:30: [INFO] Placing additional elements for SW35
13:29:30: [INFO] Placing additional elements for SW34
13:29:30: [INFO] Placing additional elements for SW33
13:29:30: [INFO] Placing additional elements for SW32
13:29:30: [INFO] Placing additional elements for SW31
13:29:30: [INFO] Placing additional elements for SW30
13:29:30: [INFO] Placing additional elements for SW29a
13:29:30: [INFO] Placing additional elements for SW29
13:29:30: [INFO] Placing additional elements for SW28
13:29:30: [INFO] Placing additional elements for SW27
13:29:30: [INFO] Placing additional elements for SW26
13:29:30: [INFO] Placing additional elements for SW25
13:29:30: [INFO] Placing additional elements for SW24
13:29:30: [INFO] Placing additional elements for SW23
13:29:30: [INFO] Placing additional elements for SW22a
13:29:30: [INFO] Placing additional elements for SW22
13:29:30: [INFO] Placing additional elements for SW21
13:29:30: [INFO] Placing additional elements for SW20
13:29:30: [INFO] Placing additional elements for SW19
13:29:30: [INFO] Placing additional elements for SW18
13:29:30: [INFO] Placing additional elements for SW17
13:29:30: [INFO] Placing additional elements for SW16
13:29:30: [INFO] Placing additional elements for SW15a
13:29:30: [INFO] Placing additional elements for SW15
13:29:30: [INFO] Placing additional elements for SW14
13:29:30: [INFO] Placing additional elements for SW13
13:29:30: [INFO] Placing additional elements for SW12
13:29:30: [INFO] Placing additional elements for SW11
13:29:30: [INFO] Placing additional elements for SW10
13:29:30: [INFO] Placing additional elements for SW9
13:29:30: [INFO] Placing additional elements for SW8
13:29:30: [INFO] Placing additional elements for SW7
13:29:30: [INFO] Placing additional elements for SW6
13:29:30: [INFO] Placing additional elements for SW5
13:29:30: [INFO] Placing additional elements for SW4
13:29:30: [INFO] Placing additional elements for SW3
13:29:30: [INFO] Placing additional elements for SW2
13:29:30: [INFO] Placing additional elements for SW1
13:29:30: [INFO] Routing SW55a with D55
13:29:30: [INFO] Using internal autorouter method
13:29:30: [INFO] Routing pad 'SW55a:2' at (278765000, 109220000) with pad 'D55:2' at (295592500, 116900000) using coordinate system rotated by 0 degree(s)
13:29:30: [INFO] Adding track segment (B.Cu): [(278765000, 109220000), (286445000, 116900000)]
13:29:30: [INFO] Adding track segment (B.Cu): [(286445000, 116900000), (295592500, 116900000)]
13:29:30: [INFO] Routing SW55 with D55
13:29:30: [INFO] Using internal autorouter method
13:29:30: [INFO] Routing pad 'SW55:2' at (293052500, 109220000) with pad 'D55:2' at (295592500, 116900000) using coordinate system rotated by 0 degree(s)
13:29:30: [INFO] Adding track segment (B.Cu): [(293052500, 109220000), (293052500, 114360000)]
13:29:30: [INFO] Adding track segment (B.Cu): [(293052500, 114360000), (295592500, 116900000)]
13:29:30: [INFO] Routing SW54 with D54
13:29:30: [INFO] Using internal autorouter method
13:29:30: [INFO] Routing pad 'SW54:2' at (274002500, 109220000) with pad 'D54:2' at (276542500, 116900000) using coordinate system rotated by 0 degree(s)
13:29:30: [INFO] Routing SW53 with D53
13:29:30: [INFO] Using internal autorouter method
13:29:30: [INFO] Routing pad 'SW53:2' at (226377500, 109220000) with pad 'D53:2' at (228917500, 116900000) using coordinate system rotated by 0 degree(s)
13:29:30: [INFO] Adding track segment (B.Cu): [(226377500, 109220000), (226377500, 114360000)]
13:29:31: [INFO] Adding track segment (B.Cu): [(226377500, 114360000), (228917500, 116900000)]
13:29:31: [INFO] Routing SW52a with D52
13:29:31: [INFO] Using internal autorouter method
13:29:31: [INFO] Routing pad 'SW52a:2' at (195421250, 109220000) with pad 'D52:2' at (209867500, 116900000) using coordinate system rotated by 0 degree(s)
13:29:31: [INFO] Routing SW52 with D52
13:29:31: [INFO] Using internal autorouter method
13:29:31: [INFO] Routing pad 'SW52:2' at (207327500, 109220000) with pad 'D52:2' at (209867500, 116900000) using coordinate system rotated by 0 degree(s)
13:29:31: [INFO] Adding track segment (B.Cu): [(207327500, 109220000), (207327500, 114360000)]
13:29:31: [INFO] Adding track segment (B.Cu): [(207327500, 114360000), (209867500, 116900000)]
13:29:31: [INFO] Routing SW51a with D51
13:29:31: [INFO] Using internal autorouter method
13:29:31: [INFO] Routing pad 'SW51a:2' at (147796250, 109220000) with pad 'D51:2' at (152717500, 116900000) using coordinate system rotated by 0 degree(s)
13:29:31: [INFO] Routing SW51 with D51
13:29:31: [INFO] Using internal autorouter method
13:29:31: [INFO] Routing pad 'SW51:2' at (150177500, 109220000) with pad 'D51:2' at (152717500, 116900000) using coordinate system rotated by 0 degree(s)
13:29:31: [INFO] Routing SW50a with D50
13:29:31: [INFO] Using internal autorouter method
13:29:31: [INFO] Routing pad 'SW50a:2' at (64452500, 109220000) with pad 'D50:2' at (69373750, 116900000) using coordinate system rotated by 0 degree(s)
13:29:31: [INFO] Routing SW50 with D50
13:29:31: [INFO] Using internal autorouter method
13:29:31: [INFO] Routing pad 'SW50:2' at (66833750, 109220000) with pad 'D50:2' at (69373750, 116900000) using coordinate system rotated by 0 degree(s)
13:29:31: [INFO] Routing SW49 with D49
13:29:31: [INFO] Using internal autorouter method
13:29:31: [INFO] Routing pad 'SW49:2' at (40640000, 109220000) with pad 'D49:2' at (43180000, 116900000) using coordinate system rotated by 0 degree(s)
13:29:31: [INFO] Adding track segment (B.Cu): [(40640000, 109220000), (40640000, 114360000)]
13:29:31: [INFO] Adding track segment (B.Cu): [(40640000, 114360000), (43180000, 116900000)]
13:29:31: [INFO] Routing SW48a with D48
13:29:31: [INFO] Using internal autorouter method
13:29:31: [INFO] Routing pad 'SW48a:2' at (307340000, 109220000) with pad 'D48:2' at (314642500, 116900000) using coordinate system rotated by 0 degree(s)
13:29:31: [INFO] Routing SW48 with D48
13:29:31: [INFO] Using internal autorouter method
13:29:31: [INFO] Routing pad 'SW48:2' at (312102500, 109220000) with pad 'D48:2' at (314642500, 116900000) using coordinate system rotated by 0 degree(s)
13:29:31: [INFO] Adding track segment (B.Cu): [(312102500, 109220000), (312102500, 114360000)]
13:29:31: [INFO] Adding track segment (B.Cu): [(312102500, 114360000), (314642500, 116900000)]
13:29:31: [INFO] Routing SW47 with D47
13:29:31: [INFO] Using internal autorouter method
13:29:31: [INFO] Routing pad 'SW47:2' at (245427500, 109220000) with pad 'D47:2' at (247967500, 116900000) using coordinate system rotated by 0 degree(s)
13:29:31: [INFO] Adding track segment (B.Cu): [(245427500, 109220000), (245427500, 114360000)]
13:29:31: [INFO] Adding track segment (B.Cu): [(245427500, 114360000), (247967500, 116900000)]
13:29:31: [INFO] Routing SW46b with D46
13:29:31: [INFO] Using internal autorouter method
13:29:31: [INFO] Routing pad 'SW46b:2' at (176371250, 109220000) with pad 'D46:2' at (190817500, 116900000) using coordinate system rotated by 0 degree(s)
13:29:31: [INFO] Routing SW46a with D46
13:29:31: [INFO] Using internal autorouter method
13:29:31: [INFO] Routing pad 'SW46a:2' at (178752500, 109220000) with pad 'D46:2' at (190817500, 116900000) using coordinate system rotated by 0 degree(s)
13:29:31: [INFO] Routing SW46 with D46
13:29:31: [INFO] Using internal autorouter method
13:29:31: [INFO] Routing pad 'SW46:2' at (188277500, 109220000) with pad 'D46:2' at (190817500, 116900000) using coordinate system rotated by 0 degree(s)
13:29:31: [INFO] Routing SW45a with D45
13:29:31: [INFO] Using internal autorouter method
13:29:31: [INFO] Routing pad 'SW45a:2' at (107315000, 109220000) with pad 'D45:2' at (112236250, 116900000) using coordinate system rotated by 0 degree(s)
13:29:31: [INFO] Routing SW45 with D45
13:29:31: [INFO] Using internal autorouter method
13:29:31: [INFO] Routing pad 'SW45:2' at (109696250, 109220000) with pad 'D45:2' at (112236250, 116900000) using coordinate system rotated by 0 degree(s)
13:29:31: [INFO] Routing SW44a with D44
13:29:31: [INFO] Using internal autorouter method
13:29:31: [INFO] Routing pad 'SW44a:2' at (85883750, 109220000) with pad 'D44:2' at (90805000, 116900000) using coordinate system rotated by 0 degree(s)
13:29:31: [INFO] Routing SW44 with D44
13:29:31: [INFO] Using internal autorouter method
13:29:31: [INFO] Routing pad 'SW44:2' at (88265000, 109220000) with pad 'D44:2' at (90805000, 116900000) using coordinate system rotated by 0 degree(s)
13:29:31: [INFO] Routing SW43a with D43
13:29:31: [INFO] Using internal autorouter method
13:29:31: [INFO] Routing pad 'SW43a:2' at (290671250, 90170000) with pad 'D43:2' at (295592500, 97850000) using coordinate system rotated by 0 degree(s)
13:29:31: [INFO] Routing SW43 with D43
13:29:31: [INFO] Using internal autorouter method
13:29:31: [INFO] Routing pad 'SW43:2' at (293052500, 90170000) with pad 'D43:2' at (295592500, 97850000) using coordinate system rotated by 0 degree(s)
13:29:31: [INFO] Routing SW42a with D42
13:29:31: [INFO] Using internal autorouter method
13:29:31: [INFO] Routing pad 'SW42a:2' at (269240000, 90170000) with pad 'D42:2' at (274161250, 97850000) using coordinate system rotated by 0 degree(s)
13:29:31: [INFO] Routing SW42 with D42
13:29:31: [INFO] Using internal autorouter method
13:29:31: [INFO] Routing pad 'SW42:2' at (271621250, 90170000) with pad 'D42:2' at (274161250, 97850000) using coordinate system rotated by 0 degree(s)
13:29:31: [INFO] Routing SW41 with D41
13:29:31: [INFO] Using internal autorouter method
13:29:31: [INFO] Routing pad 'SW41:2' at (231140000, 90170000) with pad 'D41:2' at (233680000, 97850000) using coordinate system rotated by 0 degree(s)
13:29:31: [INFO] Adding track segment (B.Cu): [(231140000, 90170000), (231140000, 95310000)]
13:29:31: [INFO] Adding track segment (B.Cu): [(231140000, 95310000), (233680000, 97850000)]
13:29:31: [INFO] Routing SW40 with D40
13:29:31: [INFO] Using internal autorouter method
13:29:31: [INFO] Routing pad 'SW40:2' at (212090000, 90170000) with pad 'D40:2' at (214630000, 97850000) using coordinate system rotated by 0 degree(s)
13:29:31: [INFO] Adding track segment (B.Cu): [(212090000, 90170000), (212090000, 95310000)]
13:29:31: [INFO] Adding track segment (B.Cu): [(212090000, 95310000), (214630000, 97850000)]
13:29:31: [INFO] Routing SW39 with D39
13:29:31: [INFO] Using internal autorouter method
13:29:31: [INFO] Routing pad 'SW39:2' at (154940000, 90170000) with pad 'D39:2' at (157480000, 97850000) using coordinate system rotated by 0 degree(s)
13:29:31: [INFO] Adding track segment (B.Cu): [(154940000, 90170000), (154940000, 95310000)]
13:29:31: [INFO] Adding track segment (B.Cu): [(154940000, 95310000), (157480000, 97850000)]
13:29:31: [INFO] Routing SW38 with D38
13:29:31: [INFO] Using internal autorouter method
13:29:31: [INFO] Routing pad 'SW38:2' at (135890000, 90170000) with pad 'D38:2' at (138430000, 97850000) using coordinate system rotated by 0 degree(s)
13:29:31: [INFO] Adding track segment (B.Cu): [(135890000, 90170000), (135890000, 95310000)]
13:29:31: [INFO] Adding track segment (B.Cu): [(135890000, 95310000), (138430000, 97850000)]
13:29:31: [INFO] Routing SW37 with D37
13:29:31: [INFO] Using internal autorouter method
13:29:31: [INFO] Routing pad 'SW37:2' at (71596250, 90170000) with pad 'D37:2' at (74136250, 97850000) using coordinate system rotated by 0 degree(s)
13:29:31: [INFO] Adding track segment (B.Cu): [(71596250, 90170000), (71596250, 95310000)]
13:29:31: [INFO] Adding track segment (B.Cu): [(71596250, 95310000), (74136250, 97850000)]
13:29:31: [INFO] Routing SW36 with D36
13:29:31: [INFO] Using internal autorouter method
13:29:31: [INFO] Routing pad 'SW36:2' at (40640000, 90170000) with pad 'D36:2' at (43180000, 97850000) using coordinate system rotated by 0 degree(s)
13:29:31: [INFO] Adding track segment (B.Cu): [(40640000, 90170000), (40640000, 95310000)]
13:29:31: [INFO] Adding track segment (B.Cu): [(40640000, 95310000), (43180000, 97850000)]
13:29:31: [INFO] Routing SW35 with D35
13:29:31: [INFO] Using internal autorouter method
13:29:31: [INFO] Routing pad 'SW35:2' at (312102500, 90170000) with pad 'D35:2' at (314642500, 97850000) using coordinate system rotated by 0 degree(s)
13:29:31: [INFO] Adding track segment (B.Cu): [(312102500, 90170000), (312102500, 95310000)]
13:29:31: [INFO] Adding track segment (B.Cu): [(312102500, 95310000), (314642500, 97850000)]
13:29:31: [INFO] Routing SW34 with D34
13:29:31: [INFO] Using internal autorouter method
13:29:31: [INFO] Routing pad 'SW34:2' at (250190000, 90170000) with pad 'D34:2' at (252730000, 97850000) using coordinate system rotated by 0 degree(s)
13:29:31: [INFO] Adding track segment (B.Cu): [(250190000, 90170000), (250190000, 95310000)]
13:29:31: [INFO] Adding track segment (B.Cu): [(250190000, 95310000), (252730000, 97850000)]
13:29:31: [INFO] Routing SW33 with D33
13:29:31: [INFO] Using internal autorouter method
13:29:31: [INFO] Routing pad 'SW33:2' at (193040000, 90170000) with pad 'D33:2' at (195580000, 97850000) using coordinate system rotated by 0 degree(s)
13:29:31: [INFO] Adding track segment (B.Cu): [(193040000, 90170000), (193040000, 95310000)]
13:29:31: [INFO] Adding track segment (B.Cu): [(193040000, 95310000), (195580000, 97850000)]
13:29:31: [INFO] Routing SW32 with D32
13:29:31: [INFO] Using internal autorouter method
13:29:31: [INFO] Routing pad 'SW32:2' at (173990000, 90170000) with pad 'D32:2' at (176530000, 97850000) using coordinate system rotated by 0 degree(s)
13:29:31: [INFO] Adding track segment (B.Cu): [(173990000, 90170000), (173990000, 95310000)]
13:29:31: [INFO] Adding track segment (B.Cu): [(173990000, 95310000), (176530000, 97850000)]
13:29:31: [INFO] Routing SW31 with D31
13:29:31: [INFO] Using internal autorouter method
13:29:31: [INFO] Routing pad 'SW31:2' at (116840000, 90170000) with pad 'D31:2' at (119380000, 97850000) using coordinate system rotated by 0 degree(s)
13:29:31: [INFO] Adding track segment (B.Cu): [(116840000, 90170000), (116840000, 95310000)]
13:29:31: [INFO] Adding track segment (B.Cu): [(116840000, 95310000), (119380000, 97850000)]
13:29:31: [INFO] Routing SW30 with D30
13:29:31: [INFO] Using internal autorouter method
13:29:31: [INFO] Routing pad 'SW30:2' at (97790000, 90170000) with pad 'D30:2' at (100330000, 97850000) using coordinate system rotated by 0 degree(s)
13:29:31: [INFO] Adding track segment (B.Cu): [(97790000, 90170000), (97790000, 95310000)]
13:29:31: [INFO] Adding track segment (B.Cu): [(97790000, 95310000), (100330000, 97850000)]
13:29:31: [INFO] Routing SW29a with D29
13:29:31: [INFO] Using internal autorouter method
13:29:31: [INFO] Routing pad 'SW29a:2' at (278765000, 71120000) with pad 'D29:2' at (288448750, 78800000) using coordinate system rotated by 0 degree(s)
13:29:31: [INFO] Routing SW29 with D29
13:29:31: [INFO] Using internal autorouter method
13:29:31: [INFO] Routing pad 'SW29:2' at (285908750, 71120000) with pad 'D29:2' at (288448750, 78800000) using coordinate system rotated by 0 degree(s)
13:29:31: [INFO] Adding track segment (B.Cu): [(285908750, 71120000), (285908750, 76260000)]
13:29:31: [INFO] Adding track segment (B.Cu): [(285908750, 76260000), (288448750, 78800000)]
13:29:31: [INFO] Routing SW28 with D28
13:29:31: [INFO] Using internal autorouter method
13:29:31: [INFO] Routing pad 'SW28:2' at (221615000, 71120000) with pad 'D28:2' at (224155000, 78800000) using coordinate system rotated by 0 degree(s)
13:29:31: [INFO] Adding track segment (B.Cu): [(221615000, 71120000), (221615000, 76260000)]
13:29:31: [INFO] Adding track segment (B.Cu): [(221615000, 76260000), (224155000, 78800000)]
13:29:31: [INFO] Routing SW27 with D27
13:29:31: [INFO] Using internal autorouter method
13:29:31: [INFO] Routing pad 'SW27:2' at (202565000, 71120000) with pad 'D27:2' at (205105000, 78800000) using coordinate system rotated by 0 degree(s)
13:29:31: [INFO] Adding track segment (B.Cu): [(202565000, 71120000), (202565000, 76260000)]
13:29:31: [INFO] Adding track segment (B.Cu): [(202565000, 76260000), (205105000, 78800000)]
13:29:31: [INFO] Routing SW26 with D26
13:29:31: [INFO] Using internal autorouter method
13:29:31: [INFO] Routing pad 'SW26:2' at (145415000, 71120000) with pad 'D26:2' at (147955000, 78800000) using coordinate system rotated by 0 degree(s)
13:29:31: [INFO] Adding track segment (B.Cu): [(145415000, 71120000), (145415000, 76260000)]
13:29:31: [INFO] Adding track segment (B.Cu): [(145415000, 76260000), (147955000, 78800000)]
13:29:31: [INFO] Routing SW25 with D25
13:29:31: [INFO] Using internal autorouter method
13:29:31: [INFO] Routing pad 'SW25:2' at (126365000, 71120000) with pad 'D25:2' at (128905000, 78800000) using coordinate system rotated by 0 degree(s)
13:29:31: [INFO] Adding track segment (B.Cu): [(126365000, 71120000), (126365000, 76260000)]
13:29:31: [INFO] Adding track segment (B.Cu): [(126365000, 76260000), (128905000, 78800000)]
13:29:31: [INFO] Routing SW24 with D24
13:29:31: [INFO] Using internal autorouter method
13:29:31: [INFO] Routing pad 'SW24:2' at (66833750, 71120000) with pad 'D24:2' at (69373750, 78800000) using coordinate system rotated by 0 degree(s)
13:29:31: [INFO] Adding track segment (B.Cu): [(66833750, 71120000), (66833750, 76260000)]
13:29:31: [INFO] Adding track segment (B.Cu): [(66833750, 76260000), (69373750, 78800000)]
13:29:31: [INFO] Routing SW23 with D23
13:29:31: [INFO] Using internal autorouter method
13:29:31: [INFO] Routing pad 'SW23:2' at (40640000, 71120000) with pad 'D23:2' at (43180000, 78800000) using coordinate system rotated by 0 degree(s)
13:29:31: [INFO] Adding track segment (B.Cu): [(40640000, 71120000), (40640000, 76260000)]
13:29:31: [INFO] Adding track segment (B.Cu): [(40640000, 76260000), (43180000, 78800000)]
13:29:31: [INFO] Routing SW22a with D22
13:29:31: [INFO] Using internal autorouter method
13:29:31: [INFO] Routing pad 'SW22a:2' at (304958750, 71120000) with pad 'D22:2' at (314642500, 78800000) using coordinate system rotated by 0 degree(s)
13:29:31: [INFO] Routing SW22 with D22
13:29:31: [INFO] Using internal autorouter method
13:29:31: [INFO] Routing pad 'SW22:2' at (312102500, 71120000) with pad 'D22:2' at (314642500, 78800000) using coordinate system rotated by 0 degree(s)
13:29:31: [INFO] Adding track segment (B.Cu): [(312102500, 71120000), (312102500, 76260000)]
13:29:31: [INFO] Adding track segment (B.Cu): [(312102500, 76260000), (314642500, 78800000)]
13:29:31: [INFO] Routing SW21 with D21
13:29:31: [INFO] Using internal autorouter method
13:29:31: [INFO] Routing pad 'SW21:2' at (259715000, 71120000) with pad 'D21:2' at (262255000, 78800000) using coordinate system rotated by 0 degree(s)
13:29:31: [INFO] Adding track segment (B.Cu): [(259715000, 71120000), (259715000, 76260000)]
13:29:31: [INFO] Adding track segment (B.Cu): [(259715000, 76260000), (262255000, 78800000)]
13:29:31: [INFO] Routing SW20 with D20
13:29:31: [INFO] Using internal autorouter method
13:29:31: [INFO] Routing pad 'SW20:2' at (240665000, 71120000) with pad 'D20:2' at (243205000, 78800000) using coordinate system rotated by 0 degree(s)
13:29:31: [INFO] Adding track segment (B.Cu): [(240665000, 71120000), (240665000, 76260000)]
13:29:31: [INFO] Adding track segment (B.Cu): [(240665000, 76260000), (243205000, 78800000)]
13:29:31: [INFO] Routing SW19 with D19
13:29:31: [INFO] Using internal autorouter method
13:29:31: [INFO] Routing pad 'SW19:2' at (183515000, 71120000) with pad 'D19:2' at (186055000, 78800000) using coordinate system rotated by 0 degree(s)
13:29:31: [INFO] Adding track segment (B.Cu): [(183515000, 71120000), (183515000, 76260000)]
13:29:31: [INFO] Adding track segment (B.Cu): [(183515000, 76260000), (186055000, 78800000)]
13:29:31: [INFO] Routing SW18 with D18
13:29:31: [INFO] Using internal autorouter method
13:29:31: [INFO] Routing pad 'SW18:2' at (164465000, 71120000) with pad 'D18:2' at (167005000, 78800000) using coordinate system rotated by 0 degree(s)
13:29:31: [INFO] Adding track segment (B.Cu): [(164465000, 71120000), (164465000, 76260000)]
13:29:31: [INFO] Adding track segment (B.Cu): [(164465000, 76260000), (167005000, 78800000)]
13:29:31: [INFO] Routing SW17 with D17
13:29:31: [INFO] Using internal autorouter method
13:29:31: [INFO] Routing pad 'SW17:2' at (107315000, 71120000) with pad 'D17:2' at (109855000, 78800000) using coordinate system rotated by 0 degree(s)
13:29:31: [INFO] Adding track segment (B.Cu): [(107315000, 71120000), (107315000, 76260000)]
13:29:31: [INFO] Adding track segment (B.Cu): [(107315000, 76260000), (109855000, 78800000)]
13:29:31: [INFO] Routing SW16 with D16
13:29:31: [INFO] Using internal autorouter method
13:29:31: [INFO] Routing pad 'SW16:2' at (88265000, 71120000) with pad 'D16:2' at (90805000, 78800000) using coordinate system rotated by 0 degree(s)
13:29:31: [INFO] Adding track segment (B.Cu): [(88265000, 71120000), (88265000, 76260000)]
13:29:31: [INFO] Adding track segment (B.Cu): [(88265000, 76260000), (90805000, 78800000)]
13:29:31: [INFO] Routing SW15a with D15
13:29:31: [INFO] Using internal autorouter method
13:29:31: [INFO] Routing pad 'SW15a:2' at (283527500, 52070000) with pad 'D15:2' at (295592500, 59750000) using coordinate system rotated by 0 degree(s)
13:29:31: [INFO] Routing SW15 with D15
13:29:31: [INFO] Using internal autorouter method
13:29:31: [INFO] Routing pad 'SW15:2' at (293052500, 52070000) with pad 'D15:2' at (295592500, 59750000) using coordinate system rotated by 0 degree(s)
13:29:31: [INFO] Adding track segment (B.Cu): [(293052500, 52070000), (293052500, 57210000)]
13:29:31: [INFO] Adding track segment (B.Cu): [(293052500, 57210000), (295592500, 59750000)]
13:29:31: [INFO] Routing SW14 with D14
13:29:31: [INFO] Using internal autorouter method
13:29:31: [INFO] Routing pad 'SW14:2' at (274002500, 52070000) with pad 'D14:2' at (276542500, 59750000) using coordinate system rotated by 0 degree(s)
13:29:31: [INFO] Adding track segment (B.Cu): [(274002500, 52070000), (274002500, 57210000)]
13:29:31: [INFO] Adding track segment (B.Cu): [(274002500, 57210000), (276542500, 59750000)]
13:29:31: [INFO] Routing SW13 with D13
13:29:31: [INFO] Using internal autorouter method
13:29:31: [INFO] Routing pad 'SW13:2' at (216852500, 52070000) with pad 'D13:2' at (219392500, 59750000) using coordinate system rotated by 0 degree(s)
13:29:31: [INFO] Adding track segment (B.Cu): [(216852500, 52070000), (216852500, 57210000)]
13:29:31: [INFO] Adding track segment (B.Cu): [(216852500, 57210000), (219392500, 59750000)]
13:29:31: [INFO] Routing SW12 with D12
13:29:31: [INFO] Using internal autorouter method
13:29:31: [INFO] Routing pad 'SW12:2' at (197802500, 52070000) with pad 'D12:2' at (200342500, 59750000) using coordinate system rotated by 0 degree(s)
13:29:31: [INFO] Adding track segment (B.Cu): [(197802500, 52070000), (197802500, 57210000)]
13:29:31: [INFO] Adding track segment (B.Cu): [(197802500, 57210000), (200342500, 59750000)]
13:29:31: [INFO] Routing SW11 with D11
13:29:31: [INFO] Using internal autorouter method
13:29:31: [INFO] Routing pad 'SW11:2' at (140652500, 52070000) with pad 'D11:2' at (143192500, 59750000) using coordinate system rotated by 0 degree(s)
13:29:31: [INFO] Adding track segment (B.Cu): [(140652500, 52070000), (140652500, 57210000)]
13:29:31: [INFO] Adding track segment (B.Cu): [(140652500, 57210000), (143192500, 59750000)]
13:29:31: [INFO] Routing SW10 with D10
13:29:31: [INFO] Using internal autorouter method
13:29:31: [INFO] Routing pad 'SW10:2' at (121602500, 52070000) with pad 'D10:2' at (124142500, 59750000) using coordinate system rotated by 0 degree(s)
13:29:31: [INFO] Adding track segment (B.Cu): [(121602500, 52070000), (121602500, 57210000)]
13:29:31: [INFO] Adding track segment (B.Cu): [(121602500, 57210000), (124142500, 59750000)]
13:29:31: [INFO] Routing SW9 with D9
13:29:31: [INFO] Using internal autorouter method
13:29:31: [INFO] Routing pad 'SW9:2' at (64452500, 52070000) with pad 'D9:2' at (66992500, 59750000) using coordinate system rotated by 0 degree(s)
13:29:31: [INFO] Adding track segment (B.Cu): [(64452500, 52070000), (64452500, 57210000)]
13:29:31: [INFO] Adding track segment (B.Cu): [(64452500, 57210000), (66992500, 59750000)]
13:29:31: [INFO] Routing SW8 with D8
13:29:31: [INFO] Using internal autorouter method
13:29:31: [INFO] Routing pad 'SW8:2' at (40640000, 52070000) with pad 'D8:2' at (43180000, 59750000) using coordinate system rotated by 0 degree(s)
13:29:31: [INFO] Adding track segment (B.Cu): [(40640000, 52070000), (40640000, 57210000)]
13:29:31: [INFO] Adding track segment (B.Cu): [(40640000, 57210000), (43180000, 59750000)]
13:29:31: [INFO] Routing SW7 with D7
13:29:31: [INFO] Using internal autorouter method
13:29:31: [INFO] Routing pad 'SW7:2' at (312102500, 52070000) with pad 'D7:2' at (314642500, 59750000) using coordinate system rotated by 0 degree(s)
13:29:31: [INFO] Adding track segment (B.Cu): [(312102500, 52070000), (312102500, 57210000)]
13:29:31: [INFO] Adding track segment (B.Cu): [(312102500, 57210000), (314642500, 59750000)]
13:29:31: [INFO] Routing SW6 with D6
13:29:31: [INFO] Using internal autorouter method
13:29:31: [INFO] Routing pad 'SW6:2' at (254952500, 52070000) with pad 'D6:2' at (257492500, 59750000) using coordinate system rotated by 0 degree(s)
13:29:31: [INFO] Adding track segment (B.Cu): [(254952500, 52070000), (254952500, 57210000)]
13:29:31: [INFO] Adding track segment (B.Cu): [(254952500, 57210000), (257492500, 59750000)]
13:29:31: [INFO] Routing SW5 with D5
13:29:31: [INFO] Using internal autorouter method
13:29:31: [INFO] Routing pad 'SW5:2' at (235902500, 52070000) with pad 'D5:2' at (238442500, 59750000) using coordinate system rotated by 0 degree(s)
13:29:31: [INFO] Adding track segment (B.Cu): [(235902500, 52070000), (235902500, 57210000)]
13:29:31: [INFO] Adding track segment (B.Cu): [(235902500, 57210000), (238442500, 59750000)]
13:29:31: [INFO] Routing SW4 with D4
13:29:31: [INFO] Using internal autorouter method
13:29:31: [INFO] Routing pad 'SW4:2' at (178752500, 52070000) with pad 'D4:2' at (181292500, 59750000) using coordinate system rotated by 0 degree(s)
13:29:31: [INFO] Adding track segment (B.Cu): [(178752500, 52070000), (178752500, 57210000)]
13:29:31: [INFO] Adding track segment (B.Cu): [(178752500, 57210000), (181292500, 59750000)]
13:29:31: [INFO] Routing SW3 with D3
13:29:31: [INFO] Using internal autorouter method
13:29:31: [INFO] Routing pad 'SW3:2' at (159702500, 52070000) with pad 'D3:2' at (162242500, 59750000) using coordinate system rotated by 0 degree(s)
13:29:31: [INFO] Adding track segment (B.Cu): [(159702500, 52070000), (159702500, 57210000)]
13:29:31: [INFO] Adding track segment (B.Cu): [(159702500, 57210000), (162242500, 59750000)]
13:29:31: [INFO] Routing SW2 with D2
13:29:31: [INFO] Using internal autorouter method
13:29:31: [INFO] Routing pad 'SW2:2' at (102552500, 52070000) with pad 'D2:2' at (105092500, 59750000) using coordinate system rotated by 0 degree(s)
13:29:31: [INFO] Adding track segment (B.Cu): [(102552500, 52070000), (102552500, 57210000)]
13:29:31: [INFO] Adding track segment (B.Cu): [(102552500, 57210000), (105092500, 59750000)]
13:29:31: [INFO] Routing SW1 with D1
13:29:31: [INFO] Using internal autorouter method
13:29:31: [INFO] Routing pad 'SW1:2' at (83502500, 52070000) with pad 'D1:2' at (86042500, 59750000) using coordinate system rotated by 0 degree(s)
13:29:31: [INFO] Adding track segment (B.Cu): [(83502500, 52070000), (83502500, 57210000)]
13:29:31: [INFO] Adding track segment (B.Cu): [(83502500, 57210000), (86042500, 59750000)]
13:29:31: [INFO] Routing COL3 pads
13:29:31: [INFO] Routing pad 'SW11:1' at (134302500, 54610000) with pad 'SW26:1' at (139065000, 73660000) using coordinate system rotated by 0 degree(s)
13:29:31: [INFO] Adding track segment (F.Cu): [(134302500, 54610000), (134302500, 68897500)]
13:29:31: [INFO] Adding track segment (F.Cu): [(134302500, 68897500), (139065000, 73660000)]
13:29:31: [INFO] Routing pad 'SW51:1' at (143827500, 111760000) with pad 'SW51a:1' at (141446250, 111760000) using coordinate system rotated by 0 degree(s)
13:29:31: [INFO] Adding track segment (F.Cu): [(143827500, 111760000), (141446250, 111760000)]
13:29:31: [INFO] Routing pad 'SW39:1' at (148590000, 92710000) with pad 'SW51:1' at (143827500, 111760000) using coordinate system rotated by 0 degree(s)
13:29:31: [INFO] Routing pad 'SW26:1' at (139065000, 73660000) with pad 'SW39:1' at (148590000, 92710000) using coordinate system rotated by 0 degree(s)
13:29:31: [INFO] Adding track segment (F.Cu): [(139065000, 73660000), (139065000, 83185000)]
13:29:31: [INFO] Adding track segment (F.Cu): [(139065000, 83185000), (148590000, 92710000)]
13:29:31: [INFO] Routing pad 'SW11:1' at (134302500, 54610000) with pad 'SW3:1' at (153352500, 54610000) using coordinate system rotated by 0 degree(s)
13:29:31: [INFO] Adding track segment (F.Cu): [(134302500, 54610000), (153352500, 54610000)]
13:29:31: [INFO] Routing pad 'SW26:1' at (139065000, 73660000) with pad 'SW18:1' at (158115000, 73660000) using coordinate system rotated by 0 degree(s)
13:29:31: [INFO] Adding track segment (F.Cu): [(139065000, 73660000), (158115000, 73660000)]
13:29:31: [INFO] Routing pad 'SW39:1' at (148590000, 92710000) with pad 'SW32:1' at (167640000, 92710000) using coordinate system rotated by 0 degree(s)
13:29:31: [INFO] Adding track segment (F.Cu): [(148590000, 92710000), (167640000, 92710000)]
13:29:31: [INFO] Routing pad 'SW32:1' at (167640000, 92710000) with pad 'SW46b:1' at (170021250, 111760000) using coordinate system rotated by 0 degree(s)
13:29:31: [INFO] Routing pad 'SW46b:1' at (170021250, 111760000) with pad 'SW46a:1' at (172402500, 111760000) using coordinate system rotated by 0 degree(s)
13:29:31: [INFO] Adding track segment (F.Cu): [(170021250, 111760000), (172402500, 111760000)]
13:29:32: [INFO] Routing pad 'SW46a:1' at (172402500, 111760000) with pad 'SW46:1' at (181927500, 111760000) using coordinate system rotated by 0 degree(s)
13:29:32: [INFO] Adding track segment (F.Cu): [(172402500, 111760000), (181927500, 111760000)]
13:29:32: [INFO] Routing COL0 pads
13:29:32: [INFO] Routing pad 'SW8:1' at (34290000, 54610000) with pad 'SW23:1' at (34290000, 73660000) using coordinate system rotated by 0 degree(s)
13:29:32: [INFO] Adding track segment (F.Cu): [(34290000, 54610000), (34290000, 73660000)]
13:29:32: [INFO] Routing pad 'SW23:1' at (34290000, 73660000) with pad 'SW36:1' at (34290000, 92710000) using coordinate system rotated by 0 degree(s)
13:29:32: [INFO] Adding track segment (F.Cu): [(34290000, 73660000), (34290000, 92710000)]
13:29:32: [INFO] Routing pad 'SW36:1' at (34290000, 92710000) with pad 'SW49:1' at (34290000, 111760000) using coordinate system rotated by 0 degree(s)
13:29:32: [INFO] Adding track segment (F.Cu): [(34290000, 92710000), (34290000, 111760000)]
13:29:32: [INFO] Routing COL7 pads
13:29:32: [INFO] Routing pad 'SW55:1' at (286702500, 111760000) with pad 'SW55a:1' at (272415000, 111760000) using coordinate system rotated by 0 degree(s)
13:29:32: [INFO] Adding track segment (F.Cu): [(286702500, 111760000), (272415000, 111760000)]
13:29:32: [INFO] Routing pad 'SW15:1' at (286702500, 54610000) with pad 'SW15a:1' at (277177500, 54610000) using coordinate system rotated by 0 degree(s)
13:29:32: [INFO] Adding track segment (F.Cu): [(286702500, 54610000), (277177500, 54610000)]
13:29:32: [INFO] Routing pad 'SW29a:1' at (272415000, 73660000) with pad 'SW29:1' at (279558750, 73660000) using coordinate system rotated by 0 degree(s)
13:29:32: [INFO] Adding track segment (F.Cu): [(272415000, 73660000), (279558750, 73660000)]
13:29:32: [INFO] Routing pad 'SW43:1' at (286702500, 92710000) with pad 'SW43a:1' at (284321250, 92710000) using coordinate system rotated by 0 degree(s)
13:29:32: [INFO] Adding track segment (F.Cu): [(286702500, 92710000), (284321250, 92710000)]
13:29:32: [INFO] Routing pad 'SW7:1' at (305752500, 54610000) with pad 'SW15:1' at (286702500, 54610000) using coordinate system rotated by 0 degree(s)
13:29:32: [INFO] Adding track segment (F.Cu): [(305752500, 54610000), (286702500, 54610000)]
13:29:32: [INFO] Routing pad 'SW35:1' at (305752500, 92710000) with pad 'SW43:1' at (286702500, 92710000) using coordinate system rotated by 0 degree(s)
13:29:32: [INFO] Adding track segment (F.Cu): [(305752500, 92710000), (286702500, 92710000)]
13:29:32: [INFO] Routing pad 'SW43:1' at (286702500, 92710000) with pad 'SW55:1' at (286702500, 111760000) using coordinate system rotated by 0 degree(s)
13:29:32: [INFO] Adding track segment (F.Cu): [(286702500, 92710000), (286702500, 111760000)]
13:29:32: [INFO] Could not add track segment due to detected collision
13:29:32: [INFO] Routing pad 'SW29:1' at (279558750, 73660000) with pad 'SW22a:1' at (298608750, 73660000) using coordinate system rotated by 0 degree(s)
13:29:32: [INFO] Adding track segment (F.Cu): [(279558750, 73660000), (298608750, 73660000)]
13:29:32: [INFO] Routing pad 'SW55:1' at (286702500, 111760000) with pad 'SW48a:1' at (300990000, 111760000) using coordinate system rotated by 0 degree(s)
13:29:32: [INFO] Adding track segment (F.Cu): [(286702500, 111760000), (300990000, 111760000)]
13:29:32: [INFO] Routing pad 'SW22:1' at (305752500, 73660000) with pad 'SW7:1' at (305752500, 54610000) using coordinate system rotated by 0 degree(s)
13:29:32: [INFO] Adding track segment (F.Cu): [(305752500, 73660000), (305752500, 54610000)]
13:29:32: [INFO] Could not add track segment due to detected collision
13:29:32: [INFO] Routing pad 'SW22a:1' at (298608750, 73660000) with pad 'SW22:1' at (305752500, 73660000) using coordinate system rotated by 0 degree(s)
13:29:32: [INFO] Adding track segment (F.Cu): [(298608750, 73660000), (305752500, 73660000)]
13:29:32: [INFO] Routing pad 'SW22:1' at (305752500, 73660000) with pad 'SW35:1' at (305752500, 92710000) using coordinate system rotated by 0 degree(s)
13:29:32: [INFO] Adding track segment (F.Cu): [(305752500, 73660000), (305752500, 92710000)]
13:29:32: [INFO] Routing pad 'SW48a:1' at (300990000, 111760000) with pad 'SW48:1' at (305752500, 111760000) using coordinate system rotated by 0 degree(s)
13:29:32: [INFO] Adding track segment (F.Cu): [(300990000, 111760000), (305752500, 111760000)]
13:29:32: [INFO] Routing COL2 pads
13:29:32: [INFO] Routing pad 'SW2:1' at (96202500, 54610000) with pad 'SW17:1' at (100965000, 73660000) using coordinate system rotated by 0 degree(s)
13:29:32: [INFO] Adding track segment (F.Cu): [(96202500, 54610000), (96202500, 68897500)]
13:29:32: [INFO] Adding track segment (F.Cu): [(96202500, 68897500), (100965000, 73660000)]
13:29:32: [INFO] Routing pad 'SW45:1' at (103346250, 111760000) with pad 'SW45a:1' at (100965000, 111760000) using coordinate system rotated by 0 degree(s)
13:29:32: [INFO] Adding track segment (F.Cu): [(103346250, 111760000), (100965000, 111760000)]
13:29:32: [INFO] Routing pad 'SW31:1' at (110490000, 92710000) with pad 'SW45:1' at (103346250, 111760000) using coordinate system rotated by 0 degree(s)
13:29:32: [INFO] Routing pad 'SW17:1' at (100965000, 73660000) with pad 'SW31:1' at (110490000, 92710000) using coordinate system rotated by 0 degree(s)
13:29:32: [INFO] Adding track segment (F.Cu): [(100965000, 73660000), (100965000, 83185000)]
13:29:32: [INFO] Adding track segment (F.Cu): [(100965000, 83185000), (110490000, 92710000)]
13:29:32: [INFO] Routing pad 'SW2:1' at (96202500, 54610000) with pad 'SW10:1' at (115252500, 54610000) using coordinate system rotated by 0 degree(s)
13:29:32: [INFO] Adding track segment (F.Cu): [(96202500, 54610000), (115252500, 54610000)]
13:29:32: [INFO] Routing pad 'SW17:1' at (100965000, 73660000) with pad 'SW25:1' at (120015000, 73660000) using coordinate system rotated by 0 degree(s)
13:29:32: [INFO] Adding track segment (F.Cu): [(100965000, 73660000), (120015000, 73660000)]
13:29:32: [INFO] Routing pad 'SW31:1' at (110490000, 92710000) with pad 'SW38:1' at (129540000, 92710000) using coordinate system rotated by 0 degree(s)
13:29:32: [INFO] Adding track segment (F.Cu): [(110490000, 92710000), (129540000, 92710000)]
13:29:32: [INFO] Routing ROW2 pads
13:29:32: [INFO] Routing pad 'D16:1' at (90805000, 81600000) with pad 'D17:1' at (109855000, 81600000) using coordinate system rotated by 0 degree(s)
13:29:32: [INFO] Adding track segment (B.Cu): [(90805000, 81600000), (109855000, 81600000)]
13:29:32: [INFO] Routing pad 'D17:1' at (109855000, 81600000) with pad 'D18:1' at (167005000, 81600000) using coordinate system rotated by 0 degree(s)
13:29:32: [INFO] Adding track segment (B.Cu): [(109855000, 81600000), (167005000, 81600000)]
13:29:32: [INFO] Could not add track segment due to detected collision
13:29:32: [INFO] Routing pad 'D18:1' at (167005000, 81600000) with pad 'D19:1' at (186055000, 81600000) using coordinate system rotated by 0 degree(s)
13:29:32: [INFO] Adding track segment (B.Cu): [(167005000, 81600000), (186055000, 81600000)]
13:29:32: [INFO] Routing pad 'D19:1' at (186055000, 81600000) with pad 'D20:1' at (243205000, 81600000) using coordinate system rotated by 0 degree(s)
13:29:32: [INFO] Adding track segment (B.Cu): [(186055000, 81600000), (243205000, 81600000)]
13:29:32: [INFO] Could not add track segment due to detected collision
13:29:32: [INFO] Routing pad 'D20:1' at (243205000, 81600000) with pad 'D21:1' at (262255000, 81600000) using coordinate system rotated by 0 degree(s)
13:29:32: [INFO] Adding track segment (B.Cu): [(243205000, 81600000), (262255000, 81600000)]
13:29:32: [INFO] Routing pad 'D21:1' at (262255000, 81600000) with pad 'D22:1' at (314642500, 81600000) using coordinate system rotated by 0 degree(s)
13:29:32: [INFO] Adding track segment (B.Cu): [(262255000, 81600000), (314642500, 81600000)]
13:29:32: [INFO] Could not add track segment due to detected collision
13:29:32: [INFO] Routing ROW3 pads
13:29:32: [INFO] Routing pad 'D23:1' at (43180000, 81600000) with pad 'D24:1' at (69373750, 81600000) using coordinate system rotated by 0 degree(s)
13:29:32: [INFO] Adding track segment (B.Cu): [(43180000, 81600000), (69373750, 81600000)]
13:29:32: [INFO] Routing pad 'D24:1' at (69373750, 81600000) with pad 'D25:1' at (128905000, 81600000) using coordinate system rotated by 0 degree(s)
13:29:32: [INFO] Adding track segment (B.Cu): [(69373750, 81600000), (128905000, 81600000)]
13:29:32: [INFO] Could not add track segment due to detected collision
13:29:32: [INFO] Routing pad 'D25:1' at (128905000, 81600000) with pad 'D26:1' at (147955000, 81600000) using coordinate system rotated by 0 degree(s)
13:29:32: [INFO] Adding track segment (B.Cu): [(128905000, 81600000), (147955000, 81600000)]
13:29:32: [INFO] Routing pad 'D26:1' at (147955000, 81600000) with pad 'D27:1' at (205105000, 81600000) using coordinate system rotated by 0 degree(s)
13:29:32: [INFO] Adding track segment (B.Cu): [(147955000, 81600000), (205105000, 81600000)]
13:29:32: [INFO] Could not add track segment due to detected collision
13:29:32: [INFO] Routing pad 'D27:1' at (205105000, 81600000) with pad 'D28:1' at (224155000, 81600000) using coordinate system rotated by 0 degree(s)
13:29:32: [INFO] Adding track segment (B.Cu): [(205105000, 81600000), (224155000, 81600000)]
13:29:32: [INFO] Routing pad 'D28:1' at (224155000, 81600000) with pad 'D29:1' at (288448750, 81600000) using coordinate system rotated by 0 degree(s)
13:29:32: [INFO] Adding track segment (B.Cu): [(224155000, 81600000), (288448750, 81600000)]
13:29:32: [INFO] Could not add track segment due to detected collision
13:29:32: [INFO] Routing COL5 pads
13:29:32: [INFO] Routing pad 'SW13:1' at (210502500, 54610000) with pad 'SW28:1' at (215265000, 73660000) using coordinate system rotated by 0 degree(s)
13:29:32: [INFO] Adding track segment (F.Cu): [(210502500, 54610000), (210502500, 68897500)]
13:29:32: [INFO] Adding track segment (F.Cu): [(210502500, 68897500), (215265000, 73660000)]
13:29:32: [INFO] Routing pad 'SW41:1' at (224790000, 92710000) with pad 'SW53:1' at (220027500, 111760000) using coordinate system rotated by 0 degree(s)
13:29:32: [INFO] Routing pad 'SW28:1' at (215265000, 73660000) with pad 'SW41:1' at (224790000, 92710000) using coordinate system rotated by 0 degree(s)
13:29:32: [INFO] Adding track segment (F.Cu): [(215265000, 73660000), (215265000, 83185000)]
13:29:32: [INFO] Adding track segment (F.Cu): [(215265000, 83185000), (224790000, 92710000)]
13:29:32: [INFO] Routing pad 'SW13:1' at (210502500, 54610000) with pad 'SW5:1' at (229552500, 54610000) using coordinate system rotated by 0 degree(s)
13:29:32: [INFO] Adding track segment (F.Cu): [(210502500, 54610000), (229552500, 54610000)]
13:29:32: [INFO] Routing pad 'SW28:1' at (215265000, 73660000) with pad 'SW20:1' at (234315000, 73660000) using coordinate system rotated by 0 degree(s)
13:29:32: [INFO] Adding track segment (F.Cu): [(215265000, 73660000), (234315000, 73660000)]
13:29:32: [INFO] Routing pad 'SW53:1' at (220027500, 111760000) with pad 'SW47:1' at (239077500, 111760000) using coordinate system rotated by 0 degree(s)
13:29:32: [INFO] Adding track segment (F.Cu): [(220027500, 111760000), (239077500, 111760000)]
13:29:32: [INFO] Routing pad 'SW41:1' at (224790000, 92710000) with pad 'SW34:1' at (243840000, 92710000) using coordinate system rotated by 0 degree(s)
13:29:32: [INFO] Adding track segment (F.Cu): [(224790000, 92710000), (243840000, 92710000)]
13:29:32: [INFO] Routing COL4 pads
13:29:32: [INFO] Routing pad 'SW4:1' at (172402500, 54610000) with pad 'SW19:1' at (177165000, 73660000) using coordinate system rotated by 0 degree(s)
13:29:32: [INFO] Adding track segment (F.Cu): [(172402500, 54610000), (172402500, 68897500)]
13:29:32: [INFO] Adding track segment (F.Cu): [(172402500, 68897500), (177165000, 73660000)]
13:29:32: [INFO] Routing pad 'SW19:1' at (177165000, 73660000) with pad 'SW33:1' at (186690000, 92710000) using coordinate system rotated by 0 degree(s)
13:29:32: [INFO] Adding track segment (F.Cu): [(177165000, 73660000), (177165000, 83185000)]
13:29:32: [INFO] Adding track segment (F.Cu): [(177165000, 83185000), (186690000, 92710000)]
13:29:32: [INFO] Routing pad 'SW33:1' at (186690000, 92710000) with pad 'SW52a:1' at (189071250, 111760000) using coordinate system rotated by 0 degree(s)
13:29:32: [INFO] Routing pad 'SW4:1' at (172402500, 54610000) with pad 'SW12:1' at (191452500, 54610000) using coordinate system rotated by 0 degree(s)
13:29:32: [INFO] Adding track segment (F.Cu): [(172402500, 54610000), (191452500, 54610000)]
13:29:32: [INFO] Routing pad 'SW19:1' at (177165000, 73660000) with pad 'SW27:1' at (196215000, 73660000) using coordinate system rotated by 0 degree(s)
13:29:32: [INFO] Adding track segment (F.Cu): [(177165000, 73660000), (196215000, 73660000)]
13:29:32: [INFO] Routing pad 'SW52a:1' at (189071250, 111760000) with pad 'SW52:1' at (200977500, 111760000) using coordinate system rotated by 0 degree(s)
13:29:32: [INFO] Adding track segment (F.Cu): [(189071250, 111760000), (200977500, 111760000)]
13:29:32: [INFO] Routing pad 'SW33:1' at (186690000, 92710000) with pad 'SW40:1' at (205740000, 92710000) using coordinate system rotated by 0 degree(s)
13:29:32: [INFO] Adding track segment (F.Cu): [(186690000, 92710000), (205740000, 92710000)]
13:29:32: [INFO] Routing ROW0 pads
13:29:32: [INFO] Routing pad 'D1:1' at (86042500, 62550000) with pad 'D2:1' at (105092500, 62550000) using coordinate system rotated by 0 degree(s)
13:29:32: [INFO] Adding track segment (B.Cu): [(86042500, 62550000), (105092500, 62550000)]
13:29:32: [INFO] Routing pad 'D2:1' at (105092500, 62550000) with pad 'D3:1' at (162242500, 62550000) using coordinate system rotated by 0 degree(s)
13:29:32: [INFO] Adding track segment (B.Cu): [(105092500, 62550000), (162242500, 62550000)]
13:29:32: [INFO] Could not add track segment due to detected collision
13:29:32: [INFO] Routing pad 'D3:1' at (162242500, 62550000) with pad 'D4:1' at (181292500, 62550000) using coordinate system rotated by 0 degree(s)
13:29:32: [INFO] Adding track segment (B.Cu): [(162242500, 62550000), (181292500, 62550000)]
13:29:32: [INFO] Routing pad 'D4:1' at (181292500, 62550000) with pad 'D5:1' at (238442500, 62550000) using coordinate system rotated by 0 degree(s)
13:29:32: [INFO] Adding track segment (B.Cu): [(181292500, 62550000), (238442500, 62550000)]
13:29:32: [INFO] Could not add track segment due to detected collision
13:29:32: [INFO] Routing pad 'D5:1' at (238442500, 62550000) with pad 'D6:1' at (257492500, 62550000) using coordinate system rotated by 0 degree(s)
13:29:32: [INFO] Adding track segment (B.Cu): [(238442500, 62550000), (257492500, 62550000)]
13:29:32: [INFO] Routing pad 'D6:1' at (257492500, 62550000) with pad 'D7:1' at (314642500, 62550000) using coordinate system rotated by 0 degree(s)
13:29:32: [INFO] Adding track segment (B.Cu): [(257492500, 62550000), (314642500, 62550000)]
13:29:32: [INFO] Could not add track segment due to detected collision
13:29:32: [INFO] Routing COL6 pads
13:29:32: [INFO] Routing pad 'SW6:1' at (248602500, 54610000) with pad 'SW21:1' at (253365000, 73660000) using coordinate system rotated by 0 degree(s)
13:29:32: [INFO] Adding track segment (F.Cu): [(248602500, 54610000), (248602500, 68897500)]
13:29:32: [INFO] Adding track segment (F.Cu): [(248602500, 68897500), (253365000, 73660000)]
13:29:32: [INFO] Routing pad 'SW21:1' at (253365000, 73660000) with pad 'SW42a:1' at (262890000, 92710000) using coordinate system rotated by 0 degree(s)
13:29:32: [INFO] Adding track segment (F.Cu): [(253365000, 73660000), (253365000, 83185000)]
13:29:32: [INFO] Adding track segment (F.Cu): [(253365000, 83185000), (262890000, 92710000)]
13:29:32: [INFO] Routing pad 'SW42a:1' at (262890000, 92710000) with pad 'SW42:1' at (265271250, 92710000) using coordinate system rotated by 0 degree(s)
13:29:32: [INFO] Adding track segment (F.Cu): [(262890000, 92710000), (265271250, 92710000)]
13:29:32: [INFO] Routing pad 'SW6:1' at (248602500, 54610000) with pad 'SW14:1' at (267652500, 54610000) using coordinate system rotated by 0 degree(s)
13:29:32: [INFO] Adding track segment (F.Cu): [(248602500, 54610000), (267652500, 54610000)]
13:29:32: [INFO] Routing pad 'SW42:1' at (265271250, 92710000) with pad 'SW54:1' at (267652500, 111760000) using coordinate system rotated by 0 degree(s)
13:29:32: [INFO] Routing ROW7 pads
13:29:32: [INFO] Routing pad 'D49:1' at (43180000, 119700000) with pad 'D50:1' at (69373750, 119700000) using coordinate system rotated by 0 degree(s)
13:29:32: [INFO] Adding track segment (B.Cu): [(43180000, 119700000), (69373750, 119700000)]
13:29:32: [INFO] Routing pad 'D50:1' at (69373750, 119700000) with pad 'D51:1' at (152717500, 119700000) using coordinate system rotated by 0 degree(s)
13:29:32: [INFO] Adding track segment (B.Cu): [(69373750, 119700000), (152717500, 119700000)]
13:29:32: [INFO] Could not add track segment due to detected collision
13:29:32: [INFO] Routing pad 'D51:1' at (152717500, 119700000) with pad 'D52:1' at (209867500, 119700000) using coordinate system rotated by 0 degree(s)
13:29:32: [INFO] Adding track segment (B.Cu): [(152717500, 119700000), (209867500, 119700000)]
13:29:32: [INFO] Could not add track segment due to detected collision
13:29:32: [INFO] Routing pad 'D52:1' at (209867500, 119700000) with pad 'D53:1' at (228917500, 119700000) using coordinate system rotated by 0 degree(s)
13:29:32: [INFO] Adding track segment (B.Cu): [(209867500, 119700000), (228917500, 119700000)]
13:29:32: [INFO] Routing pad 'D53:1' at (228917500, 119700000) with pad 'D54:1' at (276542500, 119700000) using coordinate system rotated by 0 degree(s)
13:29:32: [INFO] Adding track segment (B.Cu): [(228917500, 119700000), (276542500, 119700000)]
13:29:32: [INFO] Could not add track segment due to detected collision
13:29:32: [INFO] Routing pad 'D54:1' at (276542500, 119700000) with pad 'D55:1' at (295592500, 119700000) using coordinate system rotated by 0 degree(s)
13:29:32: [INFO] Adding track segment (B.Cu): [(276542500, 119700000), (295592500, 119700000)]
13:29:32: [INFO] Routing ROW5 pads
13:29:32: [INFO] Routing pad 'D36:1' at (43180000, 100650000) with pad 'D37:1' at (74136250, 100650000) using coordinate system rotated by 0 degree(s)
13:29:32: [INFO] Adding track segment (B.Cu): [(43180000, 100650000), (74136250, 100650000)]
13:29:32: [INFO] Routing pad 'D37:1' at (74136250, 100650000) with pad 'D38:1' at (138430000, 100650000) using coordinate system rotated by 0 degree(s)
13:29:32: [INFO] Adding track segment (B.Cu): [(74136250, 100650000), (138430000, 100650000)]
13:29:32: [INFO] Could not add track segment due to detected collision
13:29:32: [INFO] Routing pad 'D38:1' at (138430000, 100650000) with pad 'D39:1' at (157480000, 100650000) using coordinate system rotated by 0 degree(s)
13:29:32: [INFO] Adding track segment (B.Cu): [(138430000, 100650000), (157480000, 100650000)]
13:29:32: [INFO] Routing pad 'D39:1' at (157480000, 100650000) with pad 'D40:1' at (214630000, 100650000) using coordinate system rotated by 0 degree(s)
13:29:32: [INFO] Adding track segment (B.Cu): [(157480000, 100650000), (214630000, 100650000)]
13:29:32: [INFO] Could not add track segment due to detected collision
13:29:32: [INFO] Routing pad 'D40:1' at (214630000, 100650000) with pad 'D41:1' at (233680000, 100650000) using coordinate system rotated by 0 degree(s)
13:29:32: [INFO] Adding track segment (B.Cu): [(214630000, 100650000), (233680000, 100650000)]
13:29:32: [INFO] Routing pad 'D41:1' at (233680000, 100650000) with pad 'D42:1' at (274161250, 100650000) using coordinate system rotated by 0 degree(s)
13:29:32: [INFO] Adding track segment (B.Cu): [(233680000, 100650000), (274161250, 100650000)]
13:29:32: [INFO] Could not add track segment due to detected collision
13:29:32: [INFO] Routing pad 'D42:1' at (274161250, 100650000) with pad 'D43:1' at (295592500, 100650000) using coordinate system rotated by 0 degree(s)
13:29:32: [INFO] Adding track segment (B.Cu): [(274161250, 100650000), (295592500, 100650000)]
13:29:32: [INFO] Routing ROW4 pads
13:29:32: [INFO] Routing pad 'D30:1' at (100330000, 100650000) with pad 'D31:1' at (119380000, 100650000) using coordinate system rotated by 0 degree(s)
13:29:32: [INFO] Adding track segment (B.Cu): [(100330000, 100650000), (119380000, 100650000)]
13:29:32: [INFO] Routing pad 'D31:1' at (119380000, 100650000) with pad 'D32:1' at (176530000, 100650000) using coordinate system rotated by 0 degree(s)
13:29:32: [INFO] Adding track segment (B.Cu): [(119380000, 100650000), (176530000, 100650000)]
13:29:32: [INFO] Could not add track segment due to detected collision
13:29:32: [INFO] Routing pad 'D32:1' at (176530000, 100650000) with pad 'D33:1' at (195580000, 100650000) using coordinate system rotated by 0 degree(s)
13:29:32: [INFO] Adding track segment (B.Cu): [(176530000, 100650000), (195580000, 100650000)]
13:29:32: [INFO] Routing pad 'D33:1' at (195580000, 100650000) with pad 'D34:1' at (252730000, 100650000) using coordinate system rotated by 0 degree(s)
13:29:32: [INFO] Adding track segment (B.Cu): [(195580000, 100650000), (252730000, 100650000)]
13:29:32: [INFO] Could not add track segment due to detected collision
13:29:32: [INFO] Routing pad 'D34:1' at (252730000, 100650000) with pad 'D35:1' at (314642500, 100650000) using coordinate system rotated by 0 degree(s)
13:29:32: [INFO] Adding track segment (B.Cu): [(252730000, 100650000), (314642500, 100650000)]
13:29:32: [INFO] Could not add track segment due to detected collision
13:29:32: [INFO] Routing COL1 pads
13:29:32: [INFO] Routing pad 'SW50:1' at (60483750, 111760000) with pad 'SW50a:1' at (58102500, 111760000) using coordinate system rotated by 0 degree(s)
13:29:32: [INFO] Adding track segment (F.Cu): [(60483750, 111760000), (58102500, 111760000)]
13:29:32: [INFO] Routing pad 'SW9:1' at (58102500, 54610000) with pad 'SW24:1' at (60483750, 73660000) using coordinate system rotated by 0 degree(s)
13:29:32: [INFO] Adding track segment (F.Cu): [(58102500, 54610000), (58102500, 71278750)]
13:29:32: [INFO] Adding track segment (F.Cu): [(58102500, 71278750), (60483750, 73660000)]
13:29:32: [INFO] Routing pad 'SW37:1' at (65246250, 92710000) with pad 'SW50:1' at (60483750, 111760000) using coordinate system rotated by 0 degree(s)
13:29:32: [INFO] Routing pad 'SW24:1' at (60483750, 73660000) with pad 'SW37:1' at (65246250, 92710000) using coordinate system rotated by 0 degree(s)
13:29:32: [INFO] Adding track segment (F.Cu): [(60483750, 73660000), (60483750, 87947500)]
13:29:32: [INFO] Adding track segment (F.Cu): [(60483750, 87947500), (65246250, 92710000)]
13:29:32: [INFO] Routing pad 'SW9:1' at (58102500, 54610000) with pad 'SW1:1' at (77152500, 54610000) using coordinate system rotated by 0 degree(s)
13:29:32: [INFO] Adding track segment (F.Cu): [(58102500, 54610000), (77152500, 54610000)]
13:29:32: [INFO] Routing pad 'SW50:1' at (60483750, 111760000) with pad 'SW44a:1' at (79533750, 111760000) using coordinate system rotated by 0 degree(s)
13:29:32: [INFO] Adding track segment (F.Cu): [(60483750, 111760000), (79533750, 111760000)]
13:29:32: [INFO] Routing pad 'SW1:1' at (77152500, 54610000) with pad 'SW16:1' at (81915000, 73660000) using coordinate system rotated by 0 degree(s)
13:29:32: [INFO] Adding track segment (F.Cu): [(77152500, 54610000), (77152500, 68897500)]
13:29:32: [INFO] Adding track segment (F.Cu): [(77152500, 68897500), (81915000, 73660000)]
13:29:32: [INFO] Routing pad 'SW44a:1' at (79533750, 111760000) with pad 'SW44:1' at (81915000, 111760000) using coordinate system rotated by 0 degree(s)
13:29:32: [INFO] Adding track segment (F.Cu): [(79533750, 111760000), (81915000, 111760000)]
13:29:32: [INFO] Routing pad 'SW44:1' at (81915000, 111760000) with pad 'SW30:1' at (91440000, 92710000) using coordinate system rotated by 0 degree(s)
13:29:32: [INFO] Routing ROW6 pads
13:29:32: [INFO] Routing pad 'D44:1' at (90805000, 119700000) with pad 'D45:1' at (112236250, 119700000) using coordinate system rotated by 0 degree(s)
13:29:32: [INFO] Adding track segment (B.Cu): [(90805000, 119700000), (112236250, 119700000)]
13:29:32: [INFO] Routing pad 'D45:1' at (112236250, 119700000) with pad 'D46:1' at (190817500, 119700000) using coordinate system rotated by 0 degree(s)
13:29:32: [INFO] Adding track segment (B.Cu): [(112236250, 119700000), (190817500, 119700000)]
13:29:32: [INFO] Could not add track segment due to detected collision
13:29:32: [INFO] Routing pad 'D46:1' at (190817500, 119700000) with pad 'D47:1' at (247967500, 119700000) using coordinate system rotated by 0 degree(s)
13:29:32: [INFO] Adding track segment (B.Cu): [(190817500, 119700000), (247967500, 119700000)]
13:29:32: [INFO] Could not add track segment due to detected collision
13:29:32: [INFO] Routing pad 'D47:1' at (247967500, 119700000) with pad 'D48:1' at (314642500, 119700000) using coordinate system rotated by 0 degree(s)
13:29:32: [INFO] Adding track segment (B.Cu): [(247967500, 119700000), (314642500, 119700000)]
13:29:32: [INFO] Could not add track segment due to detected collision
13:29:32: [INFO] Routing ROW1 pads
13:29:32: [INFO] Routing pad 'D8:1' at (43180000, 62550000) with pad 'D9:1' at (66992500, 62550000) using coordinate system rotated by 0 degree(s)
13:29:32: [INFO] Adding track segment (B.Cu): [(43180000, 62550000), (66992500, 62550000)]
13:29:32: [INFO] Routing pad 'D9:1' at (66992500, 62550000) with pad 'D10:1' at (124142500, 62550000) using coordinate system rotated by 0 degree(s)
13:29:32: [INFO] Adding track segment (B.Cu): [(66992500, 62550000), (124142500, 62550000)]
13:29:32: [INFO] Could not add track segment due to detected collision
13:29:32: [INFO] Routing pad 'D10:1' at (124142500, 62550000) with pad 'D11:1' at (143192500, 62550000) using coordinate system rotated by 0 degree(s)
13:29:32: [INFO] Adding track segment (B.Cu): [(124142500, 62550000), (143192500, 62550000)]
13:29:32: [INFO] Routing pad 'D11:1' at (143192500, 62550000) with pad 'D12:1' at (200342500, 62550000) using coordinate system rotated by 0 degree(s)
13:29:32: [INFO] Adding track segment (B.Cu): [(143192500, 62550000), (200342500, 62550000)]
13:29:32: [INFO] Could not add track segment due to detected collision
13:29:32: [INFO] Routing pad 'D12:1' at (200342500, 62550000) with pad 'D13:1' at (219392500, 62550000) using coordinate system rotated by 0 degree(s)
13:29:32: [INFO] Adding track segment (B.Cu): [(200342500, 62550000), (219392500, 62550000)]
13:29:32: [INFO] Routing pad 'D13:1' at (219392500, 62550000) with pad 'D14:1' at (276542500, 62550000) using coordinate system rotated by 0 degree(s)
13:29:32: [INFO] Adding track segment (B.Cu): [(219392500, 62550000), (276542500, 62550000)]
13:29:32: [INFO] Could not add track segment due to detected collision
13:29:32: [INFO] Routing pad 'D14:1' at (276542500, 62550000) with pad 'D15:1' at (295592500, 62550000) using coordinate system rotated by 0 degree(s)
13:29:32: [INFO] Adding track segment (B.Cu): [(276542500, 62550000), (295592500, 62550000)]
13:29:32: [INFO] Removing dangling tracks
