=== kbplacer.kle_serial ===
=== layout2image.py ===
=== kbplacer ===
13:30:23: [INFO] User layout: https://editor.keyboard-tools.xyz/#share=NrDeCIA9wLgAgCwBo7gJ6zgBgHQEYBmAXxXCyQPBQmngE4TUBWC8AXSQCgwpMDSM8ALS4A7E0ZkkAJipwamPJPII5C+KMktV1XvCWkWsjt3VwAbAMwicADlvKkTNXrgTDT9lx6040q8Ji7qjkeC6+hFpIYSY+igFwNraipADGmOAAxACGuXngjljhiiyo6fBZqVXVBR5FsWbIqIKJQZJ4rLq+DKSWlA2u-M3WbaQdsl2K7Ug68q6avTPF+pKWxt5mlsOBdg5jnpPwweCWzgO+-tutOOLTYYdwkYsxG64dV0kpZRk5ebm1qA6RQeeFK4HKqEy1RqqyQ9Vevia6BGN2O-koDx6qBS-QRfASNlupH8EzmEVIADtMAAXABOAFcAKaSfyzMxfcBU+B0pmSFJst58mReUyuLbInb2FkHMmYY4pM6vFqfNI-P7-STIYGy-QLVB0OEiuLwS4S672VUVKHQ9LS+46x7EUgpF6i8kfXDJS2Q9XZAHgfzasygoXwt2YJHKoLeyo2-38DEOrHgWysc74j2oyT8UnB7NLB56lMFh0GVCp9bh+DiqO7fPOB7HVOKqt+AmjVD8e3Bp3l6JG4PtuwciFZX3xw0gpuG9NHIfHZCJ9mSA241s1lEW1BcuA85mkZAC3xgnd7ldLWdwDm15KamVmXvgA1nNhAA
13:30:23: [INFO] Labels prefixes: for rows: 'ROW', for columns: 'COL'
13:30:23: [INFO] Matrix size: 9x5
13:30:24: [INFO] Add COL0 net
13:30:24: [INFO] Add COL1 net
13:30:24: [INFO] Add COL2 net
13:30:24: [INFO] Add COL3 net
13:30:24: [INFO] Add COL4 net
13:30:24: [INFO] Add COL5 net
13:30:24: [INFO] Add Net-(D1-A) net
13:30:24: [INFO] Add Net-(D10-A) net
13:30:24: [INFO] Add Net-(D11-A) net
13:30:24: [INFO] Add Net-(D12-A) net
13:30:24: [INFO] Add Net-(D13-A) net
13:30:24: [INFO] Add Net-(D14-A) net
13:30:24: [INFO] Add Net-(D15-A) net
13:30:24: [INFO] Add Net-(D16-A) net
13:30:24: [INFO] Add Net-(D17-A) net
13:30:24: [INFO] Add Net-(D18-A) net
13:30:24: [INFO] Add Net-(D19-A) net
13:30:24: [INFO] Add Net-(D2-A) net
13:30:24: [INFO] Add Net-(D20-A) net
13:30:24: [INFO] Add Net-(D21-A) net
13:30:24: [INFO] Add Net-(D22-A) net
13:30:24: [INFO] Add Net-(D23-A) net
13:30:24: [INFO] Add Net-(D24-A) net
13:30:24: [INFO] Add Net-(D25-A) net
13:30:24: [INFO] Add Net-(D26-A) net
13:30:24: [INFO] Add Net-(D27-A) net
13:30:24: [INFO] Add Net-(D28-A) net
13:30:24: [INFO] Add Net-(D29-A) net
13:30:24: [INFO] Add Net-(D3-A) net
13:30:24: [INFO] Add Net-(D30-A) net
13:30:24: [INFO] Add Net-(D31-A) net
13:30:24: [INFO] Add Net-(D32-A) net
13:30:24: [INFO] Add Net-(D33-A) net
13:30:24: [INFO] Add Net-(D34-A) net
13:30:24: [INFO] Add Net-(D35-A) net
13:30:24: [INFO] Add Net-(D36-A) net
13:30:24: [INFO] Add Net-(D37-A) net
13:30:24: [INFO] Add Net-(D38-A) net
13:30:24: [INFO] Add Net-(D39-A) net
13:30:24: [INFO] Add Net-(D4-A) net
13:30:24: [INFO] Add Net-(D40-A) net
13:30:24: [INFO] Add Net-(D41-A) net
13:30:24: [INFO] Add Net-(D42-A) net
13:30:24: [INFO] Add Net-(D43-A) net
13:30:24: [INFO] Add Net-(D44-A) net
13:30:24: [INFO] Add Net-(D45-A) net
13:30:24: [INFO] Add Net-(D46-A) net
13:30:24: [INFO] Add Net-(D47-A) net
13:30:24: [INFO] Add Net-(D48-A) net
13:30:24: [INFO] Add Net-(D49-A) net
13:30:24: [INFO] Add Net-(D5-A) net
13:30:24: [INFO] Add Net-(D50-A) net
13:30:24: [INFO] Add Net-(D51-A) net
13:30:24: [INFO] Add Net-(D52-A) net
13:30:24: [INFO] Add Net-(D53-A) net
13:30:24: [INFO] Add Net-(D54-A) net
13:30:24: [INFO] Add Net-(D55-A) net
13:30:24: [INFO] Add Net-(D56-A) net
13:30:24: [INFO] Add Net-(D6-A) net
13:30:24: [INFO] Add Net-(D7-A) net
13:30:24: [INFO] Add Net-(D8-A) net
13:30:24: [INFO] Add Net-(D9-A) net
13:30:24: [INFO] Add ROW0 net
13:30:24: [INFO] Add ROW1 net
13:30:24: [INFO] Add ROW2 net
13:30:24: [INFO] Add ROW3 net
13:30:24: [INFO] Add ROW4 net
13:30:24: [INFO] Add ROW5 net
13:30:24: [INFO] Add ROW6 net
13:30:24: [INFO] Add ROW7 net
13:30:24: [INFO] Add ROW8 net
13:30:24: [INFO] Add ROW9 net
13:30:24: [INFO] Add SW1 footprint
13:30:24: [INFO] Add D1 footprint
13:30:24: [INFO] Add SW2 footprint
13:30:24: [INFO] Add D2 footprint
13:30:24: [INFO] Add SW3 footprint
13:30:24: [INFO] Add D3 footprint
13:30:24: [INFO] Add SW4 footprint
13:30:24: [INFO] Add D4 footprint
13:30:24: [INFO] Add SW5 footprint
13:30:24: [INFO] Add D5 footprint
13:30:24: [INFO] Add SW6 footprint
13:30:24: [INFO] Add D6 footprint
13:30:24: [INFO] Add SW7 footprint
13:30:24: [INFO] Add D7 footprint
13:30:24: [INFO] Add SW8 footprint
13:30:24: [INFO] Add D8 footprint
13:30:24: [INFO] Add SW9 footprint
13:30:24: [INFO] Add D9 footprint
13:30:24: [INFO] Add SW10 footprint
13:30:24: [INFO] Add D10 footprint
13:30:25: [INFO] Add SW11 footprint
13:30:25: [INFO] Add D11 footprint
13:30:25: [INFO] Add SW12 footprint
13:30:25: [INFO] Add D12 footprint
13:30:25: [INFO] Add SW13 footprint
13:30:25: [INFO] Add D13 footprint
13:30:25: [INFO] Add SW14 footprint
13:30:25: [INFO] Add D14 footprint
13:30:25: [INFO] Add SW15 footprint
13:30:25: [INFO] Add D15 footprint
13:30:25: [INFO] Add SW16 footprint
13:30:25: [INFO] Add D16 footprint
13:30:25: [INFO] Add SW17 footprint
13:30:25: [INFO] Add D17 footprint
13:30:25: [INFO] Add SW18 footprint
13:30:25: [INFO] Add D18 footprint
13:30:25: [INFO] Add SW19 footprint
13:30:25: [INFO] Add D19 footprint
13:30:25: [INFO] Add SW20 footprint
13:30:25: [INFO] Add D20 footprint
13:30:25: [INFO] Add SW21 footprint
13:30:25: [INFO] Add D21 footprint
13:30:25: [INFO] Add SW22 footprint
13:30:25: [INFO] Add D22 footprint
13:30:25: [INFO] Add SW23 footprint
13:30:25: [INFO] Add D23 footprint
13:30:25: [INFO] Add SW24 footprint
13:30:25: [INFO] Add D24 footprint
13:30:25: [INFO] Add SW25 footprint
13:30:25: [INFO] Add D25 footprint
13:30:25: [INFO] Add SW26 footprint
13:30:25: [INFO] Add D26 footprint
13:30:25: [INFO] Add SW27 footprint
13:30:25: [INFO] Add D27 footprint
13:30:25: [INFO] Add SW28 footprint
13:30:25: [INFO] Add D28 footprint
13:30:25: [INFO] Add SW29 footprint
13:30:26: [INFO] Add D29 footprint
13:30:26: [INFO] Add SW30 footprint
13:30:26: [INFO] Add D30 footprint
13:30:26: [INFO] Add SW31 footprint
13:30:26: [INFO] Add D31 footprint
13:30:26: [INFO] Add SW32 footprint
13:30:26: [INFO] Add D32 footprint
13:30:26: [INFO] Add SW33 footprint
13:30:26: [INFO] Add D33 footprint
13:30:26: [INFO] Add SW34 footprint
13:30:26: [INFO] Add D34 footprint
13:30:26: [INFO] Add SW35 footprint
13:30:26: [INFO] Add D35 footprint
13:30:26: [INFO] Add SW36 footprint
13:30:26: [INFO] Add D36 footprint
13:30:26: [INFO] Add SW37 footprint
13:30:26: [INFO] Add D37 footprint
13:30:26: [INFO] Add SW38 footprint
13:30:26: [INFO] Add D38 footprint
13:30:26: [INFO] Add SW39 footprint
13:30:26: [INFO] Add D39 footprint
13:30:26: [INFO] Add SW40 footprint
13:30:26: [INFO] Add D40 footprint
13:30:26: [INFO] Add SW41 footprint
13:30:26: [INFO] Add D41 footprint
13:30:26: [INFO] Add SW42 footprint
13:30:26: [INFO] Add D42 footprint
13:30:26: [INFO] Add SW43 footprint
13:30:26: [INFO] Add D43 footprint
13:30:26: [INFO] Add SW44 footprint
13:30:26: [INFO] Add D44 footprint
13:30:26: [INFO] Add SW45 footprint
13:30:26: [INFO] Add D45 footprint
13:30:26: [INFO] Add SW46 footprint
13:30:27: [INFO] Add D46 footprint
13:30:27: [INFO] Add SW47 footprint
13:30:27: [INFO] Add D47 footprint
13:30:27: [INFO] Add SW48 footprint
13:30:27: [INFO] Add D48 footprint
13:30:27: [INFO] Add SW49 footprint
13:30:27: [INFO] Add D49 footprint
13:30:27: [INFO] Add SW50 footprint
13:30:27: [INFO] Add D50 footprint
13:30:27: [INFO] Add SW51 footprint
13:30:27: [INFO] Add D51 footprint
13:30:27: [INFO] Add SW52 footprint
13:30:27: [INFO] Add D52 footprint
13:30:27: [INFO] Add SW53 footprint
13:30:27: [INFO] Add D53 footprint
13:30:27: [INFO] Add SW54 footprint
13:30:27: [INFO] Add D54 footprint
13:30:27: [INFO] Add SW55 footprint
13:30:27: [INFO] Add D55 footprint
13:30:27: [INFO] Add SW56 footprint
13:30:27: [INFO] Add D56 footprint
13:30:27: [INFO] Detected layout convertible to matrix annotated keyboard
13:30:27: [INFO] Using key 1U distance: (19.05, 19.05) mm
13:30:27: [INFO] Layout offset: (28575000, 26098500)
13:30:27: [INFO] Diode info: [ElementInfo(annotation_format='D{}', position_option=<PositionOption.CUSTOM: 'Custom'>, position=ElementPosition(x=5.08, y=4.0, orientation=90.0, side=<Side.BACK: 'Back'>), template_path='', start_index=-1)]
13:30:27: [INFO] Placing additional elements for SW56
13:30:27: [INFO] Placing additional elements for SW55
13:30:27: [INFO] Placing additional elements for SW54
13:30:27: [INFO] Placing additional elements for SW53
13:30:27: [INFO] Placing additional elements for SW52
13:30:27: [INFO] Placing additional elements for SW51
13:30:27: [INFO] Placing additional elements for SW50
13:30:27: [INFO] Placing additional elements for SW49
13:30:27: [INFO] Placing additional elements for SW48
13:30:27: [INFO] Placing additional elements for SW47
13:30:27: [INFO] Placing additional elements for SW46
13:30:27: [INFO] Placing additional elements for SW45
13:30:27: [INFO] Placing additional elements for SW44
13:30:27: [INFO] Placing additional elements for SW43
13:30:27: [INFO] Placing additional elements for SW42
13:30:27: [INFO] Placing additional elements for SW41
13:30:27: [INFO] Placing additional elements for SW40
13:30:27: [INFO] Placing additional elements for SW39
13:30:27: [INFO] Placing additional elements for SW38
13:30:27: [INFO] Placing additional elements for SW37
13:30:27: [INFO] Placing additional elements for SW36
13:30:27: [INFO] Placing additional elements for SW35
13:30:27: [INFO] Placing additional elements for SW34
13:30:27: [INFO] Placing additional elements for SW33
13:30:27: [INFO] Placing additional elements for SW32
13:30:27: [INFO] Placing additional elements for SW31
13:30:27: [INFO] Placing additional elements for SW30
13:30:27: [INFO] Placing additional elements for SW29
13:30:27: [INFO] Placing additional elements for SW28
13:30:27: [INFO] Placing additional elements for SW27
13:30:27: [INFO] Placing additional elements for SW26
13:30:27: [INFO] Placing additional elements for SW25
13:30:27: [INFO] Placing additional elements for SW24
13:30:27: [INFO] Placing additional elements for SW23
13:30:27: [INFO] Placing additional elements for SW22
13:30:27: [INFO] Placing additional elements for SW21
13:30:27: [INFO] Placing additional elements for SW20
13:30:27: [INFO] Placing additional elements for SW19
13:30:27: [INFO] Placing additional elements for SW18
13:30:27: [INFO] Placing additional elements for SW17
13:30:27: [INFO] Placing additional elements for SW16
13:30:27: [INFO] Placing additional elements for SW15
13:30:27: [INFO] Placing additional elements for SW14
13:30:27: [INFO] Placing additional elements for SW13
13:30:27: [INFO] Placing additional elements for SW12
13:30:27: [INFO] Placing additional elements for SW11
13:30:27: [INFO] Placing additional elements for SW10
13:30:27: [INFO] Placing additional elements for SW9
13:30:27: [INFO] Placing additional elements for SW8
13:30:27: [INFO] Placing additional elements for SW7
13:30:27: [INFO] Placing additional elements for SW6
13:30:27: [INFO] Placing additional elements for SW5
13:30:27: [INFO] Placing additional elements for SW4
13:30:27: [INFO] Placing additional elements for SW3
13:30:27: [INFO] Placing additional elements for SW2
13:30:27: [INFO] Placing additional elements for SW1
13:30:27: [INFO] Routing SW56 with D56
13:30:27: [INFO] Using internal autorouter method
13:30:27: [INFO] Routing pad 'SW56:2' at (250190000, 118745000) with pad 'D56:2' at (252730000, 126425000) using coordinate system rotated by 0 degree(s)
13:30:27: [INFO] Adding track segment (B.Cu): [(250190000, 118745000), (250190000, 123885000)]
13:30:27: [INFO] Adding track segment (B.Cu): [(250190000, 123885000), (252730000, 126425000)]
13:30:27: [INFO] Routing SW55 with D55
13:30:27: [INFO] Using internal autorouter method
13:30:27: [INFO] Routing pad 'SW55:2' at (269240000, 116268500) with pad 'D55:2' at (271780000, 123948500) using coordinate system rotated by 0 degree(s)
13:30:27: [INFO] Adding track segment (B.Cu): [(269240000, 116268500), (269240000, 121408500)]
13:30:27: [INFO] Adding track segment (B.Cu): [(269240000, 121408500), (271780000, 123948500)]
13:30:27: [INFO] Routing SW54 with D54
13:30:27: [INFO] Using internal autorouter method
13:30:27: [INFO] Routing pad 'SW54:2' at (288290000, 113982500) with pad 'D54:2' at (290830000, 121662500) using coordinate system rotated by 0 degree(s)
13:30:27: [INFO] Adding track segment (B.Cu): [(288290000, 113982500), (288290000, 119122500)]
13:30:27: [INFO] Adding track segment (B.Cu): [(288290000, 119122500), (290830000, 121662500)]
13:30:27: [INFO] Routing SW53 with D53
13:30:27: [INFO] Using internal autorouter method
13:30:27: [INFO] Routing pad 'SW53:2' at (383540000, 80645000) with pad 'D53:2' at (386080000, 88325000) using coordinate system rotated by 0 degree(s)
13:30:27: [INFO] Adding track segment (B.Cu): [(383540000, 80645000), (383540000, 85785000)]
13:30:27: [INFO] Adding track segment (B.Cu): [(383540000, 85785000), (386080000, 88325000)]
13:30:27: [INFO] Routing SW52 with D52
13:30:27: [INFO] Using internal autorouter method
13:30:27: [INFO] Routing pad 'SW52:2' at (269240000, 97218500) with pad 'D52:2' at (271780000, 104898500) using coordinate system rotated by 0 degree(s)
13:30:27: [INFO] Adding track segment (B.Cu): [(269240000, 97218500), (269240000, 102358500)]
13:30:27: [INFO] Adding track segment (B.Cu): [(269240000, 102358500), (271780000, 104898500)]
13:30:27: [INFO] Routing SW51 with D51
13:30:27: [INFO] Using internal autorouter method
13:30:27: [INFO] Routing pad 'SW51:2' at (288290000, 94932500) with pad 'D51:2' at (290830000, 102612500) using coordinate system rotated by 0 degree(s)
13:30:27: [INFO] Adding track segment (B.Cu): [(288290000, 94932500), (288290000, 100072500)]
13:30:27: [INFO] Adding track segment (B.Cu): [(288290000, 100072500), (290830000, 102612500)]
13:30:27: [INFO] Routing SW50 with D50
13:30:27: [INFO] Using internal autorouter method
13:30:27: [INFO] Routing pad 'SW50:2' at (307340000, 90170000) with pad 'D50:2' at (309880000, 97850000) using coordinate system rotated by 0 degree(s)
13:30:27: [INFO] Adding track segment (B.Cu): [(307340000, 90170000), (307340000, 95310000)]
13:30:27: [INFO] Adding track segment (B.Cu): [(307340000, 95310000), (309880000, 97850000)]
13:30:27: [INFO] Routing SW49 with D49
13:30:27: [INFO] Using internal autorouter method
13:30:27: [INFO] Routing pad 'SW49:2' at (326390000, 94932500) with pad 'D49:2' at (328930000, 102612500) using coordinate system rotated by 0 degree(s)
13:30:27: [INFO] Adding track segment (B.Cu): [(326390000, 94932500), (326390000, 100072500)]
13:30:27: [INFO] Adding track segment (B.Cu): [(326390000, 100072500), (328930000, 102612500)]
13:30:27: [INFO] Routing SW48 with D48
13:30:27: [INFO] Using internal autorouter method
13:30:27: [INFO] Routing pad 'SW48:2' at (345440000, 101981000) with pad 'D48:2' at (347980000, 109661000) using coordinate system rotated by 0 degree(s)
13:30:27: [INFO] Adding track segment (B.Cu): [(345440000, 101981000), (345440000, 107121000)]
13:30:27: [INFO] Adding track segment (B.Cu): [(345440000, 107121000), (347980000, 109661000)]
13:30:27: [INFO] Routing SW47 with D47
13:30:27: [INFO] Using internal autorouter method
13:30:27: [INFO] Routing pad 'SW47:2' at (364490000, 104457500) with pad 'D47:2' at (367030000, 112137500) using coordinate system rotated by 0 degree(s)
13:30:27: [INFO] Adding track segment (B.Cu): [(364490000, 104457500), (364490000, 109597500)]
13:30:27: [INFO] Adding track segment (B.Cu): [(364490000, 109597500), (367030000, 112137500)]
13:30:27: [INFO] Routing SW46 with D46
13:30:27: [INFO] Using internal autorouter method
13:30:27: [INFO] Routing pad 'SW46:2' at (269240000, 78168500) with pad 'D46:2' at (271780000, 85848500) using coordinate system rotated by 0 degree(s)
13:30:27: [INFO] Adding track segment (B.Cu): [(269240000, 78168500), (269240000, 83308500)]
13:30:27: [INFO] Adding track segment (B.Cu): [(269240000, 83308500), (271780000, 85848500)]
13:30:27: [INFO] Routing SW45 with D45
13:30:27: [INFO] Using internal autorouter method
13:30:27: [INFO] Routing pad 'SW45:2' at (288290000, 75882500) with pad 'D45:2' at (290830000, 83562500) using coordinate system rotated by 0 degree(s)
13:30:27: [INFO] Adding track segment (B.Cu): [(288290000, 75882500), (288290000, 81022500)]
13:30:27: [INFO] Adding track segment (B.Cu): [(288290000, 81022500), (290830000, 83562500)]
13:30:27: [INFO] Routing SW44 with D44
13:30:27: [INFO] Using internal autorouter method
13:30:27: [INFO] Routing pad 'SW44:2' at (307340000, 71120000) with pad 'D44:2' at (309880000, 78800000) using coordinate system rotated by 0 degree(s)
13:30:27: [INFO] Adding track segment (B.Cu): [(307340000, 71120000), (307340000, 76260000)]
13:30:27: [INFO] Adding track segment (B.Cu): [(307340000, 76260000), (309880000, 78800000)]
13:30:27: [INFO] Routing SW43 with D43
13:30:27: [INFO] Using internal autorouter method
13:30:27: [INFO] Routing pad 'SW43:2' at (326390000, 75882500) with pad 'D43:2' at (328930000, 83562500) using coordinate system rotated by 0 degree(s)
13:30:27: [INFO] Adding track segment (B.Cu): [(326390000, 75882500), (326390000, 81022500)]
13:30:27: [INFO] Adding track segment (B.Cu): [(326390000, 81022500), (328930000, 83562500)]
13:30:27: [INFO] Routing SW42 with D42
13:30:27: [INFO] Using internal autorouter method
13:30:27: [INFO] Routing pad 'SW42:2' at (345440000, 82931000) with pad 'D42:2' at (347980000, 90611000) using coordinate system rotated by 0 degree(s)
13:30:27: [INFO] Adding track segment (B.Cu): [(345440000, 82931000), (345440000, 88071000)]
13:30:27: [INFO] Adding track segment (B.Cu): [(345440000, 88071000), (347980000, 90611000)]
13:30:27: [INFO] Routing SW41 with D41
13:30:27: [INFO] Using internal autorouter method
13:30:27: [INFO] Routing pad 'SW41:2' at (364490000, 85407500) with pad 'D41:2' at (367030000, 93087500) using coordinate system rotated by 0 degree(s)
13:30:27: [INFO] Adding track segment (B.Cu): [(364490000, 85407500), (364490000, 90547500)]
13:30:27: [INFO] Adding track segment (B.Cu): [(364490000, 90547500), (367030000, 93087500)]
13:30:27: [INFO] Routing SW40 with D40
13:30:27: [INFO] Using internal autorouter method
13:30:27: [INFO] Routing pad 'SW40:2' at (269240000, 59118500) with pad 'D40:2' at (271780000, 66798500) using coordinate system rotated by 0 degree(s)
13:30:27: [INFO] Adding track segment (B.Cu): [(269240000, 59118500), (269240000, 64258500)]
13:30:27: [INFO] Adding track segment (B.Cu): [(269240000, 64258500), (271780000, 66798500)]
13:30:27: [INFO] Routing SW39 with D39
13:30:27: [INFO] Using internal autorouter method
13:30:27: [INFO] Routing pad 'SW39:2' at (288290000, 56832500) with pad 'D39:2' at (290830000, 64512500) using coordinate system rotated by 0 degree(s)
13:30:27: [INFO] Adding track segment (B.Cu): [(288290000, 56832500), (288290000, 61972500)]
13:30:27: [INFO] Adding track segment (B.Cu): [(288290000, 61972500), (290830000, 64512500)]
13:30:27: [INFO] Routing SW38 with D38
13:30:27: [INFO] Using internal autorouter method
13:30:27: [INFO] Routing pad 'SW38:2' at (307340000, 52069999) with pad 'D38:2' at (309880000, 59749999) using coordinate system rotated by 0 degree(s)
13:30:27: [INFO] Adding track segment (B.Cu): [(307340000, 52069999), (307340000, 57209999)]
13:30:27: [INFO] Adding track segment (B.Cu): [(307340000, 57209999), (309880000, 59749999)]
13:30:27: [INFO] Routing SW37 with D37
13:30:27: [INFO] Using internal autorouter method
13:30:27: [INFO] Routing pad 'SW37:2' at (326390000, 56832500) with pad 'D37:2' at (328930000, 64512500) using coordinate system rotated by 0 degree(s)
13:30:27: [INFO] Adding track segment (B.Cu): [(326390000, 56832500), (326390000, 61972500)]
13:30:27: [INFO] Adding track segment (B.Cu): [(326390000, 61972500), (328930000, 64512500)]
13:30:27: [INFO] Routing SW36 with D36
13:30:27: [INFO] Using internal autorouter method
13:30:27: [INFO] Routing pad 'SW36:2' at (345440000, 63881000) with pad 'D36:2' at (347980000, 71561000) using coordinate system rotated by 0 degree(s)
13:30:27: [INFO] Adding track segment (B.Cu): [(345440000, 63881000), (345440000, 69021000)]
13:30:27: [INFO] Adding track segment (B.Cu): [(345440000, 69021000), (347980000, 71561000)]
13:30:27: [INFO] Routing SW35 with D35
13:30:27: [INFO] Using internal autorouter method
13:30:27: [INFO] Routing pad 'SW35:2' at (364490000, 66357500) with pad 'D35:2' at (367030000, 74037500) using coordinate system rotated by 0 degree(s)
13:30:27: [INFO] Adding track segment (B.Cu): [(364490000, 66357500), (364490000, 71497500)]
13:30:27: [INFO] Adding track segment (B.Cu): [(364490000, 71497500), (367030000, 74037500)]
13:30:27: [INFO] Routing SW34 with D34
13:30:27: [INFO] Using internal autorouter method
13:30:27: [INFO] Routing pad 'SW34:2' at (269240000, 40068500) with pad 'D34:2' at (271780000, 47748500) using coordinate system rotated by 0 degree(s)
13:30:27: [INFO] Adding track segment (B.Cu): [(269240000, 40068500), (269240000, 45208500)]
13:30:27: [INFO] Adding track segment (B.Cu): [(269240000, 45208500), (271780000, 47748500)]
13:30:27: [INFO] Routing SW33 with D33
13:30:27: [INFO] Using internal autorouter method
13:30:27: [INFO] Routing pad 'SW33:2' at (288290000, 37782500) with pad 'D33:2' at (290830000, 45462500) using coordinate system rotated by 0 degree(s)
13:30:27: [INFO] Adding track segment (B.Cu): [(288290000, 37782500), (288290000, 42922500)]
13:30:27: [INFO] Adding track segment (B.Cu): [(288290000, 42922500), (290830000, 45462500)]
13:30:27: [INFO] Routing SW32 with D32
13:30:27: [INFO] Using internal autorouter method
13:30:27: [INFO] Routing pad 'SW32:2' at (307340000, 33020000) with pad 'D32:2' at (309880000, 40700000) using coordinate system rotated by 0 degree(s)
13:30:27: [INFO] Adding track segment (B.Cu): [(307340000, 33020000), (307340000, 38160000)]
13:30:27: [INFO] Adding track segment (B.Cu): [(307340000, 38160000), (309880000, 40700000)]
13:30:27: [INFO] Routing SW31 with D31
13:30:27: [INFO] Using internal autorouter method
13:30:27: [INFO] Routing pad 'SW31:2' at (326390000, 37782500) with pad 'D31:2' at (328930000, 45462500) using coordinate system rotated by 0 degree(s)
13:30:27: [INFO] Adding track segment (B.Cu): [(326390000, 37782500), (326390000, 42922500)]
13:30:27: [INFO] Adding track segment (B.Cu): [(326390000, 42922500), (328930000, 45462500)]
13:30:27: [INFO] Routing SW30 with D30
13:30:27: [INFO] Using internal autorouter method
13:30:27: [INFO] Routing pad 'SW30:2' at (345440000, 44831000) with pad 'D30:2' at (347980000, 52511000) using coordinate system rotated by 0 degree(s)
13:30:28: [INFO] Adding track segment (B.Cu): [(345440000, 44831000), (345440000, 49971000)]
13:30:28: [INFO] Adding track segment (B.Cu): [(345440000, 49971000), (347980000, 52511000)]
13:30:28: [INFO] Routing SW29 with D29
13:30:28: [INFO] Using internal autorouter method
13:30:28: [INFO] Routing pad 'SW29:2' at (364490000, 47307499) with pad 'D29:2' at (367030000, 54987499) using coordinate system rotated by 0 degree(s)
13:30:28: [INFO] Adding track segment (B.Cu): [(364490000, 47307499), (364490000, 52447499)]
13:30:28: [INFO] Adding track segment (B.Cu): [(364490000, 52447499), (367030000, 54987499)]
13:30:28: [INFO] Routing SW28 with D28
13:30:28: [INFO] Using internal autorouter method
13:30:28: [INFO] Routing pad 'SW28:2' at (173990000, 118745000) with pad 'D28:2' at (176530000, 126425000) using coordinate system rotated by 0 degree(s)
13:30:28: [INFO] Adding track segment (B.Cu): [(173990000, 118745000), (173990000, 123885000)]
13:30:28: [INFO] Adding track segment (B.Cu): [(173990000, 123885000), (176530000, 126425000)]
13:30:28: [INFO] Routing SW27 with D27
13:30:28: [INFO] Using internal autorouter method
13:30:28: [INFO] Routing pad 'SW27:2' at (154940000, 116268500) with pad 'D27:2' at (157480000, 123948500) using coordinate system rotated by 0 degree(s)
13:30:28: [INFO] Adding track segment (B.Cu): [(154940000, 116268500), (154940000, 121408500)]
13:30:28: [INFO] Adding track segment (B.Cu): [(154940000, 121408500), (157480000, 123948500)]
13:30:28: [INFO] Routing SW26 with D26
13:30:28: [INFO] Using internal autorouter method
13:30:28: [INFO] Routing pad 'SW26:2' at (135890000, 113982500) with pad 'D26:2' at (138430000, 121662500) using coordinate system rotated by 0 degree(s)
13:30:28: [INFO] Adding track segment (B.Cu): [(135890000, 113982500), (135890000, 119122500)]
13:30:28: [INFO] Adding track segment (B.Cu): [(135890000, 119122500), (138430000, 121662500)]
13:30:28: [INFO] Routing SW25 with D25
13:30:28: [INFO] Using internal autorouter method
13:30:28: [INFO] Routing pad 'SW25:2' at (40640000, 80645000) with pad 'D25:2' at (43180000, 88325000) using coordinate system rotated by 0 degree(s)
13:30:28: [INFO] Adding track segment (B.Cu): [(40640000, 80645000), (40640000, 85785000)]
13:30:28: [INFO] Adding track segment (B.Cu): [(40640000, 85785000), (43180000, 88325000)]
13:30:28: [INFO] Routing SW24 with D24
13:30:28: [INFO] Using internal autorouter method
13:30:28: [INFO] Routing pad 'SW24:2' at (154940000, 97218500) with pad 'D24:2' at (157480000, 104898500) using coordinate system rotated by 0 degree(s)
13:30:28: [INFO] Adding track segment (B.Cu): [(154940000, 97218500), (154940000, 102358500)]
13:30:28: [INFO] Adding track segment (B.Cu): [(154940000, 102358500), (157480000, 104898500)]
13:30:28: [INFO] Routing SW23 with D23
13:30:28: [INFO] Using internal autorouter method
13:30:28: [INFO] Routing pad 'SW23:2' at (135890000, 94932500) with pad 'D23:2' at (138430000, 102612500) using coordinate system rotated by 0 degree(s)
13:30:28: [INFO] Adding track segment (B.Cu): [(135890000, 94932500), (135890000, 100072500)]
13:30:28: [INFO] Adding track segment (B.Cu): [(135890000, 100072500), (138430000, 102612500)]
13:30:28: [INFO] Routing SW22 with D22
13:30:28: [INFO] Using internal autorouter method
13:30:28: [INFO] Routing pad 'SW22:2' at (116840000, 90170000) with pad 'D22:2' at (119380000, 97850000) using coordinate system rotated by 0 degree(s)
13:30:28: [INFO] Adding track segment (B.Cu): [(116840000, 90170000), (116840000, 95310000)]
13:30:28: [INFO] Adding track segment (B.Cu): [(116840000, 95310000), (119380000, 97850000)]
13:30:28: [INFO] Routing SW21 with D21
13:30:28: [INFO] Using internal autorouter method
13:30:28: [INFO] Routing pad 'SW21:2' at (97790000, 94932500) with pad 'D21:2' at (100330000, 102612500) using coordinate system rotated by 0 degree(s)
13:30:28: [INFO] Adding track segment (B.Cu): [(97790000, 94932500), (97790000, 100072500)]
13:30:28: [INFO] Adding track segment (B.Cu): [(97790000, 100072500), (100330000, 102612500)]
13:30:28: [INFO] Routing SW20 with D20
13:30:28: [INFO] Using internal autorouter method
13:30:28: [INFO] Routing pad 'SW20:2' at (78740000, 101981000) with pad 'D20:2' at (81280000, 109661000) using coordinate system rotated by 0 degree(s)
13:30:28: [INFO] Adding track segment (B.Cu): [(78740000, 101981000), (78740000, 107121000)]
13:30:28: [INFO] Adding track segment (B.Cu): [(78740000, 107121000), (81280000, 109661000)]
13:30:28: [INFO] Routing SW19 with D19
13:30:28: [INFO] Using internal autorouter method
13:30:28: [INFO] Routing pad 'SW19:2' at (59690000, 104457500) with pad 'D19:2' at (62230000, 112137500) using coordinate system rotated by 0 degree(s)
13:30:28: [INFO] Adding track segment (B.Cu): [(59690000, 104457500), (59690000, 109597500)]
13:30:28: [INFO] Adding track segment (B.Cu): [(59690000, 109597500), (62230000, 112137500)]
13:30:28: [INFO] Routing SW18 with D18
13:30:28: [INFO] Using internal autorouter method
13:30:28: [INFO] Routing pad 'SW18:2' at (154940000, 78168500) with pad 'D18:2' at (157480000, 85848500) using coordinate system rotated by 0 degree(s)
13:30:28: [INFO] Adding track segment (B.Cu): [(154940000, 78168500), (154940000, 83308500)]
13:30:28: [INFO] Adding track segment (B.Cu): [(154940000, 83308500), (157480000, 85848500)]
13:30:28: [INFO] Routing SW17 with D17
13:30:28: [INFO] Using internal autorouter method
13:30:28: [INFO] Routing pad 'SW17:2' at (135890000, 75882500) with pad 'D17:2' at (138430000, 83562500) using coordinate system rotated by 0 degree(s)
13:30:28: [INFO] Adding track segment (B.Cu): [(135890000, 75882500), (135890000, 81022500)]
13:30:28: [INFO] Adding track segment (B.Cu): [(135890000, 81022500), (138430000, 83562500)]
13:30:28: [INFO] Routing SW16 with D16
13:30:28: [INFO] Using internal autorouter method
13:30:28: [INFO] Routing pad 'SW16:2' at (116840000, 71120000) with pad 'D16:2' at (119380000, 78800000) using coordinate system rotated by 0 degree(s)
13:30:28: [INFO] Adding track segment (B.Cu): [(116840000, 71120000), (116840000, 76260000)]
13:30:28: [INFO] Adding track segment (B.Cu): [(116840000, 76260000), (119380000, 78800000)]
13:30:28: [INFO] Routing SW15 with D15
13:30:28: [INFO] Using internal autorouter method
13:30:28: [INFO] Routing pad 'SW15:2' at (97790000, 75882500) with pad 'D15:2' at (100330000, 83562500) using coordinate system rotated by 0 degree(s)
13:30:28: [INFO] Adding track segment (B.Cu): [(97790000, 75882500), (97790000, 81022500)]
13:30:28: [INFO] Adding track segment (B.Cu): [(97790000, 81022500), (100330000, 83562500)]
13:30:28: [INFO] Routing SW14 with D14
13:30:28: [INFO] Using internal autorouter method
13:30:28: [INFO] Routing pad 'SW14:2' at (78740000, 82931000) with pad 'D14:2' at (81280000, 90611000) using coordinate system rotated by 0 degree(s)
13:30:28: [INFO] Adding track segment (B.Cu): [(78740000, 82931000), (78740000, 88071000)]
13:30:28: [INFO] Adding track segment (B.Cu): [(78740000, 88071000), (81280000, 90611000)]
13:30:28: [INFO] Routing SW13 with D13
13:30:28: [INFO] Using internal autorouter method
13:30:28: [INFO] Routing pad 'SW13:2' at (59690000, 85407500) with pad 'D13:2' at (62230000, 93087500) using coordinate system rotated by 0 degree(s)
13:30:28: [INFO] Adding track segment (B.Cu): [(59690000, 85407500), (59690000, 90547500)]
13:30:28: [INFO] Adding track segment (B.Cu): [(59690000, 90547500), (62230000, 93087500)]
13:30:28: [INFO] Routing SW12 with D12
13:30:28: [INFO] Using internal autorouter method
13:30:28: [INFO] Routing pad 'SW12:2' at (154940000, 59118500) with pad 'D12:2' at (157480000, 66798500) using coordinate system rotated by 0 degree(s)
13:30:28: [INFO] Adding track segment (B.Cu): [(154940000, 59118500), (154940000, 64258500)]
13:30:28: [INFO] Adding track segment (B.Cu): [(154940000, 64258500), (157480000, 66798500)]
13:30:28: [INFO] Routing SW11 with D11
13:30:28: [INFO] Using internal autorouter method
13:30:28: [INFO] Routing pad 'SW11:2' at (135890000, 56832500) with pad 'D11:2' at (138430000, 64512500) using coordinate system rotated by 0 degree(s)
13:30:28: [INFO] Adding track segment (B.Cu): [(135890000, 56832500), (135890000, 61972500)]
13:30:28: [INFO] Adding track segment (B.Cu): [(135890000, 61972500), (138430000, 64512500)]
13:30:28: [INFO] Routing SW10 with D10
13:30:28: [INFO] Using internal autorouter method
13:30:28: [INFO] Routing pad 'SW10:2' at (116840000, 52069999) with pad 'D10:2' at (119380000, 59749999) using coordinate system rotated by 0 degree(s)
13:30:28: [INFO] Adding track segment (B.Cu): [(116840000, 52069999), (116840000, 57209999)]
13:30:28: [INFO] Adding track segment (B.Cu): [(116840000, 57209999), (119380000, 59749999)]
13:30:28: [INFO] Routing SW9 with D9
13:30:28: [INFO] Using internal autorouter method
13:30:28: [INFO] Routing pad 'SW9:2' at (97790000, 56832500) with pad 'D9:2' at (100330000, 64512500) using coordinate system rotated by 0 degree(s)
13:30:28: [INFO] Adding track segment (B.Cu): [(97790000, 56832500), (97790000, 61972500)]
13:30:28: [INFO] Adding track segment (B.Cu): [(97790000, 61972500), (100330000, 64512500)]
13:30:28: [INFO] Routing SW8 with D8
13:30:28: [INFO] Using internal autorouter method
13:30:28: [INFO] Routing pad 'SW8:2' at (78740000, 63881000) with pad 'D8:2' at (81280000, 71561000) using coordinate system rotated by 0 degree(s)
13:30:28: [INFO] Adding track segment (B.Cu): [(78740000, 63881000), (78740000, 69021000)]
13:30:28: [INFO] Adding track segment (B.Cu): [(78740000, 69021000), (81280000, 71561000)]
13:30:28: [INFO] Routing SW7 with D7
13:30:28: [INFO] Using internal autorouter method
13:30:28: [INFO] Routing pad 'SW7:2' at (59690000, 66357500) with pad 'D7:2' at (62230000, 74037500) using coordinate system rotated by 0 degree(s)
13:30:28: [INFO] Adding track segment (B.Cu): [(59690000, 66357500), (59690000, 71497500)]
13:30:28: [INFO] Adding track segment (B.Cu): [(59690000, 71497500), (62230000, 74037500)]
13:30:28: [INFO] Routing SW6 with D6
13:30:28: [INFO] Using internal autorouter method
13:30:28: [INFO] Routing pad 'SW6:2' at (154940000, 40068500) with pad 'D6:2' at (157480000, 47748500) using coordinate system rotated by 0 degree(s)
13:30:28: [INFO] Adding track segment (B.Cu): [(154940000, 40068500), (154940000, 45208500)]
13:30:28: [INFO] Adding track segment (B.Cu): [(154940000, 45208500), (157480000, 47748500)]
13:30:28: [INFO] Routing SW5 with D5
13:30:28: [INFO] Using internal autorouter method
13:30:28: [INFO] Routing pad 'SW5:2' at (135890000, 37782500) with pad 'D5:2' at (138430000, 45462500) using coordinate system rotated by 0 degree(s)
13:30:28: [INFO] Adding track segment (B.Cu): [(135890000, 37782500), (135890000, 42922500)]
13:30:28: [INFO] Adding track segment (B.Cu): [(135890000, 42922500), (138430000, 45462500)]
13:30:28: [INFO] Routing SW4 with D4
13:30:28: [INFO] Using internal autorouter method
13:30:28: [INFO] Routing pad 'SW4:2' at (116840000, 33020000) with pad 'D4:2' at (119380000, 40700000) using coordinate system rotated by 0 degree(s)
13:30:28: [INFO] Adding track segment (B.Cu): [(116840000, 33020000), (116840000, 38160000)]
13:30:28: [INFO] Adding track segment (B.Cu): [(116840000, 38160000), (119380000, 40700000)]
13:30:28: [INFO] Routing SW3 with D3
13:30:28: [INFO] Using internal autorouter method
13:30:28: [INFO] Routing pad 'SW3:2' at (97790000, 37782500) with pad 'D3:2' at (100330000, 45462500) using coordinate system rotated by 0 degree(s)
13:30:28: [INFO] Adding track segment (B.Cu): [(97790000, 37782500), (97790000, 42922500)]
13:30:28: [INFO] Adding track segment (B.Cu): [(97790000, 42922500), (100330000, 45462500)]
13:30:28: [INFO] Routing SW2 with D2
13:30:28: [INFO] Using internal autorouter method
13:30:28: [INFO] Routing pad 'SW2:2' at (78740000, 44831000) with pad 'D2:2' at (81280000, 52511000) using coordinate system rotated by 0 degree(s)
13:30:28: [INFO] Adding track segment (B.Cu): [(78740000, 44831000), (78740000, 49971000)]
13:30:28: [INFO] Adding track segment (B.Cu): [(78740000, 49971000), (81280000, 52511000)]
13:30:28: [INFO] Routing SW1 with D1
13:30:28: [INFO] Using internal autorouter method
13:30:28: [INFO] Routing pad 'SW1:2' at (59690000, 47307499) with pad 'D1:2' at (62230000, 54987499) using coordinate system rotated by 0 degree(s)
13:30:28: [INFO] Adding track segment (B.Cu): [(59690000, 47307499), (59690000, 52447499)]
13:30:28: [INFO] Adding track segment (B.Cu): [(59690000, 52447499), (62230000, 54987499)]
13:30:28: [INFO] Routing COL5 pads
13:30:28: [INFO] Routing pad 'SW6:1' at (148590000, 42608500) with pad 'SW12:1' at (148590000, 61658500) using coordinate system rotated by 0 degree(s)
13:30:28: [INFO] Adding track segment (F.Cu): [(148590000, 42608500), (148590000, 61658500)]
13:30:28: [INFO] Routing pad 'SW12:1' at (148590000, 61658500) with pad 'SW18:1' at (148590000, 80708500) using coordinate system rotated by 0 degree(s)
13:30:28: [INFO] Adding track segment (F.Cu): [(148590000, 61658500), (148590000, 80708500)]
13:30:28: [INFO] Routing pad 'SW18:1' at (148590000, 80708500) with pad 'SW24:1' at (148590000, 99758500) using coordinate system rotated by 0 degree(s)
13:30:28: [INFO] Adding track segment (F.Cu): [(148590000, 80708500), (148590000, 99758500)]
13:30:28: [INFO] Routing pad 'SW24:1' at (148590000, 99758500) with pad 'SW28:1' at (167640000, 121285000) using coordinate system rotated by 0 degree(s)
13:30:28: [INFO] Adding track segment (F.Cu): [(148590000, 99758500), (148590000, 102235000)]
13:30:28: [INFO] Adding track segment (F.Cu): [(148590000, 102235000), (167640000, 121285000)]
13:30:28: [INFO] Routing pad 'SW28:1' at (167640000, 121285000) with pad 'SW56:1' at (243840000, 121285000) using coordinate system rotated by 0 degree(s)
13:30:28: [INFO] Adding track segment (F.Cu): [(167640000, 121285000), (243840000, 121285000)]
13:30:28: [INFO] Routing pad 'SW40:1' at (262890000, 61658500) with pad 'SW34:1' at (262890000, 42608500) using coordinate system rotated by 0 degree(s)
13:30:28: [INFO] Adding track segment (F.Cu): [(262890000, 61658500), (262890000, 42608500)]
13:30:28: [INFO] Routing pad 'SW46:1' at (262890000, 80708500) with pad 'SW40:1' at (262890000, 61658500) using coordinate system rotated by 0 degree(s)
13:30:28: [INFO] Adding track segment (F.Cu): [(262890000, 80708500), (262890000, 61658500)]
13:30:28: [INFO] Routing pad 'SW52:1' at (262890000, 99758500) with pad 'SW46:1' at (262890000, 80708500) using coordinate system rotated by 0 degree(s)
13:30:28: [INFO] Adding track segment (F.Cu): [(262890000, 99758500), (262890000, 80708500)]
13:30:28: [INFO] Routing pad 'SW56:1' at (243840000, 121285000) with pad 'SW52:1' at (262890000, 99758500) using coordinate system rotated by 0 degree(s)
13:30:28: [INFO] Routing ROW8 pads
13:30:28: [INFO] Routing pad 'D52:1' at (271780000, 107698500) with pad 'D51:1' at (290830000, 105412500) using coordinate system rotated by 0 degree(s)
13:30:28: [INFO] Adding track segment (B.Cu): [(271780000, 107698500), (288544000, 107698500)]
13:30:28: [INFO] Adding track segment (B.Cu): [(288544000, 107698500), (290830000, 105412500)]
13:30:28: [INFO] Routing pad 'D51:1' at (290830000, 105412500) with pad 'D50:1' at (309880000, 100650000) using coordinate system rotated by 0 degree(s)
13:30:28: [INFO] Adding track segment (B.Cu): [(290830000, 105412500), (305117500, 105412500)]
13:30:28: [INFO] Adding track segment (B.Cu): [(305117500, 105412500), (309880000, 100650000)]
13:30:28: [INFO] Routing pad 'D50:1' at (309880000, 100650000) with pad 'D49:1' at (328930000, 105412500) using coordinate system rotated by 0 degree(s)
13:30:28: [INFO] Adding track segment (B.Cu): [(309880000, 100650000), (314642500, 105412500)]
13:30:28: [INFO] Adding track segment (B.Cu): [(314642500, 105412500), (328930000, 105412500)]
13:30:28: [INFO] Routing pad 'D49:1' at (328930000, 105412500) with pad 'D48:1' at (347980000, 112461000) using coordinate system rotated by 0 degree(s)
13:30:28: [INFO] Adding track segment (B.Cu): [(328930000, 105412500), (335978500, 112461000)]
13:30:28: [INFO] Adding track segment (B.Cu): [(335978500, 112461000), (347980000, 112461000)]
13:30:28: [INFO] Routing pad 'D48:1' at (347980000, 112461000) with pad 'D47:1' at (367030000, 114937500) using coordinate system rotated by 0 degree(s)
13:30:28: [INFO] Adding track segment (B.Cu): [(347980000, 112461000), (364553500, 112461000)]
13:30:28: [INFO] Adding track segment (B.Cu): [(364553500, 112461000), (367030000, 114937500)]
13:30:28: [INFO] Routing ROW7 pads
13:30:28: [INFO] Routing pad 'D46:1' at (271780000, 88648500) with pad 'D45:1' at (290830000, 86362500) using coordinate system rotated by 0 degree(s)
13:30:28: [INFO] Adding track segment (B.Cu): [(271780000, 88648500), (288544000, 88648500)]
13:30:28: [INFO] Adding track segment (B.Cu): [(288544000, 88648500), (290830000, 86362500)]
13:30:28: [INFO] Routing pad 'D45:1' at (290830000, 86362500) with pad 'D44:1' at (309880000, 81600000) using coordinate system rotated by 0 degree(s)
13:30:28: [INFO] Adding track segment (B.Cu): [(290830000, 86362500), (305117500, 86362500)]
13:30:28: [INFO] Adding track segment (B.Cu): [(305117500, 86362500), (309880000, 81600000)]
13:30:28: [INFO] Routing pad 'D44:1' at (309880000, 81600000) with pad 'D43:1' at (328930000, 86362500) using coordinate system rotated by 0 degree(s)
13:30:28: [INFO] Adding track segment (B.Cu): [(309880000, 81600000), (314642500, 86362500)]
13:30:28: [INFO] Adding track segment (B.Cu): [(314642500, 86362500), (328930000, 86362500)]
13:30:28: [INFO] Routing pad 'D43:1' at (328930000, 86362500) with pad 'D42:1' at (347980000, 93411000) using coordinate system rotated by 0 degree(s)
13:30:28: [INFO] Adding track segment (B.Cu): [(328930000, 86362500), (335978500, 93411000)]
13:30:28: [INFO] Adding track segment (B.Cu): [(335978500, 93411000), (347980000, 93411000)]
13:30:28: [INFO] Routing pad 'D42:1' at (347980000, 93411000) with pad 'D41:1' at (367030000, 95887500) using coordinate system rotated by 0 degree(s)
13:30:28: [INFO] Adding track segment (B.Cu): [(347980000, 93411000), (364553500, 93411000)]
13:30:28: [INFO] Adding track segment (B.Cu): [(364553500, 93411000), (367030000, 95887500)]
13:30:28: [INFO] Routing ROW4 pads
13:30:28: [INFO] Routing pad 'D25:1' at (43180000, 91125000) with pad 'D26:1' at (138430000, 124462500) using coordinate system rotated by 0 degree(s)
13:30:28: [INFO] Routing pad 'D26:1' at (138430000, 124462500) with pad 'D27:1' at (157480000, 126748500) using coordinate system rotated by 0 degree(s)
13:30:28: [INFO] Adding track segment (B.Cu): [(138430000, 124462500), (155194000, 124462500)]
13:30:28: [INFO] Adding track segment (B.Cu): [(155194000, 124462500), (157480000, 126748500)]
13:30:28: [INFO] Routing pad 'D27:1' at (157480000, 126748500) with pad 'D28:1' at (176530000, 129225000) using coordinate system rotated by 0 degree(s)
13:30:28: [INFO] Adding track segment (B.Cu): [(157480000, 126748500), (174053500, 126748500)]
13:30:28: [INFO] Adding track segment (B.Cu): [(174053500, 126748500), (176530000, 129225000)]
13:30:28: [INFO] Routing ROW2 pads
13:30:28: [INFO] Routing pad 'D13:1' at (62230000, 95887500) with pad 'D14:1' at (81280000, 93411000) using coordinate system rotated by 0 degree(s)
13:30:28: [INFO] Adding track segment (B.Cu): [(62230000, 95887500), (78803500, 95887500)]
13:30:28: [INFO] Adding track segment (B.Cu): [(78803500, 95887500), (81280000, 93411000)]
13:30:28: [INFO] Routing pad 'D14:1' at (81280000, 93411000) with pad 'D15:1' at (100330000, 86362500) using coordinate system rotated by 0 degree(s)
13:30:28: [INFO] Adding track segment (B.Cu): [(81280000, 93411000), (93281500, 93411000)]
13:30:28: [INFO] Adding track segment (B.Cu): [(93281500, 93411000), (100330000, 86362500)]
13:30:28: [INFO] Routing pad 'D15:1' at (100330000, 86362500) with pad 'D16:1' at (119380000, 81600000) using coordinate system rotated by 0 degree(s)
13:30:28: [INFO] Adding track segment (B.Cu): [(100330000, 86362500), (114617500, 86362500)]
13:30:28: [INFO] Adding track segment (B.Cu): [(114617500, 86362500), (119380000, 81600000)]
13:30:28: [INFO] Routing pad 'D16:1' at (119380000, 81600000) with pad 'D17:1' at (138430000, 86362500) using coordinate system rotated by 0 degree(s)
13:30:28: [INFO] Adding track segment (B.Cu): [(119380000, 81600000), (124142500, 86362500)]
13:30:28: [INFO] Adding track segment (B.Cu): [(124142500, 86362500), (138430000, 86362500)]
13:30:28: [INFO] Routing pad 'D17:1' at (138430000, 86362500) with pad 'D18:1' at (157480000, 88648500) using coordinate system rotated by 0 degree(s)
13:30:28: [INFO] Adding track segment (B.Cu): [(138430000, 86362500), (155194000, 86362500)]
13:30:28: [INFO] Adding track segment (B.Cu): [(155194000, 86362500), (157480000, 88648500)]
13:30:28: [INFO] Routing ROW6 pads
13:30:28: [INFO] Routing pad 'D40:1' at (271780000, 69598500) with pad 'D39:1' at (290830000, 67312500) using coordinate system rotated by 0 degree(s)
13:30:28: [INFO] Adding track segment (B.Cu): [(271780000, 69598500), (288544000, 69598500)]
13:30:28: [INFO] Adding track segment (B.Cu): [(288544000, 69598500), (290830000, 67312500)]
13:30:28: [INFO] Routing pad 'D39:1' at (290830000, 67312500) with pad 'D38:1' at (309880000, 62549999) using coordinate system rotated by 0 degree(s)
13:30:28: [INFO] Adding track segment (B.Cu): [(290830000, 67312500), (305117499, 67312500)]
13:30:28: [INFO] Adding track segment (B.Cu): [(305117499, 67312500), (309880000, 62549999)]
13:30:28: [INFO] Routing pad 'D38:1' at (309880000, 62549999) with pad 'D37:1' at (328930000, 67312500) using coordinate system rotated by 0 degree(s)
13:30:28: [INFO] Adding track segment (B.Cu): [(309880000, 62549999), (314642501, 67312500)]
13:30:28: [INFO] Adding track segment (B.Cu): [(314642501, 67312500), (328930000, 67312500)]
13:30:28: [INFO] Routing pad 'D37:1' at (328930000, 67312500) with pad 'D36:1' at (347980000, 74361000) using coordinate system rotated by 0 degree(s)
13:30:28: [INFO] Adding track segment (B.Cu): [(328930000, 67312500), (335978500, 74361000)]
13:30:28: [INFO] Adding track segment (B.Cu): [(335978500, 74361000), (347980000, 74361000)]
13:30:28: [INFO] Routing pad 'D36:1' at (347980000, 74361000) with pad 'D35:1' at (367030000, 76837500) using coordinate system rotated by 0 degree(s)
13:30:28: [INFO] Adding track segment (B.Cu): [(347980000, 74361000), (364553500, 74361000)]
13:30:28: [INFO] Adding track segment (B.Cu): [(364553500, 74361000), (367030000, 76837500)]
13:30:28: [INFO] Routing COL1 pads
13:30:28: [INFO] Routing pad 'SW2:1' at (72390000, 47371000) with pad 'SW8:1' at (72390000, 66421000) using coordinate system rotated by 0 degree(s)
13:30:28: [INFO] Adding track segment (F.Cu): [(72390000, 47371000), (72390000, 66421000)]
13:30:28: [INFO] Routing pad 'SW8:1' at (72390000, 66421000) with pad 'SW14:1' at (72390000, 85471000) using coordinate system rotated by 0 degree(s)
13:30:28: [INFO] Adding track segment (F.Cu): [(72390000, 66421000), (72390000, 85471000)]
13:30:28: [INFO] Routing pad 'SW14:1' at (72390000, 85471000) with pad 'SW20:1' at (72390000, 104521000) using coordinate system rotated by 0 degree(s)
13:30:28: [INFO] Adding track segment (F.Cu): [(72390000, 85471000), (72390000, 104521000)]
13:30:28: [INFO] Routing pad 'SW2:1' at (72390000, 47371000) with pad 'SW30:1' at (339090000, 47371000) using coordinate system rotated by 0 degree(s)
13:30:28: [INFO] Adding track segment (F.Cu): [(72390000, 47371000), (339090000, 47371000)]
13:30:28: [INFO] Could not add track segment due to detected collision
13:30:28: [INFO] Routing pad 'SW30:1' at (339090000, 47371000) with pad 'SW36:1' at (339090000, 66421000) using coordinate system rotated by 0 degree(s)
13:30:28: [INFO] Adding track segment (F.Cu): [(339090000, 47371000), (339090000, 66421000)]
13:30:28: [INFO] Routing pad 'SW36:1' at (339090000, 66421000) with pad 'SW42:1' at (339090000, 85471000) using coordinate system rotated by 0 degree(s)
13:30:28: [INFO] Adding track segment (F.Cu): [(339090000, 66421000), (339090000, 85471000)]
13:30:28: [INFO] Routing pad 'SW42:1' at (339090000, 85471000) with pad 'SW48:1' at (339090000, 104521000) using coordinate system rotated by 0 degree(s)
13:30:28: [INFO] Adding track segment (F.Cu): [(339090000, 85471000), (339090000, 104521000)]
13:30:28: [INFO] Routing ROW1 pads
13:30:28: [INFO] Routing pad 'D7:1' at (62230000, 76837500) with pad 'D8:1' at (81280000, 74361000) using coordinate system rotated by 0 degree(s)
13:30:28: [INFO] Adding track segment (B.Cu): [(62230000, 76837500), (78803500, 76837500)]
13:30:28: [INFO] Adding track segment (B.Cu): [(78803500, 76837500), (81280000, 74361000)]
13:30:28: [INFO] Routing pad 'D8:1' at (81280000, 74361000) with pad 'D9:1' at (100330000, 67312500) using coordinate system rotated by 0 degree(s)
13:30:28: [INFO] Adding track segment (B.Cu): [(81280000, 74361000), (93281500, 74361000)]
13:30:28: [INFO] Adding track segment (B.Cu): [(93281500, 74361000), (100330000, 67312500)]
13:30:28: [INFO] Routing pad 'D9:1' at (100330000, 67312500) with pad 'D10:1' at (119380000, 62549999) using coordinate system rotated by 0 degree(s)
13:30:28: [INFO] Adding track segment (B.Cu): [(100330000, 67312500), (114617499, 67312500)]
13:30:28: [INFO] Adding track segment (B.Cu): [(114617499, 67312500), (119380000, 62549999)]
13:30:28: [INFO] Routing pad 'D10:1' at (119380000, 62549999) with pad 'D11:1' at (138430000, 67312500) using coordinate system rotated by 0 degree(s)
13:30:28: [INFO] Adding track segment (B.Cu): [(119380000, 62549999), (124142501, 67312500)]
13:30:28: [INFO] Adding track segment (B.Cu): [(124142501, 67312500), (138430000, 67312500)]
13:30:28: [INFO] Routing pad 'D11:1' at (138430000, 67312500) with pad 'D12:1' at (157480000, 69598500) using coordinate system rotated by 0 degree(s)
13:30:28: [INFO] Adding track segment (B.Cu): [(138430000, 67312500), (155194000, 67312500)]
13:30:28: [INFO] Adding track segment (B.Cu): [(155194000, 67312500), (157480000, 69598500)]
13:30:28: [INFO] Routing ROW5 pads
13:30:28: [INFO] Routing pad 'D34:1' at (271780000, 50548500) with pad 'D33:1' at (290830000, 48262500) using coordinate system rotated by 0 degree(s)
13:30:28: [INFO] Adding track segment (B.Cu): [(271780000, 50548500), (288544000, 50548500)]
13:30:28: [INFO] Adding track segment (B.Cu): [(288544000, 50548500), (290830000, 48262500)]
13:30:28: [INFO] Routing pad 'D33:1' at (290830000, 48262500) with pad 'D32:1' at (309880000, 43500000) using coordinate system rotated by 0 degree(s)
13:30:29: [INFO] Adding track segment (B.Cu): [(290830000, 48262500), (305117500, 48262500)]
13:30:29: [INFO] Adding track segment (B.Cu): [(305117500, 48262500), (309880000, 43500000)]
13:30:29: [INFO] Routing pad 'D32:1' at (309880000, 43500000) with pad 'D31:1' at (328930000, 48262500) using coordinate system rotated by 0 degree(s)
13:30:29: [INFO] Adding track segment (B.Cu): [(309880000, 43500000), (314642500, 48262500)]
13:30:29: [INFO] Adding track segment (B.Cu): [(314642500, 48262500), (328930000, 48262500)]
13:30:29: [INFO] Routing pad 'D31:1' at (328930000, 48262500) with pad 'D30:1' at (347980000, 55311000) using coordinate system rotated by 0 degree(s)
13:30:29: [INFO] Adding track segment (B.Cu): [(328930000, 48262500), (335978500, 55311000)]
13:30:29: [INFO] Adding track segment (B.Cu): [(335978500, 55311000), (347980000, 55311000)]
13:30:29: [INFO] Routing pad 'D30:1' at (347980000, 55311000) with pad 'D29:1' at (367030000, 57787499) using coordinate system rotated by 0 degree(s)
13:30:29: [INFO] Adding track segment (B.Cu): [(347980000, 55311000), (364553501, 55311000)]
13:30:29: [INFO] Adding track segment (B.Cu): [(364553501, 55311000), (367030000, 57787499)]
13:30:29: [INFO] Routing COL3 pads
13:30:29: [INFO] Routing pad 'SW4:1' at (110490000, 35560000) with pad 'SW10:1' at (110490000, 54609999) using coordinate system rotated by 0 degree(s)
13:30:29: [INFO] Adding track segment (F.Cu): [(110490000, 35560000), (110490000, 54609999)]
13:30:29: [INFO] Routing pad 'SW10:1' at (110490000, 54609999) with pad 'SW16:1' at (110490000, 73660000) using coordinate system rotated by 0 degree(s)
13:30:29: [INFO] Adding track segment (F.Cu): [(110490000, 54609999), (110490000, 73660000)]
13:30:29: [INFO] Routing pad 'SW16:1' at (110490000, 73660000) with pad 'SW22:1' at (110490000, 92710000) using coordinate system rotated by 0 degree(s)
13:30:29: [INFO] Adding track segment (F.Cu): [(110490000, 73660000), (110490000, 92710000)]
13:30:29: [INFO] Routing pad 'SW22:1' at (110490000, 92710000) with pad 'SW26:1' at (129540000, 116522500) using coordinate system rotated by 0 degree(s)
13:30:29: [INFO] Adding track segment (F.Cu): [(110490000, 92710000), (110490000, 97472500)]
13:30:29: [INFO] Adding track segment (F.Cu): [(110490000, 97472500), (129540000, 116522500)]
13:30:29: [INFO] Routing pad 'SW26:1' at (129540000, 116522500) with pad 'SW54:1' at (281940000, 116522500) using coordinate system rotated by 0 degree(s)
13:30:29: [INFO] Adding track segment (F.Cu): [(129540000, 116522500), (281940000, 116522500)]
13:30:29: [INFO] Could not add track segment due to detected collision
13:30:29: [INFO] Routing pad 'SW38:1' at (300990000, 54609999) with pad 'SW32:1' at (300990000, 35560000) using coordinate system rotated by 0 degree(s)
13:30:29: [INFO] Adding track segment (F.Cu): [(300990000, 54609999), (300990000, 35560000)]
13:30:29: [INFO] Routing pad 'SW44:1' at (300990000, 73660000) with pad 'SW38:1' at (300990000, 54609999) using coordinate system rotated by 0 degree(s)
13:30:29: [INFO] Adding track segment (F.Cu): [(300990000, 73660000), (300990000, 54609999)]
13:30:29: [INFO] Routing pad 'SW50:1' at (300990000, 92710000) with pad 'SW44:1' at (300990000, 73660000) using coordinate system rotated by 0 degree(s)
13:30:29: [INFO] Adding track segment (F.Cu): [(300990000, 92710000), (300990000, 73660000)]
13:30:29: [INFO] Routing pad 'SW54:1' at (281940000, 116522500) with pad 'SW50:1' at (300990000, 92710000) using coordinate system rotated by 0 degree(s)
13:30:29: [INFO] Adding track segment (F.Cu): [(281940000, 116522500), (300990000, 97472500)]
13:30:29: [INFO] Adding track segment (F.Cu): [(300990000, 97472500), (300990000, 92710000)]
13:30:29: [INFO] Routing ROW9 pads
13:30:29: [INFO] Routing pad 'D56:1' at (252730000, 129225000) with pad 'D55:1' at (271780000, 126748500) using coordinate system rotated by 0 degree(s)
13:30:29: [INFO] Adding track segment (B.Cu): [(252730000, 129225000), (269303500, 129225000)]
13:30:29: [INFO] Adding track segment (B.Cu): [(269303500, 129225000), (271780000, 126748500)]
13:30:29: [INFO] Routing pad 'D55:1' at (271780000, 126748500) with pad 'D54:1' at (290830000, 124462500) using coordinate system rotated by 0 degree(s)
13:30:29: [INFO] Adding track segment (B.Cu): [(271780000, 126748500), (288544000, 126748500)]
13:30:29: [INFO] Adding track segment (B.Cu): [(288544000, 126748500), (290830000, 124462500)]
13:30:29: [INFO] Routing pad 'D54:1' at (290830000, 124462500) with pad 'D53:1' at (386080000, 91125000) using coordinate system rotated by 0 degree(s)
13:30:29: [INFO] Routing ROW0 pads
13:30:29: [INFO] Routing pad 'D1:1' at (62230000, 57787499) with pad 'D2:1' at (81280000, 55311000) using coordinate system rotated by 0 degree(s)
13:30:29: [INFO] Adding track segment (B.Cu): [(62230000, 57787499), (78803501, 57787499)]
13:30:29: [INFO] Adding track segment (B.Cu): [(78803501, 57787499), (81280000, 55311000)]
13:30:29: [INFO] Routing pad 'D2:1' at (81280000, 55311000) with pad 'D3:1' at (100330000, 48262500) using coordinate system rotated by 0 degree(s)
13:30:29: [INFO] Adding track segment (B.Cu): [(81280000, 55311000), (93281500, 55311000)]
13:30:29: [INFO] Adding track segment (B.Cu): [(93281500, 55311000), (100330000, 48262500)]
13:30:29: [INFO] Routing pad 'D3:1' at (100330000, 48262500) with pad 'D4:1' at (119380000, 43500000) using coordinate system rotated by 0 degree(s)
13:30:29: [INFO] Adding track segment (B.Cu): [(100330000, 48262500), (114617500, 48262500)]
13:30:29: [INFO] Adding track segment (B.Cu): [(114617500, 48262500), (119380000, 43500000)]
13:30:29: [INFO] Routing pad 'D4:1' at (119380000, 43500000) with pad 'D5:1' at (138430000, 48262500) using coordinate system rotated by 0 degree(s)
13:30:29: [INFO] Adding track segment (B.Cu): [(119380000, 43500000), (124142500, 48262500)]
13:30:29: [INFO] Adding track segment (B.Cu): [(124142500, 48262500), (138430000, 48262500)]
13:30:29: [INFO] Routing pad 'D5:1' at (138430000, 48262500) with pad 'D6:1' at (157480000, 50548500) using coordinate system rotated by 0 degree(s)
13:30:29: [INFO] Adding track segment (B.Cu): [(138430000, 48262500), (155194000, 48262500)]
13:30:29: [INFO] Adding track segment (B.Cu): [(155194000, 48262500), (157480000, 50548500)]
13:30:29: [INFO] Routing COL2 pads
13:30:29: [INFO] Routing pad 'SW3:1' at (91440000, 40322500) with pad 'SW9:1' at (91440000, 59372500) using coordinate system rotated by 0 degree(s)
13:30:29: [INFO] Adding track segment (F.Cu): [(91440000, 40322500), (91440000, 59372500)]
13:30:29: [INFO] Routing pad 'SW9:1' at (91440000, 59372500) with pad 'SW15:1' at (91440000, 78422500) using coordinate system rotated by 0 degree(s)
13:30:29: [INFO] Adding track segment (F.Cu): [(91440000, 59372500), (91440000, 78422500)]
13:30:29: [INFO] Routing pad 'SW15:1' at (91440000, 78422500) with pad 'SW21:1' at (91440000, 97472500) using coordinate system rotated by 0 degree(s)
13:30:29: [INFO] Adding track segment (F.Cu): [(91440000, 78422500), (91440000, 97472500)]
13:30:29: [INFO] Routing pad 'SW3:1' at (91440000, 40322500) with pad 'SW31:1' at (320040000, 40322500) using coordinate system rotated by 0 degree(s)
13:30:29: [INFO] Adding track segment (F.Cu): [(91440000, 40322500), (320040000, 40322500)]
13:30:29: [INFO] Could not add track segment due to detected collision
13:30:29: [INFO] Routing pad 'SW31:1' at (320040000, 40322500) with pad 'SW37:1' at (320040000, 59372500) using coordinate system rotated by 0 degree(s)
13:30:29: [INFO] Adding track segment (F.Cu): [(320040000, 40322500), (320040000, 59372500)]
13:30:29: [INFO] Routing pad 'SW37:1' at (320040000, 59372500) with pad 'SW43:1' at (320040000, 78422500) using coordinate system rotated by 0 degree(s)
13:30:29: [INFO] Adding track segment (F.Cu): [(320040000, 59372500), (320040000, 78422500)]
13:30:29: [INFO] Routing pad 'SW43:1' at (320040000, 78422500) with pad 'SW49:1' at (320040000, 97472500) using coordinate system rotated by 0 degree(s)
13:30:29: [INFO] Adding track segment (F.Cu): [(320040000, 78422500), (320040000, 97472500)]
13:30:29: [INFO] Routing COL4 pads
13:30:29: [INFO] Routing pad 'SW5:1' at (129540000, 40322500) with pad 'SW11:1' at (129540000, 59372500) using coordinate system rotated by 0 degree(s)
13:30:29: [INFO] Adding track segment (F.Cu): [(129540000, 40322500), (129540000, 59372500)]
13:30:29: [INFO] Routing pad 'SW11:1' at (129540000, 59372500) with pad 'SW17:1' at (129540000, 78422500) using coordinate system rotated by 0 degree(s)
13:30:29: [INFO] Adding track segment (F.Cu): [(129540000, 59372500), (129540000, 78422500)]
13:30:29: [INFO] Routing pad 'SW17:1' at (129540000, 78422500) with pad 'SW23:1' at (129540000, 97472500) using coordinate system rotated by 0 degree(s)
13:30:29: [INFO] Adding track segment (F.Cu): [(129540000, 78422500), (129540000, 97472500)]
13:30:29: [INFO] Routing pad 'SW23:1' at (129540000, 97472500) with pad 'SW27:1' at (148590000, 118808500) using coordinate system rotated by 0 degree(s)
13:30:29: [INFO] Adding track segment (F.Cu): [(129540000, 97472500), (129540000, 99758500)]
13:30:29: [INFO] Adding track segment (F.Cu): [(129540000, 99758500), (148590000, 118808500)]
13:30:29: [INFO] Routing pad 'SW27:1' at (148590000, 118808500) with pad 'SW55:1' at (262890000, 118808500) using coordinate system rotated by 0 degree(s)
13:30:29: [INFO] Adding track segment (F.Cu): [(148590000, 118808500), (262890000, 118808500)]
13:30:29: [INFO] Could not add track segment due to detected collision
13:30:29: [INFO] Routing pad 'SW39:1' at (281940000, 59372500) with pad 'SW33:1' at (281940000, 40322500) using coordinate system rotated by 0 degree(s)
13:30:29: [INFO] Adding track segment (F.Cu): [(281940000, 59372500), (281940000, 40322500)]
13:30:29: [INFO] Routing pad 'SW45:1' at (281940000, 78422500) with pad 'SW39:1' at (281940000, 59372500) using coordinate system rotated by 0 degree(s)
13:30:29: [INFO] Adding track segment (F.Cu): [(281940000, 78422500), (281940000, 59372500)]
13:30:29: [INFO] Routing pad 'SW51:1' at (281940000, 97472500) with pad 'SW45:1' at (281940000, 78422500) using coordinate system rotated by 0 degree(s)
13:30:29: [INFO] Adding track segment (F.Cu): [(281940000, 97472500), (281940000, 78422500)]
13:30:29: [INFO] Routing pad 'SW55:1' at (262890000, 118808500) with pad 'SW51:1' at (281940000, 97472500) using coordinate system rotated by 0 degree(s)
13:30:29: [INFO] Routing ROW3 pads
13:30:29: [INFO] Routing pad 'D19:1' at (62230000, 114937500) with pad 'D20:1' at (81280000, 112461000) using coordinate system rotated by 0 degree(s)
13:30:29: [INFO] Adding track segment (B.Cu): [(62230000, 114937500), (78803500, 114937500)]
13:30:29: [INFO] Adding track segment (B.Cu): [(78803500, 114937500), (81280000, 112461000)]
13:30:29: [INFO] Routing pad 'D20:1' at (81280000, 112461000) with pad 'D21:1' at (100330000, 105412500) using coordinate system rotated by 0 degree(s)
13:30:29: [INFO] Adding track segment (B.Cu): [(81280000, 112461000), (93281500, 112461000)]
13:30:29: [INFO] Adding track segment (B.Cu): [(93281500, 112461000), (100330000, 105412500)]
13:30:29: [INFO] Routing pad 'D21:1' at (100330000, 105412500) with pad 'D22:1' at (119380000, 100650000) using coordinate system rotated by 0 degree(s)
13:30:29: [INFO] Adding track segment (B.Cu): [(100330000, 105412500), (114617500, 105412500)]
13:30:29: [INFO] Adding track segment (B.Cu): [(114617500, 105412500), (119380000, 100650000)]
13:30:29: [INFO] Routing pad 'D22:1' at (119380000, 100650000) with pad 'D23:1' at (138430000, 105412500) using coordinate system rotated by 0 degree(s)
13:30:29: [INFO] Adding track segment (B.Cu): [(119380000, 100650000), (124142500, 105412500)]
13:30:29: [INFO] Adding track segment (B.Cu): [(124142500, 105412500), (138430000, 105412500)]
13:30:29: [INFO] Routing pad 'D23:1' at (138430000, 105412500) with pad 'D24:1' at (157480000, 107698500) using coordinate system rotated by 0 degree(s)
13:30:29: [INFO] Adding track segment (B.Cu): [(138430000, 105412500), (155194000, 105412500)]
13:30:29: [INFO] Adding track segment (B.Cu): [(155194000, 105412500), (157480000, 107698500)]
13:30:29: [INFO] Routing COL0 pads
13:30:29: [INFO] Routing pad 'SW7:1' at (53340000, 68897500) with pad 'SW1:1' at (53340000, 49847499) using coordinate system rotated by 0 degree(s)
13:30:29: [INFO] Adding track segment (F.Cu): [(53340000, 68897500), (53340000, 49847499)]
13:30:29: [INFO] Routing pad 'SW13:1' at (53340000, 87947500) with pad 'SW7:1' at (53340000, 68897500) using coordinate system rotated by 0 degree(s)
13:30:29: [INFO] Adding track segment (F.Cu): [(53340000, 87947500), (53340000, 68897500)]
13:30:29: [INFO] Routing pad 'SW25:1' at (34290000, 83185000) with pad 'SW13:1' at (53340000, 87947500) using coordinate system rotated by 0 degree(s)
13:30:29: [INFO] Adding track segment (F.Cu): [(34290000, 83185000), (48577500, 83185000)]
13:30:29: [INFO] Adding track segment (F.Cu): [(48577500, 83185000), (53340000, 87947500)]
13:30:29: [INFO] Routing pad 'SW13:1' at (53340000, 87947500) with pad 'SW19:1' at (53340000, 106997500) using coordinate system rotated by 0 degree(s)
13:30:29: [INFO] Adding track segment (F.Cu): [(53340000, 87947500), (53340000, 106997500)]
13:30:29: [INFO] Routing pad 'SW1:1' at (53340000, 49847499) with pad 'SW29:1' at (358140000, 49847499) using coordinate system rotated by 0 degree(s)
13:30:29: [INFO] Adding track segment (F.Cu): [(53340000, 49847499), (358140000, 49847499)]
13:30:29: [INFO] Could not add track segment due to detected collision
13:30:29: [INFO] Routing pad 'SW29:1' at (358140000, 49847499) with pad 'SW35:1' at (358140000, 68897500) using coordinate system rotated by 0 degree(s)
13:30:29: [INFO] Adding track segment (F.Cu): [(358140000, 49847499), (358140000, 68897500)]
13:30:29: [INFO] Routing pad 'SW35:1' at (358140000, 68897500) with pad 'SW41:1' at (358140000, 87947500) using coordinate system rotated by 0 degree(s)
13:30:29: [INFO] Adding track segment (F.Cu): [(358140000, 68897500), (358140000, 87947500)]
13:30:29: [INFO] Routing pad 'SW41:1' at (358140000, 87947500) with pad 'SW47:1' at (358140000, 106997500) using coordinate system rotated by 0 degree(s)
13:30:29: [INFO] Adding track segment (F.Cu): [(358140000, 87947500), (358140000, 106997500)]
13:30:29: [INFO] Routing pad 'SW41:1' at (358140000, 87947500) with pad 'SW53:1' at (377190000, 83185000) using coordinate system rotated by 0 degree(s)
13:30:29: [INFO] Adding track segment (F.Cu): [(358140000, 87947500), (362902500, 83185000)]
13:30:29: [INFO] Adding track segment (F.Cu): [(362902500, 83185000), (377190000, 83185000)]
13:30:29: [INFO] Removing dangling tracks
