=== kbplacer.kle_serial ===
=== layout2image.py ===
=== kbplacer ===
13:37:43: [INFO] User layout: https://editor.keyboard-tools.xyz/#share=NrDeCIA9wLgAgEwDoDMB2ANHcBPWcAGJAgDi3AGN9wBiNeh8AX3IIwPCwivlov4HNWGAIyc4EaPACcSNADYW2NiLHCRCcd2p0G9ceADu+BEvAqUAHQB2Nm2w5co+IggCs5HthoBDP-6FlUQAWLWd4IjczCztbaxUDBFEEWPtRcABdDAAoMHDEJARg8mN4ESQo8hF2MK8+AX5A8Gq1CXzZAhEzFsdsFtbm5LDSuHLKvtEUMKlCQo9sOt9-PyaW0KzcyRMkauwR8rRx8CTe7V4aBsazJNatmVQu8hve49Fbyh09fRLt92vJ6YuOaeHTLFb-ETrHJ5GblaTzIy-I4oGpORaXKhmFHvGYkJDyUzkbEvbHvRZgnwGfZyZFDDYw-AiNBIEhJbB4eAAWiIhyxAPpdwKu1w+G5wL2jLmZmKp0RZSl5GKOMZPLZctGCuwSrEAvyInkLLVHLgYt5iqG5pEU0tUM24AATvgyNh7TNghUQecMU02JphNagqFhG4DGx5JloYLIt0MH6JgHBkGJiHdTMeUcknHXgmkknXinI3rNeAUVmUQmUXmUQW7bCaZ7vBSqZK-ua42dvN6fvBkK2tRhbXlHVznQ7Ye6ETNORPohg0KGMCQF9IFyIOKnRW5iDHw1U5wZqku9yuN1z3WbsEld5f909F4kMCfC1Ot32Sxhr+-50T7z+n7XN3FdVkAvcBim-NpyTBZt5TfYoTwyIA
13:37:43: [INFO] Labels prefixes: for rows: 'ROW', for columns: 'COL'
13:37:43: [INFO] Matrix size: 4x14
13:37:43: [WARNING] No stabilizer footprint for width 2.25u, using 2u as fallback
13:37:43: [WARNING] No stabilizer footprint for width 2.25u, using 2u as fallback
13:37:43: [WARNING] No stabilizer footprint for width 2.25u, using 2u as fallback
13:37:43: [WARNING] No stabilizer footprint for width 2.75u, using 2u as fallback
13:37:44: [INFO] Add COL0 net
13:37:44: [INFO] Add COL1 net
13:37:44: [INFO] Add COL10 net
13:37:44: [INFO] Add COL11 net
13:37:44: [INFO] Add COL12 net
13:37:44: [INFO] Add COL13 net
13:37:44: [INFO] Add COL14 net
13:37:44: [INFO] Add COL2 net
13:37:44: [INFO] Add COL3 net
13:37:44: [INFO] Add COL4 net
13:37:44: [INFO] Add COL5 net
13:37:44: [INFO] Add COL6 net
13:37:44: [INFO] Add COL7 net
13:37:44: [INFO] Add COL8 net
13:37:44: [INFO] Add COL9 net
13:37:44: [INFO] Add Net-(D1-A) net
13:37:44: [INFO] Add Net-(D10-A) net
13:37:44: [INFO] Add Net-(D11-A) net
13:37:44: [INFO] Add Net-(D12-A) net
13:37:44: [INFO] Add Net-(D13-A) net
13:37:44: [INFO] Add Net-(D14-A) net
13:37:44: [INFO] Add Net-(D15-A) net
13:37:44: [INFO] Add Net-(D16-A) net
13:37:44: [INFO] Add Net-(D17-A) net
13:37:44: [INFO] Add Net-(D18-A) net
13:37:44: [INFO] Add Net-(D19-A) net
13:37:44: [INFO] Add Net-(D2-A) net
13:37:44: [INFO] Add Net-(D20-A) net
13:37:44: [INFO] Add Net-(D21-A) net
13:37:44: [INFO] Add Net-(D22-A) net
13:37:44: [INFO] Add Net-(D23-A) net
13:37:44: [INFO] Add Net-(D24-A) net
13:37:44: [INFO] Add Net-(D25-A) net
13:37:44: [INFO] Add Net-(D26-A) net
13:37:44: [INFO] Add Net-(D27-A) net
13:37:44: [INFO] Add Net-(D28-A) net
13:37:44: [INFO] Add Net-(D29-A) net
13:37:44: [INFO] Add Net-(D3-A) net
13:37:44: [INFO] Add Net-(D30-A) net
13:37:44: [INFO] Add Net-(D31-A) net
13:37:44: [INFO] Add Net-(D32-A) net
13:37:44: [INFO] Add Net-(D33-A) net
13:37:44: [INFO] Add Net-(D34-A) net
13:37:44: [INFO] Add Net-(D35-A) net
13:37:44: [INFO] Add Net-(D36-A) net
13:37:44: [INFO] Add Net-(D37-A) net
13:37:44: [INFO] Add Net-(D38-A) net
13:37:44: [INFO] Add Net-(D39-A) net
13:37:44: [INFO] Add Net-(D4-A) net
13:37:44: [INFO] Add Net-(D40-A) net
13:37:44: [INFO] Add Net-(D41-A) net
13:37:44: [INFO] Add Net-(D42-A) net
13:37:44: [INFO] Add Net-(D43-A) net
13:37:44: [INFO] Add Net-(D44-A) net
13:37:44: [INFO] Add Net-(D45-A) net
13:37:44: [INFO] Add Net-(D46-A) net
13:37:44: [INFO] Add Net-(D47-A) net
13:37:44: [INFO] Add Net-(D48-A) net
13:37:44: [INFO] Add Net-(D49-A) net
13:37:44: [INFO] Add Net-(D5-A) net
13:37:44: [INFO] Add Net-(D50-A) net
13:37:44: [INFO] Add Net-(D51-A) net
13:37:44: [INFO] Add Net-(D52-A) net
13:37:44: [INFO] Add Net-(D53-A) net
13:37:44: [INFO] Add Net-(D54-A) net
13:37:44: [INFO] Add Net-(D55-A) net
13:37:44: [INFO] Add Net-(D56-A) net
13:37:44: [INFO] Add Net-(D57-A) net
13:37:44: [INFO] Add Net-(D58-A) net
13:37:44: [INFO] Add Net-(D59-A) net
13:37:44: [INFO] Add Net-(D6-A) net
13:37:44: [INFO] Add Net-(D60-A) net
13:37:44: [INFO] Add Net-(D61-A) net
13:37:44: [INFO] Add Net-(D62-A) net
13:37:44: [INFO] Add Net-(D63-A) net
13:37:44: [INFO] Add Net-(D64-A) net
13:37:44: [INFO] Add Net-(D65-A) net
13:37:44: [INFO] Add Net-(D66-A) net
13:37:44: [INFO] Add Net-(D67-A) net
13:37:44: [INFO] Add Net-(D68-A) net
13:37:44: [INFO] Add Net-(D69-A) net
13:37:44: [INFO] Add Net-(D7-A) net
13:37:44: [INFO] Add Net-(D8-A) net
13:37:44: [INFO] Add Net-(D9-A) net
13:37:44: [INFO] Add ROW0 net
13:37:44: [INFO] Add ROW1 net
13:37:44: [INFO] Add ROW2 net
13:37:44: [INFO] Add ROW3 net
13:37:44: [INFO] Add ROW4 net
13:37:44: [INFO] Add SW1 footprint
13:37:44: [INFO] Add D1 footprint
13:37:44: [INFO] Add SW2 footprint
13:37:44: [INFO] Add D2 footprint
13:37:44: [INFO] Add SW3 footprint
13:37:44: [INFO] Add D3 footprint
13:37:44: [INFO] Add SW4 footprint
13:37:44: [INFO] Add D4 footprint
13:37:44: [INFO] Add SW5 footprint
13:37:44: [INFO] Add D5 footprint
13:37:44: [INFO] Add SW6 footprint
13:37:44: [INFO] Add D6 footprint
13:37:44: [INFO] Add SW7 footprint
13:37:44: [INFO] Add D7 footprint
13:37:44: [INFO] Add SW8 footprint
13:37:44: [INFO] Add D8 footprint
13:37:44: [INFO] Add SW9 footprint
13:37:44: [INFO] Add D9 footprint
13:37:44: [INFO] Add SW10 footprint
13:37:44: [INFO] Add D10 footprint
13:37:44: [INFO] Add SW11 footprint
13:37:44: [INFO] Add D11 footprint
13:37:44: [INFO] Add SW12 footprint
13:37:44: [INFO] Add D12 footprint
13:37:44: [INFO] Add SW13 footprint
13:37:44: [INFO] Add D13 footprint
13:37:44: [INFO] Add SW14 footprint
13:37:44: [INFO] Add D14 footprint
13:37:44: [INFO] Add ST14 footprint
13:37:44: [INFO] Add SW14a footprint
13:37:44: [INFO] Add SW15 footprint
13:37:44: [INFO] Add D15 footprint
13:37:44: [INFO] Add SW16 footprint
13:37:44: [INFO] Add D16 footprint
13:37:44: [INFO] Add SW17 footprint
13:37:44: [INFO] Add D17 footprint
13:37:44: [INFO] Add SW18 footprint
13:37:45: [INFO] Add D18 footprint
13:37:45: [INFO] Add SW19 footprint
13:37:45: [INFO] Add D19 footprint
13:37:45: [INFO] Add SW20 footprint
13:37:45: [INFO] Add D20 footprint
13:37:45: [INFO] Add SW21 footprint
13:37:45: [INFO] Add D21 footprint
13:37:45: [INFO] Add SW22 footprint
13:37:45: [INFO] Add D22 footprint
13:37:45: [INFO] Add SW23 footprint
13:37:45: [INFO] Add D23 footprint
13:37:45: [INFO] Add SW24 footprint
13:37:45: [INFO] Add D24 footprint
13:37:45: [INFO] Add SW25 footprint
13:37:45: [INFO] Add D25 footprint
13:37:45: [INFO] Add SW26 footprint
13:37:45: [INFO] Add D26 footprint
13:37:45: [INFO] Add SW27 footprint
13:37:45: [INFO] Add D27 footprint
13:37:45: [INFO] Add SW28 footprint
13:37:45: [INFO] Add D28 footprint
13:37:45: [INFO] Add SW29 footprint
13:37:45: [INFO] Add D29 footprint
13:37:45: [INFO] Add SW30 footprint
13:37:45: [INFO] Add D30 footprint
13:37:45: [INFO] Add SW31 footprint
13:37:45: [INFO] Add D31 footprint
13:37:45: [INFO] Add SW32 footprint
13:37:45: [INFO] Add D32 footprint
13:37:45: [INFO] Add SW33 footprint
13:37:45: [INFO] Add D33 footprint
13:37:45: [INFO] Add SW34 footprint
13:37:45: [INFO] Add D34 footprint
13:37:45: [INFO] Add SW35 footprint
13:37:45: [INFO] Add D35 footprint
13:37:45: [INFO] Add SW36 footprint
13:37:45: [INFO] Add D36 footprint
13:37:45: [INFO] Add SW37 footprint
13:37:45: [INFO] Add D37 footprint
13:37:45: [INFO] Add SW38 footprint
13:37:45: [INFO] Add D38 footprint
13:37:45: [INFO] Add SW39 footprint
13:37:45: [INFO] Add D39 footprint
13:37:45: [INFO] Add SW40 footprint
13:37:45: [INFO] Add D40 footprint
13:37:45: [INFO] Add SW41 footprint
13:37:46: [INFO] Add D41 footprint
13:37:46: [INFO] Add SW42 footprint
13:37:46: [INFO] Add D42 footprint
13:37:46: [INFO] Add SW43 footprint
13:37:46: [INFO] Add D43 footprint
13:37:46: [INFO] Add SW44 footprint
13:37:46: [INFO] Add D44 footprint
13:37:46: [WARNING] No stabilizer footprint for width 2.25u, using 2u as fallback
13:37:46: [INFO] Add ST44 footprint
13:37:46: [INFO] Add SW45 footprint
13:37:46: [INFO] Add D45 footprint
13:37:46: [INFO] Add SW46 footprint
13:37:46: [INFO] Add D46 footprint
13:37:46: [WARNING] No stabilizer footprint for width 2.25u, using 2u as fallback
13:37:46: [INFO] Add ST46 footprint
13:37:46: [INFO] Add SW47 footprint
13:37:46: [INFO] Add D47 footprint
13:37:46: [INFO] Add SW48 footprint
13:37:46: [INFO] Add D48 footprint
13:37:46: [INFO] Add SW49 footprint
13:37:46: [INFO] Add D49 footprint
13:37:46: [INFO] Add SW50 footprint
13:37:46: [INFO] Add D50 footprint
13:37:46: [INFO] Add SW51 footprint
13:37:46: [INFO] Add D51 footprint
13:37:46: [INFO] Add SW52 footprint
13:37:46: [INFO] Add D52 footprint
13:37:46: [INFO] Add SW53 footprint
13:37:46: [INFO] Add D53 footprint
13:37:46: [INFO] Add SW54 footprint
13:37:46: [INFO] Add D54 footprint
13:37:46: [INFO] Add SW55 footprint
13:37:46: [INFO] Add D55 footprint
13:37:46: [INFO] Add SW56 footprint
13:37:46: [INFO] Add D56 footprint
13:37:46: [INFO] Add SW57 footprint
13:37:46: [INFO] Add D57 footprint
13:37:46: [INFO] Add SW58 footprint
13:37:46: [INFO] Add D58 footprint
13:37:46: [INFO] Add SW59 footprint
13:37:46: [INFO] Add D59 footprint
13:37:47: [INFO] Add SW60 footprint
13:37:47: [INFO] Add D60 footprint
13:37:47: [INFO] Add SW61 footprint
13:37:47: [INFO] Add D61 footprint
13:37:47: [INFO] Add SW62 footprint
13:37:47: [INFO] Add D62 footprint
13:37:47: [INFO] Add SW63 footprint
13:37:47: [INFO] Add D63 footprint
13:37:47: [WARNING] No stabilizer footprint for width 2.25u, using 2u as fallback
13:37:47: [INFO] Add ST63 footprint
13:37:47: [INFO] Add SW64 footprint
13:37:47: [INFO] Add D64 footprint
13:37:47: [WARNING] No stabilizer footprint for width 2.75u, using 2u as fallback
13:37:47: [INFO] Add ST64 footprint
13:37:47: [INFO] Add SW65 footprint
13:37:47: [INFO] Add D65 footprint
13:37:47: [INFO] Add SW66 footprint
13:37:47: [INFO] Add D66 footprint
13:37:47: [INFO] Add SW67 footprint
13:37:47: [INFO] Add D67 footprint
13:37:47: [INFO] Add SW68 footprint
13:37:47: [INFO] Add D68 footprint
13:37:47: [INFO] Add SW69 footprint
13:37:47: [INFO] Add D69 footprint
13:37:47: [INFO] Detected layout convertible to matrix annotated keyboard
13:37:47: [INFO] Using key 1U distance: (19.05, 19.05) mm
13:37:47: [INFO] Layout offset: (21526500, 27051000)
13:37:47: [INFO] Diode info: [ElementInfo(annotation_format='D{}', position_option=<PositionOption.CUSTOM: 'Custom'>, position=ElementPosition(x=5.08, y=4.0, orientation=90.0, side=<Side.BACK: 'Back'>), template_path='', start_index=-1)]
13:37:47: [INFO] Placing additional elements for SW69
13:37:47: [INFO] Placing additional elements for SW68
13:37:47: [INFO] Placing additional elements for SW67
13:37:47: [INFO] Placing additional elements for SW66
13:37:47: [INFO] Placing additional elements for SW65
13:37:47: [INFO] Placing additional elements for SW64
13:37:47: [INFO] Placing additional elements for SW63
13:37:47: [INFO] Placing additional elements for SW62
13:37:47: [INFO] Placing additional elements for SW61
13:37:47: [INFO] Placing additional elements for SW60
13:37:47: [INFO] Placing additional elements for SW59
13:37:47: [INFO] Placing additional elements for SW58
13:37:47: [INFO] Placing additional elements for SW57
13:37:47: [INFO] Placing additional elements for SW56
13:37:47: [INFO] Placing additional elements for SW55
13:37:47: [INFO] Placing additional elements for SW54
13:37:47: [INFO] Placing additional elements for SW53
13:37:47: [INFO] Placing additional elements for SW52
13:37:47: [INFO] Placing additional elements for SW51
13:37:47: [INFO] Placing additional elements for SW50
13:37:47: [INFO] Placing additional elements for SW49
13:37:47: [INFO] Placing additional elements for SW48
13:37:47: [INFO] Placing additional elements for SW47
13:37:47: [INFO] Placing additional elements for SW46
13:37:47: [INFO] Placing additional elements for SW45
13:37:47: [INFO] Placing additional elements for SW44
13:37:47: [INFO] Placing additional elements for SW43
13:37:47: [INFO] Placing additional elements for SW42
13:37:47: [INFO] Placing additional elements for SW41
13:37:47: [INFO] Placing additional elements for SW40
13:37:47: [INFO] Placing additional elements for SW39
13:37:47: [INFO] Placing additional elements for SW38
13:37:47: [INFO] Placing additional elements for SW37
13:37:47: [INFO] Placing additional elements for SW36
13:37:47: [INFO] Placing additional elements for SW35
13:37:47: [INFO] Placing additional elements for SW34
13:37:47: [INFO] Placing additional elements for SW33
13:37:47: [INFO] Placing additional elements for SW32
13:37:47: [INFO] Placing additional elements for SW31
13:37:47: [INFO] Placing additional elements for SW30
13:37:47: [INFO] Placing additional elements for SW29
13:37:47: [INFO] Placing additional elements for SW28
13:37:47: [INFO] Placing additional elements for SW27
13:37:47: [INFO] Placing additional elements for SW26
13:37:47: [INFO] Placing additional elements for SW25
13:37:47: [INFO] Placing additional elements for SW24
13:37:47: [INFO] Placing additional elements for SW23
13:37:47: [INFO] Placing additional elements for SW22
13:37:47: [INFO] Placing additional elements for SW21
13:37:47: [INFO] Placing additional elements for SW20
13:37:47: [INFO] Placing additional elements for SW19
13:37:47: [INFO] Placing additional elements for SW18
13:37:47: [INFO] Placing additional elements for SW17
13:37:47: [INFO] Placing additional elements for SW16
13:37:47: [INFO] Placing additional elements for SW15
13:37:47: [INFO] Placing additional elements for SW14a
13:37:47: [INFO] Placing additional elements for SW14
13:37:47: [INFO] Placing additional elements for SW13
13:37:47: [INFO] Placing additional elements for SW12
13:37:47: [INFO] Placing additional elements for SW11
13:37:47: [INFO] Placing additional elements for SW10
13:37:47: [INFO] Placing additional elements for SW9
13:37:47: [INFO] Placing additional elements for SW8
13:37:47: [INFO] Placing additional elements for SW7
13:37:47: [INFO] Placing additional elements for SW6
13:37:47: [INFO] Placing additional elements for SW5
13:37:47: [INFO] Placing additional elements for SW4
13:37:47: [INFO] Placing additional elements for SW3
13:37:47: [INFO] Placing additional elements for SW2
13:37:47: [INFO] Placing additional elements for SW1
13:37:47: [INFO] Routing SW69 with D69
13:37:47: [INFO] Using internal autorouter method
13:37:47: [INFO] Routing pad 'SW69:2' at (392112500, 113982500) with pad 'D69:2' at (394652500, 121662500) using coordinate system rotated by 0 degree(s)
13:37:47: [INFO] Adding track segment (B.Cu): [(392112500, 113982500), (392112500, 119122500)]
13:37:47: [INFO] Adding track segment (B.Cu): [(392112500, 119122500), (394652500, 121662500)]
13:37:47: [INFO] Routing SW68 with D68
13:37:47: [INFO] Using internal autorouter method
13:37:47: [INFO] Routing pad 'SW68:2' at (373062500, 113982500) with pad 'D68:2' at (375602500, 121662500) using coordinate system rotated by 0 degree(s)
13:37:47: [INFO] Adding track segment (B.Cu): [(373062500, 113982500), (373062500, 119122500)]
13:37:47: [INFO] Adding track segment (B.Cu): [(373062500, 119122500), (375602500, 121662500)]
13:37:47: [INFO] Routing SW67 with D67
13:37:47: [INFO] Using internal autorouter method
13:37:47: [INFO] Routing pad 'SW67:2' at (354012500, 113982500) with pad 'D67:2' at (356552500, 121662500) using coordinate system rotated by 0 degree(s)
13:37:47: [INFO] Adding track segment (B.Cu): [(354012500, 113982500), (354012500, 119122500)]
13:37:47: [INFO] Adding track segment (B.Cu): [(354012500, 119122500), (356552500, 121662500)]
13:37:47: [INFO] Routing SW66 with D66
13:37:47: [INFO] Using internal autorouter method
13:37:47: [INFO] Routing pad 'SW66:2' at (327818750, 109220000) with pad 'D66:2' at (330358750, 116900000) using coordinate system rotated by 0 degree(s)
13:37:47: [INFO] Adding track segment (B.Cu): [(327818750, 109220000), (327818750, 114360000)]
13:37:47: [INFO] Adding track segment (B.Cu): [(327818750, 114360000), (330358750, 116900000)]
13:37:47: [INFO] Routing SW65 with D65
13:37:47: [INFO] Using internal autorouter method
13:37:47: [INFO] Routing pad 'SW65:2' at (276119258, 111528758) with pad 'D65:2' at (279703388, 118780516) using coordinate system rotated by 352.0 degree(s)
13:37:47: [INFO] Adding track segment (B.Cu): [(276119258, 111528758), (276834607, 116618734)]
13:37:47: [INFO] Adding track segment (B.Cu): [(276834607, 116618734), (279703388, 118780516)]
13:37:47: [INFO] Routing SW64 with D64
13:37:47: [INFO] Using internal autorouter method
13:37:47: [INFO] Routing pad 'SW64:2' at (238390045, 116831254) with pad 'D64:2' at (241974175, 124083012) using coordinate system rotated by 352.0 degree(s)
13:37:47: [INFO] Adding track segment (B.Cu): [(238390045, 116831254), (239105393, 121921229)]
13:37:47: [INFO] Adding track segment (B.Cu): [(239105393, 121921229), (241974175, 124083012)]
13:37:47: [INFO] Routing SW63 with D63
13:37:47: [INFO] Using internal autorouter method
13:37:47: [INFO] Routing pad 'SW63:2' at (176359669, 118201064) with pad 'D63:2' at (177806100, 126159822) using coordinate system rotated by 8.0 degree(s)
13:37:47: [INFO] Adding track segment (B.Cu): [(176359669, 118201064), (175644318, 123291041)]
13:37:47: [INFO] Adding track segment (B.Cu): [(175644318, 123291041), (177806100, 126159822)]
13:37:47: [INFO] Routing SW62 with D62
13:37:47: [INFO] Using internal autorouter method
13:37:47: [INFO] Routing pad 'SW62:2' at (143346607, 113561381) with pad 'D62:2' at (144793038, 121520139) using coordinate system rotated by 8.0 degree(s)
13:37:47: [INFO] Adding track segment (B.Cu): [(143346607, 113561381), (142631256, 118651359)]
13:37:47: [INFO] Adding track segment (B.Cu): [(142631256, 118651359), (144793038, 121520139)]
13:37:47: [INFO] Routing SW61 with D61
13:37:47: [INFO] Using internal autorouter method
13:37:47: [INFO] Routing pad 'SW61:2' at (99790250, 109220000) with pad 'D61:2' at (102330250, 116900000) using coordinate system rotated by 0 degree(s)
13:37:47: [INFO] Adding track segment (B.Cu): [(99790250, 109220000), (99790250, 114360000)]
13:37:47: [INFO] Adding track segment (B.Cu): [(99790250, 114360000), (102330250, 116900000)]
13:37:47: [INFO] Routing SW60 with D60
13:37:47: [INFO] Using internal autorouter method
13:37:47: [INFO] Routing pad 'SW60:2' at (75977750, 109220000) with pad 'D60:2' at (78517750, 116900000) using coordinate system rotated by 0 degree(s)
13:37:47: [INFO] Adding track segment (B.Cu): [(75977750, 109220000), (75977750, 114360000)]
13:37:47: [INFO] Adding track segment (B.Cu): [(75977750, 114360000), (78517750, 116900000)]
13:37:47: [INFO] Routing SW59 with D59
13:37:47: [INFO] Using internal autorouter method
13:37:47: [INFO] Routing pad 'SW59:2' at (373062500, 94932500) with pad 'D59:2' at (375602500, 102612500) using coordinate system rotated by 0 degree(s)
13:37:47: [INFO] Adding track segment (B.Cu): [(373062500, 94932500), (373062500, 100072500)]
13:37:47: [INFO] Adding track segment (B.Cu): [(373062500, 100072500), (375602500, 102612500)]
13:37:47: [INFO] Routing SW58 with D58
13:37:47: [INFO] Using internal autorouter method
13:37:47: [INFO] Routing pad 'SW58:2' at (342106250, 90170000) with pad 'D58:2' at (344646250, 97850000) using coordinate system rotated by 0 degree(s)
13:37:47: [INFO] Adding track segment (B.Cu): [(342106250, 90170000), (342106250, 95310000)]
13:37:47: [INFO] Adding track segment (B.Cu): [(342106250, 95310000), (344646250, 97850000)]
13:37:47: [INFO] Routing SW57 with D57
13:37:47: [INFO] Using internal autorouter method
13:37:47: [INFO] Routing pad 'SW57:2' at (315912500, 90170000) with pad 'D57:2' at (318452500, 97850000) using coordinate system rotated by 0 degree(s)
13:37:47: [INFO] Adding track segment (B.Cu): [(315912500, 90170000), (315912500, 95310000)]
13:37:47: [INFO] Adding track segment (B.Cu): [(315912500, 95310000), (318452500, 97850000)]
13:37:47: [INFO] Routing SW56 with D56
13:37:47: [INFO] Using internal autorouter method
13:37:47: [INFO] Routing pad 'SW56:2' at (296862500, 90170000) with pad 'D56:2' at (299402500, 97850000) using coordinate system rotated by 0 degree(s)
13:37:47: [INFO] Adding track segment (B.Cu): [(296862500, 90170000), (296862500, 95310000)]
13:37:47: [INFO] Adding track segment (B.Cu): [(296862500, 95310000), (299402500, 97850000)]
13:37:47: [INFO] Routing SW55 with D55
13:37:47: [INFO] Using internal autorouter method
13:37:47: [INFO] Routing pad 'SW55:2' at (275826087, 92332746) with pad 'D55:2' at (279410217, 99584504) using coordinate system rotated by 352.0 degree(s)
13:37:47: [INFO] Adding track segment (B.Cu): [(275826087, 92332746), (276541435, 97422722)]
13:37:47: [INFO] Adding track segment (B.Cu): [(276541435, 97422722), (279410217, 99584504)]
13:37:47: [INFO] Routing SW54 with D54
13:37:47: [INFO] Using internal autorouter method
13:37:47: [INFO] Routing pad 'SW54:2' at (256961480, 94983993) with pad 'D54:2' at (260545610, 102235751) using coordinate system rotated by 352.0 degree(s)
13:37:47: [INFO] Adding track segment (B.Cu): [(256961480, 94983993), (257676828, 100073969)]
13:37:47: [INFO] Adding track segment (B.Cu): [(257676828, 100073969), (260545610, 102235751)]
13:37:47: [INFO] Routing SW53 with D53
13:37:47: [INFO] Using internal autorouter method
13:37:47: [INFO] Routing pad 'SW53:2' at (238096873, 97635241) with pad 'D53:2' at (241681003, 104886999) using coordinate system rotated by 352.0 degree(s)
13:37:47: [INFO] Adding track segment (B.Cu): [(238096873, 97635241), (238812222, 102725217)]
13:37:47: [INFO] Adding track segment (B.Cu): [(238812222, 102725217), (241681003, 104886999)]
13:37:47: [INFO] Routing SW52 with D52
13:37:47: [INFO] Using internal autorouter method
13:37:47: [INFO] Routing pad 'SW52:2' at (219232267, 100286488) with pad 'D52:2' at (222816397, 107538246) using coordinate system rotated by 352.0 degree(s)
13:37:47: [INFO] Adding track segment (B.Cu): [(219232267, 100286488), (219947616, 105376465)]
13:37:47: [INFO] Adding track segment (B.Cu): [(219947616, 105376465), (222816397, 107538246)]
13:37:47: [INFO] Routing SW51 with D51
13:37:47: [INFO] Using internal autorouter method
13:37:47: [INFO] Routing pad 'SW51:2' at (190801295, 100993487) with pad 'D51:2' at (192247726, 108952245) using coordinate system rotated by 8.0 degree(s)
13:37:47: [INFO] Adding track segment (B.Cu): [(190801295, 100993487), (190085944, 106083464)]
13:37:47: [INFO] Adding track segment (B.Cu): [(190085944, 106083464), (192247726, 108952245)]
13:37:47: [INFO] Routing SW50 with D50
13:37:47: [INFO] Using internal autorouter method
13:37:47: [INFO] Routing pad 'SW50:2' at (171936689, 98342240) with pad 'D50:2' at (173383120, 106300998) using coordinate system rotated by 8.0 degree(s)
13:37:47: [INFO] Adding track segment (B.Cu): [(171936689, 98342240), (171221338, 103432217)]
13:37:47: [INFO] Adding track segment (B.Cu): [(171221338, 103432217), (173383120, 106300998)]
13:37:47: [INFO] Routing SW49 with D49
13:37:47: [INFO] Using internal autorouter method
13:37:47: [INFO] Routing pad 'SW49:2' at (153072082, 95690992) with pad 'D49:2' at (154518513, 103649750) using coordinate system rotated by 8.0 degree(s)
13:37:47: [INFO] Adding track segment (B.Cu): [(153072082, 95690992), (152356732, 100780970)]
13:37:47: [INFO] Adding track segment (B.Cu): [(152356732, 100780970), (154518513, 103649750)]
13:37:47: [INFO] Routing SW48 with D48
13:37:47: [INFO] Using internal autorouter method
13:37:47: [INFO] Routing pad 'SW48:2' at (134207475, 93039745) with pad 'D48:2' at (135653906, 100998503) using coordinate system rotated by 8.0 degree(s)
13:37:47: [INFO] Adding track segment (B.Cu): [(134207475, 93039745), (133492124, 98129721)]
13:37:47: [INFO] Adding track segment (B.Cu): [(133492124, 98129721), (135653906, 100998503)]
13:37:47: [INFO] Routing SW47 with D47
13:37:47: [INFO] Using internal autorouter method
13:37:47: [INFO] Routing pad 'SW47:2' at (113601500, 90170000) with pad 'D47:2' at (116141500, 97850000) using coordinate system rotated by 0 degree(s)
13:37:47: [INFO] Adding track segment (B.Cu): [(113601500, 90170000), (113601500, 95310000)]
13:37:47: [INFO] Adding track segment (B.Cu): [(113601500, 95310000), (116141500, 97850000)]
13:37:47: [INFO] Routing SW46 with D46
13:37:47: [INFO] Using internal autorouter method
13:37:47: [INFO] Routing pad 'SW46:2' at (82645250, 90170000) with pad 'D46:2' at (85185250, 97850000) using coordinate system rotated by 0 degree(s)
13:37:47: [INFO] Adding track segment (B.Cu): [(82645250, 90170000), (82645250, 95310000)]
13:37:47: [INFO] Adding track segment (B.Cu): [(82645250, 95310000), (85185250, 97850000)]
13:37:47: [INFO] Routing SW45 with D45
13:37:47: [INFO] Using internal autorouter method
13:37:47: [INFO] Routing pad 'SW45:2' at (389064500, 71120000) with pad 'D45:2' at (391604500, 78800000) using coordinate system rotated by 0 degree(s)
13:37:47: [INFO] Adding track segment (B.Cu): [(389064500, 71120000), (389064500, 76260000)]
13:37:47: [INFO] Adding track segment (B.Cu): [(389064500, 76260000), (391604500, 78800000)]
13:37:47: [INFO] Routing SW44 with D44
13:37:47: [INFO] Using internal autorouter method
13:37:47: [INFO] Routing pad 'SW44:2' at (353345750, 71120000) with pad 'D44:2' at (355885750, 78800000) using coordinate system rotated by 0 degree(s)
13:37:47: [INFO] Adding track segment (B.Cu): [(353345750, 71120000), (353345750, 76260000)]
13:37:48: [INFO] Adding track segment (B.Cu): [(353345750, 76260000), (355885750, 78800000)]
13:37:48: [INFO] Routing SW43 with D43
13:37:48: [INFO] Using internal autorouter method
13:37:48: [INFO] Routing pad 'SW43:2' at (359918000, 33020000) with pad 'D43:2' at (362458000, 40700000) using coordinate system rotated by 0 degree(s)
13:37:48: [INFO] Adding track segment (B.Cu): [(359918000, 33020000), (359918000, 38160000)]
13:37:48: [INFO] Adding track segment (B.Cu): [(359918000, 38160000), (362458000, 40700000)]
13:37:48: [INFO] Routing SW42 with D42
13:37:48: [INFO] Using internal autorouter method
13:37:48: [INFO] Routing pad 'SW42:2' at (322389500, 71120000) with pad 'D42:2' at (324929500, 78800000) using coordinate system rotated by 0 degree(s)
13:37:48: [INFO] Adding track segment (B.Cu): [(322389500, 71120000), (322389500, 76260000)]
13:37:48: [INFO] Adding track segment (B.Cu): [(322389500, 76260000), (324929500, 78800000)]
13:37:48: [INFO] Routing SW41 with D41
13:37:48: [INFO] Using internal autorouter method
13:37:48: [INFO] Routing pad 'SW41:2' at (303339500, 71120000) with pad 'D41:2' at (305879500, 78800000) using coordinate system rotated by 0 degree(s)
13:37:48: [INFO] Adding track segment (B.Cu): [(303339500, 71120000), (303339500, 76260000)]
13:37:48: [INFO] Adding track segment (B.Cu): [(303339500, 76260000), (305879500, 78800000)]
13:37:48: [INFO] Routing SW40 with D40
13:37:48: [INFO] Using internal autorouter method
13:37:48: [INFO] Routing pad 'SW40:2' at (282607143, 72142515) with pad 'D40:2' at (286191273, 79394273) using coordinate system rotated by 352.0 degree(s)
13:37:48: [INFO] Adding track segment (B.Cu): [(282607143, 72142515), (283322492, 77232491)]
13:37:48: [INFO] Adding track segment (B.Cu): [(283322492, 77232491), (286191273, 79394273)]
13:37:48: [INFO] Routing SW39 with D39
13:37:48: [INFO] Using internal autorouter method
13:37:48: [INFO] Routing pad 'SW39:2' at (263742536, 74793763) with pad 'D39:2' at (267326666, 82045521) using coordinate system rotated by 352.0 degree(s)
13:37:48: [INFO] Adding track segment (B.Cu): [(263742536, 74793763), (264457884, 79883739)]
13:37:48: [INFO] Adding track segment (B.Cu): [(264457884, 79883739), (267326666, 82045521)]
13:37:48: [INFO] Routing SW38 with D38
13:37:48: [INFO] Using internal autorouter method
13:37:48: [INFO] Routing pad 'SW38:2' at (244877929, 77445010) with pad 'D38:2' at (248462059, 84696768) using coordinate system rotated by 352.0 degree(s)
13:37:48: [INFO] Adding track segment (B.Cu): [(244877929, 77445010), (245593277, 82534986)]
13:37:48: [INFO] Adding track segment (B.Cu): [(245593277, 82534986), (248462059, 84696768)]
13:37:48: [INFO] Routing SW37 with D37
13:37:48: [INFO] Using internal autorouter method
13:37:48: [INFO] Routing pad 'SW37:2' at (226013322, 80096258) with pad 'D37:2' at (229597452, 87348016) using coordinate system rotated by 352.0 degree(s)
13:37:48: [INFO] Adding track segment (B.Cu): [(226013322, 80096258), (226728671, 85186234)]
13:37:48: [INFO] Adding track segment (B.Cu): [(226728671, 85186234), (229597452, 87348016)]
13:37:48: [INFO] Routing SW36 with D36
13:37:48: [INFO] Using internal autorouter method
13:37:48: [INFO] Routing pad 'SW36:2' at (184020240, 80803257) with pad 'D36:2' at (185466671, 88762015) using coordinate system rotated by 8.0 degree(s)
13:37:48: [INFO] Adding track segment (B.Cu): [(184020240, 80803257), (183304889, 85893234)]
13:37:48: [INFO] Adding track segment (B.Cu): [(183304889, 85893234), (185466671, 88762015)]
13:37:48: [INFO] Routing SW35 with D35
13:37:48: [INFO] Using internal autorouter method
13:37:48: [INFO] Routing pad 'SW35:2' at (165155633, 78152009) with pad 'D35:2' at (166602064, 86110767) using coordinate system rotated by 8.0 degree(s)
13:37:48: [INFO] Adding track segment (B.Cu): [(165155633, 78152009), (164440283, 83241987)]
13:37:48: [INFO] Adding track segment (B.Cu): [(164440283, 83241987), (166602064, 86110767)]
13:37:48: [INFO] Routing SW34 with D34
13:37:48: [INFO] Using internal autorouter method
13:37:48: [INFO] Routing pad 'SW34:2' at (146291026, 75500762) with pad 'D34:2' at (147737457, 83459520) using coordinate system rotated by 8.0 degree(s)
13:37:48: [INFO] Adding track segment (B.Cu): [(146291026, 75500762), (145575675, 80590738)]
13:37:48: [INFO] Adding track segment (B.Cu): [(145575675, 80590738), (147737457, 83459520)]
13:37:48: [INFO] Routing SW33 with D33
13:37:48: [INFO] Using internal autorouter method
13:37:48: [INFO] Routing pad 'SW33:2' at (127426419, 72849514) with pad 'D33:2' at (128872850, 80808272) using coordinate system rotated by 8.0 degree(s)
13:37:48: [INFO] Adding track segment (B.Cu): [(127426419, 72849514), (126711068, 77939491)]
13:37:48: [INFO] Adding track segment (B.Cu): [(126711068, 77939491), (128872850, 80808272)]
13:37:48: [INFO] Routing SW32 with D32
13:37:48: [INFO] Using internal autorouter method
13:37:48: [INFO] Routing pad 'SW32:2' at (106934000, 71120000) with pad 'D32:2' at (109474000, 78800000) using coordinate system rotated by 0 degree(s)
13:37:48: [INFO] Adding track segment (B.Cu): [(106934000, 71120000), (106934000, 76260000)]
13:37:48: [INFO] Adding track segment (B.Cu): [(106934000, 76260000), (109474000, 78800000)]
13:37:48: [INFO] Routing SW31 with D31
13:37:48: [INFO] Using internal autorouter method
13:37:48: [INFO] Routing pad 'SW31:2' at (80740250, 71120000) with pad 'D31:2' at (83280250, 78800000) using coordinate system rotated by 0 degree(s)
13:37:48: [INFO] Adding track segment (B.Cu): [(80740250, 71120000), (80740250, 76260000)]
13:37:48: [INFO] Adding track segment (B.Cu): [(80740250, 76260000), (83280250, 78800000)]
13:37:48: [INFO] Routing SW30 with D30
13:37:48: [INFO] Using internal autorouter method
13:37:48: [INFO] Routing pad 'SW30:2' at (386016500, 52070000) with pad 'D30:2' at (388556500, 59750000) using coordinate system rotated by 0 degree(s)
13:37:48: [INFO] Adding track segment (B.Cu): [(386016500, 52070000), (386016500, 57210000)]
13:37:48: [INFO] Adding track segment (B.Cu): [(386016500, 57210000), (388556500, 59750000)]
13:37:48: [INFO] Routing SW29 with D29
13:37:48: [INFO] Using internal autorouter method
13:37:48: [INFO] Routing pad 'SW29:2' at (357441500, 52070000) with pad 'D29:2' at (359981500, 59750000) using coordinate system rotated by 0 degree(s)
13:37:48: [INFO] Adding track segment (B.Cu): [(357441500, 52070000), (357441500, 57210000)]
13:37:48: [INFO] Adding track segment (B.Cu): [(357441500, 57210000), (359981500, 59750000)]
13:37:48: [INFO] Routing SW28 with D28
13:37:48: [INFO] Using internal autorouter method
13:37:48: [INFO] Routing pad 'SW28:2' at (333629000, 52070000) with pad 'D28:2' at (336169000, 59750000) using coordinate system rotated by 0 degree(s)
13:37:48: [INFO] Adding track segment (B.Cu): [(333629000, 52070000), (333629000, 57210000)]
13:37:48: [INFO] Adding track segment (B.Cu): [(333629000, 57210000), (336169000, 59750000)]
13:37:48: [INFO] Routing SW27 with D27
13:37:48: [INFO] Using internal autorouter method
13:37:48: [INFO] Routing pad 'SW27:2' at (314579000, 52070000) with pad 'D27:2' at (317119000, 59750000) using coordinate system rotated by 0 degree(s)
13:37:48: [INFO] Adding track segment (B.Cu): [(314579000, 52070000), (314579000, 57210000)]
13:37:48: [INFO] Adding track segment (B.Cu): [(314579000, 57210000), (317119000, 59750000)]
13:37:48: [INFO] Routing SW26 with D26
13:37:48: [INFO] Using internal autorouter method
13:37:48: [INFO] Routing pad 'SW26:2' at (295529000, 52070000) with pad 'D26:2' at (298069000, 59750000) using coordinate system rotated by 0 degree(s)
13:37:48: [INFO] Adding track segment (B.Cu): [(295529000, 52070000), (295529000, 57210000)]
13:37:48: [INFO] Adding track segment (B.Cu): [(295529000, 57210000), (298069000, 59750000)]
13:37:48: [INFO] Routing SW25 with D25
13:37:48: [INFO] Using internal autorouter method
13:37:48: [INFO] Routing pad 'SW25:2' at (275239743, 53940720) with pad 'D25:2' at (278823873, 61192478) using coordinate system rotated by 352.0 degree(s)
13:37:48: [INFO] Adding track segment (B.Cu): [(275239743, 53940720), (275955092, 59030696)]
13:37:48: [INFO] Adding track segment (B.Cu): [(275955092, 59030696), (278823873, 61192478)]
13:37:48: [INFO] Routing SW24 with D24
13:37:48: [INFO] Using internal autorouter method
13:37:48: [INFO] Routing pad 'SW24:2' at (256375137, 56591968) with pad 'D24:2' at (259959267, 63843726) using coordinate system rotated by 352.0 degree(s)
13:37:48: [INFO] Adding track segment (B.Cu): [(256375137, 56591968), (257090486, 61681945)]
13:37:48: [INFO] Adding track segment (B.Cu): [(257090486, 61681945), (259959267, 63843726)]
13:37:48: [INFO] Routing SW23 with D23
13:37:48: [INFO] Using internal autorouter method
13:37:48: [INFO] Routing pad 'SW23:2' at (237510530, 59243216) with pad 'D23:2' at (241094660, 66494974) using coordinate system rotated by 352.0 degree(s)
13:37:48: [INFO] Adding track segment (B.Cu): [(237510530, 59243216), (238225878, 64333191)]
13:37:48: [INFO] Adding track segment (B.Cu): [(238225878, 64333191), (241094660, 66494974)]
13:37:48: [INFO] Routing SW22 with D22
13:37:48: [INFO] Using internal autorouter method
13:37:48: [INFO] Routing pad 'SW22:2' at (218645923, 61894463) with pad 'D22:2' at (222230053, 69146221) using coordinate system rotated by 352.0 degree(s)
13:37:48: [INFO] Adding track segment (B.Cu): [(218645923, 61894463), (219361271, 66984439)]
13:37:48: [INFO] Adding track segment (B.Cu): [(219361271, 66984439), (222230053, 69146221)]
13:37:48: [INFO] Routing SW21 with D21
13:37:48: [INFO] Using internal autorouter method
13:37:48: [INFO] Routing pad 'SW21:2' at (181955335, 61275838) with pad 'D21:2' at (183401766, 69234596) using coordinate system rotated by 8.0 degree(s)
13:37:48: [INFO] Adding track segment (B.Cu): [(181955335, 61275838), (181239984, 66365815)]
13:37:48: [INFO] Adding track segment (B.Cu): [(181239984, 66365815), (183401766, 69234596)]
13:37:48: [INFO] Routing SW20 with D20
13:37:48: [INFO] Using internal autorouter method
13:37:48: [INFO] Routing pad 'SW20:2' at (163090729, 58624591) with pad 'D20:2' at (164537160, 66583349) using coordinate system rotated by 8.0 degree(s)
13:37:48: [INFO] Adding track segment (B.Cu): [(163090729, 58624591), (162375378, 63714568)]
13:37:48: [INFO] Adding track segment (B.Cu): [(162375378, 63714568), (164537160, 66583349)]
13:37:48: [INFO] Routing SW19 with D19
13:37:48: [INFO] Using internal autorouter method
13:37:48: [INFO] Routing pad 'SW19:2' at (144226122, 55973343) with pad 'D19:2' at (145672553, 63932101) using coordinate system rotated by 8.0 degree(s)
13:37:48: [INFO] Adding track segment (B.Cu): [(144226122, 55973343), (143510772, 61063321)]
13:37:48: [INFO] Adding track segment (B.Cu): [(143510772, 61063321), (145672553, 63932101)]
13:37:48: [INFO] Routing SW18 with D18
13:37:48: [INFO] Using internal autorouter method
13:37:48: [INFO] Routing pad 'SW18:2' at (125361515, 53322096) with pad 'D18:2' at (126807946, 61280854) using coordinate system rotated by 8.0 degree(s)
13:37:48: [INFO] Adding track segment (B.Cu): [(125361515, 53322096), (124646164, 58412072)]
13:37:48: [INFO] Adding track segment (B.Cu): [(124646164, 58412072), (126807946, 61280854)]
13:37:48: [INFO] Routing SW17 with D17
13:37:48: [INFO] Using internal autorouter method
13:37:48: [INFO] Routing pad 'SW17:2' at (104838500, 52070000) with pad 'D17:2' at (107378500, 59750000) using coordinate system rotated by 0 degree(s)
13:37:48: [INFO] Adding track segment (B.Cu): [(104838500, 52070000), (104838500, 57210000)]
13:37:48: [INFO] Adding track segment (B.Cu): [(104838500, 57210000), (107378500, 59750000)]
13:37:48: [INFO] Routing SW16 with D16
13:37:48: [INFO] Using internal autorouter method
13:37:48: [INFO] Routing pad 'SW16:2' at (81026000, 52070000) with pad 'D16:2' at (83566000, 59750000) using coordinate system rotated by 0 degree(s)
13:37:48: [INFO] Adding track segment (B.Cu): [(81026000, 52070000), (81026000, 57210000)]
13:37:48: [INFO] Adding track segment (B.Cu): [(81026000, 57210000), (83566000, 59750000)]
13:37:48: [INFO] Routing SW15 with D15
13:37:48: [INFO] Using internal autorouter method
13:37:48: [INFO] Routing pad 'SW15:2' at (383730500, 33020000) with pad 'D15:2' at (386270500, 40700000) using coordinate system rotated by 0 degree(s)
13:37:48: [INFO] Adding track segment (B.Cu): [(383730500, 33020000), (383730500, 38160000)]
13:37:48: [INFO] Adding track segment (B.Cu): [(383730500, 38160000), (386270500, 40700000)]
13:37:48: [INFO] Routing SW14a with D14
13:37:48: [INFO] Using internal autorouter method
13:37:48: [INFO] Routing pad 'SW14a:2' at (340868000, 33020000) with pad 'D14:2' at (352933000, 40700000) using coordinate system rotated by 0 degree(s)
13:37:48: [INFO] Routing SW14 with D14
13:37:48: [INFO] Using internal autorouter method
13:37:48: [INFO] Routing pad 'SW14:2' at (350393000, 33020000) with pad 'D14:2' at (352933000, 40700000) using coordinate system rotated by 0 degree(s)
13:37:48: [INFO] Adding track segment (B.Cu): [(350393000, 33020000), (350393000, 38160000)]
13:37:48: [INFO] Adding track segment (B.Cu): [(350393000, 38160000), (352933000, 40700000)]
13:37:48: [INFO] Routing SW13 with D13
13:37:48: [INFO] Using internal autorouter method
13:37:48: [INFO] Routing pad 'SW13:2' at (321818000, 33020000) with pad 'D13:2' at (324358000, 40700000) using coordinate system rotated by 0 degree(s)
13:37:48: [INFO] Adding track segment (B.Cu): [(321818000, 33020000), (321818000, 38160000)]
13:37:48: [INFO] Adding track segment (B.Cu): [(321818000, 38160000), (324358000, 40700000)]
13:37:48: [INFO] Routing SW12 with D12
13:37:48: [INFO] Using internal autorouter method
13:37:48: [INFO] Routing pad 'SW12:2' at (302768000, 33020000) with pad 'D12:2' at (305308000, 40700000) using coordinate system rotated by 0 degree(s)
13:37:48: [INFO] Adding track segment (B.Cu): [(302768000, 33020000), (302768000, 38160000)]
13:37:48: [INFO] Adding track segment (B.Cu): [(302768000, 38160000), (305308000, 40700000)]
13:37:48: [INFO] Routing SW11 with D11
13:37:48: [INFO] Using internal autorouter method
13:37:48: [INFO] Routing pad 'SW11:2' at (282020799, 33750490) with pad 'D11:2' at (285604929, 41002248) using coordinate system rotated by 352.0 degree(s)
13:37:48: [INFO] Adding track segment (B.Cu): [(282020799, 33750490), (282736147, 38840466)]
13:37:48: [INFO] Adding track segment (B.Cu): [(282736147, 38840466), (285604929, 41002248)]
13:37:48: [INFO] Routing SW10 with D10
13:37:48: [INFO] Using internal autorouter method
13:37:48: [INFO] Routing pad 'SW10:2' at (263156192, 36401738) with pad 'D10:2' at (266740322, 43653496) using coordinate system rotated by 352.0 degree(s)
13:37:48: [INFO] Adding track segment (B.Cu): [(263156192, 36401738), (263871541, 41491713)]
13:37:48: [INFO] Adding track segment (B.Cu): [(263871541, 41491713), (266740322, 43653496)]
13:37:48: [INFO] Routing SW9 with D9
13:37:48: [INFO] Using internal autorouter method
13:37:48: [INFO] Routing pad 'SW9:2' at (244291586, 39052985) with pad 'D9:2' at (247875716, 46304743) using coordinate system rotated by 352.0 degree(s)
13:37:48: [INFO] Adding track segment (B.Cu): [(244291586, 39052985), (245006935, 44142962)]
13:37:48: [INFO] Adding track segment (B.Cu): [(245006935, 44142962), (247875716, 46304743)]
13:37:48: [INFO] Routing SW8 with D8
13:37:48: [INFO] Using internal autorouter method
13:37:48: [INFO] Routing pad 'SW8:2' at (225426979, 41704233) with pad 'D8:2' at (229011109, 48955991) using coordinate system rotated by 352.0 degree(s)
13:37:48: [INFO] Adding track segment (B.Cu): [(225426979, 41704233), (226142327, 46794209)]
13:37:48: [INFO] Adding track segment (B.Cu): [(226142327, 46794209), (229011109, 48955991)]
13:37:48: [INFO] Routing SW7 with D7
13:37:48: [INFO] Using internal autorouter method
13:37:48: [INFO] Routing pad 'SW7:2' at (194038886, 43736855) with pad 'D7:2' at (195485317, 51695613) using coordinate system rotated by 8.0 degree(s)
13:37:48: [INFO] Adding track segment (B.Cu): [(194038886, 43736855), (193323535, 48826832)]
13:37:48: [INFO] Adding track segment (B.Cu): [(193323535, 48826832), (195485317, 51695613)]
13:37:48: [INFO] Routing SW6 with D6
13:37:48: [INFO] Using internal autorouter method
13:37:48: [INFO] Routing pad 'SW6:2' at (175174280, 41085608) with pad 'D6:2' at (176620711, 49044366) using coordinate system rotated by 8.0 degree(s)
13:37:48: [INFO] Adding track segment (B.Cu): [(175174280, 41085608), (174458929, 46175585)]
13:37:48: [INFO] Adding track segment (B.Cu): [(174458929, 46175585), (176620711, 49044366)]
13:37:48: [INFO] Routing SW5 with D5
13:37:48: [INFO] Using internal autorouter method
13:37:48: [INFO] Routing pad 'SW5:2' at (156309673, 38434360) with pad 'D5:2' at (157756104, 46393118) using coordinate system rotated by 8.0 degree(s)
13:37:48: [INFO] Adding track segment (B.Cu): [(156309673, 38434360), (155594323, 43524338)]
13:37:48: [INFO] Adding track segment (B.Cu): [(155594323, 43524338), (157756104, 46393118)]
13:37:48: [INFO] Routing SW4 with D4
13:37:48: [INFO] Using internal autorouter method
13:37:48: [INFO] Routing pad 'SW4:2' at (137445066, 35783113) with pad 'D4:2' at (138891497, 43741871) using coordinate system rotated by 8.0 degree(s)
13:37:48: [INFO] Adding track segment (B.Cu): [(137445066, 35783113), (136729715, 40873089)]
13:37:48: [INFO] Adding track segment (B.Cu): [(136729715, 40873089), (138891497, 43741871)]
13:37:48: [INFO] Routing SW3 with D3
13:37:48: [INFO] Using internal autorouter method
13:37:48: [INFO] Routing pad 'SW3:2' at (118580460, 33131865) with pad 'D3:2' at (120026891, 41090623) using coordinate system rotated by 8.0 degree(s)
13:37:48: [INFO] Adding track segment (B.Cu): [(118580460, 33131865), (117865109, 38221843)]
13:37:48: [INFO] Adding track segment (B.Cu): [(117865109, 38221843), (120026891, 41090623)]
13:37:48: [INFO] Routing SW2 with D2
13:37:48: [INFO] Using internal autorouter method
13:37:48: [INFO] Routing pad 'SW2:2' at (97790000, 33020000) with pad 'D2:2' at (100330000, 40700000) using coordinate system rotated by 0 degree(s)
13:37:48: [INFO] Adding track segment (B.Cu): [(97790000, 33020000), (97790000, 38160000)]
13:37:48: [INFO] Adding track segment (B.Cu): [(97790000, 38160000), (100330000, 40700000)]
13:37:48: [INFO] Routing SW1 with D1
13:37:48: [INFO] Using internal autorouter method
13:37:48: [INFO] Routing pad 'SW1:2' at (78740000, 33020000) with pad 'D1:2' at (81280000, 40700000) using coordinate system rotated by 0 degree(s)
13:37:48: [INFO] Adding track segment (B.Cu): [(78740000, 33020000), (78740000, 38160000)]
13:37:48: [INFO] Adding track segment (B.Cu): [(78740000, 38160000), (81280000, 40700000)]
13:37:48: [INFO] Routing COL4 pads
13:37:48: [INFO] Routing pad 'SW5:1' at (149667971, 40065892) with pad 'SW20:1' at (156449027, 60256123) using coordinate system rotated by 8.0 degree(s)
13:37:48: [INFO] Adding track segment (F.Cu): [(149667971, 40065892), (148342347, 49498195)]
13:37:48: [INFO] Adding track segment (F.Cu): [(148342347, 49498195), (156449027, 60256123)]
13:37:48: [INFO] Routing pad 'SW20:1' at (156449027, 60256123) with pad 'SW35:1' at (158513931, 79783541) using coordinate system rotated by 8.0 degree(s)
13:37:48: [INFO] Adding track segment (F.Cu): [(156449027, 60256123), (154460591, 74404576)]
13:37:48: [INFO] Adding track segment (F.Cu): [(154460591, 74404576), (158513931, 79783541)]
13:37:48: [INFO] Routing pad 'SW35:1' at (158513931, 79783541) with pad 'SW50:1' at (165294987, 99973772) using coordinate system rotated by 8.0 degree(s)
13:37:48: [INFO] Adding track segment (F.Cu): [(158513931, 79783541), (157188307, 89215844)]
13:37:48: [INFO] Adding track segment (F.Cu): [(157188307, 89215844), (165294987, 99973772)]
13:37:48: [INFO] Routing pad 'SW50:1' at (165294987, 99973772) with pad 'SW63:1' at (169717967, 119832596) using coordinate system rotated by 8.0 degree(s)
13:37:48: [INFO] Adding track segment (F.Cu): [(165294987, 99973772), (163637957, 111764149)]
13:37:48: [INFO] Adding track segment (F.Cu): [(163637957, 111764149), (169717967, 119832596)]
13:37:48: [INFO] Routing COL8 pads
13:37:48: [INFO] Routing pad 'SW9:1' at (238356883, 42452015) with pad 'SW24:1' at (250440434, 59990998) using coordinate system rotated by 352.0 degree(s)
13:37:48: [INFO] Adding track segment (F.Cu): [(238356883, 42452015), (239682506, 51884317)]
13:37:48: [INFO] Adding track segment (F.Cu): [(239682506, 51884317), (250440434, 59990998)]
13:37:48: [INFO] Routing pad 'SW39:1' at (257807833, 78192793) with pad 'SW54:1' at (251026777, 98383023) using coordinate system rotated by 352.0 degree(s)
13:37:48: [INFO] Adding track segment (F.Cu): [(257807833, 78192793), (259133456, 87625095)]
13:37:48: [INFO] Adding track segment (F.Cu): [(259133456, 87625095), (251026777, 98383023)]
13:37:48: [INFO] Routing pad 'SW24:1' at (250440434, 59990998) with pad 'SW39:1' at (257807833, 78192793) using coordinate system rotated by 352.0 degree(s)
13:37:48: [INFO] Adding track segment (F.Cu): [(250440434, 59990998), (252428868, 74139452)]
13:37:48: [INFO] Adding track segment (F.Cu): [(252428868, 74139452), (257807833, 78192793)]
13:37:48: [INFO] Routing COL2 pads
13:37:48: [INFO] Routing pad 'SW3:1' at (111938758, 34763397) with pad 'SW18:1' at (118719813, 54953628) using coordinate system rotated by 8.0 degree(s)
13:37:48: [INFO] Adding track segment (F.Cu): [(111938758, 34763397), (110613133, 44195701)]
13:37:48: [INFO] Adding track segment (F.Cu): [(110613133, 44195701), (118719813, 54953628)]
13:37:48: [INFO] Routing pad 'SW18:1' at (118719813, 54953628) with pad 'SW33:1' at (120784717, 74481046) using coordinate system rotated by 8.0 degree(s)
13:37:48: [INFO] Adding track segment (F.Cu): [(118719813, 54953628), (116731376, 69102081)]
13:37:48: [INFO] Adding track segment (F.Cu): [(116731376, 69102081), (120784717, 74481046)]
13:37:48: [INFO] Routing pad 'SW33:1' at (120784717, 74481046) with pad 'SW48:1' at (127565773, 94671277) using coordinate system rotated by 8.0 degree(s)
13:37:48: [INFO] Adding track segment (F.Cu): [(120784717, 74481046), (119459092, 83913349)]
13:37:48: [INFO] Adding track segment (F.Cu): [(119459092, 83913349), (127565773, 94671277)]
13:37:48: [INFO] Routing pad 'SW48:1' at (127565773, 94671277) with pad 'SW62:1' at (136704905, 115192913) using coordinate system rotated by 8.0 degree(s)
13:37:48: [INFO] Adding track segment (F.Cu): [(127565773, 94671277), (126571554, 101745501)]
13:37:48: [INFO] Adding track segment (F.Cu): [(126571554, 101745501), (136704905, 115192913)]
13:37:48: [INFO] Routing ROW1 pads
13:37:48: [INFO] Routing pad 'D16:1' at (83566000, 62550000) with pad 'D17:1' at (107378500, 62550000) using coordinate system rotated by 0 degree(s)
13:37:48: [INFO] Adding track segment (B.Cu): [(83566000, 62550000), (107378500, 62550000)]
13:37:48: [WARNING] Could not route pads when parent footprints not rotated the same, footprint1: D17 at 90.0 degree(s) and footprint2: D18 at 82.0 degree(s)
13:37:48: [INFO] Routing pad 'D18:1' at (126418262, 64053604) with pad 'D19:1' at (145282869, 66704851) using coordinate system rotated by 278.0 degree(s)
13:37:48: [INFO] Adding track segment (B.Cu): [(126418262, 64053604), (145282867, 66704851)]
13:37:49: [INFO] Adding track segment (B.Cu): [(145282867, 66704851), (145282869, 66704851)]
13:37:49: [INFO] Routing pad 'D19:1' at (145282869, 66704851) with pad 'D20:1' at (164147476, 69356099) using coordinate system rotated by 278.0 degree(s)
13:37:49: [INFO] Adding track segment (B.Cu): [(145282869, 66704851), (164147475, 69356097)]
13:37:49: [INFO] Adding track segment (B.Cu): [(164147475, 69356097), (164147476, 69356099)]
13:37:49: [INFO] Routing pad 'D20:1' at (164147476, 69356099) with pad 'D21:1' at (183012082, 72007346) using coordinate system rotated by 278.0 degree(s)
13:37:49: [INFO] Adding track segment (B.Cu): [(164147476, 69356099), (183012081, 72007345)]
13:37:49: [INFO] Adding track segment (B.Cu): [(183012081, 72007345), (183012082, 72007346)]
13:37:49: [WARNING] Could not route pads when parent footprints not rotated the same, footprint1: D21 at 82.0 degree(s) and footprint2: D22 at 98.0 degree(s)
13:37:49: [INFO] Routing pad 'D22:1' at (222619737, 71918971) with pad 'D23:1' at (241484344, 69267724) using coordinate system rotated by 262.0 degree(s)
13:37:49: [INFO] Adding track segment (B.Cu): [(222619737, 71918971), (241484342, 69267722)]
13:37:49: [INFO] Adding track segment (B.Cu): [(241484342, 69267722), (241484344, 69267724)]
13:37:49: [INFO] Routing pad 'D23:1' at (241484344, 69267724) with pad 'D24:1' at (260348951, 66616476) using coordinate system rotated by 262.0 degree(s)
13:37:49: [INFO] Adding track segment (B.Cu): [(241484344, 69267724), (260348949, 66616476)]
13:37:49: [INFO] Adding track segment (B.Cu): [(260348949, 66616476), (260348951, 66616476)]
13:37:49: [INFO] Routing pad 'D24:1' at (260348951, 66616476) with pad 'D25:1' at (279213557, 63965228) using coordinate system rotated by 262.0 degree(s)
13:37:49: [INFO] Adding track segment (B.Cu): [(260348951, 66616476), (279213556, 63965227)]
13:37:49: [INFO] Adding track segment (B.Cu): [(279213556, 63965227), (279213557, 63965228)]
13:37:49: [WARNING] Could not route pads when parent footprints not rotated the same, footprint1: D25 at 98.0 degree(s) and footprint2: D26 at 90.0 degree(s)
13:37:49: [INFO] Routing pad 'D26:1' at (298069000, 62550000) with pad 'D27:1' at (317119000, 62550000) using coordinate system rotated by 0 degree(s)
13:37:49: [INFO] Adding track segment (B.Cu): [(298069000, 62550000), (317119000, 62550000)]
13:37:49: [INFO] Routing pad 'D27:1' at (317119000, 62550000) with pad 'D28:1' at (336169000, 62550000) using coordinate system rotated by 0 degree(s)
13:37:49: [INFO] Adding track segment (B.Cu): [(317119000, 62550000), (336169000, 62550000)]
13:37:49: [INFO] Routing pad 'D28:1' at (336169000, 62550000) with pad 'D29:1' at (359981500, 62550000) using coordinate system rotated by 0 degree(s)
13:37:49: [INFO] Adding track segment (B.Cu): [(336169000, 62550000), (359981500, 62550000)]
13:37:49: [INFO] Routing pad 'D29:1' at (359981500, 62550000) with pad 'D30:1' at (388556500, 62550000) using coordinate system rotated by 0 degree(s)
13:37:49: [INFO] Adding track segment (B.Cu): [(359981500, 62550000), (388556500, 62550000)]
13:37:49: [INFO] Routing ROW4 pads
13:37:49: [INFO] Routing pad 'D60:1' at (78517750, 119700000) with pad 'D61:1' at (102330250, 119700000) using coordinate system rotated by 0 degree(s)
13:37:49: [INFO] Adding track segment (B.Cu): [(78517750, 119700000), (102330250, 119700000)]
13:37:49: [WARNING] Could not route pads when parent footprints not rotated the same, footprint1: D61 at 90.0 degree(s) and footprint2: D62 at 82.0 degree(s)
13:37:49: [INFO] Routing pad 'D62:1' at (144403354, 124292889) with pad 'D63:1' at (177416416, 128932572) using coordinate system rotated by 278.0 degree(s)
13:37:49: [INFO] Adding track segment (B.Cu): [(144403354, 124292889), (177416415, 128932571)]
13:37:49: [INFO] Adding track segment (B.Cu): [(177416415, 128932571), (177416416, 128932572)]
13:37:49: [WARNING] Could not route pads when parent footprints not rotated the same, footprint1: D63 at 82.0 degree(s) and footprint2: D64 at 98.0 degree(s)
13:37:49: [INFO] Routing pad 'D64:1' at (242363859, 126855762) with pad 'D65:1' at (280093072, 121553266) using coordinate system rotated by 262.0 degree(s)
13:37:49: [INFO] Adding track segment (B.Cu): [(242363859, 126855762), (280093070, 121553266)]
13:37:49: [INFO] Adding track segment (B.Cu): [(280093070, 121553266), (280093072, 121553266)]
13:37:49: [WARNING] Could not route pads when parent footprints not rotated the same, footprint1: D65 at 98.0 degree(s) and footprint2: D66 at 90.0 degree(s)
13:37:49: [INFO] Routing pad 'D66:1' at (330358750, 119700000) with pad 'D67:1' at (356552500, 124462500) using coordinate system rotated by 0 degree(s)
13:37:49: [INFO] Adding track segment (B.Cu): [(330358750, 119700000), (335121250, 124462500)]
13:37:49: [INFO] Adding track segment (B.Cu): [(335121250, 124462500), (356552500, 124462500)]
13:37:49: [INFO] Routing pad 'D67:1' at (356552500, 124462500) with pad 'D68:1' at (375602500, 124462500) using coordinate system rotated by 0 degree(s)
13:37:49: [INFO] Adding track segment (B.Cu): [(356552500, 124462500), (375602500, 124462500)]
13:37:49: [INFO] Routing pad 'D68:1' at (375602500, 124462500) with pad 'D69:1' at (394652500, 124462500) using coordinate system rotated by 0 degree(s)
13:37:49: [INFO] Adding track segment (B.Cu): [(375602500, 124462500), (394652500, 124462500)]
13:37:49: [INFO] Routing ROW0 pads
13:37:49: [INFO] Routing pad 'D1:1' at (81280000, 43500000) with pad 'D2:1' at (100330000, 43500000) using coordinate system rotated by 0 degree(s)
13:37:49: [INFO] Adding track segment (B.Cu): [(81280000, 43500000), (100330000, 43500000)]
13:37:49: [WARNING] Could not route pads when parent footprints not rotated the same, footprint1: D2 at 90.0 degree(s) and footprint2: D3 at 82.0 degree(s)
13:37:49: [INFO] Routing pad 'D3:1' at (119637207, 43863373) with pad 'D4:1' at (138501813, 46514621) using coordinate system rotated by 278.0 degree(s)
13:37:49: [INFO] Adding track segment (B.Cu): [(119637207, 43863373), (138501811, 46514619)]
13:37:49: [INFO] Adding track segment (B.Cu): [(138501811, 46514619), (138501813, 46514621)]
13:37:49: [INFO] Routing pad 'D4:1' at (138501813, 46514621) with pad 'D5:1' at (157366420, 49165868) using coordinate system rotated by 278.0 degree(s)
13:37:49: [INFO] Adding track segment (B.Cu): [(138501813, 46514621), (157366418, 49165868)]
13:37:49: [INFO] Adding track segment (B.Cu): [(157366418, 49165868), (157366420, 49165868)]
13:37:49: [INFO] Routing pad 'D5:1' at (157366420, 49165868) with pad 'D6:1' at (176231027, 51817116) using coordinate system rotated by 278.0 degree(s)
13:37:49: [INFO] Adding track segment (B.Cu): [(157366420, 49165868), (176231026, 51817115)]
13:37:49: [INFO] Adding track segment (B.Cu): [(176231026, 51817115), (176231027, 51817116)]
13:37:49: [INFO] Routing pad 'D6:1' at (176231027, 51817116) with pad 'D7:1' at (195095633, 54468363) using coordinate system rotated by 278.0 degree(s)
13:37:49: [INFO] Adding track segment (B.Cu): [(176231027, 51817116), (195095632, 54468362)]
13:37:49: [INFO] Adding track segment (B.Cu): [(195095632, 54468362), (195095633, 54468363)]
13:37:49: [WARNING] Could not route pads when parent footprints not rotated the same, footprint1: D7 at 82.0 degree(s) and footprint2: D8 at 98.0 degree(s)
13:37:49: [INFO] Routing pad 'D8:1' at (229400793, 51728741) with pad 'D9:1' at (248265400, 49077493) using coordinate system rotated by 262.0 degree(s)
13:37:49: [INFO] Adding track segment (B.Cu): [(229400793, 51728741), (248265398, 49077493)]
13:37:49: [INFO] Adding track segment (B.Cu): [(248265398, 49077493), (248265400, 49077493)]
13:37:49: [INFO] Routing pad 'D9:1' at (248265400, 49077493) with pad 'D10:1' at (267130006, 46426246) using coordinate system rotated by 262.0 degree(s)
13:37:49: [INFO] Adding track segment (B.Cu): [(248265400, 49077493), (267130004, 46426244)]
13:37:49: [INFO] Adding track segment (B.Cu): [(267130004, 46426244), (267130006, 46426246)]
13:37:49: [INFO] Routing pad 'D10:1' at (267130006, 46426246) with pad 'D11:1' at (285994613, 43774998) using coordinate system rotated by 262.0 degree(s)
13:37:49: [INFO] Adding track segment (B.Cu): [(267130006, 46426246), (285994611, 43774998)]
13:37:49: [INFO] Adding track segment (B.Cu): [(285994611, 43774998), (285994613, 43774998)]
13:37:49: [WARNING] Could not route pads when parent footprints not rotated the same, footprint1: D11 at 98.0 degree(s) and footprint2: D12 at 90.0 degree(s)
13:37:49: [INFO] Routing pad 'D12:1' at (305308000, 43500000) with pad 'D13:1' at (324358000, 43500000) using coordinate system rotated by 0 degree(s)
13:37:49: [INFO] Adding track segment (B.Cu): [(305308000, 43500000), (324358000, 43500000)]
13:37:49: [INFO] Routing pad 'D13:1' at (324358000, 43500000) with pad 'D14:1' at (352933000, 43500000) using coordinate system rotated by 0 degree(s)
13:37:49: [INFO] Adding track segment (B.Cu): [(324358000, 43500000), (352933000, 43500000)]
13:37:49: [INFO] Routing pad 'D14:1' at (352933000, 43500000) with pad 'D15:1' at (386270500, 43500000) using coordinate system rotated by 0 degree(s)
13:37:49: [INFO] Adding track segment (B.Cu): [(352933000, 43500000), (386270500, 43500000)]
13:37:49: [INFO] Could not add track segment due to detected collision
13:37:49: [INFO] Routing COL6 pads
13:37:49: [WARNING] Could not route pads when parent footprints not rotated the same, footprint1: SW7 at -8.0 degree(s) and footprint2: SW22 at 8.0 degree(s)
13:37:49: [INFO] Routing pad 'SW37:1' at (220078619, 83495288) with pad 'SW52:1' at (213297564, 103685518) using coordinate system rotated by 352.0 degree(s)
13:37:49: [INFO] Adding track segment (F.Cu): [(220078619, 83495288), (221404242, 92927592)]
13:37:49: [INFO] Adding track segment (F.Cu): [(221404242, 92927592), (213297564, 103685518)]
13:37:49: [INFO] Routing pad 'SW22:1' at (212711220, 65293493) with pad 'SW37:1' at (220078619, 83495288) using coordinate system rotated by 352.0 degree(s)
13:37:49: [INFO] Adding track segment (F.Cu): [(212711220, 65293493), (214699655, 79441948)]
13:37:49: [INFO] Adding track segment (F.Cu): [(214699655, 79441948), (220078619, 83495288)]
13:37:49: [INFO] Routing COL13 pads
13:37:49: [INFO] Routing pad 'SW14a:1' at (334518000, 35560000) with pad 'SW14:1' at (344043000, 35560000) using coordinate system rotated by 0 degree(s)
13:37:49: [INFO] Adding track segment (F.Cu): [(334518000, 35560000), (344043000, 35560000)]
13:37:49: [INFO] Routing pad 'SW29:1' at (351091500, 54610000) with pad 'SW44:1' at (346995750, 73660000) using coordinate system rotated by 0 degree(s)
13:37:49: [INFO] Adding track segment (F.Cu): [(351091500, 54610000), (351091500, 69564250)]
13:37:49: [INFO] Adding track segment (F.Cu): [(351091500, 69564250), (346995750, 73660000)]
13:37:49: [INFO] Routing pad 'SW14:1' at (344043000, 35560000) with pad 'SW29:1' at (351091500, 54610000) using coordinate system rotated by 0 degree(s)
13:37:49: [INFO] Routing pad 'SW44:1' at (346995750, 73660000) with pad 'SW59:1' at (366712500, 97472500) using coordinate system rotated by 0 degree(s)
13:37:49: [INFO] Adding track segment (F.Cu): [(346995750, 73660000), (346995750, 77755750)]
13:37:49: [INFO] Adding track segment (F.Cu): [(346995750, 77755750), (366712500, 97472500)]
13:37:49: [INFO] Routing pad 'SW59:1' at (366712500, 97472500) with pad 'SW68:1' at (366712500, 116522500) using coordinate system rotated by 0 degree(s)
13:37:49: [INFO] Adding track segment (F.Cu): [(366712500, 97472500), (366712500, 116522500)]
13:37:49: [INFO] Routing ROW2 pads
13:37:49: [INFO] Routing pad 'D31:1' at (83280250, 81600000) with pad 'D32:1' at (109474000, 81600000) using coordinate system rotated by 0 degree(s)
13:37:49: [INFO] Adding track segment (B.Cu): [(83280250, 81600000), (109474000, 81600000)]
13:37:49: [WARNING] Could not route pads when parent footprints not rotated the same, footprint1: D32 at 90.0 degree(s) and footprint2: D33 at 82.0 degree(s)
13:37:49: [INFO] Routing pad 'D33:1' at (128483166, 83581022) with pad 'D34:1' at (147347773, 86232270) using coordinate system rotated by 278.0 degree(s)
13:37:49: [INFO] Adding track segment (B.Cu): [(128483166, 83581022), (147347773, 86232269)]
13:37:49: [INFO] Adding track segment (B.Cu): [(147347773, 86232269), (147347773, 86232270)]
13:37:49: [INFO] Routing pad 'D34:1' at (147347773, 86232270) with pad 'D35:1' at (166212380, 88883517) using coordinate system rotated by 278.0 degree(s)
13:37:49: [INFO] Adding track segment (B.Cu): [(147347773, 86232270), (166212379, 88883516)]
13:37:49: [INFO] Adding track segment (B.Cu): [(166212379, 88883516), (166212380, 88883517)]
13:37:49: [INFO] Routing pad 'D35:1' at (166212380, 88883517) with pad 'D36:1' at (185076987, 91534765) using coordinate system rotated by 278.0 degree(s)
13:37:49: [INFO] Adding track segment (B.Cu): [(166212380, 88883517), (185076986, 91534764)]
13:37:49: [INFO] Adding track segment (B.Cu): [(185076986, 91534764), (185076987, 91534765)]
13:37:49: [WARNING] Could not route pads when parent footprints not rotated the same, footprint1: D36 at 82.0 degree(s) and footprint2: D37 at 98.0 degree(s)
13:37:49: [INFO] Routing pad 'D37:1' at (229987136, 90120766) with pad 'D38:1' at (248851743, 87469518) using coordinate system rotated by 262.0 degree(s)
13:37:49: [INFO] Adding track segment (B.Cu): [(229987136, 90120766), (248851742, 87469517)]
13:37:49: [INFO] Adding track segment (B.Cu): [(248851742, 87469517), (248851743, 87469518)]
13:37:49: [INFO] Routing pad 'D38:1' at (248851743, 87469518) with pad 'D39:1' at (267716350, 84818271) using coordinate system rotated by 262.0 degree(s)
13:37:49: [INFO] Adding track segment (B.Cu): [(248851743, 87469518), (267716348, 84818270)]
13:37:49: [INFO] Adding track segment (B.Cu): [(267716348, 84818270), (267716350, 84818271)]
13:37:49: [INFO] Routing pad 'D39:1' at (267716350, 84818271) with pad 'D40:1' at (286580957, 82167023) using coordinate system rotated by 262.0 degree(s)
13:37:49: [INFO] Adding track segment (B.Cu): [(267716350, 84818271), (286580955, 82167023)]
13:37:49: [INFO] Adding track segment (B.Cu): [(286580955, 82167023), (286580957, 82167023)]
13:37:49: [WARNING] Could not route pads when parent footprints not rotated the same, footprint1: D40 at 98.0 degree(s) and footprint2: D41 at 90.0 degree(s)
13:37:49: [INFO] Routing pad 'D41:1' at (305879500, 81600000) with pad 'D42:1' at (324929500, 81600000) using coordinate system rotated by 0 degree(s)
13:37:49: [INFO] Adding track segment (B.Cu): [(305879500, 81600000), (324929500, 81600000)]
13:37:49: [INFO] Routing pad 'D42:1' at (324929500, 81600000) with pad 'D44:1' at (355885750, 81600000) using coordinate system rotated by 0 degree(s)
13:37:49: [INFO] Adding track segment (B.Cu): [(324929500, 81600000), (355885750, 81600000)]
13:37:49: [INFO] Routing pad 'D44:1' at (355885750, 81600000) with pad 'D43:1' at (362458000, 43500000) using coordinate system rotated by 0 degree(s)
13:37:49: [INFO] Routing pad 'D44:1' at (355885750, 81600000) with pad 'D45:1' at (391604500, 81600000) using coordinate system rotated by 0 degree(s)
13:37:49: [INFO] Adding track segment (B.Cu): [(355885750, 81600000), (391604500, 81600000)]
13:37:49: [INFO] Routing COL1 pads
13:37:49: [INFO] Routing pad 'SW47:1' at (107251500, 92710000) with pad 'SW61:1' at (93440250, 111760000) using coordinate system rotated by 0 degree(s)
13:37:49: [INFO] Adding track segment (F.Cu): [(107251500, 92710000), (107251500, 97948750)]
13:37:49: [INFO] Adding track segment (F.Cu): [(107251500, 97948750), (93440250, 111760000)]
13:37:49: [INFO] Routing pad 'SW2:1' at (91440000, 35560000) with pad 'SW17:1' at (98488500, 54610000) using coordinate system rotated by 0 degree(s)
13:37:49: [INFO] Adding track segment (F.Cu): [(91440000, 35560000), (91440000, 47561500)]
13:37:49: [INFO] Adding track segment (F.Cu): [(91440000, 47561500), (98488500, 54610000)]
13:37:49: [INFO] Routing pad 'SW17:1' at (98488500, 54610000) with pad 'SW32:1' at (100584000, 73660000) using coordinate system rotated by 0 degree(s)
13:37:49: [INFO] Adding track segment (F.Cu): [(98488500, 54610000), (98488500, 71564500)]
13:37:49: [INFO] Adding track segment (F.Cu): [(98488500, 71564500), (100584000, 73660000)]
13:37:49: [INFO] Routing pad 'SW32:1' at (100584000, 73660000) with pad 'SW47:1' at (107251500, 92710000) using coordinate system rotated by 0 degree(s)
13:37:49: [INFO] Adding track segment (F.Cu): [(100584000, 73660000), (100584000, 86042500)]
13:37:49: [INFO] Adding track segment (F.Cu): [(100584000, 86042500), (107251500, 92710000)]
13:37:49: [INFO] Routing ROW3 pads
13:37:49: [INFO] Routing pad 'D46:1' at (85185250, 100650000) with pad 'D47:1' at (116141500, 100650000) using coordinate system rotated by 0 degree(s)
13:37:49: [INFO] Adding track segment (B.Cu): [(85185250, 100650000), (116141500, 100650000)]
13:37:49: [WARNING] Could not route pads when parent footprints not rotated the same, footprint1: D47 at 90.0 degree(s) and footprint2: D48 at 82.0 degree(s)
13:37:49: [INFO] Routing pad 'D48:1' at (135264222, 103771253) with pad 'D49:1' at (154128829, 106422500) using coordinate system rotated by 278.0 degree(s)
13:37:49: [INFO] Adding track segment (B.Cu): [(135264222, 103771253), (154128827, 106422500)]
13:37:49: [INFO] Adding track segment (B.Cu): [(154128827, 106422500), (154128829, 106422500)]
13:37:49: [INFO] Routing pad 'D49:1' at (154128829, 106422500) with pad 'D50:1' at (172993436, 109073748) using coordinate system rotated by 278.0 degree(s)
13:37:49: [INFO] Adding track segment (B.Cu): [(154128829, 106422500), (172993435, 109073747)]
13:37:49: [INFO] Adding track segment (B.Cu): [(172993435, 109073747), (172993436, 109073748)]
13:37:49: [INFO] Routing pad 'D50:1' at (172993436, 109073748) with pad 'D51:1' at (191858042, 111724995) using coordinate system rotated by 278.0 degree(s)
13:37:49: [INFO] Adding track segment (B.Cu): [(172993436, 109073748), (191858041, 111724994)]
13:37:49: [INFO] Adding track segment (B.Cu): [(191858041, 111724994), (191858042, 111724995)]
13:37:49: [WARNING] Could not route pads when parent footprints not rotated the same, footprint1: D51 at 82.0 degree(s) and footprint2: D52 at 98.0 degree(s)
13:37:49: [INFO] Routing pad 'D52:1' at (223206081, 110310996) with pad 'D53:1' at (242070687, 107659749) using coordinate system rotated by 262.0 degree(s)
13:37:49: [INFO] Adding track segment (B.Cu): [(223206081, 110310996), (242070686, 107659748)]
13:37:49: [INFO] Adding track segment (B.Cu): [(242070686, 107659748), (242070687, 107659749)]
13:37:49: [INFO] Routing pad 'D53:1' at (242070687, 107659749) with pad 'D54:1' at (260935294, 105008501) using coordinate system rotated by 262.0 degree(s)
13:37:49: [INFO] Adding track segment (B.Cu): [(242070687, 107659749), (260935292, 105008500)]
13:37:49: [INFO] Adding track segment (B.Cu): [(260935292, 105008500), (260935294, 105008501)]
13:37:49: [INFO] Routing pad 'D54:1' at (260935294, 105008501) with pad 'D55:1' at (279799901, 102357254) using coordinate system rotated by 262.0 degree(s)
13:37:49: [INFO] Adding track segment (B.Cu): [(260935294, 105008501), (279799899, 102357253)]
13:37:49: [INFO] Adding track segment (B.Cu): [(279799899, 102357253), (279799901, 102357254)]
13:37:49: [WARNING] Could not route pads when parent footprints not rotated the same, footprint1: D55 at 98.0 degree(s) and footprint2: D56 at 90.0 degree(s)
13:37:49: [INFO] Routing pad 'D56:1' at (299402500, 100650000) with pad 'D57:1' at (318452500, 100650000) using coordinate system rotated by 0 degree(s)
13:37:49: [INFO] Adding track segment (B.Cu): [(299402500, 100650000), (318452500, 100650000)]
13:37:49: [INFO] Routing pad 'D57:1' at (318452500, 100650000) with pad 'D58:1' at (344646250, 100650000) using coordinate system rotated by 0 degree(s)
13:37:49: [INFO] Adding track segment (B.Cu): [(318452500, 100650000), (344646250, 100650000)]
13:37:49: [INFO] Routing pad 'D58:1' at (344646250, 100650000) with pad 'D59:1' at (375602500, 105412500) using coordinate system rotated by 0 degree(s)
13:37:49: [INFO] Adding track segment (B.Cu): [(344646250, 100650000), (349408750, 105412500)]
13:37:49: [INFO] Adding track segment (B.Cu): [(349408750, 105412500), (375602500, 105412500)]
13:37:49: [INFO] Routing COL5 pads
13:37:49: [INFO] Routing pad 'SW6:1' at (168532578, 42717140) with pad 'SW21:1' at (175313633, 62907370) using coordinate system rotated by 8.0 degree(s)
13:37:49: [INFO] Adding track segment (F.Cu): [(168532578, 42717140), (167206953, 52149443)]
13:37:49: [INFO] Adding track segment (F.Cu): [(167206953, 52149443), (175313633, 62907370)]
13:37:49: [INFO] Routing pad 'SW21:1' at (175313633, 62907370) with pad 'SW36:1' at (177378538, 82434789) using coordinate system rotated by 8.0 degree(s)
13:37:49: [INFO] Adding track segment (F.Cu): [(175313633, 62907370), (173325196, 77055824)]
13:37:49: [INFO] Adding track segment (F.Cu): [(173325196, 77055824), (177378538, 82434789)]
13:37:49: [INFO] Routing pad 'SW36:1' at (177378538, 82434789) with pad 'SW51:1' at (184159593, 102625019) using coordinate system rotated by 8.0 degree(s)
13:37:49: [INFO] Adding track segment (F.Cu): [(177378538, 82434789), (176052913, 91867092)]
13:37:49: [INFO] Adding track segment (F.Cu): [(176052913, 91867092), (184159593, 102625019)]
13:37:49: [INFO] Routing COL10 pads
13:37:49: [WARNING] Could not route pads when parent footprints not rotated the same, footprint1: SW11 at 8.0 degree(s) and footprint2: SW26 at 0.0 degree(s)
13:37:49: [INFO] Routing pad 'SW41:1' at (296989500, 73660000) with pad 'SW56:1' at (290512500, 92710000) using coordinate system rotated by 0 degree(s)
13:37:49: [INFO] Adding track segment (F.Cu): [(296989500, 73660000), (296989500, 86233000)]
13:37:49: [INFO] Adding track segment (F.Cu): [(296989500, 86233000), (290512500, 92710000)]
13:37:49: [INFO] Routing pad 'SW26:1' at (289179000, 54610000) with pad 'SW41:1' at (296989500, 73660000) using coordinate system rotated by 0 degree(s)
13:37:49: [INFO] Adding track segment (F.Cu): [(289179000, 54610000), (289179000, 65849500)]
13:37:49: [INFO] Adding track segment (F.Cu): [(289179000, 65849500), (296989500, 73660000)]
13:37:50: [INFO] Routing COL11 pads
13:37:50: [INFO] Routing pad 'SW12:1' at (296418000, 35560000) with pad 'SW27:1' at (308229000, 54610000) using coordinate system rotated by 0 degree(s)
13:37:50: [INFO] Adding track segment (F.Cu): [(296418000, 35560000), (296418000, 42799000)]
13:37:50: [INFO] Adding track segment (F.Cu): [(296418000, 42799000), (308229000, 54610000)]
13:37:50: [INFO] Routing pad 'SW42:1' at (316039500, 73660000) with pad 'SW57:1' at (309562500, 92710000) using coordinate system rotated by 0 degree(s)
13:37:50: [INFO] Adding track segment (F.Cu): [(316039500, 73660000), (316039500, 86233000)]
13:37:50: [INFO] Adding track segment (F.Cu): [(316039500, 86233000), (309562500, 92710000)]
13:37:50: [INFO] Routing pad 'SW27:1' at (308229000, 54610000) with pad 'SW42:1' at (316039500, 73660000) using coordinate system rotated by 0 degree(s)
13:37:50: [INFO] Adding track segment (F.Cu): [(308229000, 54610000), (308229000, 65849500)]
13:37:50: [INFO] Adding track segment (F.Cu): [(308229000, 65849500), (316039500, 73660000)]
13:37:50: [INFO] Routing pad 'SW57:1' at (309562500, 92710000) with pad 'SW66:1' at (321468750, 111760000) using coordinate system rotated by 0 degree(s)
13:37:50: [INFO] Adding track segment (F.Cu): [(309562500, 92710000), (309562500, 99853750)]
13:37:50: [INFO] Adding track segment (F.Cu): [(309562500, 99853750), (321468750, 111760000)]
13:37:50: [INFO] Routing COL14 pads
13:37:50: [INFO] Routing pad 'SW15:1' at (377380500, 35560000) with pad 'SW30:1' at (379666500, 54610000) using coordinate system rotated by 0 degree(s)
13:37:50: [INFO] Adding track segment (F.Cu): [(377380500, 35560000), (377380500, 52324000)]
13:37:50: [INFO] Adding track segment (F.Cu): [(377380500, 52324000), (379666500, 54610000)]
13:37:50: [INFO] Routing pad 'SW30:1' at (379666500, 54610000) with pad 'SW45:1' at (382714500, 73660000) using coordinate system rotated by 0 degree(s)
13:37:50: [INFO] Adding track segment (F.Cu): [(379666500, 54610000), (379666500, 70612000)]
13:37:50: [INFO] Adding track segment (F.Cu): [(379666500, 70612000), (382714500, 73660000)]
13:37:50: [INFO] Routing pad 'SW45:1' at (382714500, 73660000) with pad 'SW69:1' at (385762500, 116522500) using coordinate system rotated by 0 degree(s)
13:37:50: [INFO] Adding track segment (F.Cu): [(382714500, 73660000), (382714500, 113474500)]
13:37:50: [INFO] Adding track segment (F.Cu): [(382714500, 113474500), (385762500, 116522500)]
13:37:50: [INFO] Routing COL7 pads
13:37:50: [INFO] Routing pad 'SW8:1' at (219492276, 45103263) with pad 'SW23:1' at (231575827, 62642246) using coordinate system rotated by 352.0 degree(s)
13:37:50: [INFO] Adding track segment (F.Cu): [(219492276, 45103263), (220817899, 54535565)]
13:37:50: [INFO] Adding track segment (F.Cu): [(220817899, 54535565), (231575827, 62642246)]
13:37:50: [INFO] Routing pad 'SW38:1' at (238943226, 80844040) with pad 'SW53:1' at (232162170, 101034271) using coordinate system rotated by 352.0 degree(s)
13:37:50: [INFO] Adding track segment (F.Cu): [(238943226, 80844040), (240268849, 90276342)]
13:37:50: [INFO] Adding track segment (F.Cu): [(240268849, 90276342), (232162170, 101034271)]
13:37:50: [INFO] Routing pad 'SW53:1' at (232162170, 101034271) with pad 'SW64:1' at (232455342, 120230284) using coordinate system rotated by 352.0 degree(s)
13:37:50: [INFO] Adding track segment (F.Cu): [(232162170, 101034271), (234482010, 117540802)]
13:37:50: [INFO] Adding track segment (F.Cu): [(234482010, 117540802), (232455342, 120230284)]
13:37:50: [INFO] Routing pad 'SW23:1' at (231575827, 62642246) with pad 'SW38:1' at (238943226, 80844040) using coordinate system rotated by 352.0 degree(s)
13:37:50: [INFO] Adding track segment (F.Cu): [(231575827, 62642246), (233564262, 76790700)]
13:37:50: [INFO] Adding track segment (F.Cu): [(233564262, 76790700), (238943226, 80844040)]
13:37:50: [INFO] Routing COL0 pads
13:37:50: [INFO] Routing pad 'SW16:1' at (74676000, 54610000) with pad 'SW1:1' at (72390000, 35560000) using coordinate system rotated by 0 degree(s)
13:37:50: [INFO] Adding track segment (F.Cu): [(74676000, 54610000), (72390000, 52324000)]
13:37:50: [INFO] Adding track segment (F.Cu): [(72390000, 52324000), (72390000, 35560000)]
13:37:50: [INFO] Routing pad 'SW46:1' at (76295250, 92710000) with pad 'SW31:1' at (74390250, 73660000) using coordinate system rotated by 0 degree(s)
13:37:50: [INFO] Adding track segment (F.Cu): [(76295250, 92710000), (74390250, 90805000)]
13:37:50: [INFO] Adding track segment (F.Cu): [(74390250, 90805000), (74390250, 73660000)]
13:37:50: [INFO] Routing pad 'SW31:1' at (74390250, 73660000) with pad 'SW16:1' at (74676000, 54610000) using coordinate system rotated by 0 degree(s)
13:37:50: [INFO] Adding track segment (F.Cu): [(74390250, 73660000), (74390250, 54895750)]
13:37:50: [INFO] Adding track segment (F.Cu): [(74390250, 54895750), (74676000, 54610000)]
13:37:50: [INFO] Routing pad 'SW60:1' at (69627750, 111760000) with pad 'SW46:1' at (76295250, 92710000) using coordinate system rotated by 0 degree(s)
13:37:50: [INFO] Adding track segment (F.Cu): [(69627750, 111760000), (76295250, 105092500)]
13:37:50: [INFO] Adding track segment (F.Cu): [(76295250, 105092500), (76295250, 92710000)]
13:37:50: [INFO] Routing COL3 pads
13:37:50: [INFO] Routing pad 'SW4:1' at (130803364, 37414645) with pad 'SW19:1' at (137584420, 57604875) using coordinate system rotated by 8.0 degree(s)
13:37:50: [INFO] Adding track segment (F.Cu): [(130803364, 37414645), (129477739, 46846946)]
13:37:50: [INFO] Adding track segment (F.Cu): [(129477739, 46846946), (137584420, 57604875)]
13:37:50: [INFO] Routing pad 'SW19:1' at (137584420, 57604875) with pad 'SW34:1' at (139649324, 77132294) using coordinate system rotated by 8.0 degree(s)
13:37:50: [INFO] Adding track segment (F.Cu): [(137584420, 57604875), (135595983, 71753329)]
13:37:50: [INFO] Adding track segment (F.Cu): [(135595983, 71753329), (139649324, 77132294)]
13:37:50: [INFO] Routing pad 'SW34:1' at (139649324, 77132294) with pad 'SW49:1' at (146430380, 97322524) using coordinate system rotated by 8.0 degree(s)
13:37:50: [INFO] Adding track segment (F.Cu): [(139649324, 77132294), (138323699, 86564594)]
13:37:50: [INFO] Adding track segment (F.Cu): [(138323699, 86564594), (146430380, 97322524)]
13:37:50: [INFO] Routing COL9 pads
13:37:50: [INFO] Routing pad 'SW10:1' at (257221489, 39800768) with pad 'SW25:1' at (269305040, 57339750) using coordinate system rotated by 352.0 degree(s)
13:37:50: [INFO] Adding track segment (F.Cu): [(257221489, 39800768), (258547111, 49233069)]
13:37:50: [INFO] Adding track segment (F.Cu): [(258547111, 49233069), (269305040, 57339750)]
13:37:50: [INFO] Routing pad 'SW40:1' at (276672440, 75541545) with pad 'SW55:1' at (269891384, 95731776) using coordinate system rotated by 352.0 degree(s)
13:37:50: [INFO] Adding track segment (F.Cu): [(276672440, 75541545), (277998062, 84973848)]
13:37:50: [INFO] Adding track segment (F.Cu): [(277998062, 84973848), (269891384, 95731776)]
13:37:50: [INFO] Routing pad 'SW55:1' at (269891384, 95731776) with pad 'SW65:1' at (270184555, 114927788) using coordinate system rotated by 352.0 degree(s)
13:37:50: [INFO] Adding track segment (F.Cu): [(269891384, 95731776), (272211224, 112238305)]
13:37:50: [INFO] Adding track segment (F.Cu): [(272211224, 112238305), (270184555, 114927788)]
13:37:50: [INFO] Routing pad 'SW25:1' at (269305040, 57339750) with pad 'SW40:1' at (276672440, 75541545) using coordinate system rotated by 352.0 degree(s)
13:37:50: [INFO] Adding track segment (F.Cu): [(269305040, 57339750), (271293475, 71488205)]
13:37:50: [INFO] Adding track segment (F.Cu): [(271293475, 71488205), (276672440, 75541545)]
13:37:50: [INFO] Routing COL12 pads
13:37:50: [INFO] Routing pad 'SW13:1' at (315468000, 35560000) with pad 'SW28:1' at (327279000, 54610000) using coordinate system rotated by 0 degree(s)
13:37:50: [INFO] Adding track segment (F.Cu): [(315468000, 35560000), (315468000, 42799000)]
13:37:50: [INFO] Adding track segment (F.Cu): [(315468000, 42799000), (327279000, 54610000)]
13:37:50: [INFO] Routing pad 'SW28:1' at (327279000, 54610000) with pad 'SW58:1' at (335756250, 92710000) using coordinate system rotated by 0 degree(s)
13:37:50: [INFO] Adding track segment (F.Cu): [(327279000, 54610000), (327279000, 84232750)]
13:37:50: [INFO] Adding track segment (F.Cu): [(327279000, 84232750), (335756250, 92710000)]
13:37:50: [INFO] Routing pad 'SW58:1' at (335756250, 92710000) with pad 'SW67:1' at (347662500, 116522500) using coordinate system rotated by 0 degree(s)
13:37:50: [INFO] Adding track segment (F.Cu): [(335756250, 92710000), (335756250, 104616250)]
13:37:50: [INFO] Adding track segment (F.Cu): [(335756250, 104616250), (347662500, 116522500)]
13:37:50: [INFO] Routing pad 'SW28:1' at (327279000, 54610000) with pad 'SW43:1' at (353568000, 35560000) using coordinate system rotated by 0 degree(s)
13:37:50: [INFO] Removing dangling tracks
