=== kbplacer.kle_serial ===
=== layout2image.py ===
=== kbplacer ===
14:41:48: [INFO] User layout: https://editor.keyboard-tools.xyz/#share=NrDeCIA9wLgAgAwDoCsAaO4DGtMGIBDI48AXw3ATQEZwBdNAKDHAE9dl1Md5w8B2QULIVqaBOFE16TYOABM4yZkW06dIA
14:41:48: [INFO] Labels prefixes: for rows: 'ROW', for columns: 'COL'
14:41:48: [INFO] Matrix size: 2x1
14:41:48: [INFO] Add COL0 net
14:41:48: [INFO] Add COL1 net
14:41:48: [INFO] Add Net-(D1-A) net
14:41:48: [INFO] Add Net-(D2-A) net
14:41:48: [INFO] Add Net-(D3-A) net
14:41:48: [INFO] Add Net-(D4-A) net
14:41:48: [INFO] Add Net-(D5-A) net
14:41:48: [INFO] Add ROW0 net
14:41:48: [INFO] Add ROW1 net
14:41:48: [INFO] Add ROW2 net
14:41:48: [INFO] Add SW1 footprint
14:41:49: [INFO] Add D1 footprint
14:41:49: [INFO] Add SW2 footprint
14:41:49: [INFO] Add D2 footprint
14:41:49: [INFO] Add SW3 footprint
14:41:49: [INFO] Add D3 footprint
14:41:49: [INFO] Add SW4 footprint
14:41:49: [INFO] Add D4 footprint
14:41:49: [INFO] Add SW5 footprint
14:41:49: [INFO] Add D5 footprint
14:41:49: [INFO] Detected layout convertible to matrix annotated keyboard
14:41:49: [INFO] Using key 1U distance: (19.05, 19.05) mm
14:41:49: [INFO] Layout offset: (38100000, 28575000)
14:41:49: [INFO] Diode info: [ElementInfo(annotation_format='D{}', position_option=<PositionOption.CUSTOM: 'Custom'>, position=ElementPosition(x=5.08, y=4.0, orientation=90.0, side=<Side.BACK: 'Back'>), template_path='', start_index=-1)]
14:41:49: [INFO] Placing additional elements for SW5
14:41:49: [INFO] Placing additional elements for SW4
14:41:49: [INFO] Placing additional elements for SW3
14:41:49: [INFO] Placing additional elements for SW2
14:41:49: [INFO] Placing additional elements for SW1
14:41:49: [INFO] Routing SW5 with D5
14:41:49: [INFO] Using internal autorouter method
14:41:49: [INFO] Routing pad 'SW5:2' at (69215000, 80645000) with pad 'D5:2' at (71755000, 88325000) using coordinate system rotated by 0 degree(s)
14:41:49: [INFO] Adding track segment (B.Cu): [(69215000, 80645000), (69215000, 85785000)]
14:41:49: [INFO] Adding track segment (B.Cu): [(69215000, 85785000), (71755000, 88325000)]
14:41:49: [INFO] Routing SW4 with D4
14:41:49: [INFO] Using internal autorouter method
14:41:49: [INFO] Routing pad 'SW4:2' at (50165000, 80645000) with pad 'D4:2' at (52705000, 88325000) using coordinate system rotated by 0 degree(s)
14:41:49: [INFO] Adding track segment (B.Cu): [(50165000, 80645000), (50165000, 85785000)]
14:41:49: [INFO] Adding track segment (B.Cu): [(50165000, 85785000), (52705000, 88325000)]
14:41:49: [INFO] Routing SW3 with D3
14:41:49: [INFO] Using internal autorouter method
14:41:49: [INFO] Routing pad 'SW3:2' at (69215000, 61595000) with pad 'D3:2' at (71755000, 69275000) using coordinate system rotated by 0 degree(s)
14:41:49: [INFO] Adding track segment (B.Cu): [(69215000, 61595000), (69215000, 66735000)]
14:41:49: [INFO] Adding track segment (B.Cu): [(69215000, 66735000), (71755000, 69275000)]
14:41:49: [INFO] Routing SW2 with D2
14:41:49: [INFO] Using internal autorouter method
14:41:49: [INFO] Routing pad 'SW2:2' at (50165000, 61595000) with pad 'D2:2' at (52705000, 69275000) using coordinate system rotated by 0 degree(s)
14:41:49: [INFO] Adding track segment (B.Cu): [(50165000, 61595000), (50165000, 66735000)]
14:41:49: [INFO] Adding track segment (B.Cu): [(50165000, 66735000), (52705000, 69275000)]
14:41:49: [INFO] Routing SW1 with D1
14:41:49: [INFO] Using internal autorouter method
14:41:49: [INFO] Routing pad 'SW1:2' at (59690000, 33020000) with pad 'D1:2' at (62230000, 40700000) using coordinate system rotated by 0 degree(s)
14:41:49: [INFO] Adding track segment (B.Cu): [(59690000, 33020000), (59690000, 38160000)]
14:41:49: [INFO] Adding track segment (B.Cu): [(59690000, 38160000), (62230000, 40700000)]
14:41:49: [INFO] Routing COL0 pads
14:41:49: [INFO] Routing pad 'SW2:1' at (43815000, 64135000) with pad 'SW4:1' at (43815000, 83185000) using coordinate system rotated by 0 degree(s)
14:41:49: [INFO] Adding track segment (F.Cu): [(43815000, 64135000), (43815000, 83185000)]
14:41:49: [INFO] Routing ROW2 pads
14:41:49: [INFO] Routing pad 'D4:1' at (52705000, 91125000) with pad 'D5:1' at (71755000, 91125000) using coordinate system rotated by 0 degree(s)
14:41:49: [INFO] Adding track segment (B.Cu): [(52705000, 91125000), (71755000, 91125000)]
14:41:49: [INFO] Routing ROW1 pads
14:41:49: [INFO] Routing pad 'D2:1' at (52705000, 72075000) with pad 'D3:1' at (71755000, 72075000) using coordinate system rotated by 0 degree(s)
14:41:49: [INFO] Adding track segment (B.Cu): [(52705000, 72075000), (71755000, 72075000)]
14:41:49: [INFO] Routing COL1 pads
14:41:49: [INFO] Routing pad 'SW1:1' at (53340000, 35560000) with pad 'SW3:1' at (62865000, 64135000) using coordinate system rotated by 0 degree(s)
14:41:49: [INFO] Adding track segment (F.Cu): [(53340000, 35560000), (53340000, 54610000)]
14:41:49: [INFO] Adding track segment (F.Cu): [(53340000, 54610000), (62865000, 64135000)]
14:41:49: [INFO] Routing pad 'SW3:1' at (62865000, 64135000) with pad 'SW5:1' at (62865000, 83185000) using coordinate system rotated by 0 degree(s)
14:41:49: [INFO] Adding track segment (F.Cu): [(62865000, 64135000), (62865000, 83185000)]
14:41:49: [INFO] Routing ROW0 pads
14:41:49: [INFO] Removing dangling tracks
