=== kbplacer.kle_serial ===
=== layout2image.py ===
=== kbplacer ===
13:41:13: [INFO] User layout: https://editor.keyboard-tools.xyz/#share=NrDeCIBNwLgAgC4CcCuBTAvgGjuATFgIwA6AdmWQAxHg4QAesclAdAKw7gDGT4AxAA4AZsOHhsuAiXIzqlWnAZNWeDrh7x+XbTvGc5C8NUKHqeBUvgq14AO5NCLVZwAWTArlvn4jmy+9whJz0AQC01hL4WPIAulgAUGDcvIIiaXqSWHgUsjR04IxW7JEE2TJU0RYFyuycGrh8OrqRQfKcQSbtWeAxMUA
13:41:13: [INFO] Labels prefixes: for rows: 'ROW', for columns: 'COL'
13:41:13: [INFO] Matrix size: 2x2
13:41:13: [INFO] Add COL0 net
13:41:13: [INFO] Add COL1 net
13:41:13: [INFO] Add COL2 net
13:41:13: [INFO] Add Net-(D1-A) net
13:41:13: [INFO] Add Net-(D2-A) net
13:41:13: [INFO] Add Net-(D3-A) net
13:41:13: [INFO] Add Net-(D4-A) net
13:41:13: [INFO] Add Net-(D5-A) net
13:41:13: [INFO] Add Net-(D6-A) net
13:41:13: [INFO] Add Net-(D7-A) net
13:41:13: [INFO] Add Net-(D8-A) net
13:41:13: [INFO] Add Net-(D9-A) net
13:41:13: [INFO] Add ROW0 net
13:41:13: [INFO] Add ROW1 net
13:41:13: [INFO] Add ROW2 net
13:41:13: [INFO] Add SW1 footprint
13:41:13: [INFO] Add D1 footprint
13:41:13: [INFO] Add SW2 footprint
13:41:13: [INFO] Add D2 footprint
13:41:13: [INFO] Add SW3 footprint
13:41:13: [INFO] Add D3 footprint
13:41:13: [INFO] Add SW4 footprint
13:41:13: [INFO] Add D4 footprint
13:41:13: [INFO] Add SW5 footprint
13:41:13: [INFO] Add D5 footprint
13:41:13: [INFO] Add SW6 footprint
13:41:13: [INFO] Add D6 footprint
13:41:13: [INFO] Add SW7 footprint
13:41:13: [INFO] Add D7 footprint
13:41:13: [INFO] Add ST7 footprint
13:41:13: [INFO] Add SW8 footprint
13:41:13: [INFO] Add D8 footprint
13:41:13: [INFO] Add SW9 footprint
13:41:13: [INFO] Add D9 footprint
13:41:13: [INFO] Detected layout convertible to matrix annotated keyboard
13:41:13: [INFO] Using key 1U distance: (19.05, 19.05) mm
13:41:13: [INFO] Layout offset: (38100000, 28575000)
13:41:13: [INFO] Diode info: [ElementInfo(annotation_format='D{}', position_option=<PositionOption.CUSTOM: 'Custom'>, position=ElementPosition(x=5.08, y=4.0, orientation=90.0, side=<Side.BACK: 'Back'>), template_path='', start_index=-1)]
13:41:13: [INFO] Placing additional elements for SW9
13:41:13: [INFO] Placing additional elements for SW8
13:41:13: [INFO] Placing additional elements for SW7
13:41:13: [INFO] Placing additional elements for SW6
13:41:13: [INFO] Placing additional elements for SW5
13:41:13: [INFO] Placing additional elements for SW4
13:41:13: [INFO] Placing additional elements for SW3
13:41:13: [INFO] Placing additional elements for SW2
13:41:13: [INFO] Placing additional elements for SW1
13:41:13: [INFO] Routing SW9 with D9
13:41:13: [INFO] Using internal autorouter method
13:41:13: [INFO] Routing pad 'SW9:2' at (78740000, 52070000) with pad 'D9:2' at (81280000, 59750000) using coordinate system rotated by 0 degree(s)
13:41:13: [INFO] Adding track segment (B.Cu): [(78740000, 52070000), (78740000, 57210000)]
13:41:13: [INFO] Adding track segment (B.Cu): [(78740000, 57210000), (81280000, 59750000)]
13:41:13: [INFO] Routing SW8 with D8
13:41:13: [INFO] Using internal autorouter method
13:41:13: [INFO] Routing pad 'SW8:2' at (78740000, 33020000) with pad 'D8:2' at (81280000, 40700000) using coordinate system rotated by 0 degree(s)
13:41:13: [INFO] Adding track segment (B.Cu): [(78740000, 33020000), (78740000, 38160000)]
13:41:13: [INFO] Adding track segment (B.Cu): [(78740000, 38160000), (81280000, 40700000)]
13:41:13: [INFO] Routing SW7 with D7
13:41:13: [INFO] Using internal autorouter method
13:41:13: [INFO] Routing pad 'SW7:2' at (166846250, 42545000) with pad 'D7:2' at (169386250, 50225000) using coordinate system rotated by 0 degree(s)
13:41:13: [INFO] Adding track segment (B.Cu): [(166846250, 42545000), (166846250, 47685000)]
13:41:13: [INFO] Adding track segment (B.Cu): [(166846250, 47685000), (169386250, 50225000)]
13:41:13: [INFO] Routing SW6 with D6
13:41:13: [INFO] Using internal autorouter method
13:41:13: [INFO] Routing pad 'SW6:2' at (145415000, 52070000) with pad 'D6:2' at (147955000, 59750000) using coordinate system rotated by 0 degree(s)
13:41:13: [INFO] Adding track segment (B.Cu): [(145415000, 52070000), (145415000, 57210000)]
13:41:13: [INFO] Adding track segment (B.Cu): [(145415000, 57210000), (147955000, 59750000)]
13:41:13: [INFO] Routing SW5 with D5
13:41:13: [INFO] Using internal autorouter method
13:41:13: [INFO] Routing pad 'SW5:2' at (126365000, 52070000) with pad 'D5:2' at (128905000, 59750000) using coordinate system rotated by 0 degree(s)
13:41:13: [INFO] Adding track segment (B.Cu): [(126365000, 52070000), (126365000, 57210000)]
13:41:13: [INFO] Adding track segment (B.Cu): [(126365000, 57210000), (128905000, 59750000)]
13:41:13: [INFO] Routing SW4 with D4
13:41:13: [INFO] Using internal autorouter method
13:41:13: [INFO] Routing pad 'SW4:2' at (107315000, 52070000) with pad 'D4:2' at (109855000, 59750000) using coordinate system rotated by 0 degree(s)
13:41:13: [INFO] Adding track segment (B.Cu): [(107315000, 52070000), (107315000, 57210000)]
13:41:13: [INFO] Adding track segment (B.Cu): [(107315000, 57210000), (109855000, 59750000)]
13:41:13: [INFO] Routing SW3 with D3
13:41:13: [INFO] Using internal autorouter method
13:41:13: [INFO] Routing pad 'SW3:2' at (140652500, 33020000) with pad 'D3:2' at (143192500, 40700000) using coordinate system rotated by 0 degree(s)
13:41:13: [INFO] Adding track segment (B.Cu): [(140652500, 33020000), (140652500, 38160000)]
13:41:13: [INFO] Adding track segment (B.Cu): [(140652500, 38160000), (143192500, 40700000)]
13:41:13: [INFO] Routing SW2 with D2
13:41:13: [INFO] Using internal autorouter method
13:41:13: [INFO] Routing pad 'SW2:2' at (121602500, 33020000) with pad 'D2:2' at (124142500, 40700000) using coordinate system rotated by 0 degree(s)
13:41:13: [INFO] Adding track segment (B.Cu): [(121602500, 33020000), (121602500, 38160000)]
13:41:13: [INFO] Adding track segment (B.Cu): [(121602500, 38160000), (124142500, 40700000)]
13:41:13: [INFO] Routing SW1 with D1
13:41:13: [INFO] Using internal autorouter method
13:41:13: [INFO] Routing pad 'SW1:2' at (102552500, 33020000) with pad 'D1:2' at (105092500, 40700000) using coordinate system rotated by 0 degree(s)
13:41:13: [INFO] Adding track segment (B.Cu): [(102552500, 33020000), (102552500, 38160000)]
13:41:13: [INFO] Adding track segment (B.Cu): [(102552500, 38160000), (105092500, 40700000)]
13:41:13: [INFO] Routing COL0 pads
13:41:13: [INFO] Routing pad 'SW1:1' at (96202500, 35560000) with pad 'SW4:1' at (100965000, 54610000) using coordinate system rotated by 0 degree(s)
13:41:13: [INFO] Adding track segment (F.Cu): [(96202500, 35560000), (96202500, 49847500)]
13:41:13: [INFO] Adding track segment (F.Cu): [(96202500, 49847500), (100965000, 54610000)]
13:41:13: [INFO] Routing pad 'SW4:1' at (100965000, 54610000) with pad 'SW7:1' at (160496250, 45085000) using coordinate system rotated by 0 degree(s)
13:41:13: [INFO] Adding track segment (F.Cu): [(100965000, 54610000), (110490000, 45085000)]
13:41:13: [INFO] Adding track segment (F.Cu): [(110490000, 45085000), (160496250, 45085000)]
13:41:13: [INFO] Routing ROW2 pads
13:41:13: [INFO] Routing pad 'D8:1' at (81280000, 43500000) with pad 'D9:1' at (81280000, 62550000) using coordinate system rotated by 0 degree(s)
13:41:13: [INFO] Adding track segment (B.Cu): [(81280000, 43500000), (81280000, 62550000)]
13:41:13: [INFO] Could not add track segment due to detected collision
13:41:13: [INFO] Routing pad 'D8:1' at (81280000, 43500000) with pad 'D7:1' at (169386250, 53025000) using coordinate system rotated by 0 degree(s)
13:41:13: [INFO] Routing ROW0 pads
13:41:13: [INFO] Routing pad 'D1:1' at (105092500, 43500000) with pad 'D2:1' at (124142500, 43500000) using coordinate system rotated by 0 degree(s)
13:41:13: [INFO] Adding track segment (B.Cu): [(105092500, 43500000), (124142500, 43500000)]
13:41:13: [INFO] Routing pad 'D2:1' at (124142500, 43500000) with pad 'D3:1' at (143192500, 43500000) using coordinate system rotated by 0 degree(s)
13:41:13: [INFO] Adding track segment (B.Cu): [(124142500, 43500000), (143192500, 43500000)]
13:41:13: [INFO] Routing ROW1 pads
13:41:13: [INFO] Routing pad 'D4:1' at (109855000, 62550000) with pad 'D5:1' at (128905000, 62550000) using coordinate system rotated by 0 degree(s)
13:41:13: [INFO] Adding track segment (B.Cu): [(109855000, 62550000), (128905000, 62550000)]
13:41:13: [INFO] Routing pad 'D5:1' at (128905000, 62550000) with pad 'D6:1' at (147955000, 62550000) using coordinate system rotated by 0 degree(s)
13:41:13: [INFO] Adding track segment (B.Cu): [(128905000, 62550000), (147955000, 62550000)]
13:41:13: [INFO] Routing COL2 pads
13:41:13: [INFO] Routing pad 'SW9:1' at (72390000, 54610000) with pad 'SW3:1' at (134302500, 35560000) using coordinate system rotated by 0 degree(s)
13:41:13: [INFO] Routing pad 'SW3:1' at (134302500, 35560000) with pad 'SW6:1' at (139065000, 54610000) using coordinate system rotated by 0 degree(s)
13:41:13: [INFO] Routing COL1 pads
13:41:13: [INFO] Routing pad 'SW8:1' at (72390000, 35560000) with pad 'SW2:1' at (115252500, 35560000) using coordinate system rotated by 0 degree(s)
13:41:13: [INFO] Adding track segment (F.Cu): [(72390000, 35560000), (115252500, 35560000)]
13:41:13: [INFO] Could not add track segment due to detected collision
13:41:13: [INFO] Routing pad 'SW2:1' at (115252500, 35560000) with pad 'SW5:1' at (120015000, 54610000) using coordinate system rotated by 0 degree(s)
13:41:13: [INFO] Removing dangling tracks
