=== kbplacer.kle_serial ===
=== layout2image.py ===
=== kbplacer ===
13:36:49: [INFO] User layout: https://editor.keyboard-tools.xyz/#share=NrDeCICdwLgAgIwAYA0coA9aLeL8AmXAT2wFokA6BAX11QPAF0UAoMPbBE8qgNgCsddKgTg0EfImHhUAZmZsOpeBUoB2IfRRJF7SdgAsPVVQCcM1Ib0cpRdCrhr1M7oxb7O8bg96VBrihiEl7SuNwKHsp+moG6UQbwxr6mlBbhKNYJofbgjs4yRO5KiTgpTvxa6ETBcKW0uESRJXkxVeBE8S1Sya2p6dWZNqUCJhUao+gAFlyU7UQCwzljambtcijFnlI+feMBuBu19TIbzZ75VLGHOks9K+anQ9nQqsi4kFLqH47mgrh2B6UAiWFAADjuXCBBxEKHU4jqoQasLMkKSQOusOQS0uaVBfDRcFyuJcGQh2R20Pa3HhIR2gVRFKMGOpQS6Fz8A3A3AJTMIGMK4MJu1xMI6cIRJ0aKEZ3WZ5Wc8zZOM5gt5creLNwM28cyeiz5RKBaye5I1ZT2ajFG1piPpN1l23llqu62V2VxXI2vKYQA
13:36:49: [INFO] Labels prefixes: for rows: 'ROW', for columns: 'COL'
13:36:49: [INFO] Matrix size: 3x10
13:36:50: [INFO] Add COL0 net
13:36:50: [INFO] Add COL1 net
13:36:50: [INFO] Add COL10 net
13:36:50: [INFO] Add COL2 net
13:36:50: [INFO] Add COL3 net
13:36:50: [INFO] Add COL4 net
13:36:50: [INFO] Add COL5 net
13:36:50: [INFO] Add COL6 net
13:36:50: [INFO] Add COL7 net
13:36:50: [INFO] Add COL8 net
13:36:50: [INFO] Add COL9 net
13:36:50: [INFO] Add Net-(D1-A) net
13:36:50: [INFO] Add Net-(D10-A) net
13:36:50: [INFO] Add Net-(D11-A) net
13:36:50: [INFO] Add Net-(D12-A) net
13:36:50: [INFO] Add Net-(D13-A) net
13:36:50: [INFO] Add Net-(D14-A) net
13:36:50: [INFO] Add Net-(D15-A) net
13:36:50: [INFO] Add Net-(D16-A) net
13:36:50: [INFO] Add Net-(D17-A) net
13:36:50: [INFO] Add Net-(D18-A) net
13:36:50: [INFO] Add Net-(D19-A) net
13:36:50: [INFO] Add Net-(D2-A) net
13:36:50: [INFO] Add Net-(D20-A) net
13:36:50: [INFO] Add Net-(D21-A) net
13:36:50: [INFO] Add Net-(D22-A) net
13:36:50: [INFO] Add Net-(D23-A) net
13:36:50: [INFO] Add Net-(D24-A) net
13:36:50: [INFO] Add Net-(D25-A) net
13:36:50: [INFO] Add Net-(D26-A) net
13:36:50: [INFO] Add Net-(D27-A) net
13:36:50: [INFO] Add Net-(D28-A) net
13:36:50: [INFO] Add Net-(D29-A) net
13:36:50: [INFO] Add Net-(D3-A) net
13:36:50: [INFO] Add Net-(D30-A) net
13:36:50: [INFO] Add Net-(D31-A) net
13:36:50: [INFO] Add Net-(D32-A) net
13:36:50: [INFO] Add Net-(D33-A) net
13:36:50: [INFO] Add Net-(D34-A) net
13:36:50: [INFO] Add Net-(D35-A) net
13:36:50: [INFO] Add Net-(D36-A) net
13:36:50: [INFO] Add Net-(D37-A) net
13:36:50: [INFO] Add Net-(D38-A) net
13:36:50: [INFO] Add Net-(D39-A) net
13:36:50: [INFO] Add Net-(D4-A) net
13:36:50: [INFO] Add Net-(D40-A) net
13:36:50: [INFO] Add Net-(D41-A) net
13:36:50: [INFO] Add Net-(D42-A) net
13:36:50: [INFO] Add Net-(D5-A) net
13:36:50: [INFO] Add Net-(D6-A) net
13:36:50: [INFO] Add Net-(D7-A) net
13:36:50: [INFO] Add Net-(D8-A) net
13:36:50: [INFO] Add Net-(D9-A) net
13:36:50: [INFO] Add ROW0 net
13:36:50: [INFO] Add ROW1 net
13:36:50: [INFO] Add ROW2 net
13:36:50: [INFO] Add ROW3 net
13:36:50: [INFO] Add SW1 footprint
13:36:50: [INFO] Add D1 footprint
13:36:50: [INFO] Add SW2 footprint
13:36:50: [INFO] Add D2 footprint
13:36:50: [INFO] Add SW3 footprint
13:36:50: [INFO] Add D3 footprint
13:36:50: [INFO] Add SW4 footprint
13:36:50: [INFO] Add D4 footprint
13:36:50: [INFO] Add SW5 footprint
13:36:50: [INFO] Add D5 footprint
13:36:50: [INFO] Add SW6 footprint
13:36:50: [INFO] Add D6 footprint
13:36:50: [INFO] Add SW7 footprint
13:36:50: [INFO] Add D7 footprint
13:36:50: [INFO] Add SW8 footprint
13:36:50: [INFO] Add D8 footprint
13:36:50: [INFO] Add SW9 footprint
13:36:50: [INFO] Add D9 footprint
13:36:50: [INFO] Add SW10 footprint
13:36:50: [INFO] Add D10 footprint
13:36:50: [INFO] Add SW11 footprint
13:36:50: [INFO] Add D11 footprint
13:36:50: [INFO] Add SW12 footprint
13:36:50: [INFO] Add D12 footprint
13:36:50: [INFO] Add SW13 footprint
13:36:50: [INFO] Add D13 footprint
13:36:50: [INFO] Add SW14 footprint
13:36:50: [INFO] Add D14 footprint
13:36:50: [INFO] Add SW15 footprint
13:36:50: [INFO] Add D15 footprint
13:36:50: [INFO] Add SW16 footprint
13:36:50: [INFO] Add D16 footprint
13:36:50: [INFO] Add SW17 footprint
13:36:50: [INFO] Add D17 footprint
13:36:50: [INFO] Add SW18 footprint
13:36:50: [INFO] Add D18 footprint
13:36:51: [INFO] Add SW19 footprint
13:36:51: [INFO] Add D19 footprint
13:36:51: [INFO] Add SW20 footprint
13:36:51: [INFO] Add D20 footprint
13:36:51: [INFO] Add SW21 footprint
13:36:51: [INFO] Add D21 footprint
13:36:51: [INFO] Add SW22 footprint
13:36:51: [INFO] Add D22 footprint
13:36:51: [INFO] Add SW23 footprint
13:36:51: [INFO] Add D23 footprint
13:36:51: [INFO] Add SW24 footprint
13:36:51: [INFO] Add D24 footprint
13:36:51: [INFO] Add SW25 footprint
13:36:51: [INFO] Add D25 footprint
13:36:51: [INFO] Add SW26 footprint
13:36:51: [INFO] Add D26 footprint
13:36:51: [INFO] Add SW27 footprint
13:36:51: [INFO] Add D27 footprint
13:36:51: [INFO] Add SW28 footprint
13:36:51: [INFO] Add D28 footprint
13:36:51: [INFO] Add SW29 footprint
13:36:51: [INFO] Add D29 footprint
13:36:51: [INFO] Add SW30 footprint
13:36:51: [INFO] Add D30 footprint
13:36:51: [INFO] Add SW31 footprint
13:36:51: [INFO] Add D31 footprint
13:36:51: [INFO] Add SW32 footprint
13:36:51: [INFO] Add D32 footprint
13:36:51: [INFO] Add SW33 footprint
13:36:51: [INFO] Add D33 footprint
13:36:51: [INFO] Add SW34 footprint
13:36:51: [INFO] Add D34 footprint
13:36:51: [INFO] Add SW35 footprint
13:36:51: [INFO] Add D35 footprint
13:36:52: [INFO] Add SW36 footprint
13:36:52: [INFO] Add D36 footprint
13:36:52: [INFO] Add SW37 footprint
13:36:52: [INFO] Add D37 footprint
13:36:52: [INFO] Add SW38 footprint
13:36:52: [INFO] Add D38 footprint
13:36:52: [INFO] Add SW39 footprint
13:36:52: [INFO] Add D39 footprint
13:36:52: [INFO] Add SW40 footprint
13:36:52: [INFO] Add D40 footprint
13:36:52: [INFO] Add SW41 footprint
13:36:52: [INFO] Add D41 footprint
13:36:52: [INFO] Add SW42 footprint
13:36:52: [INFO] Add D42 footprint
13:36:52: [INFO] Detected layout convertible to matrix annotated keyboard
13:36:52: [INFO] Using key 1U distance: (19.05, 19.05) mm
13:36:52: [INFO] Layout offset: (28575000, 30480000)
13:36:52: [INFO] Diode info: [ElementInfo(annotation_format='D{}', position_option=<PositionOption.CUSTOM: 'Custom'>, position=ElementPosition(x=5.08, y=4.0, orientation=90.0, side=<Side.BACK: 'Back'>), template_path='', start_index=-1)]
13:36:52: [INFO] Placing additional elements for SW42
13:36:52: [INFO] Placing additional elements for SW41
13:36:52: [INFO] Placing additional elements for SW40
13:36:52: [INFO] Placing additional elements for SW39
13:36:52: [INFO] Placing additional elements for SW38
13:36:52: [INFO] Placing additional elements for SW37
13:36:52: [INFO] Placing additional elements for SW36
13:36:52: [INFO] Placing additional elements for SW35
13:36:52: [INFO] Placing additional elements for SW34
13:36:52: [INFO] Placing additional elements for SW33
13:36:52: [INFO] Placing additional elements for SW32
13:36:52: [INFO] Placing additional elements for SW31
13:36:52: [INFO] Placing additional elements for SW30
13:36:52: [INFO] Placing additional elements for SW29
13:36:52: [INFO] Placing additional elements for SW28
13:36:52: [INFO] Placing additional elements for SW27
13:36:52: [INFO] Placing additional elements for SW26
13:36:52: [INFO] Placing additional elements for SW25
13:36:52: [INFO] Placing additional elements for SW24
13:36:52: [INFO] Placing additional elements for SW23
13:36:52: [INFO] Placing additional elements for SW22
13:36:52: [INFO] Placing additional elements for SW21
13:36:52: [INFO] Placing additional elements for SW20
13:36:52: [INFO] Placing additional elements for SW19
13:36:52: [INFO] Placing additional elements for SW18
13:36:52: [INFO] Placing additional elements for SW17
13:36:52: [INFO] Placing additional elements for SW16
13:36:52: [INFO] Placing additional elements for SW15
13:36:52: [INFO] Placing additional elements for SW14
13:36:52: [INFO] Placing additional elements for SW13
13:36:52: [INFO] Placing additional elements for SW12
13:36:52: [INFO] Placing additional elements for SW11
13:36:52: [INFO] Placing additional elements for SW10
13:36:52: [INFO] Placing additional elements for SW9
13:36:52: [INFO] Placing additional elements for SW8
13:36:52: [INFO] Placing additional elements for SW7
13:36:52: [INFO] Placing additional elements for SW6
13:36:52: [INFO] Placing additional elements for SW5
13:36:52: [INFO] Placing additional elements for SW4
13:36:52: [INFO] Placing additional elements for SW3
13:36:52: [INFO] Placing additional elements for SW2
13:36:52: [INFO] Placing additional elements for SW1
13:36:52: [INFO] Routing SW42 with D42
13:36:52: [INFO] Using internal autorouter method
13:36:52: [INFO] Routing pad 'SW42:2' at (260868115, 101699662) with pad 'D42:2' at (264703145, 108821919) using coordinate system rotated by 350.0 degree(s)
13:36:52: [INFO] Adding track segment (B.Cu): [(260868115, 101699662), (261760666, 106761573)]
13:36:52: [INFO] Adding track segment (B.Cu): [(261760666, 106761573), (264703145, 108821919)]
13:36:52: [INFO] Routing SW41 with D41
13:36:52: [INFO] Using internal autorouter method
13:36:52: [INFO] Routing pad 'SW41:2' at (241280528, 100317513) with pad 'D41:2' at (245115558, 107439770) using coordinate system rotated by 350.0 degree(s)
13:36:52: [INFO] Adding track segment (B.Cu): [(241280528, 100317513), (242173079, 105379424)]
13:36:52: [INFO] Adding track segment (B.Cu): [(242173079, 105379424), (245115558, 107439770)]
13:36:52: [INFO] Routing SW40 with D40
13:36:52: [INFO] Using internal autorouter method
13:36:52: [INFO] Routing pad 'SW40:2' at (221362141, 97059305) with pad 'D40:2' at (225197171, 104181562) using coordinate system rotated by 350.0 degree(s)
13:36:52: [INFO] Adding track segment (B.Cu): [(221362141, 97059305), (222254692, 102121216)]
13:36:52: [INFO] Adding track segment (B.Cu): [(222254692, 102121216), (225197171, 104181562)]
13:36:52: [INFO] Routing SW39 with D39
13:36:52: [INFO] Using internal autorouter method
13:36:52: [INFO] Routing pad 'SW39:2' at (203759352, 106933508) with pad 'D39:2' at (207594382, 114055765) using coordinate system rotated by 350.0 degree(s)
13:36:52: [INFO] Adding track segment (B.Cu): [(203759352, 106933508), (204651902, 111995418)]
13:36:52: [INFO] Adding track segment (B.Cu): [(204651902, 111995418), (207594382, 114055765)]
13:36:52: [INFO] Routing SW38 with D38
13:36:52: [INFO] Using internal autorouter method
13:36:52: [INFO] Routing pad 'SW38:2' at (186156564, 116807712) with pad 'D38:2' at (189991594, 123929969) using coordinate system rotated by 350.0 degree(s)
13:36:52: [INFO] Adding track segment (B.Cu): [(186156564, 116807712), (187049115, 121869623)]
13:36:52: [INFO] Adding track segment (B.Cu): [(187049115, 121869623), (189991594, 123929969)]
13:36:52: [INFO] Routing SW37 with D37
13:36:52: [INFO] Using internal autorouter method
13:36:52: [INFO] Routing pad 'SW37:2' at (165741977, 110735416) with pad 'D37:2' at (169577007, 117857673) using coordinate system rotated by 350.0 degree(s)
13:36:52: [INFO] Adding track segment (B.Cu): [(165741977, 110735416), (166634527, 115797326)]
13:36:52: [INFO] Adding track segment (B.Cu): [(166634527, 115797326), (169577007, 117857673)]
13:36:52: [INFO] Routing SW36 with D36
13:36:52: [INFO] Using internal autorouter method
13:36:52: [INFO] Routing pad 'SW36:2' at (121868398, 117722643) with pad 'D36:2' at (123036191, 125727032) using coordinate system rotated by 10.0 degree(s)
13:36:52: [INFO] Adding track segment (B.Cu): [(121868398, 117722643), (120975845, 122784554)]
13:36:52: [INFO] Adding track segment (B.Cu): [(120975845, 122784554), (123036191, 125727032)]
13:36:52: [INFO] Routing SW35 with D35
13:36:52: [INFO] Using internal autorouter method
13:36:52: [INFO] Routing pad 'SW35:2' at (104265609, 107848439) with pad 'D35:2' at (105433402, 115852828) using coordinate system rotated by 10.0 degree(s)
13:36:52: [INFO] Adding track segment (B.Cu): [(104265609, 107848439), (103373057, 112910350)]
13:36:52: [INFO] Adding track segment (B.Cu): [(103373057, 112910350), (105433402, 115852828)]
13:36:52: [INFO] Routing SW34 with D34
13:36:52: [INFO] Using internal autorouter method
13:36:52: [INFO] Routing pad 'SW34:2' at (86662821, 97974236) with pad 'D34:2' at (87830614, 105978625) using coordinate system rotated by 10.0 degree(s)
13:36:52: [INFO] Adding track segment (B.Cu): [(86662821, 97974236), (85770268, 103036147)]
13:36:52: [INFO] Adding track segment (B.Cu): [(85770268, 103036147), (87830614, 105978625)]
13:36:52: [INFO] Routing SW33 with D33
13:36:52: [INFO] Using internal autorouter method
13:36:52: [INFO] Routing pad 'SW33:2' at (66744434, 101232444) with pad 'D33:2' at (67912227, 109236833) using coordinate system rotated by 10.0 degree(s)
13:36:52: [INFO] Adding track segment (B.Cu): [(66744434, 101232444), (65851881, 106294355)]
13:36:52: [INFO] Adding track segment (B.Cu): [(65851881, 106294355), (67912227, 109236833)]
13:36:52: [INFO] Routing SW32 with D32
13:36:52: [INFO] Using internal autorouter method
13:36:52: [INFO] Routing pad 'SW32:2' at (47156847, 102614593) with pad 'D32:2' at (48324640, 110618982) using coordinate system rotated by 10.0 degree(s)
13:36:52: [INFO] Adding track segment (B.Cu): [(47156847, 102614593), (46264294, 107676504)]
13:36:52: [INFO] Adding track segment (B.Cu): [(46264294, 107676504), (48324640, 110618982)]
13:36:52: [INFO] Routing SW31 with D31
13:36:52: [INFO] Using internal autorouter method
13:36:52: [INFO] Routing pad 'SW31:2' at (257560117, 82939074) with pad 'D31:2' at (261395147, 90061331) using coordinate system rotated by 350.0 degree(s)
13:36:52: [INFO] Adding track segment (B.Cu): [(257560117, 82939074), (258452668, 88000984)]
13:36:52: [INFO] Adding track segment (B.Cu): [(258452668, 88000984), (261395147, 90061331)]
13:36:52: [INFO] Routing SW30 with D30
13:36:52: [INFO] Using internal autorouter method
13:36:52: [INFO] Routing pad 'SW30:2' at (237972530, 81556925) with pad 'D30:2' at (241807560, 88679182) using coordinate system rotated by 350.0 degree(s)
13:36:52: [INFO] Adding track segment (B.Cu): [(237972530, 81556925), (238865081, 86618836)]
13:36:52: [INFO] Adding track segment (B.Cu): [(238865081, 86618836), (241807560, 88679182)]
13:36:52: [INFO] Routing SW29 with D29
13:36:52: [INFO] Using internal autorouter method
13:36:52: [INFO] Routing pad 'SW29:2' at (218054143, 78298717) with pad 'D29:2' at (221889173, 85420974) using coordinate system rotated by 350.0 degree(s)
13:36:52: [INFO] Adding track segment (B.Cu): [(218054143, 78298717), (218946694, 83360628)]
13:36:52: [INFO] Adding track segment (B.Cu): [(218946694, 83360628), (221889173, 85420974)]
13:36:52: [INFO] Routing SW28 with D28
13:36:52: [INFO] Using internal autorouter method
13:36:52: [INFO] Routing pad 'SW28:2' at (200451355, 88172921) with pad 'D28:2' at (204286385, 95295178) using coordinate system rotated by 350.0 degree(s)
13:36:52: [INFO] Adding track segment (B.Cu): [(200451355, 88172921), (201343906, 93234832)]
13:36:52: [INFO] Adding track segment (B.Cu): [(201343906, 93234832), (204286385, 95295178)]
13:36:52: [INFO] Routing SW27 with D27
13:36:52: [INFO] Using internal autorouter method
13:36:52: [INFO] Routing pad 'SW27:2' at (182848566, 98047124) with pad 'D27:2' at (186683596, 105169381) using coordinate system rotated by 350.0 degree(s)
13:36:52: [INFO] Adding track segment (B.Cu): [(182848566, 98047124), (183741117, 103109035)]
13:36:52: [INFO] Adding track segment (B.Cu): [(183741117, 103109035), (186683596, 105169381)]
13:36:52: [INFO] Routing SW26 with D26
13:36:52: [INFO] Using internal autorouter method
13:36:52: [INFO] Routing pad 'SW26:2' at (142282984, 111650347) with pad 'D26:2' at (143450777, 119654736) using coordinate system rotated by 10.0 degree(s)
13:36:52: [INFO] Adding track segment (B.Cu): [(142282984, 111650347), (141390432, 116712258)]
13:36:52: [INFO] Adding track segment (B.Cu): [(141390432, 116712258), (143450777, 119654736)]
13:36:52: [INFO] Routing SW25 with D25
13:36:52: [INFO] Using internal autorouter method
13:36:52: [INFO] Routing pad 'SW25:2' at (125176395, 98962055) with pad 'D25:2' at (126344188, 106966444) using coordinate system rotated by 10.0 degree(s)
13:36:52: [INFO] Adding track segment (B.Cu): [(125176395, 98962055), (124283842, 104023966)]
13:36:52: [INFO] Adding track segment (B.Cu): [(124283842, 104023966), (126344188, 106966444)]
13:36:52: [INFO] Routing SW24 with D24
13:36:52: [INFO] Using internal autorouter method
13:36:52: [INFO] Routing pad 'SW24:2' at (107573607, 89087851) with pad 'D24:2' at (108741400, 97092240) using coordinate system rotated by 10.0 degree(s)
13:36:52: [INFO] Adding track segment (B.Cu): [(107573607, 89087851), (106681055, 94149762)]
13:36:52: [INFO] Adding track segment (B.Cu): [(106681055, 94149762), (108741400, 97092240)]
13:36:52: [INFO] Routing SW23 with D23
13:36:52: [INFO] Using internal autorouter method
13:36:52: [INFO] Routing pad 'SW23:2' at (89970819, 79213648) with pad 'D23:2' at (91138612, 87218037) using coordinate system rotated by 10.0 degree(s)
13:36:52: [INFO] Adding track segment (B.Cu): [(89970819, 79213648), (89078266, 84275559)]
13:36:52: [INFO] Adding track segment (B.Cu): [(89078266, 84275559), (91138612, 87218037)]
13:36:52: [INFO] Routing SW22 with D22
13:36:52: [INFO] Using internal autorouter method
13:36:52: [INFO] Routing pad 'SW22:2' at (70052432, 82471856) with pad 'D22:2' at (71220225, 90476245) using coordinate system rotated by 10.0 degree(s)
13:36:52: [INFO] Adding track segment (B.Cu): [(70052432, 82471856), (69159879, 87533767)]
13:36:52: [INFO] Adding track segment (B.Cu): [(69159879, 87533767), (71220225, 90476245)]
13:36:52: [INFO] Routing SW21 with D21
13:36:52: [INFO] Using internal autorouter method
13:36:52: [INFO] Routing pad 'SW21:2' at (50464844, 83854005) with pad 'D21:2' at (51632637, 91858394) using coordinate system rotated by 10.0 degree(s)
13:36:52: [INFO] Adding track segment (B.Cu): [(50464844, 83854005), (49572291, 88915916)]
13:36:52: [INFO] Adding track segment (B.Cu): [(49572291, 88915916), (51632637, 91858394)]
13:36:52: [INFO] Routing SW20 with D20
13:36:52: [INFO] Using internal autorouter method
13:36:52: [INFO] Routing pad 'SW20:2' at (254252119, 64178487) with pad 'D20:2' at (258087149, 71300744) using coordinate system rotated by 350.0 degree(s)
13:36:52: [INFO] Adding track segment (B.Cu): [(254252119, 64178487), (255144669, 69240397)]
13:36:52: [INFO] Adding track segment (B.Cu): [(255144669, 69240397), (258087149, 71300744)]
13:36:52: [INFO] Routing SW19 with D19
13:36:52: [INFO] Using internal autorouter method
13:36:52: [INFO] Routing pad 'SW19:2' at (234664532, 62796337) with pad 'D19:2' at (238499562, 69918594) using coordinate system rotated by 350.0 degree(s)
13:36:52: [INFO] Adding track segment (B.Cu): [(234664532, 62796337), (235557082, 67858247)]
13:36:52: [INFO] Adding track segment (B.Cu): [(235557082, 67858247), (238499562, 69918594)]
13:36:52: [INFO] Routing SW18 with D18
13:36:52: [INFO] Using internal autorouter method
13:36:52: [INFO] Routing pad 'SW18:2' at (214746145, 59538129) with pad 'D18:2' at (218581175, 66660386) using coordinate system rotated by 350.0 degree(s)
13:36:52: [INFO] Adding track segment (B.Cu): [(214746145, 59538129), (215638695, 64600039)]
13:36:52: [INFO] Adding track segment (B.Cu): [(215638695, 64600039), (218581175, 66660386)]
13:36:52: [INFO] Routing SW17 with D17
13:36:52: [INFO] Using internal autorouter method
13:36:52: [INFO] Routing pad 'SW17:2' at (197143357, 69412333) with pad 'D17:2' at (200978387, 76534590) using coordinate system rotated by 350.0 degree(s)
13:36:52: [INFO] Adding track segment (B.Cu): [(197143357, 69412333), (198035908, 74474244)]
13:36:52: [INFO] Adding track segment (B.Cu): [(198035908, 74474244), (200978387, 76534590)]
13:36:52: [INFO] Routing SW16 with D16
13:36:52: [INFO] Using internal autorouter method
13:36:52: [INFO] Routing pad 'SW16:2' at (179540568, 79286536) with pad 'D16:2' at (183375598, 86408793) using coordinate system rotated by 350.0 degree(s)
13:36:52: [INFO] Adding track segment (B.Cu): [(179540568, 79286536), (180433118, 84348446)]
13:36:52: [INFO] Adding track segment (B.Cu): [(180433118, 84348446), (183375598, 86408793)]
13:36:52: [INFO] Routing SW15 with D15
13:36:52: [INFO] Using internal autorouter method
13:36:52: [INFO] Routing pad 'SW15:2' at (128484393, 80201467) with pad 'D15:2' at (129652186, 88205856) using coordinate system rotated by 10.0 degree(s)
13:36:52: [INFO] Adding track segment (B.Cu): [(128484393, 80201467), (127591840, 85263377)]
13:36:52: [INFO] Adding track segment (B.Cu): [(127591840, 85263377), (129652186, 88205856)]
13:36:52: [INFO] Routing SW14 with D14
13:36:52: [INFO] Using internal autorouter method
13:36:52: [INFO] Routing pad 'SW14:2' at (110881605, 70327264) with pad 'D14:2' at (112049398, 78331653) using coordinate system rotated by 10.0 degree(s)
13:36:52: [INFO] Adding track segment (B.Cu): [(110881605, 70327264), (109989052, 75389175)]
13:36:52: [INFO] Adding track segment (B.Cu): [(109989052, 75389175), (112049398, 78331653)]
13:36:52: [INFO] Routing SW13 with D13
13:36:52: [INFO] Using internal autorouter method
13:36:52: [INFO] Routing pad 'SW13:2' at (93278816, 60453060) with pad 'D13:2' at (94446609, 68457449) using coordinate system rotated by 10.0 degree(s)
13:36:52: [INFO] Adding track segment (B.Cu): [(93278816, 60453060), (92386263, 65514969)]
13:36:52: [INFO] Adding track segment (B.Cu): [(92386263, 65514969), (94446609, 68457449)]
13:36:52: [INFO] Routing SW12 with D12
13:36:52: [INFO] Using internal autorouter method
13:36:52: [INFO] Routing pad 'SW12:2' at (73360429, 63711268) with pad 'D12:2' at (74528222, 71715657) using coordinate system rotated by 10.0 degree(s)
13:36:52: [INFO] Adding track segment (B.Cu): [(73360429, 63711268), (72467876, 68773179)]
13:36:52: [INFO] Adding track segment (B.Cu): [(72467876, 68773179), (74528222, 71715657)]
13:36:52: [INFO] Routing SW11 with D11
13:36:52: [INFO] Using internal autorouter method
13:36:52: [INFO] Routing pad 'SW11:2' at (53772842, 65093417) with pad 'D11:2' at (54940635, 73097806) using coordinate system rotated by 10.0 degree(s)
13:36:52: [INFO] Adding track segment (B.Cu): [(53772842, 65093417), (52880289, 70155327)]
13:36:52: [INFO] Adding track segment (B.Cu): [(52880289, 70155327), (54940635, 73097806)]
13:36:52: [INFO] Routing SW10 with D10
13:36:52: [INFO] Using internal autorouter method
13:36:52: [INFO] Routing pad 'SW10:2' at (250944122, 45417899) with pad 'D10:2' at (254779152, 52540156) using coordinate system rotated by 350.0 degree(s)
13:36:52: [INFO] Adding track segment (B.Cu): [(250944122, 45417899), (251836673, 50479810)]
13:36:52: [INFO] Adding track segment (B.Cu): [(251836673, 50479810), (254779152, 52540156)]
13:36:52: [INFO] Routing SW9 with D9
13:36:52: [INFO] Using internal autorouter method
13:36:52: [INFO] Routing pad 'SW9:2' at (231356534, 44035750) with pad 'D9:2' at (235191564, 51158007) using coordinate system rotated by 350.0 degree(s)
13:36:52: [INFO] Adding track segment (B.Cu): [(231356534, 44035750), (232249084, 49097661)]
13:36:52: [INFO] Adding track segment (B.Cu): [(232249084, 49097661), (235191564, 51158007)]
13:36:52: [INFO] Routing SW8 with D8
13:36:52: [INFO] Using internal autorouter method
13:36:52: [INFO] Routing pad 'SW8:2' at (211438148, 40777542) with pad 'D8:2' at (215273178, 47899799) using coordinate system rotated by 350.0 degree(s)
13:36:52: [INFO] Adding track segment (B.Cu): [(211438148, 40777542), (212330698, 45839453)]
13:36:52: [INFO] Adding track segment (B.Cu): [(212330698, 45839453), (215273178, 47899799)]
13:36:52: [INFO] Routing SW7 with D7
13:36:52: [INFO] Using internal autorouter method
13:36:52: [INFO] Routing pad 'SW7:2' at (193835359, 50651745) with pad 'D7:2' at (197670389, 57774002) using coordinate system rotated by 350.0 degree(s)
13:36:52: [INFO] Adding track segment (B.Cu): [(193835359, 50651745), (194727910, 55713655)]
13:36:52: [INFO] Adding track segment (B.Cu): [(194727910, 55713655), (197670389, 57774002)]
13:36:52: [INFO] Routing SW6 with D6
13:36:52: [INFO] Using internal autorouter method
13:36:52: [INFO] Routing pad 'SW6:2' at (176232571, 60525949) with pad 'D6:2' at (180067601, 67648206) using coordinate system rotated by 350.0 degree(s)
13:36:52: [INFO] Adding track segment (B.Cu): [(176232571, 60525949), (177125122, 65587860)]
13:36:52: [INFO] Adding track segment (B.Cu): [(177125122, 65587860), (180067601, 67648206)]
13:36:52: [INFO] Routing SW5 with D5
13:36:52: [INFO] Using internal autorouter method
13:36:52: [INFO] Routing pad 'SW5:2' at (131792391, 61440879) with pad 'D5:2' at (132960184, 69445268) using coordinate system rotated by 10.0 degree(s)
13:36:52: [INFO] Adding track segment (B.Cu): [(131792391, 61440879), (130899839, 66502790)]
13:36:52: [INFO] Adding track segment (B.Cu): [(130899839, 66502790), (132960184, 69445268)]
13:36:52: [INFO] Routing SW4 with D4
13:36:52: [INFO] Using internal autorouter method
13:36:52: [INFO] Routing pad 'SW4:2' at (114189603, 51566676) with pad 'D4:2' at (115357396, 59571065) using coordinate system rotated by 10.0 degree(s)
13:36:52: [INFO] Adding track segment (B.Cu): [(114189603, 51566676), (113297050, 56628587)]
13:36:52: [INFO] Adding track segment (B.Cu): [(113297050, 56628587), (115357396, 59571065)]
13:36:52: [INFO] Routing SW3 with D3
13:36:52: [INFO] Using internal autorouter method
13:36:52: [INFO] Routing pad 'SW3:2' at (96586814, 41692473) with pad 'D3:2' at (97754607, 49696862) using coordinate system rotated by 10.0 degree(s)
13:36:52: [INFO] Adding track segment (B.Cu): [(96586814, 41692473), (95694262, 46754384)]
13:36:52: [INFO] Adding track segment (B.Cu): [(95694262, 46754384), (97754607, 49696862)]
13:36:52: [INFO] Routing SW2 with D2
13:36:52: [INFO] Using internal autorouter method
13:36:52: [INFO] Routing pad 'SW2:2' at (76668427, 44950680) with pad 'D2:2' at (77836220, 52955069) using coordinate system rotated by 10.0 degree(s)
13:36:52: [INFO] Adding track segment (B.Cu): [(76668427, 44950680), (75775874, 50012590)]
13:36:52: [INFO] Adding track segment (B.Cu): [(75775874, 50012590), (77836220, 52955069)]
13:36:52: [INFO] Routing SW1 with D1
13:36:52: [INFO] Using internal autorouter method
13:36:52: [INFO] Routing pad 'SW1:2' at (57080840, 46332830) with pad 'D1:2' at (58248633, 54337219) using coordinate system rotated by 10.0 degree(s)
13:36:52: [INFO] Adding track segment (B.Cu): [(57080840, 46332830), (56188288, 51394741)]
13:36:52: [INFO] Adding track segment (B.Cu): [(56188288, 51394741), (58248633, 54337219)]
13:36:52: [INFO] Routing COL9 pads
13:36:52: [INFO] Routing pad 'SW9:1' at (225544071, 47639828) with pad 'SW19:1' at (228852069, 66400415) using coordinate system rotated by 350.0 degree(s)
13:36:52: [INFO] Adding track segment (F.Cu): [(225544071, 47639828), (228852068, 66400414)]
13:36:52: [INFO] Adding track segment (F.Cu): [(228852068, 66400414), (228852069, 66400415)]
13:36:52: [INFO] Routing pad 'SW19:1' at (228852069, 66400415) with pad 'SW30:1' at (232160067, 85161003) using coordinate system rotated by 350.0 degree(s)
13:36:52: [INFO] Adding track segment (F.Cu): [(228852069, 66400415), (232160065, 85161002)]
13:36:52: [INFO] Adding track segment (F.Cu): [(232160065, 85161002), (232160067, 85161003)]
13:36:52: [INFO] Routing pad 'SW30:1' at (232160067, 85161003) with pad 'SW41:1' at (235468065, 103921591) using coordinate system rotated by 350.0 degree(s)
13:36:52: [INFO] Adding track segment (F.Cu): [(232160067, 85161003), (235468063, 103921589)]
13:36:52: [INFO] Adding track segment (F.Cu): [(235468063, 103921589), (235468065, 103921591)]
13:36:52: [INFO] Routing COL7 pads
13:36:52: [INFO] Routing pad 'SW7:1' at (188022896, 54255823) with pad 'SW17:1' at (191330894, 73016411) using coordinate system rotated by 350.0 degree(s)
13:36:52: [INFO] Adding track segment (F.Cu): [(188022896, 54255823), (191330892, 73016409)]
13:36:52: [INFO] Adding track segment (F.Cu): [(191330892, 73016409), (191330894, 73016411)]
13:36:52: [INFO] Routing pad 'SW17:1' at (191330894, 73016411) with pad 'SW28:1' at (194638892, 91776999) using coordinate system rotated by 350.0 degree(s)
13:36:52: [INFO] Adding track segment (F.Cu): [(191330894, 73016411), (194638891, 91776998)]
13:36:52: [INFO] Adding track segment (F.Cu): [(194638891, 91776998), (194638892, 91776999)]
13:36:52: [INFO] Routing pad 'SW28:1' at (194638892, 91776999) with pad 'SW39:1' at (197946889, 110537586) using coordinate system rotated by 350.0 degree(s)
13:36:52: [INFO] Adding track segment (F.Cu): [(194638892, 91776999), (197946889, 110537584)]
13:36:52: [INFO] Adding track segment (F.Cu): [(197946889, 110537584), (197946889, 110537586)]
13:36:52: [INFO] Routing COL10 pads
13:36:52: [INFO] Routing pad 'SW10:1' at (245131659, 49021977) with pad 'SW20:1' at (248439656, 67782565) using coordinate system rotated by 350.0 degree(s)
13:36:52: [INFO] Adding track segment (F.Cu): [(245131659, 49021977), (248439656, 67782563)]
13:36:52: [INFO] Adding track segment (F.Cu): [(248439656, 67782563), (248439656, 67782565)]
13:36:52: [INFO] Routing pad 'SW20:1' at (248439656, 67782565) with pad 'SW31:1' at (251747654, 86543152) using coordinate system rotated by 350.0 degree(s)
13:36:52: [INFO] Adding track segment (F.Cu): [(248439656, 67782565), (251747653, 86543151)]
13:36:52: [INFO] Adding track segment (F.Cu): [(251747653, 86543151), (251747654, 86543152)]
13:36:52: [INFO] Routing pad 'SW31:1' at (251747654, 86543152) with pad 'SW42:1' at (255055652, 105303740) using coordinate system rotated by 350.0 degree(s)
13:36:53: [INFO] Adding track segment (F.Cu): [(251747654, 86543152), (255055650, 105303739)]
13:36:53: [INFO] Adding track segment (F.Cu): [(255055650, 105303739), (255055652, 105303740)]
13:36:53: [INFO] Routing ROW3 pads
13:36:53: [INFO] Routing pad 'D32:1' at (47838426, 113376444) with pad 'D33:1' at (67426013, 111994295) using coordinate system rotated by 280.0 degree(s)
13:36:53: [INFO] Adding track segment (B.Cu): [(47838426, 113376444), (61908866, 115857441)]
13:36:53: [INFO] Adding track segment (B.Cu): [(61908866, 115857441), (67426013, 111994295)]
13:36:53: [INFO] Routing pad 'D33:1' at (67426013, 111994295) with pad 'D34:1' at (87344400, 108736087) using coordinate system rotated by 280.0 degree(s)
13:36:53: [INFO] Adding track segment (B.Cu): [(67426013, 111994295), (79620394, 114144492)]
13:36:53: [INFO] Adding track segment (B.Cu): [(79620394, 114144492), (87344400, 108736087)]
13:36:53: [INFO] Routing pad 'D34:1' at (87344400, 108736087) with pad 'D35:1' at (104947188, 118610290) using coordinate system rotated by 280.0 degree(s)
13:36:53: [INFO] Adding track segment (B.Cu): [(87344400, 108736087), (92752805, 116460091)]
13:36:53: [INFO] Adding track segment (B.Cu): [(92752805, 116460091), (104947188, 118610290)]
13:36:53: [INFO] Routing pad 'D35:1' at (104947188, 118610290) with pad 'D36:1' at (122549977, 128484494) using coordinate system rotated by 280.0 degree(s)
13:36:53: [INFO] Adding track segment (B.Cu): [(104947188, 118610290), (110355594, 126334294)]
13:36:53: [INFO] Adding track segment (B.Cu): [(110355594, 126334294), (122549977, 128484494)]
13:36:53: [WARNING] Could not route pads when parent footprints not rotated the same, footprint1: D36 at 80.0 degree(s) and footprint2: D37 at 100.0 degree(s)
13:36:53: [INFO] Routing pad 'D37:1' at (170063221, 120615135) with pad 'D38:1' at (190477808, 126687431) using coordinate system rotated by 260.0 degree(s)
13:36:53: [INFO] Adding track segment (B.Cu): [(170063221, 120615135), (181097513, 128341429)]
13:36:53: [INFO] Adding track segment (B.Cu): [(181097513, 128341429), (190477808, 126687431)]
13:36:53: [INFO] Routing pad 'D38:1' at (190477808, 126687431) with pad 'D39:1' at (208080596, 116813227) using coordinate system rotated by 260.0 degree(s)
13:36:53: [INFO] Adding track segment (B.Cu): [(190477808, 126687431), (202672188, 124537232)]
13:36:53: [INFO] Adding track segment (B.Cu): [(202672188, 124537232), (208080596, 116813227)]
13:36:53: [INFO] Routing pad 'D39:1' at (208080596, 116813227) with pad 'D40:1' at (225683385, 106939024) using coordinate system rotated by 260.0 degree(s)
13:36:53: [INFO] Adding track segment (B.Cu): [(208080596, 116813227), (220274978, 114663027)]
13:36:53: [INFO] Adding track segment (B.Cu): [(220274978, 114663027), (225683385, 106939024)]
13:36:53: [INFO] Routing pad 'D40:1' at (225683385, 106939024) with pad 'D41:1' at (245601772, 110197232) using coordinate system rotated by 260.0 degree(s)
13:36:53: [INFO] Adding track segment (B.Cu): [(225683385, 106939024), (233407389, 112347430)]
13:36:53: [INFO] Adding track segment (B.Cu): [(233407389, 112347430), (245601772, 110197232)]
13:36:53: [INFO] Routing pad 'D41:1' at (245601772, 110197232) with pad 'D42:1' at (265189359, 111579381) using coordinate system rotated by 260.0 degree(s)
13:36:53: [INFO] Adding track segment (B.Cu): [(245601772, 110197232), (251118917, 114060379)]
13:36:53: [INFO] Adding track segment (B.Cu): [(251118917, 114060379), (265189359, 111579381)]
13:36:53: [INFO] Routing COL4 pads
13:36:53: [INFO] Routing pad 'SW36:1' at (115173803, 119121389) with pad 'SW25:1' at (118481800, 100360801) using coordinate system rotated by 10.0 degree(s)
13:36:53: [INFO] Adding track segment (F.Cu): [(115173803, 119121389), (118481800, 100360801)]
13:36:53: [INFO] Adding track segment (F.Cu): [(118481800, 100360801), (118481800, 100360801)]
13:36:53: [INFO] Routing pad 'SW25:1' at (118481800, 100360801) with pad 'SW15:1' at (121789798, 81600213) using coordinate system rotated by 10.0 degree(s)
13:36:53: [INFO] Adding track segment (F.Cu): [(118481800, 100360801), (121789797, 81600211)]
13:36:53: [INFO] Adding track segment (F.Cu): [(121789797, 81600211), (121789798, 81600213)]
13:36:53: [INFO] Routing pad 'SW15:1' at (121789798, 81600213) with pad 'SW5:1' at (125097796, 62839625) using coordinate system rotated by 10.0 degree(s)
13:36:53: [INFO] Adding track segment (F.Cu): [(121789798, 81600213), (125097795, 62839624)]
13:36:53: [INFO] Adding track segment (F.Cu): [(125097795, 62839624), (125097796, 62839625)]
13:36:53: [INFO] Routing ROW2 pads
13:36:53: [INFO] Routing pad 'D21:1' at (51146423, 94615856) with pad 'D22:1' at (70734011, 93233707) using coordinate system rotated by 280.0 degree(s)
13:36:53: [INFO] Adding track segment (B.Cu): [(51146423, 94615856), (65216863, 97096853)]
13:36:53: [INFO] Adding track segment (B.Cu): [(65216863, 97096853), (70734011, 93233707)]
13:36:53: [INFO] Routing pad 'D22:1' at (70734011, 93233707) with pad 'D23:1' at (90652398, 89975499) using coordinate system rotated by 280.0 degree(s)
13:36:53: [INFO] Adding track segment (B.Cu): [(70734011, 93233707), (82928392, 95383905)]
13:36:53: [INFO] Adding track segment (B.Cu): [(82928392, 95383905), (90652398, 89975499)]
13:36:53: [INFO] Routing pad 'D23:1' at (90652398, 89975499) with pad 'D24:1' at (108255186, 99849702) using coordinate system rotated by 280.0 degree(s)
13:36:53: [INFO] Adding track segment (B.Cu): [(90652398, 89975499), (96060802, 97699502)]
13:36:53: [INFO] Adding track segment (B.Cu): [(96060802, 97699502), (108255186, 99849702)]
13:36:53: [INFO] Routing pad 'D24:1' at (108255186, 99849702) with pad 'D25:1' at (125857974, 109723906) using coordinate system rotated by 280.0 degree(s)
13:36:53: [INFO] Adding track segment (B.Cu): [(108255186, 99849702), (113663593, 107573707)]
13:36:53: [INFO] Adding track segment (B.Cu): [(113663593, 107573707), (125857974, 109723906)]
13:36:53: [INFO] Routing pad 'D25:1' at (125857974, 109723906) with pad 'D26:1' at (142964563, 122412198) using coordinate system rotated by 280.0 degree(s)
13:36:53: [INFO] Adding track segment (B.Cu): [(125857974, 109723906), (133584268, 120758198)]
13:36:53: [INFO] Adding track segment (B.Cu): [(133584268, 120758198), (142964563, 122412198)]
13:36:53: [WARNING] Could not route pads when parent footprints not rotated the same, footprint1: D26 at 80.0 degree(s) and footprint2: D27 at 100.0 degree(s)
13:36:53: [INFO] Routing pad 'D27:1' at (187169810, 107926843) with pad 'D28:1' at (204772599, 98052640) using coordinate system rotated by 260.0 degree(s)
13:36:53: [INFO] Adding track segment (B.Cu): [(187169810, 107926843), (199364191, 105776644)]
13:36:53: [INFO] Adding track segment (B.Cu): [(199364191, 105776644), (204772599, 98052640)]
13:36:53: [INFO] Routing pad 'D28:1' at (204772599, 98052640) with pad 'D29:1' at (222375387, 88178436) using coordinate system rotated by 260.0 degree(s)
13:36:53: [INFO] Adding track segment (B.Cu): [(204772599, 98052640), (216966980, 95902440)]
13:36:53: [INFO] Adding track segment (B.Cu): [(216966980, 95902440), (222375387, 88178436)]
13:36:53: [INFO] Routing pad 'D29:1' at (222375387, 88178436) with pad 'D30:1' at (242293774, 91436644) using coordinate system rotated by 260.0 degree(s)
13:36:53: [INFO] Adding track segment (B.Cu): [(222375387, 88178436), (230099391, 93586842)]
13:36:53: [INFO] Adding track segment (B.Cu): [(230099391, 93586842), (242293774, 91436644)]
13:36:53: [INFO] Routing pad 'D30:1' at (242293774, 91436644) with pad 'D31:1' at (261881361, 92818793) using coordinate system rotated by 260.0 degree(s)
13:36:53: [INFO] Adding track segment (B.Cu): [(242293774, 91436644), (247810919, 95299791)]
13:36:53: [INFO] Adding track segment (B.Cu): [(247810919, 95299791), (261881361, 92818793)]
13:36:53: [INFO] Routing ROW0 pads
13:36:53: [INFO] Routing pad 'D1:1' at (57762419, 57094681) with pad 'D2:1' at (77350006, 55712531) using coordinate system rotated by 280.0 degree(s)
13:36:53: [INFO] Adding track segment (B.Cu): [(57762419, 57094681), (71832858, 59575678)]
13:36:53: [INFO] Adding track segment (B.Cu): [(71832858, 59575678), (77350006, 55712531)]
13:36:53: [INFO] Routing pad 'D2:1' at (77350006, 55712531) with pad 'D3:1' at (97268393, 52454324) using coordinate system rotated by 280.0 degree(s)
13:36:53: [INFO] Adding track segment (B.Cu): [(77350006, 55712531), (89544389, 57862728)]
13:36:53: [INFO] Adding track segment (B.Cu): [(89544389, 57862728), (97268393, 52454324)]
13:36:53: [INFO] Routing pad 'D3:1' at (97268393, 52454324) with pad 'D4:1' at (114871182, 62328527) using coordinate system rotated by 280.0 degree(s)
13:36:53: [INFO] Adding track segment (B.Cu): [(97268393, 52454324), (102676799, 60178328)]
13:36:53: [INFO] Adding track segment (B.Cu): [(102676799, 60178328), (114871182, 62328527)]
13:36:53: [INFO] Routing pad 'D4:1' at (114871182, 62328527) with pad 'D5:1' at (132473970, 72202730) using coordinate system rotated by 280.0 degree(s)
13:36:53: [INFO] Adding track segment (B.Cu): [(114871182, 62328527), (120279586, 70052530)]
13:36:53: [INFO] Adding track segment (B.Cu): [(120279586, 70052530), (132473970, 72202730)]
13:36:53: [WARNING] Could not route pads when parent footprints not rotated the same, footprint1: D5 at 80.0 degree(s) and footprint2: D6 at 100.0 degree(s)
13:36:53: [INFO] Routing pad 'D6:1' at (180553815, 70405668) with pad 'D7:1' at (198156603, 60531464) using coordinate system rotated by 260.0 degree(s)
13:36:53: [INFO] Adding track segment (B.Cu): [(180553815, 70405668), (192748196, 68255468)]
13:36:53: [INFO] Adding track segment (B.Cu): [(192748196, 68255468), (198156603, 60531464)]
13:36:53: [INFO] Routing pad 'D7:1' at (198156603, 60531464) with pad 'D8:1' at (215759392, 50657261) using coordinate system rotated by 260.0 degree(s)
13:36:53: [INFO] Adding track segment (B.Cu): [(198156603, 60531464), (210350984, 58381265)]
13:36:53: [INFO] Adding track segment (B.Cu): [(210350984, 58381265), (215759392, 50657261)]
13:36:53: [INFO] Routing pad 'D8:1' at (215759392, 50657261) with pad 'D9:1' at (235677778, 53915469) using coordinate system rotated by 260.0 degree(s)
13:36:53: [INFO] Adding track segment (B.Cu): [(215759392, 50657261), (223483395, 56065667)]
13:36:53: [INFO] Adding track segment (B.Cu): [(223483395, 56065667), (235677778, 53915469)]
13:36:53: [INFO] Routing pad 'D9:1' at (235677778, 53915469) with pad 'D10:1' at (255265366, 55297618) using coordinate system rotated by 260.0 degree(s)
13:36:53: [INFO] Adding track segment (B.Cu): [(235677778, 53915469), (241194924, 57778615)]
13:36:53: [INFO] Adding track segment (B.Cu): [(241194924, 57778615), (255265366, 55297618)]
13:36:53: [INFO] Routing COL0 pads
13:36:53: [INFO] Routing pad 'SW32:1' at (40462252, 104013339) with pad 'SW21:1' at (43770249, 85252751) using coordinate system rotated by 10.0 degree(s)
13:36:53: [INFO] Adding track segment (F.Cu): [(40462252, 104013339), (43770249, 85252751)]
13:36:53: [INFO] Adding track segment (F.Cu): [(43770249, 85252751), (43770249, 85252751)]
13:36:53: [INFO] Routing pad 'SW21:1' at (43770249, 85252751) with pad 'SW11:1' at (47078247, 66492163) using coordinate system rotated by 10.0 degree(s)
13:36:53: [INFO] Adding track segment (F.Cu): [(43770249, 85252751), (47078246, 66492162)]
13:36:53: [INFO] Adding track segment (F.Cu): [(47078246, 66492162), (47078247, 66492163)]
13:36:53: [INFO] Routing pad 'SW11:1' at (47078247, 66492163) with pad 'SW1:1' at (50386245, 47731576) using coordinate system rotated by 10.0 degree(s)
13:36:53: [INFO] Adding track segment (F.Cu): [(47078247, 66492163), (50386244, 47731575)]
13:36:53: [INFO] Adding track segment (F.Cu): [(50386244, 47731575), (50386245, 47731576)]
13:36:53: [INFO] Routing COL6 pads
13:36:53: [INFO] Routing pad 'SW6:1' at (170420108, 64130027) with pad 'SW16:1' at (173728105, 82890614) using coordinate system rotated by 350.0 degree(s)
13:36:53: [INFO] Adding track segment (F.Cu): [(170420108, 64130027), (173728105, 82890612)]
13:36:53: [INFO] Adding track segment (F.Cu): [(173728105, 82890612), (173728105, 82890614)]
13:36:53: [INFO] Routing pad 'SW16:1' at (173728105, 82890614) with pad 'SW27:1' at (177036103, 101651202) using coordinate system rotated by 350.0 degree(s)
13:36:53: [INFO] Adding track segment (F.Cu): [(173728105, 82890614), (177036102, 101651201)]
13:36:53: [INFO] Adding track segment (F.Cu): [(177036102, 101651201), (177036103, 101651202)]
13:36:53: [INFO] Routing pad 'SW27:1' at (177036103, 101651202) with pad 'SW38:1' at (180344101, 120411790) using coordinate system rotated by 350.0 degree(s)
13:36:53: [INFO] Adding track segment (F.Cu): [(177036103, 101651202), (180344099, 120411789)]
13:36:53: [INFO] Adding track segment (F.Cu): [(180344099, 120411789), (180344101, 120411790)]
13:36:53: [INFO] Routing COL5 pads
13:36:53: [WARNING] Could not route pads when parent footprints not rotated the same, footprint1: SW26 at -10.0 degree(s) and footprint2: SW37 at 10.0 degree(s)
13:36:53: [INFO] Routing COL2 pads
13:36:53: [INFO] Routing pad 'SW34:1' at (79968226, 99372982) with pad 'SW23:1' at (83276224, 80612394) using coordinate system rotated by 10.0 degree(s)
13:36:53: [INFO] Adding track segment (F.Cu): [(79968226, 99372982), (83276223, 80612393)]
13:36:53: [INFO] Adding track segment (F.Cu): [(83276223, 80612393), (83276224, 80612394)]
13:36:53: [INFO] Routing pad 'SW23:1' at (83276224, 80612394) with pad 'SW13:1' at (86584221, 61851806) using coordinate system rotated by 10.0 degree(s)
13:36:53: [INFO] Adding track segment (F.Cu): [(83276224, 80612394), (86584221, 61851806)]
13:36:53: [INFO] Adding track segment (F.Cu): [(86584221, 61851806), (86584221, 61851806)]
13:36:53: [INFO] Routing pad 'SW13:1' at (86584221, 61851806) with pad 'SW3:1' at (89892219, 43091219) using coordinate system rotated by 10.0 degree(s)
13:36:53: [INFO] Adding track segment (F.Cu): [(86584221, 61851806), (89892218, 43091218)]
13:36:53: [INFO] Adding track segment (F.Cu): [(89892218, 43091218), (89892219, 43091219)]
13:36:53: [INFO] Routing ROW1 pads
13:36:53: [INFO] Routing pad 'D11:1' at (54454421, 75855268) with pad 'D12:1' at (74042008, 74473119) using coordinate system rotated by 280.0 degree(s)
13:36:53: [INFO] Adding track segment (B.Cu): [(54454421, 75855268), (68524860, 78336266)]
13:36:53: [INFO] Adding track segment (B.Cu): [(68524860, 78336266), (74042008, 74473119)]
13:36:53: [INFO] Routing pad 'D12:1' at (74042008, 74473119) with pad 'D13:1' at (93960395, 71214911) using coordinate system rotated by 280.0 degree(s)
13:36:53: [INFO] Adding track segment (B.Cu): [(74042008, 74473119), (86236389, 76623317)]
13:36:53: [INFO] Adding track segment (B.Cu): [(86236389, 76623317), (93960395, 71214911)]
13:36:53: [INFO] Routing pad 'D13:1' at (93960395, 71214911) with pad 'D14:1' at (111563184, 81089115) using coordinate system rotated by 280.0 degree(s)
13:36:53: [INFO] Adding track segment (B.Cu): [(93960395, 71214911), (99368800, 78938915)]
13:36:53: [INFO] Adding track segment (B.Cu): [(99368800, 78938915), (111563184, 81089115)]
13:36:53: [INFO] Routing pad 'D14:1' at (111563184, 81089115) with pad 'D15:1' at (129165972, 90963318) using coordinate system rotated by 280.0 degree(s)
13:36:53: [INFO] Adding track segment (B.Cu): [(111563184, 81089115), (116971589, 88813119)]
13:36:53: [INFO] Adding track segment (B.Cu): [(116971589, 88813119), (129165972, 90963318)]
13:36:53: [WARNING] Could not route pads when parent footprints not rotated the same, footprint1: D15 at 80.0 degree(s) and footprint2: D16 at 100.0 degree(s)
13:36:53: [INFO] Routing pad 'D16:1' at (183861812, 89166255) with pad 'D17:1' at (201464601, 79292052) using coordinate system rotated by 260.0 degree(s)
13:36:53: [INFO] Adding track segment (B.Cu): [(183861812, 89166255), (196056194, 87016055)]
13:36:53: [INFO] Adding track segment (B.Cu): [(196056194, 87016055), (201464601, 79292052)]
13:36:53: [INFO] Routing pad 'D17:1' at (201464601, 79292052) with pad 'D18:1' at (219067389, 69417848) using coordinate system rotated by 260.0 degree(s)
13:36:53: [INFO] Adding track segment (B.Cu): [(201464601, 79292052), (213658981, 77141853)]
13:36:53: [INFO] Adding track segment (B.Cu): [(213658981, 77141853), (219067389, 69417848)]
13:36:53: [INFO] Routing pad 'D18:1' at (219067389, 69417848) with pad 'D19:1' at (238985776, 72676056) using coordinate system rotated by 260.0 degree(s)
13:36:53: [INFO] Adding track segment (B.Cu): [(219067389, 69417848), (226791393, 74826253)]
13:36:53: [INFO] Adding track segment (B.Cu): [(226791393, 74826253), (238985776, 72676056)]
13:36:53: [INFO] Routing pad 'D19:1' at (238985776, 72676056) with pad 'D20:1' at (258573363, 74058206) using coordinate system rotated by 260.0 degree(s)
13:36:53: [INFO] Adding track segment (B.Cu): [(238985776, 72676056), (244502922, 76539203)]
13:36:53: [INFO] Adding track segment (B.Cu): [(244502922, 76539203), (258573363, 74058206)]
13:36:53: [INFO] Routing COL8 pads
13:36:53: [INFO] Routing pad 'SW8:1' at (205625685, 44381620) with pad 'SW18:1' at (208933682, 63142207) using coordinate system rotated by 350.0 degree(s)
13:36:53: [INFO] Adding track segment (F.Cu): [(205625685, 44381620), (208933682, 63142205)]
13:36:53: [INFO] Adding track segment (F.Cu): [(208933682, 63142205), (208933682, 63142207)]
13:36:53: [INFO] Routing pad 'SW18:1' at (208933682, 63142207) with pad 'SW29:1' at (212241680, 81902795) using coordinate system rotated by 350.0 degree(s)
13:36:53: [INFO] Adding track segment (F.Cu): [(208933682, 63142207), (212241679, 81902794)]
13:36:53: [INFO] Adding track segment (F.Cu): [(212241679, 81902794), (212241680, 81902795)]
13:36:53: [INFO] Routing pad 'SW29:1' at (212241680, 81902795) with pad 'SW40:1' at (215549678, 100663383) using coordinate system rotated by 350.0 degree(s)
13:36:53: [INFO] Adding track segment (F.Cu): [(212241680, 81902795), (215549676, 100663381)]
13:36:53: [INFO] Adding track segment (F.Cu): [(215549676, 100663381), (215549678, 100663383)]
13:36:53: [INFO] Routing COL1 pads
13:36:53: [INFO] Routing pad 'SW33:1' at (60049839, 102631190) with pad 'SW22:1' at (63357837, 83870602) using coordinate system rotated by 10.0 degree(s)
13:36:53: [INFO] Adding track segment (F.Cu): [(60049839, 102631190), (63357836, 83870601)]
13:36:53: [INFO] Adding track segment (F.Cu): [(63357836, 83870601), (63357837, 83870602)]
13:36:53: [INFO] Routing pad 'SW22:1' at (63357837, 83870602) with pad 'SW12:1' at (66665834, 65110014) using coordinate system rotated by 10.0 degree(s)
13:36:53: [INFO] Adding track segment (F.Cu): [(63357837, 83870602), (66665834, 65110014)]
13:36:53: [INFO] Adding track segment (F.Cu): [(66665834, 65110014), (66665834, 65110014)]
13:36:53: [INFO] Routing pad 'SW12:1' at (66665834, 65110014) with pad 'SW2:1' at (69973832, 46349426) using coordinate system rotated by 10.0 degree(s)
13:36:53: [INFO] Adding track segment (F.Cu): [(66665834, 65110014), (69973831, 46349425)]
13:36:53: [INFO] Adding track segment (F.Cu): [(69973831, 46349425), (69973832, 46349426)]
13:36:53: [INFO] Routing COL3 pads
13:36:53: [INFO] Routing pad 'SW35:1' at (97571014, 109247185) with pad 'SW24:1' at (100879012, 90486597) using coordinate system rotated by 10.0 degree(s)
13:36:53: [INFO] Adding track segment (F.Cu): [(97571014, 109247185), (100879011, 90486596)]
13:36:53: [INFO] Adding track segment (F.Cu): [(100879011, 90486596), (100879012, 90486597)]
13:36:53: [INFO] Routing pad 'SW24:1' at (100879012, 90486597) with pad 'SW14:1' at (104187010, 71726010) using coordinate system rotated by 10.0 degree(s)
13:36:53: [INFO] Adding track segment (F.Cu): [(100879012, 90486597), (104187008, 71726010)]
13:36:53: [INFO] Adding track segment (F.Cu): [(104187008, 71726010), (104187010, 71726010)]
13:36:53: [INFO] Routing pad 'SW14:1' at (104187010, 71726010) with pad 'SW4:1' at (107495008, 52965422) using coordinate system rotated by 10.0 degree(s)
13:36:53: [INFO] Adding track segment (F.Cu): [(104187010, 71726010), (107495007, 52965420)]
13:36:53: [INFO] Adding track segment (F.Cu): [(107495007, 52965420), (107495008, 52965422)]
13:36:53: [INFO] Removing dangling tracks
13:36:53: [INFO] Removing 174be88b-a1fd-4bae-875d-a5226458f241
13:36:53: [INFO] Removing 163cf411-d100-4105-95b3-078f0267ea67
13:36:53: [INFO] Removing 5a4993d8-4bd4-4428-ad9f-115abccc352c
13:36:53: [INFO] Removing eee49590-44a1-4e75-b85a-1f4e9b5299d8
