=== kbplacer.kle_serial ===
=== layout2image.py ===
=== kbplacer ===
14:40:09: [INFO] User layout: https://editor.keyboard-tools.xyz/#share=NrDeCIGNwLgAnAYgIareANAg7rOAmAOgHYBWAXy3AAYNrwBdBoA
14:40:09: [INFO] Labels prefixes: for rows: 'ROW', for columns: 'COL'
14:40:09: [INFO] Matrix size: 0x0
14:40:09: [WARNING] No stabilizer footprint for width 2.75u, using 2u as fallback
14:40:09: [INFO] Add COL0 net
14:40:09: [INFO] Add Net-(D1-A) net
14:40:09: [INFO] Add ROW0 net
14:40:09: [INFO] Add SW1 footprint
14:40:09: [INFO] Add D1 footprint
14:40:09: [WARNING] No stabilizer footprint for width 2.75u, using 2u as fallback
14:40:09: [INFO] Add ST1 footprint
14:40:09: [INFO] Detected layout convertible to matrix annotated keyboard
14:40:09: [INFO] Using key 1U distance: (19.05, 19.05) mm
14:40:09: [INFO] Layout offset: (30956250, 28575000)
14:40:09: [INFO] Diode info: [ElementInfo(annotation_format='D{}', position_option=<PositionOption.CUSTOM: 'Custom'>, position=ElementPosition(x=5.08, y=4.0, orientation=90.0, side=<Side.BACK: 'Back'>), template_path='', start_index=-1)]
14:40:09: [INFO] Placing additional elements for SW1
14:40:09: [INFO] Routing SW1 with D1
14:40:09: [INFO] Using internal autorouter method
14:40:09: [INFO] Routing pad 'SW1:2' at (59690000, 33020000) with pad 'D1:2' at (62230000, 40700000) using coordinate system rotated by 0 degree(s)
14:40:09: [INFO] Adding track segment (B.Cu): [(59690000, 33020000), (59690000, 38160000)]
14:40:09: [INFO] Adding track segment (B.Cu): [(59690000, 38160000), (62230000, 40700000)]
14:40:09: [INFO] Routing ROW0 pads
14:40:09: [INFO] Routing COL0 pads
14:40:09: [INFO] Removing dangling tracks
