=== kbplacer.kle_serial ===
=== layout2image.py ===
=== kbplacer ===
13:29:26: [INFO] User layout: https://editor.keyboard-tools.xyz/#share=NrDeCIA9wLgAgAwDoCsAaO4CetFIMwAcG4AxruAMQDstd4AviQmguBhNPAExLfqZy8KgEMx4xszT52cTrkKommFgEZV4ALpoAUGCi5VSagOy4AtMkKFl4NbIhDMlUq7eSVabg4PxVyFFs1bw4yCkpxCSC0VRkpVQAWLV19Ljx+Ehx4SyRVbhInKjp6W1VWZL15P1RMiytiQXDIsVlwAHdDJRIyjVDClzdXD3AykLlfOH8kBFKYsZGYuPGO6sDumKTtSrNs5DyC8OLaYfy2LdTOjMwsuBzrA+EI5taVyeM1zHze8f7Bodt8mMqnAAJxdT4xb7gL5AsKPI7UF64Xj8AGLCoXPwPZzNERInh8D7gfAxHy-P7DEmwtJgky2EnqMlNZ4kV5GOkkBnec7A1TUWq7d70jYY3kC27IK7tTpEhKknkTVQANnFOQ5mDleVamqW4E1mxSEAAToZ8pgjWkEu8SEabkZTDdzEYWI1Hn9yNEkusvZ4UK0WErRRMckSyrr8j6Fn71oGFWkcqiSPldSTI-loxDY4aJpKiSTdXLIySM8S0Fntmlc9jRCzMGzCbY5UtHOF3fi4NxG2gMy3HrjhnLy-oTdl9ua0rEaph41apY7ndWBoNhixEVJCP60CDN-4gzOhes15gyhv1tv1ruLxo4xYrUT8kfoWhTxDzxDdzfsnfxQu68iDxqz5Mn2tbSqsXYftmtqdCYJD7nOMGmOSy7Co+JIvqWb6lh+mhAA
13:29:26: [INFO] Labels prefixes: for rows: 'ROW', for columns: 'COL'
13:29:26: [INFO] Matrix size: 4x14
13:29:26: [WARNING] No stabilizer footprint for width 2.25u, using 2u as fallback
13:29:26: [WARNING] No stabilizer footprint for width 2.25u, using 2u as fallback
13:29:26: [WARNING] No stabilizer footprint for width 2.75u, using 2u as fallback
13:29:27: [INFO] Add COL0 net
13:29:27: [INFO] Add COL1 net
13:29:27: [INFO] Add COL10 net
13:29:27: [INFO] Add COL11 net
13:29:27: [INFO] Add COL12 net
13:29:27: [INFO] Add COL13 net
13:29:27: [INFO] Add COL14 net
13:29:27: [INFO] Add COL2 net
13:29:27: [INFO] Add COL3 net
13:29:27: [INFO] Add COL4 net
13:29:27: [INFO] Add COL5 net
13:29:27: [INFO] Add COL6 net
13:29:27: [INFO] Add COL7 net
13:29:27: [INFO] Add COL8 net
13:29:27: [INFO] Add COL9 net
13:29:27: [INFO] Add Net-(D1-A) net
13:29:27: [INFO] Add Net-(D10-A) net
13:29:27: [INFO] Add Net-(D11-A) net
13:29:27: [INFO] Add Net-(D12-A) net
13:29:27: [INFO] Add Net-(D13-A) net
13:29:27: [INFO] Add Net-(D14-A) net
13:29:27: [INFO] Add Net-(D15-A) net
13:29:27: [INFO] Add Net-(D16-A) net
13:29:27: [INFO] Add Net-(D17-A) net
13:29:27: [INFO] Add Net-(D18-A) net
13:29:27: [INFO] Add Net-(D19-A) net
13:29:27: [INFO] Add Net-(D2-A) net
13:29:27: [INFO] Add Net-(D20-A) net
13:29:27: [INFO] Add Net-(D21-A) net
13:29:27: [INFO] Add Net-(D22-A) net
13:29:27: [INFO] Add Net-(D23-A) net
13:29:27: [INFO] Add Net-(D24-A) net
13:29:27: [INFO] Add Net-(D25-A) net
13:29:27: [INFO] Add Net-(D26-A) net
13:29:27: [INFO] Add Net-(D27-A) net
13:29:27: [INFO] Add Net-(D28-A) net
13:29:27: [INFO] Add Net-(D29-A) net
13:29:27: [INFO] Add Net-(D3-A) net
13:29:27: [INFO] Add Net-(D30-A) net
13:29:27: [INFO] Add Net-(D31-A) net
13:29:27: [INFO] Add Net-(D32-A) net
13:29:27: [INFO] Add Net-(D33-A) net
13:29:27: [INFO] Add Net-(D34-A) net
13:29:27: [INFO] Add Net-(D35-A) net
13:29:27: [INFO] Add Net-(D36-A) net
13:29:27: [INFO] Add Net-(D37-A) net
13:29:27: [INFO] Add Net-(D38-A) net
13:29:27: [INFO] Add Net-(D39-A) net
13:29:27: [INFO] Add Net-(D4-A) net
13:29:27: [INFO] Add Net-(D40-A) net
13:29:27: [INFO] Add Net-(D41-A) net
13:29:27: [INFO] Add Net-(D42-A) net
13:29:27: [INFO] Add Net-(D43-A) net
13:29:27: [INFO] Add Net-(D44-A) net
13:29:27: [INFO] Add Net-(D45-A) net
13:29:27: [INFO] Add Net-(D46-A) net
13:29:27: [INFO] Add Net-(D47-A) net
13:29:27: [INFO] Add Net-(D48-A) net
13:29:27: [INFO] Add Net-(D49-A) net
13:29:27: [INFO] Add Net-(D5-A) net
13:29:27: [INFO] Add Net-(D50-A) net
13:29:27: [INFO] Add Net-(D51-A) net
13:29:27: [INFO] Add Net-(D52-A) net
13:29:27: [INFO] Add Net-(D53-A) net
13:29:27: [INFO] Add Net-(D54-A) net
13:29:27: [INFO] Add Net-(D55-A) net
13:29:27: [INFO] Add Net-(D56-A) net
13:29:27: [INFO] Add Net-(D57-A) net
13:29:27: [INFO] Add Net-(D58-A) net
13:29:27: [INFO] Add Net-(D59-A) net
13:29:27: [INFO] Add Net-(D6-A) net
13:29:27: [INFO] Add Net-(D60-A) net
13:29:27: [INFO] Add Net-(D61-A) net
13:29:27: [INFO] Add Net-(D62-A) net
13:29:27: [INFO] Add Net-(D63-A) net
13:29:27: [INFO] Add Net-(D64-A) net
13:29:27: [INFO] Add Net-(D65-A) net
13:29:27: [INFO] Add Net-(D66-A) net
13:29:27: [INFO] Add Net-(D67-A) net
13:29:27: [INFO] Add Net-(D7-A) net
13:29:27: [INFO] Add Net-(D8-A) net
13:29:27: [INFO] Add Net-(D9-A) net
13:29:27: [INFO] Add ROW0 net
13:29:27: [INFO] Add ROW1 net
13:29:27: [INFO] Add ROW2 net
13:29:27: [INFO] Add ROW3 net
13:29:27: [INFO] Add ROW4 net
13:29:27: [INFO] Add SW1 footprint
13:29:27: [INFO] Add D1 footprint
13:29:27: [INFO] Add SW2 footprint
13:29:27: [INFO] Add D2 footprint
13:29:27: [INFO] Add SW3 footprint
13:29:27: [INFO] Add D3 footprint
13:29:27: [INFO] Add SW4 footprint
13:29:27: [INFO] Add D4 footprint
13:29:27: [INFO] Add SW5 footprint
13:29:27: [INFO] Add D5 footprint
13:29:27: [INFO] Add SW6 footprint
13:29:27: [INFO] Add D6 footprint
13:29:27: [INFO] Add SW7 footprint
13:29:27: [INFO] Add D7 footprint
13:29:27: [INFO] Add SW8 footprint
13:29:27: [INFO] Add D8 footprint
13:29:27: [INFO] Add SW9 footprint
13:29:27: [INFO] Add D9 footprint
13:29:27: [INFO] Add SW10 footprint
13:29:27: [INFO] Add D10 footprint
13:29:27: [INFO] Add SW11 footprint
13:29:27: [INFO] Add D11 footprint
13:29:27: [INFO] Add SW12 footprint
13:29:27: [INFO] Add D12 footprint
13:29:27: [INFO] Add SW13 footprint
13:29:27: [INFO] Add D13 footprint
13:29:27: [INFO] Add SW14 footprint
13:29:27: [INFO] Add D14 footprint
13:29:27: [INFO] Add SW15 footprint
13:29:27: [INFO] Add D15 footprint
13:29:27: [INFO] Add SW16 footprint
13:29:27: [INFO] Add D16 footprint
13:29:27: [INFO] Add SW17 footprint
13:29:27: [INFO] Add D17 footprint
13:29:27: [INFO] Add SW18 footprint
13:29:27: [INFO] Add D18 footprint
13:29:28: [INFO] Add SW19 footprint
13:29:28: [INFO] Add D19 footprint
13:29:28: [INFO] Add SW20 footprint
13:29:28: [INFO] Add D20 footprint
13:29:28: [INFO] Add SW21 footprint
13:29:28: [INFO] Add D21 footprint
13:29:28: [INFO] Add SW22 footprint
13:29:28: [INFO] Add D22 footprint
13:29:28: [INFO] Add SW23 footprint
13:29:28: [INFO] Add D23 footprint
13:29:28: [INFO] Add SW24 footprint
13:29:28: [INFO] Add D24 footprint
13:29:28: [INFO] Add SW25 footprint
13:29:28: [INFO] Add D25 footprint
13:29:28: [INFO] Add SW26 footprint
13:29:28: [INFO] Add D26 footprint
13:29:28: [INFO] Add SW27 footprint
13:29:28: [INFO] Add D27 footprint
13:29:28: [INFO] Add SW28 footprint
13:29:28: [INFO] Add D28 footprint
13:29:28: [INFO] Add SW29 footprint
13:29:28: [INFO] Add D29 footprint
13:29:28: [INFO] Add SW30 footprint
13:29:28: [INFO] Add D30 footprint
13:29:28: [INFO] Add SW31 footprint
13:29:28: [INFO] Add D31 footprint
13:29:28: [INFO] Add SW32 footprint
13:29:28: [INFO] Add D32 footprint
13:29:28: [INFO] Add SW33 footprint
13:29:28: [INFO] Add D33 footprint
13:29:28: [INFO] Add SW34 footprint
13:29:28: [INFO] Add D34 footprint
13:29:28: [INFO] Add SW35 footprint
13:29:28: [INFO] Add D35 footprint
13:29:28: [INFO] Add SW36 footprint
13:29:28: [INFO] Add D36 footprint
13:29:28: [INFO] Add SW37 footprint
13:29:29: [INFO] Add D37 footprint
13:29:29: [INFO] Add SW38 footprint
13:29:29: [INFO] Add D38 footprint
13:29:29: [INFO] Add SW39 footprint
13:29:29: [INFO] Add D39 footprint
13:29:29: [INFO] Add SW40 footprint
13:29:29: [INFO] Add D40 footprint
13:29:29: [INFO] Add SW41 footprint
13:29:29: [INFO] Add D41 footprint
13:29:29: [INFO] Add SW42 footprint
13:29:29: [INFO] Add D42 footprint
13:29:29: [INFO] Add SW43 footprint
13:29:29: [INFO] Add D43 footprint
13:29:29: [INFO] Add SW44 footprint
13:29:29: [INFO] Add D44 footprint
13:29:29: [WARNING] No stabilizer footprint for width 2.25u, using 2u as fallback
13:29:29: [INFO] Add ST44 footprint
13:29:29: [INFO] Add SW45 footprint
13:29:29: [INFO] Add D45 footprint
13:29:29: [WARNING] No stabilizer footprint for width 2.25u, using 2u as fallback
13:29:29: [INFO] Add ST45 footprint
13:29:29: [INFO] Add SW46 footprint
13:29:29: [INFO] Add D46 footprint
13:29:29: [INFO] Add SW47 footprint
13:29:29: [INFO] Add D47 footprint
13:29:29: [INFO] Add SW48 footprint
13:29:29: [INFO] Add D48 footprint
13:29:29: [INFO] Add SW49 footprint
13:29:29: [INFO] Add D49 footprint
13:29:29: [INFO] Add SW50 footprint
13:29:29: [INFO] Add D50 footprint
13:29:29: [INFO] Add SW51 footprint
13:29:29: [INFO] Add D51 footprint
13:29:29: [INFO] Add SW52 footprint
13:29:29: [INFO] Add D52 footprint
13:29:29: [INFO] Add SW53 footprint
13:29:29: [INFO] Add D53 footprint
13:29:29: [INFO] Add SW54 footprint
13:29:30: [INFO] Add D54 footprint
13:29:30: [INFO] Add SW55 footprint
13:29:30: [INFO] Add D55 footprint
13:29:30: [INFO] Add SW56 footprint
13:29:30: [INFO] Add D56 footprint
13:29:30: [INFO] Add SW57 footprint
13:29:30: [INFO] Add D57 footprint
13:29:30: [INFO] Add SW58 footprint
13:29:30: [INFO] Add D58 footprint
13:29:30: [INFO] Add SW59 footprint
13:29:30: [INFO] Add D59 footprint
13:29:30: [INFO] Add SW60 footprint
13:29:30: [INFO] Add D60 footprint
13:29:30: [INFO] Add SW61 footprint
13:29:30: [INFO] Add D61 footprint
13:29:30: [INFO] Add ST61 footprint
13:29:30: [INFO] Add SW62 footprint
13:29:30: [INFO] Add D62 footprint
13:29:30: [INFO] Add SW63 footprint
13:29:30: [INFO] Add D63 footprint
13:29:30: [WARNING] No stabilizer footprint for width 2.75u, using 2u as fallback
13:29:30: [INFO] Add ST63 footprint
13:29:30: [INFO] Add SW64 footprint
13:29:30: [INFO] Add D64 footprint
13:29:30: [INFO] Add SW65 footprint
13:29:30: [INFO] Add D65 footprint
13:29:30: [INFO] Add SW66 footprint
13:29:30: [INFO] Add D66 footprint
13:29:30: [INFO] Add SW67 footprint
13:29:30: [INFO] Add D67 footprint
13:29:30: [INFO] Detected layout convertible to matrix annotated keyboard
13:29:30: [INFO] Using key 1U distance: (19.05, 19.05) mm
13:29:30: [INFO] Layout offset: (38100000, 21336000)
13:29:30: [INFO] Diode info: [ElementInfo(annotation_format='D{}', position_option=<PositionOption.CUSTOM: 'Custom'>, position=ElementPosition(x=5.08, y=4.0, orientation=90.0, side=<Side.BACK: 'Back'>), template_path='', start_index=-1)]
13:29:30: [INFO] Placing additional elements for SW67
13:29:30: [INFO] Placing additional elements for SW66
13:29:30: [INFO] Placing additional elements for SW65
13:29:30: [INFO] Placing additional elements for SW64
13:29:30: [INFO] Placing additional elements for SW63
13:29:30: [INFO] Placing additional elements for SW62
13:29:30: [INFO] Placing additional elements for SW61
13:29:30: [INFO] Placing additional elements for SW60
13:29:30: [INFO] Placing additional elements for SW59
13:29:30: [INFO] Placing additional elements for SW58
13:29:30: [INFO] Placing additional elements for SW57
13:29:30: [INFO] Placing additional elements for SW56
13:29:30: [INFO] Placing additional elements for SW55
13:29:30: [INFO] Placing additional elements for SW54
13:29:30: [INFO] Placing additional elements for SW53
13:29:30: [INFO] Placing additional elements for SW52
13:29:30: [INFO] Placing additional elements for SW51
13:29:30: [INFO] Placing additional elements for SW50
13:29:30: [INFO] Placing additional elements for SW49
13:29:30: [INFO] Placing additional elements for SW48
13:29:30: [INFO] Placing additional elements for SW47
13:29:30: [INFO] Placing additional elements for SW46
13:29:30: [INFO] Placing additional elements for SW45
13:29:30: [INFO] Placing additional elements for SW44
13:29:30: [INFO] Placing additional elements for SW43
13:29:30: [INFO] Placing additional elements for SW42
13:29:30: [INFO] Placing additional elements for SW41
13:29:30: [INFO] Placing additional elements for SW40
13:29:30: [INFO] Placing additional elements for SW39
13:29:30: [INFO] Placing additional elements for SW38
13:29:30: [INFO] Placing additional elements for SW37
13:29:30: [INFO] Placing additional elements for SW36
13:29:30: [INFO] Placing additional elements for SW35
13:29:30: [INFO] Placing additional elements for SW34
13:29:30: [INFO] Placing additional elements for SW33
13:29:30: [INFO] Placing additional elements for SW32
13:29:30: [INFO] Placing additional elements for SW31
13:29:30: [INFO] Placing additional elements for SW30
13:29:30: [INFO] Placing additional elements for SW29
13:29:30: [INFO] Placing additional elements for SW28
13:29:30: [INFO] Placing additional elements for SW27
13:29:30: [INFO] Placing additional elements for SW26
13:29:30: [INFO] Placing additional elements for SW25
13:29:30: [INFO] Placing additional elements for SW24
13:29:30: [INFO] Placing additional elements for SW23
13:29:30: [INFO] Placing additional elements for SW22
13:29:30: [INFO] Placing additional elements for SW21
13:29:30: [INFO] Placing additional elements for SW20
13:29:30: [INFO] Placing additional elements for SW19
13:29:30: [INFO] Placing additional elements for SW18
13:29:30: [INFO] Placing additional elements for SW17
13:29:30: [INFO] Placing additional elements for SW16
13:29:30: [INFO] Placing additional elements for SW15
13:29:30: [INFO] Placing additional elements for SW14
13:29:30: [INFO] Placing additional elements for SW13
13:29:30: [INFO] Placing additional elements for SW12
13:29:30: [INFO] Placing additional elements for SW11
13:29:30: [INFO] Placing additional elements for SW10
13:29:30: [INFO] Placing additional elements for SW9
13:29:30: [INFO] Placing additional elements for SW8
13:29:30: [INFO] Placing additional elements for SW7
13:29:30: [INFO] Placing additional elements for SW6
13:29:30: [INFO] Placing additional elements for SW5
13:29:30: [INFO] Placing additional elements for SW4
13:29:30: [INFO] Placing additional elements for SW3
13:29:30: [INFO] Placing additional elements for SW2
13:29:30: [INFO] Placing additional elements for SW1
13:29:30: [INFO] Routing SW67 with D67
13:29:30: [INFO] Using internal autorouter method
13:29:30: [INFO] Routing pad 'SW67:2' at (393065000, 116268500) with pad 'D67:2' at (395605000, 123948500) using coordinate system rotated by 0 degree(s)
13:29:30: [INFO] Adding track segment (B.Cu): [(393065000, 116268500), (393065000, 121408500)]
13:29:30: [INFO] Adding track segment (B.Cu): [(393065000, 121408500), (395605000, 123948500)]
13:29:30: [INFO] Routing SW66 with D66
13:29:30: [INFO] Using internal autorouter method
13:29:30: [INFO] Routing pad 'SW66:2' at (374015000, 116268500) with pad 'D66:2' at (376555000, 123948500) using coordinate system rotated by 0 degree(s)
13:29:30: [INFO] Adding track segment (B.Cu): [(374015000, 116268500), (374015000, 121408500)]
13:29:30: [INFO] Adding track segment (B.Cu): [(374015000, 121408500), (376555000, 123948500)]
13:29:30: [INFO] Routing SW65 with D65
13:29:30: [INFO] Using internal autorouter method
13:29:30: [INFO] Routing pad 'SW65:2' at (354965000, 116268500) with pad 'D65:2' at (357505000, 123948500) using coordinate system rotated by 0 degree(s)
13:29:30: [INFO] Adding track segment (B.Cu): [(354965000, 116268500), (354965000, 121408500)]
13:29:30: [INFO] Adding track segment (B.Cu): [(354965000, 121408500), (357505000, 123948500)]
13:29:30: [INFO] Routing SW64 with D64
13:29:30: [INFO] Using internal autorouter method
13:29:30: [INFO] Routing pad 'SW64:2' at (291932104, 113592623) with pad 'D64:2' at (296013360, 120576701) using coordinate system rotated by 348.0 degree(s)
13:29:30: [INFO] Adding track segment (B.Cu): [(291932104, 113592623), (293000769, 118620300)]
13:29:30: [INFO] Adding track segment (B.Cu): [(293000769, 118620300), (296013360, 120576701)]
13:29:30: [INFO] Routing SW63 with D63
13:29:30: [INFO] Using internal autorouter method
13:29:30: [INFO] Routing pad 'SW63:2' at (252335467, 122009148) with pad 'D63:2' at (256416723, 128993226) using coordinate system rotated by 348.0 degree(s)
13:29:30: [INFO] Adding track segment (B.Cu): [(252335467, 122009148), (253404132, 127036826)]
13:29:30: [INFO] Adding track segment (B.Cu): [(253404132, 127036826), (256416723, 128993226)]
13:29:30: [INFO] Routing SW62 with D62
13:29:30: [INFO] Using internal autorouter method
13:29:30: [INFO] Routing pad 'SW62:2' at (192800521, 126530968) with pad 'D62:2' at (193688254, 134571236) using coordinate system rotated by 12.0 degree(s)
13:29:30: [INFO] Adding track segment (B.Cu): [(192800521, 126530968), (191731854, 131558645)]
13:29:30: [INFO] Adding track segment (B.Cu): [(191731854, 131558645), (193688254, 134571236)]
13:29:30: [INFO] Routing SW61 with D61
13:29:30: [INFO] Using internal autorouter method
13:29:30: [INFO] Routing pad 'SW61:2' at (164849953, 120589892) with pad 'D61:2' at (165737686, 128630160) using coordinate system rotated by 12.0 degree(s)
13:29:30: [INFO] Adding track segment (B.Cu): [(164849953, 120589892), (163781286, 125617569)]
13:29:30: [INFO] Adding track segment (B.Cu): [(163781286, 125617569), (165737686, 128630160)]
13:29:30: [INFO] Routing SW60 with D60
13:29:30: [INFO] Using internal autorouter method
13:29:30: [INFO] Routing pad 'SW60:2' at (154835387, 98985641) with pad 'D60:2' at (155723120, 107025909) using coordinate system rotated by 12.0 degree(s)
13:29:30: [INFO] Adding track segment (B.Cu): [(154835387, 98985641), (153766720, 104013318)]
13:29:30: [INFO] Adding track segment (B.Cu): [(153766720, 104013318), (155723120, 107025909)]
13:29:30: [INFO] Routing SW59 with D59
13:29:30: [INFO] Using internal autorouter method
13:29:30: [INFO] Routing pad 'SW59:2' at (134570172, 114153725) with pad 'D59:2' at (135457905, 122193993) using coordinate system rotated by 12.0 degree(s)
13:29:30: [INFO] Adding track segment (B.Cu): [(134570172, 114153725), (133501505, 119181402)]
13:29:30: [INFO] Adding track segment (B.Cu): [(133501505, 119181402), (135457905, 122193993)]
13:29:30: [INFO] Routing SW58 with D58
13:29:30: [INFO] Using internal autorouter method
13:29:30: [INFO] Routing pad 'SW58:2' at (73977500, 111506000) with pad 'D58:2' at (76517500, 119186000) using coordinate system rotated by 0 degree(s)
13:29:30: [INFO] Adding track segment (B.Cu): [(73977500, 111506000), (73977500, 116646000)]
13:29:30: [INFO] Adding track segment (B.Cu): [(73977500, 116646000), (76517500, 119186000)]
13:29:30: [INFO] Routing SW57 with D57
13:29:30: [INFO] Using internal autorouter method
13:29:30: [INFO] Routing pad 'SW57:2' at (374015000, 97218500) with pad 'D57:2' at (376555000, 104898500) using coordinate system rotated by 0 degree(s)
13:29:30: [INFO] Adding track segment (B.Cu): [(374015000, 97218500), (374015000, 102358500)]
13:29:30: [INFO] Adding track segment (B.Cu): [(374015000, 102358500), (376555000, 104898500)]
13:29:30: [INFO] Routing SW56 with D56
13:29:30: [INFO] Using internal autorouter method
13:29:30: [INFO] Routing pad 'SW56:2' at (343058750, 92456000) with pad 'D56:2' at (345598750, 100136000) using coordinate system rotated by 0 degree(s)
13:29:30: [INFO] Adding track segment (B.Cu): [(343058750, 92456000), (343058750, 97596000)]
13:29:30: [INFO] Adding track segment (B.Cu): [(343058750, 97596000), (345598750, 100136000)]
13:29:30: [INFO] Routing SW55 with D55
13:29:30: [INFO] Using internal autorouter method
13:29:30: [INFO] Routing pad 'SW55:2' at (316865000, 92456000) with pad 'D55:2' at (319405000, 100136000) using coordinate system rotated by 0 degree(s)
13:29:31: [INFO] Adding track segment (B.Cu): [(316865000, 92456000), (316865000, 97596000)]
13:29:31: [INFO] Adding track segment (B.Cu): [(316865000, 97596000), (319405000, 100136000)]
13:29:31: [INFO] Routing SW54 with D54
13:29:31: [INFO] Using internal autorouter method
13:29:31: [INFO] Routing pad 'SW54:2' at (291639635, 94072804) with pad 'D54:2' at (295720891, 101056882) using coordinate system rotated by 348.0 degree(s)
13:29:31: [INFO] Adding track segment (B.Cu): [(291639635, 94072804), (292708300, 99100483)]
13:29:31: [INFO] Adding track segment (B.Cu): [(292708300, 99100483), (295720891, 101056882)]
13:29:31: [INFO] Routing SW53 with D53
13:29:31: [INFO] Using internal autorouter method
13:29:31: [INFO] Routing pad 'SW53:2' at (273005923, 98033522) with pad 'D53:2' at (277087179, 105017600) using coordinate system rotated by 348.0 degree(s)
13:29:31: [INFO] Adding track segment (B.Cu): [(273005923, 98033522), (274074588, 103061201)]
13:29:31: [INFO] Adding track segment (B.Cu): [(274074588, 103061201), (277087179, 105017600)]
13:29:31: [INFO] Routing SW52 with D52
13:29:31: [INFO] Using internal autorouter method
13:29:31: [INFO] Routing pad 'SW52:2' at (254372211, 101994239) with pad 'D52:2' at (258453467, 108978317) using coordinate system rotated by 348.0 degree(s)
13:29:31: [INFO] Adding track segment (B.Cu): [(254372211, 101994239), (255440876, 107021918)]
13:29:31: [INFO] Adding track segment (B.Cu): [(255440876, 107021918), (258453467, 108978317)]
13:29:31: [INFO] Routing SW51 with D51
13:29:31: [INFO] Using internal autorouter method
13:29:31: [INFO] Routing pad 'SW51:2' at (235738500, 105954957) with pad 'D51:2' at (239819756, 112939035) using coordinate system rotated by 348.0 degree(s)
13:29:31: [INFO] Adding track segment (B.Cu): [(235738500, 105954957), (236807165, 110982635)]
13:29:31: [INFO] Adding track segment (B.Cu): [(236807165, 110982635), (239819756, 112939035)]
13:29:31: [INFO] Routing SW50 with D50
13:29:31: [INFO] Using internal autorouter method
13:29:31: [INFO] Routing pad 'SW50:2' at (192102811, 106907077) with pad 'D50:2' at (192990544, 114947345) using coordinate system rotated by 12.0 degree(s)
13:29:31: [INFO] Adding track segment (B.Cu): [(192102811, 106907077), (191034144, 111934753)]
13:29:31: [INFO] Adding track segment (B.Cu): [(191034144, 111934753), (192990544, 114947345)]
13:29:31: [INFO] Routing SW49 with D49
13:29:31: [INFO] Using internal autorouter method
13:29:31: [INFO] Routing pad 'SW49:2' at (173469099, 102946359) with pad 'D49:2' at (174356832, 110986627) using coordinate system rotated by 12.0 degree(s)
13:29:31: [INFO] Adding track segment (B.Cu): [(173469099, 102946359), (172400432, 107974036)]
13:29:31: [INFO] Adding track segment (B.Cu): [(172400432, 107974036), (174356832, 110986627)]
13:29:31: [INFO] Routing SW48 with D48
13:29:31: [INFO] Using internal autorouter method
13:29:31: [INFO] Routing pad 'SW48:2' at (149479249, 78371571) with pad 'D48:2' at (150366982, 86411839) using coordinate system rotated by 12.0 degree(s)
13:29:31: [INFO] Adding track segment (B.Cu): [(149479249, 78371571), (148410582, 83399247)]
13:29:31: [INFO] Adding track segment (B.Cu): [(148410582, 83399247), (150366982, 86411839)]
13:29:31: [INFO] Routing SW47 with D47
13:29:31: [INFO] Using internal autorouter method
13:29:31: [INFO] Routing pad 'SW47:2' at (136201676, 95024924) with pad 'D47:2' at (137089409, 103065192) using coordinate system rotated by 12.0 degree(s)
13:29:31: [INFO] Adding track segment (B.Cu): [(136201676, 95024924), (135133009, 100052601)]
13:29:31: [INFO] Adding track segment (B.Cu): [(135133009, 100052601), (137089409, 103065192)]
13:29:31: [INFO] Routing SW46 with D46
13:29:31: [INFO] Using internal autorouter method
13:29:31: [INFO] Routing pad 'SW46:2' at (112077500, 92456000) with pad 'D46:2' at (114617500, 100136000) using coordinate system rotated by 0 degree(s)
13:29:31: [INFO] Adding track segment (B.Cu): [(112077500, 92456000), (112077500, 97596000)]
13:29:31: [INFO] Adding track segment (B.Cu): [(112077500, 97596000), (114617500, 100136000)]
13:29:31: [INFO] Routing SW45 with D45
13:29:31: [INFO] Using internal autorouter method
13:29:31: [INFO] Routing pad 'SW45:2' at (81121250, 92456000) with pad 'D45:2' at (83661250, 100136000) using coordinate system rotated by 0 degree(s)
13:29:31: [INFO] Adding track segment (B.Cu): [(81121250, 92456000), (81121250, 97596000)]
13:29:31: [INFO] Adding track segment (B.Cu): [(81121250, 97596000), (83661250, 100136000)]
13:29:31: [INFO] Routing SW44 with D44
13:29:31: [INFO] Using internal autorouter method
13:29:31: [INFO] Routing pad 'SW44:2' at (357346250, 73406000) with pad 'D44:2' at (359886250, 81086000) using coordinate system rotated by 0 degree(s)
13:29:31: [INFO] Adding track segment (B.Cu): [(357346250, 73406000), (357346250, 78546000)]
13:29:31: [INFO] Adding track segment (B.Cu): [(357346250, 78546000), (359886250, 81086000)]
13:29:31: [INFO] Routing SW43 with D43
13:29:31: [INFO] Using internal autorouter method
13:29:31: [INFO] Routing pad 'SW43:2' at (326390000, 73406000) with pad 'D43:2' at (328930000, 81086000) using coordinate system rotated by 0 degree(s)
13:29:31: [INFO] Adding track segment (B.Cu): [(326390000, 73406000), (326390000, 78546000)]
13:29:31: [INFO] Adding track segment (B.Cu): [(326390000, 78546000), (328930000, 81086000)]
13:29:31: [INFO] Routing SW42 with D42
13:29:31: [INFO] Using internal autorouter method
13:29:31: [INFO] Routing pad 'SW42:2' at (307340000, 73406000) with pad 'D42:2' at (309880000, 81086000) using coordinate system rotated by 0 degree(s)
13:29:31: [INFO] Adding track segment (B.Cu): [(307340000, 73406000), (307340000, 78546000)]
13:29:31: [INFO] Adding track segment (B.Cu): [(307340000, 78546000), (309880000, 81086000)]
13:29:31: [INFO] Routing SW41 with D41
13:29:31: [INFO] Using internal autorouter method
13:29:31: [INFO] Routing pad 'SW41:2' at (284010669, 76325199) with pad 'D41:2' at (288091925, 83309277) using coordinate system rotated by 348.0 degree(s)
13:29:31: [INFO] Adding track segment (B.Cu): [(284010669, 76325199), (285079334, 81352878)]
13:29:31: [INFO] Adding track segment (B.Cu): [(285079334, 81352878), (288091925, 83309277)]
13:29:31: [INFO] Routing SW40 with D40
13:29:31: [INFO] Using internal autorouter method
13:29:31: [INFO] Routing pad 'SW40:2' at (265376957, 80285917) with pad 'D40:2' at (269458213, 87269995) using coordinate system rotated by 348.0 degree(s)
13:29:31: [INFO] Adding track segment (B.Cu): [(265376957, 80285917), (266445623, 85313595)]
13:29:31: [INFO] Adding track segment (B.Cu): [(266445623, 85313595), (269458213, 87269995)]
13:29:31: [INFO] Routing SW39 with D39
13:29:31: [INFO] Using internal autorouter method
13:29:31: [INFO] Routing pad 'SW39:2' at (246743245, 84246635) with pad 'D39:2' at (250824501, 91230713) using coordinate system rotated by 348.0 degree(s)
13:29:31: [INFO] Adding track segment (B.Cu): [(246743245, 84246635), (247811910, 89274313)]
13:29:31: [INFO] Adding track segment (B.Cu): [(247811910, 89274313), (250824501, 91230713)]
13:29:31: [INFO] Routing SW38 with D38
13:29:31: [INFO] Using internal autorouter method
13:29:31: [INFO] Routing pad 'SW38:2' at (228109533, 88207353) with pad 'D38:2' at (232190789, 95191431) using coordinate system rotated by 348.0 degree(s)
13:29:31: [INFO] Adding track segment (B.Cu): [(228109533, 88207353), (229178198, 93235032)]
13:29:31: [INFO] Adding track segment (B.Cu): [(229178198, 93235032), (232190789, 95191431)]
13:29:31: [INFO] Routing SW37 with D37
13:29:31: [INFO] Using internal autorouter method
13:29:31: [INFO] Routing pad 'SW37:2' at (186746673, 86293006) with pad 'D37:2' at (187634406, 94333274) using coordinate system rotated by 12.0 degree(s)
13:29:31: [INFO] Adding track segment (B.Cu): [(186746673, 86293006), (185678006, 91320683)]
13:29:31: [INFO] Adding track segment (B.Cu): [(185678006, 91320683), (187634406, 94333274)]
13:29:31: [INFO] Routing SW36 with D36
13:29:31: [INFO] Using internal autorouter method
13:29:31: [INFO] Routing pad 'SW36:2' at (168112961, 82332289) with pad 'D36:2' at (169000694, 90372557) using coordinate system rotated by 12.0 degree(s)
13:29:31: [INFO] Adding track segment (B.Cu): [(168112961, 82332289), (167044294, 87359965)]
13:29:31: [INFO] Adding track segment (B.Cu): [(167044294, 87359965), (169000694, 90372557)]
13:29:31: [INFO] Routing SW35 with D35
13:29:31: [INFO] Using internal autorouter method
13:29:31: [INFO] Routing pad 'SW35:2' at (148781539, 58747680) with pad 'D35:2' at (149669272, 66787948) using coordinate system rotated by 12.0 degree(s)
13:29:31: [INFO] Adding track segment (B.Cu): [(148781539, 58747680), (147712872, 63775356)]
13:29:31: [INFO] Adding track segment (B.Cu): [(147712872, 63775356), (149669272, 66787948)]
13:29:31: [INFO] Routing SW34 with D34
13:29:31: [INFO] Using internal autorouter method
13:29:31: [INFO] Routing pad 'SW34:2' at (130845537, 74410853) with pad 'D34:2' at (131733270, 82451121) using coordinate system rotated by 12.0 degree(s)
13:29:31: [INFO] Adding track segment (B.Cu): [(130845537, 74410853), (129776870, 79438531)]
13:29:31: [INFO] Adding track segment (B.Cu): [(129776870, 79438531), (131733270, 82451121)]
13:29:31: [INFO] Routing SW33 with D33
13:29:31: [INFO] Using internal autorouter method
13:29:31: [INFO] Routing pad 'SW33:2' at (107315000, 73406000) with pad 'D33:2' at (109855000, 81086000) using coordinate system rotated by 0 degree(s)
13:29:31: [INFO] Adding track segment (B.Cu): [(107315000, 73406000), (107315000, 78546000)]
13:29:31: [INFO] Adding track segment (B.Cu): [(107315000, 78546000), (109855000, 81086000)]
13:29:31: [INFO] Routing SW32 with D32
13:29:31: [INFO] Using internal autorouter method
13:29:31: [INFO] Routing pad 'SW32:2' at (81121250, 73406000) with pad 'D32:2' at (83661250, 81086000) using coordinate system rotated by 0 degree(s)
13:29:31: [INFO] Adding track segment (B.Cu): [(81121250, 73406000), (81121250, 78546000)]
13:29:31: [INFO] Adding track segment (B.Cu): [(81121250, 78546000), (83661250, 81086000)]
13:29:31: [INFO] Routing SW31 with D31
13:29:31: [INFO] Using internal autorouter method
13:29:31: [INFO] Routing pad 'SW31:2' at (50165000, 71120000) with pad 'D31:2' at (52705000, 78800000) using coordinate system rotated by 0 degree(s)
13:29:31: [INFO] Adding track segment (B.Cu): [(50165000, 71120000), (50165000, 76260000)]
13:29:31: [INFO] Adding track segment (B.Cu): [(50165000, 76260000), (52705000, 78800000)]
13:29:31: [INFO] Routing SW30 with D30
13:29:31: [INFO] Using internal autorouter method
13:29:31: [INFO] Routing pad 'SW30:2' at (359727500, 54356000) with pad 'D30:2' at (362267500, 62036000) using coordinate system rotated by 0 degree(s)
13:29:31: [INFO] Adding track segment (B.Cu): [(359727500, 54356000), (359727500, 59496000)]
13:29:31: [INFO] Adding track segment (B.Cu): [(359727500, 59496000), (362267500, 62036000)]
13:29:31: [INFO] Routing SW29 with D29
13:29:31: [INFO] Using internal autorouter method
13:29:31: [INFO] Routing pad 'SW29:2' at (335915000, 54356000) with pad 'D29:2' at (338455000, 62036000) using coordinate system rotated by 0 degree(s)
13:29:31: [INFO] Adding track segment (B.Cu): [(335915000, 54356000), (335915000, 59496000)]
13:29:31: [INFO] Adding track segment (B.Cu): [(335915000, 59496000), (338455000, 62036000)]
13:29:31: [INFO] Routing SW28 with D28
13:29:31: [INFO] Using internal autorouter method
13:29:31: [INFO] Routing pad 'SW28:2' at (316865000, 54356000) with pad 'D28:2' at (319405000, 62036000) using coordinate system rotated by 0 degree(s)
13:29:31: [INFO] Adding track segment (B.Cu): [(316865000, 54356000), (316865000, 59496000)]
13:29:31: [INFO] Adding track segment (B.Cu): [(316865000, 59496000), (319405000, 62036000)]
13:29:31: [INFO] Routing SW27 with D27
13:29:31: [INFO] Using internal autorouter method
13:29:31: [INFO] Routing pad 'SW27:2' at (294025235, 54720949) with pad 'D27:2' at (298106491, 61705027) using coordinate system rotated by 348.0 degree(s)
13:29:31: [INFO] Adding track segment (B.Cu): [(294025235, 54720949), (295093901, 59748627)]
13:29:31: [INFO] Adding track segment (B.Cu): [(295093901, 59748627), (298106491, 61705027)]
13:29:31: [INFO] Routing SW26 with D26
13:29:31: [INFO] Using internal autorouter method
13:29:31: [INFO] Routing pad 'SW26:2' at (275391523, 58681667) with pad 'D26:2' at (279472779, 65665745) using coordinate system rotated by 348.0 degree(s)
13:29:31: [INFO] Adding track segment (B.Cu): [(275391523, 58681667), (276460188, 63709344)]
13:29:31: [INFO] Adding track segment (B.Cu): [(276460188, 63709344), (279472779, 65665745)]
13:29:31: [INFO] Routing SW25 with D25
13:29:31: [INFO] Using internal autorouter method
13:29:31: [INFO] Routing pad 'SW25:2' at (256757811, 62642385) with pad 'D25:2' at (260839067, 69626463) using coordinate system rotated by 348.0 degree(s)
13:29:31: [INFO] Adding track segment (B.Cu): [(256757811, 62642385), (257826476, 67670064)]
13:29:31: [INFO] Adding track segment (B.Cu): [(257826476, 67670064), (260839067, 69626463)]
13:29:31: [INFO] Routing SW24 with D24
13:29:31: [INFO] Using internal autorouter method
13:29:31: [INFO] Routing pad 'SW24:2' at (238124100, 66603102) with pad 'D24:2' at (242205356, 73587180) using coordinate system rotated by 348.0 degree(s)
13:29:31: [INFO] Adding track segment (B.Cu): [(238124100, 66603102), (239192765, 71630781)]
13:29:31: [INFO] Adding track segment (B.Cu): [(239192765, 71630781), (242205356, 73587180)]
13:29:31: [INFO] Routing SW23 with D23
13:29:31: [INFO] Using internal autorouter method
13:29:31: [INFO] Routing pad 'SW23:2' at (219490388, 70563820) with pad 'D23:2' at (223571644, 77547898) using coordinate system rotated by 348.0 degree(s)
13:29:31: [INFO] Adding track segment (B.Cu): [(219490388, 70563820), (220559053, 75591498)]
13:29:31: [INFO] Adding track segment (B.Cu): [(220559053, 75591498), (223571644, 77547898)]
13:29:31: [INFO] Routing SW22 with D22
13:29:31: [INFO] Using internal autorouter method
13:29:31: [INFO] Routing pad 'SW22:2' at (186048963, 66669115) with pad 'D22:2' at (186936696, 74709383) using coordinate system rotated by 12.0 degree(s)
13:29:31: [INFO] Adding track segment (B.Cu): [(186048963, 66669115), (184980296, 71696793)]
13:29:31: [INFO] Adding track segment (B.Cu): [(184980296, 71696793), (186936696, 74709383)]
13:29:31: [INFO] Routing SW21 with D21
13:29:31: [INFO] Using internal autorouter method
13:29:31: [INFO] Routing pad 'SW21:2' at (167415251, 62708397) with pad 'D21:2' at (168302984, 70748665) using coordinate system rotated by 12.0 degree(s)
13:29:31: [INFO] Adding track segment (B.Cu): [(167415251, 62708397), (166346584, 67736073)]
13:29:31: [INFO] Adding track segment (B.Cu): [(166346584, 67736073), (168302984, 70748665)]
13:29:31: [INFO] Routing SW20 with D20
13:29:31: [INFO] Using internal autorouter method
13:29:31: [INFO] Routing pad 'SW20:2' at (162059113, 42094327) with pad 'D20:2' at (162946846, 50134595) using coordinate system rotated by 12.0 degree(s)
13:29:31: [INFO] Adding track segment (B.Cu): [(162059113, 42094327), (160990446, 47122004)]
13:29:31: [INFO] Adding track segment (B.Cu): [(160990446, 47122004), (162946846, 50134595)]
13:29:31: [INFO] Routing SW19 with D19
13:29:31: [INFO] Using internal autorouter method
13:29:31: [INFO] Routing pad 'SW19:2' at (130147827, 54786962) with pad 'D19:2' at (131035560, 62827230) using coordinate system rotated by 12.0 degree(s)
13:29:31: [INFO] Adding track segment (B.Cu): [(130147827, 54786962), (129079160, 59814638)]
13:29:31: [INFO] Adding track segment (B.Cu): [(129079160, 59814638), (131035560, 62827230)]
13:29:31: [INFO] Routing SW18 with D18
13:29:31: [INFO] Using internal autorouter method
13:29:31: [INFO] Routing pad 'SW18:2' at (107315000, 54356000) with pad 'D18:2' at (109855000, 62036000) using coordinate system rotated by 0 degree(s)
13:29:31: [INFO] Adding track segment (B.Cu): [(107315000, 54356000), (107315000, 59496000)]
13:29:31: [INFO] Adding track segment (B.Cu): [(107315000, 59496000), (109855000, 62036000)]
13:29:31: [INFO] Routing SW17 with D17
13:29:31: [INFO] Using internal autorouter method
13:29:31: [INFO] Routing pad 'SW17:2' at (83502500, 54356000) with pad 'D17:2' at (86042500, 62036000) using coordinate system rotated by 0 degree(s)
13:29:31: [INFO] Adding track segment (B.Cu): [(83502500, 54356000), (83502500, 59496000)]
13:29:31: [INFO] Adding track segment (B.Cu): [(83502500, 59496000), (86042500, 62036000)]
13:29:31: [INFO] Routing SW16 with D16
13:29:31: [INFO] Using internal autorouter method
13:29:31: [INFO] Routing pad 'SW16:2' at (54927500, 52070000) with pad 'D16:2' at (57467500, 59750000) using coordinate system rotated by 0 degree(s)
13:29:31: [INFO] Adding track segment (B.Cu): [(54927500, 52070000), (54927500, 57210000)]
13:29:31: [INFO] Adding track segment (B.Cu): [(54927500, 57210000), (57467500, 59750000)]
13:29:31: [INFO] Routing SW15 with D15
13:29:31: [INFO] Using internal autorouter method
13:29:31: [INFO] Routing pad 'SW15:2' at (359727500, 35306000) with pad 'D15:2' at (362267500, 42986000) using coordinate system rotated by 0 degree(s)
13:29:31: [INFO] Adding track segment (B.Cu): [(359727500, 35306000), (359727500, 40446000)]
13:29:31: [INFO] Adding track segment (B.Cu): [(359727500, 40446000), (362267500, 42986000)]
13:29:31: [INFO] Routing SW14 with D14
13:29:31: [INFO] Using internal autorouter method
13:29:31: [INFO] Routing pad 'SW14:2' at (340677500, 35306000) with pad 'D14:2' at (343217500, 42986000) using coordinate system rotated by 0 degree(s)
13:29:31: [INFO] Adding track segment (B.Cu): [(340677500, 35306000), (340677500, 40446000)]
13:29:31: [INFO] Adding track segment (B.Cu): [(340677500, 40446000), (343217500, 42986000)]
13:29:31: [INFO] Routing SW13 with D13
13:29:31: [INFO] Using internal autorouter method
13:29:31: [INFO] Routing pad 'SW13:2' at (321627500, 35306000) with pad 'D13:2' at (324167500, 42986000) using coordinate system rotated by 0 degree(s)
13:29:31: [INFO] Adding track segment (B.Cu): [(321627500, 35306000), (321627500, 40446000)]
13:29:31: [INFO] Adding track segment (B.Cu): [(321627500, 40446000), (324167500, 42986000)]
13:29:31: [INFO] Routing SW12 with D12
13:29:31: [INFO] Using internal autorouter method
13:29:31: [INFO] Routing pad 'SW12:2' at (302577500, 33020000) with pad 'D12:2' at (305117500, 40700000) using coordinate system rotated by 0 degree(s)
13:29:31: [INFO] Adding track segment (B.Cu): [(302577500, 33020000), (302577500, 38160000)]
13:29:31: [INFO] Adding track segment (B.Cu): [(302577500, 38160000), (305117500, 40700000)]
13:29:31: [INFO] Routing SW11 with D11
13:29:31: [INFO] Using internal autorouter method
13:29:31: [INFO] Routing pad 'SW11:2' at (280747661, 38067596) with pad 'D11:2' at (284828917, 45051674) using coordinate system rotated by 348.0 degree(s)
13:29:31: [INFO] Adding track segment (B.Cu): [(280747661, 38067596), (281816326, 43095274)]
13:29:31: [INFO] Adding track segment (B.Cu): [(281816326, 43095274), (284828917, 45051674)]
13:29:31: [INFO] Routing SW10 with D10
13:29:31: [INFO] Using internal autorouter method
13:29:31: [INFO] Routing pad 'SW10:2' at (262113950, 42028314) with pad 'D10:2' at (266195206, 49012392) using coordinate system rotated by 348.0 degree(s)
13:29:31: [INFO] Adding track segment (B.Cu): [(262113950, 42028314), (263182615, 47055993)]
13:29:31: [INFO] Adding track segment (B.Cu): [(263182615, 47055993), (266195206, 49012392)]
13:29:31: [INFO] Routing SW9 with D9
13:29:31: [INFO] Using internal autorouter method
13:29:31: [INFO] Routing pad 'SW9:2' at (243480238, 45989032) with pad 'D9:2' at (247561494, 52973110) using coordinate system rotated by 348.0 degree(s)
13:29:31: [INFO] Adding track segment (B.Cu): [(243480238, 45989032), (244548904, 51016711)]
13:29:31: [INFO] Adding track segment (B.Cu): [(244548904, 51016711), (247561494, 52973110)]
13:29:31: [INFO] Routing SW8 with D8
13:29:31: [INFO] Using internal autorouter method
13:29:31: [INFO] Routing pad 'SW8:2' at (224846526, 49949750) with pad 'D8:2' at (228927782, 56933828) using coordinate system rotated by 348.0 degree(s)
13:29:31: [INFO] Adding track segment (B.Cu): [(224846526, 49949750), (225915191, 54977428)]
13:29:31: [INFO] Adding track segment (B.Cu): [(225915191, 54977428), (228927782, 56933828)]
13:29:31: [INFO] Routing SW7 with D7
13:29:31: [INFO] Using internal autorouter method
13:29:31: [INFO] Routing pad 'SW7:2' at (199326536, 50015762) with pad 'D7:2' at (200214269, 58056030) using coordinate system rotated by 12.0 degree(s)
13:29:31: [INFO] Adding track segment (B.Cu): [(199326536, 50015762), (198257869, 55043439)]
13:29:31: [INFO] Adding track segment (B.Cu): [(198257869, 55043439), (200214269, 58056030)]
13:29:31: [INFO] Routing SW6 with D6
13:29:31: [INFO] Using internal autorouter method
13:29:31: [INFO] Routing pad 'SW6:2' at (180692824, 46055044) with pad 'D6:2' at (181580557, 54095312) using coordinate system rotated by 12.0 degree(s)
13:29:31: [INFO] Adding track segment (B.Cu): [(180692824, 46055044), (179624157, 51082722)]
13:29:31: [INFO] Adding track segment (B.Cu): [(179624157, 51082722), (181580557, 54095312)]
13:29:31: [INFO] Routing SW5 with D5
13:29:31: [INFO] Using internal autorouter method
13:29:31: [INFO] Routing pad 'SW5:2' at (143425401, 38133609) with pad 'D5:2' at (144313134, 46173877) using coordinate system rotated by 12.0 degree(s)
13:29:31: [INFO] Adding track segment (B.Cu): [(143425401, 38133609), (142356734, 43161285)]
13:29:31: [INFO] Adding track segment (B.Cu): [(142356734, 43161285), (144313134, 46173877)]
13:29:31: [INFO] Routing SW4 with D4
13:29:31: [INFO] Using internal autorouter method
13:29:31: [INFO] Routing pad 'SW4:2' at (121602500, 33020000) with pad 'D4:2' at (124142500, 40700000) using coordinate system rotated by 0 degree(s)
13:29:31: [INFO] Adding track segment (B.Cu): [(121602500, 33020000), (121602500, 38160000)]
13:29:31: [INFO] Adding track segment (B.Cu): [(121602500, 38160000), (124142500, 40700000)]
13:29:31: [INFO] Routing SW3 with D3
13:29:31: [INFO] Using internal autorouter method
13:29:31: [INFO] Routing pad 'SW3:2' at (102552500, 35306000) with pad 'D3:2' at (105092500, 42986000) using coordinate system rotated by 0 degree(s)
13:29:31: [INFO] Adding track segment (B.Cu): [(102552500, 35306000), (102552500, 40446000)]
13:29:31: [INFO] Adding track segment (B.Cu): [(102552500, 40446000), (105092500, 42986000)]
13:29:31: [INFO] Routing SW2 with D2
13:29:31: [INFO] Using internal autorouter method
13:29:31: [INFO] Routing pad 'SW2:2' at (83502500, 35306000) with pad 'D2:2' at (86042500, 42986000) using coordinate system rotated by 0 degree(s)
13:29:31: [INFO] Adding track segment (B.Cu): [(83502500, 35306000), (83502500, 40446000)]
13:29:31: [INFO] Adding track segment (B.Cu): [(83502500, 40446000), (86042500, 42986000)]
13:29:31: [INFO] Routing SW1 with D1
13:29:31: [INFO] Using internal autorouter method
13:29:31: [INFO] Routing pad 'SW1:2' at (59690000, 33020000) with pad 'D1:2' at (62230000, 40700000) using coordinate system rotated by 0 degree(s)
13:29:31: [INFO] Adding track segment (B.Cu): [(59690000, 33020000), (59690000, 38160000)]
13:29:31: [INFO] Adding track segment (B.Cu): [(59690000, 38160000), (62230000, 40700000)]
13:29:31: [INFO] Routing ROW0 pads
13:29:31: [INFO] Routing pad 'D1:1' at (62230000, 43500000) with pad 'D2:1' at (86042500, 45786000) using coordinate system rotated by 0 degree(s)
13:29:31: [INFO] Adding track segment (B.Cu): [(62230000, 43500000), (83756500, 43500000)]
13:29:31: [INFO] Adding track segment (B.Cu): [(83756500, 43500000), (86042500, 45786000)]
13:29:31: [INFO] Routing pad 'D2:1' at (86042500, 45786000) with pad 'D3:1' at (105092500, 45786000) using coordinate system rotated by 0 degree(s)
13:29:31: [INFO] Adding track segment (B.Cu): [(86042500, 45786000), (105092500, 45786000)]
13:29:31: [INFO] Routing pad 'D3:1' at (105092500, 45786000) with pad 'D4:1' at (124142500, 43500000) using coordinate system rotated by 0 degree(s)
13:29:31: [INFO] Adding track segment (B.Cu): [(105092500, 45786000), (121856500, 45786000)]
13:29:31: [INFO] Adding track segment (B.Cu): [(121856500, 45786000), (124142500, 43500000)]
13:29:31: [WARNING] Could not route pads when parent footprints not rotated the same, footprint1: D4 at 90.0 degree(s) and footprint2: D5 at 78.0 degree(s)
13:29:31: [INFO] Routing pad 'D5:1' at (143730982, 48912691) with pad 'D6:1' at (180998405, 56834126) using coordinate system rotated by 282.0 degree(s)
13:29:31: [INFO] Routing pad 'D6:1' at (180998405, 56834126) with pad 'D7:1' at (199632117, 60794844) using coordinate system rotated by 282.0 degree(s)
13:29:31: [INFO] Adding track segment (B.Cu): [(180998405, 56834126), (199632117, 60794843)]
13:29:31: [INFO] Adding track segment (B.Cu): [(199632117, 60794843), (199632117, 60794844)]
13:29:31: [WARNING] Could not route pads when parent footprints not rotated the same, footprint1: D7 at 78.0 degree(s) and footprint2: D8 at 102.0 degree(s)
13:29:31: [INFO] Routing pad 'D8:1' at (229509934, 59672642) with pad 'D9:1' at (248143646, 55711924) using coordinate system rotated by 258.0 degree(s)
13:29:31: [INFO] Adding track segment (B.Cu): [(229509934, 59672642), (248143644, 55711924)]
13:29:31: [INFO] Adding track segment (B.Cu): [(248143644, 55711924), (248143646, 55711924)]
13:29:31: [INFO] Routing pad 'D9:1' at (248143646, 55711924) with pad 'D10:1' at (266777358, 51751206) using coordinate system rotated by 258.0 degree(s)
13:29:31: [INFO] Adding track segment (B.Cu): [(248143646, 55711924), (266777356, 51751205)]
13:29:31: [INFO] Adding track segment (B.Cu): [(266777356, 51751205), (266777358, 51751206)]
13:29:31: [INFO] Routing pad 'D10:1' at (266777358, 51751206) with pad 'D11:1' at (285411069, 47790488) using coordinate system rotated by 258.0 degree(s)
13:29:31: [INFO] Adding track segment (B.Cu): [(266777358, 51751206), (285411068, 47790487)]
13:29:31: [INFO] Adding track segment (B.Cu): [(285411068, 47790487), (285411069, 47790488)]
13:29:31: [WARNING] Could not route pads when parent footprints not rotated the same, footprint1: D11 at 102.0 degree(s) and footprint2: D12 at 90.0 degree(s)
13:29:31: [INFO] Routing pad 'D12:1' at (305117500, 43500000) with pad 'D13:1' at (324167500, 45786000) using coordinate system rotated by 0 degree(s)
13:29:32: [INFO] Adding track segment (B.Cu): [(305117500, 43500000), (321881500, 43500000)]
13:29:32: [INFO] Adding track segment (B.Cu): [(321881500, 43500000), (324167500, 45786000)]
13:29:32: [INFO] Routing pad 'D13:1' at (324167500, 45786000) with pad 'D14:1' at (343217500, 45786000) using coordinate system rotated by 0 degree(s)
13:29:32: [INFO] Adding track segment (B.Cu): [(324167500, 45786000), (343217500, 45786000)]
13:29:32: [INFO] Routing pad 'D14:1' at (343217500, 45786000) with pad 'D15:1' at (362267500, 45786000) using coordinate system rotated by 0 degree(s)
13:29:32: [INFO] Adding track segment (B.Cu): [(343217500, 45786000), (362267500, 45786000)]
13:29:32: [INFO] Routing COL4 pads
13:29:32: [INFO] Routing pad 'SW5:1' at (136686068, 39297865) with pad 'SW35:1' at (142042206, 59911936) using coordinate system rotated by 12.0 degree(s)
13:29:32: [INFO] Adding track segment (F.Cu): [(136686068, 39297865), (134705708, 48614722)]
13:29:32: [INFO] Adding track segment (F.Cu): [(134705708, 48614722), (142042206, 59911936)]
13:29:32: [INFO] Routing pad 'SW35:1' at (142042206, 59911936) with pad 'SW48:1' at (142739916, 79535827) using coordinate system rotated by 12.0 degree(s)
13:29:32: [INFO] Adding track segment (F.Cu): [(142042206, 59911936), (139071666, 73887219)]
13:29:32: [INFO] Adding track segment (F.Cu): [(139071666, 73887219), (142739916, 79535827)]
13:29:32: [INFO] Routing pad 'SW48:1' at (142739916, 79535827) with pad 'SW60:1' at (148096054, 100149897) using coordinate system rotated by 12.0 degree(s)
13:29:32: [INFO] Adding track segment (F.Cu): [(142739916, 79535827), (140759556, 88852681)]
13:29:32: [INFO] Adding track segment (F.Cu): [(140759556, 88852681), (148096054, 100149897)]
13:29:32: [INFO] Routing pad 'SW5:1' at (136686068, 39297865) with pad 'SW20:1' at (155319780, 43258583) using coordinate system rotated by 12.0 degree(s)
13:29:32: [INFO] Adding track segment (F.Cu): [(136686068, 39297865), (155319778, 43258581)]
13:29:32: [INFO] Adding track segment (F.Cu): [(155319778, 43258581), (155319780, 43258583)]
13:29:32: [INFO] Routing COL1 pads
13:29:32: [INFO] Routing pad 'SW45:1' at (74771250, 94996000) with pad 'SW32:1' at (74771250, 75946000) using coordinate system rotated by 0 degree(s)
13:29:32: [INFO] Adding track segment (F.Cu): [(74771250, 94996000), (74771250, 75946000)]
13:29:32: [INFO] Routing pad 'SW58:1' at (67627500, 114046000) with pad 'SW45:1' at (74771250, 94996000) using coordinate system rotated by 0 degree(s)
13:29:32: [INFO] Adding track segment (F.Cu): [(67627500, 114046000), (74771250, 106902250)]
13:29:32: [INFO] Adding track segment (F.Cu): [(74771250, 106902250), (74771250, 94996000)]
13:29:32: [INFO] Routing pad 'SW17:1' at (77152500, 56896000) with pad 'SW2:1' at (77152500, 37846000) using coordinate system rotated by 0 degree(s)
13:29:32: [INFO] Adding track segment (F.Cu): [(77152500, 56896000), (77152500, 37846000)]
13:29:32: [INFO] Routing pad 'SW32:1' at (74771250, 75946000) with pad 'SW17:1' at (77152500, 56896000) using coordinate system rotated by 0 degree(s)
13:29:32: [INFO] Adding track segment (F.Cu): [(74771250, 75946000), (77152500, 73564750)]
13:29:32: [INFO] Adding track segment (F.Cu): [(77152500, 73564750), (77152500, 56896000)]
13:29:32: [INFO] Routing COL8 pads
13:29:32: [INFO] Routing pad 'SW24:1' at (232440958, 70407837) with pad 'SW9:1' at (237797096, 49793767) using coordinate system rotated by 348.0 degree(s)
13:29:32: [INFO] Adding track segment (F.Cu): [(232440958, 70407837), (239777454, 59110622)]
13:29:32: [INFO] Adding track segment (F.Cu): [(239777454, 59110622), (237797096, 49793767)]
13:29:32: [INFO] Routing pad 'SW24:1' at (232440958, 70407837) with pad 'SW39:1' at (241060103, 88051370) using coordinate system rotated by 348.0 degree(s)
13:29:32: [INFO] Adding track segment (F.Cu): [(232440958, 70407837), (235411495, 84383120)]
13:29:32: [INFO] Adding track segment (F.Cu): [(235411495, 84383120), (241060103, 88051370)]
13:29:32: [INFO] Routing pad 'SW52:1' at (248689069, 105798974) with pad 'SW63:1' at (246652325, 125813883) using coordinate system rotated by 348.0 degree(s)
13:29:32: [INFO] Adding track segment (F.Cu): [(248689069, 105798974), (251392024, 118515383)]
13:29:32: [INFO] Adding track segment (F.Cu): [(251392024, 118515383), (246652325, 125813883)]
13:29:32: [INFO] Routing pad 'SW39:1' at (241060103, 88051370) with pad 'SW52:1' at (248689069, 105798974) using coordinate system rotated by 348.0 degree(s)
13:29:32: [INFO] Adding track segment (F.Cu): [(241060103, 88051370), (244214873, 102893397)]
13:29:32: [INFO] Adding track segment (F.Cu): [(244214873, 102893397), (248689069, 105798974)]
13:29:32: [INFO] Routing COL14 pads
13:29:32: [INFO] Routing pad 'SW15:1' at (353377500, 37846000) with pad 'SW30:1' at (353377500, 56896000) using coordinate system rotated by 0 degree(s)
13:29:32: [INFO] Adding track segment (F.Cu): [(353377500, 37846000), (353377500, 56896000)]
13:29:32: [INFO] Routing pad 'SW30:1' at (353377500, 56896000) with pad 'SW57:1' at (367665000, 99758500) using coordinate system rotated by 0 degree(s)
13:29:32: [INFO] Routing pad 'SW57:1' at (367665000, 99758500) with pad 'SW67:1' at (386715000, 118808500) using coordinate system rotated by 0 degree(s)
13:29:32: [INFO] Routing ROW2 pads
13:29:32: [INFO] Routing pad 'D31:1' at (52705000, 81600000) with pad 'D32:1' at (83661250, 83886000) using coordinate system rotated by 0 degree(s)
13:29:32: [INFO] Adding track segment (B.Cu): [(52705000, 81600000), (81375250, 81600000)]
13:29:32: [INFO] Adding track segment (B.Cu): [(81375250, 81600000), (83661250, 83886000)]
13:29:32: [INFO] Routing pad 'D32:1' at (83661250, 83886000) with pad 'D33:1' at (109855000, 83886000) using coordinate system rotated by 0 degree(s)
13:29:32: [INFO] Adding track segment (B.Cu): [(83661250, 83886000), (109855000, 83886000)]
13:29:32: [WARNING] Could not route pads when parent footprints not rotated the same, footprint1: D33 at 90.0 degree(s) and footprint2: D34 at 78.0 degree(s)
13:29:32: [INFO] Routing pad 'D34:1' at (131151118, 85189935) with pad 'D35:1' at (149087120, 69526762) using coordinate system rotated by 282.0 degree(s)
13:29:32: [INFO] Adding track segment (B.Cu): [(131151118, 85189935), (148096940, 74185187)]
13:29:32: [INFO] Adding track segment (B.Cu): [(148096940, 74185187), (149087120, 69526762)]
13:29:32: [INFO] Routing pad 'D35:1' at (149087120, 69526762) with pad 'D36:1' at (168418542, 93111371) using coordinate system rotated by 282.0 degree(s)
13:29:32: [INFO] Routing pad 'D36:1' at (168418542, 93111371) with pad 'D37:1' at (187052254, 97072088) using coordinate system rotated by 282.0 degree(s)
13:29:32: [INFO] Adding track segment (B.Cu): [(168418542, 93111371), (187052252, 97072088)]
13:29:32: [INFO] Adding track segment (B.Cu): [(187052252, 97072088), (187052254, 97072088)]
13:29:32: [WARNING] Could not route pads when parent footprints not rotated the same, footprint1: D37 at 78.0 degree(s) and footprint2: D38 at 102.0 degree(s)
13:29:32: [INFO] Routing pad 'D38:1' at (232772941, 97930245) with pad 'D39:1' at (251406653, 93969527) using coordinate system rotated by 258.0 degree(s)
13:29:32: [INFO] Adding track segment (B.Cu): [(232772941, 97930245), (251406652, 93969526)]
13:29:32: [INFO] Adding track segment (B.Cu): [(251406652, 93969526), (251406653, 93969527)]
13:29:32: [INFO] Routing pad 'D39:1' at (251406653, 93969527) with pad 'D40:1' at (270040365, 90008809) using coordinate system rotated by 258.0 degree(s)
13:29:32: [INFO] Adding track segment (B.Cu): [(251406653, 93969527), (270040364, 90008808)]
13:29:32: [INFO] Adding track segment (B.Cu): [(270040364, 90008808), (270040365, 90008809)]
13:29:32: [INFO] Routing pad 'D40:1' at (270040365, 90008809) with pad 'D41:1' at (288674077, 86048091) using coordinate system rotated by 258.0 degree(s)
13:29:32: [INFO] Adding track segment (B.Cu): [(270040365, 90008809), (288674076, 86048090)]
13:29:32: [INFO] Adding track segment (B.Cu): [(288674076, 86048090), (288674077, 86048091)]
13:29:32: [WARNING] Could not route pads when parent footprints not rotated the same, footprint1: D41 at 102.0 degree(s) and footprint2: D42 at 90.0 degree(s)
13:29:32: [INFO] Routing pad 'D42:1' at (309880000, 83886000) with pad 'D43:1' at (328930000, 83886000) using coordinate system rotated by 0 degree(s)
13:29:32: [INFO] Adding track segment (B.Cu): [(309880000, 83886000), (328930000, 83886000)]
13:29:32: [INFO] Routing pad 'D43:1' at (328930000, 83886000) with pad 'D44:1' at (359886250, 83886000) using coordinate system rotated by 0 degree(s)
13:29:32: [INFO] Adding track segment (B.Cu): [(328930000, 83886000), (359886250, 83886000)]
13:29:32: [INFO] Routing COL11 pads
13:29:32: [WARNING] Could not route pads when parent footprints not rotated the same, footprint1: SW27 at 12.0 degree(s) and footprint2: SW12 at 0.0 degree(s)
13:29:32: [WARNING] Could not route pads when parent footprints not rotated the same, footprint1: SW27 at 12.0 degree(s) and footprint2: SW42 at 0.0 degree(s)
13:29:32: [INFO] Routing pad 'SW42:1' at (300990000, 75946000) with pad 'SW55:1' at (310515000, 94996000) using coordinate system rotated by 0 degree(s)
13:29:32: [INFO] Adding track segment (F.Cu): [(300990000, 75946000), (300990000, 85471000)]
13:29:32: [INFO] Adding track segment (F.Cu): [(300990000, 85471000), (310515000, 94996000)]
13:29:32: [INFO] Routing ROW4 pads
13:29:32: [WARNING] Could not route pads when parent footprints not rotated the same, footprint1: D58 at 90.0 degree(s) and footprint2: D59 at 78.0 degree(s)
13:29:32: [INFO] Routing pad 'D59:1' at (134875753, 124932807) with pad 'D60:1' at (155140968, 109764723) using coordinate system rotated by 282.0 degree(s)
13:29:32: [INFO] Routing pad 'D60:1' at (155140968, 109764723) with pad 'D61:1' at (165155534, 131368974) using coordinate system rotated by 282.0 degree(s)
13:29:32: [INFO] Routing pad 'D61:1' at (165155534, 131368974) with pad 'D62:1' at (193106102, 137310050) using coordinate system rotated by 282.0 degree(s)
13:29:32: [INFO] Adding track segment (B.Cu): [(165155534, 131368974), (193106100, 137310049)]
13:29:32: [INFO] Adding track segment (B.Cu): [(193106100, 137310049), (193106102, 137310050)]
13:29:32: [WARNING] Could not route pads when parent footprints not rotated the same, footprint1: D62 at 78.0 degree(s) and footprint2: D63 at 102.0 degree(s)
13:29:32: [INFO] Routing pad 'D63:1' at (256998875, 131732040) with pad 'D64:1' at (296595512, 123315515) using coordinate system rotated by 258.0 degree(s)
13:29:32: [INFO] Adding track segment (B.Cu): [(256998875, 131732040), (296595511, 123315514)]
13:29:32: [INFO] Adding track segment (B.Cu): [(296595511, 123315514), (296595512, 123315515)]
13:29:32: [WARNING] Could not route pads when parent footprints not rotated the same, footprint1: D64 at 102.0 degree(s) and footprint2: D65 at 90.0 degree(s)
13:29:32: [INFO] Routing pad 'D65:1' at (357505000, 126748500) with pad 'D66:1' at (376555000, 126748500) using coordinate system rotated by 0 degree(s)
13:29:32: [INFO] Adding track segment (B.Cu): [(357505000, 126748500), (376555000, 126748500)]
13:29:32: [INFO] Routing pad 'D66:1' at (376555000, 126748500) with pad 'D67:1' at (395605000, 126748500) using coordinate system rotated by 0 degree(s)
13:29:32: [INFO] Adding track segment (B.Cu): [(376555000, 126748500), (395605000, 126748500)]
13:29:32: [INFO] Routing ROW3 pads
13:29:32: [INFO] Routing pad 'D45:1' at (83661250, 102936000) with pad 'D46:1' at (114617500, 102936000) using coordinate system rotated by 0 degree(s)
13:29:32: [INFO] Adding track segment (B.Cu): [(83661250, 102936000), (114617500, 102936000)]
13:29:32: [WARNING] Could not route pads when parent footprints not rotated the same, footprint1: D46 at 90.0 degree(s) and footprint2: D47 at 78.0 degree(s)
13:29:32: [INFO] Routing pad 'D47:1' at (136507257, 105804006) with pad 'D48:1' at (149784830, 89150653) using coordinate system rotated by 282.0 degree(s)
13:29:32: [INFO] Adding track segment (B.Cu): [(136507257, 105804006), (147804471, 98467508)]
13:29:32: [INFO] Adding track segment (B.Cu): [(147804471, 98467508), (149784830, 89150653)]
13:29:32: [INFO] Routing pad 'D48:1' at (149784830, 89150653) with pad 'D49:1' at (173774680, 113725441) using coordinate system rotated by 282.0 degree(s)
13:29:32: [INFO] Routing pad 'D49:1' at (173774680, 113725441) with pad 'D50:1' at (192408392, 117686159) using coordinate system rotated by 282.0 degree(s)
13:29:32: [INFO] Adding track segment (B.Cu): [(173774680, 113725441), (192408391, 117686158)]
13:29:32: [INFO] Adding track segment (B.Cu): [(192408391, 117686158), (192408392, 117686159)]
13:29:32: [WARNING] Could not route pads when parent footprints not rotated the same, footprint1: D50 at 78.0 degree(s) and footprint2: D51 at 102.0 degree(s)
13:29:32: [INFO] Routing pad 'D51:1' at (240401908, 115677849) with pad 'D52:1' at (259035619, 111717131) using coordinate system rotated by 258.0 degree(s)
13:29:32: [INFO] Adding track segment (B.Cu): [(240401908, 115677849), (259035618, 111717130)]
13:29:32: [INFO] Adding track segment (B.Cu): [(259035618, 111717130), (259035619, 111717131)]
13:29:32: [INFO] Routing pad 'D52:1' at (259035619, 111717131) with pad 'D53:1' at (277669331, 107756414) using coordinate system rotated by 258.0 degree(s)
13:29:32: [INFO] Adding track segment (B.Cu): [(259035619, 111717131), (277669330, 107756413)]
13:29:32: [INFO] Adding track segment (B.Cu): [(277669330, 107756413), (277669331, 107756414)]
13:29:32: [INFO] Routing pad 'D53:1' at (277669331, 107756414) with pad 'D54:1' at (296303043, 103795696) using coordinate system rotated by 258.0 degree(s)
13:29:32: [INFO] Adding track segment (B.Cu): [(277669331, 107756414), (296303041, 103795695)]
13:29:32: [INFO] Adding track segment (B.Cu): [(296303041, 103795695), (296303043, 103795696)]
13:29:32: [WARNING] Could not route pads when parent footprints not rotated the same, footprint1: D54 at 102.0 degree(s) and footprint2: D55 at 90.0 degree(s)
13:29:32: [INFO] Routing pad 'D55:1' at (319405000, 102936000) with pad 'D56:1' at (345598750, 102936000) using coordinate system rotated by 0 degree(s)
13:29:32: [INFO] Adding track segment (B.Cu): [(319405000, 102936000), (345598750, 102936000)]
13:29:32: [INFO] Routing pad 'D56:1' at (345598750, 102936000) with pad 'D57:1' at (376555000, 107698500) using coordinate system rotated by 0 degree(s)
13:29:32: [INFO] Adding track segment (B.Cu): [(345598750, 102936000), (350361250, 107698500)]
13:29:32: [INFO] Adding track segment (B.Cu): [(350361250, 107698500), (376555000, 107698500)]
13:29:32: [INFO] Routing COL7 pads
13:29:32: [INFO] Routing pad 'SW23:1' at (213807246, 74368555) with pad 'SW8:1' at (219163384, 53754485) using coordinate system rotated by 348.0 degree(s)
13:29:32: [INFO] Adding track segment (F.Cu): [(213807246, 74368555), (221143742, 63071339)]
13:29:32: [INFO] Adding track segment (F.Cu): [(221143742, 63071339), (219163384, 53754485)]
13:29:32: [INFO] Routing pad 'SW23:1' at (213807246, 74368555) with pad 'SW38:1' at (222426391, 92012088) using coordinate system rotated by 348.0 degree(s)
13:29:32: [INFO] Adding track segment (F.Cu): [(213807246, 74368555), (216777783, 88343840)]
13:29:32: [INFO] Adding track segment (F.Cu): [(216777783, 88343840), (222426391, 92012088)]
13:29:32: [INFO] Routing pad 'SW38:1' at (222426391, 92012088) with pad 'SW51:1' at (230055358, 109759692) using coordinate system rotated by 348.0 degree(s)
13:29:32: [INFO] Adding track segment (F.Cu): [(222426391, 92012088), (225581159, 106854113)]
13:29:32: [INFO] Adding track segment (F.Cu): [(225581159, 106854113), (230055358, 109759692)]
13:29:32: [INFO] Routing COL5 pads
13:29:32: [INFO] Routing pad 'SW36:1' at (161373628, 83496545) with pad 'SW21:1' at (160675918, 63872653) using coordinate system rotated by 12.0 degree(s)
13:29:32: [INFO] Adding track segment (F.Cu): [(161373628, 83496545), (157705378, 77847937)]
13:29:32: [INFO] Adding track segment (F.Cu): [(157705378, 77847937), (160675918, 63872653)]
13:29:32: [INFO] Routing pad 'SW49:1' at (166729766, 104110615) with pad 'SW36:1' at (161373628, 83496545) using coordinate system rotated by 12.0 degree(s)
13:29:32: [INFO] Adding track segment (F.Cu): [(166729766, 104110615), (159393268, 92813399)]
13:29:32: [INFO] Adding track segment (F.Cu): [(159393268, 92813399), (161373628, 83496545)]
13:29:32: [INFO] Routing pad 'SW61:1' at (158110620, 121754148) with pad 'SW49:1' at (166729766, 104110615) using coordinate system rotated by 12.0 degree(s)
13:29:32: [INFO] Adding track segment (F.Cu): [(158110620, 121754148), (163759227, 118085899)]
13:29:32: [INFO] Adding track segment (F.Cu): [(163759227, 118085899), (166729766, 104110615)]
13:29:32: [INFO] Routing pad 'SW21:1' at (160675918, 63872653) with pad 'SW6:1' at (173953491, 47219300) using coordinate system rotated by 12.0 degree(s)
13:29:32: [INFO] Adding track segment (F.Cu): [(160675918, 63872653), (171973131, 56536155)]
13:29:32: [INFO] Adding track segment (F.Cu): [(171973131, 56536155), (173953491, 47219300)]
13:29:32: [INFO] Routing COL9 pads
13:29:32: [INFO] Routing pad 'SW25:1' at (251074669, 66447120) with pad 'SW10:1' at (256430808, 45833049) using coordinate system rotated by 348.0 degree(s)
13:29:32: [INFO] Adding track segment (F.Cu): [(251074669, 66447120), (258411165, 55149904)]
13:29:32: [INFO] Adding track segment (F.Cu): [(258411165, 55149904), (256430808, 45833049)]
13:29:32: [INFO] Routing pad 'SW25:1' at (251074669, 66447120) with pad 'SW40:1' at (259693815, 84090652) using coordinate system rotated by 348.0 degree(s)
13:29:32: [INFO] Adding track segment (F.Cu): [(251074669, 66447120), (254045207, 80422402)]
13:29:32: [INFO] Adding track segment (F.Cu): [(254045207, 80422402), (259693815, 84090652)]
13:29:32: [INFO] Routing pad 'SW40:1' at (259693815, 84090652) with pad 'SW53:1' at (267322781, 101838257) using coordinate system rotated by 348.0 degree(s)
13:29:32: [INFO] Adding track segment (F.Cu): [(259693815, 84090652), (262848585, 98932680)]
13:29:32: [INFO] Adding track segment (F.Cu): [(262848585, 98932680), (267322781, 101838257)]
13:29:32: [INFO] Routing COL12 pads
13:29:32: [INFO] Routing pad 'SW28:1' at (310515000, 56896000) with pad 'SW13:1' at (315277500, 37846000) using coordinate system rotated by 0 degree(s)
13:29:32: [INFO] Adding track segment (F.Cu): [(310515000, 56896000), (315277500, 52133500)]
13:29:32: [INFO] Adding track segment (F.Cu): [(315277500, 52133500), (315277500, 37846000)]
13:29:32: [INFO] Routing pad 'SW28:1' at (310515000, 56896000) with pad 'SW43:1' at (320040000, 75946000) using coordinate system rotated by 0 degree(s)
13:29:32: [INFO] Adding track segment (F.Cu): [(310515000, 56896000), (310515000, 66421000)]
13:29:32: [INFO] Adding track segment (F.Cu): [(310515000, 66421000), (320040000, 75946000)]
13:29:32: [INFO] Routing pad 'SW43:1' at (320040000, 75946000) with pad 'SW56:1' at (336708750, 94996000) using coordinate system rotated by 0 degree(s)
13:29:32: [INFO] Adding track segment (F.Cu): [(320040000, 75946000), (320040000, 78327250)]
13:29:32: [INFO] Adding track segment (F.Cu): [(320040000, 78327250), (336708750, 94996000)]
13:29:32: [INFO] Routing pad 'SW56:1' at (336708750, 94996000) with pad 'SW65:1' at (348615000, 118808500) using coordinate system rotated by 0 degree(s)
13:29:32: [INFO] Adding track segment (F.Cu): [(336708750, 94996000), (336708750, 106902250)]
13:29:32: [INFO] Adding track segment (F.Cu): [(336708750, 106902250), (348615000, 118808500)]
13:29:32: [INFO] Routing COL2 pads
13:29:32: [INFO] Routing pad 'SW3:1' at (96202500, 37846000) with pad 'SW18:1' at (100965000, 56896000) using coordinate system rotated by 0 degree(s)
13:29:32: [INFO] Adding track segment (F.Cu): [(96202500, 37846000), (96202500, 52133500)]
13:29:32: [INFO] Adding track segment (F.Cu): [(96202500, 52133500), (100965000, 56896000)]
13:29:32: [INFO] Routing pad 'SW18:1' at (100965000, 56896000) with pad 'SW33:1' at (100965000, 75946000) using coordinate system rotated by 0 degree(s)
13:29:32: [INFO] Adding track segment (F.Cu): [(100965000, 56896000), (100965000, 75946000)]
13:29:32: [INFO] Routing pad 'SW33:1' at (100965000, 75946000) with pad 'SW46:1' at (105727500, 94996000) using coordinate system rotated by 0 degree(s)
13:29:33: [INFO] Adding track segment (F.Cu): [(100965000, 75946000), (100965000, 90233500)]
13:29:33: [INFO] Adding track segment (F.Cu): [(100965000, 90233500), (105727500, 94996000)]
13:29:33: [INFO] Routing COL13 pads
13:29:33: [INFO] Routing pad 'SW29:1' at (329565000, 56896000) with pad 'SW14:1' at (334327500, 37846000) using coordinate system rotated by 0 degree(s)
13:29:33: [INFO] Adding track segment (F.Cu): [(329565000, 56896000), (334327500, 52133500)]
13:29:33: [INFO] Adding track segment (F.Cu): [(334327500, 52133500), (334327500, 37846000)]
13:29:33: [INFO] Routing pad 'SW29:1' at (329565000, 56896000) with pad 'SW44:1' at (350996250, 75946000) using coordinate system rotated by 0 degree(s)
13:29:33: [INFO] Routing pad 'SW44:1' at (350996250, 75946000) with pad 'SW66:1' at (367665000, 118808500) using coordinate system rotated by 0 degree(s)
13:29:33: [INFO] Adding track segment (F.Cu): [(350996250, 75946000), (350996250, 102139750)]
13:29:33: [INFO] Adding track segment (F.Cu): [(350996250, 102139750), (367665000, 118808500)]
13:29:33: [INFO] Routing COL6 pads
13:29:33: [INFO] Routing pad 'SW22:1' at (179309630, 67833371) with pad 'SW37:1' at (180007340, 87457262) using coordinate system rotated by 12.0 degree(s)
13:29:33: [INFO] Adding track segment (F.Cu): [(179309630, 67833371), (176339091, 81808655)]
13:29:33: [INFO] Adding track segment (F.Cu): [(176339091, 81808655), (180007340, 87457262)]
13:29:33: [INFO] Routing pad 'SW37:1' at (180007340, 87457262) with pad 'SW50:1' at (185363478, 108071333) using coordinate system rotated by 12.0 degree(s)
13:29:33: [INFO] Adding track segment (F.Cu): [(180007340, 87457262), (178026980, 96774117)]
13:29:33: [INFO] Adding track segment (F.Cu): [(178026980, 96774117), (185363478, 108071333)]
13:29:33: [INFO] Routing pad 'SW50:1' at (185363478, 108071333) with pad 'SW62:1' at (186061188, 127695224) using coordinate system rotated by 12.0 degree(s)
13:29:33: [INFO] Adding track segment (F.Cu): [(185363478, 108071333), (182392939, 122046615)]
13:29:33: [INFO] Adding track segment (F.Cu): [(182392939, 122046615), (186061188, 127695224)]
13:29:33: [INFO] Routing pad 'SW22:1' at (179309630, 67833371) with pad 'SW7:1' at (192587203, 51180018) using coordinate system rotated by 12.0 degree(s)
13:29:33: [INFO] Adding track segment (F.Cu): [(179309630, 67833371), (190606843, 60496873)]
13:29:33: [INFO] Adding track segment (F.Cu): [(190606843, 60496873), (192587203, 51180018)]
13:29:33: [INFO] Routing ROW1 pads
13:29:33: [INFO] Routing pad 'D16:1' at (57467500, 62550000) with pad 'D17:1' at (86042500, 64836000) using coordinate system rotated by 0 degree(s)
13:29:33: [INFO] Adding track segment (B.Cu): [(57467500, 62550000), (83756500, 62550000)]
13:29:33: [INFO] Adding track segment (B.Cu): [(83756500, 62550000), (86042500, 64836000)]
13:29:33: [INFO] Routing pad 'D17:1' at (86042500, 64836000) with pad 'D18:1' at (109855000, 64836000) using coordinate system rotated by 0 degree(s)
13:29:33: [INFO] Adding track segment (B.Cu): [(86042500, 64836000), (109855000, 64836000)]
13:29:33: [WARNING] Could not route pads when parent footprints not rotated the same, footprint1: D18 at 90.0 degree(s) and footprint2: D19 at 78.0 degree(s)
13:29:33: [INFO] Routing pad 'D19:1' at (130453408, 65566044) with pad 'D20:1' at (162364694, 52873409) using coordinate system rotated by 282.0 degree(s)
13:29:33: [INFO] Adding track segment (B.Cu): [(130453408, 65566044), (153047836, 50893049)]
13:29:33: [INFO] Adding track segment (B.Cu): [(153047836, 50893049), (162364694, 52873409)]
13:29:33: [INFO] Routing pad 'D20:1' at (162364694, 52873409) with pad 'D21:1' at (167720832, 73487479) using coordinate system rotated by 282.0 degree(s)
13:29:33: [INFO] Routing pad 'D21:1' at (167720832, 73487479) with pad 'D22:1' at (186354544, 77448197) using coordinate system rotated by 282.0 degree(s)
13:29:33: [INFO] Adding track segment (B.Cu): [(167720832, 73487479), (186354543, 77448196)]
13:29:33: [INFO] Adding track segment (B.Cu): [(186354543, 77448196), (186354544, 77448197)]
13:29:33: [WARNING] Could not route pads when parent footprints not rotated the same, footprint1: D22 at 78.0 degree(s) and footprint2: D23 at 102.0 degree(s)
13:29:33: [INFO] Routing pad 'D23:1' at (224153796, 80286712) with pad 'D24:1' at (242787508, 76325994) using coordinate system rotated by 258.0 degree(s)
13:29:33: [INFO] Adding track segment (B.Cu): [(224153796, 80286712), (242787507, 76325994)]
13:29:33: [INFO] Adding track segment (B.Cu): [(242787507, 76325994), (242787508, 76325994)]
13:29:33: [INFO] Routing pad 'D24:1' at (242787508, 76325994) with pad 'D25:1' at (261421219, 72365277) using coordinate system rotated by 258.0 degree(s)
13:29:33: [INFO] Adding track segment (B.Cu): [(242787508, 76325994), (261421218, 72365276)]
13:29:33: [INFO] Adding track segment (B.Cu): [(261421218, 72365276), (261421219, 72365277)]
13:29:33: [INFO] Routing pad 'D25:1' at (261421219, 72365277) with pad 'D26:1' at (280054931, 68404559) using coordinate system rotated by 258.0 degree(s)
13:29:33: [INFO] Adding track segment (B.Cu): [(261421219, 72365277), (280054930, 68404558)]
13:29:33: [INFO] Adding track segment (B.Cu): [(280054930, 68404558), (280054931, 68404559)]
13:29:33: [INFO] Routing pad 'D26:1' at (280054931, 68404559) with pad 'D27:1' at (298688643, 64443841) using coordinate system rotated by 258.0 degree(s)
13:29:33: [INFO] Adding track segment (B.Cu): [(280054931, 68404559), (298688642, 64443840)]
13:29:33: [INFO] Adding track segment (B.Cu): [(298688642, 64443840), (298688643, 64443841)]
13:29:33: [WARNING] Could not route pads when parent footprints not rotated the same, footprint1: D27 at 102.0 degree(s) and footprint2: D28 at 90.0 degree(s)
13:29:33: [INFO] Routing pad 'D28:1' at (319405000, 64836000) with pad 'D29:1' at (338455000, 64836000) using coordinate system rotated by 0 degree(s)
13:29:33: [INFO] Adding track segment (B.Cu): [(319405000, 64836000), (338455000, 64836000)]
13:29:33: [INFO] Routing pad 'D29:1' at (338455000, 64836000) with pad 'D30:1' at (362267500, 64836000) using coordinate system rotated by 0 degree(s)
13:29:33: [INFO] Adding track segment (B.Cu): [(338455000, 64836000), (362267500, 64836000)]
13:29:33: [INFO] Routing COL3 pads
13:29:33: [WARNING] Could not route pads when parent footprints not rotated the same, footprint1: SW4 at 0.0 degree(s) and footprint2: SW19 at -12.0 degree(s)
13:29:33: [INFO] Routing pad 'SW19:1' at (123408494, 55951218) with pad 'SW34:1' at (124106204, 75575109) using coordinate system rotated by 12.0 degree(s)
13:29:33: [INFO] Adding track segment (F.Cu): [(123408494, 55951218), (120437955, 69926500)]
13:29:33: [INFO] Adding track segment (F.Cu): [(120437955, 69926500), (124106204, 75575109)]
13:29:33: [INFO] Routing pad 'SW47:1' at (129462343, 96189180) with pad 'SW59:1' at (127830839, 115317981) using coordinate system rotated by 12.0 degree(s)
13:29:33: [INFO] Adding track segment (F.Cu): [(129462343, 96189180), (125996714, 112493677)]
13:29:33: [INFO] Adding track segment (F.Cu): [(125996714, 112493677), (127830839, 115317981)]
13:29:33: [INFO] Routing pad 'SW34:1' at (124106204, 75575109) with pad 'SW47:1' at (129462343, 96189180) using coordinate system rotated by 12.0 degree(s)
13:29:33: [INFO] Adding track segment (F.Cu): [(124106204, 75575109), (122125844, 84891964)]
13:29:33: [INFO] Adding track segment (F.Cu): [(122125844, 84891964), (129462343, 96189180)]
13:29:33: [INFO] Routing COL0 pads
13:29:33: [INFO] Routing pad 'SW31:1' at (43815000, 73660000) with pad 'SW16:1' at (48577500, 54610000) using coordinate system rotated by 0 degree(s)
13:29:33: [INFO] Adding track segment (F.Cu): [(43815000, 73660000), (48577500, 68897500)]
13:29:33: [INFO] Adding track segment (F.Cu): [(48577500, 68897500), (48577500, 54610000)]
13:29:33: [INFO] Routing pad 'SW16:1' at (48577500, 54610000) with pad 'SW1:1' at (53340000, 35560000) using coordinate system rotated by 0 degree(s)
13:29:33: [INFO] Adding track segment (F.Cu): [(48577500, 54610000), (53340000, 49847500)]
13:29:33: [INFO] Adding track segment (F.Cu): [(53340000, 49847500), (53340000, 35560000)]
13:29:33: [INFO] Routing COL10 pads
13:29:33: [INFO] Routing pad 'SW26:1' at (269708381, 62486402) with pad 'SW11:1' at (275064519, 41872331) using coordinate system rotated by 348.0 degree(s)
13:29:33: [INFO] Adding track segment (F.Cu): [(269708381, 62486402), (277044877, 51189186)]
13:29:33: [INFO] Adding track segment (F.Cu): [(277044877, 51189186), (275064519, 41872331)]
13:29:33: [INFO] Routing pad 'SW26:1' at (269708381, 62486402) with pad 'SW41:1' at (278327527, 80129934) using coordinate system rotated by 348.0 degree(s)
13:29:33: [INFO] Adding track segment (F.Cu): [(269708381, 62486402), (272678918, 76461685)]
13:29:33: [INFO] Adding track segment (F.Cu): [(272678918, 76461685), (278327527, 80129934)]
13:29:33: [INFO] Routing pad 'SW41:1' at (278327527, 80129934) with pad 'SW54:1' at (285956493, 97877539) using coordinate system rotated by 348.0 degree(s)
13:29:33: [INFO] Adding track segment (F.Cu): [(278327527, 80129934), (281482296, 94971961)]
13:29:33: [INFO] Adding track segment (F.Cu): [(281482296, 94971961), (285956493, 97877539)]
13:29:33: [INFO] Routing pad 'SW54:1' at (285956493, 97877539) with pad 'SW64:1' at (286248962, 117397358) using coordinate system rotated by 348.0 degree(s)
13:29:33: [INFO] Adding track segment (F.Cu): [(285956493, 97877539), (289154537, 112923162)]
13:29:33: [INFO] Adding track segment (F.Cu): [(289154537, 112923162), (286248962, 117397358)]
13:29:33: [INFO] Removing dangling tracks
