=== kbplacer.kle_serial ===
=== layout2image.py ===
=== kbplacer ===
13:31:27: [INFO] User layout: https://editor.keyboard-tools.xyz/#share=NrBEAYBp1SAIKQIyzgb1AD1ALjuAOgCYBWeUAY1wQGIB2Bx0AX3KiNQyr1Bov4Es2kAMypEAFnFQS0yADY5dOQA45ATjlIYwpCl0ddY3VPhdqvAIbWb4gO7UirBFCTyAOgDsvXqDpfIymZY1EjEJM6ISCQ+3p6uWh5xvsigALqQAFDA5jx8AvxCCEjQ4iX66CF4hKTk3LQ2tuQOeGER5CWGlfW8BYWRJcbFkKbDsh0KZZBBw2oTmhPaU3rLXaDlQ+vIoxgtcG0DyEmxJf65DY2WRVtIMxjYeEQEUAg99IwM9qHh5AAWjs0OK0CGQEL8gftyJgIQBaGrtBBEI6xLzldJZHKUCz5ArXJH+UBIir3ajwurYy5XZrfOgIwmQLrnXp9PGicRI0b08aIybkJEzelzHkLHlLPnICr0pBrIlDJnvD5fR7hSJE45xU6cLF5Sms25ah77Z7kvJ9Kiq7YozxojLZUAiUrkB3Eqr4H6vCmXJVwJ6kSIOohW-Fat5m64OzkO7n23kIB0Ch1CmMimNiuMS8TOtbOuXai6Nb1hWn+7Yh7EfT4ltxlnVeqvKW2Y0MsyISR0INsuw1kj21gvU4F0tuB5KeB0EtsiK3jrV7A7kNsSaft+VhgdwOityAqZdnPNWL3r+cd5BT0cz4LdkEm2gV5RbpCczuKBeBdHZEnK2oIACepPd+40LqR4qk6DJBqkYFnrERLvpihq+qCoB-tUAFziCW4jrEzriJOy4uuhQ4jPhNa0GuCB7CIW7ql4OGvju56QZUlEPuAJHBG8wEUd8RFINBcQ4Y2n4+mhPGYcuax4YxjKgIRW5LtJpHMri66IdREmzo4W4MdhDKacqxavtoGkcZ6-bcYOD78bRelCa6iHkChbpIehfqvlhAlssErlEdZY5ecx3xuSeCm6bmzYqRZcDyKBJ46Z54VmU0UVhMFoCdh5Nm5j5VnLmIdkIaJwJpcOy47LJQW+WV+lGiVxGMeVEWCKpsXpQo1XeZV2kdYFBm8WxDVKUBh4pa1GU9bsXVGX5EbpGkQA
13:31:27: [INFO] Labels prefixes: for rows: 'ROW', for columns: 'COL'
13:31:27: [INFO] Matrix size: 4x17
13:31:27: [WARNING] No stabilizer footprint for width 2.25u, using 2u as fallback
13:31:27: [WARNING] No stabilizer footprint for width 2.25u, using 2u as fallback
13:31:27: [WARNING] No stabilizer footprint for width 2.25u, using 2u as fallback
13:31:27: [WARNING] No stabilizer footprint for width 2.25u, using 2u as fallback
13:31:27: [WARNING] No stabilizer footprint for width 2.75u, using 2u as fallback
13:31:27: [WARNING] No stabilizer footprint for width 2.75u, using 2u as fallback
13:31:27: [INFO] Add COL0 net
13:31:27: [INFO] Add COL1 net
13:31:27: [INFO] Add COL10 net
13:31:27: [INFO] Add COL11 net
13:31:27: [INFO] Add COL12 net
13:31:27: [INFO] Add COL13 net
13:31:27: [INFO] Add COL14 net
13:31:27: [INFO] Add COL15 net
13:31:27: [INFO] Add COL16 net
13:31:27: [INFO] Add COL17 net
13:31:27: [INFO] Add COL2 net
13:31:27: [INFO] Add COL3 net
13:31:27: [INFO] Add COL4 net
13:31:27: [INFO] Add COL5 net
13:31:27: [INFO] Add COL6 net
13:31:27: [INFO] Add COL7 net
13:31:27: [INFO] Add COL8 net
13:31:27: [INFO] Add COL9 net
13:31:27: [INFO] Add Net-(D1-A) net
13:31:27: [INFO] Add Net-(D10-A) net
13:31:27: [INFO] Add Net-(D11-A) net
13:31:27: [INFO] Add Net-(D12-A) net
13:31:27: [INFO] Add Net-(D13-A) net
13:31:27: [INFO] Add Net-(D14-A) net
13:31:27: [INFO] Add Net-(D15-A) net
13:31:27: [INFO] Add Net-(D16-A) net
13:31:27: [INFO] Add Net-(D17-A) net
13:31:27: [INFO] Add Net-(D18-A) net
13:31:27: [INFO] Add Net-(D19-A) net
13:31:27: [INFO] Add Net-(D2-A) net
13:31:27: [INFO] Add Net-(D20-A) net
13:31:27: [INFO] Add Net-(D21-A) net
13:31:27: [INFO] Add Net-(D22-A) net
13:31:27: [INFO] Add Net-(D23-A) net
13:31:27: [INFO] Add Net-(D24-A) net
13:31:27: [INFO] Add Net-(D25-A) net
13:31:27: [INFO] Add Net-(D26-A) net
13:31:27: [INFO] Add Net-(D27-A) net
13:31:27: [INFO] Add Net-(D28-A) net
13:31:27: [INFO] Add Net-(D29-A) net
13:31:27: [INFO] Add Net-(D3-A) net
13:31:27: [INFO] Add Net-(D30-A) net
13:31:27: [INFO] Add Net-(D31-A) net
13:31:27: [INFO] Add Net-(D32-A) net
13:31:27: [INFO] Add Net-(D33-A) net
13:31:27: [INFO] Add Net-(D34-A) net
13:31:27: [INFO] Add Net-(D35-A) net
13:31:27: [INFO] Add Net-(D36-A) net
13:31:27: [INFO] Add Net-(D37-A) net
13:31:27: [INFO] Add Net-(D38-A) net
13:31:27: [INFO] Add Net-(D39-A) net
13:31:27: [INFO] Add Net-(D4-A) net
13:31:27: [INFO] Add Net-(D40-A) net
13:31:27: [INFO] Add Net-(D41-A) net
13:31:27: [INFO] Add Net-(D42-A) net
13:31:27: [INFO] Add Net-(D43-A) net
13:31:27: [INFO] Add Net-(D44-A) net
13:31:27: [INFO] Add Net-(D45-A) net
13:31:27: [INFO] Add Net-(D46-A) net
13:31:27: [INFO] Add Net-(D47-A) net
13:31:27: [INFO] Add Net-(D48-A) net
13:31:27: [INFO] Add Net-(D49-A) net
13:31:27: [INFO] Add Net-(D5-A) net
13:31:27: [INFO] Add Net-(D50-A) net
13:31:27: [INFO] Add Net-(D51-A) net
13:31:27: [INFO] Add Net-(D52-A) net
13:31:27: [INFO] Add Net-(D53-A) net
13:31:27: [INFO] Add Net-(D54-A) net
13:31:27: [INFO] Add Net-(D55-A) net
13:31:27: [INFO] Add Net-(D56-A) net
13:31:27: [INFO] Add Net-(D57-A) net
13:31:27: [INFO] Add Net-(D58-A) net
13:31:27: [INFO] Add Net-(D59-A) net
13:31:27: [INFO] Add Net-(D6-A) net
13:31:27: [INFO] Add Net-(D60-A) net
13:31:27: [INFO] Add Net-(D61-A) net
13:31:27: [INFO] Add Net-(D62-A) net
13:31:27: [INFO] Add Net-(D63-A) net
13:31:27: [INFO] Add Net-(D64-A) net
13:31:27: [INFO] Add Net-(D65-A) net
13:31:27: [INFO] Add Net-(D66-A) net
13:31:27: [INFO] Add Net-(D67-A) net
13:31:27: [INFO] Add Net-(D68-A) net
13:31:27: [INFO] Add Net-(D69-A) net
13:31:27: [INFO] Add Net-(D7-A) net
13:31:27: [INFO] Add Net-(D70-A) net
13:31:27: [INFO] Add Net-(D71-A) net
13:31:27: [INFO] Add Net-(D72-A) net
13:31:27: [INFO] Add Net-(D73-A) net
13:31:27: [INFO] Add Net-(D74-A) net
13:31:27: [INFO] Add Net-(D75-A) net
13:31:27: [INFO] Add Net-(D76-A) net
13:31:27: [INFO] Add Net-(D77-A) net
13:31:27: [INFO] Add Net-(D78-A) net
13:31:27: [INFO] Add Net-(D79-A) net
13:31:27: [INFO] Add Net-(D8-A) net
13:31:27: [INFO] Add Net-(D80-A) net
13:31:27: [INFO] Add Net-(D81-A) net
13:31:27: [INFO] Add Net-(D82-A) net
13:31:27: [INFO] Add Net-(D9-A) net
13:31:27: [INFO] Add ROW0 net
13:31:27: [INFO] Add ROW1 net
13:31:27: [INFO] Add ROW2 net
13:31:27: [INFO] Add ROW3 net
13:31:27: [INFO] Add ROW4 net
13:31:27: [INFO] Add SW1 footprint
13:31:27: [INFO] Add D1 footprint
13:31:28: [INFO] Add SW2 footprint
13:31:28: [INFO] Add D2 footprint
13:31:28: [INFO] Add SW3 footprint
13:31:28: [INFO] Add D3 footprint
13:31:28: [INFO] Add SW4 footprint
13:31:28: [INFO] Add D4 footprint
13:31:28: [INFO] Add SW5 footprint
13:31:28: [INFO] Add D5 footprint
13:31:28: [INFO] Add SW6 footprint
13:31:28: [INFO] Add D6 footprint
13:31:28: [INFO] Add SW7 footprint
13:31:28: [INFO] Add D7 footprint
13:31:28: [INFO] Add SW8 footprint
13:31:28: [INFO] Add D8 footprint
13:31:28: [INFO] Add SW9 footprint
13:31:28: [INFO] Add D9 footprint
13:31:28: [INFO] Add SW10 footprint
13:31:28: [INFO] Add D10 footprint
13:31:28: [INFO] Add SW11 footprint
13:31:28: [INFO] Add D11 footprint
13:31:28: [INFO] Add SW12 footprint
13:31:28: [INFO] Add D12 footprint
13:31:28: [INFO] Add SW13 footprint
13:31:28: [INFO] Add D13 footprint
13:31:28: [INFO] Add SW14 footprint
13:31:28: [INFO] Add D14 footprint
13:31:28: [INFO] Add SW15 footprint
13:31:28: [INFO] Add D15 footprint
13:31:28: [INFO] Add SW16 footprint
13:31:28: [INFO] Add D16 footprint
13:31:28: [INFO] Add SW17 footprint
13:31:28: [INFO] Add D17 footprint
13:31:28: [INFO] Add ST17 footprint
13:31:28: [INFO] Add SW17a footprint
13:31:28: [INFO] Add SW18 footprint
13:31:28: [INFO] Add D18 footprint
13:31:28: [INFO] Add SW19 footprint
13:31:28: [INFO] Add D19 footprint
13:31:28: [INFO] Add SW20 footprint
13:31:28: [INFO] Add D20 footprint
13:31:28: [INFO] Add SW21 footprint
13:31:29: [INFO] Add D21 footprint
13:31:29: [INFO] Add SW22 footprint
13:31:29: [INFO] Add D22 footprint
13:31:29: [INFO] Add SW23 footprint
13:31:29: [INFO] Add D23 footprint
13:31:29: [INFO] Add SW24 footprint
13:31:29: [INFO] Add D24 footprint
13:31:29: [INFO] Add SW25 footprint
13:31:29: [INFO] Add D25 footprint
13:31:29: [INFO] Add SW26 footprint
13:31:29: [INFO] Add D26 footprint
13:31:29: [INFO] Add SW27 footprint
13:31:29: [INFO] Add D27 footprint
13:31:29: [INFO] Add SW28 footprint
13:31:29: [INFO] Add D28 footprint
13:31:29: [INFO] Add SW29 footprint
13:31:29: [INFO] Add D29 footprint
13:31:29: [INFO] Add SW30 footprint
13:31:29: [INFO] Add D30 footprint
13:31:29: [INFO] Add SW31 footprint
13:31:29: [INFO] Add D31 footprint
13:31:29: [INFO] Add SW32 footprint
13:31:29: [INFO] Add D32 footprint
13:31:29: [INFO] Add SW33 footprint
13:31:29: [INFO] Add D33 footprint
13:31:29: [INFO] Add SW34 footprint
13:31:29: [INFO] Add D34 footprint
13:31:29: [INFO] Add SW35 footprint
13:31:29: [INFO] Add D35 footprint
13:31:29: [INFO] Add SW36 footprint
13:31:29: [INFO] Add D36 footprint
13:31:29: [INFO] Add SW37 footprint
13:31:29: [INFO] Add D37 footprint
13:31:29: [INFO] Add SW38 footprint
13:31:29: [INFO] Add D38 footprint
13:31:29: [INFO] Add SW39 footprint
13:31:29: [INFO] Add D39 footprint
13:31:30: [INFO] Add SW40 footprint
13:31:30: [INFO] Add D40 footprint
13:31:30: [INFO] Add SW41 footprint
13:31:30: [INFO] Add D41 footprint
13:31:30: [INFO] Add SW42 footprint
13:31:30: [INFO] Add D42 footprint
13:31:30: [INFO] Add SW43 footprint
13:31:30: [INFO] Add D43 footprint
13:31:30: [INFO] Add SW44 footprint
13:31:30: [INFO] Add D44 footprint
13:31:30: [INFO] Add SW45 footprint
13:31:30: [INFO] Add D45 footprint
13:31:30: [INFO] Add SW46 footprint
13:31:30: [INFO] Add D46 footprint
13:31:30: [INFO] Add SW47 footprint
13:31:30: [INFO] Add D47 footprint
13:31:30: [INFO] Add SW48 footprint
13:31:30: [INFO] Add D48 footprint
13:31:30: [INFO] Add SW49 footprint
13:31:30: [INFO] Add D49 footprint
13:31:30: [INFO] Add SW50 footprint
13:31:30: [INFO] Add D50 footprint
13:31:30: [INFO] Add SW51 footprint
13:31:30: [INFO] Add D51 footprint
13:31:30: [WARNING] No stabilizer footprint for width 2.25u, using 2u as fallback
13:31:30: [INFO] Add ST51 footprint
13:31:30: [INFO] Add SW51a footprint
13:31:30: [INFO] Add ST51a footprint
13:31:30: [INFO] Add SW52 footprint
13:31:30: [INFO] Add D52 footprint
13:31:30: [INFO] Add SW53 footprint
13:31:30: [INFO] Add D53 footprint
13:31:30: [INFO] Add SW54 footprint
13:31:30: [INFO] Add D54 footprint
13:31:30: [INFO] Add SW55 footprint
13:31:30: [INFO] Add D55 footprint
13:31:30: [WARNING] No stabilizer footprint for width 2.25u, using 2u as fallback
13:31:30: [INFO] Add ST55 footprint
13:31:30: [INFO] Add SW55a footprint
13:31:30: [INFO] Add SW56 footprint
13:31:30: [INFO] Add D56 footprint
13:31:30: [INFO] Add SW57 footprint
13:31:30: [INFO] Add D57 footprint
13:31:31: [INFO] Add SW58 footprint
13:31:31: [INFO] Add D58 footprint
13:31:31: [INFO] Add SW59 footprint
13:31:31: [INFO] Add D59 footprint
13:31:31: [INFO] Add SW60 footprint
13:31:31: [INFO] Add D60 footprint
13:31:31: [INFO] Add SW61 footprint
13:31:31: [INFO] Add D61 footprint
13:31:31: [INFO] Add SW62 footprint
13:31:31: [INFO] Add D62 footprint
13:31:31: [INFO] Add SW63 footprint
13:31:31: [INFO] Add D63 footprint
13:31:31: [INFO] Add SW64 footprint
13:31:31: [INFO] Add D64 footprint
13:31:31: [INFO] Add SW65 footprint
13:31:31: [INFO] Add D65 footprint
13:31:31: [INFO] Add SW66 footprint
13:31:31: [INFO] Add D66 footprint
13:31:31: [INFO] Add SW67 footprint
13:31:31: [INFO] Add D67 footprint
13:31:31: [INFO] Add SW68 footprint
13:31:31: [INFO] Add D68 footprint
13:31:31: [INFO] Add SW69 footprint
13:31:31: [INFO] Add D69 footprint
13:31:31: [INFO] Add SW70 footprint
13:31:31: [INFO] Add D70 footprint
13:31:31: [INFO] Add SW71 footprint
13:31:31: [INFO] Add D71 footprint
13:31:31: [INFO] Add SW72 footprint
13:31:31: [INFO] Add D72 footprint
13:31:31: [INFO] Add SW72a footprint
13:31:31: [INFO] Add SW73 footprint
13:31:31: [INFO] Add D73 footprint
13:31:31: [INFO] Add SW73a footprint
13:31:31: [INFO] Add SW74 footprint
13:31:31: [INFO] Add D74 footprint
13:31:31: [INFO] Add SW74a footprint
13:31:31: [INFO] Add SW75 footprint
13:31:32: [INFO] Add D75 footprint
13:31:32: [INFO] Add ST75 footprint
13:31:32: [INFO] Add SW75a footprint
13:31:32: [WARNING] No stabilizer footprint for width 2.25u, using 2u as fallback
13:31:32: [INFO] Add ST75a footprint
13:31:32: [INFO] Add SW75b footprint
13:31:32: [WARNING] No stabilizer footprint for width 2.25u, using 2u as fallback
13:31:32: [INFO] Add ST75b footprint
13:31:32: [INFO] Add SW76 footprint
13:31:32: [INFO] Add D76 footprint
13:31:32: [INFO] Add ST76 footprint
13:31:32: [INFO] Add SW76a footprint
13:31:32: [INFO] Add ST76a footprint
13:31:32: [INFO] Add SW76b footprint
13:31:32: [INFO] Add ST76b footprint
13:31:32: [INFO] Add SW76c footprint
13:31:32: [INFO] Add SW77 footprint
13:31:32: [INFO] Add D77 footprint
13:31:32: [INFO] Add ST77 footprint
13:31:32: [INFO] Add SW77a footprint
13:31:32: [WARNING] No stabilizer footprint for width 2.75u, using 2u as fallback
13:31:32: [INFO] Add ST77a footprint
13:31:32: [INFO] Add SW77b footprint
13:31:32: [WARNING] No stabilizer footprint for width 2.75u, using 2u as fallback
13:31:32: [INFO] Add ST77b footprint
13:31:32: [INFO] Add SW78 footprint
13:31:32: [INFO] Add D78 footprint
13:31:32: [INFO] Add SW79 footprint
13:31:32: [INFO] Add D79 footprint
13:31:32: [INFO] Add SW79a footprint
13:31:32: [INFO] Add SW80 footprint
13:31:32: [INFO] Add D80 footprint
13:31:32: [INFO] Add SW81 footprint
13:31:32: [INFO] Add D81 footprint
13:31:32: [INFO] Add SW82 footprint
13:31:32: [INFO] Add D82 footprint
13:31:32: [INFO] Detected layout convertible to matrix annotated keyboard
13:31:32: [INFO] Using key 1U distance: (19.05, 19.05) mm
13:31:32: [INFO] Layout offset: (28575000, 28575000)
13:31:32: [INFO] Diode info: [ElementInfo(annotation_format='D{}', position_option=<PositionOption.CUSTOM: 'Custom'>, position=ElementPosition(x=5.08, y=4.0, orientation=90.0, side=<Side.BACK: 'Back'>), template_path='', start_index=-1)]
13:31:32: [INFO] Placing additional elements for SW82
13:31:32: [INFO] Placing additional elements for SW81
13:31:32: [INFO] Placing additional elements for SW80
13:31:32: [INFO] Placing additional elements for SW79a
13:31:32: [INFO] Placing additional elements for SW79
13:31:32: [INFO] Placing additional elements for SW78
13:31:32: [INFO] Placing additional elements for SW77b
13:31:32: [INFO] Placing additional elements for SW77a
13:31:32: [INFO] Placing additional elements for SW77
13:31:32: [INFO] Placing additional elements for SW76c
13:31:32: [INFO] Placing additional elements for SW76b
13:31:32: [INFO] Placing additional elements for SW76a
13:31:32: [INFO] Placing additional elements for SW76
13:31:32: [INFO] Placing additional elements for SW75b
13:31:32: [INFO] Placing additional elements for SW75a
13:31:32: [INFO] Placing additional elements for SW75
13:31:32: [INFO] Placing additional elements for SW74a
13:31:32: [INFO] Placing additional elements for SW74
13:31:32: [INFO] Placing additional elements for SW73a
13:31:32: [INFO] Placing additional elements for SW73
13:31:32: [INFO] Placing additional elements for SW72a
13:31:32: [INFO] Placing additional elements for SW72
13:31:32: [INFO] Placing additional elements for SW71
13:31:32: [INFO] Placing additional elements for SW70
13:31:32: [INFO] Placing additional elements for SW69
13:31:32: [INFO] Placing additional elements for SW68
13:31:32: [INFO] Placing additional elements for SW67
13:31:32: [INFO] Placing additional elements for SW66
13:31:32: [INFO] Placing additional elements for SW65
13:31:32: [INFO] Placing additional elements for SW64
13:31:32: [INFO] Placing additional elements for SW63
13:31:32: [INFO] Placing additional elements for SW62
13:31:32: [INFO] Placing additional elements for SW61
13:31:32: [INFO] Placing additional elements for SW60
13:31:32: [INFO] Placing additional elements for SW59
13:31:32: [INFO] Placing additional elements for SW58
13:31:32: [INFO] Placing additional elements for SW57
13:31:32: [INFO] Placing additional elements for SW56
13:31:32: [INFO] Placing additional elements for SW55a
13:31:32: [INFO] Placing additional elements for SW55
13:31:32: [INFO] Placing additional elements for SW54
13:31:32: [INFO] Placing additional elements for SW53
13:31:32: [INFO] Placing additional elements for SW52
13:31:32: [INFO] Placing additional elements for SW51a
13:31:32: [INFO] Placing additional elements for SW51
13:31:32: [INFO] Placing additional elements for SW50
13:31:32: [INFO] Placing additional elements for SW49
13:31:32: [INFO] Placing additional elements for SW48
13:31:32: [INFO] Placing additional elements for SW47
13:31:32: [INFO] Placing additional elements for SW46
13:31:32: [INFO] Placing additional elements for SW45
13:31:32: [INFO] Placing additional elements for SW44
13:31:32: [INFO] Placing additional elements for SW43
13:31:32: [INFO] Placing additional elements for SW42
13:31:32: [INFO] Placing additional elements for SW41
13:31:32: [INFO] Placing additional elements for SW40
13:31:32: [INFO] Placing additional elements for SW39
13:31:32: [INFO] Placing additional elements for SW38
13:31:32: [INFO] Placing additional elements for SW37
13:31:32: [INFO] Placing additional elements for SW36
13:31:32: [INFO] Placing additional elements for SW35
13:31:32: [INFO] Placing additional elements for SW34
13:31:32: [INFO] Placing additional elements for SW33
13:31:32: [INFO] Placing additional elements for SW32
13:31:32: [INFO] Placing additional elements for SW31
13:31:32: [INFO] Placing additional elements for SW30
13:31:32: [INFO] Placing additional elements for SW29
13:31:32: [INFO] Placing additional elements for SW28
13:31:32: [INFO] Placing additional elements for SW27
13:31:32: [INFO] Placing additional elements for SW26
13:31:32: [INFO] Placing additional elements for SW25
13:31:32: [INFO] Placing additional elements for SW24
13:31:32: [INFO] Placing additional elements for SW23
13:31:32: [INFO] Placing additional elements for SW22
13:31:32: [INFO] Placing additional elements for SW21
13:31:32: [INFO] Placing additional elements for SW20
13:31:32: [INFO] Placing additional elements for SW19
13:31:32: [INFO] Placing additional elements for SW18
13:31:32: [INFO] Placing additional elements for SW17a
13:31:32: [INFO] Placing additional elements for SW17
13:31:32: [INFO] Placing additional elements for SW16
13:31:32: [INFO] Placing additional elements for SW15
13:31:32: [INFO] Placing additional elements for SW14
13:31:32: [INFO] Placing additional elements for SW13
13:31:32: [INFO] Placing additional elements for SW12
13:31:32: [INFO] Placing additional elements for SW11
13:31:32: [INFO] Placing additional elements for SW10
13:31:32: [INFO] Placing additional elements for SW9
13:31:32: [INFO] Placing additional elements for SW8
13:31:32: [INFO] Placing additional elements for SW7
13:31:32: [INFO] Placing additional elements for SW6
13:31:32: [INFO] Placing additional elements for SW5
13:31:32: [INFO] Placing additional elements for SW4
13:31:32: [INFO] Placing additional elements for SW3
13:31:32: [INFO] Placing additional elements for SW2
13:31:32: [INFO] Placing additional elements for SW1
13:31:32: [INFO] Routing SW82 with D82
13:31:32: [INFO] Using internal autorouter method
13:31:32: [INFO] Routing pad 'SW82:2' at (369252500, 109220000) with pad 'D82:2' at (371792500, 116900000) using coordinate system rotated by 0 degree(s)
13:31:32: [INFO] Adding track segment (B.Cu): [(369252500, 109220000), (369252500, 114360000)]
13:31:32: [INFO] Adding track segment (B.Cu): [(369252500, 114360000), (371792500, 116900000)]
13:31:32: [INFO] Routing SW81 with D81
13:31:32: [INFO] Using internal autorouter method
13:31:32: [INFO] Routing pad 'SW81:2' at (350202500, 109220000) with pad 'D81:2' at (352742500, 116900000) using coordinate system rotated by 0 degree(s)
13:31:32: [INFO] Adding track segment (B.Cu): [(350202500, 109220000), (350202500, 114360000)]
13:31:32: [INFO] Adding track segment (B.Cu): [(350202500, 114360000), (352742500, 116900000)]
13:31:32: [INFO] Routing SW80 with D80
13:31:32: [INFO] Using internal autorouter method
13:31:32: [INFO] Routing pad 'SW80:2' at (331152500, 109220000) with pad 'D80:2' at (333692500, 116900000) using coordinate system rotated by 0 degree(s)
13:31:32: [INFO] Adding track segment (B.Cu): [(331152500, 109220000), (331152500, 114360000)]
13:31:32: [INFO] Adding track segment (B.Cu): [(331152500, 114360000), (333692500, 116900000)]
13:31:32: [INFO] Routing SW79a with D79
13:31:32: [INFO] Using internal autorouter method
13:31:32: [INFO] Routing pad 'SW79a:2' at (300196250, 109220000) with pad 'D79:2' at (300355000, 116900000) using coordinate system rotated by 0 degree(s)
13:31:32: [INFO] Routing SW79 with D79
13:31:32: [INFO] Using internal autorouter method
13:31:32: [INFO] Routing pad 'SW79:2' at (297815000, 109220000) with pad 'D79:2' at (300355000, 116900000) using coordinate system rotated by 0 degree(s)
13:31:32: [INFO] Routing SW78 with D78
13:31:32: [INFO] Using internal autorouter method
13:31:32: [INFO] Routing pad 'SW78:2' at (276383750, 109220000) with pad 'D78:2' at (278923750, 116900000) using coordinate system rotated by 0 degree(s)
13:31:32: [INFO] Adding track segment (B.Cu): [(276383750, 109220000), (276383750, 114360000)]
13:31:32: [INFO] Adding track segment (B.Cu): [(276383750, 114360000), (278923750, 116900000)]
13:31:32: [INFO] Routing SW77b with D77
13:31:32: [INFO] Using internal autorouter method
13:31:32: [INFO] Routing pad 'SW77b:2' at (238283750, 109220000) with pad 'D77:2' at (257492500, 116900000) using coordinate system rotated by 0 degree(s)
13:31:32: [INFO] Adding track segment (B.Cu): [(238283750, 109220000), (245963750, 116900000)]
13:31:32: [INFO] Adding track segment (B.Cu): [(245963750, 116900000), (257492500, 116900000)]
13:31:32: [INFO] Routing SW77a with D77
13:31:32: [INFO] Using internal autorouter method
13:31:32: [INFO] Routing pad 'SW77a:2' at (257333750, 109220000) with pad 'D77:2' at (257492500, 116900000) using coordinate system rotated by 0 degree(s)
13:31:32: [INFO] Routing SW77 with D77
13:31:32: [INFO] Using internal autorouter method
13:31:32: [INFO] Routing pad 'SW77:2' at (254952500, 109220000) with pad 'D77:2' at (257492500, 116900000) using coordinate system rotated by 0 degree(s)
13:31:32: [INFO] Routing SW76c with D76
13:31:32: [INFO] Using internal autorouter method
13:31:32: [INFO] Routing pad 'SW76c:2' at (200183750, 109220000) with pad 'D76:2' at (219392500, 116900000) using coordinate system rotated by 0 degree(s)
13:31:32: [INFO] Routing SW76b with D76
13:31:32: [INFO] Using internal autorouter method
13:31:32: [INFO] Routing pad 'SW76b:2' at (204946250, 109220000) with pad 'D76:2' at (219392500, 116900000) using coordinate system rotated by 0 degree(s)
13:31:32: [INFO] Routing SW76a with D76
13:31:32: [INFO] Using internal autorouter method
13:31:32: [INFO] Routing pad 'SW76a:2' at (212090000, 109220000) with pad 'D76:2' at (219392500, 116900000) using coordinate system rotated by 0 degree(s)
13:31:32: [INFO] Routing SW76 with D76
13:31:32: [INFO] Using internal autorouter method
13:31:32: [INFO] Routing pad 'SW76:2' at (216852500, 109220000) with pad 'D76:2' at (219392500, 116900000) using coordinate system rotated by 0 degree(s)
13:31:32: [INFO] Adding track segment (B.Cu): [(216852500, 109220000), (216852500, 114360000)]
13:31:32: [INFO] Adding track segment (B.Cu): [(216852500, 114360000), (219392500, 116900000)]
13:31:32: [INFO] Routing SW75b with D75
13:31:32: [INFO] Using internal autorouter method
13:31:32: [INFO] Routing pad 'SW75b:2' at (166846250, 109220000) with pad 'D75:2' at (181292500, 116900000) using coordinate system rotated by 0 degree(s)
13:31:33: [INFO] Routing SW75a with D75
13:31:33: [INFO] Using internal autorouter method
13:31:33: [INFO] Routing pad 'SW75a:2' at (171608750, 109220000) with pad 'D75:2' at (181292500, 116900000) using coordinate system rotated by 0 degree(s)
13:31:33: [INFO] Routing SW75 with D75
13:31:33: [INFO] Using internal autorouter method
13:31:33: [INFO] Routing pad 'SW75:2' at (178752500, 109220000) with pad 'D75:2' at (181292500, 116900000) using coordinate system rotated by 0 degree(s)
13:31:33: [INFO] Adding track segment (B.Cu): [(178752500, 109220000), (178752500, 114360000)]
13:31:33: [INFO] Adding track segment (B.Cu): [(178752500, 114360000), (181292500, 116900000)]
13:31:33: [INFO] Routing SW74a with D74
13:31:33: [INFO] Using internal autorouter method
13:31:33: [INFO] Routing pad 'SW74a:2' at (133508750, 109220000) with pad 'D74:2' at (138430000, 116900000) using coordinate system rotated by 0 degree(s)
13:31:33: [INFO] Routing SW74 with D74
13:31:33: [INFO] Using internal autorouter method
13:31:33: [INFO] Routing pad 'SW74:2' at (135890000, 109220000) with pad 'D74:2' at (138430000, 116900000) using coordinate system rotated by 0 degree(s)
13:31:33: [INFO] Routing SW73a with D73
13:31:33: [INFO] Using internal autorouter method
13:31:33: [INFO] Routing pad 'SW73a:2' at (109696250, 109220000) with pad 'D73:2' at (114617500, 116900000) using coordinate system rotated by 0 degree(s)
13:31:33: [INFO] Routing SW73 with D73
13:31:33: [INFO] Using internal autorouter method
13:31:33: [INFO] Routing pad 'SW73:2' at (112077500, 109220000) with pad 'D73:2' at (114617500, 116900000) using coordinate system rotated by 0 degree(s)
13:31:33: [INFO] Routing SW72a with D72
13:31:33: [INFO] Using internal autorouter method
13:31:33: [INFO] Routing pad 'SW72a:2' at (85883750, 109220000) with pad 'D72:2' at (90805000, 116900000) using coordinate system rotated by 0 degree(s)
13:31:33: [INFO] Routing SW72 with D72
13:31:33: [INFO] Using internal autorouter method
13:31:33: [INFO] Routing pad 'SW72:2' at (88265000, 109220000) with pad 'D72:2' at (90805000, 116900000) using coordinate system rotated by 0 degree(s)
13:31:33: [INFO] Routing SW71 with D71
13:31:33: [INFO] Using internal autorouter method
13:31:33: [INFO] Routing pad 'SW71:2' at (59690000, 109220000) with pad 'D71:2' at (62230000, 116900000) using coordinate system rotated by 0 degree(s)
13:31:33: [INFO] Adding track segment (B.Cu): [(59690000, 109220000), (59690000, 114360000)]
13:31:33: [INFO] Adding track segment (B.Cu): [(59690000, 114360000), (62230000, 116900000)]
13:31:33: [INFO] Routing SW70 with D70
13:31:33: [INFO] Using internal autorouter method
13:31:33: [INFO] Routing pad 'SW70:2' at (40640000, 109220000) with pad 'D70:2' at (43180000, 116900000) using coordinate system rotated by 0 degree(s)
13:31:33: [INFO] Adding track segment (B.Cu): [(40640000, 109220000), (40640000, 114360000)]
13:31:33: [INFO] Adding track segment (B.Cu): [(40640000, 114360000), (43180000, 116900000)]
13:31:33: [INFO] Routing SW69 with D69
13:31:33: [INFO] Using internal autorouter method
13:31:33: [INFO] Routing pad 'SW69:2' at (369252500, 90170000) with pad 'D69:2' at (371792500, 97850000) using coordinate system rotated by 0 degree(s)
13:31:33: [INFO] Adding track segment (B.Cu): [(369252500, 90170000), (369252500, 95310000)]
13:31:33: [INFO] Adding track segment (B.Cu): [(369252500, 95310000), (371792500, 97850000)]
13:31:33: [INFO] Routing SW68 with D68
13:31:33: [INFO] Using internal autorouter method
13:31:33: [INFO] Routing pad 'SW68:2' at (350202500, 90170000) with pad 'D68:2' at (352742500, 97850000) using coordinate system rotated by 0 degree(s)
13:31:33: [INFO] Adding track segment (B.Cu): [(350202500, 90170000), (350202500, 95310000)]
13:31:33: [INFO] Adding track segment (B.Cu): [(350202500, 95310000), (352742500, 97850000)]
13:31:33: [INFO] Routing SW67 with D67
13:31:33: [INFO] Using internal autorouter method
13:31:33: [INFO] Routing pad 'SW67:2' at (324008750, 90170000) with pad 'D67:2' at (326548750, 97850000) using coordinate system rotated by 0 degree(s)
13:31:33: [INFO] Adding track segment (B.Cu): [(324008750, 90170000), (324008750, 95310000)]
13:31:33: [INFO] Adding track segment (B.Cu): [(324008750, 95310000), (326548750, 97850000)]
13:31:33: [INFO] Routing SW66 with D66
13:31:33: [INFO] Using internal autorouter method
13:31:33: [INFO] Routing pad 'SW66:2' at (297815000, 90170000) with pad 'D66:2' at (300355000, 97850000) using coordinate system rotated by 0 degree(s)
13:31:33: [INFO] Adding track segment (B.Cu): [(297815000, 90170000), (297815000, 95310000)]
13:31:33: [INFO] Adding track segment (B.Cu): [(297815000, 95310000), (300355000, 97850000)]
13:31:33: [INFO] Routing SW65 with D65
13:31:33: [INFO] Using internal autorouter method
13:31:33: [INFO] Routing pad 'SW65:2' at (278765000, 90170000) with pad 'D65:2' at (281305000, 97850000) using coordinate system rotated by 0 degree(s)
13:31:33: [INFO] Adding track segment (B.Cu): [(278765000, 90170000), (278765000, 95310000)]
13:31:33: [INFO] Adding track segment (B.Cu): [(278765000, 95310000), (281305000, 97850000)]
13:31:33: [INFO] Routing SW64 with D64
13:31:33: [INFO] Using internal autorouter method
13:31:33: [INFO] Routing pad 'SW64:2' at (259715000, 90170000) with pad 'D64:2' at (262255000, 97850000) using coordinate system rotated by 0 degree(s)
13:31:33: [INFO] Adding track segment (B.Cu): [(259715000, 90170000), (259715000, 95310000)]
13:31:33: [INFO] Adding track segment (B.Cu): [(259715000, 95310000), (262255000, 97850000)]
13:31:33: [INFO] Routing SW63 with D63
13:31:33: [INFO] Using internal autorouter method
13:31:33: [INFO] Routing pad 'SW63:2' at (240665000, 90170000) with pad 'D63:2' at (243205000, 97850000) using coordinate system rotated by 0 degree(s)
13:31:33: [INFO] Adding track segment (B.Cu): [(240665000, 90170000), (240665000, 95310000)]
13:31:33: [INFO] Adding track segment (B.Cu): [(240665000, 95310000), (243205000, 97850000)]
13:31:33: [INFO] Routing SW62 with D62
13:31:33: [INFO] Using internal autorouter method
13:31:33: [INFO] Routing pad 'SW62:2' at (221615000, 90170000) with pad 'D62:2' at (224155000, 97850000) using coordinate system rotated by 0 degree(s)
13:31:33: [INFO] Adding track segment (B.Cu): [(221615000, 90170000), (221615000, 95310000)]
13:31:33: [INFO] Adding track segment (B.Cu): [(221615000, 95310000), (224155000, 97850000)]
13:31:33: [INFO] Routing SW61 with D61
13:31:33: [INFO] Using internal autorouter method
13:31:33: [INFO] Routing pad 'SW61:2' at (202565000, 90170000) with pad 'D61:2' at (205105000, 97850000) using coordinate system rotated by 0 degree(s)
13:31:33: [INFO] Adding track segment (B.Cu): [(202565000, 90170000), (202565000, 95310000)]
13:31:33: [INFO] Adding track segment (B.Cu): [(202565000, 95310000), (205105000, 97850000)]
13:31:33: [INFO] Routing SW60 with D60
13:31:33: [INFO] Using internal autorouter method
13:31:33: [INFO] Routing pad 'SW60:2' at (183515000, 90170000) with pad 'D60:2' at (186055000, 97850000) using coordinate system rotated by 0 degree(s)
13:31:33: [INFO] Adding track segment (B.Cu): [(183515000, 90170000), (183515000, 95310000)]
13:31:33: [INFO] Adding track segment (B.Cu): [(183515000, 95310000), (186055000, 97850000)]
13:31:33: [INFO] Routing SW59 with D59
13:31:33: [INFO] Using internal autorouter method
13:31:33: [INFO] Routing pad 'SW59:2' at (164465000, 90170000) with pad 'D59:2' at (167005000, 97850000) using coordinate system rotated by 0 degree(s)
13:31:33: [INFO] Adding track segment (B.Cu): [(164465000, 90170000), (164465000, 95310000)]
13:31:33: [INFO] Adding track segment (B.Cu): [(164465000, 95310000), (167005000, 97850000)]
13:31:33: [INFO] Routing SW58 with D58
13:31:33: [INFO] Using internal autorouter method
13:31:33: [INFO] Routing pad 'SW58:2' at (145415000, 90170000) with pad 'D58:2' at (147955000, 97850000) using coordinate system rotated by 0 degree(s)
13:31:33: [INFO] Adding track segment (B.Cu): [(145415000, 90170000), (145415000, 95310000)]
13:31:33: [INFO] Adding track segment (B.Cu): [(145415000, 95310000), (147955000, 97850000)]
13:31:33: [INFO] Routing SW57 with D57
13:31:33: [INFO] Using internal autorouter method
13:31:33: [INFO] Routing pad 'SW57:2' at (126365000, 90170000) with pad 'D57:2' at (128905000, 97850000) using coordinate system rotated by 0 degree(s)
13:31:33: [INFO] Adding track segment (B.Cu): [(126365000, 90170000), (126365000, 95310000)]
13:31:33: [INFO] Adding track segment (B.Cu): [(126365000, 95310000), (128905000, 97850000)]
13:31:33: [INFO] Routing SW56 with D56
13:31:33: [INFO] Using internal autorouter method
13:31:33: [INFO] Routing pad 'SW56:2' at (107315000, 90170000) with pad 'D56:2' at (109855000, 97850000) using coordinate system rotated by 0 degree(s)
13:31:33: [INFO] Adding track segment (B.Cu): [(107315000, 90170000), (107315000, 95310000)]
13:31:33: [INFO] Adding track segment (B.Cu): [(107315000, 95310000), (109855000, 97850000)]
13:31:33: [INFO] Routing SW55a with D55
13:31:33: [INFO] Using internal autorouter method
13:31:33: [INFO] Routing pad 'SW55a:2' at (85883750, 90170000) with pad 'D55:2' at (97948750, 97850000) using coordinate system rotated by 0 degree(s)
13:31:33: [INFO] Routing SW55 with D55
13:31:33: [INFO] Using internal autorouter method
13:31:33: [INFO] Routing pad 'SW55:2' at (95408750, 90170000) with pad 'D55:2' at (97948750, 97850000) using coordinate system rotated by 0 degree(s)
13:31:33: [INFO] Adding track segment (B.Cu): [(95408750, 90170000), (95408750, 95310000)]
13:31:33: [INFO] Adding track segment (B.Cu): [(95408750, 95310000), (97948750, 97850000)]
13:31:33: [INFO] Routing SW54 with D54
13:31:33: [INFO] Using internal autorouter method
13:31:33: [INFO] Routing pad 'SW54:2' at (59690000, 90170000) with pad 'D54:2' at (62230000, 97850000) using coordinate system rotated by 0 degree(s)
13:31:33: [INFO] Adding track segment (B.Cu): [(59690000, 90170000), (59690000, 95310000)]
13:31:33: [INFO] Adding track segment (B.Cu): [(59690000, 95310000), (62230000, 97850000)]
13:31:33: [INFO] Routing SW53 with D53
13:31:33: [INFO] Using internal autorouter method
13:31:33: [INFO] Routing pad 'SW53:2' at (40640000, 90170000) with pad 'D53:2' at (43180000, 97850000) using coordinate system rotated by 0 degree(s)
13:31:33: [INFO] Adding track segment (B.Cu): [(40640000, 90170000), (40640000, 95310000)]
13:31:33: [INFO] Adding track segment (B.Cu): [(40640000, 95310000), (43180000, 97850000)]
13:31:33: [INFO] Routing SW52 with D52
13:31:33: [INFO] Using internal autorouter method
13:31:33: [INFO] Routing pad 'SW52:2' at (369252500, 71120000) with pad 'D52:2' at (371792500, 78800000) using coordinate system rotated by 0 degree(s)
13:31:33: [INFO] Adding track segment (B.Cu): [(369252500, 71120000), (369252500, 76260000)]
13:31:33: [INFO] Adding track segment (B.Cu): [(369252500, 76260000), (371792500, 78800000)]
13:31:33: [INFO] Routing SW51a with D51
13:31:33: [INFO] Using internal autorouter method
13:31:33: [INFO] Routing pad 'SW51a:2' at (347821250, 61595000) with pad 'D51:2' at (340836250, 78800000) using coordinate system rotated by 0 degree(s)
13:31:33: [INFO] Routing SW51 with D51
13:31:33: [INFO] Using internal autorouter method
13:31:33: [INFO] Routing pad 'SW51:2' at (338296250, 71120000) with pad 'D51:2' at (340836250, 78800000) using coordinate system rotated by 0 degree(s)
13:31:33: [INFO] Adding track segment (B.Cu): [(338296250, 71120000), (338296250, 76260000)]
13:31:33: [INFO] Adding track segment (B.Cu): [(338296250, 76260000), (340836250, 78800000)]
13:31:33: [INFO] Routing SW50 with D50
13:31:33: [INFO] Using internal autorouter method
13:31:33: [INFO] Routing pad 'SW50:2' at (326390000, 71120000) with pad 'D50:2' at (328930000, 78800000) using coordinate system rotated by 0 degree(s)
13:31:33: [INFO] Adding track segment (B.Cu): [(326390000, 71120000), (326390000, 76260000)]
13:31:33: [INFO] Adding track segment (B.Cu): [(326390000, 76260000), (328930000, 78800000)]
13:31:33: [INFO] Routing SW49 with D49
13:31:33: [INFO] Using internal autorouter method
13:31:33: [INFO] Routing pad 'SW49:2' at (307340000, 71120000) with pad 'D49:2' at (309880000, 78800000) using coordinate system rotated by 0 degree(s)
13:31:33: [INFO] Adding track segment (B.Cu): [(307340000, 71120000), (307340000, 76260000)]
13:31:33: [INFO] Adding track segment (B.Cu): [(307340000, 76260000), (309880000, 78800000)]
13:31:33: [INFO] Routing SW48 with D48
13:31:33: [INFO] Using internal autorouter method
13:31:33: [INFO] Routing pad 'SW48:2' at (288290000, 71120000) with pad 'D48:2' at (290830000, 78800000) using coordinate system rotated by 0 degree(s)
13:31:33: [INFO] Adding track segment (B.Cu): [(288290000, 71120000), (288290000, 76260000)]
13:31:33: [INFO] Adding track segment (B.Cu): [(288290000, 76260000), (290830000, 78800000)]
13:31:33: [INFO] Routing SW47 with D47
13:31:33: [INFO] Using internal autorouter method
13:31:33: [INFO] Routing pad 'SW47:2' at (269240000, 71120000) with pad 'D47:2' at (271780000, 78800000) using coordinate system rotated by 0 degree(s)
13:31:33: [INFO] Adding track segment (B.Cu): [(269240000, 71120000), (269240000, 76260000)]
13:31:33: [INFO] Adding track segment (B.Cu): [(269240000, 76260000), (271780000, 78800000)]
13:31:33: [INFO] Routing SW46 with D46
13:31:33: [INFO] Using internal autorouter method
13:31:33: [INFO] Routing pad 'SW46:2' at (250190000, 71120000) with pad 'D46:2' at (252730000, 78800000) using coordinate system rotated by 0 degree(s)
13:31:33: [INFO] Adding track segment (B.Cu): [(250190000, 71120000), (250190000, 76260000)]
13:31:33: [INFO] Adding track segment (B.Cu): [(250190000, 76260000), (252730000, 78800000)]
13:31:33: [INFO] Routing SW45 with D45
13:31:33: [INFO] Using internal autorouter method
13:31:33: [INFO] Routing pad 'SW45:2' at (231140000, 71120000) with pad 'D45:2' at (233680000, 78800000) using coordinate system rotated by 0 degree(s)
13:31:33: [INFO] Adding track segment (B.Cu): [(231140000, 71120000), (231140000, 76260000)]
13:31:33: [INFO] Adding track segment (B.Cu): [(231140000, 76260000), (233680000, 78800000)]
13:31:33: [INFO] Routing SW44 with D44
13:31:33: [INFO] Using internal autorouter method
13:31:33: [INFO] Routing pad 'SW44:2' at (212090000, 71120000) with pad 'D44:2' at (214630000, 78800000) using coordinate system rotated by 0 degree(s)
13:31:33: [INFO] Adding track segment (B.Cu): [(212090000, 71120000), (212090000, 76260000)]
13:31:33: [INFO] Adding track segment (B.Cu): [(212090000, 76260000), (214630000, 78800000)]
13:31:33: [INFO] Routing SW43 with D43
13:31:33: [INFO] Using internal autorouter method
13:31:33: [INFO] Routing pad 'SW43:2' at (193040000, 71120000) with pad 'D43:2' at (195580000, 78800000) using coordinate system rotated by 0 degree(s)
13:31:33: [INFO] Adding track segment (B.Cu): [(193040000, 71120000), (193040000, 76260000)]
13:31:33: [INFO] Adding track segment (B.Cu): [(193040000, 76260000), (195580000, 78800000)]
13:31:33: [INFO] Routing SW42 with D42
13:31:33: [INFO] Using internal autorouter method
13:31:33: [INFO] Routing pad 'SW42:2' at (173990000, 71120000) with pad 'D42:2' at (176530000, 78800000) using coordinate system rotated by 0 degree(s)
13:31:33: [INFO] Adding track segment (B.Cu): [(173990000, 71120000), (173990000, 76260000)]
13:31:33: [INFO] Adding track segment (B.Cu): [(173990000, 76260000), (176530000, 78800000)]
13:31:33: [INFO] Routing SW41 with D41
13:31:33: [INFO] Using internal autorouter method
13:31:33: [INFO] Routing pad 'SW41:2' at (154940000, 71120000) with pad 'D41:2' at (157480000, 78800000) using coordinate system rotated by 0 degree(s)
13:31:33: [INFO] Adding track segment (B.Cu): [(154940000, 71120000), (154940000, 76260000)]
13:31:33: [INFO] Adding track segment (B.Cu): [(154940000, 76260000), (157480000, 78800000)]
13:31:33: [INFO] Routing SW40 with D40
13:31:33: [INFO] Using internal autorouter method
13:31:33: [INFO] Routing pad 'SW40:2' at (135890000, 71120000) with pad 'D40:2' at (138430000, 78800000) using coordinate system rotated by 0 degree(s)
13:31:33: [INFO] Adding track segment (B.Cu): [(135890000, 71120000), (135890000, 76260000)]
13:31:33: [INFO] Adding track segment (B.Cu): [(135890000, 76260000), (138430000, 78800000)]
13:31:33: [INFO] Routing SW39 with D39
13:31:33: [INFO] Using internal autorouter method
13:31:33: [INFO] Routing pad 'SW39:2' at (116840000, 71120000) with pad 'D39:2' at (119380000, 78800000) using coordinate system rotated by 0 degree(s)
13:31:33: [INFO] Adding track segment (B.Cu): [(116840000, 71120000), (116840000, 76260000)]
13:31:33: [INFO] Adding track segment (B.Cu): [(116840000, 76260000), (119380000, 78800000)]
13:31:33: [INFO] Routing SW38 with D38
13:31:33: [INFO] Using internal autorouter method
13:31:33: [INFO] Routing pad 'SW38:2' at (90646250, 71120000) with pad 'D38:2' at (93186250, 78800000) using coordinate system rotated by 0 degree(s)
13:31:33: [INFO] Adding track segment (B.Cu): [(90646250, 71120000), (90646250, 76260000)]
13:31:33: [INFO] Adding track segment (B.Cu): [(90646250, 76260000), (93186250, 78800000)]
13:31:33: [INFO] Routing SW37 with D37
13:31:33: [INFO] Using internal autorouter method
13:31:33: [INFO] Routing pad 'SW37:2' at (59690000, 71120000) with pad 'D37:2' at (62230000, 78800000) using coordinate system rotated by 0 degree(s)
13:31:33: [INFO] Adding track segment (B.Cu): [(59690000, 71120000), (59690000, 76260000)]
13:31:33: [INFO] Adding track segment (B.Cu): [(59690000, 76260000), (62230000, 78800000)]
13:31:33: [INFO] Routing SW36 with D36
13:31:33: [INFO] Using internal autorouter method
13:31:33: [INFO] Routing pad 'SW36:2' at (40640000, 71120000) with pad 'D36:2' at (43180000, 78800000) using coordinate system rotated by 0 degree(s)
13:31:33: [INFO] Adding track segment (B.Cu): [(40640000, 71120000), (40640000, 76260000)]
13:31:33: [INFO] Adding track segment (B.Cu): [(40640000, 76260000), (43180000, 78800000)]
13:31:33: [INFO] Routing SW35 with D35
13:31:33: [INFO] Using internal autorouter method
13:31:33: [INFO] Routing pad 'SW35:2' at (369252500, 52070000) with pad 'D35:2' at (371792500, 59750000) using coordinate system rotated by 0 degree(s)
13:31:33: [INFO] Adding track segment (B.Cu): [(369252500, 52070000), (369252500, 57210000)]
13:31:33: [INFO] Adding track segment (B.Cu): [(369252500, 57210000), (371792500, 59750000)]
13:31:33: [INFO] Routing SW34 with D34
13:31:33: [INFO] Using internal autorouter method
13:31:33: [INFO] Routing pad 'SW34:2' at (345440000, 52070000) with pad 'D34:2' at (347980000, 59750000) using coordinate system rotated by 0 degree(s)
13:31:33: [INFO] Adding track segment (B.Cu): [(345440000, 52070000), (345440000, 57210000)]
13:31:33: [INFO] Adding track segment (B.Cu): [(345440000, 57210000), (347980000, 59750000)]
13:31:33: [INFO] Routing SW33 with D33
13:31:33: [INFO] Using internal autorouter method
13:31:33: [INFO] Routing pad 'SW33:2' at (321627500, 52070000) with pad 'D33:2' at (324167500, 59750000) using coordinate system rotated by 0 degree(s)
13:31:33: [INFO] Adding track segment (B.Cu): [(321627500, 52070000), (321627500, 57210000)]
13:31:33: [INFO] Adding track segment (B.Cu): [(321627500, 57210000), (324167500, 59750000)]
13:31:33: [INFO] Routing SW32 with D32
13:31:33: [INFO] Using internal autorouter method
13:31:33: [INFO] Routing pad 'SW32:2' at (302577500, 52070000) with pad 'D32:2' at (305117500, 59750000) using coordinate system rotated by 0 degree(s)
13:31:33: [INFO] Adding track segment (B.Cu): [(302577500, 52070000), (302577500, 57210000)]
13:31:33: [INFO] Adding track segment (B.Cu): [(302577500, 57210000), (305117500, 59750000)]
13:31:33: [INFO] Routing SW31 with D31
13:31:33: [INFO] Using internal autorouter method
13:31:33: [INFO] Routing pad 'SW31:2' at (283527500, 52070000) with pad 'D31:2' at (286067500, 59750000) using coordinate system rotated by 0 degree(s)
13:31:33: [INFO] Adding track segment (B.Cu): [(283527500, 52070000), (283527500, 57210000)]
13:31:33: [INFO] Adding track segment (B.Cu): [(283527500, 57210000), (286067500, 59750000)]
13:31:33: [INFO] Routing SW30 with D30
13:31:33: [INFO] Using internal autorouter method
13:31:33: [INFO] Routing pad 'SW30:2' at (264477500, 52070000) with pad 'D30:2' at (267017500, 59750000) using coordinate system rotated by 0 degree(s)
13:31:33: [INFO] Adding track segment (B.Cu): [(264477500, 52070000), (264477500, 57210000)]
13:31:33: [INFO] Adding track segment (B.Cu): [(264477500, 57210000), (267017500, 59750000)]
13:31:34: [INFO] Routing SW29 with D29
13:31:34: [INFO] Using internal autorouter method
13:31:34: [INFO] Routing pad 'SW29:2' at (245427500, 52070000) with pad 'D29:2' at (247967500, 59750000) using coordinate system rotated by 0 degree(s)
13:31:34: [INFO] Adding track segment (B.Cu): [(245427500, 52070000), (245427500, 57210000)]
13:31:34: [INFO] Adding track segment (B.Cu): [(245427500, 57210000), (247967500, 59750000)]
13:31:34: [INFO] Routing SW28 with D28
13:31:34: [INFO] Using internal autorouter method
13:31:34: [INFO] Routing pad 'SW28:2' at (226377500, 52070000) with pad 'D28:2' at (228917500, 59750000) using coordinate system rotated by 0 degree(s)
13:31:34: [INFO] Adding track segment (B.Cu): [(226377500, 52070000), (226377500, 57210000)]
13:31:34: [INFO] Adding track segment (B.Cu): [(226377500, 57210000), (228917500, 59750000)]
13:31:34: [INFO] Routing SW27 with D27
13:31:34: [INFO] Using internal autorouter method
13:31:34: [INFO] Routing pad 'SW27:2' at (207327500, 52070000) with pad 'D27:2' at (209867500, 59750000) using coordinate system rotated by 0 degree(s)
13:31:34: [INFO] Adding track segment (B.Cu): [(207327500, 52070000), (207327500, 57210000)]
13:31:34: [INFO] Adding track segment (B.Cu): [(207327500, 57210000), (209867500, 59750000)]
13:31:34: [INFO] Routing SW26 with D26
13:31:34: [INFO] Using internal autorouter method
13:31:34: [INFO] Routing pad 'SW26:2' at (188277500, 52070000) with pad 'D26:2' at (190817500, 59750000) using coordinate system rotated by 0 degree(s)
13:31:34: [INFO] Adding track segment (B.Cu): [(188277500, 52070000), (188277500, 57210000)]
13:31:34: [INFO] Adding track segment (B.Cu): [(188277500, 57210000), (190817500, 59750000)]
13:31:34: [INFO] Routing SW25 with D25
13:31:34: [INFO] Using internal autorouter method
13:31:34: [INFO] Routing pad 'SW25:2' at (169227500, 52070000) with pad 'D25:2' at (171767500, 59750000) using coordinate system rotated by 0 degree(s)
13:31:34: [INFO] Adding track segment (B.Cu): [(169227500, 52070000), (169227500, 57210000)]
13:31:34: [INFO] Adding track segment (B.Cu): [(169227500, 57210000), (171767500, 59750000)]
13:31:34: [INFO] Routing SW24 with D24
13:31:34: [INFO] Using internal autorouter method
13:31:34: [INFO] Routing pad 'SW24:2' at (150177500, 52070000) with pad 'D24:2' at (152717500, 59750000) using coordinate system rotated by 0 degree(s)
13:31:34: [INFO] Adding track segment (B.Cu): [(150177500, 52070000), (150177500, 57210000)]
13:31:34: [INFO] Adding track segment (B.Cu): [(150177500, 57210000), (152717500, 59750000)]
13:31:34: [INFO] Routing SW23 with D23
13:31:34: [INFO] Using internal autorouter method
13:31:34: [INFO] Routing pad 'SW23:2' at (131127500, 52070000) with pad 'D23:2' at (133667500, 59750000) using coordinate system rotated by 0 degree(s)
13:31:34: [INFO] Adding track segment (B.Cu): [(131127500, 52070000), (131127500, 57210000)]
13:31:34: [INFO] Adding track segment (B.Cu): [(131127500, 57210000), (133667500, 59750000)]
13:31:34: [INFO] Routing SW22 with D22
13:31:34: [INFO] Using internal autorouter method
13:31:34: [INFO] Routing pad 'SW22:2' at (112077500, 52070000) with pad 'D22:2' at (114617500, 59750000) using coordinate system rotated by 0 degree(s)
13:31:34: [INFO] Adding track segment (B.Cu): [(112077500, 52070000), (112077500, 57210000)]
13:31:34: [INFO] Adding track segment (B.Cu): [(112077500, 57210000), (114617500, 59750000)]
13:31:34: [INFO] Routing SW21 with D21
13:31:34: [INFO] Using internal autorouter method
13:31:34: [INFO] Routing pad 'SW21:2' at (88265000, 52070000) with pad 'D21:2' at (90805000, 59750000) using coordinate system rotated by 0 degree(s)
13:31:34: [INFO] Adding track segment (B.Cu): [(88265000, 52070000), (88265000, 57210000)]
13:31:34: [INFO] Adding track segment (B.Cu): [(88265000, 57210000), (90805000, 59750000)]
13:31:34: [INFO] Routing SW20 with D20
13:31:34: [INFO] Using internal autorouter method
13:31:34: [INFO] Routing pad 'SW20:2' at (59690000, 52070000) with pad 'D20:2' at (62230000, 59750000) using coordinate system rotated by 0 degree(s)
13:31:34: [INFO] Adding track segment (B.Cu): [(59690000, 52070000), (59690000, 57210000)]
13:31:34: [INFO] Adding track segment (B.Cu): [(59690000, 57210000), (62230000, 59750000)]
13:31:34: [INFO] Routing SW19 with D19
13:31:34: [INFO] Using internal autorouter method
13:31:34: [INFO] Routing pad 'SW19:2' at (40640000, 52070000) with pad 'D19:2' at (43180000, 59750000) using coordinate system rotated by 0 degree(s)
13:31:34: [INFO] Adding track segment (B.Cu): [(40640000, 52070000), (40640000, 57210000)]
13:31:34: [INFO] Adding track segment (B.Cu): [(40640000, 57210000), (43180000, 59750000)]
13:31:34: [INFO] Routing SW18 with D18
13:31:34: [INFO] Using internal autorouter method
13:31:34: [INFO] Routing pad 'SW18:2' at (369252500, 33020000) with pad 'D18:2' at (371792500, 40700000) using coordinate system rotated by 0 degree(s)
13:31:34: [INFO] Adding track segment (B.Cu): [(369252500, 33020000), (369252500, 38160000)]
13:31:34: [INFO] Adding track segment (B.Cu): [(369252500, 38160000), (371792500, 40700000)]
13:31:34: [INFO] Routing SW17a with D17
13:31:34: [INFO] Using internal autorouter method
13:31:34: [INFO] Routing pad 'SW17a:2' at (350202500, 33020000) with pad 'D17:2' at (343217500, 40700000) using coordinate system rotated by 0 degree(s)
13:31:34: [INFO] Routing SW17 with D17
13:31:34: [INFO] Using internal autorouter method
13:31:34: [INFO] Routing pad 'SW17:2' at (340677500, 33020000) with pad 'D17:2' at (343217500, 40700000) using coordinate system rotated by 0 degree(s)
13:31:34: [INFO] Adding track segment (B.Cu): [(340677500, 33020000), (340677500, 38160000)]
13:31:34: [INFO] Adding track segment (B.Cu): [(340677500, 38160000), (343217500, 40700000)]
13:31:34: [INFO] Routing SW16 with D16
13:31:34: [INFO] Using internal autorouter method
13:31:34: [INFO] Routing pad 'SW16:2' at (331152500, 33020000) with pad 'D16:2' at (333692500, 40700000) using coordinate system rotated by 0 degree(s)
13:31:34: [INFO] Adding track segment (B.Cu): [(331152500, 33020000), (331152500, 38160000)]
13:31:34: [INFO] Adding track segment (B.Cu): [(331152500, 38160000), (333692500, 40700000)]
13:31:34: [INFO] Routing SW15 with D15
13:31:34: [INFO] Using internal autorouter method
13:31:34: [INFO] Routing pad 'SW15:2' at (312102500, 33020000) with pad 'D15:2' at (314642500, 40700000) using coordinate system rotated by 0 degree(s)
13:31:34: [INFO] Adding track segment (B.Cu): [(312102500, 33020000), (312102500, 38160000)]
13:31:34: [INFO] Adding track segment (B.Cu): [(312102500, 38160000), (314642500, 40700000)]
13:31:34: [INFO] Routing SW14 with D14
13:31:34: [INFO] Using internal autorouter method
13:31:34: [INFO] Routing pad 'SW14:2' at (293052500, 33020000) with pad 'D14:2' at (295592500, 40700000) using coordinate system rotated by 0 degree(s)
13:31:34: [INFO] Adding track segment (B.Cu): [(293052500, 33020000), (293052500, 38160000)]
13:31:34: [INFO] Adding track segment (B.Cu): [(293052500, 38160000), (295592500, 40700000)]
13:31:34: [INFO] Routing SW13 with D13
13:31:34: [INFO] Using internal autorouter method
13:31:34: [INFO] Routing pad 'SW13:2' at (274002500, 33020000) with pad 'D13:2' at (276542500, 40700000) using coordinate system rotated by 0 degree(s)
13:31:34: [INFO] Adding track segment (B.Cu): [(274002500, 33020000), (274002500, 38160000)]
13:31:34: [INFO] Adding track segment (B.Cu): [(274002500, 38160000), (276542500, 40700000)]
13:31:34: [INFO] Routing SW12 with D12
13:31:34: [INFO] Using internal autorouter method
13:31:34: [INFO] Routing pad 'SW12:2' at (254952500, 33020000) with pad 'D12:2' at (257492500, 40700000) using coordinate system rotated by 0 degree(s)
13:31:34: [INFO] Adding track segment (B.Cu): [(254952500, 33020000), (254952500, 38160000)]
13:31:34: [INFO] Adding track segment (B.Cu): [(254952500, 38160000), (257492500, 40700000)]
13:31:34: [INFO] Routing SW11 with D11
13:31:34: [INFO] Using internal autorouter method
13:31:34: [INFO] Routing pad 'SW11:2' at (235902500, 33020000) with pad 'D11:2' at (238442500, 40700000) using coordinate system rotated by 0 degree(s)
13:31:34: [INFO] Adding track segment (B.Cu): [(235902500, 33020000), (235902500, 38160000)]
13:31:34: [INFO] Adding track segment (B.Cu): [(235902500, 38160000), (238442500, 40700000)]
13:31:34: [INFO] Routing SW10 with D10
13:31:34: [INFO] Using internal autorouter method
13:31:34: [INFO] Routing pad 'SW10:2' at (216852500, 33020000) with pad 'D10:2' at (219392500, 40700000) using coordinate system rotated by 0 degree(s)
13:31:34: [INFO] Adding track segment (B.Cu): [(216852500, 33020000), (216852500, 38160000)]
13:31:34: [INFO] Adding track segment (B.Cu): [(216852500, 38160000), (219392500, 40700000)]
13:31:34: [INFO] Routing SW9 with D9
13:31:34: [INFO] Using internal autorouter method
13:31:34: [INFO] Routing pad 'SW9:2' at (197802500, 33020000) with pad 'D9:2' at (200342500, 40700000) using coordinate system rotated by 0 degree(s)
13:31:34: [INFO] Adding track segment (B.Cu): [(197802500, 33020000), (197802500, 38160000)]
13:31:34: [INFO] Adding track segment (B.Cu): [(197802500, 38160000), (200342500, 40700000)]
13:31:34: [INFO] Routing SW8 with D8
13:31:34: [INFO] Using internal autorouter method
13:31:34: [INFO] Routing pad 'SW8:2' at (178752500, 33020000) with pad 'D8:2' at (181292500, 40700000) using coordinate system rotated by 0 degree(s)
13:31:34: [INFO] Adding track segment (B.Cu): [(178752500, 33020000), (178752500, 38160000)]
13:31:34: [INFO] Adding track segment (B.Cu): [(178752500, 38160000), (181292500, 40700000)]
13:31:34: [INFO] Routing SW7 with D7
13:31:34: [INFO] Using internal autorouter method
13:31:34: [INFO] Routing pad 'SW7:2' at (159702500, 33020000) with pad 'D7:2' at (162242500, 40700000) using coordinate system rotated by 0 degree(s)
13:31:34: [INFO] Adding track segment (B.Cu): [(159702500, 33020000), (159702500, 38160000)]
13:31:34: [INFO] Adding track segment (B.Cu): [(159702500, 38160000), (162242500, 40700000)]
13:31:34: [INFO] Routing SW6 with D6
13:31:34: [INFO] Using internal autorouter method
13:31:34: [INFO] Routing pad 'SW6:2' at (140652500, 33020000) with pad 'D6:2' at (143192500, 40700000) using coordinate system rotated by 0 degree(s)
13:31:34: [INFO] Adding track segment (B.Cu): [(140652500, 33020000), (140652500, 38160000)]
13:31:34: [INFO] Adding track segment (B.Cu): [(140652500, 38160000), (143192500, 40700000)]
13:31:34: [INFO] Routing SW5 with D5
13:31:34: [INFO] Using internal autorouter method
13:31:34: [INFO] Routing pad 'SW5:2' at (121602500, 33020000) with pad 'D5:2' at (124142500, 40700000) using coordinate system rotated by 0 degree(s)
13:31:34: [INFO] Adding track segment (B.Cu): [(121602500, 33020000), (121602500, 38160000)]
13:31:34: [INFO] Adding track segment (B.Cu): [(121602500, 38160000), (124142500, 40700000)]
13:31:34: [INFO] Routing SW4 with D4
13:31:34: [INFO] Using internal autorouter method
13:31:34: [INFO] Routing pad 'SW4:2' at (102552500, 33020000) with pad 'D4:2' at (105092500, 40700000) using coordinate system rotated by 0 degree(s)
13:31:34: [INFO] Adding track segment (B.Cu): [(102552500, 33020000), (102552500, 38160000)]
13:31:34: [INFO] Adding track segment (B.Cu): [(102552500, 38160000), (105092500, 40700000)]
13:31:34: [INFO] Routing SW3 with D3
13:31:34: [INFO] Using internal autorouter method
13:31:34: [INFO] Routing pad 'SW3:2' at (83502500, 33020000) with pad 'D3:2' at (86042500, 40700000) using coordinate system rotated by 0 degree(s)
13:31:34: [INFO] Adding track segment (B.Cu): [(83502500, 33020000), (83502500, 38160000)]
13:31:34: [INFO] Adding track segment (B.Cu): [(83502500, 38160000), (86042500, 40700000)]
13:31:34: [INFO] Routing SW2 with D2
13:31:34: [INFO] Using internal autorouter method
13:31:34: [INFO] Routing pad 'SW2:2' at (59690000, 33020000) with pad 'D2:2' at (62230000, 40700000) using coordinate system rotated by 0 degree(s)
13:31:34: [INFO] Adding track segment (B.Cu): [(59690000, 33020000), (59690000, 38160000)]
13:31:34: [INFO] Adding track segment (B.Cu): [(59690000, 38160000), (62230000, 40700000)]
13:31:34: [INFO] Routing SW1 with D1
13:31:34: [INFO] Using internal autorouter method
13:31:34: [INFO] Routing pad 'SW1:2' at (40640000, 33020000) with pad 'D1:2' at (43180000, 40700000) using coordinate system rotated by 0 degree(s)
13:31:34: [INFO] Adding track segment (B.Cu): [(40640000, 33020000), (40640000, 38160000)]
13:31:34: [INFO] Adding track segment (B.Cu): [(40640000, 38160000), (43180000, 40700000)]
13:31:34: [INFO] Routing COL2 pads
13:31:34: [INFO] Routing pad 'SW38:1' at (84296250, 73660000) with pad 'SW55a:1' at (79533750, 92710000) using coordinate system rotated by 0 degree(s)
13:31:34: [INFO] Adding track segment (F.Cu): [(84296250, 73660000), (84296250, 87947500)]
13:31:34: [INFO] Adding track segment (F.Cu): [(84296250, 87947500), (79533750, 92710000)]
13:31:34: [INFO] Routing pad 'SW55a:1' at (79533750, 92710000) with pad 'SW72a:1' at (79533750, 111760000) using coordinate system rotated by 0 degree(s)
13:31:34: [INFO] Adding track segment (F.Cu): [(79533750, 92710000), (79533750, 111760000)]
13:31:34: [INFO] Could not add track segment due to detected collision
13:31:34: [INFO] Routing pad 'SW3:1' at (77152500, 35560000) with pad 'SW21:1' at (81915000, 54610000) using coordinate system rotated by 0 degree(s)
13:31:34: [INFO] Adding track segment (F.Cu): [(77152500, 35560000), (77152500, 49847500)]
13:31:34: [INFO] Adding track segment (F.Cu): [(77152500, 49847500), (81915000, 54610000)]
13:31:34: [INFO] Routing pad 'SW72a:1' at (79533750, 111760000) with pad 'SW72:1' at (81915000, 111760000) using coordinate system rotated by 0 degree(s)
13:31:34: [INFO] Adding track segment (F.Cu): [(79533750, 111760000), (81915000, 111760000)]
13:31:34: [INFO] Routing pad 'SW21:1' at (81915000, 54610000) with pad 'SW38:1' at (84296250, 73660000) using coordinate system rotated by 0 degree(s)
13:31:34: [INFO] Adding track segment (F.Cu): [(81915000, 54610000), (81915000, 71278750)]
13:31:34: [INFO] Adding track segment (F.Cu): [(81915000, 71278750), (84296250, 73660000)]
13:31:34: [INFO] Routing pad 'SW55a:1' at (79533750, 92710000) with pad 'SW55:1' at (89058750, 92710000) using coordinate system rotated by 0 degree(s)
13:31:34: [INFO] Adding track segment (F.Cu): [(79533750, 92710000), (89058750, 92710000)]
13:31:34: [INFO] Routing ROW3 pads
13:31:34: [INFO] Routing pad 'D53:1' at (43180000, 100650000) with pad 'D54:1' at (62230000, 100650000) using coordinate system rotated by 0 degree(s)
13:31:34: [INFO] Adding track segment (B.Cu): [(43180000, 100650000), (62230000, 100650000)]
13:31:34: [INFO] Routing pad 'D54:1' at (62230000, 100650000) with pad 'D55:1' at (97948750, 100650000) using coordinate system rotated by 0 degree(s)
13:31:34: [INFO] Adding track segment (B.Cu): [(62230000, 100650000), (97948750, 100650000)]
13:31:34: [INFO] Routing pad 'D55:1' at (97948750, 100650000) with pad 'D56:1' at (109855000, 100650000) using coordinate system rotated by 0 degree(s)
13:31:34: [INFO] Adding track segment (B.Cu): [(97948750, 100650000), (109855000, 100650000)]
13:31:34: [INFO] Routing pad 'D56:1' at (109855000, 100650000) with pad 'D57:1' at (128905000, 100650000) using coordinate system rotated by 0 degree(s)
13:31:34: [INFO] Adding track segment (B.Cu): [(109855000, 100650000), (128905000, 100650000)]
13:31:34: [INFO] Routing pad 'D57:1' at (128905000, 100650000) with pad 'D58:1' at (147955000, 100650000) using coordinate system rotated by 0 degree(s)
13:31:34: [INFO] Adding track segment (B.Cu): [(128905000, 100650000), (147955000, 100650000)]
13:31:34: [INFO] Routing pad 'D58:1' at (147955000, 100650000) with pad 'D59:1' at (167005000, 100650000) using coordinate system rotated by 0 degree(s)
13:31:34: [INFO] Adding track segment (B.Cu): [(147955000, 100650000), (167005000, 100650000)]
13:31:34: [INFO] Routing pad 'D59:1' at (167005000, 100650000) with pad 'D60:1' at (186055000, 100650000) using coordinate system rotated by 0 degree(s)
13:31:34: [INFO] Adding track segment (B.Cu): [(167005000, 100650000), (186055000, 100650000)]
13:31:34: [INFO] Routing pad 'D60:1' at (186055000, 100650000) with pad 'D61:1' at (205105000, 100650000) using coordinate system rotated by 0 degree(s)
13:31:34: [INFO] Adding track segment (B.Cu): [(186055000, 100650000), (205105000, 100650000)]
13:31:34: [INFO] Routing pad 'D61:1' at (205105000, 100650000) with pad 'D62:1' at (224155000, 100650000) using coordinate system rotated by 0 degree(s)
13:31:34: [INFO] Adding track segment (B.Cu): [(205105000, 100650000), (224155000, 100650000)]
13:31:34: [INFO] Routing pad 'D62:1' at (224155000, 100650000) with pad 'D63:1' at (243205000, 100650000) using coordinate system rotated by 0 degree(s)
13:31:34: [INFO] Adding track segment (B.Cu): [(224155000, 100650000), (243205000, 100650000)]
13:31:34: [INFO] Routing pad 'D63:1' at (243205000, 100650000) with pad 'D64:1' at (262255000, 100650000) using coordinate system rotated by 0 degree(s)
13:31:34: [INFO] Adding track segment (B.Cu): [(243205000, 100650000), (262255000, 100650000)]
13:31:34: [INFO] Routing pad 'D64:1' at (262255000, 100650000) with pad 'D65:1' at (281305000, 100650000) using coordinate system rotated by 0 degree(s)
13:31:34: [INFO] Adding track segment (B.Cu): [(262255000, 100650000), (281305000, 100650000)]
13:31:34: [INFO] Routing pad 'D65:1' at (281305000, 100650000) with pad 'D66:1' at (300355000, 100650000) using coordinate system rotated by 0 degree(s)
13:31:34: [INFO] Adding track segment (B.Cu): [(281305000, 100650000), (300355000, 100650000)]
13:31:34: [INFO] Routing pad 'D66:1' at (300355000, 100650000) with pad 'D67:1' at (326548750, 100650000) using coordinate system rotated by 0 degree(s)
13:31:34: [INFO] Adding track segment (B.Cu): [(300355000, 100650000), (326548750, 100650000)]
13:31:34: [INFO] Routing pad 'D67:1' at (326548750, 100650000) with pad 'D68:1' at (352742500, 100650000) using coordinate system rotated by 0 degree(s)
13:31:34: [INFO] Adding track segment (B.Cu): [(326548750, 100650000), (352742500, 100650000)]
13:31:34: [INFO] Routing pad 'D68:1' at (352742500, 100650000) with pad 'D69:1' at (371792500, 100650000) using coordinate system rotated by 0 degree(s)
13:31:34: [INFO] Adding track segment (B.Cu): [(352742500, 100650000), (371792500, 100650000)]
13:31:34: [INFO] Routing COL15 pads
13:31:34: [INFO] Routing COL3 pads
13:31:34: [INFO] Routing pad 'SW39:1' at (110490000, 73660000) with pad 'SW56:1' at (100965000, 92710000) using coordinate system rotated by 0 degree(s)
13:31:34: [INFO] Routing pad 'SW56:1' at (100965000, 92710000) with pad 'SW73a:1' at (103346250, 111760000) using coordinate system rotated by 0 degree(s)
13:31:34: [INFO] Adding track segment (F.Cu): [(100965000, 92710000), (100965000, 109378750)]
13:31:34: [INFO] Adding track segment (F.Cu): [(100965000, 109378750), (103346250, 111760000)]
13:31:34: [INFO] Routing pad 'SW4:1' at (96202500, 35560000) with pad 'SW22:1' at (105727500, 54610000) using coordinate system rotated by 0 degree(s)
13:31:34: [INFO] Adding track segment (F.Cu): [(96202500, 35560000), (96202500, 45085000)]
13:31:34: [INFO] Adding track segment (F.Cu): [(96202500, 45085000), (105727500, 54610000)]
13:31:34: [INFO] Routing pad 'SW73a:1' at (103346250, 111760000) with pad 'SW73:1' at (105727500, 111760000) using coordinate system rotated by 0 degree(s)
13:31:34: [INFO] Adding track segment (F.Cu): [(103346250, 111760000), (105727500, 111760000)]
13:31:34: [INFO] Routing pad 'SW22:1' at (105727500, 54610000) with pad 'SW39:1' at (110490000, 73660000) using coordinate system rotated by 0 degree(s)
13:31:34: [INFO] Adding track segment (F.Cu): [(105727500, 54610000), (105727500, 68897500)]
13:31:34: [INFO] Adding track segment (F.Cu): [(105727500, 68897500), (110490000, 73660000)]
13:31:34: [INFO] Routing COL7 pads
13:31:34: [INFO] Routing pad 'SW43:1' at (186690000, 73660000) with pad 'SW60:1' at (177165000, 92710000) using coordinate system rotated by 0 degree(s)
13:31:35: [INFO] Adding track segment (F.Cu): [(186690000, 73660000), (186690000, 83185000)]
13:31:35: [INFO] Adding track segment (F.Cu): [(186690000, 83185000), (177165000, 92710000)]
13:31:35: [INFO] Routing pad 'SW8:1' at (172402500, 35560000) with pad 'SW26:1' at (181927500, 54610000) using coordinate system rotated by 0 degree(s)
13:31:35: [INFO] Adding track segment (F.Cu): [(172402500, 35560000), (172402500, 45085000)]
13:31:35: [INFO] Adding track segment (F.Cu): [(172402500, 45085000), (181927500, 54610000)]
13:31:35: [INFO] Routing pad 'SW26:1' at (181927500, 54610000) with pad 'SW43:1' at (186690000, 73660000) using coordinate system rotated by 0 degree(s)
13:31:35: [INFO] Adding track segment (F.Cu): [(181927500, 54610000), (181927500, 68897500)]
13:31:35: [INFO] Adding track segment (F.Cu): [(181927500, 68897500), (186690000, 73660000)]
13:31:35: [INFO] Routing ROW0 pads
13:31:35: [INFO] Routing pad 'D1:1' at (43180000, 43500000) with pad 'D2:1' at (62230000, 43500000) using coordinate system rotated by 0 degree(s)
13:31:35: [INFO] Adding track segment (B.Cu): [(43180000, 43500000), (62230000, 43500000)]
13:31:35: [INFO] Routing pad 'D2:1' at (62230000, 43500000) with pad 'D3:1' at (86042500, 43500000) using coordinate system rotated by 0 degree(s)
13:31:35: [INFO] Adding track segment (B.Cu): [(62230000, 43500000), (86042500, 43500000)]
13:31:35: [INFO] Routing pad 'D3:1' at (86042500, 43500000) with pad 'D4:1' at (105092500, 43500000) using coordinate system rotated by 0 degree(s)
13:31:35: [INFO] Adding track segment (B.Cu): [(86042500, 43500000), (105092500, 43500000)]
13:31:35: [INFO] Routing pad 'D4:1' at (105092500, 43500000) with pad 'D5:1' at (124142500, 43500000) using coordinate system rotated by 0 degree(s)
13:31:35: [INFO] Adding track segment (B.Cu): [(105092500, 43500000), (124142500, 43500000)]
13:31:35: [INFO] Routing pad 'D5:1' at (124142500, 43500000) with pad 'D6:1' at (143192500, 43500000) using coordinate system rotated by 0 degree(s)
13:31:35: [INFO] Adding track segment (B.Cu): [(124142500, 43500000), (143192500, 43500000)]
13:31:35: [INFO] Routing pad 'D6:1' at (143192500, 43500000) with pad 'D7:1' at (162242500, 43500000) using coordinate system rotated by 0 degree(s)
13:31:35: [INFO] Adding track segment (B.Cu): [(143192500, 43500000), (162242500, 43500000)]
13:31:35: [INFO] Routing pad 'D7:1' at (162242500, 43500000) with pad 'D8:1' at (181292500, 43500000) using coordinate system rotated by 0 degree(s)
13:31:35: [INFO] Adding track segment (B.Cu): [(162242500, 43500000), (181292500, 43500000)]
13:31:35: [INFO] Routing pad 'D8:1' at (181292500, 43500000) with pad 'D9:1' at (200342500, 43500000) using coordinate system rotated by 0 degree(s)
13:31:35: [INFO] Adding track segment (B.Cu): [(181292500, 43500000), (200342500, 43500000)]
13:31:35: [INFO] Routing pad 'D9:1' at (200342500, 43500000) with pad 'D10:1' at (219392500, 43500000) using coordinate system rotated by 0 degree(s)
13:31:35: [INFO] Adding track segment (B.Cu): [(200342500, 43500000), (219392500, 43500000)]
13:31:35: [INFO] Routing pad 'D10:1' at (219392500, 43500000) with pad 'D11:1' at (238442500, 43500000) using coordinate system rotated by 0 degree(s)
13:31:35: [INFO] Adding track segment (B.Cu): [(219392500, 43500000), (238442500, 43500000)]
13:31:35: [INFO] Routing pad 'D11:1' at (238442500, 43500000) with pad 'D12:1' at (257492500, 43500000) using coordinate system rotated by 0 degree(s)
13:31:35: [INFO] Adding track segment (B.Cu): [(238442500, 43500000), (257492500, 43500000)]
13:31:35: [INFO] Routing pad 'D12:1' at (257492500, 43500000) with pad 'D13:1' at (276542500, 43500000) using coordinate system rotated by 0 degree(s)
13:31:35: [INFO] Adding track segment (B.Cu): [(257492500, 43500000), (276542500, 43500000)]
13:31:35: [INFO] Routing pad 'D13:1' at (276542500, 43500000) with pad 'D14:1' at (295592500, 43500000) using coordinate system rotated by 0 degree(s)
13:31:35: [INFO] Adding track segment (B.Cu): [(276542500, 43500000), (295592500, 43500000)]
13:31:35: [INFO] Routing pad 'D14:1' at (295592500, 43500000) with pad 'D15:1' at (314642500, 43500000) using coordinate system rotated by 0 degree(s)
13:31:35: [INFO] Adding track segment (B.Cu): [(295592500, 43500000), (314642500, 43500000)]
13:31:35: [INFO] Routing pad 'D15:1' at (314642500, 43500000) with pad 'D16:1' at (333692500, 43500000) using coordinate system rotated by 0 degree(s)
13:31:35: [INFO] Adding track segment (B.Cu): [(314642500, 43500000), (333692500, 43500000)]
13:31:35: [INFO] Routing pad 'D16:1' at (333692500, 43500000) with pad 'D17:1' at (343217500, 43500000) using coordinate system rotated by 0 degree(s)
13:31:35: [INFO] Adding track segment (B.Cu): [(333692500, 43500000), (343217500, 43500000)]
13:31:35: [INFO] Routing pad 'D17:1' at (343217500, 43500000) with pad 'D18:1' at (371792500, 43500000) using coordinate system rotated by 0 degree(s)
13:31:35: [INFO] Adding track segment (B.Cu): [(343217500, 43500000), (371792500, 43500000)]
13:31:35: [INFO] Routing ROW2 pads
13:31:35: [INFO] Routing pad 'D36:1' at (43180000, 81600000) with pad 'D37:1' at (62230000, 81600000) using coordinate system rotated by 0 degree(s)
13:31:35: [INFO] Adding track segment (B.Cu): [(43180000, 81600000), (62230000, 81600000)]
13:31:35: [INFO] Routing pad 'D37:1' at (62230000, 81600000) with pad 'D38:1' at (93186250, 81600000) using coordinate system rotated by 0 degree(s)
13:31:35: [INFO] Adding track segment (B.Cu): [(62230000, 81600000), (93186250, 81600000)]
13:31:35: [INFO] Routing pad 'D38:1' at (93186250, 81600000) with pad 'D39:1' at (119380000, 81600000) using coordinate system rotated by 0 degree(s)
13:31:35: [INFO] Adding track segment (B.Cu): [(93186250, 81600000), (119380000, 81600000)]
13:31:35: [INFO] Routing pad 'D39:1' at (119380000, 81600000) with pad 'D40:1' at (138430000, 81600000) using coordinate system rotated by 0 degree(s)
13:31:35: [INFO] Adding track segment (B.Cu): [(119380000, 81600000), (138430000, 81600000)]
13:31:35: [INFO] Routing pad 'D40:1' at (138430000, 81600000) with pad 'D41:1' at (157480000, 81600000) using coordinate system rotated by 0 degree(s)
13:31:35: [INFO] Adding track segment (B.Cu): [(138430000, 81600000), (157480000, 81600000)]
13:31:35: [INFO] Routing pad 'D41:1' at (157480000, 81600000) with pad 'D42:1' at (176530000, 81600000) using coordinate system rotated by 0 degree(s)
13:31:35: [INFO] Adding track segment (B.Cu): [(157480000, 81600000), (176530000, 81600000)]
13:31:35: [INFO] Routing pad 'D42:1' at (176530000, 81600000) with pad 'D43:1' at (195580000, 81600000) using coordinate system rotated by 0 degree(s)
13:31:35: [INFO] Adding track segment (B.Cu): [(176530000, 81600000), (195580000, 81600000)]
13:31:35: [INFO] Routing pad 'D43:1' at (195580000, 81600000) with pad 'D44:1' at (214630000, 81600000) using coordinate system rotated by 0 degree(s)
13:31:35: [INFO] Adding track segment (B.Cu): [(195580000, 81600000), (214630000, 81600000)]
13:31:35: [INFO] Routing pad 'D44:1' at (214630000, 81600000) with pad 'D45:1' at (233680000, 81600000) using coordinate system rotated by 0 degree(s)
13:31:35: [INFO] Adding track segment (B.Cu): [(214630000, 81600000), (233680000, 81600000)]
13:31:35: [INFO] Routing pad 'D45:1' at (233680000, 81600000) with pad 'D46:1' at (252730000, 81600000) using coordinate system rotated by 0 degree(s)
13:31:35: [INFO] Adding track segment (B.Cu): [(233680000, 81600000), (252730000, 81600000)]
13:31:35: [INFO] Routing pad 'D46:1' at (252730000, 81600000) with pad 'D47:1' at (271780000, 81600000) using coordinate system rotated by 0 degree(s)
13:31:35: [INFO] Adding track segment (B.Cu): [(252730000, 81600000), (271780000, 81600000)]
13:31:35: [INFO] Routing pad 'D47:1' at (271780000, 81600000) with pad 'D48:1' at (290830000, 81600000) using coordinate system rotated by 0 degree(s)
13:31:35: [INFO] Adding track segment (B.Cu): [(271780000, 81600000), (290830000, 81600000)]
13:31:35: [INFO] Routing pad 'D48:1' at (290830000, 81600000) with pad 'D49:1' at (309880000, 81600000) using coordinate system rotated by 0 degree(s)
13:31:35: [INFO] Adding track segment (B.Cu): [(290830000, 81600000), (309880000, 81600000)]
13:31:35: [INFO] Routing pad 'D49:1' at (309880000, 81600000) with pad 'D50:1' at (328930000, 81600000) using coordinate system rotated by 0 degree(s)
13:31:35: [INFO] Adding track segment (B.Cu): [(309880000, 81600000), (328930000, 81600000)]
13:31:35: [INFO] Routing pad 'D50:1' at (328930000, 81600000) with pad 'D51:1' at (340836250, 81600000) using coordinate system rotated by 0 degree(s)
13:31:35: [INFO] Adding track segment (B.Cu): [(328930000, 81600000), (340836250, 81600000)]
13:31:35: [INFO] Routing pad 'D51:1' at (340836250, 81600000) with pad 'D52:1' at (371792500, 81600000) using coordinate system rotated by 0 degree(s)
13:31:35: [INFO] Adding track segment (B.Cu): [(340836250, 81600000), (371792500, 81600000)]
13:31:35: [INFO] Routing COL13 pads
13:31:35: [INFO] Routing pad 'SW49:1' at (300990000, 73660000) with pad 'SW66:1' at (291465000, 92710000) using coordinate system rotated by 0 degree(s)
13:31:35: [INFO] Adding track segment (F.Cu): [(300990000, 73660000), (300990000, 83185000)]
13:31:35: [INFO] Adding track segment (F.Cu): [(300990000, 83185000), (291465000, 92710000)]
13:31:35: [INFO] Routing pad 'SW66:1' at (291465000, 92710000) with pad 'SW79:1' at (291465000, 111760000) using coordinate system rotated by 0 degree(s)
13:31:35: [INFO] Adding track segment (F.Cu): [(291465000, 92710000), (291465000, 111760000)]
13:31:35: [INFO] Routing pad 'SW79:1' at (291465000, 111760000) with pad 'SW79a:1' at (293846250, 111760000) using coordinate system rotated by 0 degree(s)
13:31:35: [INFO] Adding track segment (F.Cu): [(291465000, 111760000), (293846250, 111760000)]
13:31:35: [INFO] Routing pad 'SW14:1' at (286702500, 35560000) with pad 'SW32:1' at (296227500, 54610000) using coordinate system rotated by 0 degree(s)
13:31:35: [INFO] Adding track segment (F.Cu): [(286702500, 35560000), (286702500, 45085000)]
13:31:35: [INFO] Adding track segment (F.Cu): [(286702500, 45085000), (296227500, 54610000)]
13:31:35: [INFO] Routing pad 'SW32:1' at (296227500, 54610000) with pad 'SW49:1' at (300990000, 73660000) using coordinate system rotated by 0 degree(s)
13:31:35: [INFO] Adding track segment (F.Cu): [(296227500, 54610000), (296227500, 68897500)]
13:31:35: [INFO] Adding track segment (F.Cu): [(296227500, 68897500), (300990000, 73660000)]
13:31:35: [INFO] Routing COL14 pads
13:31:35: [INFO] Routing pad 'SW15:1' at (305752500, 35560000) with pad 'SW33:1' at (315277500, 54610000) using coordinate system rotated by 0 degree(s)
13:31:35: [INFO] Adding track segment (F.Cu): [(305752500, 35560000), (305752500, 45085000)]
13:31:35: [INFO] Adding track segment (F.Cu): [(305752500, 45085000), (315277500, 54610000)]
13:31:35: [INFO] Routing pad 'SW50:1' at (320040000, 73660000) with pad 'SW67:1' at (317658750, 92710000) using coordinate system rotated by 0 degree(s)
13:31:35: [INFO] Adding track segment (F.Cu): [(320040000, 73660000), (320040000, 90328750)]
13:31:35: [INFO] Adding track segment (F.Cu): [(320040000, 90328750), (317658750, 92710000)]
13:31:35: [INFO] Routing pad 'SW33:1' at (315277500, 54610000) with pad 'SW50:1' at (320040000, 73660000) using coordinate system rotated by 0 degree(s)
13:31:35: [INFO] Adding track segment (F.Cu): [(315277500, 54610000), (315277500, 68897500)]
13:31:35: [INFO] Adding track segment (F.Cu): [(315277500, 68897500), (320040000, 73660000)]
13:31:35: [INFO] Routing pad 'SW67:1' at (317658750, 92710000) with pad 'SW80:1' at (324802500, 111760000) using coordinate system rotated by 0 degree(s)
13:31:35: [INFO] Adding track segment (F.Cu): [(317658750, 92710000), (317658750, 104616250)]
13:31:35: [INFO] Adding track segment (F.Cu): [(317658750, 104616250), (324802500, 111760000)]
13:31:35: [INFO] Routing COL6 pads
13:31:35: [INFO] Routing pad 'SW42:1' at (167640000, 73660000) with pad 'SW59:1' at (158115000, 92710000) using coordinate system rotated by 0 degree(s)
13:31:35: [INFO] Adding track segment (F.Cu): [(167640000, 73660000), (167640000, 83185000)]
13:31:35: [INFO] Adding track segment (F.Cu): [(167640000, 83185000), (158115000, 92710000)]
13:31:35: [INFO] Routing pad 'SW59:1' at (158115000, 92710000) with pad 'SW75b:1' at (160496250, 111760000) using coordinate system rotated by 0 degree(s)
13:31:35: [INFO] Routing pad 'SW7:1' at (153352500, 35560000) with pad 'SW25:1' at (162877500, 54610000) using coordinate system rotated by 0 degree(s)
13:31:35: [INFO] Adding track segment (F.Cu): [(153352500, 35560000), (153352500, 45085000)]
13:31:35: [INFO] Adding track segment (F.Cu): [(153352500, 45085000), (162877500, 54610000)]
13:31:35: [INFO] Routing pad 'SW75b:1' at (160496250, 111760000) with pad 'SW75a:1' at (165258750, 111760000) using coordinate system rotated by 0 degree(s)
13:31:35: [INFO] Adding track segment (F.Cu): [(160496250, 111760000), (165258750, 111760000)]
13:31:35: [INFO] Routing pad 'SW25:1' at (162877500, 54610000) with pad 'SW42:1' at (167640000, 73660000) using coordinate system rotated by 0 degree(s)
13:31:35: [INFO] Adding track segment (F.Cu): [(162877500, 54610000), (162877500, 68897500)]
13:31:35: [INFO] Adding track segment (F.Cu): [(162877500, 68897500), (167640000, 73660000)]
13:31:35: [INFO] Routing pad 'SW75a:1' at (165258750, 111760000) with pad 'SW75:1' at (172402500, 111760000) using coordinate system rotated by 0 degree(s)
13:31:35: [INFO] Adding track segment (F.Cu): [(165258750, 111760000), (172402500, 111760000)]
13:31:35: [INFO] Routing COL4 pads
13:31:35: [INFO] Routing pad 'SW40:1' at (129540000, 73660000) with pad 'SW57:1' at (120015000, 92710000) using coordinate system rotated by 0 degree(s)
13:31:35: [INFO] Adding track segment (F.Cu): [(129540000, 73660000), (129540000, 83185000)]
13:31:35: [INFO] Adding track segment (F.Cu): [(129540000, 83185000), (120015000, 92710000)]
13:31:35: [INFO] Routing pad 'SW5:1' at (115252500, 35560000) with pad 'SW23:1' at (124777500, 54610000) using coordinate system rotated by 0 degree(s)
13:31:35: [INFO] Adding track segment (F.Cu): [(115252500, 35560000), (115252500, 45085000)]
13:31:35: [INFO] Adding track segment (F.Cu): [(115252500, 45085000), (124777500, 54610000)]
13:31:35: [INFO] Routing pad 'SW57:1' at (120015000, 92710000) with pad 'SW74a:1' at (127158750, 111760000) using coordinate system rotated by 0 degree(s)
13:31:35: [INFO] Adding track segment (F.Cu): [(120015000, 92710000), (120015000, 104616250)]
13:31:35: [INFO] Adding track segment (F.Cu): [(120015000, 104616250), (127158750, 111760000)]
13:31:35: [INFO] Routing pad 'SW23:1' at (124777500, 54610000) with pad 'SW40:1' at (129540000, 73660000) using coordinate system rotated by 0 degree(s)
13:31:35: [INFO] Adding track segment (F.Cu): [(124777500, 54610000), (124777500, 68897500)]
13:31:35: [INFO] Adding track segment (F.Cu): [(124777500, 68897500), (129540000, 73660000)]
13:31:35: [INFO] Routing pad 'SW74a:1' at (127158750, 111760000) with pad 'SW74:1' at (129540000, 111760000) using coordinate system rotated by 0 degree(s)
13:31:35: [INFO] Adding track segment (F.Cu): [(127158750, 111760000), (129540000, 111760000)]
13:31:35: [INFO] Routing COL17 pads
13:31:35: [INFO] Routing pad 'SW18:1' at (362902500, 35560000) with pad 'SW35:1' at (362902500, 54610000) using coordinate system rotated by 0 degree(s)
13:31:35: [INFO] Adding track segment (F.Cu): [(362902500, 35560000), (362902500, 54610000)]
13:31:35: [INFO] Routing pad 'SW35:1' at (362902500, 54610000) with pad 'SW52:1' at (362902500, 73660000) using coordinate system rotated by 0 degree(s)
13:31:35: [INFO] Adding track segment (F.Cu): [(362902500, 54610000), (362902500, 73660000)]
13:31:35: [INFO] Routing pad 'SW52:1' at (362902500, 73660000) with pad 'SW69:1' at (362902500, 92710000) using coordinate system rotated by 0 degree(s)
13:31:35: [INFO] Adding track segment (F.Cu): [(362902500, 73660000), (362902500, 92710000)]
13:31:35: [INFO] Routing pad 'SW69:1' at (362902500, 92710000) with pad 'SW82:1' at (362902500, 111760000) using coordinate system rotated by 0 degree(s)
13:31:35: [INFO] Adding track segment (F.Cu): [(362902500, 92710000), (362902500, 111760000)]
13:31:35: [INFO] Routing COL12 pads
13:31:35: [INFO] Routing pad 'SW65:1' at (272415000, 92710000) with pad 'SW78:1' at (270033750, 111760000) using coordinate system rotated by 0 degree(s)
13:31:35: [INFO] Routing pad 'SW48:1' at (281940000, 73660000) with pad 'SW65:1' at (272415000, 92710000) using coordinate system rotated by 0 degree(s)
13:31:35: [INFO] Adding track segment (F.Cu): [(281940000, 73660000), (281940000, 83185000)]
13:31:35: [INFO] Adding track segment (F.Cu): [(281940000, 83185000), (272415000, 92710000)]
13:31:35: [INFO] Routing pad 'SW13:1' at (267652500, 35560000) with pad 'SW31:1' at (277177500, 54610000) using coordinate system rotated by 0 degree(s)
13:31:35: [INFO] Adding track segment (F.Cu): [(267652500, 35560000), (267652500, 45085000)]
13:31:35: [INFO] Adding track segment (F.Cu): [(267652500, 45085000), (277177500, 54610000)]
13:31:35: [INFO] Routing pad 'SW31:1' at (277177500, 54610000) with pad 'SW48:1' at (281940000, 73660000) using coordinate system rotated by 0 degree(s)
13:31:35: [INFO] Adding track segment (F.Cu): [(277177500, 54610000), (277177500, 68897500)]
13:31:35: [INFO] Adding track segment (F.Cu): [(277177500, 68897500), (281940000, 73660000)]
13:31:35: [INFO] Routing COL16 pads
13:31:35: [INFO] Routing pad 'SW34:1' at (339090000, 54610000) with pad 'SW17:1' at (334327500, 35560000) using coordinate system rotated by 0 degree(s)
13:31:35: [INFO] Routing pad 'SW51a:1' at (341471250, 64135000) with pad 'SW34:1' at (339090000, 54610000) using coordinate system rotated by 0 degree(s)
13:31:35: [INFO] Routing pad 'SW51:1' at (331946250, 73660000) with pad 'SW51a:1' at (341471250, 64135000) using coordinate system rotated by 0 degree(s)
13:31:35: [INFO] Adding track segment (F.Cu): [(331946250, 73660000), (331946250, 73660000)]
13:31:35: [INFO] Adding track segment (F.Cu): [(331946250, 73660000), (341471250, 64135000)]
13:31:35: [INFO] Routing pad 'SW17:1' at (334327500, 35560000) with pad 'SW17a:1' at (343852500, 35560000) using coordinate system rotated by 0 degree(s)
13:31:35: [INFO] Adding track segment (F.Cu): [(334327500, 35560000), (343852500, 35560000)]
13:31:35: [INFO] Routing pad 'SW51:1' at (331946250, 73660000) with pad 'SW68:1' at (343852500, 92710000) using coordinate system rotated by 0 degree(s)
13:31:35: [INFO] Adding track segment (F.Cu): [(331946250, 73660000), (331946250, 80803750)]
13:31:35: [INFO] Adding track segment (F.Cu): [(331946250, 80803750), (343852500, 92710000)]
13:31:35: [INFO] Routing pad 'SW68:1' at (343852500, 92710000) with pad 'SW81:1' at (343852500, 111760000) using coordinate system rotated by 0 degree(s)
13:31:35: [INFO] Adding track segment (F.Cu): [(343852500, 92710000), (343852500, 111760000)]
13:31:35: [INFO] Routing COL1 pads
13:31:35: [INFO] Routing pad 'SW2:1' at (53340000, 35560000) with pad 'SW20:1' at (53340000, 54610000) using coordinate system rotated by 0 degree(s)
13:31:35: [INFO] Adding track segment (F.Cu): [(53340000, 35560000), (53340000, 54610000)]
13:31:35: [INFO] Routing pad 'SW20:1' at (53340000, 54610000) with pad 'SW37:1' at (53340000, 73660000) using coordinate system rotated by 0 degree(s)
13:31:35: [INFO] Adding track segment (F.Cu): [(53340000, 54610000), (53340000, 73660000)]
13:31:35: [INFO] Routing pad 'SW37:1' at (53340000, 73660000) with pad 'SW54:1' at (53340000, 92710000) using coordinate system rotated by 0 degree(s)
13:31:35: [INFO] Adding track segment (F.Cu): [(53340000, 73660000), (53340000, 92710000)]
13:31:35: [INFO] Routing pad 'SW54:1' at (53340000, 92710000) with pad 'SW71:1' at (53340000, 111760000) using coordinate system rotated by 0 degree(s)
13:31:35: [INFO] Adding track segment (F.Cu): [(53340000, 92710000), (53340000, 111760000)]
13:31:35: [INFO] Routing COL9 pads
13:31:35: [INFO] Routing pad 'SW45:1' at (224790000, 73660000) with pad 'SW62:1' at (215265000, 92710000) using coordinate system rotated by 0 degree(s)
13:31:35: [INFO] Adding track segment (F.Cu): [(224790000, 73660000), (224790000, 83185000)]
13:31:35: [INFO] Adding track segment (F.Cu): [(224790000, 83185000), (215265000, 92710000)]
13:31:35: [INFO] Routing pad 'SW10:1' at (210502500, 35560000) with pad 'SW28:1' at (220027500, 54610000) using coordinate system rotated by 0 degree(s)
13:31:35: [INFO] Adding track segment (F.Cu): [(210502500, 35560000), (210502500, 45085000)]
13:31:35: [INFO] Adding track segment (F.Cu): [(210502500, 45085000), (220027500, 54610000)]
13:31:35: [INFO] Routing pad 'SW28:1' at (220027500, 54610000) with pad 'SW45:1' at (224790000, 73660000) using coordinate system rotated by 0 degree(s)
13:31:35: [INFO] Adding track segment (F.Cu): [(220027500, 54610000), (220027500, 68897500)]
13:31:35: [INFO] Adding track segment (F.Cu): [(220027500, 68897500), (224790000, 73660000)]
13:31:35: [INFO] Routing COL10 pads
13:31:35: [INFO] Routing pad 'SW63:1' at (234315000, 92710000) with pad 'SW77b:1' at (231933750, 111760000) using coordinate system rotated by 0 degree(s)
13:31:35: [INFO] Routing pad 'SW46:1' at (243840000, 73660000) with pad 'SW63:1' at (234315000, 92710000) using coordinate system rotated by 0 degree(s)
13:31:36: [INFO] Adding track segment (F.Cu): [(243840000, 73660000), (243840000, 83185000)]
13:31:36: [INFO] Adding track segment (F.Cu): [(243840000, 83185000), (234315000, 92710000)]
13:31:36: [INFO] Routing pad 'SW11:1' at (229552500, 35560000) with pad 'SW29:1' at (239077500, 54610000) using coordinate system rotated by 0 degree(s)
13:31:36: [INFO] Adding track segment (F.Cu): [(229552500, 35560000), (229552500, 45085000)]
13:31:36: [INFO] Adding track segment (F.Cu): [(229552500, 45085000), (239077500, 54610000)]
13:31:36: [INFO] Routing pad 'SW29:1' at (239077500, 54610000) with pad 'SW46:1' at (243840000, 73660000) using coordinate system rotated by 0 degree(s)
13:31:36: [INFO] Adding track segment (F.Cu): [(239077500, 54610000), (239077500, 68897500)]
13:31:36: [INFO] Adding track segment (F.Cu): [(239077500, 68897500), (243840000, 73660000)]
13:31:36: [INFO] Routing pad 'SW77b:1' at (231933750, 111760000) with pad 'SW77:1' at (248602500, 111760000) using coordinate system rotated by 0 degree(s)
13:31:36: [INFO] Adding track segment (F.Cu): [(231933750, 111760000), (248602500, 111760000)]
13:31:36: [INFO] Routing pad 'SW77:1' at (248602500, 111760000) with pad 'SW77a:1' at (250983750, 111760000) using coordinate system rotated by 0 degree(s)
13:31:36: [INFO] Adding track segment (F.Cu): [(248602500, 111760000), (250983750, 111760000)]
13:31:36: [INFO] Routing COL0 pads
13:31:36: [INFO] Routing pad 'SW1:1' at (34290000, 35560000) with pad 'SW19:1' at (34290000, 54610000) using coordinate system rotated by 0 degree(s)
13:31:36: [INFO] Adding track segment (F.Cu): [(34290000, 35560000), (34290000, 54610000)]
13:31:36: [INFO] Routing pad 'SW19:1' at (34290000, 54610000) with pad 'SW36:1' at (34290000, 73660000) using coordinate system rotated by 0 degree(s)
13:31:36: [INFO] Adding track segment (F.Cu): [(34290000, 54610000), (34290000, 73660000)]
13:31:36: [INFO] Routing pad 'SW36:1' at (34290000, 73660000) with pad 'SW53:1' at (34290000, 92710000) using coordinate system rotated by 0 degree(s)
13:31:36: [INFO] Adding track segment (F.Cu): [(34290000, 73660000), (34290000, 92710000)]
13:31:36: [INFO] Routing pad 'SW53:1' at (34290000, 92710000) with pad 'SW70:1' at (34290000, 111760000) using coordinate system rotated by 0 degree(s)
13:31:36: [INFO] Adding track segment (F.Cu): [(34290000, 92710000), (34290000, 111760000)]
13:31:36: [INFO] Routing ROW1 pads
13:31:36: [INFO] Routing pad 'D19:1' at (43180000, 62550000) with pad 'D20:1' at (62230000, 62550000) using coordinate system rotated by 0 degree(s)
13:31:36: [INFO] Adding track segment (B.Cu): [(43180000, 62550000), (62230000, 62550000)]
13:31:36: [INFO] Routing pad 'D20:1' at (62230000, 62550000) with pad 'D21:1' at (90805000, 62550000) using coordinate system rotated by 0 degree(s)
13:31:36: [INFO] Adding track segment (B.Cu): [(62230000, 62550000), (90805000, 62550000)]
13:31:36: [INFO] Routing pad 'D21:1' at (90805000, 62550000) with pad 'D22:1' at (114617500, 62550000) using coordinate system rotated by 0 degree(s)
13:31:36: [INFO] Adding track segment (B.Cu): [(90805000, 62550000), (114617500, 62550000)]
13:31:36: [INFO] Routing pad 'D22:1' at (114617500, 62550000) with pad 'D23:1' at (133667500, 62550000) using coordinate system rotated by 0 degree(s)
13:31:36: [INFO] Adding track segment (B.Cu): [(114617500, 62550000), (133667500, 62550000)]
13:31:36: [INFO] Routing pad 'D23:1' at (133667500, 62550000) with pad 'D24:1' at (152717500, 62550000) using coordinate system rotated by 0 degree(s)
13:31:36: [INFO] Adding track segment (B.Cu): [(133667500, 62550000), (152717500, 62550000)]
13:31:36: [INFO] Routing pad 'D24:1' at (152717500, 62550000) with pad 'D25:1' at (171767500, 62550000) using coordinate system rotated by 0 degree(s)
13:31:36: [INFO] Adding track segment (B.Cu): [(152717500, 62550000), (171767500, 62550000)]
13:31:36: [INFO] Routing pad 'D25:1' at (171767500, 62550000) with pad 'D26:1' at (190817500, 62550000) using coordinate system rotated by 0 degree(s)
13:31:36: [INFO] Adding track segment (B.Cu): [(171767500, 62550000), (190817500, 62550000)]
13:31:36: [INFO] Routing pad 'D26:1' at (190817500, 62550000) with pad 'D27:1' at (209867500, 62550000) using coordinate system rotated by 0 degree(s)
13:31:36: [INFO] Adding track segment (B.Cu): [(190817500, 62550000), (209867500, 62550000)]
13:31:36: [INFO] Routing pad 'D27:1' at (209867500, 62550000) with pad 'D28:1' at (228917500, 62550000) using coordinate system rotated by 0 degree(s)
13:31:36: [INFO] Adding track segment (B.Cu): [(209867500, 62550000), (228917500, 62550000)]
13:31:36: [INFO] Routing pad 'D28:1' at (228917500, 62550000) with pad 'D29:1' at (247967500, 62550000) using coordinate system rotated by 0 degree(s)
13:31:36: [INFO] Adding track segment (B.Cu): [(228917500, 62550000), (247967500, 62550000)]
13:31:36: [INFO] Routing pad 'D29:1' at (247967500, 62550000) with pad 'D30:1' at (267017500, 62550000) using coordinate system rotated by 0 degree(s)
13:31:36: [INFO] Adding track segment (B.Cu): [(247967500, 62550000), (267017500, 62550000)]
13:31:36: [INFO] Routing pad 'D30:1' at (267017500, 62550000) with pad 'D31:1' at (286067500, 62550000) using coordinate system rotated by 0 degree(s)
13:31:36: [INFO] Adding track segment (B.Cu): [(267017500, 62550000), (286067500, 62550000)]
13:31:36: [INFO] Routing pad 'D31:1' at (286067500, 62550000) with pad 'D32:1' at (305117500, 62550000) using coordinate system rotated by 0 degree(s)
13:31:36: [INFO] Adding track segment (B.Cu): [(286067500, 62550000), (305117500, 62550000)]
13:31:36: [INFO] Routing pad 'D32:1' at (305117500, 62550000) with pad 'D33:1' at (324167500, 62550000) using coordinate system rotated by 0 degree(s)
13:31:36: [INFO] Adding track segment (B.Cu): [(305117500, 62550000), (324167500, 62550000)]
13:31:36: [INFO] Routing pad 'D33:1' at (324167500, 62550000) with pad 'D34:1' at (347980000, 62550000) using coordinate system rotated by 0 degree(s)
13:31:36: [INFO] Adding track segment (B.Cu): [(324167500, 62550000), (347980000, 62550000)]
13:31:36: [INFO] Could not add track segment due to detected collision
13:31:36: [INFO] Routing pad 'D34:1' at (347980000, 62550000) with pad 'D35:1' at (371792500, 62550000) using coordinate system rotated by 0 degree(s)
13:31:36: [INFO] Adding track segment (B.Cu): [(347980000, 62550000), (371792500, 62550000)]
13:31:36: [INFO] Could not add track segment due to detected collision
13:31:36: [INFO] Routing ROW4 pads
13:31:36: [INFO] Routing pad 'D70:1' at (43180000, 119700000) with pad 'D71:1' at (62230000, 119700000) using coordinate system rotated by 0 degree(s)
13:31:36: [INFO] Adding track segment (B.Cu): [(43180000, 119700000), (62230000, 119700000)]
13:31:36: [INFO] Routing pad 'D71:1' at (62230000, 119700000) with pad 'D72:1' at (90805000, 119700000) using coordinate system rotated by 0 degree(s)
13:31:36: [INFO] Adding track segment (B.Cu): [(62230000, 119700000), (90805000, 119700000)]
13:31:36: [INFO] Routing pad 'D72:1' at (90805000, 119700000) with pad 'D73:1' at (114617500, 119700000) using coordinate system rotated by 0 degree(s)
13:31:36: [INFO] Adding track segment (B.Cu): [(90805000, 119700000), (114617500, 119700000)]
13:31:36: [INFO] Routing pad 'D73:1' at (114617500, 119700000) with pad 'D74:1' at (138430000, 119700000) using coordinate system rotated by 0 degree(s)
13:31:36: [INFO] Adding track segment (B.Cu): [(114617500, 119700000), (138430000, 119700000)]
13:31:36: [INFO] Routing pad 'D74:1' at (138430000, 119700000) with pad 'D75:1' at (181292500, 119700000) using coordinate system rotated by 0 degree(s)
13:31:36: [INFO] Adding track segment (B.Cu): [(138430000, 119700000), (181292500, 119700000)]
13:31:36: [INFO] Routing pad 'D75:1' at (181292500, 119700000) with pad 'D76:1' at (219392500, 119700000) using coordinate system rotated by 0 degree(s)
13:31:36: [INFO] Adding track segment (B.Cu): [(181292500, 119700000), (219392500, 119700000)]
13:31:36: [INFO] Routing pad 'D76:1' at (219392500, 119700000) with pad 'D77:1' at (257492500, 119700000) using coordinate system rotated by 0 degree(s)
13:31:36: [INFO] Adding track segment (B.Cu): [(219392500, 119700000), (257492500, 119700000)]
13:31:36: [INFO] Routing pad 'D77:1' at (257492500, 119700000) with pad 'D78:1' at (278923750, 119700000) using coordinate system rotated by 0 degree(s)
13:31:36: [INFO] Adding track segment (B.Cu): [(257492500, 119700000), (278923750, 119700000)]
13:31:36: [INFO] Routing pad 'D78:1' at (278923750, 119700000) with pad 'D79:1' at (300355000, 119700000) using coordinate system rotated by 0 degree(s)
13:31:36: [INFO] Adding track segment (B.Cu): [(278923750, 119700000), (300355000, 119700000)]
13:31:36: [INFO] Routing pad 'D79:1' at (300355000, 119700000) with pad 'D80:1' at (333692500, 119700000) using coordinate system rotated by 0 degree(s)
13:31:36: [INFO] Adding track segment (B.Cu): [(300355000, 119700000), (333692500, 119700000)]
13:31:36: [INFO] Routing pad 'D80:1' at (333692500, 119700000) with pad 'D81:1' at (352742500, 119700000) using coordinate system rotated by 0 degree(s)
13:31:36: [INFO] Adding track segment (B.Cu): [(333692500, 119700000), (352742500, 119700000)]
13:31:36: [INFO] Routing pad 'D81:1' at (352742500, 119700000) with pad 'D82:1' at (371792500, 119700000) using coordinate system rotated by 0 degree(s)
13:31:36: [INFO] Adding track segment (B.Cu): [(352742500, 119700000), (371792500, 119700000)]
13:31:36: [INFO] Routing COL11 pads
13:31:36: [INFO] Routing pad 'SW47:1' at (262890000, 73660000) with pad 'SW64:1' at (253365000, 92710000) using coordinate system rotated by 0 degree(s)
13:31:36: [INFO] Adding track segment (F.Cu): [(262890000, 73660000), (262890000, 83185000)]
13:31:36: [INFO] Adding track segment (F.Cu): [(262890000, 83185000), (253365000, 92710000)]
13:31:36: [INFO] Routing pad 'SW12:1' at (248602500, 35560000) with pad 'SW30:1' at (258127500, 54610000) using coordinate system rotated by 0 degree(s)
13:31:36: [INFO] Adding track segment (F.Cu): [(248602500, 35560000), (248602500, 45085000)]
13:31:36: [INFO] Adding track segment (F.Cu): [(248602500, 45085000), (258127500, 54610000)]
13:31:36: [INFO] Routing pad 'SW30:1' at (258127500, 54610000) with pad 'SW47:1' at (262890000, 73660000) using coordinate system rotated by 0 degree(s)
13:31:36: [INFO] Adding track segment (F.Cu): [(258127500, 54610000), (258127500, 68897500)]
13:31:36: [INFO] Adding track segment (F.Cu): [(258127500, 68897500), (262890000, 73660000)]
13:31:36: [INFO] Routing COL5 pads
13:31:36: [INFO] Routing pad 'SW41:1' at (148590000, 73660000) with pad 'SW58:1' at (139065000, 92710000) using coordinate system rotated by 0 degree(s)
13:31:36: [INFO] Adding track segment (F.Cu): [(148590000, 73660000), (148590000, 83185000)]
13:31:36: [INFO] Adding track segment (F.Cu): [(148590000, 83185000), (139065000, 92710000)]
13:31:36: [INFO] Routing pad 'SW6:1' at (134302500, 35560000) with pad 'SW24:1' at (143827500, 54610000) using coordinate system rotated by 0 degree(s)
13:31:36: [INFO] Adding track segment (F.Cu): [(134302500, 35560000), (134302500, 45085000)]
13:31:36: [INFO] Adding track segment (F.Cu): [(134302500, 45085000), (143827500, 54610000)]
13:31:36: [INFO] Routing pad 'SW24:1' at (143827500, 54610000) with pad 'SW41:1' at (148590000, 73660000) using coordinate system rotated by 0 degree(s)
13:31:36: [INFO] Adding track segment (F.Cu): [(143827500, 54610000), (143827500, 68897500)]
13:31:36: [INFO] Adding track segment (F.Cu): [(143827500, 68897500), (148590000, 73660000)]
13:31:36: [INFO] Routing COL8 pads
13:31:36: [INFO] Routing pad 'SW61:1' at (196215000, 92710000) with pad 'SW76c:1' at (193833750, 111760000) using coordinate system rotated by 0 degree(s)
13:31:36: [INFO] Routing pad 'SW44:1' at (205740000, 73660000) with pad 'SW61:1' at (196215000, 92710000) using coordinate system rotated by 0 degree(s)
13:31:36: [INFO] Adding track segment (F.Cu): [(205740000, 73660000), (205740000, 83185000)]
13:31:36: [INFO] Adding track segment (F.Cu): [(205740000, 83185000), (196215000, 92710000)]
13:31:36: [INFO] Routing pad 'SW76c:1' at (193833750, 111760000) with pad 'SW76b:1' at (198596250, 111760000) using coordinate system rotated by 0 degree(s)
13:31:36: [INFO] Adding track segment (F.Cu): [(193833750, 111760000), (198596250, 111760000)]
13:31:36: [INFO] Routing pad 'SW9:1' at (191452500, 35560000) with pad 'SW27:1' at (200977500, 54610000) using coordinate system rotated by 0 degree(s)
13:31:36: [INFO] Adding track segment (F.Cu): [(191452500, 35560000), (191452500, 45085000)]
13:31:36: [INFO] Adding track segment (F.Cu): [(191452500, 45085000), (200977500, 54610000)]
13:31:36: [INFO] Routing pad 'SW27:1' at (200977500, 54610000) with pad 'SW44:1' at (205740000, 73660000) using coordinate system rotated by 0 degree(s)
13:31:36: [INFO] Adding track segment (F.Cu): [(200977500, 54610000), (200977500, 68897500)]
13:31:36: [INFO] Adding track segment (F.Cu): [(200977500, 68897500), (205740000, 73660000)]
13:31:36: [INFO] Routing pad 'SW76b:1' at (198596250, 111760000) with pad 'SW76a:1' at (205740000, 111760000) using coordinate system rotated by 0 degree(s)
13:31:36: [INFO] Adding track segment (F.Cu): [(198596250, 111760000), (205740000, 111760000)]
13:31:36: [INFO] Routing pad 'SW76a:1' at (205740000, 111760000) with pad 'SW76:1' at (210502500, 111760000) using coordinate system rotated by 0 degree(s)
13:31:36: [INFO] Adding track segment (F.Cu): [(205740000, 111760000), (210502500, 111760000)]
13:31:36: [INFO] Removing dangling tracks
13:31:36: [INFO] Removing 2dfd9224-c1a3-4dbe-8847-2f64d92296dd
