=== kbplacer.kle_serial ===
=== layout2image.py ===
=== kbplacer ===
14:38:37: [INFO] User layout: https://editor.keyboard-tools.xyz/#share=NrDeCIA9wLgAgIwHYB0BmANHcBPWcAGFATi3AGN9wBiAQ3ofAF8yAmDJcAXQwCgwo+NCiRk88ALRFiAVjKV4NcspXMyBDAnBYI0eAA4UAFhktsCDDO58BexCLH4pJOdgXZqSL97XYNBbTgIdyUVZV9wCwCdQXgEIhMzcA0ANkDIjDT1Dmt+XXxkFBTHSSILNyo6BnoIoxyePNjETGxxOGdZeUqw8KT2KwbbApRXXCdpUZCq6vSAd2HTNgxooIpunojMFfy4ogIkzCslrNWp6pqyebiRg8zcobjUUlbxlAQk4s5BnfsWsdKSJdhkhFtg6ts1opqD1KEk5BC7MR0KDwHUjtg5OjgpVvD4gfBWChWCi6mlvk0ECgCJNKudaHN8ITiR9loFsVCYRFRAj8IZ9ElREZ0sUsZCPHSGdcQQLLPcfsgSu0iNKyKIyTZ5VTRm1nMT8fYUfpWeS7Ahii8ASrsEaTuBSLajV8NeAAE4FdjYOwyLWKiQpIk0jkbJIWLTZVjpCwR7JoOVNIxFPqadKYMPYdjR7CYCMm-AJ-Qk5NkORp1EYTPgOQ551e9As0uiUvFCuiauNOz+83gK5wVhJI2Z9ni86S+zMsikNsPODe6m+ib6ymG5Pkt2SBAepqGEy+yk7ipBsIRCyx7JCsgWc9+WW5gxapOnrMYR-gdhX8CYIW3uCGPtkOovnIL51O+chfjWvIiCixQvqIL7FOB7b4KgIL6oSVp2s+camkQMjaq8nQHsOMyLjcE4YF+XBAA
14:38:37: [INFO] Labels prefixes: for rows: 'ROW', for columns: 'COL'
14:38:37: [INFO] Matrix size: 9x7
14:38:38: [WARNING] No stabilizer footprint for width 2.25u, using 2u as fallback
14:38:38: [WARNING] No stabilizer footprint for width 2.25u, using 2u as fallback
14:38:38: [WARNING] No stabilizer footprint for width 2.75u, using 2u as fallback
14:38:38: [INFO] Add COL0 net
14:38:38: [INFO] Add COL1 net
14:38:38: [INFO] Add COL2 net
14:38:38: [INFO] Add COL3 net
14:38:38: [INFO] Add COL4 net
14:38:38: [INFO] Add COL5 net
14:38:38: [INFO] Add COL6 net
14:38:38: [INFO] Add COL7 net
14:38:38: [INFO] Add Net-(D1-A) net
14:38:38: [INFO] Add Net-(D10-A) net
14:38:38: [INFO] Add Net-(D11-A) net
14:38:38: [INFO] Add Net-(D12-A) net
14:38:38: [INFO] Add Net-(D13-A) net
14:38:38: [INFO] Add Net-(D14-A) net
14:38:38: [INFO] Add Net-(D15-A) net
14:38:38: [INFO] Add Net-(D16-A) net
14:38:38: [INFO] Add Net-(D17-A) net
14:38:38: [INFO] Add Net-(D18-A) net
14:38:38: [INFO] Add Net-(D19-A) net
14:38:38: [INFO] Add Net-(D2-A) net
14:38:38: [INFO] Add Net-(D20-A) net
14:38:38: [INFO] Add Net-(D21-A) net
14:38:38: [INFO] Add Net-(D22-A) net
14:38:38: [INFO] Add Net-(D23-A) net
14:38:38: [INFO] Add Net-(D24-A) net
14:38:38: [INFO] Add Net-(D25-A) net
14:38:38: [INFO] Add Net-(D26-A) net
14:38:38: [INFO] Add Net-(D27-A) net
14:38:38: [INFO] Add Net-(D28-A) net
14:38:38: [INFO] Add Net-(D29-A) net
14:38:38: [INFO] Add Net-(D3-A) net
14:38:38: [INFO] Add Net-(D30-A) net
14:38:38: [INFO] Add Net-(D31-A) net
14:38:38: [INFO] Add Net-(D32-A) net
14:38:38: [INFO] Add Net-(D33-A) net
14:38:38: [INFO] Add Net-(D34-A) net
14:38:38: [INFO] Add Net-(D35-A) net
14:38:38: [INFO] Add Net-(D36-A) net
14:38:38: [INFO] Add Net-(D37-A) net
14:38:38: [INFO] Add Net-(D38-A) net
14:38:38: [INFO] Add Net-(D39-A) net
14:38:38: [INFO] Add Net-(D4-A) net
14:38:38: [INFO] Add Net-(D40-A) net
14:38:38: [INFO] Add Net-(D41-A) net
14:38:38: [INFO] Add Net-(D42-A) net
14:38:38: [INFO] Add Net-(D43-A) net
14:38:38: [INFO] Add Net-(D44-A) net
14:38:38: [INFO] Add Net-(D45-A) net
14:38:38: [INFO] Add Net-(D46-A) net
14:38:38: [INFO] Add Net-(D47-A) net
14:38:38: [INFO] Add Net-(D48-A) net
14:38:38: [INFO] Add Net-(D49-A) net
14:38:38: [INFO] Add Net-(D5-A) net
14:38:38: [INFO] Add Net-(D50-A) net
14:38:38: [INFO] Add Net-(D51-A) net
14:38:38: [INFO] Add Net-(D52-A) net
14:38:38: [INFO] Add Net-(D53-A) net
14:38:38: [INFO] Add Net-(D54-A) net
14:38:38: [INFO] Add Net-(D55-A) net
14:38:38: [INFO] Add Net-(D56-A) net
14:38:38: [INFO] Add Net-(D57-A) net
14:38:38: [INFO] Add Net-(D58-A) net
14:38:38: [INFO] Add Net-(D59-A) net
14:38:38: [INFO] Add Net-(D6-A) net
14:38:38: [INFO] Add Net-(D60-A) net
14:38:38: [INFO] Add Net-(D61-A) net
14:38:38: [INFO] Add Net-(D62-A) net
14:38:38: [INFO] Add Net-(D63-A) net
14:38:38: [INFO] Add Net-(D64-A) net
14:38:38: [INFO] Add Net-(D65-A) net
14:38:38: [INFO] Add Net-(D66-A) net
14:38:38: [INFO] Add Net-(D67-A) net
14:38:38: [INFO] Add Net-(D7-A) net
14:38:38: [INFO] Add Net-(D8-A) net
14:38:38: [INFO] Add Net-(D9-A) net
14:38:38: [INFO] Add ROW0 net
14:38:38: [INFO] Add ROW1 net
14:38:38: [INFO] Add ROW2 net
14:38:38: [INFO] Add ROW3 net
14:38:38: [INFO] Add ROW4 net
14:38:38: [INFO] Add ROW5 net
14:38:38: [INFO] Add ROW6 net
14:38:38: [INFO] Add ROW7 net
14:38:38: [INFO] Add ROW8 net
14:38:38: [INFO] Add ROW9 net
14:38:38: [INFO] Add SW1 footprint
14:38:38: [INFO] Add D1 footprint
14:38:38: [INFO] Add SW2 footprint
14:38:38: [INFO] Add D2 footprint
14:38:38: [INFO] Add SW3 footprint
14:38:38: [INFO] Add D3 footprint
14:38:38: [INFO] Add SW4 footprint
14:38:38: [INFO] Add D4 footprint
14:38:38: [INFO] Add SW5 footprint
14:38:38: [INFO] Add D5 footprint
14:38:38: [INFO] Add SW6 footprint
14:38:38: [INFO] Add D6 footprint
14:38:38: [INFO] Add SW7 footprint
14:38:38: [INFO] Add D7 footprint
14:38:38: [INFO] Add SW8 footprint
14:38:38: [INFO] Add D8 footprint
14:38:38: [INFO] Add SW9 footprint
14:38:38: [INFO] Add D9 footprint
14:38:39: [INFO] Add SW10 footprint
14:38:39: [INFO] Add D10 footprint
14:38:39: [INFO] Add SW11 footprint
14:38:39: [INFO] Add D11 footprint
14:38:39: [INFO] Add SW12 footprint
14:38:39: [INFO] Add D12 footprint
14:38:39: [INFO] Add SW13 footprint
14:38:39: [INFO] Add D13 footprint
14:38:39: [INFO] Add SW14 footprint
14:38:39: [INFO] Add D14 footprint
14:38:39: [INFO] Add SW15 footprint
14:38:39: [INFO] Add D15 footprint
14:38:39: [INFO] Add SW16 footprint
14:38:39: [INFO] Add D16 footprint
14:38:39: [INFO] Add SW17 footprint
14:38:39: [INFO] Add D17 footprint
14:38:39: [INFO] Add SW18 footprint
14:38:39: [INFO] Add D18 footprint
14:38:39: [INFO] Add SW19 footprint
14:38:39: [INFO] Add D19 footprint
14:38:39: [INFO] Add SW20 footprint
14:38:39: [INFO] Add D20 footprint
14:38:39: [INFO] Add SW21 footprint
14:38:39: [INFO] Add D21 footprint
14:38:39: [INFO] Add SW22 footprint
14:38:39: [INFO] Add D22 footprint
14:38:39: [INFO] Add SW23 footprint
14:38:39: [INFO] Add D23 footprint
14:38:39: [INFO] Add SW24 footprint
14:38:39: [INFO] Add D24 footprint
14:38:39: [INFO] Add SW25 footprint
14:38:39: [INFO] Add D25 footprint
14:38:39: [INFO] Add SW26 footprint
14:38:39: [INFO] Add D26 footprint
14:38:39: [INFO] Add SW27 footprint
14:38:40: [INFO] Add D27 footprint
14:38:40: [INFO] Add SW28 footprint
14:38:40: [INFO] Add D28 footprint
14:38:40: [INFO] Add SW29 footprint
14:38:40: [INFO] Add D29 footprint
14:38:40: [INFO] Add SW30 footprint
14:38:40: [INFO] Add D30 footprint
14:38:40: [INFO] Add SW31 footprint
14:38:40: [INFO] Add D31 footprint
14:38:40: [INFO] Add SW32 footprint
14:38:40: [INFO] Add D32 footprint
14:38:40: [INFO] Add SW33 footprint
14:38:40: [INFO] Add D33 footprint
14:38:40: [INFO] Add SW34 footprint
14:38:40: [INFO] Add D34 footprint
14:38:40: [INFO] Add SW35 footprint
14:38:40: [INFO] Add D35 footprint
14:38:40: [INFO] Add SW36 footprint
14:38:40: [INFO] Add D36 footprint
14:38:40: [INFO] Add SW37 footprint
14:38:40: [INFO] Add D37 footprint
14:38:40: [WARNING] No stabilizer footprint for width 2.25u, using 2u as fallback
14:38:40: [INFO] Add ST37 footprint
14:38:40: [INFO] Add SW38 footprint
14:38:40: [INFO] Add D38 footprint
14:38:40: [INFO] Add SW39 footprint
14:38:40: [INFO] Add D39 footprint
14:38:40: [INFO] Add SW40 footprint
14:38:40: [INFO] Add D40 footprint
14:38:40: [INFO] Add SW41 footprint
14:38:40: [INFO] Add D41 footprint
14:38:40: [INFO] Add SW42 footprint
14:38:40: [INFO] Add D42 footprint
14:38:40: [INFO] Add SW43 footprint
14:38:40: [INFO] Add D43 footprint
14:38:40: [INFO] Add SW44 footprint
14:38:40: [INFO] Add D44 footprint
14:38:40: [INFO] Add SW45 footprint
14:38:40: [INFO] Add D45 footprint
14:38:40: [WARNING] No stabilizer footprint for width 2.25u, using 2u as fallback
14:38:40: [INFO] Add ST45 footprint
14:38:40: [INFO] Add SW46 footprint
14:38:40: [INFO] Add D46 footprint
14:38:40: [INFO] Add SW47 footprint
14:38:40: [INFO] Add D47 footprint
14:38:40: [INFO] Add SW48 footprint
14:38:41: [INFO] Add D48 footprint
14:38:41: [INFO] Add SW49 footprint
14:38:41: [INFO] Add D49 footprint
14:38:41: [INFO] Add SW50 footprint
14:38:41: [INFO] Add D50 footprint
14:38:41: [INFO] Add SW51 footprint
14:38:41: [INFO] Add D51 footprint
14:38:41: [INFO] Add SW52 footprint
14:38:41: [INFO] Add D52 footprint
14:38:41: [INFO] Add SW53 footprint
14:38:41: [INFO] Add D53 footprint
14:38:41: [INFO] Add SW54 footprint
14:38:41: [INFO] Add D54 footprint
14:38:41: [INFO] Add SW55 footprint
14:38:41: [INFO] Add D55 footprint
14:38:41: [INFO] Add SW56 footprint
14:38:41: [INFO] Add D56 footprint
14:38:41: [INFO] Add SW57 footprint
14:38:41: [INFO] Add D57 footprint
14:38:41: [INFO] Add SW58 footprint
14:38:41: [INFO] Add D58 footprint
14:38:41: [INFO] Add SW59 footprint
14:38:41: [INFO] Add D59 footprint
14:38:41: [INFO] Add SW60 footprint
14:38:41: [INFO] Add D60 footprint
14:38:41: [INFO] Add SW61 footprint
14:38:41: [INFO] Add D61 footprint
14:38:41: [INFO] Add ST61 footprint
14:38:41: [INFO] Add SW62 footprint
14:38:41: [INFO] Add D62 footprint
14:38:41: [INFO] Add SW63 footprint
14:38:41: [INFO] Add D63 footprint
14:38:41: [INFO] Add SW64 footprint
14:38:42: [INFO] Add D64 footprint
14:38:42: [INFO] Add SW65 footprint
14:38:42: [INFO] Add D65 footprint
14:38:42: [WARNING] No stabilizer footprint for width 2.75u, using 2u as fallback
14:38:42: [INFO] Add ST65 footprint
14:38:42: [INFO] Add SW66 footprint
14:38:42: [INFO] Add D66 footprint
14:38:42: [INFO] Add SW67 footprint
14:38:42: [INFO] Add D67 footprint
14:38:42: [INFO] Detected layout convertible to matrix annotated keyboard
14:38:42: [INFO] Using key 1U distance: (19.05, 19.05) mm
14:38:42: [INFO] Layout offset: (22860000, 30480000)
14:38:42: [INFO] Diode info: [ElementInfo(annotation_format='D{}', position_option=<PositionOption.CUSTOM: 'Custom'>, position=ElementPosition(x=5.08, y=4.0, orientation=90.0, side=<Side.BACK: 'Back'>), template_path='', start_index=-1)]
14:38:42: [INFO] Placing additional elements for SW67
14:38:42: [INFO] Placing additional elements for SW66
14:38:42: [INFO] Placing additional elements for SW65
14:38:42: [INFO] Placing additional elements for SW64
14:38:42: [INFO] Placing additional elements for SW63
14:38:42: [INFO] Placing additional elements for SW62
14:38:42: [INFO] Placing additional elements for SW61
14:38:42: [INFO] Placing additional elements for SW60
14:38:42: [INFO] Placing additional elements for SW59
14:38:42: [INFO] Placing additional elements for SW58
14:38:42: [INFO] Placing additional elements for SW57
14:38:42: [INFO] Placing additional elements for SW56
14:38:42: [INFO] Placing additional elements for SW55
14:38:42: [INFO] Placing additional elements for SW54
14:38:42: [INFO] Placing additional elements for SW53
14:38:42: [INFO] Placing additional elements for SW52
14:38:42: [INFO] Placing additional elements for SW51
14:38:42: [INFO] Placing additional elements for SW50
14:38:42: [INFO] Placing additional elements for SW49
14:38:42: [INFO] Placing additional elements for SW48
14:38:42: [INFO] Placing additional elements for SW47
14:38:42: [INFO] Placing additional elements for SW46
14:38:42: [INFO] Placing additional elements for SW45
14:38:42: [INFO] Placing additional elements for SW44
14:38:42: [INFO] Placing additional elements for SW43
14:38:42: [INFO] Placing additional elements for SW42
14:38:42: [INFO] Placing additional elements for SW41
14:38:42: [INFO] Placing additional elements for SW40
14:38:42: [INFO] Placing additional elements for SW39
14:38:42: [INFO] Placing additional elements for SW38
14:38:42: [INFO] Placing additional elements for SW37
14:38:42: [INFO] Placing additional elements for SW36
14:38:42: [INFO] Placing additional elements for SW35
14:38:42: [INFO] Placing additional elements for SW34
14:38:42: [INFO] Placing additional elements for SW33
14:38:42: [INFO] Placing additional elements for SW32
14:38:42: [INFO] Placing additional elements for SW31
14:38:42: [INFO] Placing additional elements for SW30
14:38:42: [INFO] Placing additional elements for SW29
14:38:42: [INFO] Placing additional elements for SW28
14:38:42: [INFO] Placing additional elements for SW27
14:38:42: [INFO] Placing additional elements for SW26
14:38:42: [INFO] Placing additional elements for SW25
14:38:42: [INFO] Placing additional elements for SW24
14:38:42: [INFO] Placing additional elements for SW23
14:38:42: [INFO] Placing additional elements for SW22
14:38:42: [INFO] Placing additional elements for SW21
14:38:42: [INFO] Placing additional elements for SW20
14:38:42: [INFO] Placing additional elements for SW19
14:38:42: [INFO] Placing additional elements for SW18
14:38:42: [INFO] Placing additional elements for SW17
14:38:42: [INFO] Placing additional elements for SW16
14:38:42: [INFO] Placing additional elements for SW15
14:38:42: [INFO] Placing additional elements for SW14
14:38:42: [INFO] Placing additional elements for SW13
14:38:42: [INFO] Placing additional elements for SW12
14:38:42: [INFO] Placing additional elements for SW11
14:38:42: [INFO] Placing additional elements for SW10
14:38:42: [INFO] Placing additional elements for SW9
14:38:42: [INFO] Placing additional elements for SW8
14:38:42: [INFO] Placing additional elements for SW7
14:38:42: [INFO] Placing additional elements for SW6
14:38:42: [INFO] Placing additional elements for SW5
14:38:42: [INFO] Placing additional elements for SW4
14:38:42: [INFO] Placing additional elements for SW3
14:38:42: [INFO] Placing additional elements for SW2
14:38:42: [INFO] Placing additional elements for SW1
14:38:42: [INFO] Routing SW67 with D67
14:38:42: [INFO] Using internal autorouter method
14:38:42: [INFO] Routing pad 'SW67:2' at (358775000, 134937500) with pad 'D67:2' at (361315000, 142617500) using coordinate system rotated by 0 degree(s)
14:38:42: [INFO] Adding track segment (B.Cu): [(358775000, 134937500), (358775000, 140077500)]
14:38:42: [INFO] Adding track segment (B.Cu): [(358775000, 140077500), (361315000, 142617500)]
14:38:42: [INFO] Routing SW66 with D66
14:38:42: [INFO] Using internal autorouter method
14:38:42: [INFO] Routing pad 'SW66:2' at (267129097, 132091555) with pad 'D66:2' at (271210353, 139075633) using coordinate system rotated by 348.0 degree(s)
14:38:42: [INFO] Adding track segment (B.Cu): [(267129097, 132091555), (268197762, 137119233)]
14:38:42: [INFO] Adding track segment (B.Cu): [(268197762, 137119233), (271210353, 139075633)]
14:38:42: [INFO] Routing SW65 with D65
14:38:42: [INFO] Using internal autorouter method
14:38:42: [INFO] Routing pad 'SW65:2' at (226402738, 139774430) with pad 'D65:2' at (230483994, 146758508) using coordinate system rotated by 348.0 degree(s)
14:38:42: [INFO] Adding track segment (B.Cu): [(226402738, 139774430), (227471403, 144802108)]
14:38:42: [INFO] Adding track segment (B.Cu): [(227471403, 144802108), (230483994, 146758508)]
14:38:42: [INFO] Routing SW64 with D64
14:38:42: [INFO] Using internal autorouter method
14:38:42: [INFO] Routing pad 'SW64:2' at (180473448, 146428430) with pad 'D64:2' at (181361181, 154468698) using coordinate system rotated by 12.0 degree(s)
14:38:42: [INFO] Adding track segment (B.Cu): [(180473448, 146428430), (179404781, 151456106)]
14:38:42: [INFO] Adding track segment (B.Cu): [(179404781, 151456106), (181361181, 154468698)]
14:38:42: [INFO] Routing SW63 with D63
14:38:42: [INFO] Using internal autorouter method
14:38:42: [INFO] Routing pad 'SW63:2' at (377825000, 134937500) with pad 'D63:2' at (380365000, 142617500) using coordinate system rotated by 0 degree(s)
14:38:42: [INFO] Adding track segment (B.Cu): [(377825000, 134937500), (377825000, 140077500)]
14:38:42: [INFO] Adding track segment (B.Cu): [(377825000, 140077500), (380365000, 142617500)]
14:38:42: [INFO] Routing SW62 with D62
14:38:42: [INFO] Using internal autorouter method
14:38:42: [INFO] Routing pad 'SW62:2' at (339725000, 134937500) with pad 'D62:2' at (342265000, 142617500) using coordinate system rotated by 0 degree(s)
14:38:42: [INFO] Adding track segment (B.Cu): [(339725000, 134937500), (339725000, 140077500)]
14:38:42: [INFO] Adding track segment (B.Cu): [(339725000, 140077500), (342265000, 142617500)]
14:38:42: [INFO] Routing SW61 with D61
14:38:42: [INFO] Using internal autorouter method
14:38:42: [INFO] Routing pad 'SW61:2' at (150193666, 139992264) with pad 'D61:2' at (151081399, 148032532) using coordinate system rotated by 12.0 degree(s)
14:38:42: [INFO] Adding track segment (B.Cu): [(150193666, 139992264), (149124999, 145019941)]
14:38:42: [INFO] Adding track segment (B.Cu): [(149124999, 145019941), (151081399, 148032532)]
14:38:42: [INFO] Routing SW60 with D60
14:38:42: [INFO] Using internal autorouter method
14:38:42: [INFO] Routing pad 'SW60:2' at (116454949, 133794657) with pad 'D60:2' at (117342682, 141834925) using coordinate system rotated by 12.0 degree(s)
14:38:42: [INFO] Adding track segment (B.Cu): [(116454949, 133794657), (115386282, 138822335)]
14:38:42: [INFO] Adding track segment (B.Cu): [(115386282, 138822335), (117342682, 141834925)]
14:38:42: [INFO] Routing SW59 with D59
14:38:42: [INFO] Using internal autorouter method
14:38:42: [INFO] Routing pad 'SW59:2' at (59690000, 130175000) with pad 'D59:2' at (62230000, 137855000) using coordinate system rotated by 0 degree(s)
14:38:42: [INFO] Adding track segment (B.Cu): [(59690000, 130175000), (59690000, 135315000)]
14:38:42: [INFO] Adding track segment (B.Cu): [(59690000, 135315000), (62230000, 137855000)]
14:38:42: [INFO] Routing SW58 with D58
14:38:42: [INFO] Using internal autorouter method
14:38:42: [INFO] Routing pad 'SW58:2' at (358775000, 115887500) with pad 'D58:2' at (361315000, 123567500) using coordinate system rotated by 0 degree(s)
14:38:42: [INFO] Adding track segment (B.Cu): [(358775000, 115887500), (358775000, 121027500)]
14:38:42: [INFO] Adding track segment (B.Cu): [(358775000, 121027500), (361315000, 123567500)]
14:38:42: [INFO] Routing SW57 with D57
14:38:42: [INFO] Using internal autorouter method
14:38:42: [INFO] Routing pad 'SW57:2' at (329723750, 111125000) with pad 'D57:2' at (332263750, 118805000) using coordinate system rotated by 0 degree(s)
14:38:42: [INFO] Adding track segment (B.Cu): [(329723750, 111125000), (329723750, 116265000)]
14:38:42: [INFO] Adding track segment (B.Cu): [(329723750, 116265000), (332263750, 118805000)]
14:38:42: [INFO] Routing SW56 with D56
14:38:42: [INFO] Using internal autorouter method
14:38:42: [INFO] Routing pad 'SW56:2' at (284480000, 111125000) with pad 'D56:2' at (287020000, 118805000) using coordinate system rotated by 0 degree(s)
14:38:42: [INFO] Adding track segment (B.Cu): [(284480000, 111125000), (284480000, 116265000)]
14:38:42: [INFO] Adding track segment (B.Cu): [(284480000, 116265000), (287020000, 118805000)]
14:38:42: [INFO] Routing SW55 with D55
14:38:42: [INFO] Using internal autorouter method
14:38:42: [INFO] Routing pad 'SW55:2' at (243404946, 116684911) with pad 'D55:2' at (247486202, 123668989) using coordinate system rotated by 348.0 degree(s)
14:38:42: [INFO] Adding track segment (B.Cu): [(243404946, 116684911), (244473611, 121712589)]
14:38:42: [INFO] Adding track segment (B.Cu): [(244473611, 121712589), (247486202, 123668989)]
14:38:42: [INFO] Routing SW54 with D54
14:38:42: [INFO] Using internal autorouter method
14:38:42: [INFO] Routing pad 'SW54:2' at (176514838, 126111413) with pad 'D54:2' at (177402571, 134151681) using coordinate system rotated by 12.0 degree(s)
14:38:42: [INFO] Adding track segment (B.Cu): [(176514838, 126111413), (175446171, 131139089)]
14:38:42: [INFO] Adding track segment (B.Cu): [(175446171, 131139089), (177402571, 134151681)]
14:38:42: [INFO] Routing SW53 with D53
14:38:42: [INFO] Using internal autorouter method
14:38:42: [INFO] Routing pad 'SW53:2' at (139247414, 118189978) with pad 'D53:2' at (140135147, 126230246) using coordinate system rotated by 12.0 degree(s)
14:38:42: [INFO] Adding track segment (B.Cu): [(139247414, 118189978), (138178748, 123217655)]
14:38:42: [INFO] Adding track segment (B.Cu): [(138178748, 123217655), (140135147, 126230246)]
14:38:42: [INFO] Routing SW52 with D52
14:38:42: [INFO] Using internal autorouter method
14:38:42: [INFO] Routing pad 'SW52:2' at (97790000, 111125000) with pad 'D52:2' at (100330000, 118805000) using coordinate system rotated by 0 degree(s)
14:38:42: [INFO] Adding track segment (B.Cu): [(97790000, 111125000), (97790000, 116265000)]
14:38:42: [INFO] Adding track segment (B.Cu): [(97790000, 116265000), (100330000, 118805000)]
14:38:42: [INFO] Routing SW51 with D51
14:38:42: [INFO] Using internal autorouter method
14:38:42: [INFO] Routing pad 'SW51:2' at (375920000, 90170000) with pad 'D51:2' at (378460000, 97850000) using coordinate system rotated by 0 degree(s)
14:38:42: [INFO] Adding track segment (B.Cu): [(375920000, 90170000), (375920000, 95310000)]
14:38:42: [INFO] Adding track segment (B.Cu): [(375920000, 95310000), (378460000, 97850000)]
14:38:42: [INFO] Routing SW50 with D50
14:38:42: [INFO] Using internal autorouter method
14:38:42: [INFO] Routing pad 'SW50:2' at (303530000, 111125000) with pad 'D50:2' at (306070000, 118805000) using coordinate system rotated by 0 degree(s)
14:38:42: [INFO] Adding track segment (B.Cu): [(303530000, 111125000), (303530000, 116265000)]
14:38:42: [INFO] Adding track segment (B.Cu): [(303530000, 116265000), (306070000, 118805000)]
14:38:42: [INFO] Routing SW49 with D49
14:38:42: [INFO] Using internal autorouter method
14:38:42: [INFO] Routing pad 'SW49:2' at (262038657, 112724193) with pad 'D49:2' at (266119913, 119708271) using coordinate system rotated by 348.0 degree(s)
14:38:42: [INFO] Adding track segment (B.Cu): [(262038657, 112724193), (263107323, 117751872)]
14:38:42: [INFO] Adding track segment (B.Cu): [(263107323, 117751872), (266119913, 119708271)]
14:38:42: [INFO] Routing SW48 with D48
14:38:42: [INFO] Using internal autorouter method
14:38:42: [INFO] Routing pad 'SW48:2' at (224771234, 120645629) with pad 'D48:2' at (228852490, 127629707) using coordinate system rotated by 348.0 degree(s)
14:38:42: [INFO] Adding track segment (B.Cu): [(224771234, 120645629), (225839899, 125673307)]
14:38:42: [INFO] Adding track segment (B.Cu): [(225839899, 125673307), (228852490, 127629707)]
14:38:42: [INFO] Routing SW47 with D47
14:38:42: [INFO] Using internal autorouter method
14:38:42: [INFO] Routing pad 'SW47:2' at (157881126, 122150695) with pad 'D47:2' at (158768859, 130190963) using coordinate system rotated by 12.0 degree(s)
14:38:42: [INFO] Adding track segment (B.Cu): [(157881126, 122150695), (156812459, 127178373)]
14:38:42: [INFO] Adding track segment (B.Cu): [(156812459, 127178373), (158768859, 130190963)]
14:38:42: [INFO] Routing SW46 with D46
14:38:42: [INFO] Using internal autorouter method
14:38:42: [INFO] Routing pad 'SW46:2' at (120613702, 114229260) with pad 'D46:2' at (121501435, 122269528) using coordinate system rotated by 12.0 degree(s)
14:38:42: [INFO] Adding track segment (B.Cu): [(120613702, 114229260), (119545035, 119256936)]
14:38:42: [INFO] Adding track segment (B.Cu): [(119545035, 119256936), (121501435, 122269528)]
14:38:42: [INFO] Routing SW45 with D45
14:38:42: [INFO] Using internal autorouter method
14:38:42: [INFO] Routing pad 'SW45:2' at (66833750, 111125000) with pad 'D45:2' at (69373750, 118805000) using coordinate system rotated by 0 degree(s)
14:38:42: [INFO] Adding track segment (B.Cu): [(66833750, 111125000), (66833750, 116265000)]
14:38:42: [INFO] Adding track segment (B.Cu): [(66833750, 116265000), (69373750, 118805000)]
14:38:42: [INFO] Routing SW44 with D44
14:38:42: [INFO] Using internal autorouter method
14:38:42: [INFO] Routing pad 'SW44:2' at (309245000, 92075000) with pad 'D44:2' at (311785000, 99755000) using coordinate system rotated by 0 degree(s)
14:38:42: [INFO] Adding track segment (B.Cu): [(309245000, 92075000), (309245000, 97215000)]
14:38:42: [INFO] Adding track segment (B.Cu): [(309245000, 97215000), (311785000, 99755000)]
14:38:42: [INFO] Routing SW43 with D43
14:38:42: [INFO] Using internal autorouter method
14:38:42: [INFO] Routing pad 'SW43:2' at (266463110, 92308159) with pad 'D43:2' at (270544366, 99292237) using coordinate system rotated by 348.0 degree(s)
14:38:42: [INFO] Adding track segment (B.Cu): [(266463110, 92308159), (267531775, 97335837)]
14:38:42: [INFO] Adding track segment (B.Cu): [(267531775, 97335837), (270544366, 99292237)]
14:38:42: [INFO] Routing SW42 with D42
14:38:42: [INFO] Using internal autorouter method
14:38:42: [INFO] Routing pad 'SW42:2' at (229195686, 100229594) with pad 'D42:2' at (233276942, 107213672) using coordinate system rotated by 348.0 degree(s)
14:38:42: [INFO] Adding track segment (B.Cu): [(229195686, 100229594), (230264352, 105257273)]
14:38:42: [INFO] Adding track segment (B.Cu): [(230264352, 105257273), (233276942, 107213672)]
14:38:42: [INFO] Routing SW41 with D41
14:38:42: [INFO] Using internal autorouter method
14:38:42: [INFO] Routing pad 'SW41:2' at (172090385, 105695378) with pad 'D41:2' at (172978118, 113735646) using coordinate system rotated by 12.0 degree(s)
14:38:42: [INFO] Adding track segment (B.Cu): [(172090385, 105695378), (171021718, 110723055)]
14:38:42: [INFO] Adding track segment (B.Cu): [(171021718, 110723055), (172978118, 113735646)]
14:38:42: [INFO] Routing SW40 with D40
14:38:42: [INFO] Using internal autorouter method
14:38:42: [INFO] Routing pad 'SW40:2' at (134822962, 97773943) with pad 'D40:2' at (135710695, 105814211) using coordinate system rotated by 12.0 degree(s)
14:38:42: [INFO] Adding track segment (B.Cu): [(134822962, 97773943), (133754295, 102801619)]
14:38:42: [INFO] Adding track segment (B.Cu): [(133754295, 102801619), (135710695, 105814211)]
14:38:42: [INFO] Routing SW39 with D39
14:38:42: [INFO] Using internal autorouter method
14:38:42: [INFO] Routing pad 'SW39:2' at (93027500, 92075000) with pad 'D39:2' at (95567500, 99755000) using coordinate system rotated by 0 degree(s)
14:38:42: [INFO] Adding track segment (B.Cu): [(93027500, 92075000), (93027500, 97215000)]
14:38:42: [INFO] Adding track segment (B.Cu): [(93027500, 97215000), (95567500, 99755000)]
14:38:42: [INFO] Routing SW38 with D38
14:38:42: [INFO] Using internal autorouter method
14:38:42: [INFO] Routing pad 'SW38:2' at (370205000, 71120000) with pad 'D38:2' at (372745000, 78800000) using coordinate system rotated by 0 degree(s)
14:38:42: [INFO] Adding track segment (B.Cu): [(370205000, 71120000), (370205000, 76260000)]
14:38:42: [INFO] Adding track segment (B.Cu): [(370205000, 76260000), (372745000, 78800000)]
14:38:42: [INFO] Routing SW37 with D37
14:38:42: [INFO] Using internal autorouter method
14:38:42: [INFO] Routing pad 'SW37:2' at (340201250, 92075000) with pad 'D37:2' at (342741250, 99755000) using coordinate system rotated by 0 degree(s)
14:38:42: [INFO] Adding track segment (B.Cu): [(340201250, 92075000), (340201250, 97215000)]
14:38:42: [INFO] Adding track segment (B.Cu): [(340201250, 97215000), (342741250, 99755000)]
14:38:42: [INFO] Routing SW36 with D36
14:38:42: [INFO] Using internal autorouter method
14:38:42: [INFO] Routing pad 'SW36:2' at (290195000, 92075000) with pad 'D36:2' at (292735000, 99755000) using coordinate system rotated by 0 degree(s)
14:38:42: [INFO] Adding track segment (B.Cu): [(290195000, 92075000), (290195000, 97215000)]
14:38:42: [INFO] Adding track segment (B.Cu): [(290195000, 97215000), (292735000, 99755000)]
14:38:42: [INFO] Routing SW35 with D35
14:38:42: [INFO] Using internal autorouter method
14:38:42: [INFO] Routing pad 'SW35:2' at (247829398, 96268876) with pad 'D35:2' at (251910654, 103252954) using coordinate system rotated by 348.0 degree(s)
14:38:42: [INFO] Adding track segment (B.Cu): [(247829398, 96268876), (248898063, 101296555)]
14:38:42: [INFO] Adding track segment (B.Cu): [(248898063, 101296555), (251910654, 103252954)]
14:38:42: [INFO] Routing SW34 with D34
14:38:42: [INFO] Using internal autorouter method
14:38:42: [INFO] Routing pad 'SW34:2' at (210561975, 104190312) with pad 'D34:2' at (214643231, 111174390) using coordinate system rotated by 348.0 degree(s)
14:38:42: [INFO] Adding track segment (B.Cu): [(210561975, 104190312), (211630640, 109217989)]
14:38:42: [INFO] Adding track segment (B.Cu): [(211630640, 109217989), (214643231, 111174390)]
14:38:42: [INFO] Routing SW33 with D33
14:38:42: [INFO] Using internal autorouter method
14:38:42: [INFO] Routing pad 'SW33:2' at (153456673, 101734661) with pad 'D33:2' at (154344406, 109774929) using coordinate system rotated by 12.0 degree(s)
14:38:42: [INFO] Adding track segment (B.Cu): [(153456673, 101734661), (152388006, 106762338)]
14:38:42: [INFO] Adding track segment (B.Cu): [(152388006, 106762338), (154344406, 109774929)]
14:38:42: [INFO] Routing SW32 with D32
14:38:42: [INFO] Using internal autorouter method
14:38:42: [INFO] Routing pad 'SW32:2' at (116189250, 93813225) with pad 'D32:2' at (117076983, 101853493) using coordinate system rotated by 12.0 degree(s)
14:38:42: [INFO] Adding track segment (B.Cu): [(116189250, 93813225), (115120583, 98840903)]
14:38:42: [INFO] Adding track segment (B.Cu): [(115120583, 98840903), (117076983, 101853493)]
14:38:42: [INFO] Routing SW31 with D31
14:38:42: [INFO] Using internal autorouter method
14:38:42: [INFO] Routing pad 'SW31:2' at (66833750, 92075000) with pad 'D31:2' at (69373750, 99755000) using coordinate system rotated by 0 degree(s)
14:38:42: [INFO] Adding track segment (B.Cu): [(66833750, 92075000), (66833750, 97215000)]
14:38:42: [INFO] Adding track segment (B.Cu): [(66833750, 97215000), (69373750, 99755000)]
14:38:42: [INFO] Routing SW30 with D30
14:38:42: [INFO] Using internal autorouter method
14:38:42: [INFO] Routing pad 'SW30:2' at (344487500, 73025000) with pad 'D30:2' at (347027500, 80705000) using coordinate system rotated by 0 degree(s)
14:38:42: [INFO] Adding track segment (B.Cu): [(344487500, 73025000), (344487500, 78165000)]
14:38:42: [INFO] Adding track segment (B.Cu): [(344487500, 78165000), (347027500, 80705000)]
14:38:42: [INFO] Routing SW29 with D29
14:38:42: [INFO] Using internal autorouter method
14:38:42: [INFO] Routing pad 'SW29:2' at (301625000, 73025000) with pad 'D29:2' at (304165000, 80705000) using coordinate system rotated by 0 degree(s)
14:38:42: [INFO] Adding track segment (B.Cu): [(301625000, 73025000), (301625000, 78165000)]
14:38:42: [INFO] Adding track segment (B.Cu): [(301625000, 78165000), (304165000, 80705000)]
14:38:42: [INFO] Routing SW28 with D28
14:38:42: [INFO] Using internal autorouter method
14:38:42: [INFO] Routing pad 'SW28:2' at (259707336, 74268555) with pad 'D28:2' at (263788592, 81252633) using coordinate system rotated by 348.0 degree(s)
14:38:42: [INFO] Adding track segment (B.Cu): [(259707336, 74268555), (260776001, 79296233)]
14:38:42: [INFO] Adding track segment (B.Cu): [(260776001, 79296233), (263788592, 81252633)]
14:38:42: [INFO] Routing SW27 with D27
14:38:42: [INFO] Using internal autorouter method
14:38:42: [INFO] Routing pad 'SW27:2' at (222439912, 82189990) with pad 'D27:2' at (226521168, 89174068) using coordinate system rotated by 348.0 degree(s)
14:38:42: [INFO] Adding track segment (B.Cu): [(222439912, 82189990), (223508577, 87217669)]
14:38:42: [INFO] Adding track segment (B.Cu): [(223508577, 87217669), (226521168, 89174068)]
14:38:42: [INFO] Routing SW26 with D26
14:38:42: [INFO] Using internal autorouter method
14:38:42: [INFO] Routing pad 'SW26:2' at (171392675, 86071487) with pad 'D26:2' at (172280408, 94111755) using coordinate system rotated by 12.0 degree(s)
14:38:42: [INFO] Adding track segment (B.Cu): [(171392675, 86071487), (170324008, 91099164)]
14:38:42: [INFO] Adding track segment (B.Cu): [(170324008, 91099164), (172280408, 94111755)]
14:38:42: [INFO] Routing SW25 with D25
14:38:42: [INFO] Using internal autorouter method
14:38:42: [INFO] Routing pad 'SW25:2' at (134125251, 78150052) with pad 'D25:2' at (135012984, 86190320) using coordinate system rotated by 12.0 degree(s)
14:38:42: [INFO] Adding track segment (B.Cu): [(134125251, 78150052), (133056584, 83177728)]
14:38:42: [INFO] Adding track segment (B.Cu): [(133056584, 83177728), (135012984, 86190320)]
14:38:42: [INFO] Routing SW24 with D24
14:38:42: [INFO] Using internal autorouter method
14:38:42: [INFO] Routing pad 'SW24:2' at (92075000, 73025000) with pad 'D24:2' at (94615000, 80705000) using coordinate system rotated by 0 degree(s)
14:38:42: [INFO] Adding track segment (B.Cu): [(92075000, 73025000), (92075000, 78165000)]
14:38:43: [INFO] Adding track segment (B.Cu): [(92075000, 78165000), (94615000, 80705000)]
14:38:43: [INFO] Routing SW23 with D23
14:38:43: [INFO] Using internal autorouter method
14:38:43: [INFO] Routing pad 'SW23:2' at (364490000, 52070000) with pad 'D23:2' at (367030000, 59750000) using coordinate system rotated by 0 degree(s)
14:38:43: [INFO] Adding track segment (B.Cu): [(364490000, 52070000), (364490000, 57210000)]
14:38:43: [INFO] Adding track segment (B.Cu): [(364490000, 57210000), (367030000, 59750000)]
14:38:43: [INFO] Routing SW22 with D22
14:38:43: [INFO] Using internal autorouter method
14:38:43: [INFO] Routing pad 'SW22:2' at (320675000, 73025000) with pad 'D22:2' at (323215000, 80705000) using coordinate system rotated by 0 degree(s)
14:38:43: [INFO] Adding track segment (B.Cu): [(320675000, 73025000), (320675000, 78165000)]
14:38:43: [INFO] Adding track segment (B.Cu): [(320675000, 78165000), (323215000, 80705000)]
14:38:43: [INFO] Routing SW21 with D21
14:38:43: [INFO] Using internal autorouter method
14:38:43: [INFO] Routing pad 'SW21:2' at (282575000, 72072500) with pad 'D21:2' at (285115000, 79752500) using coordinate system rotated by 0 degree(s)
14:38:43: [INFO] Adding track segment (B.Cu): [(282575000, 72072500), (282575000, 77212500)]
14:38:43: [INFO] Adding track segment (B.Cu): [(282575000, 77212500), (285115000, 79752500)]
14:38:43: [INFO] Routing SW20 with D20
14:38:43: [INFO] Using internal autorouter method
14:38:43: [INFO] Routing pad 'SW20:2' at (241073624, 78229272) with pad 'D20:2' at (245154880, 85213350) using coordinate system rotated by 348.0 degree(s)
14:38:43: [INFO] Adding track segment (B.Cu): [(241073624, 78229272), (242142289, 83256950)]
14:38:43: [INFO] Adding track segment (B.Cu): [(242142289, 83256950), (245154880, 85213350)]
14:38:43: [INFO] Routing SW19 with D19
14:38:43: [INFO] Using internal autorouter method
14:38:43: [INFO] Routing pad 'SW19:2' at (203806200, 86150708) with pad 'D19:2' at (207887456, 93134786) using coordinate system rotated by 348.0 degree(s)
14:38:43: [INFO] Adding track segment (B.Cu): [(203806200, 86150708), (204874865, 91178386)]
14:38:43: [INFO] Adding track segment (B.Cu): [(204874865, 91178386), (207887456, 93134786)]
14:38:43: [INFO] Routing SW18 with D18
14:38:43: [INFO] Using internal autorouter method
14:38:43: [INFO] Routing pad 'SW18:2' at (152758963, 82110769) with pad 'D18:2' at (153646696, 90151037) using coordinate system rotated by 12.0 degree(s)
14:38:43: [INFO] Adding track segment (B.Cu): [(152758963, 82110769), (151690296, 87138446)]
14:38:43: [INFO] Adding track segment (B.Cu): [(151690296, 87138446), (153646696, 90151037)]
14:38:43: [INFO] Routing SW17 with D17
14:38:43: [INFO] Using internal autorouter method
14:38:43: [INFO] Routing pad 'SW17:2' at (115491540, 74189334) with pad 'D17:2' at (116379273, 82229602) using coordinate system rotated by 12.0 degree(s)
14:38:43: [INFO] Adding track segment (B.Cu): [(115491540, 74189334), (114422873, 79217010)]
14:38:43: [INFO] Adding track segment (B.Cu): [(114422873, 79217010), (116379273, 82229602)]
14:38:43: [INFO] Routing SW16 with D16
14:38:43: [INFO] Using internal autorouter method
14:38:43: [INFO] Routing pad 'SW16:2' at (68262500, 73025000) with pad 'D16:2' at (70802500, 80705000) using coordinate system rotated by 0 degree(s)
14:38:43: [INFO] Adding track segment (B.Cu): [(68262500, 73025000), (68262500, 78165000)]
14:38:43: [INFO] Adding track segment (B.Cu): [(68262500, 78165000), (70802500, 80705000)]
14:38:43: [INFO] Routing SW15 with D15
14:38:43: [INFO] Using internal autorouter method
14:38:43: [INFO] Routing pad 'SW15:2' at (323532500, 53975000) with pad 'D15:2' at (326072500, 61655000) using coordinate system rotated by 0 degree(s)
14:38:43: [INFO] Adding track segment (B.Cu): [(323532500, 53975000), (323532500, 59115000)]
14:38:43: [INFO] Adding track segment (B.Cu): [(323532500, 59115000), (326072500, 61655000)]
14:38:43: [INFO] Routing SW14 with D14
14:38:43: [INFO] Using internal autorouter method
14:38:43: [INFO] Routing pad 'SW14:2' at (285432500, 53022500) with pad 'D14:2' at (287972500, 60702500) using coordinate system rotated by 0 degree(s)
14:38:43: [INFO] Adding track segment (B.Cu): [(285432500, 53022500), (285432500, 58162500)]
14:38:43: [INFO] Adding track segment (B.Cu): [(285432500, 58162500), (287972500, 60702500)]
14:38:43: [INFO] Routing SW13 with D13
14:38:43: [INFO] Using internal autorouter method
14:38:43: [INFO] Routing pad 'SW13:2' at (244566391, 58011273) with pad 'D13:2' at (248647647, 64995351) using coordinate system rotated by 348.0 degree(s)
14:38:43: [INFO] Adding track segment (B.Cu): [(244566391, 58011273), (245635056, 63038951)]
14:38:43: [INFO] Adding track segment (B.Cu): [(245635056, 63038951), (248647647, 64995351)]
14:38:43: [INFO] Routing SW12 with D12
14:38:43: [INFO] Using internal autorouter method
14:38:43: [INFO] Routing pad 'SW12:2' at (207298967, 65932709) with pad 'D12:2' at (211380223, 72916787) using coordinate system rotated by 348.0 degree(s)
14:38:43: [INFO] Adding track segment (B.Cu): [(207298967, 65932709), (208367632, 70960387)]
14:38:43: [INFO] Adding track segment (B.Cu): [(208367632, 70960387), (211380223, 72916787)]
14:38:43: [INFO] Routing SW11 with D11
14:38:43: [INFO] Using internal autorouter method
14:38:43: [INFO] Routing pad 'SW11:2' at (165104851, 65259381) with pad 'D11:2' at (165992584, 73299649) using coordinate system rotated by 12.0 degree(s)
14:38:43: [INFO] Adding track segment (B.Cu): [(165104851, 65259381), (164036184, 70287059)]
14:38:43: [INFO] Adding track segment (B.Cu): [(164036184, 70287059), (165992584, 73299649)]
14:38:43: [INFO] Routing SW10 with D10
14:38:43: [INFO] Using internal autorouter method
14:38:43: [INFO] Routing pad 'SW10:2' at (127837428, 57337945) with pad 'D10:2' at (128725161, 65378213) using coordinate system rotated by 12.0 degree(s)
14:38:43: [INFO] Adding track segment (B.Cu): [(127837428, 57337945), (126768761, 62365622)]
14:38:43: [INFO] Adding track segment (B.Cu): [(126768761, 62365622), (128725161, 65378213)]
14:38:43: [INFO] Routing SW9 with D9
14:38:43: [INFO] Using internal autorouter method
14:38:43: [INFO] Routing pad 'SW9:2' at (86360000, 53975000) with pad 'D9:2' at (88900000, 61655000) using coordinate system rotated by 0 degree(s)
14:38:43: [INFO] Adding track segment (B.Cu): [(86360000, 53975000), (86360000, 59115000)]
14:38:43: [INFO] Adding track segment (B.Cu): [(86360000, 59115000), (88900000, 61655000)]
14:38:43: [INFO] Routing SW8 with D8
14:38:43: [INFO] Using internal autorouter method
14:38:43: [INFO] Routing pad 'SW8:2' at (342582500, 53975000) with pad 'D8:2' at (345122500, 61655000) using coordinate system rotated by 0 degree(s)
14:38:43: [INFO] Adding track segment (B.Cu): [(342582500, 53975000), (342582500, 59115000)]
14:38:43: [INFO] Adding track segment (B.Cu): [(342582500, 59115000), (345122500, 61655000)]
14:38:43: [INFO] Routing SW7 with D7
14:38:43: [INFO] Using internal autorouter method
14:38:43: [INFO] Routing pad 'SW7:2' at (304482500, 53975000) with pad 'D7:2' at (307022500, 61655000) using coordinate system rotated by 0 degree(s)
14:38:43: [INFO] Adding track segment (B.Cu): [(304482500, 53975000), (304482500, 59115000)]
14:38:43: [INFO] Adding track segment (B.Cu): [(304482500, 59115000), (307022500, 61655000)]
14:38:43: [INFO] Routing SW6 with D6
14:38:43: [INFO] Using internal autorouter method
14:38:43: [INFO] Routing pad 'SW6:2' at (263200103, 54050556) with pad 'D6:2' at (267281359, 61034634) using coordinate system rotated by 348.0 degree(s)
14:38:43: [INFO] Adding track segment (B.Cu): [(263200103, 54050556), (264268768, 59078234)]
14:38:43: [INFO] Adding track segment (B.Cu): [(264268768, 59078234), (267281359, 61034634)]
14:38:43: [INFO] Routing SW5 with D5
14:38:43: [INFO] Using internal autorouter method
14:38:43: [INFO] Routing pad 'SW5:2' at (225932679, 61971991) with pad 'D5:2' at (230013935, 68956069) using coordinate system rotated by 348.0 degree(s)
14:38:43: [INFO] Adding track segment (B.Cu): [(225932679, 61971991), (227001344, 66999670)]
14:38:43: [INFO] Adding track segment (B.Cu): [(227001344, 66999670), (230013935, 68956069)]
14:38:43: [INFO] Routing SW4 with D4
14:38:43: [INFO] Using internal autorouter method
14:38:43: [INFO] Routing pad 'SW4:2' at (183738563, 69220098) with pad 'D4:2' at (184626296, 77260366) using coordinate system rotated by 12.0 degree(s)
14:38:43: [INFO] Adding track segment (B.Cu): [(183738563, 69220098), (182669896, 74247776)]
14:38:43: [INFO] Adding track segment (B.Cu): [(182669896, 74247776), (184626296, 77260366)]
14:38:43: [INFO] Routing SW3 with D3
14:38:43: [INFO] Using internal autorouter method
14:38:43: [INFO] Routing pad 'SW3:2' at (146471139, 61298663) with pad 'D3:2' at (147358872, 69338931) using coordinate system rotated by 12.0 degree(s)
14:38:43: [INFO] Adding track segment (B.Cu): [(146471139, 61298663), (145402472, 66326339)]
14:38:43: [INFO] Adding track segment (B.Cu): [(145402472, 66326339), (147358872, 69338931)]
14:38:43: [INFO] Routing SW2 with D2
14:38:43: [INFO] Using internal autorouter method
14:38:43: [INFO] Routing pad 'SW2:2' at (105410000, 53022500) with pad 'D2:2' at (107950000, 60702500) using coordinate system rotated by 0 degree(s)
14:38:43: [INFO] Adding track segment (B.Cu): [(105410000, 53022500), (105410000, 58162500)]
14:38:43: [INFO] Adding track segment (B.Cu): [(105410000, 58162500), (107950000, 60702500)]
14:38:43: [INFO] Routing SW1 with D1
14:38:43: [INFO] Using internal autorouter method
14:38:43: [INFO] Routing pad 'SW1:2' at (67310000, 53975000) with pad 'D1:2' at (69850000, 61655000) using coordinate system rotated by 0 degree(s)
14:38:43: [INFO] Adding track segment (B.Cu): [(67310000, 53975000), (67310000, 59115000)]
14:38:43: [INFO] Adding track segment (B.Cu): [(67310000, 59115000), (69850000, 61655000)]
14:38:43: [INFO] Routing ROW9 pads
14:38:43: [WARNING] Could not route pads when parent footprints not rotated the same, footprint1: D64 at 78.0 degree(s) and footprint2: D65 at 102.0 degree(s)
14:38:43: [INFO] Routing pad 'D65:1' at (231066146, 149497322) with pad 'D66:1' at (271792505, 141814447) using coordinate system rotated by 258.0 degree(s)
14:38:43: [INFO] Adding track segment (B.Cu): [(231066146, 149497322), (270662782, 141080796)]
14:38:43: [INFO] Adding track segment (B.Cu): [(270662782, 141080796), (271792505, 141814447)]
14:38:43: [WARNING] Could not route pads when parent footprints not rotated the same, footprint1: D66 at 102.0 degree(s) and footprint2: D67 at 90.0 degree(s)
14:38:43: [INFO] Routing COL5 pads
14:38:43: [INFO] Routing pad 'SW14:1' at (279082500, 55562500) with pad 'SW21:1' at (276225000, 74612500) using coordinate system rotated by 0 degree(s)
14:38:43: [INFO] Adding track segment (F.Cu): [(279082500, 55562500), (279082500, 71755000)]
14:38:43: [INFO] Adding track segment (F.Cu): [(279082500, 71755000), (276225000, 74612500)]
14:38:43: [WARNING] Could not route pads when parent footprints not rotated the same, footprint1: SW6 at 12.0 degree(s) and footprint2: SW14 at 0.0 degree(s)
14:38:43: [INFO] Routing pad 'SW44:1' at (302895000, 94615000) with pad 'SW36:1' at (283845000, 94615000) using coordinate system rotated by 0 degree(s)
14:38:43: [INFO] Adding track segment (F.Cu): [(302895000, 94615000), (283845000, 94615000)]
14:38:43: [INFO] Routing pad 'SW21:1' at (276225000, 74612500) with pad 'SW29:1' at (295275000, 75565000) using coordinate system rotated by 0 degree(s)
14:38:43: [INFO] Adding track segment (F.Cu): [(276225000, 74612500), (294322500, 74612500)]
14:38:43: [INFO] Adding track segment (F.Cu): [(294322500, 74612500), (295275000, 75565000)]
14:38:43: [INFO] Routing pad 'SW44:1' at (302895000, 94615000) with pad 'SW50:1' at (297180000, 113665000) using coordinate system rotated by 0 degree(s)
14:38:43: [INFO] Adding track segment (F.Cu): [(302895000, 94615000), (302895000, 107950000)]
14:38:43: [INFO] Adding track segment (F.Cu): [(302895000, 107950000), (297180000, 113665000)]
14:38:43: [INFO] Routing pad 'SW29:1' at (295275000, 75565000) with pad 'SW44:1' at (302895000, 94615000) using coordinate system rotated by 0 degree(s)
14:38:43: [INFO] Adding track segment (F.Cu): [(295275000, 75565000), (295275000, 86995000)]
14:38:43: [INFO] Adding track segment (F.Cu): [(295275000, 86995000), (302895000, 94615000)]
14:38:43: [INFO] Routing pad 'SW50:1' at (297180000, 113665000) with pad 'SW57:1' at (323373750, 113665000) using coordinate system rotated by 0 degree(s)
14:38:43: [INFO] Adding track segment (F.Cu): [(297180000, 113665000), (323373750, 113665000)]
14:38:43: [INFO] Routing ROW4 pads
14:38:43: [WARNING] Could not route pads when parent footprints not rotated the same, footprint1: D31 at 90.0 degree(s) and footprint2: D32 at 78.0 degree(s)
14:38:43: [INFO] Routing pad 'D32:1' at (116494831, 104592307) with pad 'D33:1' at (153762254, 112513743) using coordinate system rotated by 282.0 degree(s)
14:38:43: [WARNING] Could not route pads when parent footprints not rotated the same, footprint1: D33 at 78.0 degree(s) and footprint2: D34 at 102.0 degree(s)
14:38:43: [INFO] Routing pad 'D34:1' at (215225383, 113913204) with pad 'D35:1' at (252492806, 105991768) using coordinate system rotated by 258.0 degree(s)
14:38:43: [WARNING] Could not route pads when parent footprints not rotated the same, footprint1: D35 at 102.0 degree(s) and footprint2: D36 at 90.0 degree(s)
14:38:43: [INFO] Routing pad 'D36:1' at (292735000, 102555000) with pad 'D37:1' at (342741250, 102555000) using coordinate system rotated by 0 degree(s)
14:38:43: [INFO] Adding track segment (B.Cu): [(292735000, 102555000), (342741250, 102555000)]
14:38:43: [INFO] Could not add track segment due to detected collision
14:38:43: [INFO] Routing pad 'D37:1' at (342741250, 102555000) with pad 'D38:1' at (372745000, 81600000) using coordinate system rotated by 0 degree(s)
14:38:43: [INFO] Adding track segment (B.Cu): [(342741250, 102555000), (351790000, 102555000)]
14:38:43: [INFO] Adding track segment (B.Cu): [(351790000, 102555000), (372745000, 81600000)]
14:38:43: [INFO] Routing COL0 pads
14:38:43: [INFO] Routing pad 'SW45:1' at (60483750, 113665000) with pad 'SW31:1' at (60483750, 94615000) using coordinate system rotated by 0 degree(s)
14:38:43: [INFO] Adding track segment (F.Cu): [(60483750, 113665000), (60483750, 94615000)]
14:38:43: [INFO] Routing pad 'SW59:1' at (53340000, 132715000) with pad 'SW45:1' at (60483750, 113665000) using coordinate system rotated by 0 degree(s)
14:38:43: [INFO] Adding track segment (F.Cu): [(53340000, 132715000), (60483750, 125571250)]
14:38:43: [INFO] Adding track segment (F.Cu): [(60483750, 125571250), (60483750, 113665000)]
14:38:43: [INFO] Routing pad 'SW16:1' at (61912500, 75565000) with pad 'SW1:1' at (60960000, 56515000) using coordinate system rotated by 0 degree(s)
14:38:43: [INFO] Adding track segment (F.Cu): [(61912500, 75565000), (61912500, 57467500)]
14:38:43: [INFO] Adding track segment (F.Cu): [(61912500, 57467500), (60960000, 56515000)]
14:38:43: [INFO] Routing pad 'SW31:1' at (60483750, 94615000) with pad 'SW16:1' at (61912500, 75565000) using coordinate system rotated by 0 degree(s)
14:38:43: [INFO] Adding track segment (F.Cu): [(60483750, 94615000), (61912500, 93186250)]
14:38:43: [INFO] Adding track segment (F.Cu): [(61912500, 93186250), (61912500, 75565000)]
14:38:43: [INFO] Routing pad 'SW1:1' at (60960000, 56515000) with pad 'SW9:1' at (80010000, 56515000) using coordinate system rotated by 0 degree(s)
14:38:43: [INFO] Adding track segment (F.Cu): [(60960000, 56515000), (80010000, 56515000)]
14:38:43: [INFO] Routing pad 'SW9:1' at (80010000, 56515000) with pad 'SW24:1' at (85725000, 75565000) using coordinate system rotated by 0 degree(s)
14:38:43: [INFO] Adding track segment (F.Cu): [(80010000, 56515000), (80010000, 69850000)]
14:38:43: [INFO] Adding track segment (F.Cu): [(80010000, 69850000), (85725000, 75565000)]
14:38:43: [INFO] Routing pad 'SW24:1' at (85725000, 75565000) with pad 'SW39:1' at (86677500, 94615000) using coordinate system rotated by 0 degree(s)
14:38:43: [INFO] Adding track segment (F.Cu): [(85725000, 75565000), (85725000, 93662500)]
14:38:43: [INFO] Adding track segment (F.Cu): [(85725000, 93662500), (86677500, 94615000)]
14:38:43: [INFO] Routing pad 'SW39:1' at (86677500, 94615000) with pad 'SW52:1' at (91440000, 113665000) using coordinate system rotated by 0 degree(s)
14:38:43: [INFO] Adding track segment (F.Cu): [(86677500, 94615000), (86677500, 108902500)]
14:38:43: [INFO] Adding track segment (F.Cu): [(86677500, 108902500), (91440000, 113665000)]
14:38:43: [INFO] Routing COL7 pads
14:38:43: [INFO] Routing pad 'SW8:1' at (336232500, 56515000) with pad 'SW23:1' at (358140000, 54610000) using coordinate system rotated by 0 degree(s)
14:38:43: [INFO] Routing pad 'SW23:1' at (358140000, 54610000) with pad 'SW38:1' at (363855000, 73660000) using coordinate system rotated by 0 degree(s)
14:38:43: [INFO] Adding track segment (F.Cu): [(358140000, 54610000), (358140000, 67945000)]
14:38:43: [INFO] Adding track segment (F.Cu): [(358140000, 67945000), (363855000, 73660000)]
14:38:43: [INFO] Routing pad 'SW38:1' at (363855000, 73660000) with pad 'SW51:1' at (369570000, 92710000) using coordinate system rotated by 0 degree(s)
14:38:43: [INFO] Adding track segment (F.Cu): [(363855000, 73660000), (363855000, 86995000)]
14:38:43: [INFO] Adding track segment (F.Cu): [(363855000, 86995000), (369570000, 92710000)]
14:38:43: [INFO] Routing pad 'SW51:1' at (369570000, 92710000) with pad 'SW63:1' at (371475000, 137477500) using coordinate system rotated by 0 degree(s)
14:38:43: [INFO] Adding track segment (F.Cu): [(369570000, 92710000), (369570000, 135572500)]
14:38:43: [INFO] Adding track segment (F.Cu): [(369570000, 135572500), (371475000, 137477500)]
14:38:43: [INFO] Routing ROW6 pads
14:38:43: [WARNING] Could not route pads when parent footprints not rotated the same, footprint1: D45 at 90.0 degree(s) and footprint2: D46 at 78.0 degree(s)
14:38:43: [INFO] Routing pad 'D46:1' at (120919283, 125008342) with pad 'D47:1' at (158186707, 132929777) using coordinate system rotated by 282.0 degree(s)
14:38:43: [WARNING] Could not route pads when parent footprints not rotated the same, footprint1: D47 at 78.0 degree(s) and footprint2: D48 at 102.0 degree(s)
14:38:43: [INFO] Routing pad 'D48:1' at (229434642, 130368521) with pad 'D49:1' at (266702065, 122447085) using coordinate system rotated by 258.0 degree(s)
14:38:43: [WARNING] Could not route pads when parent footprints not rotated the same, footprint1: D49 at 102.0 degree(s) and footprint2: D50 at 90.0 degree(s)
14:38:43: [INFO] Routing pad 'D50:1' at (306070000, 121605000) with pad 'D51:1' at (378460000, 100650000) using coordinate system rotated by 0 degree(s)
14:38:43: [INFO] Routing ROW3 pads
14:38:43: [WARNING] Could not route pads when parent footprints not rotated the same, footprint1: D24 at 90.0 degree(s) and footprint2: D25 at 78.0 degree(s)
14:38:43: [INFO] Routing pad 'D25:1' at (134430832, 88929134) with pad 'D26:1' at (171698256, 96850569) using coordinate system rotated by 282.0 degree(s)
14:38:43: [WARNING] Could not route pads when parent footprints not rotated the same, footprint1: D26 at 78.0 degree(s) and footprint2: D27 at 102.0 degree(s)
14:38:43: [INFO] Routing pad 'D27:1' at (227103320, 91912882) with pad 'D28:1' at (264370744, 83991447) using coordinate system rotated by 258.0 degree(s)
14:38:43: [WARNING] Could not route pads when parent footprints not rotated the same, footprint1: D28 at 102.0 degree(s) and footprint2: D29 at 90.0 degree(s)
14:38:43: [INFO] Routing pad 'D29:1' at (304165000, 83505000) with pad 'D30:1' at (347027500, 83505000) using coordinate system rotated by 0 degree(s)
14:38:43: [INFO] Adding track segment (B.Cu): [(304165000, 83505000), (347027500, 83505000)]
14:38:43: [INFO] Could not add track segment due to detected collision
14:38:43: [INFO] Routing COL4 pads
14:38:43: [INFO] Routing pad 'SW13:1' at (238883249, 61816008) with pad 'SW20:1' at (235390482, 82034007) using coordinate system rotated by 348.0 degree(s)
14:38:43: [INFO] Adding track segment (F.Cu): [(238883249, 61816008), (241259679, 72996234)]
14:38:43: [INFO] Adding track segment (F.Cu): [(241259679, 72996234), (235390482, 82034007)]
14:38:43: [INFO] Routing pad 'SW5:1' at (220249537, 65776726) with pad 'SW13:1' at (238883249, 61816008) using coordinate system rotated by 348.0 degree(s)
14:38:43: [INFO] Adding track segment (F.Cu): [(220249537, 65776726), (238883248, 61816007)]
14:38:43: [INFO] Adding track segment (F.Cu): [(238883248, 61816007), (238883249, 61816008)]
14:38:43: [INFO] Routing pad 'SW20:1' at (235390482, 82034007) with pad 'SW35:1' at (242146256, 100073611) using coordinate system rotated by 348.0 degree(s)
14:38:43: [INFO] Adding track segment (F.Cu): [(235390482, 82034007), (238757092, 97872662)]
14:38:43: [INFO] Adding track segment (F.Cu): [(238757092, 97872662), (242146256, 100073611)]
14:38:43: [INFO] Routing pad 'SW20:1' at (235390482, 82034007) with pad 'SW28:1' at (254024194, 78073290) using coordinate system rotated by 348.0 degree(s)
14:38:43: [INFO] Adding track segment (F.Cu): [(235390482, 82034007), (254024193, 78073289)]
14:38:43: [INFO] Adding track segment (F.Cu): [(254024193, 78073289), (254024194, 78073290)]
14:38:43: [INFO] Routing pad 'SW43:1' at (260779968, 96112894) with pad 'SW49:1' at (256355515, 116528928) using coordinate system rotated by 348.0 degree(s)
14:38:43: [INFO] Adding track segment (F.Cu): [(260779968, 96112894), (262958361, 106361433)]
14:38:43: [INFO] Adding track segment (F.Cu): [(262958361, 106361433), (256355515, 116528928)]
14:38:43: [INFO] Routing pad 'SW35:1' at (242146256, 100073611) with pad 'SW43:1' at (260779968, 96112894) using coordinate system rotated by 348.0 degree(s)
14:38:43: [INFO] Adding track segment (F.Cu): [(242146256, 100073611), (260779967, 96112893)]
14:38:44: [INFO] Adding track segment (F.Cu): [(260779967, 96112893), (260779968, 96112894)]
14:38:44: [INFO] Routing pad 'SW49:1' at (256355515, 116528928) with pad 'SW66:1' at (261445955, 135896290) using coordinate system rotated by 348.0 degree(s)
14:38:44: [INFO] Adding track segment (F.Cu): [(256355515, 116528928), (260316232, 135162639)]
14:38:44: [INFO] Adding track segment (F.Cu): [(260316232, 135162639), (261445955, 135896290)]
14:38:44: [WARNING] Could not route pads when parent footprints not rotated the same, footprint1: SW49 at 12.0 degree(s) and footprint2: SW56 at 0.0 degree(s)
14:38:44: [INFO] Routing ROW0 pads
14:38:44: [INFO] Routing pad 'D1:1' at (69850000, 64455000) with pad 'D2:1' at (107950000, 63502500) using coordinate system rotated by 0 degree(s)
14:38:44: [INFO] Adding track segment (B.Cu): [(69850000, 64455000), (70802500, 63502500)]
14:38:44: [INFO] Adding track segment (B.Cu): [(70802500, 63502500), (107950000, 63502500)]
14:38:44: [WARNING] Could not route pads when parent footprints not rotated the same, footprint1: D2 at 90.0 degree(s) and footprint2: D3 at 78.0 degree(s)
14:38:44: [INFO] Routing pad 'D3:1' at (146776720, 72077745) with pad 'D4:1' at (184044144, 79999180) using coordinate system rotated by 282.0 degree(s)
14:38:44: [WARNING] Could not route pads when parent footprints not rotated the same, footprint1: D4 at 78.0 degree(s) and footprint2: D5 at 102.0 degree(s)
14:38:44: [INFO] Routing pad 'D5:1' at (230596087, 71694883) with pad 'D6:1' at (267863511, 63773448) using coordinate system rotated by 258.0 degree(s)
14:38:44: [WARNING] Could not route pads when parent footprints not rotated the same, footprint1: D6 at 102.0 degree(s) and footprint2: D7 at 90.0 degree(s)
14:38:44: [INFO] Routing pad 'D7:1' at (307022500, 64455000) with pad 'D8:1' at (345122500, 64455000) using coordinate system rotated by 0 degree(s)
14:38:44: [INFO] Adding track segment (B.Cu): [(307022500, 64455000), (345122500, 64455000)]
14:38:44: [INFO] Could not add track segment due to detected collision
14:38:44: [INFO] Routing COL6 pads
14:38:44: [INFO] Routing pad 'SW15:1' at (317182500, 56515000) with pad 'SW22:1' at (314325000, 75565000) using coordinate system rotated by 0 degree(s)
14:38:44: [INFO] Adding track segment (F.Cu): [(317182500, 56515000), (317182500, 72707500)]
14:38:44: [INFO] Adding track segment (F.Cu): [(317182500, 72707500), (314325000, 75565000)]
14:38:44: [INFO] Routing pad 'SW7:1' at (298132500, 56515000) with pad 'SW15:1' at (317182500, 56515000) using coordinate system rotated by 0 degree(s)
14:38:44: [INFO] Adding track segment (F.Cu): [(298132500, 56515000), (317182500, 56515000)]
14:38:44: [INFO] Routing pad 'SW67:1' at (352425000, 137477500) with pad 'SW62:1' at (333375000, 137477500) using coordinate system rotated by 0 degree(s)
14:38:44: [INFO] Adding track segment (F.Cu): [(352425000, 137477500), (333375000, 137477500)]
14:38:44: [INFO] Routing pad 'SW30:1' at (338137500, 75565000) with pad 'SW37:1' at (333851250, 94615000) using coordinate system rotated by 0 degree(s)
14:38:44: [INFO] Adding track segment (F.Cu): [(338137500, 75565000), (338137500, 90328750)]
14:38:44: [INFO] Adding track segment (F.Cu): [(338137500, 90328750), (333851250, 94615000)]
14:38:44: [INFO] Routing pad 'SW22:1' at (314325000, 75565000) with pad 'SW30:1' at (338137500, 75565000) using coordinate system rotated by 0 degree(s)
14:38:44: [INFO] Adding track segment (F.Cu): [(314325000, 75565000), (338137500, 75565000)]
14:38:44: [INFO] Routing pad 'SW37:1' at (333851250, 94615000) with pad 'SW58:1' at (352425000, 118427500) using coordinate system rotated by 0 degree(s)
14:38:44: [INFO] Adding track segment (F.Cu): [(333851250, 94615000), (333851250, 99853750)]
14:38:44: [INFO] Adding track segment (F.Cu): [(333851250, 99853750), (352425000, 118427500)]
14:38:44: [INFO] Routing pad 'SW58:1' at (352425000, 118427500) with pad 'SW67:1' at (352425000, 137477500) using coordinate system rotated by 0 degree(s)
14:38:44: [INFO] Adding track segment (F.Cu): [(352425000, 118427500), (352425000, 137477500)]
14:38:44: [INFO] Routing COL2 pads
14:38:44: [INFO] Routing pad 'SW47:1' at (151141793, 123314951) with pad 'SW61:1' at (143454333, 141156520) using coordinate system rotated by 12.0 degree(s)
14:38:44: [INFO] Adding track segment (F.Cu): [(151141793, 123314951), (147973218, 138221920)]
14:38:44: [INFO] Adding track segment (F.Cu): [(147973218, 138221920), (143454333, 141156520)]
14:38:44: [INFO] Routing pad 'SW11:1' at (158365518, 66423637) with pad 'SW18:1' at (146019630, 83275025) using coordinate system rotated by 12.0 degree(s)
14:38:44: [INFO] Adding track segment (F.Cu): [(158365518, 66423637), (156187123, 76672175)]
14:38:44: [INFO] Adding track segment (F.Cu): [(156187123, 76672175), (146019630, 83275025)]
14:38:44: [INFO] Routing pad 'SW41:1' at (165351052, 106859634) with pad 'SW33:1' at (146717340, 102898917) using coordinate system rotated by 12.0 degree(s)
14:38:44: [INFO] Adding track segment (F.Cu): [(165351052, 106859634), (146717340, 102898915)]
14:38:44: [INFO] Adding track segment (F.Cu): [(146717340, 102898915), (146717340, 102898917)]
14:38:44: [INFO] Routing pad 'SW33:1' at (146717340, 102898917) with pad 'SW47:1' at (151141793, 123314951) using coordinate system rotated by 12.0 degree(s)
14:38:44: [INFO] Adding track segment (F.Cu): [(146717340, 102898917), (144538944, 113147455)]
14:38:44: [INFO] Adding track segment (F.Cu): [(144538944, 113147455), (151141793, 123314951)]
14:38:44: [INFO] Routing pad 'SW3:1' at (139731806, 62462919) with pad 'SW11:1' at (158365518, 66423637) using coordinate system rotated by 12.0 degree(s)
14:38:44: [INFO] Adding track segment (F.Cu): [(139731806, 62462919), (158365517, 66423636)]
14:38:44: [INFO] Adding track segment (F.Cu): [(158365517, 66423636), (158365518, 66423637)]
14:38:44: [INFO] Routing pad 'SW18:1' at (146019630, 83275025) with pad 'SW26:1' at (164653342, 87235743) using coordinate system rotated by 12.0 degree(s)
14:38:44: [INFO] Adding track segment (F.Cu): [(146019630, 83275025), (164653341, 87235741)]
14:38:44: [INFO] Adding track segment (F.Cu): [(164653341, 87235741), (164653342, 87235743)]
14:38:44: [INFO] Routing pad 'SW26:1' at (164653342, 87235743) with pad 'SW41:1' at (165351052, 106859634) using coordinate system rotated by 12.0 degree(s)
14:38:44: [INFO] Adding track segment (F.Cu): [(164653342, 87235743), (161682803, 101211026)]
14:38:44: [INFO] Adding track segment (F.Cu): [(161682803, 101211026), (165351052, 106859634)]
14:38:44: [INFO] Routing pad 'SW47:1' at (151141793, 123314951) with pad 'SW54:1' at (169775505, 127275669) using coordinate system rotated by 12.0 degree(s)
14:38:44: [INFO] Adding track segment (F.Cu): [(151141793, 123314951), (169775504, 127275667)]
14:38:44: [INFO] Adding track segment (F.Cu): [(169775504, 127275667), (169775505, 127275669)]
14:38:44: [INFO] Routing pad 'SW54:1' at (169775505, 127275669) with pad 'SW64:1' at (173734115, 147592686) using coordinate system rotated by 12.0 degree(s)
14:38:44: [INFO] Adding track segment (F.Cu): [(169775505, 127275669), (167498091, 137990053)]
14:38:44: [INFO] Adding track segment (F.Cu): [(167498091, 137990053), (173734115, 147592686)]
14:38:44: [INFO] Routing ROW2 pads
14:38:44: [WARNING] Could not route pads when parent footprints not rotated the same, footprint1: D16 at 90.0 degree(s) and footprint2: D17 at 78.0 degree(s)
14:38:44: [INFO] Routing pad 'D17:1' at (115797121, 84968416) with pad 'D18:1' at (153064544, 92889851) using coordinate system rotated by 282.0 degree(s)
14:38:44: [WARNING] Could not route pads when parent footprints not rotated the same, footprint1: D18 at 78.0 degree(s) and footprint2: D19 at 102.0 degree(s)
14:38:44: [INFO] Routing pad 'D19:1' at (208469608, 95873600) with pad 'D20:1' at (245737032, 87952164) using coordinate system rotated by 258.0 degree(s)
14:38:44: [WARNING] Could not route pads when parent footprints not rotated the same, footprint1: D20 at 102.0 degree(s) and footprint2: D21 at 90.0 degree(s)
14:38:44: [INFO] Routing pad 'D21:1' at (285115000, 82552500) with pad 'D22:1' at (323215000, 83505000) using coordinate system rotated by 0 degree(s)
14:38:44: [INFO] Adding track segment (B.Cu): [(285115000, 82552500), (322262500, 82552500)]
14:38:44: [INFO] Adding track segment (B.Cu): [(322262500, 82552500), (323215000, 83505000)]
14:38:44: [INFO] Routing pad 'D22:1' at (323215000, 83505000) with pad 'D23:1' at (367030000, 62550000) using coordinate system rotated by 0 degree(s)
14:38:44: [INFO] Adding track segment (B.Cu): [(323215000, 83505000), (344170000, 62550000)]
14:38:44: [INFO] Adding track segment (B.Cu): [(344170000, 62550000), (367030000, 62550000)]
14:38:44: [INFO] Routing COL3 pads
14:38:44: [INFO] Routing pad 'SW12:1' at (201615825, 69737444) with pad 'SW19:1' at (198123058, 89955443) using coordinate system rotated by 348.0 degree(s)
14:38:44: [INFO] Adding track segment (F.Cu): [(201615825, 69737444), (203992254, 80917670)]
14:38:44: [INFO] Adding track segment (F.Cu): [(203992254, 80917670), (198123058, 89955443)]
14:38:44: [WARNING] Could not route pads when parent footprints not rotated the same, footprint1: SW4 at -12.0 degree(s) and footprint2: SW12 at 12.0 degree(s)
14:38:44: [INFO] Routing pad 'SW19:1' at (198123058, 89955443) with pad 'SW34:1' at (204878833, 107995047) using coordinate system rotated by 348.0 degree(s)
14:38:44: [INFO] Adding track segment (F.Cu): [(198123058, 89955443), (201489667, 105794096)]
14:38:44: [INFO] Adding track segment (F.Cu): [(201489667, 105794096), (204878833, 107995047)]
14:38:44: [INFO] Routing pad 'SW19:1' at (198123058, 89955443) with pad 'SW27:1' at (216756770, 85994725) using coordinate system rotated by 348.0 degree(s)
14:38:44: [INFO] Adding track segment (F.Cu): [(198123058, 89955443), (216756769, 85994724)]
14:38:44: [INFO] Adding track segment (F.Cu): [(216756769, 85994724), (216756770, 85994725)]
14:38:44: [INFO] Routing pad 'SW42:1' at (223512544, 104034329) with pad 'SW48:1' at (219088092, 124450364) using coordinate system rotated by 348.0 degree(s)
14:38:44: [INFO] Adding track segment (F.Cu): [(223512544, 104034329), (225690938, 114282870)]
14:38:44: [INFO] Adding track segment (F.Cu): [(225690938, 114282870), (219088092, 124450364)]
14:38:44: [INFO] Routing pad 'SW48:1' at (219088092, 124450364) with pad 'SW65:1' at (220719596, 143579165) using coordinate system rotated by 348.0 degree(s)
14:38:44: [INFO] Adding track segment (F.Cu): [(219088092, 124450364), (222553719, 140754862)]
14:38:44: [INFO] Adding track segment (F.Cu): [(222553719, 140754862), (220719596, 143579165)]
14:38:44: [INFO] Routing pad 'SW34:1' at (204878833, 107995047) with pad 'SW42:1' at (223512544, 104034329) using coordinate system rotated by 348.0 degree(s)
14:38:44: [INFO] Adding track segment (F.Cu): [(204878833, 107995047), (223512543, 104034328)]
14:38:44: [INFO] Adding track segment (F.Cu): [(223512543, 104034328), (223512544, 104034329)]
14:38:44: [INFO] Routing pad 'SW48:1' at (219088092, 124450364) with pad 'SW55:1' at (237721804, 120489646) using coordinate system rotated by 348.0 degree(s)
14:38:44: [INFO] Adding track segment (F.Cu): [(219088092, 124450364), (237721803, 120489645)]
14:38:44: [INFO] Adding track segment (F.Cu): [(237721803, 120489645), (237721804, 120489646)]
14:38:44: [INFO] Routing ROW5 pads
14:38:44: [WARNING] Could not route pads when parent footprints not rotated the same, footprint1: D39 at 90.0 degree(s) and footprint2: D40 at 78.0 degree(s)
14:38:44: [INFO] Routing pad 'D40:1' at (135128543, 108553025) with pad 'D41:1' at (172395966, 116474460) using coordinate system rotated by 282.0 degree(s)
14:38:44: [WARNING] Could not route pads when parent footprints not rotated the same, footprint1: D41 at 78.0 degree(s) and footprint2: D42 at 102.0 degree(s)
14:38:44: [INFO] Routing pad 'D42:1' at (233859094, 109952486) with pad 'D43:1' at (271126518, 102031051) using coordinate system rotated by 258.0 degree(s)
14:38:44: [WARNING] Could not route pads when parent footprints not rotated the same, footprint1: D43 at 102.0 degree(s) and footprint2: D44 at 90.0 degree(s)
14:38:44: [INFO] Routing ROW8 pads
14:38:44: [WARNING] Could not route pads when parent footprints not rotated the same, footprint1: D59 at 90.0 degree(s) and footprint2: D60 at 78.0 degree(s)
14:38:44: [INFO] Routing pad 'D60:1' at (116760530, 144573739) with pad 'D61:1' at (150499247, 150771346) using coordinate system rotated by 282.0 degree(s)
14:38:44: [INFO] Adding track segment (B.Cu): [(116760530, 144573739), (117890249, 143840089)]
14:38:44: [INFO] Adding track segment (B.Cu): [(117890249, 143840089), (150499247, 150771346)]
14:38:44: [WARNING] Could not route pads when parent footprints not rotated the same, footprint1: D61 at 78.0 degree(s) and footprint2: D62 at 90.0 degree(s)
14:38:44: [INFO] Routing pad 'D62:1' at (342265000, 145417500) with pad 'D63:1' at (380365000, 145417500) using coordinate system rotated by 0 degree(s)
14:38:44: [INFO] Adding track segment (B.Cu): [(342265000, 145417500), (380365000, 145417500)]
14:38:44: [INFO] Could not add track segment due to detected collision
14:38:44: [INFO] Routing COL1 pads
14:38:44: [WARNING] Could not route pads when parent footprints not rotated the same, footprint1: SW2 at 0.0 degree(s) and footprint2: SW17 at -12.0 degree(s)
14:38:44: [INFO] Routing pad 'SW17:1' at (108752207, 75353590) with pad 'SW32:1' at (109449917, 94977481) using coordinate system rotated by 12.0 degree(s)
14:38:44: [INFO] Adding track segment (F.Cu): [(108752207, 75353590), (105781668, 89328872)]
14:38:44: [INFO] Adding track segment (F.Cu): [(105781668, 89328872), (109449917, 94977481)]
14:38:44: [INFO] Routing pad 'SW46:1' at (113874369, 115393516) with pad 'SW60:1' at (109715616, 134958913) using coordinate system rotated by 12.0 degree(s)
14:38:44: [INFO] Adding track segment (F.Cu): [(113874369, 115393516), (109715615, 134958911)]
14:38:44: [INFO] Adding track segment (F.Cu): [(109715615, 134958911), (109715616, 134958913)]
14:38:44: [INFO] Routing pad 'SW32:1' at (109449917, 94977481) with pad 'SW46:1' at (113874369, 115393516) using coordinate system rotated by 12.0 degree(s)
14:38:44: [INFO] Adding track segment (F.Cu): [(109449917, 94977481), (107271521, 105226023)]
14:38:44: [INFO] Adding track segment (F.Cu): [(107271521, 105226023), (113874369, 115393516)]
14:38:44: [INFO] Routing pad 'SW17:1' at (108752207, 75353590) with pad 'SW10:1' at (121098095, 58502201) using coordinate system rotated by 12.0 degree(s)
14:38:44: [INFO] Adding track segment (F.Cu): [(108752207, 75353590), (118919699, 68750742)]
14:38:44: [INFO] Adding track segment (F.Cu): [(118919699, 68750742), (121098095, 58502201)]
14:38:44: [INFO] Routing pad 'SW17:1' at (108752207, 75353590) with pad 'SW25:1' at (127385918, 79314308) using coordinate system rotated by 12.0 degree(s)
14:38:44: [INFO] Adding track segment (F.Cu): [(108752207, 75353590), (127385917, 79314307)]
14:38:44: [INFO] Adding track segment (F.Cu): [(127385917, 79314307), (127385918, 79314308)]
14:38:44: [INFO] Routing pad 'SW32:1' at (109449917, 94977481) with pad 'SW40:1' at (128083629, 98938199) using coordinate system rotated by 12.0 degree(s)
14:38:44: [INFO] Adding track segment (F.Cu): [(109449917, 94977481), (128083627, 98938197)]
14:38:44: [INFO] Adding track segment (F.Cu): [(128083627, 98938197), (128083629, 98938199)]
14:38:44: [INFO] Routing pad 'SW46:1' at (113874369, 115393516) with pad 'SW53:1' at (132508081, 119354234) using coordinate system rotated by 12.0 degree(s)
14:38:44: [INFO] Adding track segment (F.Cu): [(113874369, 115393516), (132508080, 119354233)]
14:38:44: [INFO] Adding track segment (F.Cu): [(132508080, 119354233), (132508081, 119354234)]
14:38:44: [INFO] Routing ROW1 pads
14:38:44: [WARNING] Could not route pads when parent footprints not rotated the same, footprint1: D9 at 90.0 degree(s) and footprint2: D10 at 78.0 degree(s)
14:38:44: [INFO] Routing pad 'D10:1' at (128143009, 68117027) with pad 'D11:1' at (165410432, 76038463) using coordinate system rotated by 282.0 degree(s)
14:38:44: [WARNING] Could not route pads when parent footprints not rotated the same, footprint1: D11 at 78.0 degree(s) and footprint2: D12 at 102.0 degree(s)
14:38:44: [INFO] Routing pad 'D12:1' at (211962375, 75655601) with pad 'D13:1' at (249229799, 67734165) using coordinate system rotated by 258.0 degree(s)
14:38:44: [WARNING] Could not route pads when parent footprints not rotated the same, footprint1: D13 at 102.0 degree(s) and footprint2: D14 at 90.0 degree(s)
14:38:44: [INFO] Routing pad 'D14:1' at (287972500, 63502500) with pad 'D15:1' at (326072500, 64455000) using coordinate system rotated by 0 degree(s)
14:38:44: [INFO] Adding track segment (B.Cu): [(287972500, 63502500), (325120000, 63502500)]
14:38:44: [INFO] Adding track segment (B.Cu): [(325120000, 63502500), (326072500, 64455000)]
14:38:44: [INFO] Routing ROW7 pads
14:38:44: [WARNING] Could not route pads when parent footprints not rotated the same, footprint1: D52 at 90.0 degree(s) and footprint2: D53 at 78.0 degree(s)
14:38:44: [INFO] Routing pad 'D53:1' at (139552995, 128969060) with pad 'D54:1' at (176820419, 136890495) using coordinate system rotated by 282.0 degree(s)
14:38:44: [WARNING] Could not route pads when parent footprints not rotated the same, footprint1: D54 at 78.0 degree(s) and footprint2: D55 at 102.0 degree(s)
14:38:44: [WARNING] Could not route pads when parent footprints not rotated the same, footprint1: D55 at 102.0 degree(s) and footprint2: D56 at 90.0 degree(s)
14:38:44: [INFO] Routing pad 'D56:1' at (287020000, 121605000) with pad 'D57:1' at (332263750, 121605000) using coordinate system rotated by 0 degree(s)
14:38:44: [INFO] Adding track segment (B.Cu): [(287020000, 121605000), (332263750, 121605000)]
14:38:44: [INFO] Could not add track segment due to detected collision
14:38:44: [INFO] Routing pad 'D57:1' at (332263750, 121605000) with pad 'D58:1' at (361315000, 126367500) using coordinate system rotated by 0 degree(s)
14:38:44: [INFO] Adding track segment (B.Cu): [(332263750, 121605000), (337026250, 126367500)]
14:38:44: [INFO] Adding track segment (B.Cu): [(337026250, 126367500), (361315000, 126367500)]
14:38:44: [INFO] Removing dangling tracks
