=== kbplacer.kle_serial ===
=== layout2image.py ===
=== kbplacer ===
13:40:07: [INFO] User layout: https://editor.keyboard-tools.xyz/#share=NrDeCIGNwLgAnAYgOyreAvgGgQBi7uDhNPEpBZZjuAIxa1EL0BMTdWAzO-QCxMlYCRAEMx46sywBWHlgBsc5HIAccgJxzahGvVqNdDNsShCkadDQDuQlgDpc2KbW4BdLACgw4AB5Da0nYsNACeQgC0tEE0pMLiEjQAZiJCwPRw+Bk4mTnZeVlwtO4INvBRvDQAFv52vE7gFQEAOgB2re1tnR2tcACmhO5eEGHwuEHSSSnwacXgpYV20vXBOgjBBmtYxpvcNMH8ezLswYqHyodqh5qH2scMG+Dr2xDzUUs3bp7efmWBFQgjODhMYqeqcBj8QbeQHAuwBaw1ZDvBDg1bgcEPcHbdFcdjgg4oo40cGnQnnQmXQnXQm3Yn3ASmMgoCzkua2cZghifIa+fx-UIREExMyIShUTkBcBQ4aCuETBCxJDxMTseb2FjIhoEdgVbEVXYICoErWyGgVUla1kVSla6la2mG+kmNUOeqNbnffy8WoC+Cw0FmiFSr4yv1jeElGoa+oTVYvKOaiYbeNlDk0CbPRnCFms+byRYxhQMn4ZBzyrPkMXQQt2pNopNsaW8sqcH0A2UqYVM5UpQsudhJ41J2SuVxAA
13:40:07: [INFO] Labels prefixes: for rows: 'ROW', for columns: 'COL'
13:40:07: [INFO] Matrix size: 5x15
13:40:07: [WARNING] Requested width 1.4u not available for SW_Cherry_MX_PCB, using 1.0u fallback
13:40:07: [WARNING] No stabilizer footprint for width 2.25u, using 2u as fallback
13:40:07: [WARNING] No stabilizer footprint for width 2.25u, using 2u as fallback
13:40:07: [WARNING] Unexpected stabilizer width 6.5u, no footprint will be set
13:40:07: [INFO] Add COL0 net
13:40:07: [INFO] Add COL1 net
13:40:07: [INFO] Add COL10 net
13:40:07: [INFO] Add COL11 net
13:40:07: [INFO] Add COL12 net
13:40:07: [INFO] Add COL13 net
13:40:07: [INFO] Add COL14 net
13:40:07: [INFO] Add COL15 net
13:40:07: [INFO] Add COL2 net
13:40:07: [INFO] Add COL3 net
13:40:07: [INFO] Add COL4 net
13:40:07: [INFO] Add COL5 net
13:40:07: [INFO] Add COL6 net
13:40:07: [INFO] Add COL7 net
13:40:07: [INFO] Add COL8 net
13:40:07: [INFO] Add COL9 net
13:40:07: [INFO] Add Net-(D1-A) net
13:40:07: [INFO] Add Net-(D10-A) net
13:40:07: [INFO] Add Net-(D11-A) net
13:40:07: [INFO] Add Net-(D12-A) net
13:40:07: [INFO] Add Net-(D13-A) net
13:40:07: [INFO] Add Net-(D14-A) net
13:40:07: [INFO] Add Net-(D15-A) net
13:40:07: [INFO] Add Net-(D16-A) net
13:40:07: [INFO] Add Net-(D17-A) net
13:40:07: [INFO] Add Net-(D18-A) net
13:40:07: [INFO] Add Net-(D19-A) net
13:40:07: [INFO] Add Net-(D2-A) net
13:40:07: [INFO] Add Net-(D20-A) net
13:40:07: [INFO] Add Net-(D21-A) net
13:40:07: [INFO] Add Net-(D22-A) net
13:40:07: [INFO] Add Net-(D23-A) net
13:40:07: [INFO] Add Net-(D24-A) net
13:40:07: [INFO] Add Net-(D25-A) net
13:40:07: [INFO] Add Net-(D26-A) net
13:40:07: [INFO] Add Net-(D27-A) net
13:40:07: [INFO] Add Net-(D28-A) net
13:40:07: [INFO] Add Net-(D29-A) net
13:40:07: [INFO] Add Net-(D3-A) net
13:40:07: [INFO] Add Net-(D30-A) net
13:40:07: [INFO] Add Net-(D31-A) net
13:40:07: [INFO] Add Net-(D32-A) net
13:40:07: [INFO] Add Net-(D33-A) net
13:40:07: [INFO] Add Net-(D34-A) net
13:40:07: [INFO] Add Net-(D35-A) net
13:40:07: [INFO] Add Net-(D36-A) net
13:40:07: [INFO] Add Net-(D37-A) net
13:40:07: [INFO] Add Net-(D38-A) net
13:40:07: [INFO] Add Net-(D39-A) net
13:40:07: [INFO] Add Net-(D4-A) net
13:40:07: [INFO] Add Net-(D40-A) net
13:40:07: [INFO] Add Net-(D41-A) net
13:40:07: [INFO] Add Net-(D42-A) net
13:40:07: [INFO] Add Net-(D43-A) net
13:40:07: [INFO] Add Net-(D44-A) net
13:40:07: [INFO] Add Net-(D45-A) net
13:40:07: [INFO] Add Net-(D46-A) net
13:40:07: [INFO] Add Net-(D47-A) net
13:40:07: [INFO] Add Net-(D48-A) net
13:40:07: [INFO] Add Net-(D49-A) net
13:40:07: [INFO] Add Net-(D5-A) net
13:40:07: [INFO] Add Net-(D50-A) net
13:40:07: [INFO] Add Net-(D51-A) net
13:40:07: [INFO] Add Net-(D52-A) net
13:40:07: [INFO] Add Net-(D53-A) net
13:40:07: [INFO] Add Net-(D54-A) net
13:40:07: [INFO] Add Net-(D55-A) net
13:40:07: [INFO] Add Net-(D56-A) net
13:40:07: [INFO] Add Net-(D57-A) net
13:40:07: [INFO] Add Net-(D58-A) net
13:40:07: [INFO] Add Net-(D59-A) net
13:40:07: [INFO] Add Net-(D6-A) net
13:40:07: [INFO] Add Net-(D60-A) net
13:40:07: [INFO] Add Net-(D61-A) net
13:40:07: [INFO] Add Net-(D62-A) net
13:40:07: [INFO] Add Net-(D63-A) net
13:40:07: [INFO] Add Net-(D64-A) net
13:40:07: [INFO] Add Net-(D65-A) net
13:40:07: [INFO] Add Net-(D66-A) net
13:40:07: [INFO] Add Net-(D67-A) net
13:40:07: [INFO] Add Net-(D7-A) net
13:40:07: [INFO] Add Net-(D8-A) net
13:40:07: [INFO] Add Net-(D9-A) net
13:40:07: [INFO] Add ROW0 net
13:40:07: [INFO] Add ROW1 net
13:40:07: [INFO] Add ROW2 net
13:40:07: [INFO] Add ROW3 net
13:40:07: [INFO] Add ROW4 net
13:40:07: [INFO] Add ROW5 net
13:40:07: [INFO] Add SW1 footprint
13:40:08: [INFO] Add D1 footprint
13:40:08: [INFO] Add SW2 footprint
13:40:08: [INFO] Add D2 footprint
13:40:08: [INFO] Add SW3 footprint
13:40:08: [INFO] Add D3 footprint
13:40:08: [INFO] Add SW4 footprint
13:40:08: [INFO] Add D4 footprint
13:40:08: [INFO] Add SW5 footprint
13:40:08: [INFO] Add D5 footprint
13:40:08: [INFO] Add SW6 footprint
13:40:08: [INFO] Add D6 footprint
13:40:08: [INFO] Add SW7 footprint
13:40:08: [INFO] Add D7 footprint
13:40:08: [INFO] Add SW8 footprint
13:40:08: [INFO] Add D8 footprint
13:40:08: [INFO] Add SW9 footprint
13:40:08: [INFO] Add D9 footprint
13:40:08: [INFO] Add SW10 footprint
13:40:08: [INFO] Add D10 footprint
13:40:08: [INFO] Add SW11 footprint
13:40:08: [INFO] Add D11 footprint
13:40:08: [INFO] Add SW12 footprint
13:40:08: [INFO] Add D12 footprint
13:40:08: [INFO] Add SW13 footprint
13:40:08: [INFO] Add D13 footprint
13:40:08: [INFO] Add SW14 footprint
13:40:08: [INFO] Add D14 footprint
13:40:08: [INFO] Add ST14 footprint
13:40:08: [INFO] Add SW15 footprint
13:40:08: [INFO] Add D15 footprint
13:40:08: [INFO] Add SW16 footprint
13:40:08: [INFO] Add D16 footprint
13:40:08: [INFO] Add SW17 footprint
13:40:08: [INFO] Add D17 footprint
13:40:08: [INFO] Add SW18 footprint
13:40:08: [INFO] Add D18 footprint
13:40:08: [INFO] Add SW19 footprint
13:40:09: [INFO] Add D19 footprint
13:40:09: [INFO] Add SW20 footprint
13:40:09: [INFO] Add D20 footprint
13:40:09: [INFO] Add SW21 footprint
13:40:09: [INFO] Add D21 footprint
13:40:09: [INFO] Add SW22 footprint
13:40:09: [INFO] Add D22 footprint
13:40:09: [INFO] Add SW23 footprint
13:40:09: [INFO] Add D23 footprint
13:40:09: [INFO] Add SW24 footprint
13:40:09: [INFO] Add D24 footprint
13:40:09: [INFO] Add SW25 footprint
13:40:09: [INFO] Add D25 footprint
13:40:09: [INFO] Add SW26 footprint
13:40:09: [INFO] Add D26 footprint
13:40:09: [INFO] Add SW27 footprint
13:40:09: [INFO] Add D27 footprint
13:40:09: [INFO] Add SW28 footprint
13:40:09: [INFO] Add D28 footprint
13:40:09: [INFO] Add SW29 footprint
13:40:09: [INFO] Add D29 footprint
13:40:09: [INFO] Add SW30 footprint
13:40:09: [INFO] Add D30 footprint
13:40:09: [INFO] Add SW31 footprint
13:40:09: [INFO] Add D31 footprint
13:40:09: [INFO] Add SW32 footprint
13:40:09: [INFO] Add D32 footprint
13:40:09: [INFO] Add SW33 footprint
13:40:09: [INFO] Add D33 footprint
13:40:09: [INFO] Add SW34 footprint
13:40:09: [INFO] Add D34 footprint
13:40:09: [INFO] Add SW35 footprint
13:40:09: [INFO] Add D35 footprint
13:40:09: [INFO] Add SW36 footprint
13:40:09: [INFO] Add D36 footprint
13:40:09: [INFO] Add SW37 footprint
13:40:09: [INFO] Add D37 footprint
13:40:09: [INFO] Add SW38 footprint
13:40:09: [INFO] Add D38 footprint
13:40:10: [INFO] Add SW39 footprint
13:40:10: [INFO] Add D39 footprint
13:40:10: [INFO] Add SW40 footprint
13:40:10: [INFO] Add D40 footprint
13:40:10: [INFO] Add SW41 footprint
13:40:10: [INFO] Add D41 footprint
13:40:10: [WARNING] No stabilizer footprint for width 2.25u, using 2u as fallback
13:40:10: [INFO] Add ST41 footprint
13:40:10: [INFO] Add SW42 footprint
13:40:10: [INFO] Add D42 footprint
13:40:10: [INFO] Add SW43 footprint
13:40:10: [INFO] Add D43 footprint
13:40:10: [INFO] Add SW44 footprint
13:40:10: [INFO] Add D44 footprint
13:40:10: [WARNING] No stabilizer footprint for width 2.25u, using 2u as fallback
13:40:10: [INFO] Add ST44 footprint
13:40:10: [INFO] Add SW45 footprint
13:40:10: [INFO] Add D45 footprint
13:40:10: [INFO] Add SW46 footprint
13:40:10: [INFO] Add D46 footprint
13:40:10: [INFO] Add SW47 footprint
13:40:10: [INFO] Add D47 footprint
13:40:10: [INFO] Add SW48 footprint
13:40:10: [INFO] Add D48 footprint
13:40:10: [INFO] Add SW49 footprint
13:40:10: [INFO] Add D49 footprint
13:40:10: [INFO] Add SW50 footprint
13:40:10: [INFO] Add D50 footprint
13:40:10: [INFO] Add SW51 footprint
13:40:10: [INFO] Add D51 footprint
13:40:10: [INFO] Add SW52 footprint
13:40:10: [INFO] Add D52 footprint
13:40:10: [INFO] Add SW53 footprint
13:40:10: [INFO] Add D53 footprint
13:40:10: [INFO] Add SW54 footprint
13:40:10: [INFO] Add D54 footprint
13:40:10: [INFO] Add SW55 footprint
13:40:10: [INFO] Add D55 footprint
13:40:10: [INFO] Add ST55 footprint
13:40:10: [INFO] Add SW56 footprint
13:40:10: [INFO] Add D56 footprint
13:40:10: [WARNING] Requested width 1.4u not available for SW_Cherry_MX_PCB, using 1.0u fallback
13:40:10: [INFO] Add SW57 footprint
13:40:10: [INFO] Add D57 footprint
13:40:11: [INFO] Add SW58 footprint
13:40:11: [INFO] Add D58 footprint
13:40:11: [INFO] Add SW59 footprint
13:40:11: [INFO] Add D59 footprint
13:40:11: [INFO] Add SW60 footprint
13:40:11: [INFO] Add D60 footprint
13:40:11: [INFO] Add SW61 footprint
13:40:11: [INFO] Add D61 footprint
13:40:11: [WARNING] Unexpected stabilizer width 6.5u, no footprint will be set
13:40:11: [INFO] Add SW62 footprint
13:40:11: [INFO] Add D62 footprint
13:40:11: [INFO] Add SW63 footprint
13:40:11: [INFO] Add D63 footprint
13:40:11: [INFO] Add SW64 footprint
13:40:11: [INFO] Add D64 footprint
13:40:11: [INFO] Add SW65 footprint
13:40:11: [INFO] Add D65 footprint
13:40:11: [INFO] Add SW66 footprint
13:40:11: [INFO] Add D66 footprint
13:40:11: [INFO] Add SW67 footprint
13:40:11: [INFO] Add D67 footprint
13:40:11: [INFO] Detected layout convertible to matrix annotated keyboard
13:40:11: [INFO] Using key 1U distance: (19.05, 19.05) mm
13:40:11: [INFO] Layout offset: (28575000, 28575000)
13:40:11: [INFO] Diode info: [ElementInfo(annotation_format='D{}', position_option=<PositionOption.CUSTOM: 'Custom'>, position=ElementPosition(x=5.08, y=4.0, orientation=90.0, side=<Side.BACK: 'Back'>), template_path='', start_index=-1)]
13:40:11: [INFO] Placing additional elements for SW67
13:40:11: [INFO] Placing additional elements for SW66
13:40:11: [INFO] Placing additional elements for SW65
13:40:11: [INFO] Placing additional elements for SW64
13:40:11: [INFO] Placing additional elements for SW63
13:40:11: [INFO] Placing additional elements for SW62
13:40:11: [INFO] Placing additional elements for SW61
13:40:11: [INFO] Placing additional elements for SW60
13:40:11: [INFO] Placing additional elements for SW59
13:40:11: [INFO] Placing additional elements for SW58
13:40:11: [INFO] Placing additional elements for SW57
13:40:11: [INFO] Placing additional elements for SW56
13:40:11: [INFO] Placing additional elements for SW55
13:40:11: [INFO] Placing additional elements for SW54
13:40:11: [INFO] Placing additional elements for SW53
13:40:11: [INFO] Placing additional elements for SW52
13:40:11: [INFO] Placing additional elements for SW51
13:40:11: [INFO] Placing additional elements for SW50
13:40:11: [INFO] Placing additional elements for SW49
13:40:11: [INFO] Placing additional elements for SW48
13:40:11: [INFO] Placing additional elements for SW47
13:40:11: [INFO] Placing additional elements for SW46
13:40:11: [INFO] Placing additional elements for SW45
13:40:11: [INFO] Placing additional elements for SW44
13:40:11: [INFO] Placing additional elements for SW43
13:40:11: [INFO] Placing additional elements for SW42
13:40:11: [INFO] Placing additional elements for SW41
13:40:11: [INFO] Placing additional elements for SW40
13:40:11: [INFO] Placing additional elements for SW39
13:40:11: [INFO] Placing additional elements for SW38
13:40:11: [INFO] Placing additional elements for SW37
13:40:11: [INFO] Placing additional elements for SW36
13:40:11: [INFO] Placing additional elements for SW35
13:40:11: [INFO] Placing additional elements for SW34
13:40:11: [INFO] Placing additional elements for SW33
13:40:11: [INFO] Placing additional elements for SW32
13:40:11: [INFO] Placing additional elements for SW31
13:40:11: [INFO] Placing additional elements for SW30
13:40:11: [INFO] Placing additional elements for SW29
13:40:11: [INFO] Placing additional elements for SW28
13:40:11: [INFO] Placing additional elements for SW27
13:40:11: [INFO] Placing additional elements for SW26
13:40:11: [INFO] Placing additional elements for SW25
13:40:11: [INFO] Placing additional elements for SW24
13:40:11: [INFO] Placing additional elements for SW23
13:40:11: [INFO] Placing additional elements for SW22
13:40:11: [INFO] Placing additional elements for SW21
13:40:11: [INFO] Placing additional elements for SW20
13:40:11: [INFO] Placing additional elements for SW19
13:40:11: [INFO] Placing additional elements for SW18
13:40:11: [INFO] Placing additional elements for SW17
13:40:11: [INFO] Placing additional elements for SW16
13:40:11: [INFO] Placing additional elements for SW15
13:40:11: [INFO] Placing additional elements for SW14
13:40:11: [INFO] Placing additional elements for SW13
13:40:11: [INFO] Placing additional elements for SW12
13:40:11: [INFO] Placing additional elements for SW11
13:40:11: [INFO] Placing additional elements for SW10
13:40:11: [INFO] Placing additional elements for SW9
13:40:11: [INFO] Placing additional elements for SW8
13:40:11: [INFO] Placing additional elements for SW7
13:40:11: [INFO] Placing additional elements for SW6
13:40:11: [INFO] Placing additional elements for SW5
13:40:11: [INFO] Placing additional elements for SW4
13:40:11: [INFO] Placing additional elements for SW3
13:40:11: [INFO] Placing additional elements for SW2
13:40:11: [INFO] Placing additional elements for SW1
13:40:11: [INFO] Routing SW67 with D67
13:40:11: [INFO] Using internal autorouter method
13:40:11: [INFO] Routing pad 'SW67:2' at (334010000, 116840000) with pad 'D67:2' at (336550000, 124520000) using coordinate system rotated by 0 degree(s)
13:40:11: [INFO] Adding track segment (B.Cu): [(334010000, 116840000), (334010000, 121980000)]
13:40:11: [INFO] Adding track segment (B.Cu): [(334010000, 121980000), (336550000, 124520000)]
13:40:11: [INFO] Routing SW66 with D66
13:40:11: [INFO] Using internal autorouter method
13:40:11: [INFO] Routing pad 'SW66:2' at (314960000, 116840000) with pad 'D66:2' at (317500000, 124520000) using coordinate system rotated by 0 degree(s)
13:40:11: [INFO] Adding track segment (B.Cu): [(314960000, 116840000), (314960000, 121980000)]
13:40:11: [INFO] Adding track segment (B.Cu): [(314960000, 121980000), (317500000, 124520000)]
13:40:11: [INFO] Routing SW65 with D65
13:40:11: [INFO] Using internal autorouter method
13:40:11: [INFO] Routing pad 'SW65:2' at (295910000, 116840000) with pad 'D65:2' at (298450000, 124520000) using coordinate system rotated by 0 degree(s)
13:40:11: [INFO] Adding track segment (B.Cu): [(295910000, 116840000), (295910000, 121980000)]
13:40:11: [INFO] Adding track segment (B.Cu): [(295910000, 121980000), (298450000, 124520000)]
13:40:11: [INFO] Routing SW64 with D64
13:40:11: [INFO] Using internal autorouter method
13:40:11: [INFO] Routing pad 'SW64:2' at (274955000, 113030000) with pad 'D64:2' at (277495000, 120710000) using coordinate system rotated by 0 degree(s)
13:40:11: [INFO] Adding track segment (B.Cu): [(274955000, 113030000), (274955000, 118170000)]
13:40:11: [INFO] Adding track segment (B.Cu): [(274955000, 118170000), (277495000, 120710000)]
13:40:11: [INFO] Routing SW63 with D63
13:40:11: [INFO] Using internal autorouter method
13:40:11: [INFO] Routing pad 'SW63:2' at (255905000, 113030000) with pad 'D63:2' at (258445000, 120710000) using coordinate system rotated by 0 degree(s)
13:40:11: [INFO] Adding track segment (B.Cu): [(255905000, 113030000), (255905000, 118170000)]
13:40:11: [INFO] Adding track segment (B.Cu): [(255905000, 118170000), (258445000, 120710000)]
13:40:11: [INFO] Routing SW62 with D62
13:40:11: [INFO] Using internal autorouter method
13:40:11: [INFO] Routing pad 'SW62:2' at (236855000, 113030000) with pad 'D62:2' at (239395000, 120710000) using coordinate system rotated by 0 degree(s)
13:40:11: [INFO] Adding track segment (B.Cu): [(236855000, 113030000), (236855000, 118170000)]
13:40:11: [INFO] Adding track segment (B.Cu): [(236855000, 118170000), (239395000, 120710000)]
13:40:11: [INFO] Routing SW61 with D61
13:40:11: [INFO] Using internal autorouter method
13:40:11: [INFO] Routing pad 'SW61:2' at (164465000, 113030000) with pad 'D61:2' at (167005000, 120710000) using coordinate system rotated by 0 degree(s)
13:40:11: [INFO] Adding track segment (B.Cu): [(164465000, 113030000), (164465000, 118170000)]
13:40:11: [INFO] Adding track segment (B.Cu): [(164465000, 118170000), (167005000, 120710000)]
13:40:11: [INFO] Routing SW60 with D60
13:40:11: [INFO] Using internal autorouter method
13:40:11: [INFO] Routing pad 'SW60:2' at (90646250, 113030000) with pad 'D60:2' at (93186250, 120710000) using coordinate system rotated by 0 degree(s)
13:40:11: [INFO] Adding track segment (B.Cu): [(90646250, 113030000), (90646250, 118170000)]
13:40:11: [INFO] Adding track segment (B.Cu): [(90646250, 118170000), (93186250, 120710000)]
13:40:11: [INFO] Routing SW59 with D59
13:40:11: [INFO] Using internal autorouter method
13:40:11: [INFO] Routing pad 'SW59:2' at (66833750, 113030000) with pad 'D59:2' at (69373750, 120710000) using coordinate system rotated by 0 degree(s)
13:40:11: [INFO] Adding track segment (B.Cu): [(66833750, 113030000), (66833750, 118170000)]
13:40:11: [INFO] Adding track segment (B.Cu): [(66833750, 118170000), (69373750, 120710000)]
13:40:11: [INFO] Routing SW58 with D58
13:40:11: [INFO] Using internal autorouter method
13:40:11: [INFO] Routing pad 'SW58:2' at (43021250, 113030000) with pad 'D58:2' at (45561250, 120710000) using coordinate system rotated by 0 degree(s)
13:40:11: [INFO] Adding track segment (B.Cu): [(43021250, 113030000), (43021250, 118170000)]
13:40:11: [INFO] Adding track segment (B.Cu): [(43021250, 118170000), (45561250, 120710000)]
13:40:11: [INFO] Routing SW57 with D57
13:40:11: [INFO] Using internal autorouter method
13:40:11: [INFO] Routing pad 'SW57:2' at (334010000, 33019999) with pad 'D57:2' at (336550000, 40699999) using coordinate system rotated by 0 degree(s)
13:40:11: [INFO] Adding track segment (B.Cu): [(334010000, 33019999), (334010000, 38159999)]
13:40:11: [INFO] Adding track segment (B.Cu): [(334010000, 38159999), (336550000, 40699999)]
13:40:11: [INFO] Routing SW56 with D56
13:40:11: [INFO] Using internal autorouter method
13:40:11: [INFO] Routing pad 'SW56:2' at (314960000, 96837500) with pad 'D56:2' at (317500000, 104517500) using coordinate system rotated by 0 degree(s)
13:40:11: [INFO] Adding track segment (B.Cu): [(314960000, 96837500), (314960000, 101977500)]
13:40:11: [INFO] Adding track segment (B.Cu): [(314960000, 101977500), (317500000, 104517500)]
13:40:11: [INFO] Routing SW55 with D55
13:40:11: [INFO] Using internal autorouter method
13:40:11: [INFO] Routing pad 'SW55:2' at (283527500, 93027500) with pad 'D55:2' at (286067500, 100707500) using coordinate system rotated by 0 degree(s)
13:40:11: [INFO] Adding track segment (B.Cu): [(283527500, 93027500), (283527500, 98167500)]
13:40:11: [INFO] Adding track segment (B.Cu): [(283527500, 98167500), (286067500, 100707500)]
13:40:11: [INFO] Routing SW54 with D54
13:40:11: [INFO] Using internal autorouter method
13:40:11: [INFO] Routing pad 'SW54:2' at (254952500, 93027500) with pad 'D54:2' at (257492500, 100707500) using coordinate system rotated by 0 degree(s)
13:40:11: [INFO] Adding track segment (B.Cu): [(254952500, 93027500), (254952500, 98167500)]
13:40:11: [INFO] Adding track segment (B.Cu): [(254952500, 98167500), (257492500, 100707500)]
13:40:11: [INFO] Routing SW53 with D53
13:40:11: [INFO] Using internal autorouter method
13:40:11: [INFO] Routing pad 'SW53:2' at (235902500, 93027500) with pad 'D53:2' at (238442500, 100707500) using coordinate system rotated by 0 degree(s)
13:40:11: [INFO] Adding track segment (B.Cu): [(235902500, 93027500), (235902500, 98167500)]
13:40:11: [INFO] Adding track segment (B.Cu): [(235902500, 98167500), (238442500, 100707500)]
13:40:11: [INFO] Routing SW52 with D52
13:40:11: [INFO] Using internal autorouter method
13:40:11: [INFO] Routing pad 'SW52:2' at (216852500, 93027500) with pad 'D52:2' at (219392500, 100707500) using coordinate system rotated by 0 degree(s)
13:40:11: [INFO] Adding track segment (B.Cu): [(216852500, 93027500), (216852500, 98167500)]
13:40:11: [INFO] Adding track segment (B.Cu): [(216852500, 98167500), (219392500, 100707500)]
13:40:11: [INFO] Routing SW51 with D51
13:40:11: [INFO] Using internal autorouter method
13:40:11: [INFO] Routing pad 'SW51:2' at (197802500, 93027500) with pad 'D51:2' at (200342500, 100707500) using coordinate system rotated by 0 degree(s)
13:40:11: [INFO] Adding track segment (B.Cu): [(197802500, 93027500), (197802500, 98167500)]
13:40:11: [INFO] Adding track segment (B.Cu): [(197802500, 98167500), (200342500, 100707500)]
13:40:11: [INFO] Routing SW50 with D50
13:40:11: [INFO] Using internal autorouter method
13:40:11: [INFO] Routing pad 'SW50:2' at (178752500, 93027500) with pad 'D50:2' at (181292500, 100707500) using coordinate system rotated by 0 degree(s)
13:40:11: [INFO] Adding track segment (B.Cu): [(178752500, 93027500), (178752500, 98167500)]
13:40:11: [INFO] Adding track segment (B.Cu): [(178752500, 98167500), (181292500, 100707500)]
13:40:11: [INFO] Routing SW49 with D49
13:40:11: [INFO] Using internal autorouter method
13:40:11: [INFO] Routing pad 'SW49:2' at (159702500, 93027500) with pad 'D49:2' at (162242500, 100707500) using coordinate system rotated by 0 degree(s)
13:40:11: [INFO] Adding track segment (B.Cu): [(159702500, 93027500), (159702500, 98167500)]
13:40:11: [INFO] Adding track segment (B.Cu): [(159702500, 98167500), (162242500, 100707500)]
13:40:11: [INFO] Routing SW48 with D48
13:40:11: [INFO] Using internal autorouter method
13:40:11: [INFO] Routing pad 'SW48:2' at (140652500, 93027500) with pad 'D48:2' at (143192500, 100707500) using coordinate system rotated by 0 degree(s)
13:40:11: [INFO] Adding track segment (B.Cu): [(140652500, 93027500), (140652500, 98167500)]
13:40:11: [INFO] Adding track segment (B.Cu): [(140652500, 98167500), (143192500, 100707500)]
13:40:11: [INFO] Routing SW47 with D47
13:40:11: [INFO] Using internal autorouter method
13:40:11: [INFO] Routing pad 'SW47:2' at (121602500, 93027500) with pad 'D47:2' at (124142500, 100707500) using coordinate system rotated by 0 degree(s)
13:40:11: [INFO] Adding track segment (B.Cu): [(121602500, 93027500), (121602500, 98167500)]
13:40:11: [INFO] Adding track segment (B.Cu): [(121602500, 98167500), (124142500, 100707500)]
13:40:11: [INFO] Routing SW46 with D46
13:40:11: [INFO] Using internal autorouter method
13:40:11: [INFO] Routing pad 'SW46:2' at (102552500, 93027500) with pad 'D46:2' at (105092500, 100707500) using coordinate system rotated by 0 degree(s)
13:40:11: [INFO] Adding track segment (B.Cu): [(102552500, 93027500), (102552500, 98167500)]
13:40:11: [INFO] Adding track segment (B.Cu): [(102552500, 98167500), (105092500, 100707500)]
13:40:11: [INFO] Routing SW45 with D45
13:40:11: [INFO] Using internal autorouter method
13:40:11: [INFO] Routing pad 'SW45:2' at (83502500, 93027500) with pad 'D45:2' at (86042500, 100707500) using coordinate system rotated by 0 degree(s)
13:40:11: [INFO] Adding track segment (B.Cu): [(83502500, 93027500), (83502500, 98167500)]
13:40:11: [INFO] Adding track segment (B.Cu): [(83502500, 98167500), (86042500, 100707500)]
13:40:11: [INFO] Routing SW44 with D44
13:40:11: [INFO] Using internal autorouter method
13:40:11: [INFO] Routing pad 'SW44:2' at (52546250, 93027500) with pad 'D44:2' at (55086250, 100707500) using coordinate system rotated by 0 degree(s)
13:40:11: [INFO] Adding track segment (B.Cu): [(52546250, 93027500), (52546250, 98167500)]
13:40:11: [INFO] Adding track segment (B.Cu): [(52546250, 98167500), (55086250, 100707500)]
13:40:11: [INFO] Routing SW43 with D43
13:40:11: [INFO] Using internal autorouter method
13:40:11: [INFO] Routing pad 'SW43:2' at (334010000, 76835000) with pad 'D43:2' at (336550000, 84515000) using coordinate system rotated by 0 degree(s)
13:40:11: [INFO] Adding track segment (B.Cu): [(334010000, 76835000), (334010000, 81975000)]
13:40:11: [INFO] Adding track segment (B.Cu): [(334010000, 81975000), (336550000, 84515000)]
13:40:11: [INFO] Routing SW42 with D42
13:40:11: [INFO] Using internal autorouter method
13:40:11: [INFO] Routing pad 'SW42:2' at (334010000, 56832500) with pad 'D42:2' at (336550000, 64512500) using coordinate system rotated by 0 degree(s)
13:40:11: [INFO] Adding track segment (B.Cu): [(334010000, 56832500), (334010000, 61972500)]
13:40:11: [INFO] Adding track segment (B.Cu): [(334010000, 61972500), (336550000, 64512500)]
13:40:11: [INFO] Routing SW41 with D41
13:40:11: [INFO] Using internal autorouter method
13:40:11: [INFO] Routing pad 'SW41:2' at (295433750, 73025000) with pad 'D41:2' at (297973750, 80705000) using coordinate system rotated by 0 degree(s)
13:40:12: [INFO] Adding track segment (B.Cu): [(295433750, 73025000), (295433750, 78165000)]
13:40:12: [INFO] Adding track segment (B.Cu): [(295433750, 78165000), (297973750, 80705000)]
13:40:12: [INFO] Routing SW40 with D40
13:40:12: [INFO] Using internal autorouter method
13:40:12: [INFO] Routing pad 'SW40:2' at (264477500, 73025000) with pad 'D40:2' at (267017500, 80705000) using coordinate system rotated by 0 degree(s)
13:40:12: [INFO] Adding track segment (B.Cu): [(264477500, 73025000), (264477500, 78165000)]
13:40:12: [INFO] Adding track segment (B.Cu): [(264477500, 78165000), (267017500, 80705000)]
13:40:12: [INFO] Routing SW39 with D39
13:40:12: [INFO] Using internal autorouter method
13:40:12: [INFO] Routing pad 'SW39:2' at (245427500, 73025000) with pad 'D39:2' at (247967500, 80705000) using coordinate system rotated by 0 degree(s)
13:40:12: [INFO] Adding track segment (B.Cu): [(245427500, 73025000), (245427500, 78165000)]
13:40:12: [INFO] Adding track segment (B.Cu): [(245427500, 78165000), (247967500, 80705000)]
13:40:12: [INFO] Routing SW38 with D38
13:40:12: [INFO] Using internal autorouter method
13:40:12: [INFO] Routing pad 'SW38:2' at (226377500, 73025000) with pad 'D38:2' at (228917500, 80705000) using coordinate system rotated by 0 degree(s)
13:40:12: [INFO] Adding track segment (B.Cu): [(226377500, 73025000), (226377500, 78165000)]
13:40:12: [INFO] Adding track segment (B.Cu): [(226377500, 78165000), (228917500, 80705000)]
13:40:12: [INFO] Routing SW37 with D37
13:40:12: [INFO] Using internal autorouter method
13:40:12: [INFO] Routing pad 'SW37:2' at (207327500, 73025000) with pad 'D37:2' at (209867500, 80705000) using coordinate system rotated by 0 degree(s)
13:40:12: [INFO] Adding track segment (B.Cu): [(207327500, 73025000), (207327500, 78165000)]
13:40:12: [INFO] Adding track segment (B.Cu): [(207327500, 78165000), (209867500, 80705000)]
13:40:12: [INFO] Routing SW36 with D36
13:40:12: [INFO] Using internal autorouter method
13:40:12: [INFO] Routing pad 'SW36:2' at (188277500, 73025000) with pad 'D36:2' at (190817500, 80705000) using coordinate system rotated by 0 degree(s)
13:40:12: [INFO] Adding track segment (B.Cu): [(188277500, 73025000), (188277500, 78165000)]
13:40:12: [INFO] Adding track segment (B.Cu): [(188277500, 78165000), (190817500, 80705000)]
13:40:12: [INFO] Routing SW35 with D35
13:40:12: [INFO] Using internal autorouter method
13:40:12: [INFO] Routing pad 'SW35:2' at (169227500, 73025000) with pad 'D35:2' at (171767500, 80705000) using coordinate system rotated by 0 degree(s)
13:40:12: [INFO] Adding track segment (B.Cu): [(169227500, 73025000), (169227500, 78165000)]
13:40:12: [INFO] Adding track segment (B.Cu): [(169227500, 78165000), (171767500, 80705000)]
13:40:12: [INFO] Routing SW34 with D34
13:40:12: [INFO] Using internal autorouter method
13:40:12: [INFO] Routing pad 'SW34:2' at (150177500, 73025000) with pad 'D34:2' at (152717500, 80705000) using coordinate system rotated by 0 degree(s)
13:40:12: [INFO] Adding track segment (B.Cu): [(150177500, 73025000), (150177500, 78165000)]
13:40:12: [INFO] Adding track segment (B.Cu): [(150177500, 78165000), (152717500, 80705000)]
13:40:12: [INFO] Routing SW33 with D33
13:40:12: [INFO] Using internal autorouter method
13:40:12: [INFO] Routing pad 'SW33:2' at (131127500, 73025000) with pad 'D33:2' at (133667500, 80705000) using coordinate system rotated by 0 degree(s)
13:40:12: [INFO] Adding track segment (B.Cu): [(131127500, 73025000), (131127500, 78165000)]
13:40:12: [INFO] Adding track segment (B.Cu): [(131127500, 78165000), (133667500, 80705000)]
13:40:12: [INFO] Routing SW32 with D32
13:40:12: [INFO] Using internal autorouter method
13:40:12: [INFO] Routing pad 'SW32:2' at (112077500, 73025000) with pad 'D32:2' at (114617500, 80705000) using coordinate system rotated by 0 degree(s)
13:40:12: [INFO] Adding track segment (B.Cu): [(112077500, 73025000), (112077500, 78165000)]
13:40:12: [INFO] Adding track segment (B.Cu): [(112077500, 78165000), (114617500, 80705000)]
13:40:12: [INFO] Routing SW31 with D31
13:40:12: [INFO] Using internal autorouter method
13:40:12: [INFO] Routing pad 'SW31:2' at (93027500, 73025000) with pad 'D31:2' at (95567500, 80705000) using coordinate system rotated by 0 degree(s)
13:40:12: [INFO] Adding track segment (B.Cu): [(93027500, 73025000), (93027500, 78165000)]
13:40:12: [INFO] Adding track segment (B.Cu): [(93027500, 78165000), (95567500, 80705000)]
13:40:12: [INFO] Routing SW30 with D30
13:40:12: [INFO] Using internal autorouter method
13:40:12: [INFO] Routing pad 'SW30:2' at (73977500, 73025000) with pad 'D30:2' at (76517500, 80705000) using coordinate system rotated by 0 degree(s)
13:40:12: [INFO] Adding track segment (B.Cu): [(73977500, 73025000), (73977500, 78165000)]
13:40:12: [INFO] Adding track segment (B.Cu): [(73977500, 78165000), (76517500, 80705000)]
13:40:12: [INFO] Routing SW29 with D29
13:40:12: [INFO] Using internal autorouter method
13:40:12: [INFO] Routing pad 'SW29:2' at (47783750, 73025000) with pad 'D29:2' at (50323750, 80705000) using coordinate system rotated by 0 degree(s)
13:40:12: [INFO] Adding track segment (B.Cu): [(47783750, 73025000), (47783750, 78165000)]
13:40:12: [INFO] Adding track segment (B.Cu): [(47783750, 78165000), (50323750, 80705000)]
13:40:12: [INFO] Routing SW28 with D28
13:40:12: [INFO] Using internal autorouter method
13:40:12: [INFO] Routing pad 'SW28:2' at (302577500, 53022500) with pad 'D28:2' at (305117500, 60702500) using coordinate system rotated by 0 degree(s)
13:40:12: [INFO] Adding track segment (B.Cu): [(302577500, 53022500), (302577500, 58162500)]
13:40:12: [INFO] Adding track segment (B.Cu): [(302577500, 58162500), (305117500, 60702500)]
13:40:12: [INFO] Routing SW27 with D27
13:40:12: [INFO] Using internal autorouter method
13:40:12: [INFO] Routing pad 'SW27:2' at (278765000, 53022500) with pad 'D27:2' at (281305000, 60702500) using coordinate system rotated by 0 degree(s)
13:40:12: [INFO] Adding track segment (B.Cu): [(278765000, 53022500), (278765000, 58162500)]
13:40:12: [INFO] Adding track segment (B.Cu): [(278765000, 58162500), (281305000, 60702500)]
13:40:12: [INFO] Routing SW26 with D26
13:40:12: [INFO] Using internal autorouter method
13:40:12: [INFO] Routing pad 'SW26:2' at (259715000, 53022500) with pad 'D26:2' at (262255000, 60702500) using coordinate system rotated by 0 degree(s)
13:40:12: [INFO] Adding track segment (B.Cu): [(259715000, 53022500), (259715000, 58162500)]
13:40:12: [INFO] Adding track segment (B.Cu): [(259715000, 58162500), (262255000, 60702500)]
13:40:12: [INFO] Routing SW25 with D25
13:40:12: [INFO] Using internal autorouter method
13:40:12: [INFO] Routing pad 'SW25:2' at (240665000, 53022500) with pad 'D25:2' at (243205000, 60702500) using coordinate system rotated by 0 degree(s)
13:40:12: [INFO] Adding track segment (B.Cu): [(240665000, 53022500), (240665000, 58162500)]
13:40:12: [INFO] Adding track segment (B.Cu): [(240665000, 58162500), (243205000, 60702500)]
13:40:12: [INFO] Routing SW24 with D24
13:40:12: [INFO] Using internal autorouter method
13:40:12: [INFO] Routing pad 'SW24:2' at (221615000, 53022500) with pad 'D24:2' at (224155000, 60702500) using coordinate system rotated by 0 degree(s)
13:40:12: [INFO] Adding track segment (B.Cu): [(221615000, 53022500), (221615000, 58162500)]
13:40:12: [INFO] Adding track segment (B.Cu): [(221615000, 58162500), (224155000, 60702500)]
13:40:12: [INFO] Routing SW23 with D23
13:40:12: [INFO] Using internal autorouter method
13:40:12: [INFO] Routing pad 'SW23:2' at (202565000, 53022500) with pad 'D23:2' at (205105000, 60702500) using coordinate system rotated by 0 degree(s)
13:40:12: [INFO] Adding track segment (B.Cu): [(202565000, 53022500), (202565000, 58162500)]
13:40:12: [INFO] Adding track segment (B.Cu): [(202565000, 58162500), (205105000, 60702500)]
13:40:12: [INFO] Routing SW22 with D22
13:40:12: [INFO] Using internal autorouter method
13:40:12: [INFO] Routing pad 'SW22:2' at (183515000, 53022500) with pad 'D22:2' at (186055000, 60702500) using coordinate system rotated by 0 degree(s)
13:40:12: [INFO] Adding track segment (B.Cu): [(183515000, 53022500), (183515000, 58162500)]
13:40:12: [INFO] Adding track segment (B.Cu): [(183515000, 58162500), (186055000, 60702500)]
13:40:12: [INFO] Routing SW21 with D21
13:40:12: [INFO] Using internal autorouter method
13:40:12: [INFO] Routing pad 'SW21:2' at (164465000, 53022500) with pad 'D21:2' at (167005000, 60702500) using coordinate system rotated by 0 degree(s)
13:40:12: [INFO] Adding track segment (B.Cu): [(164465000, 53022500), (164465000, 58162500)]
13:40:12: [INFO] Adding track segment (B.Cu): [(164465000, 58162500), (167005000, 60702500)]
13:40:12: [INFO] Routing SW20 with D20
13:40:12: [INFO] Using internal autorouter method
13:40:12: [INFO] Routing pad 'SW20:2' at (145415000, 53022500) with pad 'D20:2' at (147955000, 60702500) using coordinate system rotated by 0 degree(s)
13:40:12: [INFO] Adding track segment (B.Cu): [(145415000, 53022500), (145415000, 58162500)]
13:40:12: [INFO] Adding track segment (B.Cu): [(145415000, 58162500), (147955000, 60702500)]
13:40:12: [INFO] Routing SW19 with D19
13:40:12: [INFO] Using internal autorouter method
13:40:12: [INFO] Routing pad 'SW19:2' at (126365000, 53022500) with pad 'D19:2' at (128905000, 60702500) using coordinate system rotated by 0 degree(s)
13:40:12: [INFO] Adding track segment (B.Cu): [(126365000, 53022500), (126365000, 58162500)]
13:40:12: [INFO] Adding track segment (B.Cu): [(126365000, 58162500), (128905000, 60702500)]
13:40:12: [INFO] Routing SW18 with D18
13:40:12: [INFO] Using internal autorouter method
13:40:12: [INFO] Routing pad 'SW18:2' at (107315000, 53022500) with pad 'D18:2' at (109855000, 60702500) using coordinate system rotated by 0 degree(s)
13:40:12: [INFO] Adding track segment (B.Cu): [(107315000, 53022500), (107315000, 58162500)]
13:40:12: [INFO] Adding track segment (B.Cu): [(107315000, 58162500), (109855000, 60702500)]
13:40:12: [INFO] Routing SW17 with D17
13:40:12: [INFO] Using internal autorouter method
13:40:12: [INFO] Routing pad 'SW17:2' at (88265000, 53022500) with pad 'D17:2' at (90805000, 60702500) using coordinate system rotated by 0 degree(s)
13:40:12: [INFO] Adding track segment (B.Cu): [(88265000, 53022500), (88265000, 58162500)]
13:40:12: [INFO] Adding track segment (B.Cu): [(88265000, 58162500), (90805000, 60702500)]
13:40:12: [INFO] Routing SW16 with D16
13:40:12: [INFO] Using internal autorouter method
13:40:12: [INFO] Routing pad 'SW16:2' at (69215000, 53022500) with pad 'D16:2' at (71755000, 60702500) using coordinate system rotated by 0 degree(s)
13:40:12: [INFO] Adding track segment (B.Cu): [(69215000, 53022500), (69215000, 58162500)]
13:40:12: [INFO] Adding track segment (B.Cu): [(69215000, 58162500), (71755000, 60702500)]
13:40:12: [INFO] Routing SW15 with D15
13:40:12: [INFO] Using internal autorouter method
13:40:12: [INFO] Routing pad 'SW15:2' at (45402500, 53022500) with pad 'D15:2' at (47942500, 60702500) using coordinate system rotated by 0 degree(s)
13:40:12: [INFO] Adding track segment (B.Cu): [(45402500, 53022500), (45402500, 58162500)]
13:40:12: [INFO] Adding track segment (B.Cu): [(45402500, 58162500), (47942500, 60702500)]
13:40:12: [INFO] Routing SW14 with D14
13:40:12: [INFO] Using internal autorouter method
13:40:12: [INFO] Routing pad 'SW14:2' at (297815000, 33020000) with pad 'D14:2' at (300355000, 40700000) using coordinate system rotated by 0 degree(s)
13:40:12: [INFO] Adding track segment (B.Cu): [(297815000, 33020000), (297815000, 38160000)]
13:40:12: [INFO] Adding track segment (B.Cu): [(297815000, 38160000), (300355000, 40700000)]
13:40:12: [INFO] Routing SW13 with D13
13:40:12: [INFO] Using internal autorouter method
13:40:12: [INFO] Routing pad 'SW13:2' at (269240000, 33020000) with pad 'D13:2' at (271780000, 40700000) using coordinate system rotated by 0 degree(s)
13:40:12: [INFO] Adding track segment (B.Cu): [(269240000, 33020000), (269240000, 38160000)]
13:40:12: [INFO] Adding track segment (B.Cu): [(269240000, 38160000), (271780000, 40700000)]
13:40:12: [INFO] Routing SW12 with D12
13:40:12: [INFO] Using internal autorouter method
13:40:12: [INFO] Routing pad 'SW12:2' at (250190000, 33020000) with pad 'D12:2' at (252730000, 40700000) using coordinate system rotated by 0 degree(s)
13:40:12: [INFO] Adding track segment (B.Cu): [(250190000, 33020000), (250190000, 38160000)]
13:40:12: [INFO] Adding track segment (B.Cu): [(250190000, 38160000), (252730000, 40700000)]
13:40:12: [INFO] Routing SW11 with D11
13:40:12: [INFO] Using internal autorouter method
13:40:12: [INFO] Routing pad 'SW11:2' at (231140000, 33020000) with pad 'D11:2' at (233680000, 40700000) using coordinate system rotated by 0 degree(s)
13:40:12: [INFO] Adding track segment (B.Cu): [(231140000, 33020000), (231140000, 38160000)]
13:40:12: [INFO] Adding track segment (B.Cu): [(231140000, 38160000), (233680000, 40700000)]
13:40:12: [INFO] Routing SW10 with D10
13:40:12: [INFO] Using internal autorouter method
13:40:12: [INFO] Routing pad 'SW10:2' at (212090000, 33020000) with pad 'D10:2' at (214630000, 40700000) using coordinate system rotated by 0 degree(s)
13:40:12: [INFO] Adding track segment (B.Cu): [(212090000, 33020000), (212090000, 38160000)]
13:40:12: [INFO] Adding track segment (B.Cu): [(212090000, 38160000), (214630000, 40700000)]
13:40:12: [INFO] Routing SW9 with D9
13:40:12: [INFO] Using internal autorouter method
13:40:12: [INFO] Routing pad 'SW9:2' at (193040000, 33020000) with pad 'D9:2' at (195580000, 40700000) using coordinate system rotated by 0 degree(s)
13:40:12: [INFO] Adding track segment (B.Cu): [(193040000, 33020000), (193040000, 38160000)]
13:40:12: [INFO] Adding track segment (B.Cu): [(193040000, 38160000), (195580000, 40700000)]
13:40:12: [INFO] Routing SW8 with D8
13:40:12: [INFO] Using internal autorouter method
13:40:12: [INFO] Routing pad 'SW8:2' at (173990000, 33020000) with pad 'D8:2' at (176530000, 40700000) using coordinate system rotated by 0 degree(s)
13:40:12: [INFO] Adding track segment (B.Cu): [(173990000, 33020000), (173990000, 38160000)]
13:40:12: [INFO] Adding track segment (B.Cu): [(173990000, 38160000), (176530000, 40700000)]
13:40:12: [INFO] Routing SW7 with D7
13:40:12: [INFO] Using internal autorouter method
13:40:12: [INFO] Routing pad 'SW7:2' at (154940000, 33020000) with pad 'D7:2' at (157480000, 40700000) using coordinate system rotated by 0 degree(s)
13:40:12: [INFO] Adding track segment (B.Cu): [(154940000, 33020000), (154940000, 38160000)]
13:40:12: [INFO] Adding track segment (B.Cu): [(154940000, 38160000), (157480000, 40700000)]
13:40:12: [INFO] Routing SW6 with D6
13:40:12: [INFO] Using internal autorouter method
13:40:12: [INFO] Routing pad 'SW6:2' at (135890000, 33020000) with pad 'D6:2' at (138430000, 40700000) using coordinate system rotated by 0 degree(s)
13:40:12: [INFO] Adding track segment (B.Cu): [(135890000, 33020000), (135890000, 38160000)]
13:40:12: [INFO] Adding track segment (B.Cu): [(135890000, 38160000), (138430000, 40700000)]
13:40:12: [INFO] Routing SW5 with D5
13:40:12: [INFO] Using internal autorouter method
13:40:12: [INFO] Routing pad 'SW5:2' at (116840000, 33020000) with pad 'D5:2' at (119380000, 40700000) using coordinate system rotated by 0 degree(s)
13:40:12: [INFO] Adding track segment (B.Cu): [(116840000, 33020000), (116840000, 38160000)]
13:40:12: [INFO] Adding track segment (B.Cu): [(116840000, 38160000), (119380000, 40700000)]
13:40:12: [INFO] Routing SW4 with D4
13:40:12: [INFO] Using internal autorouter method
13:40:12: [INFO] Routing pad 'SW4:2' at (97790000, 33020000) with pad 'D4:2' at (100330000, 40700000) using coordinate system rotated by 0 degree(s)
13:40:12: [INFO] Adding track segment (B.Cu): [(97790000, 33020000), (97790000, 38160000)]
13:40:12: [INFO] Adding track segment (B.Cu): [(97790000, 38160000), (100330000, 40700000)]
13:40:12: [INFO] Routing SW3 with D3
13:40:12: [INFO] Using internal autorouter method
13:40:12: [INFO] Routing pad 'SW3:2' at (78740000, 33020000) with pad 'D3:2' at (81280000, 40700000) using coordinate system rotated by 0 degree(s)
13:40:12: [INFO] Adding track segment (B.Cu): [(78740000, 33020000), (78740000, 38160000)]
13:40:12: [INFO] Adding track segment (B.Cu): [(78740000, 38160000), (81280000, 40700000)]
13:40:12: [INFO] Routing SW2 with D2
13:40:12: [INFO] Using internal autorouter method
13:40:12: [INFO] Routing pad 'SW2:2' at (59690000, 33020000) with pad 'D2:2' at (62230000, 40700000) using coordinate system rotated by 0 degree(s)
13:40:12: [INFO] Adding track segment (B.Cu): [(59690000, 33020000), (59690000, 38160000)]
13:40:12: [INFO] Adding track segment (B.Cu): [(59690000, 38160000), (62230000, 40700000)]
13:40:12: [INFO] Routing SW1 with D1
13:40:12: [INFO] Using internal autorouter method
13:40:12: [INFO] Routing pad 'SW1:2' at (40640000, 33020000) with pad 'D1:2' at (43180000, 40700000) using coordinate system rotated by 0 degree(s)
13:40:12: [INFO] Adding track segment (B.Cu): [(40640000, 33020000), (40640000, 38160000)]
13:40:12: [INFO] Adding track segment (B.Cu): [(40640000, 38160000), (43180000, 40700000)]
13:40:12: [INFO] Routing COL6 pads
13:40:12: [INFO] Routing pad 'SW35:1' at (162877500, 75565000) with pad 'SW49:1' at (153352500, 95567500) using coordinate system rotated by 0 degree(s)
13:40:12: [INFO] Adding track segment (F.Cu): [(162877500, 75565000), (162877500, 86042500)]
13:40:12: [INFO] Adding track segment (F.Cu): [(162877500, 86042500), (153352500, 95567500)]
13:40:12: [INFO] Routing pad 'SW7:1' at (148590000, 35560000) with pad 'SW21:1' at (158115000, 55562500) using coordinate system rotated by 0 degree(s)
13:40:12: [INFO] Adding track segment (F.Cu): [(148590000, 35560000), (148590000, 46037500)]
13:40:12: [INFO] Adding track segment (F.Cu): [(148590000, 46037500), (158115000, 55562500)]
13:40:12: [INFO] Routing pad 'SW49:1' at (153352500, 95567500) with pad 'SW61:1' at (158115000, 115570000) using coordinate system rotated by 0 degree(s)
13:40:12: [INFO] Adding track segment (F.Cu): [(153352500, 95567500), (153352500, 110807500)]
13:40:12: [INFO] Adding track segment (F.Cu): [(153352500, 110807500), (158115000, 115570000)]
13:40:12: [INFO] Routing pad 'SW21:1' at (158115000, 55562500) with pad 'SW35:1' at (162877500, 75565000) using coordinate system rotated by 0 degree(s)
13:40:12: [INFO] Adding track segment (F.Cu): [(158115000, 55562500), (158115000, 70802500)]
13:40:12: [INFO] Adding track segment (F.Cu): [(158115000, 70802500), (162877500, 75565000)]
13:40:12: [INFO] Routing COL13 pads
13:40:12: [INFO] Routing pad 'SW55:1' at (277177500, 95567500) with pad 'SW41:1' at (289083750, 75565000) using coordinate system rotated by 0 degree(s)
13:40:12: [INFO] Adding track segment (F.Cu): [(277177500, 95567500), (289083750, 83661250)]
13:40:12: [INFO] Adding track segment (F.Cu): [(289083750, 83661250), (289083750, 75565000)]
13:40:12: [INFO] Routing pad 'SW55:1' at (277177500, 95567500) with pad 'SW65:1' at (289560000, 119380000) using coordinate system rotated by 0 degree(s)
13:40:12: [INFO] Adding track segment (F.Cu): [(277177500, 95567500), (277177500, 106997500)]
13:40:12: [INFO] Adding track segment (F.Cu): [(277177500, 106997500), (289560000, 119380000)]
13:40:12: [INFO] Routing pad 'SW28:1' at (296227500, 55562500) with pad 'SW14:1' at (291465000, 35560000) using coordinate system rotated by 0 degree(s)
13:40:12: [INFO] Adding track segment (F.Cu): [(296227500, 55562500), (291465000, 50800000)]
13:40:12: [INFO] Adding track segment (F.Cu): [(291465000, 50800000), (291465000, 35560000)]
13:40:12: [INFO] Routing pad 'SW41:1' at (289083750, 75565000) with pad 'SW28:1' at (296227500, 55562500) using coordinate system rotated by 0 degree(s)
13:40:12: [INFO] Adding track segment (F.Cu): [(289083750, 75565000), (296227500, 68421250)]
13:40:12: [INFO] Adding track segment (F.Cu): [(296227500, 68421250), (296227500, 55562500)]
13:40:12: [INFO] Routing ROW1 pads
13:40:12: [INFO] Routing pad 'D2:1' at (62230000, 43500000) with pad 'D3:1' at (81280000, 43500000) using coordinate system rotated by 0 degree(s)
13:40:12: [INFO] Adding track segment (B.Cu): [(62230000, 43500000), (81280000, 43500000)]
13:40:12: [INFO] Routing pad 'D3:1' at (81280000, 43500000) with pad 'D4:1' at (100330000, 43500000) using coordinate system rotated by 0 degree(s)
13:40:12: [INFO] Adding track segment (B.Cu): [(81280000, 43500000), (100330000, 43500000)]
13:40:12: [INFO] Routing pad 'D4:1' at (100330000, 43500000) with pad 'D5:1' at (119380000, 43500000) using coordinate system rotated by 0 degree(s)
13:40:12: [INFO] Adding track segment (B.Cu): [(100330000, 43500000), (119380000, 43500000)]
13:40:12: [INFO] Routing pad 'D5:1' at (119380000, 43500000) with pad 'D6:1' at (138430000, 43500000) using coordinate system rotated by 0 degree(s)
13:40:12: [INFO] Adding track segment (B.Cu): [(119380000, 43500000), (138430000, 43500000)]
13:40:12: [INFO] Routing pad 'D6:1' at (138430000, 43500000) with pad 'D7:1' at (157480000, 43500000) using coordinate system rotated by 0 degree(s)
13:40:12: [INFO] Adding track segment (B.Cu): [(138430000, 43500000), (157480000, 43500000)]
13:40:12: [INFO] Routing pad 'D7:1' at (157480000, 43500000) with pad 'D8:1' at (176530000, 43500000) using coordinate system rotated by 0 degree(s)
13:40:12: [INFO] Adding track segment (B.Cu): [(157480000, 43500000), (176530000, 43500000)]
13:40:12: [INFO] Routing pad 'D8:1' at (176530000, 43500000) with pad 'D9:1' at (195580000, 43500000) using coordinate system rotated by 0 degree(s)
13:40:12: [INFO] Adding track segment (B.Cu): [(176530000, 43500000), (195580000, 43500000)]
13:40:12: [INFO] Routing pad 'D9:1' at (195580000, 43500000) with pad 'D10:1' at (214630000, 43500000) using coordinate system rotated by 0 degree(s)
13:40:12: [INFO] Adding track segment (B.Cu): [(195580000, 43500000), (214630000, 43500000)]
13:40:12: [INFO] Routing pad 'D10:1' at (214630000, 43500000) with pad 'D11:1' at (233680000, 43500000) using coordinate system rotated by 0 degree(s)
13:40:12: [INFO] Adding track segment (B.Cu): [(214630000, 43500000), (233680000, 43500000)]
13:40:12: [INFO] Routing pad 'D11:1' at (233680000, 43500000) with pad 'D12:1' at (252730000, 43500000) using coordinate system rotated by 0 degree(s)
13:40:12: [INFO] Adding track segment (B.Cu): [(233680000, 43500000), (252730000, 43500000)]
13:40:12: [INFO] Routing pad 'D12:1' at (252730000, 43500000) with pad 'D13:1' at (271780000, 43500000) using coordinate system rotated by 0 degree(s)
13:40:12: [INFO] Adding track segment (B.Cu): [(252730000, 43500000), (271780000, 43500000)]
13:40:12: [INFO] Routing pad 'D13:1' at (271780000, 43500000) with pad 'D14:1' at (300355000, 43500000) using coordinate system rotated by 0 degree(s)
13:40:12: [INFO] Adding track segment (B.Cu): [(271780000, 43500000), (300355000, 43500000)]
13:40:12: [INFO] Routing ROW5 pads
13:40:12: [INFO] Routing pad 'D58:1' at (45561250, 123510000) with pad 'D59:1' at (69373750, 123510000) using coordinate system rotated by 0 degree(s)
13:40:12: [INFO] Adding track segment (B.Cu): [(45561250, 123510000), (69373750, 123510000)]
13:40:12: [INFO] Routing pad 'D59:1' at (69373750, 123510000) with pad 'D60:1' at (93186250, 123510000) using coordinate system rotated by 0 degree(s)
13:40:12: [INFO] Adding track segment (B.Cu): [(69373750, 123510000), (93186250, 123510000)]
13:40:12: [INFO] Routing pad 'D60:1' at (93186250, 123510000) with pad 'D61:1' at (167005000, 123510000) using coordinate system rotated by 0 degree(s)
13:40:12: [INFO] Adding track segment (B.Cu): [(93186250, 123510000), (167005000, 123510000)]
13:40:12: [INFO] Routing pad 'D61:1' at (167005000, 123510000) with pad 'D62:1' at (239395000, 123510000) using coordinate system rotated by 0 degree(s)
13:40:12: [INFO] Adding track segment (B.Cu): [(167005000, 123510000), (239395000, 123510000)]
13:40:12: [INFO] Routing pad 'D62:1' at (239395000, 123510000) with pad 'D63:1' at (258445000, 123510000) using coordinate system rotated by 0 degree(s)
13:40:12: [INFO] Adding track segment (B.Cu): [(239395000, 123510000), (258445000, 123510000)]
13:40:12: [INFO] Routing pad 'D63:1' at (258445000, 123510000) with pad 'D64:1' at (277495000, 123510000) using coordinate system rotated by 0 degree(s)
13:40:12: [INFO] Adding track segment (B.Cu): [(258445000, 123510000), (277495000, 123510000)]
13:40:12: [INFO] Routing pad 'D64:1' at (277495000, 123510000) with pad 'D65:1' at (298450000, 127320000) using coordinate system rotated by 0 degree(s)
13:40:12: [INFO] Adding track segment (B.Cu): [(277495000, 123510000), (281305000, 127320000)]
13:40:12: [INFO] Adding track segment (B.Cu): [(281305000, 127320000), (298450000, 127320000)]
13:40:12: [INFO] Routing pad 'D65:1' at (298450000, 127320000) with pad 'D66:1' at (317500000, 127320000) using coordinate system rotated by 0 degree(s)
13:40:12: [INFO] Adding track segment (B.Cu): [(298450000, 127320000), (317500000, 127320000)]
13:40:12: [INFO] Routing pad 'D66:1' at (317500000, 127320000) with pad 'D67:1' at (336550000, 127320000) using coordinate system rotated by 0 degree(s)
13:40:12: [INFO] Adding track segment (B.Cu): [(317500000, 127320000), (336550000, 127320000)]
13:40:12: [INFO] Routing COL1 pads
13:40:12: [INFO] Routing pad 'SW30:1' at (67627500, 75565000) with pad 'SW59:1' at (60483750, 115570000) using coordinate system rotated by 0 degree(s)
13:40:12: [INFO] Adding track segment (F.Cu): [(67627500, 75565000), (67627500, 108426250)]
13:40:12: [INFO] Adding track segment (F.Cu): [(67627500, 108426250), (60483750, 115570000)]
13:40:12: [INFO] Routing pad 'SW2:1' at (53340000, 35560000) with pad 'SW16:1' at (62865000, 55562500) using coordinate system rotated by 0 degree(s)
13:40:12: [INFO] Adding track segment (F.Cu): [(53340000, 35560000), (53340000, 46037500)]
13:40:12: [INFO] Adding track segment (F.Cu): [(53340000, 46037500), (62865000, 55562500)]
13:40:13: [INFO] Routing pad 'SW16:1' at (62865000, 55562500) with pad 'SW30:1' at (67627500, 75565000) using coordinate system rotated by 0 degree(s)
13:40:13: [INFO] Adding track segment (F.Cu): [(62865000, 55562500), (62865000, 70802500)]
13:40:13: [INFO] Adding track segment (F.Cu): [(62865000, 70802500), (67627500, 75565000)]
13:40:13: [INFO] Routing COL0 pads
13:40:13: [INFO] Routing pad 'SW44:1' at (46196250, 95567500) with pad 'SW58:1' at (36671250, 115570000) using coordinate system rotated by 0 degree(s)
13:40:13: [INFO] Adding track segment (F.Cu): [(46196250, 95567500), (46196250, 106045000)]
13:40:13: [INFO] Adding track segment (F.Cu): [(46196250, 106045000), (36671250, 115570000)]
13:40:13: [INFO] Routing pad 'SW1:1' at (34290000, 35560000) with pad 'SW15:1' at (39052500, 55562500) using coordinate system rotated by 0 degree(s)
13:40:13: [INFO] Adding track segment (F.Cu): [(34290000, 35560000), (34290000, 50800000)]
13:40:13: [INFO] Adding track segment (F.Cu): [(34290000, 50800000), (39052500, 55562500)]
13:40:13: [INFO] Routing pad 'SW15:1' at (39052500, 55562500) with pad 'SW29:1' at (41433750, 75565000) using coordinate system rotated by 0 degree(s)
13:40:13: [INFO] Adding track segment (F.Cu): [(39052500, 55562500), (39052500, 73183750)]
13:40:13: [INFO] Adding track segment (F.Cu): [(39052500, 73183750), (41433750, 75565000)]
13:40:13: [INFO] Routing pad 'SW29:1' at (41433750, 75565000) with pad 'SW44:1' at (46196250, 95567500) using coordinate system rotated by 0 degree(s)
13:40:13: [INFO] Adding track segment (F.Cu): [(41433750, 75565000), (41433750, 90805000)]
13:40:13: [INFO] Adding track segment (F.Cu): [(41433750, 90805000), (46196250, 95567500)]
13:40:13: [INFO] Routing ROW0 pads
13:40:13: [INFO] Routing COL10 pads
13:40:13: [INFO] Routing pad 'SW39:1' at (239077500, 75565000) with pad 'SW53:1' at (229552500, 95567500) using coordinate system rotated by 0 degree(s)
13:40:13: [INFO] Adding track segment (F.Cu): [(239077500, 75565000), (239077500, 86042500)]
13:40:13: [INFO] Adding track segment (F.Cu): [(239077500, 86042500), (229552500, 95567500)]
13:40:13: [INFO] Routing pad 'SW11:1' at (224790000, 35560000) with pad 'SW25:1' at (234315000, 55562500) using coordinate system rotated by 0 degree(s)
13:40:13: [INFO] Adding track segment (F.Cu): [(224790000, 35560000), (224790000, 46037500)]
13:40:13: [INFO] Adding track segment (F.Cu): [(224790000, 46037500), (234315000, 55562500)]
13:40:13: [INFO] Routing pad 'SW25:1' at (234315000, 55562500) with pad 'SW39:1' at (239077500, 75565000) using coordinate system rotated by 0 degree(s)
13:40:13: [INFO] Adding track segment (F.Cu): [(234315000, 55562500), (234315000, 70802500)]
13:40:13: [INFO] Adding track segment (F.Cu): [(234315000, 70802500), (239077500, 75565000)]
13:40:13: [INFO] Routing pad 'SW53:1' at (229552500, 95567500) with pad 'SW63:1' at (249555000, 115570000) using coordinate system rotated by 0 degree(s)
13:40:13: [INFO] Routing ROW3 pads
13:40:13: [INFO] Routing pad 'D29:1' at (50323750, 83505000) with pad 'D30:1' at (76517500, 83505000) using coordinate system rotated by 0 degree(s)
13:40:13: [INFO] Adding track segment (B.Cu): [(50323750, 83505000), (76517500, 83505000)]
13:40:13: [INFO] Routing pad 'D30:1' at (76517500, 83505000) with pad 'D31:1' at (95567500, 83505000) using coordinate system rotated by 0 degree(s)
13:40:13: [INFO] Adding track segment (B.Cu): [(76517500, 83505000), (95567500, 83505000)]
13:40:13: [INFO] Routing pad 'D31:1' at (95567500, 83505000) with pad 'D32:1' at (114617500, 83505000) using coordinate system rotated by 0 degree(s)
13:40:13: [INFO] Adding track segment (B.Cu): [(95567500, 83505000), (114617500, 83505000)]
13:40:13: [INFO] Routing pad 'D32:1' at (114617500, 83505000) with pad 'D33:1' at (133667500, 83505000) using coordinate system rotated by 0 degree(s)
13:40:13: [INFO] Adding track segment (B.Cu): [(114617500, 83505000), (133667500, 83505000)]
13:40:13: [INFO] Routing pad 'D33:1' at (133667500, 83505000) with pad 'D34:1' at (152717500, 83505000) using coordinate system rotated by 0 degree(s)
13:40:13: [INFO] Adding track segment (B.Cu): [(133667500, 83505000), (152717500, 83505000)]
13:40:13: [INFO] Routing pad 'D34:1' at (152717500, 83505000) with pad 'D35:1' at (171767500, 83505000) using coordinate system rotated by 0 degree(s)
13:40:13: [INFO] Adding track segment (B.Cu): [(152717500, 83505000), (171767500, 83505000)]
13:40:13: [INFO] Routing pad 'D35:1' at (171767500, 83505000) with pad 'D36:1' at (190817500, 83505000) using coordinate system rotated by 0 degree(s)
13:40:13: [INFO] Adding track segment (B.Cu): [(171767500, 83505000), (190817500, 83505000)]
13:40:13: [INFO] Routing pad 'D36:1' at (190817500, 83505000) with pad 'D37:1' at (209867500, 83505000) using coordinate system rotated by 0 degree(s)
13:40:13: [INFO] Adding track segment (B.Cu): [(190817500, 83505000), (209867500, 83505000)]
13:40:13: [INFO] Routing pad 'D37:1' at (209867500, 83505000) with pad 'D38:1' at (228917500, 83505000) using coordinate system rotated by 0 degree(s)
13:40:13: [INFO] Adding track segment (B.Cu): [(209867500, 83505000), (228917500, 83505000)]
13:40:13: [INFO] Routing pad 'D38:1' at (228917500, 83505000) with pad 'D39:1' at (247967500, 83505000) using coordinate system rotated by 0 degree(s)
13:40:13: [INFO] Adding track segment (B.Cu): [(228917500, 83505000), (247967500, 83505000)]
13:40:13: [INFO] Routing pad 'D39:1' at (247967500, 83505000) with pad 'D40:1' at (267017500, 83505000) using coordinate system rotated by 0 degree(s)
13:40:13: [INFO] Adding track segment (B.Cu): [(247967500, 83505000), (267017500, 83505000)]
13:40:13: [INFO] Routing pad 'D40:1' at (267017500, 83505000) with pad 'D41:1' at (297973750, 83505000) using coordinate system rotated by 0 degree(s)
13:40:13: [INFO] Adding track segment (B.Cu): [(267017500, 83505000), (297973750, 83505000)]
13:40:13: [INFO] Routing pad 'D43:1' at (336550000, 87315000) with pad 'D42:1' at (336550000, 67312500) using coordinate system rotated by 0 degree(s)
13:40:13: [INFO] Adding track segment (B.Cu): [(336550000, 87315000), (336550000, 67312500)]
13:40:13: [INFO] Could not add track segment due to detected collision
13:40:13: [INFO] Routing pad 'D41:1' at (297973750, 83505000) with pad 'D43:1' at (336550000, 87315000) using coordinate system rotated by 0 degree(s)
13:40:13: [INFO] Routing COL14 pads
13:40:13: [INFO] Routing pad 'SW56:1' at (308610000, 99377500) with pad 'SW66:1' at (308610000, 119380000) using coordinate system rotated by 0 degree(s)
13:40:13: [INFO] Adding track segment (F.Cu): [(308610000, 99377500), (308610000, 119380000)]
13:40:13: [INFO] Routing pad 'SW56:1' at (308610000, 99377500) with pad 'SW42:1' at (327660000, 59372500) using coordinate system rotated by 0 degree(s)
13:40:13: [INFO] Routing COL3 pads
13:40:13: [INFO] Routing pad 'SW32:1' at (105727500, 75565000) with pad 'SW46:1' at (96202500, 95567500) using coordinate system rotated by 0 degree(s)
13:40:13: [INFO] Adding track segment (F.Cu): [(105727500, 75565000), (105727500, 86042500)]
13:40:13: [INFO] Adding track segment (F.Cu): [(105727500, 86042500), (96202500, 95567500)]
13:40:13: [INFO] Routing pad 'SW4:1' at (91440000, 35560000) with pad 'SW18:1' at (100965000, 55562500) using coordinate system rotated by 0 degree(s)
13:40:13: [INFO] Adding track segment (F.Cu): [(91440000, 35560000), (91440000, 46037500)]
13:40:13: [INFO] Adding track segment (F.Cu): [(91440000, 46037500), (100965000, 55562500)]
13:40:13: [INFO] Routing pad 'SW18:1' at (100965000, 55562500) with pad 'SW32:1' at (105727500, 75565000) using coordinate system rotated by 0 degree(s)
13:40:13: [INFO] Adding track segment (F.Cu): [(100965000, 55562500), (100965000, 70802500)]
13:40:13: [INFO] Adding track segment (F.Cu): [(100965000, 70802500), (105727500, 75565000)]
13:40:13: [INFO] Routing COL7 pads
13:40:13: [INFO] Routing pad 'SW36:1' at (181927500, 75565000) with pad 'SW50:1' at (172402500, 95567500) using coordinate system rotated by 0 degree(s)
13:40:13: [INFO] Adding track segment (F.Cu): [(181927500, 75565000), (181927500, 86042500)]
13:40:13: [INFO] Adding track segment (F.Cu): [(181927500, 86042500), (172402500, 95567500)]
13:40:13: [INFO] Routing pad 'SW8:1' at (167640000, 35560000) with pad 'SW22:1' at (177165000, 55562500) using coordinate system rotated by 0 degree(s)
13:40:13: [INFO] Adding track segment (F.Cu): [(167640000, 35560000), (167640000, 46037500)]
13:40:13: [INFO] Adding track segment (F.Cu): [(167640000, 46037500), (177165000, 55562500)]
13:40:13: [INFO] Routing pad 'SW22:1' at (177165000, 55562500) with pad 'SW36:1' at (181927500, 75565000) using coordinate system rotated by 0 degree(s)
13:40:13: [INFO] Adding track segment (F.Cu): [(177165000, 55562500), (177165000, 70802500)]
13:40:13: [INFO] Adding track segment (F.Cu): [(177165000, 70802500), (181927500, 75565000)]
13:40:13: [INFO] Routing COL15 pads
13:40:13: [INFO] Routing pad 'SW57:1' at (327660000, 35559999) with pad 'SW43:1' at (327660000, 79375000) using coordinate system rotated by 0 degree(s)
13:40:13: [INFO] Adding track segment (F.Cu): [(327660000, 35559999), (327660000, 79375000)]
13:40:13: [INFO] Could not add track segment due to detected collision
13:40:13: [INFO] Routing pad 'SW43:1' at (327660000, 79375000) with pad 'SW67:1' at (327660000, 119380000) using coordinate system rotated by 0 degree(s)
13:40:13: [INFO] Adding track segment (F.Cu): [(327660000, 79375000), (327660000, 119380000)]
13:40:13: [INFO] Routing ROW2 pads
13:40:13: [INFO] Routing pad 'D15:1' at (47942500, 63502500) with pad 'D16:1' at (71755000, 63502500) using coordinate system rotated by 0 degree(s)
13:40:13: [INFO] Adding track segment (B.Cu): [(47942500, 63502500), (71755000, 63502500)]
13:40:13: [INFO] Routing pad 'D16:1' at (71755000, 63502500) with pad 'D17:1' at (90805000, 63502500) using coordinate system rotated by 0 degree(s)
13:40:13: [INFO] Adding track segment (B.Cu): [(71755000, 63502500), (90805000, 63502500)]
13:40:13: [INFO] Routing pad 'D17:1' at (90805000, 63502500) with pad 'D18:1' at (109855000, 63502500) using coordinate system rotated by 0 degree(s)
13:40:13: [INFO] Adding track segment (B.Cu): [(90805000, 63502500), (109855000, 63502500)]
13:40:13: [INFO] Routing pad 'D18:1' at (109855000, 63502500) with pad 'D19:1' at (128905000, 63502500) using coordinate system rotated by 0 degree(s)
13:40:13: [INFO] Adding track segment (B.Cu): [(109855000, 63502500), (128905000, 63502500)]
13:40:13: [INFO] Routing pad 'D19:1' at (128905000, 63502500) with pad 'D20:1' at (147955000, 63502500) using coordinate system rotated by 0 degree(s)
13:40:13: [INFO] Adding track segment (B.Cu): [(128905000, 63502500), (147955000, 63502500)]
13:40:13: [INFO] Routing pad 'D20:1' at (147955000, 63502500) with pad 'D21:1' at (167005000, 63502500) using coordinate system rotated by 0 degree(s)
13:40:13: [INFO] Adding track segment (B.Cu): [(147955000, 63502500), (167005000, 63502500)]
13:40:13: [INFO] Routing pad 'D21:1' at (167005000, 63502500) with pad 'D22:1' at (186055000, 63502500) using coordinate system rotated by 0 degree(s)
13:40:13: [INFO] Adding track segment (B.Cu): [(167005000, 63502500), (186055000, 63502500)]
13:40:13: [INFO] Routing pad 'D22:1' at (186055000, 63502500) with pad 'D23:1' at (205105000, 63502500) using coordinate system rotated by 0 degree(s)
13:40:13: [INFO] Adding track segment (B.Cu): [(186055000, 63502500), (205105000, 63502500)]
13:40:13: [INFO] Routing pad 'D23:1' at (205105000, 63502500) with pad 'D24:1' at (224155000, 63502500) using coordinate system rotated by 0 degree(s)
13:40:13: [INFO] Adding track segment (B.Cu): [(205105000, 63502500), (224155000, 63502500)]
13:40:13: [INFO] Routing pad 'D24:1' at (224155000, 63502500) with pad 'D25:1' at (243205000, 63502500) using coordinate system rotated by 0 degree(s)
13:40:13: [INFO] Adding track segment (B.Cu): [(224155000, 63502500), (243205000, 63502500)]
13:40:13: [INFO] Routing pad 'D25:1' at (243205000, 63502500) with pad 'D26:1' at (262255000, 63502500) using coordinate system rotated by 0 degree(s)
13:40:13: [INFO] Adding track segment (B.Cu): [(243205000, 63502500), (262255000, 63502500)]
13:40:13: [INFO] Routing pad 'D26:1' at (262255000, 63502500) with pad 'D27:1' at (281305000, 63502500) using coordinate system rotated by 0 degree(s)
13:40:13: [INFO] Adding track segment (B.Cu): [(262255000, 63502500), (281305000, 63502500)]
13:40:13: [INFO] Routing pad 'D27:1' at (281305000, 63502500) with pad 'D28:1' at (305117500, 63502500) using coordinate system rotated by 0 degree(s)
13:40:13: [INFO] Adding track segment (B.Cu): [(281305000, 63502500), (305117500, 63502500)]
13:40:13: [INFO] Routing ROW4 pads
13:40:13: [INFO] Routing pad 'D44:1' at (55086250, 103507500) with pad 'D45:1' at (86042500, 103507500) using coordinate system rotated by 0 degree(s)
13:40:13: [INFO] Adding track segment (B.Cu): [(55086250, 103507500), (86042500, 103507500)]
13:40:13: [INFO] Routing pad 'D45:1' at (86042500, 103507500) with pad 'D46:1' at (105092500, 103507500) using coordinate system rotated by 0 degree(s)
13:40:13: [INFO] Adding track segment (B.Cu): [(86042500, 103507500), (105092500, 103507500)]
13:40:13: [INFO] Routing pad 'D46:1' at (105092500, 103507500) with pad 'D47:1' at (124142500, 103507500) using coordinate system rotated by 0 degree(s)
13:40:13: [INFO] Adding track segment (B.Cu): [(105092500, 103507500), (124142500, 103507500)]
13:40:13: [INFO] Routing pad 'D47:1' at (124142500, 103507500) with pad 'D48:1' at (143192500, 103507500) using coordinate system rotated by 0 degree(s)
13:40:13: [INFO] Adding track segment (B.Cu): [(124142500, 103507500), (143192500, 103507500)]
13:40:13: [INFO] Routing pad 'D48:1' at (143192500, 103507500) with pad 'D49:1' at (162242500, 103507500) using coordinate system rotated by 0 degree(s)
13:40:13: [INFO] Adding track segment (B.Cu): [(143192500, 103507500), (162242500, 103507500)]
13:40:13: [INFO] Routing pad 'D49:1' at (162242500, 103507500) with pad 'D50:1' at (181292500, 103507500) using coordinate system rotated by 0 degree(s)
13:40:13: [INFO] Adding track segment (B.Cu): [(162242500, 103507500), (181292500, 103507500)]
13:40:13: [INFO] Routing pad 'D50:1' at (181292500, 103507500) with pad 'D51:1' at (200342500, 103507500) using coordinate system rotated by 0 degree(s)
13:40:13: [INFO] Adding track segment (B.Cu): [(181292500, 103507500), (200342500, 103507500)]
13:40:13: [INFO] Routing pad 'D51:1' at (200342500, 103507500) with pad 'D52:1' at (219392500, 103507500) using coordinate system rotated by 0 degree(s)
13:40:13: [INFO] Adding track segment (B.Cu): [(200342500, 103507500), (219392500, 103507500)]
13:40:13: [INFO] Routing pad 'D52:1' at (219392500, 103507500) with pad 'D53:1' at (238442500, 103507500) using coordinate system rotated by 0 degree(s)
13:40:13: [INFO] Adding track segment (B.Cu): [(219392500, 103507500), (238442500, 103507500)]
13:40:13: [INFO] Routing pad 'D53:1' at (238442500, 103507500) with pad 'D54:1' at (257492500, 103507500) using coordinate system rotated by 0 degree(s)
13:40:13: [INFO] Adding track segment (B.Cu): [(238442500, 103507500), (257492500, 103507500)]
13:40:13: [INFO] Routing pad 'D54:1' at (257492500, 103507500) with pad 'D55:1' at (286067500, 103507500) using coordinate system rotated by 0 degree(s)
13:40:13: [INFO] Adding track segment (B.Cu): [(257492500, 103507500), (286067500, 103507500)]
13:40:13: [INFO] Routing pad 'D55:1' at (286067500, 103507500) with pad 'D56:1' at (317500000, 107317500) using coordinate system rotated by 0 degree(s)
13:40:13: [INFO] Routing pad 'D56:1' at (317500000, 107317500) with pad 'D57:1' at (336550000, 43499999) using coordinate system rotated by 0 degree(s)
13:40:13: [INFO] Routing COL9 pads
13:40:13: [INFO] Routing pad 'SW38:1' at (220027500, 75565000) with pad 'SW52:1' at (210502500, 95567500) using coordinate system rotated by 0 degree(s)
13:40:13: [INFO] Adding track segment (F.Cu): [(220027500, 75565000), (220027500, 86042500)]
13:40:13: [INFO] Adding track segment (F.Cu): [(220027500, 86042500), (210502500, 95567500)]
13:40:13: [INFO] Routing pad 'SW10:1' at (205740000, 35560000) with pad 'SW24:1' at (215265000, 55562500) using coordinate system rotated by 0 degree(s)
13:40:13: [INFO] Adding track segment (F.Cu): [(205740000, 35560000), (205740000, 46037500)]
13:40:13: [INFO] Adding track segment (F.Cu): [(205740000, 46037500), (215265000, 55562500)]
13:40:13: [INFO] Routing pad 'SW24:1' at (215265000, 55562500) with pad 'SW38:1' at (220027500, 75565000) using coordinate system rotated by 0 degree(s)
13:40:13: [INFO] Adding track segment (F.Cu): [(215265000, 55562500), (215265000, 70802500)]
13:40:13: [INFO] Adding track segment (F.Cu): [(215265000, 70802500), (220027500, 75565000)]
13:40:13: [INFO] Routing pad 'SW52:1' at (210502500, 95567500) with pad 'SW62:1' at (230505000, 115570000) using coordinate system rotated by 0 degree(s)
13:40:13: [INFO] Routing COL2 pads
13:40:13: [INFO] Routing pad 'SW31:1' at (86677500, 75565000) with pad 'SW45:1' at (77152500, 95567500) using coordinate system rotated by 0 degree(s)
13:40:13: [INFO] Adding track segment (F.Cu): [(86677500, 75565000), (86677500, 86042500)]
13:40:13: [INFO] Adding track segment (F.Cu): [(86677500, 86042500), (77152500, 95567500)]
13:40:13: [INFO] Routing pad 'SW3:1' at (72390000, 35560000) with pad 'SW17:1' at (81915000, 55562500) using coordinate system rotated by 0 degree(s)
13:40:13: [INFO] Adding track segment (F.Cu): [(72390000, 35560000), (72390000, 46037500)]
13:40:13: [INFO] Adding track segment (F.Cu): [(72390000, 46037500), (81915000, 55562500)]
13:40:13: [INFO] Routing pad 'SW45:1' at (77152500, 95567500) with pad 'SW60:1' at (84296250, 115570000) using coordinate system rotated by 0 degree(s)
13:40:13: [INFO] Adding track segment (F.Cu): [(77152500, 95567500), (77152500, 108426250)]
13:40:13: [INFO] Adding track segment (F.Cu): [(77152500, 108426250), (84296250, 115570000)]
13:40:13: [INFO] Routing pad 'SW17:1' at (81915000, 55562500) with pad 'SW31:1' at (86677500, 75565000) using coordinate system rotated by 0 degree(s)
13:40:13: [INFO] Adding track segment (F.Cu): [(81915000, 55562500), (81915000, 70802500)]
13:40:13: [INFO] Adding track segment (F.Cu): [(81915000, 70802500), (86677500, 75565000)]
13:40:13: [INFO] Routing COL12 pads
13:40:13: [INFO] Routing pad 'SW27:1' at (272415000, 55562500) with pad 'SW64:1' at (268605000, 115570000) using coordinate system rotated by 0 degree(s)
13:40:13: [INFO] Adding track segment (F.Cu): [(272415000, 55562500), (272415000, 111760000)]
13:40:13: [INFO] Adding track segment (F.Cu): [(272415000, 111760000), (268605000, 115570000)]
13:40:13: [INFO] Routing pad 'SW13:1' at (262890000, 35560000) with pad 'SW27:1' at (272415000, 55562500) using coordinate system rotated by 0 degree(s)
13:40:13: [INFO] Adding track segment (F.Cu): [(262890000, 35560000), (262890000, 46037500)]
13:40:13: [INFO] Adding track segment (F.Cu): [(262890000, 46037500), (272415000, 55562500)]
13:40:13: [INFO] Routing COL5 pads
13:40:13: [INFO] Routing pad 'SW34:1' at (143827500, 75565000) with pad 'SW48:1' at (134302500, 95567500) using coordinate system rotated by 0 degree(s)
13:40:13: [INFO] Adding track segment (F.Cu): [(143827500, 75565000), (143827500, 86042500)]
13:40:13: [INFO] Adding track segment (F.Cu): [(143827500, 86042500), (134302500, 95567500)]
13:40:13: [INFO] Routing pad 'SW6:1' at (129540000, 35560000) with pad 'SW20:1' at (139065000, 55562500) using coordinate system rotated by 0 degree(s)
13:40:13: [INFO] Adding track segment (F.Cu): [(129540000, 35560000), (129540000, 46037500)]
13:40:13: [INFO] Adding track segment (F.Cu): [(129540000, 46037500), (139065000, 55562500)]
13:40:13: [INFO] Routing pad 'SW20:1' at (139065000, 55562500) with pad 'SW34:1' at (143827500, 75565000) using coordinate system rotated by 0 degree(s)
13:40:13: [INFO] Adding track segment (F.Cu): [(139065000, 55562500), (139065000, 70802500)]
13:40:13: [INFO] Adding track segment (F.Cu): [(139065000, 70802500), (143827500, 75565000)]
13:40:13: [INFO] Routing COL4 pads
13:40:13: [INFO] Routing pad 'SW33:1' at (124777500, 75565000) with pad 'SW47:1' at (115252500, 95567500) using coordinate system rotated by 0 degree(s)
13:40:13: [INFO] Adding track segment (F.Cu): [(124777500, 75565000), (124777500, 86042500)]
13:40:13: [INFO] Adding track segment (F.Cu): [(124777500, 86042500), (115252500, 95567500)]
13:40:13: [INFO] Routing pad 'SW5:1' at (110490000, 35560000) with pad 'SW19:1' at (120015000, 55562500) using coordinate system rotated by 0 degree(s)
13:40:13: [INFO] Adding track segment (F.Cu): [(110490000, 35560000), (110490000, 46037500)]
13:40:13: [INFO] Adding track segment (F.Cu): [(110490000, 46037500), (120015000, 55562500)]
13:40:13: [INFO] Routing pad 'SW19:1' at (120015000, 55562500) with pad 'SW33:1' at (124777500, 75565000) using coordinate system rotated by 0 degree(s)
13:40:13: [INFO] Adding track segment (F.Cu): [(120015000, 55562500), (120015000, 70802500)]
13:40:13: [INFO] Adding track segment (F.Cu): [(120015000, 70802500), (124777500, 75565000)]
13:40:13: [INFO] Routing COL8 pads
13:40:13: [INFO] Routing pad 'SW37:1' at (200977500, 75565000) with pad 'SW51:1' at (191452500, 95567500) using coordinate system rotated by 0 degree(s)
13:40:13: [INFO] Adding track segment (F.Cu): [(200977500, 75565000), (200977500, 86042500)]
13:40:13: [INFO] Adding track segment (F.Cu): [(200977500, 86042500), (191452500, 95567500)]
13:40:13: [INFO] Routing pad 'SW9:1' at (186690000, 35560000) with pad 'SW23:1' at (196215000, 55562500) using coordinate system rotated by 0 degree(s)
13:40:13: [INFO] Adding track segment (F.Cu): [(186690000, 35560000), (186690000, 46037500)]
13:40:13: [INFO] Adding track segment (F.Cu): [(186690000, 46037500), (196215000, 55562500)]
13:40:13: [INFO] Routing pad 'SW23:1' at (196215000, 55562500) with pad 'SW37:1' at (200977500, 75565000) using coordinate system rotated by 0 degree(s)
13:40:13: [INFO] Adding track segment (F.Cu): [(196215000, 55562500), (196215000, 70802500)]
13:40:13: [INFO] Adding track segment (F.Cu): [(196215000, 70802500), (200977500, 75565000)]
13:40:13: [INFO] Routing COL11 pads
13:40:13: [INFO] Routing pad 'SW40:1' at (258127500, 75565000) with pad 'SW54:1' at (248602500, 95567500) using coordinate system rotated by 0 degree(s)
13:40:13: [INFO] Adding track segment (F.Cu): [(258127500, 75565000), (258127500, 86042500)]
13:40:13: [INFO] Adding track segment (F.Cu): [(258127500, 86042500), (248602500, 95567500)]
13:40:13: [INFO] Routing pad 'SW12:1' at (243840000, 35560000) with pad 'SW26:1' at (253365000, 55562500) using coordinate system rotated by 0 degree(s)
13:40:14: [INFO] Adding track segment (F.Cu): [(243840000, 35560000), (243840000, 46037500)]
13:40:14: [INFO] Adding track segment (F.Cu): [(243840000, 46037500), (253365000, 55562500)]
13:40:14: [INFO] Routing pad 'SW26:1' at (253365000, 55562500) with pad 'SW40:1' at (258127500, 75565000) using coordinate system rotated by 0 degree(s)
13:40:14: [INFO] Adding track segment (F.Cu): [(253365000, 55562500), (253365000, 70802500)]
13:40:14: [INFO] Adding track segment (F.Cu): [(253365000, 70802500), (258127500, 75565000)]
13:40:14: [INFO] Removing dangling tracks
