=== kbplacer.kle_serial ===
=== layout2image.py ===
=== kbplacer ===
13:35:18: [INFO] User layout: https://editor.keyboard-tools.xyz/#share=NrDeCIA9wLgAgIwBo7gJ6zgWgAwDoBWANgF8VwckFwBdJAKDHACdp5c8AmA85jefEXJtEXHqn5xBZVMmp1GEZpgQBOQrxEcALNt6T8BBDPDIctBk2XwAzENStM+GwHZ9mTnl0nOScwqtMLDtNFTwADht3Wx8kTgtFFiC1DQcRTyNoqQjtE2R4mhogA
13:35:18: [INFO] Labels prefixes: for rows: 'ROW', for columns: 'COL'
13:35:18: [INFO] Matrix size: 2x2
13:35:19: [INFO] Add COL0 net
13:35:19: [INFO] Add COL1 net
13:35:19: [INFO] Add COL2 net
13:35:19: [INFO] Add Net-(D1-A) net
13:35:19: [INFO] Add Net-(D2-A) net
13:35:19: [INFO] Add Net-(D3-A) net
13:35:19: [INFO] Add Net-(D4-A) net
13:35:19: [INFO] Add Net-(D5-A) net
13:35:19: [INFO] Add Net-(D6-A) net
13:35:19: [INFO] Add ROW0 net
13:35:19: [INFO] Add ROW1 net
13:35:19: [INFO] Add ROW2 net
13:35:19: [INFO] Add SW1 footprint
13:35:19: [INFO] Add D1 footprint
13:35:19: [INFO] Add SW2 footprint
13:35:19: [INFO] Add D2 footprint
13:35:19: [INFO] Add SW3 footprint
13:35:19: [INFO] Add D3 footprint
13:35:19: [INFO] Add SW4 footprint
13:35:19: [INFO] Add D4 footprint
13:35:19: [INFO] Add SW5 footprint
13:35:19: [INFO] Add D5 footprint
13:35:19: [INFO] Add SW6 footprint
13:35:19: [INFO] Add D6 footprint
13:35:19: [INFO] Detected layout convertible to matrix annotated keyboard
13:35:19: [INFO] Using key 1U distance: (19.05, 19.05) mm
13:35:19: [INFO] Layout offset: (28575000, 20193000)
13:35:19: [INFO] Diode info: [ElementInfo(annotation_format='D{}', position_option=<PositionOption.CUSTOM: 'Custom'>, position=ElementPosition(x=5.08, y=4.0, orientation=90.0, side=<Side.BACK: 'Back'>), template_path='', start_index=-1)]
13:35:19: [INFO] Placing additional elements for SW6
13:35:19: [INFO] Placing additional elements for SW5
13:35:19: [INFO] Placing additional elements for SW4
13:35:19: [INFO] Placing additional elements for SW3
13:35:19: [INFO] Placing additional elements for SW2
13:35:19: [INFO] Placing additional elements for SW1
13:35:19: [INFO] Routing SW6 with D6
13:35:19: [INFO] Using internal autorouter method
13:35:19: [INFO] Routing pad 'SW6:2' at (75809995, 73847451) with pad 'D6:2' at (82379089, 78567726) using coordinate system rotated by 324.0 degree(s)
13:35:19: [INFO] Adding track segment (B.Cu): [(75809995, 73847451), (78831209, 78005797)]
13:35:19: [INFO] Adding track segment (B.Cu): [(78831209, 78005797), (82379089, 78567726)]
13:35:19: [INFO] Routing SW5 with D5
13:35:19: [INFO] Using internal autorouter method
13:35:19: [INFO] Routing pad 'SW5:2' at (42771584, 77362709) with pad 'D5:2' at (40312296, 85068934) using coordinate system rotated by 36.0 degree(s)
13:35:19: [INFO] Adding track segment (B.Cu): [(42771584, 77362709), (39750367, 81521055)]
13:35:19: [INFO] Adding track segment (B.Cu): [(39750367, 81521055), (40312296, 85068934)]
13:35:19: [INFO] Routing SW4 with D4
13:35:19: [INFO] Using internal autorouter method
13:35:19: [INFO] Routing pad 'SW4:2' at (89247240, 36357661) with pad 'D4:2' at (94205185, 42749278) using coordinate system rotated by 340.5 degree(s)
13:35:19: [INFO] Adding track segment (B.Cu): [(89247240, 36357661), (90963006, 41202838)]
13:35:19: [INFO] Adding track segment (B.Cu): [(90963006, 41202838), (94205185, 42749278)]
13:35:19: [INFO] Routing SW3 with D3
13:35:19: [INFO] Using internal autorouter method
13:35:19: [INFO] Routing pad 'SW3:2' at (59690000, 47498000) with pad 'D3:2' at (62230000, 55178000) using coordinate system rotated by 0 degree(s)
13:35:19: [INFO] Adding track segment (B.Cu): [(59690000, 47498000), (59690000, 52638000)]
13:35:19: [INFO] Adding track segment (B.Cu): [(59690000, 52638000), (62230000, 55178000)]
13:35:19: [INFO] Routing SW2 with D2
13:35:19: [INFO] Using internal autorouter method
13:35:19: [INFO] Routing pad 'SW2:2' at (30082198, 38125922) with pad 'D2:2' at (29912871, 46213277) using coordinate system rotated by 19.5 degree(s)
13:35:19: [INFO] Adding track segment (B.Cu): [(30082198, 38125922), (28366431, 42971097)]
13:35:19: [INFO] Adding track segment (B.Cu): [(28366431, 42971097), (29912871, 46213277)]
13:35:19: [INFO] Routing SW1 with D1
13:35:19: [INFO] Using internal autorouter method
13:35:19: [INFO] Routing pad 'SW1:2' at (59690000, 13970000) with pad 'D1:2' at (62230000, 21650000) using coordinate system rotated by 0 degree(s)
13:35:19: [INFO] Adding track segment (B.Cu): [(59690000, 13970000), (59690000, 19110000)]
13:35:19: [INFO] Adding track segment (B.Cu): [(59690000, 19110000), (62230000, 21650000)]
13:35:19: [INFO] Routing COL2 pads
13:35:19: [WARNING] Could not route pads when parent footprints not rotated the same, footprint1: SW6 at 36.0 degree(s) and footprint2: SW4 at 19.5 degree(s)
13:35:19: [INFO] Routing ROW2 pads
13:35:19: [WARNING] Could not route pads when parent footprints not rotated the same, footprint1: D5 at 54.0 degree(s) and footprint2: D6 at 126.0 degree(s)
13:35:19: [INFO] Routing COL0 pads
13:35:19: [WARNING] Could not route pads when parent footprints not rotated the same, footprint1: SW2 at -19.5 degree(s) and footprint2: SW5 at -36.0 degree(s)
13:35:19: [INFO] Routing COL1 pads
13:35:19: [INFO] Routing pad 'SW1:1' at (53340000, 16510000) with pad 'SW3:1' at (53340000, 50038000) using coordinate system rotated by 0 degree(s)
13:35:19: [INFO] Adding track segment (F.Cu): [(53340000, 16510000), (53340000, 50038000)]
13:35:19: [INFO] Routing ROW0 pads
13:35:19: [INFO] Routing ROW1 pads
13:35:19: [WARNING] Could not route pads when parent footprints not rotated the same, footprint1: D2 at 70.5 degree(s) and footprint2: D3 at 90.0 degree(s)
13:35:19: [WARNING] Could not route pads when parent footprints not rotated the same, footprint1: D3 at 90.0 degree(s) and footprint2: D4 at 109.5 degree(s)
13:35:19: [INFO] Removing dangling tracks
