=== kbplacer.kle_serial ===
=== layout2image.py ===
=== kbplacer ===
13:28:11: [INFO] User layout: https://editor.keyboard-tools.xyz/#share=NrDeCIA9wLgAgAwDoCsAaO4DGtMGIBDI48DcAZwFtdwAnAewBcB9AUywEYPTMB3XAExkAFoIC+ZBGg4AdAHbzFC5UvmsE4ALpoAUGHABPXB1Rkc8cHizWbPCtQvgJmDmg1lX3D2gFbdwcCF3TCEvEJ8tTSA
13:28:11: [INFO] Labels prefixes: for rows: 'ROW', for columns: 'COL'
13:28:11: [INFO] Matrix size: 2x2
13:28:11: [INFO] Add COL0 net
13:28:11: [INFO] Add COL1 net
13:28:11: [INFO] Add COL2 net
13:28:11: [INFO] Add Net-(D1-A) net
13:28:11: [INFO] Add Net-(D2-A) net
13:28:11: [INFO] Add Net-(D3-A) net
13:28:11: [INFO] Add Net-(D4-A) net
13:28:11: [INFO] Add Net-(D5-A) net
13:28:11: [INFO] Add Net-(D6-A) net
13:28:11: [INFO] Add Net-(D7-A) net
13:28:11: [INFO] Add ROW0 net
13:28:11: [INFO] Add ROW1 net
13:28:11: [INFO] Add ROW2 net
13:28:11: [INFO] Add SW1 footprint
13:28:11: [INFO] Add D1 footprint
13:28:11: [INFO] Add SW2 footprint
13:28:11: [INFO] Add D2 footprint
13:28:11: [INFO] Add SW3 footprint
13:28:11: [INFO] Add D3 footprint
13:28:11: [INFO] Add SW4 footprint
13:28:11: [INFO] Add D4 footprint
13:28:11: [INFO] Add SW5 footprint
13:28:11: [INFO] Add D5 footprint
13:28:11: [INFO] Add SW6 footprint
13:28:11: [INFO] Add D6 footprint
13:28:11: [INFO] Add SW7 footprint
13:28:11: [INFO] Add D7 footprint
13:28:11: [INFO] Detected layout convertible to matrix annotated keyboard
13:28:11: [INFO] Using key 1U distance: (19.05, 19.05) mm
13:28:11: [INFO] Layout offset: (28575000, 38100000)
13:28:11: [INFO] Diode info: [ElementInfo(annotation_format='D{}', position_option=<PositionOption.CUSTOM: 'Custom'>, position=ElementPosition(x=5.08, y=4.0, orientation=90.0, side=<Side.BACK: 'Back'>), template_path='', start_index=-1)]
13:28:11: [INFO] Placing additional elements for SW7
13:28:11: [INFO] Placing additional elements for SW6
13:28:11: [INFO] Placing additional elements for SW5
13:28:11: [INFO] Placing additional elements for SW4
13:28:11: [INFO] Placing additional elements for SW3
13:28:11: [INFO] Placing additional elements for SW2
13:28:11: [INFO] Placing additional elements for SW1
13:28:11: [INFO] Routing SW7 with D7
13:28:11: [INFO] Using internal autorouter method
13:28:11: [INFO] Routing pad 'SW7:2' at (78740000, 109220000) with pad 'D7:2' at (81280000, 116900000) using coordinate system rotated by 0 degree(s)
13:28:11: [INFO] Adding track segment (B.Cu): [(78740000, 109220000), (78740000, 114360000)]
13:28:11: [INFO] Adding track segment (B.Cu): [(78740000, 114360000), (81280000, 116900000)]
13:28:11: [INFO] Routing SW6 with D6
13:28:11: [INFO] Using internal autorouter method
13:28:11: [INFO] Routing pad 'SW6:2' at (59690000, 109220000) with pad 'D6:2' at (62230000, 116900000) using coordinate system rotated by 0 degree(s)
13:28:11: [INFO] Adding track segment (B.Cu): [(59690000, 109220000), (59690000, 114360000)]
13:28:11: [INFO] Adding track segment (B.Cu): [(59690000, 114360000), (62230000, 116900000)]
13:28:11: [INFO] Routing SW5 with D5
13:28:11: [INFO] Using internal autorouter method
13:28:11: [INFO] Routing pad 'SW5:2' at (40640000, 109220000) with pad 'D5:2' at (43180000, 116900000) using coordinate system rotated by 0 degree(s)
13:28:11: [INFO] Adding track segment (B.Cu): [(40640000, 109220000), (40640000, 114360000)]
13:28:11: [INFO] Adding track segment (B.Cu): [(40640000, 114360000), (43180000, 116900000)]
13:28:11: [INFO] Routing SW4 with D4
13:28:11: [INFO] Using internal autorouter method
13:28:11: [INFO] Routing pad 'SW4:2' at (78740000, 90170000) with pad 'D4:2' at (81280000, 97850000) using coordinate system rotated by 0 degree(s)
13:28:11: [INFO] Adding track segment (B.Cu): [(78740000, 90170000), (78740000, 95310000)]
13:28:11: [INFO] Adding track segment (B.Cu): [(78740000, 95310000), (81280000, 97850000)]
13:28:11: [INFO] Routing SW3 with D3
13:28:11: [INFO] Using internal autorouter method
13:28:11: [INFO] Routing pad 'SW3:2' at (59690000, 90170000) with pad 'D3:2' at (62230000, 97850000) using coordinate system rotated by 0 degree(s)
13:28:11: [INFO] Adding track segment (B.Cu): [(59690000, 90170000), (59690000, 95310000)]
13:28:11: [INFO] Adding track segment (B.Cu): [(59690000, 95310000), (62230000, 97850000)]
13:28:11: [INFO] Routing SW2 with D2
13:28:11: [INFO] Using internal autorouter method
13:28:11: [INFO] Routing pad 'SW2:2' at (40640000, 90170000) with pad 'D2:2' at (43180000, 97850000) using coordinate system rotated by 0 degree(s)
13:28:11: [INFO] Adding track segment (B.Cu): [(40640000, 90170000), (40640000, 95310000)]
13:28:11: [INFO] Adding track segment (B.Cu): [(40640000, 95310000), (43180000, 97850000)]
13:28:11: [INFO] Routing SW1 with D1
13:28:11: [INFO] Using internal autorouter method
13:28:11: [INFO] Routing pad 'SW1:S2' at (64150000, 54650000) with pad 'D1:2' at (54730000, 57250000) using coordinate system rotated by 0 degree(s)
13:28:11: [INFO] Adding track segment (B.Cu): [(64150000, 54650000), (57330000, 54650000)]
13:28:11: [INFO] Adding track segment (B.Cu): [(57330000, 54650000), (54730000, 57250000)]
13:28:11: [INFO] Routing COL2 pads
13:28:11: [INFO] Routing pad 'SW4:1' at (72390000, 92710000) with pad 'SW7:1' at (72390000, 111760000) using coordinate system rotated by 0 degree(s)
13:28:11: [INFO] Adding track segment (F.Cu): [(72390000, 92710000), (72390000, 111760000)]
13:28:11: [INFO] Routing ROW1 pads
13:28:11: [INFO] Routing pad 'D2:1' at (43180000, 100650000) with pad 'D3:1' at (62230000, 100650000) using coordinate system rotated by 0 degree(s)
13:28:11: [INFO] Adding track segment (B.Cu): [(43180000, 100650000), (62230000, 100650000)]
13:28:11: [INFO] Routing pad 'D3:1' at (62230000, 100650000) with pad 'D4:1' at (81280000, 100650000) using coordinate system rotated by 0 degree(s)
13:28:11: [INFO] Adding track segment (B.Cu): [(62230000, 100650000), (81280000, 100650000)]
13:28:11: [INFO] Routing COL0 pads
13:28:11: [INFO] Routing pad 'SW2:1' at (34290000, 92710000) with pad 'SW5:1' at (34290000, 111760000) using coordinate system rotated by 0 degree(s)
13:28:11: [INFO] Adding track segment (F.Cu): [(34290000, 92710000), (34290000, 111760000)]
13:28:11: [INFO] Routing ROW0 pads
13:28:11: [INFO] Routing COL1 pads
13:28:11: [INFO] Routing pad 'SW3:1' at (53340000, 92710000) with pad 'SW6:1' at (53340000, 111760000) using coordinate system rotated by 0 degree(s)
13:28:11: [INFO] Adding track segment (F.Cu): [(53340000, 92710000), (53340000, 111760000)]
13:28:11: [INFO] Routing pad 'SW3:1' at (53340000, 92710000) with pad 'SW1:S1' at (64150000, 59650000) using coordinate system rotated by 0 degree(s)
13:28:11: [INFO] Adding track segment (F.Cu): [(53340000, 92710000), (53340000, 70460000)]
13:28:11: [INFO] Adding track segment (F.Cu): [(53340000, 70460000), (64150000, 59650000)]
13:28:11: [INFO] Routing ROW2 pads
13:28:11: [INFO] Routing pad 'D5:1' at (43180000, 119700000) with pad 'D6:1' at (62230000, 119700000) using coordinate system rotated by 0 degree(s)
13:28:11: [INFO] Adding track segment (B.Cu): [(43180000, 119700000), (62230000, 119700000)]
13:28:11: [INFO] Routing pad 'D6:1' at (62230000, 119700000) with pad 'D7:1' at (81280000, 119700000) using coordinate system rotated by 0 degree(s)
13:28:11: [INFO] Adding track segment (B.Cu): [(62230000, 119700000), (81280000, 119700000)]
13:28:11: [INFO] Removing dangling tracks
