=== kbplacer.kle_serial ===
=== layout2image.py ===
=== kbplacer ===
13:36:51: [INFO] User layout: https://editor.keyboard-tools.xyz/#share=NrDeCIGNwLgAnAYgIareAvgGgQBi7uDhAB6xwCMOU5SA7A45tfhUXlgEzunkXYcALO3D4ArCPwA2cAF0sAKDA14SNOgHgqhYuDLxcAOjHVoqxJEtXmCKm2pVuDrAGYRVYc4nOZzuu6wADjlZIA
13:36:51: [INFO] Labels prefixes: for rows: 'ROW', for columns: 'COL'
13:36:51: [INFO] Matrix size: 1x8
13:36:51: [INFO] Add COL0 net
13:36:51: [INFO] Add COL1 net
13:36:51: [INFO] Add COL2 net
13:36:51: [INFO] Add COL3 net
13:36:51: [INFO] Add COL4 net
13:36:51: [INFO] Add COL5 net
13:36:51: [INFO] Add COL6 net
13:36:51: [INFO] Add COL7 net
13:36:51: [INFO] Add COL8 net
13:36:51: [INFO] Add Net-(D1-A) net
13:36:51: [INFO] Add Net-(D10-A) net
13:36:51: [INFO] Add Net-(D11-A) net
13:36:51: [INFO] Add Net-(D12-A) net
13:36:51: [INFO] Add Net-(D13-A) net
13:36:51: [INFO] Add Net-(D14-A) net
13:36:51: [INFO] Add Net-(D15-A) net
13:36:51: [INFO] Add Net-(D2-A) net
13:36:51: [INFO] Add Net-(D3-A) net
13:36:51: [INFO] Add Net-(D4-A) net
13:36:51: [INFO] Add Net-(D5-A) net
13:36:51: [INFO] Add Net-(D6-A) net
13:36:51: [INFO] Add Net-(D7-A) net
13:36:51: [INFO] Add Net-(D8-A) net
13:36:51: [INFO] Add Net-(D9-A) net
13:36:51: [INFO] Add ROW0 net
13:36:51: [INFO] Add ROW1 net
13:36:51: [INFO] Add SW1 footprint
13:36:51: [INFO] Add D1 footprint
13:36:51: [INFO] Add SW2 footprint
13:36:51: [INFO] Add D2 footprint
13:36:51: [INFO] Add SW3 footprint
13:36:51: [INFO] Add D3 footprint
13:36:51: [INFO] Add SW4 footprint
13:36:51: [INFO] Add D4 footprint
13:36:52: [INFO] Add SW5 footprint
13:36:52: [INFO] Add D5 footprint
13:36:52: [INFO] Add SW6 footprint
13:36:52: [INFO] Add D6 footprint
13:36:52: [INFO] Add SW7 footprint
13:36:52: [INFO] Add D7 footprint
13:36:52: [INFO] Add SW8 footprint
13:36:52: [INFO] Add D8 footprint
13:36:52: [INFO] Add SW9 footprint
13:36:52: [INFO] Add D9 footprint
13:36:52: [INFO] Add SW10 footprint
13:36:52: [INFO] Add D10 footprint
13:36:52: [INFO] Add SW11 footprint
13:36:52: [INFO] Add D11 footprint
13:36:52: [INFO] Add SW12 footprint
13:36:52: [INFO] Add D12 footprint
13:36:52: [INFO] Add SW13 footprint
13:36:52: [INFO] Add D13 footprint
13:36:52: [INFO] Add SW14 footprint
13:36:52: [INFO] Add D14 footprint
13:36:52: [INFO] Add SW15 footprint
13:36:52: [INFO] Add D15 footprint
13:36:52: [INFO] Detected layout convertible to matrix annotated keyboard
13:36:52: [INFO] Using key 1U distance: (19.05, 19.05) mm
13:36:52: [INFO] Layout offset: (28575000, 28575000)
13:36:52: [INFO] Diode info: [ElementInfo(annotation_format='D{}', position_option=<PositionOption.CUSTOM: 'Custom'>, position=ElementPosition(x=5.08, y=4.0, orientation=90.0, side=<Side.BACK: 'Back'>), template_path='', start_index=-1)]
13:36:52: [INFO] Placing additional elements for SW15
13:36:52: [INFO] Placing additional elements for SW14
13:36:52: [INFO] Placing additional elements for SW13
13:36:52: [INFO] Placing additional elements for SW12
13:36:52: [INFO] Placing additional elements for SW11
13:36:52: [INFO] Placing additional elements for SW10
13:36:52: [INFO] Placing additional elements for SW9
13:36:52: [INFO] Placing additional elements for SW8
13:36:52: [INFO] Placing additional elements for SW7
13:36:52: [INFO] Placing additional elements for SW6
13:36:52: [INFO] Placing additional elements for SW5
13:36:52: [INFO] Placing additional elements for SW4
13:36:52: [INFO] Placing additional elements for SW3
13:36:52: [INFO] Placing additional elements for SW2
13:36:52: [INFO] Placing additional elements for SW1
13:36:52: [INFO] Routing SW15 with D15
13:36:52: [INFO] Using internal autorouter method
13:36:52: [INFO] Routing pad 'SW15:2' at (202565000, 52070000) with pad 'D15:2' at (205105000, 59750000) using coordinate system rotated by 0 degree(s)
13:36:52: [INFO] Adding track segment (B.Cu): [(202565000, 52070000), (202565000, 57210000)]
13:36:52: [INFO] Adding track segment (B.Cu): [(202565000, 57210000), (205105000, 59750000)]
13:36:52: [INFO] Routing SW14 with D14
13:36:52: [INFO] Using internal autorouter method
13:36:52: [INFO] Routing pad 'SW14:2' at (183515000, 52070000) with pad 'D14:2' at (186055000, 59750000) using coordinate system rotated by 0 degree(s)
13:36:52: [INFO] Adding track segment (B.Cu): [(183515000, 52070000), (183515000, 57210000)]
13:36:52: [INFO] Adding track segment (B.Cu): [(183515000, 57210000), (186055000, 59750000)]
13:36:52: [INFO] Routing SW13 with D13
13:36:52: [INFO] Using internal autorouter method
13:36:52: [INFO] Routing pad 'SW13:2' at (164465000, 52070000) with pad 'D13:2' at (167005000, 59750000) using coordinate system rotated by 0 degree(s)
13:36:52: [INFO] Adding track segment (B.Cu): [(164465000, 52070000), (164465000, 57210000)]
13:36:52: [INFO] Adding track segment (B.Cu): [(164465000, 57210000), (167005000, 59750000)]
13:36:52: [INFO] Routing SW12 with D12
13:36:52: [INFO] Using internal autorouter method
13:36:52: [INFO] Routing pad 'SW12:2' at (145415000, 52070000) with pad 'D12:2' at (147955000, 59750000) using coordinate system rotated by 0 degree(s)
13:36:52: [INFO] Adding track segment (B.Cu): [(145415000, 52070000), (145415000, 57210000)]
13:36:52: [INFO] Adding track segment (B.Cu): [(145415000, 57210000), (147955000, 59750000)]
13:36:52: [INFO] Routing SW11 with D11
13:36:52: [INFO] Using internal autorouter method
13:36:52: [INFO] Routing pad 'SW11:2' at (126365000, 52070000) with pad 'D11:2' at (128905000, 59750000) using coordinate system rotated by 0 degree(s)
13:36:52: [INFO] Adding track segment (B.Cu): [(126365000, 52070000), (126365000, 57210000)]
13:36:52: [INFO] Adding track segment (B.Cu): [(126365000, 57210000), (128905000, 59750000)]
13:36:52: [INFO] Routing SW10 with D10
13:36:52: [INFO] Using internal autorouter method
13:36:52: [INFO] Routing pad 'SW10:2' at (107315000, 52070000) with pad 'D10:2' at (109855000, 59750000) using coordinate system rotated by 0 degree(s)
13:36:52: [INFO] Adding track segment (B.Cu): [(107315000, 52070000), (107315000, 57210000)]
13:36:52: [INFO] Adding track segment (B.Cu): [(107315000, 57210000), (109855000, 59750000)]
13:36:52: [INFO] Routing SW9 with D9
13:36:52: [INFO] Using internal autorouter method
13:36:52: [INFO] Routing pad 'SW9:2' at (88265000, 52070000) with pad 'D9:2' at (90805000, 59750000) using coordinate system rotated by 0 degree(s)
13:36:52: [INFO] Adding track segment (B.Cu): [(88265000, 52070000), (88265000, 57210000)]
13:36:52: [INFO] Adding track segment (B.Cu): [(88265000, 57210000), (90805000, 59750000)]
13:36:52: [INFO] Routing SW8 with D8
13:36:52: [INFO] Using internal autorouter method
13:36:52: [INFO] Routing pad 'SW8:2' at (69215000, 52070000) with pad 'D8:2' at (71755000, 59750000) using coordinate system rotated by 0 degree(s)
13:36:52: [INFO] Adding track segment (B.Cu): [(69215000, 52070000), (69215000, 57210000)]
13:36:52: [INFO] Adding track segment (B.Cu): [(69215000, 57210000), (71755000, 59750000)]
13:36:52: [INFO] Routing SW7 with D7
13:36:52: [INFO] Using internal autorouter method
13:36:52: [INFO] Routing pad 'SW7:2' at (40640000, 52070000) with pad 'D7:2' at (43180000, 59750000) using coordinate system rotated by 0 degree(s)
13:36:52: [INFO] Adding track segment (B.Cu): [(40640000, 52070000), (40640000, 57210000)]
13:36:52: [INFO] Adding track segment (B.Cu): [(40640000, 57210000), (43180000, 59750000)]
13:36:52: [INFO] Routing SW6 with D6
13:36:52: [INFO] Using internal autorouter method
13:36:52: [INFO] Routing pad 'SW6:2' at (173990000, 33020000) with pad 'D6:2' at (176530000, 40700000) using coordinate system rotated by 0 degree(s)
13:36:52: [INFO] Adding track segment (B.Cu): [(173990000, 33020000), (173990000, 38160000)]
13:36:52: [INFO] Adding track segment (B.Cu): [(173990000, 38160000), (176530000, 40700000)]
13:36:52: [INFO] Routing SW5 with D5
13:36:52: [INFO] Using internal autorouter method
13:36:52: [INFO] Routing pad 'SW5:2' at (154940000, 33020000) with pad 'D5:2' at (157480000, 40700000) using coordinate system rotated by 0 degree(s)
13:36:52: [INFO] Adding track segment (B.Cu): [(154940000, 33020000), (154940000, 38160000)]
13:36:52: [INFO] Adding track segment (B.Cu): [(154940000, 38160000), (157480000, 40700000)]
13:36:52: [INFO] Routing SW4 with D4
13:36:52: [INFO] Using internal autorouter method
13:36:52: [INFO] Routing pad 'SW4:2' at (135890000, 33020000) with pad 'D4:2' at (138430000, 40700000) using coordinate system rotated by 0 degree(s)
13:36:52: [INFO] Adding track segment (B.Cu): [(135890000, 33020000), (135890000, 38160000)]
13:36:52: [INFO] Adding track segment (B.Cu): [(135890000, 38160000), (138430000, 40700000)]
13:36:52: [INFO] Routing SW3 with D3
13:36:52: [INFO] Using internal autorouter method
13:36:52: [INFO] Routing pad 'SW3:2' at (97790000, 33020000) with pad 'D3:2' at (100330000, 40700000) using coordinate system rotated by 0 degree(s)
13:36:52: [INFO] Adding track segment (B.Cu): [(97790000, 33020000), (97790000, 38160000)]
13:36:52: [INFO] Adding track segment (B.Cu): [(97790000, 38160000), (100330000, 40700000)]
13:36:52: [INFO] Routing SW2 with D2
13:36:52: [INFO] Using internal autorouter method
13:36:52: [INFO] Routing pad 'SW2:2' at (78740000, 33020000) with pad 'D2:2' at (81280000, 40700000) using coordinate system rotated by 0 degree(s)
13:36:52: [INFO] Adding track segment (B.Cu): [(78740000, 33020000), (78740000, 38160000)]
13:36:52: [INFO] Adding track segment (B.Cu): [(78740000, 38160000), (81280000, 40700000)]
13:36:52: [INFO] Routing SW1 with D1
13:36:52: [INFO] Using internal autorouter method
13:36:52: [INFO] Routing pad 'SW1:2' at (40640000, 33020000) with pad 'D1:2' at (43180000, 40700000) using coordinate system rotated by 0 degree(s)
13:36:52: [INFO] Adding track segment (B.Cu): [(40640000, 33020000), (40640000, 38160000)]
13:36:52: [INFO] Adding track segment (B.Cu): [(40640000, 38160000), (43180000, 40700000)]
13:36:52: [INFO] Routing COL1 pads
13:36:52: [INFO] Routing pad 'SW8:1' at (62865000, 54610000) with pad 'SW2:1' at (72390000, 35560000) using coordinate system rotated by 0 degree(s)
13:36:52: [INFO] Adding track segment (F.Cu): [(62865000, 54610000), (72390000, 45085000)]
13:36:52: [INFO] Adding track segment (F.Cu): [(72390000, 45085000), (72390000, 35560000)]
13:36:52: [INFO] Routing COL6 pads
13:36:52: [INFO] Routing pad 'SW13:1' at (158115000, 54610000) with pad 'SW6:1' at (167640000, 35560000) using coordinate system rotated by 0 degree(s)
13:36:52: [INFO] Adding track segment (F.Cu): [(158115000, 54610000), (167640000, 45085000)]
13:36:52: [INFO] Adding track segment (F.Cu): [(167640000, 45085000), (167640000, 35560000)]
13:36:52: [INFO] Routing COL0 pads
13:36:52: [INFO] Routing pad 'SW1:1' at (34290000, 35560000) with pad 'SW7:1' at (34290000, 54610000) using coordinate system rotated by 0 degree(s)
13:36:52: [INFO] Adding track segment (F.Cu): [(34290000, 35560000), (34290000, 54610000)]
13:36:52: [INFO] Routing COL3 pads
13:36:52: [INFO] Routing COL7 pads
13:36:52: [INFO] Routing COL8 pads
13:36:52: [INFO] Routing COL4 pads
13:36:52: [INFO] Routing pad 'SW11:1' at (120015000, 54610000) with pad 'SW4:1' at (129540000, 35560000) using coordinate system rotated by 0 degree(s)
13:36:52: [INFO] Adding track segment (F.Cu): [(120015000, 54610000), (129540000, 45085000)]
13:36:52: [INFO] Adding track segment (F.Cu): [(129540000, 45085000), (129540000, 35560000)]
13:36:52: [INFO] Routing ROW0 pads
13:36:52: [INFO] Routing pad 'D1:1' at (43180000, 43500000) with pad 'D2:1' at (81280000, 43500000) using coordinate system rotated by 0 degree(s)
13:36:52: [INFO] Adding track segment (B.Cu): [(43180000, 43500000), (81280000, 43500000)]
13:36:52: [INFO] Routing pad 'D2:1' at (81280000, 43500000) with pad 'D3:1' at (100330000, 43500000) using coordinate system rotated by 0 degree(s)
13:36:52: [INFO] Adding track segment (B.Cu): [(81280000, 43500000), (100330000, 43500000)]
13:36:52: [INFO] Routing pad 'D3:1' at (100330000, 43500000) with pad 'D4:1' at (138430000, 43500000) using coordinate system rotated by 0 degree(s)
13:36:52: [INFO] Adding track segment (B.Cu): [(100330000, 43500000), (138430000, 43500000)]
13:36:52: [INFO] Routing pad 'D4:1' at (138430000, 43500000) with pad 'D5:1' at (157480000, 43500000) using coordinate system rotated by 0 degree(s)
13:36:52: [INFO] Adding track segment (B.Cu): [(138430000, 43500000), (157480000, 43500000)]
13:36:52: [INFO] Routing pad 'D5:1' at (157480000, 43500000) with pad 'D6:1' at (176530000, 43500000) using coordinate system rotated by 0 degree(s)
13:36:52: [INFO] Adding track segment (B.Cu): [(157480000, 43500000), (176530000, 43500000)]
13:36:52: [INFO] Routing ROW1 pads
13:36:52: [INFO] Routing pad 'D7:1' at (43180000, 62550000) with pad 'D8:1' at (71755000, 62550000) using coordinate system rotated by 0 degree(s)
13:36:52: [INFO] Adding track segment (B.Cu): [(43180000, 62550000), (71755000, 62550000)]
13:36:52: [INFO] Routing pad 'D8:1' at (71755000, 62550000) with pad 'D9:1' at (90805000, 62550000) using coordinate system rotated by 0 degree(s)
13:36:52: [INFO] Adding track segment (B.Cu): [(71755000, 62550000), (90805000, 62550000)]
13:36:52: [INFO] Routing pad 'D9:1' at (90805000, 62550000) with pad 'D10:1' at (109855000, 62550000) using coordinate system rotated by 0 degree(s)
13:36:52: [INFO] Adding track segment (B.Cu): [(90805000, 62550000), (109855000, 62550000)]
13:36:52: [INFO] Routing pad 'D10:1' at (109855000, 62550000) with pad 'D11:1' at (128905000, 62550000) using coordinate system rotated by 0 degree(s)
13:36:52: [INFO] Adding track segment (B.Cu): [(109855000, 62550000), (128905000, 62550000)]
13:36:52: [INFO] Routing pad 'D11:1' at (128905000, 62550000) with pad 'D12:1' at (147955000, 62550000) using coordinate system rotated by 0 degree(s)
13:36:52: [INFO] Adding track segment (B.Cu): [(128905000, 62550000), (147955000, 62550000)]
13:36:52: [INFO] Routing pad 'D12:1' at (147955000, 62550000) with pad 'D13:1' at (167005000, 62550000) using coordinate system rotated by 0 degree(s)
13:36:52: [INFO] Adding track segment (B.Cu): [(147955000, 62550000), (167005000, 62550000)]
13:36:52: [INFO] Routing pad 'D13:1' at (167005000, 62550000) with pad 'D14:1' at (186055000, 62550000) using coordinate system rotated by 0 degree(s)
13:36:52: [INFO] Adding track segment (B.Cu): [(167005000, 62550000), (186055000, 62550000)]
13:36:52: [INFO] Routing pad 'D14:1' at (186055000, 62550000) with pad 'D15:1' at (205105000, 62550000) using coordinate system rotated by 0 degree(s)
13:36:52: [INFO] Adding track segment (B.Cu): [(186055000, 62550000), (205105000, 62550000)]
13:36:52: [INFO] Routing COL5 pads
13:36:52: [INFO] Routing pad 'SW12:1' at (139065000, 54610000) with pad 'SW5:1' at (148590000, 35560000) using coordinate system rotated by 0 degree(s)
13:36:52: [INFO] Adding track segment (F.Cu): [(139065000, 54610000), (148590000, 45085000)]
13:36:52: [INFO] Adding track segment (F.Cu): [(148590000, 45085000), (148590000, 35560000)]
13:36:52: [INFO] Routing COL2 pads
13:36:52: [INFO] Routing pad 'SW9:1' at (81915000, 54610000) with pad 'SW3:1' at (91440000, 35560000) using coordinate system rotated by 0 degree(s)
13:36:52: [INFO] Adding track segment (F.Cu): [(81915000, 54610000), (91440000, 45085000)]
13:36:52: [INFO] Adding track segment (F.Cu): [(91440000, 45085000), (91440000, 35560000)]
13:36:52: [INFO] Removing dangling tracks
