=== kbplacer.kle_serial ===
=== layout2image.py ===
=== kbplacer ===
13:34:25: [INFO] User layout: https://editor.keyboard-tools.xyz/#share=NrDeCIA9wLgAgAwDoCsBfANHcBmDDwBdDAKDClkVS3AGNLwBiAdlbfE2wX3CwmnjIATOhrcAjLzj9KwlDXrwmtFao5iMQqeG45t3ACz6MKYwDYpM+ENScdGZsYAcxgJzHxBDeMnet3vT46BhY2VnUuDHEjYjIrKhE7cR4ggQT5bAB3SnFbGmTfaWClRlU1JM1tZMDsZKN8kyqMC1TKG1FahyaXBvcGzyafS3Bs+FyO8AL-IsVsULCIyaiapeiiUmBwIRSitLkaUbhc5gntwohZ5TL6O23prYwV7frsbdMabZbdtrzXro+MD0-n0-gMAUNwdMLiEwuEDj9EuC9LFyHskCcFCEAIY43HaQ42RHYPDnYpza43Gh4e54FZ4F64RpU5rDNLtOx4RzMoGMkGMsHEqKktLjDnLdZxChjJAiTElXF4+HSongAxRYaHXIqtVQkY5GUTNU1eLIDJkpiwrlZfXajAveIoJDca3Kw0YEHQ+UKrH4m1ugUQTUGuxqiHfQTUbCXUrXRah+6hlahmIbCAAJ0oGOwabSrgNNDTAE9KI6s+Bi-AALSEs0E9Fulwok35qMw2G+6zBmhqxxN8AZqtltLV+s0CtwEfO82Mb0+pVwGwnEONPvD9pyuaWjsLrvYNUWQiEIA
13:34:25: [INFO] Labels prefixes: for rows: 'ROW', for columns: 'COL'
13:34:25: [INFO] Matrix size: 4x14
13:34:25: [WARNING] No stabilizer footprint for width 2.25u, using 2u as fallback
13:34:25: [WARNING] No stabilizer footprint for width 2.25u, using 2u as fallback
13:34:25: [WARNING] No stabilizer footprint for width 2.75u, using 2u as fallback
13:34:25: [WARNING] No stabilizer footprint for width 2.25u, using 2u as fallback
13:34:25: [WARNING] No stabilizer footprint for width 2.25u, using 2u as fallback
13:34:25: [WARNING] No stabilizer footprint for width 2.75u, using 2u as fallback
13:34:26: [INFO] Add COL0 net
13:34:26: [INFO] Add COL1 net
13:34:26: [INFO] Add COL10 net
13:34:26: [INFO] Add COL11 net
13:34:26: [INFO] Add COL12 net
13:34:26: [INFO] Add COL13 net
13:34:26: [INFO] Add COL14 net
13:34:26: [INFO] Add COL2 net
13:34:26: [INFO] Add COL3 net
13:34:26: [INFO] Add COL4 net
13:34:26: [INFO] Add COL5 net
13:34:26: [INFO] Add COL6 net
13:34:26: [INFO] Add COL7 net
13:34:26: [INFO] Add COL8 net
13:34:26: [INFO] Add COL9 net
13:34:26: [INFO] Add Net-(D1-A) net
13:34:26: [INFO] Add Net-(D10-A) net
13:34:26: [INFO] Add Net-(D11-A) net
13:34:26: [INFO] Add Net-(D12-A) net
13:34:26: [INFO] Add Net-(D13-A) net
13:34:26: [INFO] Add Net-(D14-A) net
13:34:26: [INFO] Add Net-(D15-A) net
13:34:26: [INFO] Add Net-(D16-A) net
13:34:26: [INFO] Add Net-(D17-A) net
13:34:26: [INFO] Add Net-(D18-A) net
13:34:26: [INFO] Add Net-(D19-A) net
13:34:26: [INFO] Add Net-(D2-A) net
13:34:26: [INFO] Add Net-(D20-A) net
13:34:26: [INFO] Add Net-(D21-A) net
13:34:26: [INFO] Add Net-(D22-A) net
13:34:26: [INFO] Add Net-(D23-A) net
13:34:26: [INFO] Add Net-(D24-A) net
13:34:26: [INFO] Add Net-(D25-A) net
13:34:26: [INFO] Add Net-(D26-A) net
13:34:26: [INFO] Add Net-(D27-A) net
13:34:26: [INFO] Add Net-(D28-A) net
13:34:26: [INFO] Add Net-(D29-A) net
13:34:26: [INFO] Add Net-(D3-A) net
13:34:26: [INFO] Add Net-(D30-A) net
13:34:26: [INFO] Add Net-(D31-A) net
13:34:26: [INFO] Add Net-(D32-A) net
13:34:26: [INFO] Add Net-(D33-A) net
13:34:26: [INFO] Add Net-(D34-A) net
13:34:26: [INFO] Add Net-(D35-A) net
13:34:26: [INFO] Add Net-(D36-A) net
13:34:26: [INFO] Add Net-(D37-A) net
13:34:26: [INFO] Add Net-(D38-A) net
13:34:26: [INFO] Add Net-(D39-A) net
13:34:26: [INFO] Add Net-(D4-A) net
13:34:26: [INFO] Add Net-(D40-A) net
13:34:26: [INFO] Add Net-(D41-A) net
13:34:26: [INFO] Add Net-(D42-A) net
13:34:26: [INFO] Add Net-(D43-A) net
13:34:26: [INFO] Add Net-(D44-A) net
13:34:26: [INFO] Add Net-(D45-A) net
13:34:26: [INFO] Add Net-(D46-A) net
13:34:26: [INFO] Add Net-(D47-A) net
13:34:26: [INFO] Add Net-(D48-A) net
13:34:26: [INFO] Add Net-(D49-A) net
13:34:26: [INFO] Add Net-(D5-A) net
13:34:26: [INFO] Add Net-(D50-A) net
13:34:26: [INFO] Add Net-(D51-A) net
13:34:26: [INFO] Add Net-(D52-A) net
13:34:26: [INFO] Add Net-(D53-A) net
13:34:26: [INFO] Add Net-(D54-A) net
13:34:26: [INFO] Add Net-(D55-A) net
13:34:26: [INFO] Add Net-(D56-A) net
13:34:26: [INFO] Add Net-(D57-A) net
13:34:26: [INFO] Add Net-(D58-A) net
13:34:26: [INFO] Add Net-(D59-A) net
13:34:26: [INFO] Add Net-(D6-A) net
13:34:26: [INFO] Add Net-(D60-A) net
13:34:26: [INFO] Add Net-(D61-A) net
13:34:26: [INFO] Add Net-(D62-A) net
13:34:26: [INFO] Add Net-(D63-A) net
13:34:26: [INFO] Add Net-(D64-A) net
13:34:26: [INFO] Add Net-(D65-A) net
13:34:26: [INFO] Add Net-(D66-A) net
13:34:26: [INFO] Add Net-(D67-A) net
13:34:26: [INFO] Add Net-(D68-A) net
13:34:26: [INFO] Add Net-(D69-A) net
13:34:26: [INFO] Add Net-(D7-A) net
13:34:26: [INFO] Add Net-(D70-A) net
13:34:26: [INFO] Add Net-(D71-A) net
13:34:26: [INFO] Add Net-(D8-A) net
13:34:26: [INFO] Add Net-(D9-A) net
13:34:26: [INFO] Add ROW0 net
13:34:26: [INFO] Add ROW1 net
13:34:26: [INFO] Add ROW2 net
13:34:26: [INFO] Add ROW3 net
13:34:26: [INFO] Add ROW4 net
13:34:26: [INFO] Add SW1 footprint
13:34:26: [INFO] Add D1 footprint
13:34:26: [INFO] Add SW2 footprint
13:34:26: [INFO] Add D2 footprint
13:34:26: [INFO] Add SW3 footprint
13:34:26: [INFO] Add D3 footprint
13:34:26: [INFO] Add SW4 footprint
13:34:26: [INFO] Add D4 footprint
13:34:26: [INFO] Add SW5 footprint
13:34:26: [INFO] Add D5 footprint
13:34:26: [INFO] Add SW6 footprint
13:34:26: [INFO] Add D6 footprint
13:34:26: [INFO] Add SW7 footprint
13:34:26: [INFO] Add D7 footprint
13:34:26: [INFO] Add SW8 footprint
13:34:26: [INFO] Add D8 footprint
13:34:26: [INFO] Add SW9 footprint
13:34:26: [INFO] Add D9 footprint
13:34:26: [INFO] Add SW10 footprint
13:34:26: [INFO] Add D10 footprint
13:34:26: [INFO] Add SW11 footprint
13:34:26: [INFO] Add D11 footprint
13:34:26: [INFO] Add SW12 footprint
13:34:26: [INFO] Add D12 footprint
13:34:26: [INFO] Add SW13 footprint
13:34:26: [INFO] Add D13 footprint
13:34:26: [INFO] Add SW14 footprint
13:34:27: [INFO] Add D14 footprint
13:34:27: [INFO] Add SW15 footprint
13:34:27: [INFO] Add D15 footprint
13:34:27: [INFO] Add SW16 footprint
13:34:27: [INFO] Add D16 footprint
13:34:27: [INFO] Add SW17 footprint
13:34:27: [INFO] Add D17 footprint
13:34:27: [INFO] Add SW18 footprint
13:34:27: [INFO] Add D18 footprint
13:34:27: [INFO] Add SW19 footprint
13:34:27: [INFO] Add D19 footprint
13:34:27: [INFO] Add SW20 footprint
13:34:27: [INFO] Add D20 footprint
13:34:27: [INFO] Add SW21 footprint
13:34:27: [INFO] Add D21 footprint
13:34:27: [INFO] Add SW22 footprint
13:34:27: [INFO] Add D22 footprint
13:34:27: [INFO] Add SW23 footprint
13:34:27: [INFO] Add D23 footprint
13:34:27: [INFO] Add SW24 footprint
13:34:27: [INFO] Add D24 footprint
13:34:27: [INFO] Add SW25 footprint
13:34:27: [INFO] Add D25 footprint
13:34:27: [INFO] Add SW26 footprint
13:34:27: [INFO] Add D26 footprint
13:34:27: [INFO] Add SW27 footprint
13:34:27: [INFO] Add D27 footprint
13:34:27: [INFO] Add SW28 footprint
13:34:27: [INFO] Add D28 footprint
13:34:27: [INFO] Add SW29 footprint
13:34:27: [INFO] Add D29 footprint
13:34:27: [INFO] Add SW30 footprint
13:34:27: [INFO] Add D30 footprint
13:34:27: [INFO] Add SW31 footprint
13:34:28: [INFO] Add D31 footprint
13:34:28: [INFO] Add SW32 footprint
13:34:28: [INFO] Add D32 footprint
13:34:28: [INFO] Add SW33 footprint
13:34:28: [INFO] Add D33 footprint
13:34:28: [INFO] Add SW34 footprint
13:34:28: [INFO] Add D34 footprint
13:34:28: [INFO] Add SW35 footprint
13:34:28: [INFO] Add D35 footprint
13:34:28: [INFO] Add SW36 footprint
13:34:28: [INFO] Add D36 footprint
13:34:28: [INFO] Add SW37 footprint
13:34:28: [INFO] Add D37 footprint
13:34:28: [INFO] Add SW38 footprint
13:34:28: [INFO] Add D38 footprint
13:34:28: [INFO] Add SW39 footprint
13:34:28: [INFO] Add D39 footprint
13:34:28: [INFO] Add SW40 footprint
13:34:28: [INFO] Add D40 footprint
13:34:28: [INFO] Add SW41 footprint
13:34:28: [INFO] Add D41 footprint
13:34:28: [INFO] Add SW42 footprint
13:34:28: [INFO] Add D42 footprint
13:34:28: [INFO] Add SW43 footprint
13:34:28: [INFO] Add D43 footprint
13:34:28: [INFO] Add SW44 footprint
13:34:28: [INFO] Add D44 footprint
13:34:28: [WARNING] No stabilizer footprint for width 2.25u, using 2u as fallback
13:34:28: [INFO] Add ST44 footprint
13:34:28: [INFO] Add SW45 footprint
13:34:28: [INFO] Add D45 footprint
13:34:28: [INFO] Add SW46 footprint
13:34:28: [INFO] Add D46 footprint
13:34:28: [WARNING] No stabilizer footprint for width 2.25u, using 2u as fallback
13:34:28: [INFO] Add ST46 footprint
13:34:28: [INFO] Add SW47 footprint
13:34:28: [INFO] Add D47 footprint
13:34:28: [INFO] Add SW48 footprint
13:34:29: [INFO] Add D48 footprint
13:34:29: [INFO] Add SW49 footprint
13:34:29: [INFO] Add D49 footprint
13:34:29: [INFO] Add SW50 footprint
13:34:29: [INFO] Add D50 footprint
13:34:29: [INFO] Add SW51 footprint
13:34:29: [INFO] Add D51 footprint
13:34:29: [INFO] Add SW52 footprint
13:34:29: [INFO] Add D52 footprint
13:34:29: [INFO] Add SW53 footprint
13:34:29: [INFO] Add D53 footprint
13:34:29: [INFO] Add SW54 footprint
13:34:29: [INFO] Add D54 footprint
13:34:29: [INFO] Add SW55 footprint
13:34:29: [INFO] Add D55 footprint
13:34:29: [INFO] Add SW56 footprint
13:34:29: [INFO] Add D56 footprint
13:34:29: [INFO] Add SW57 footprint
13:34:29: [INFO] Add D57 footprint
13:34:29: [INFO] Add SW58 footprint
13:34:29: [INFO] Add D58 footprint
13:34:29: [INFO] Add SW59 footprint
13:34:29: [INFO] Add D59 footprint
13:34:29: [INFO] Add SW60 footprint
13:34:29: [INFO] Add D60 footprint
13:34:29: [INFO] Add SW61 footprint
13:34:29: [INFO] Add D61 footprint
13:34:29: [INFO] Add SW62 footprint
13:34:29: [INFO] Add D62 footprint
13:34:29: [WARNING] No stabilizer footprint for width 2.75u, using 2u as fallback
13:34:29: [INFO] Add ST62 footprint
13:34:29: [INFO] Add SW63 footprint
13:34:29: [INFO] Add D63 footprint
13:34:29: [WARNING] No stabilizer footprint for width 2.25u, using 2u as fallback
13:34:29: [INFO] Add ST63 footprint
13:34:29: [INFO] Add SW64 footprint
13:34:29: [INFO] Add D64 footprint
13:34:29: [WARNING] No stabilizer footprint for width 2.25u, using 2u as fallback
13:34:29: [INFO] Add ST64 footprint
13:34:29: [INFO] Add SW65 footprint
13:34:30: [INFO] Add D65 footprint
13:34:30: [WARNING] No stabilizer footprint for width 2.75u, using 2u as fallback
13:34:30: [INFO] Add ST65 footprint
13:34:30: [INFO] Add SW66 footprint
13:34:30: [INFO] Add D66 footprint
13:34:30: [INFO] Add SW67 footprint
13:34:30: [INFO] Add D67 footprint
13:34:30: [INFO] Add SW68 footprint
13:34:30: [INFO] Add D68 footprint
13:34:30: [INFO] Add SW69 footprint
13:34:30: [INFO] Add D69 footprint
13:34:30: [INFO] Add SW70 footprint
13:34:30: [INFO] Add D70 footprint
13:34:30: [INFO] Add SW71 footprint
13:34:30: [INFO] Add D71 footprint
13:34:30: [INFO] Detected layout convertible to matrix annotated keyboard
13:34:30: [INFO] Using key 1U distance: (19.05, 19.05) mm
13:34:30: [INFO] Layout offset: (38100000, 28575000)
13:34:30: [INFO] Diode info: [ElementInfo(annotation_format='D{}', position_option=<PositionOption.CUSTOM: 'Custom'>, position=ElementPosition(x=5.08, y=4.0, orientation=90.0, side=<Side.BACK: 'Back'>), template_path='', start_index=-1)]
13:34:30: [INFO] Placing additional elements for SW71
13:34:30: [INFO] Placing additional elements for SW70
13:34:30: [INFO] Placing additional elements for SW69
13:34:30: [INFO] Placing additional elements for SW68
13:34:30: [INFO] Placing additional elements for SW67
13:34:30: [INFO] Placing additional elements for SW66
13:34:30: [INFO] Placing additional elements for SW65
13:34:30: [INFO] Placing additional elements for SW64
13:34:30: [INFO] Placing additional elements for SW63
13:34:30: [INFO] Placing additional elements for SW62
13:34:30: [INFO] Placing additional elements for SW61
13:34:30: [INFO] Placing additional elements for SW60
13:34:30: [INFO] Placing additional elements for SW59
13:34:30: [INFO] Placing additional elements for SW58
13:34:30: [INFO] Placing additional elements for SW57
13:34:30: [INFO] Placing additional elements for SW56
13:34:30: [INFO] Placing additional elements for SW55
13:34:30: [INFO] Placing additional elements for SW54
13:34:30: [INFO] Placing additional elements for SW53
13:34:30: [INFO] Placing additional elements for SW52
13:34:30: [INFO] Placing additional elements for SW51
13:34:30: [INFO] Placing additional elements for SW50
13:34:30: [INFO] Placing additional elements for SW49
13:34:30: [INFO] Placing additional elements for SW48
13:34:30: [INFO] Placing additional elements for SW47
13:34:30: [INFO] Placing additional elements for SW46
13:34:30: [INFO] Placing additional elements for SW45
13:34:30: [INFO] Placing additional elements for SW44
13:34:30: [INFO] Placing additional elements for SW43
13:34:30: [INFO] Placing additional elements for SW42
13:34:30: [INFO] Placing additional elements for SW41
13:34:30: [INFO] Placing additional elements for SW40
13:34:30: [INFO] Placing additional elements for SW39
13:34:30: [INFO] Placing additional elements for SW38
13:34:30: [INFO] Placing additional elements for SW37
13:34:30: [INFO] Placing additional elements for SW36
13:34:30: [INFO] Placing additional elements for SW35
13:34:30: [INFO] Placing additional elements for SW34
13:34:30: [INFO] Placing additional elements for SW33
13:34:30: [INFO] Placing additional elements for SW32
13:34:30: [INFO] Placing additional elements for SW31
13:34:30: [INFO] Placing additional elements for SW30
13:34:30: [INFO] Placing additional elements for SW29
13:34:30: [INFO] Placing additional elements for SW28
13:34:30: [INFO] Placing additional elements for SW27
13:34:30: [INFO] Placing additional elements for SW26
13:34:30: [INFO] Placing additional elements for SW25
13:34:30: [INFO] Placing additional elements for SW24
13:34:30: [INFO] Placing additional elements for SW23
13:34:30: [INFO] Placing additional elements for SW22
13:34:30: [INFO] Placing additional elements for SW21
13:34:30: [INFO] Placing additional elements for SW20
13:34:30: [INFO] Placing additional elements for SW19
13:34:30: [INFO] Placing additional elements for SW18
13:34:30: [INFO] Placing additional elements for SW17
13:34:30: [INFO] Placing additional elements for SW16
13:34:30: [INFO] Placing additional elements for SW15
13:34:30: [INFO] Placing additional elements for SW14
13:34:30: [INFO] Placing additional elements for SW13
13:34:30: [INFO] Placing additional elements for SW12
13:34:30: [INFO] Placing additional elements for SW11
13:34:30: [INFO] Placing additional elements for SW10
13:34:30: [INFO] Placing additional elements for SW9
13:34:30: [INFO] Placing additional elements for SW8
13:34:30: [INFO] Placing additional elements for SW7
13:34:30: [INFO] Placing additional elements for SW6
13:34:30: [INFO] Placing additional elements for SW5
13:34:30: [INFO] Placing additional elements for SW4
13:34:30: [INFO] Placing additional elements for SW3
13:34:30: [INFO] Placing additional elements for SW2
13:34:30: [INFO] Placing additional elements for SW1
13:34:30: [INFO] Routing SW71 with D71
13:34:30: [INFO] Using internal autorouter method
13:34:30: [INFO] Routing pad 'SW71:2' at (393065000, 128270000) with pad 'D71:2' at (395605000, 135950000) using coordinate system rotated by 0 degree(s)
13:34:30: [INFO] Adding track segment (B.Cu): [(393065000, 128270000), (393065000, 133410000)]
13:34:30: [INFO] Adding track segment (B.Cu): [(393065000, 133410000), (395605000, 135950000)]
13:34:30: [INFO] Routing SW70 with D70
13:34:30: [INFO] Using internal autorouter method
13:34:30: [INFO] Routing pad 'SW70:2' at (374015000, 128270000) with pad 'D70:2' at (376555000, 135950000) using coordinate system rotated by 0 degree(s)
13:34:30: [INFO] Adding track segment (B.Cu): [(374015000, 128270000), (374015000, 133410000)]
13:34:30: [INFO] Adding track segment (B.Cu): [(374015000, 133410000), (376555000, 135950000)]
13:34:30: [INFO] Routing SW69 with D69
13:34:30: [INFO] Using internal autorouter method
13:34:30: [INFO] Routing pad 'SW69:2' at (354965000, 128270000) with pad 'D69:2' at (357505000, 135950000) using coordinate system rotated by 0 degree(s)
13:34:30: [INFO] Adding track segment (B.Cu): [(354965000, 128270000), (354965000, 133410000)]
13:34:30: [INFO] Adding track segment (B.Cu): [(354965000, 133410000), (357505000, 135950000)]
13:34:30: [INFO] Routing SW68 with D68
13:34:30: [INFO] Using internal autorouter method
13:34:30: [INFO] Routing pad 'SW68:2' at (324008750, 128270000) with pad 'D68:2' at (326548750, 135950000) using coordinate system rotated by 0 degree(s)
13:34:30: [INFO] Adding track segment (B.Cu): [(324008750, 128270000), (324008750, 133410000)]
13:34:30: [INFO] Adding track segment (B.Cu): [(324008750, 133410000), (326548750, 135950000)]
13:34:30: [INFO] Routing SW67 with D67
13:34:30: [INFO] Using internal autorouter method
13:34:30: [INFO] Routing pad 'SW67:2' at (300196250, 128270000) with pad 'D67:2' at (302736250, 135950000) using coordinate system rotated by 0 degree(s)
13:34:30: [INFO] Adding track segment (B.Cu): [(300196250, 128270000), (300196250, 133410000)]
13:34:30: [INFO] Adding track segment (B.Cu): [(300196250, 133410000), (302736250, 135950000)]
13:34:30: [INFO] Routing SW66 with D66
13:34:30: [INFO] Using internal autorouter method
13:34:30: [INFO] Routing pad 'SW66:2' at (276383750, 128270000) with pad 'D66:2' at (278923750, 135950000) using coordinate system rotated by 0 degree(s)
13:34:30: [INFO] Adding track segment (B.Cu): [(276383750, 128270000), (276383750, 133410000)]
13:34:30: [INFO] Adding track segment (B.Cu): [(276383750, 133410000), (278923750, 135950000)]
13:34:30: [INFO] Routing SW65 with D65
13:34:30: [INFO] Using internal autorouter method
13:34:30: [INFO] Routing pad 'SW65:2' at (258857798, 155923991) with pad 'D65:2' at (252096888, 160365172) using coordinate system rotated by 75.0 degree(s)
13:34:30: [INFO] Adding track segment (B.Cu): [(258857798, 155923991), (253892939, 157254319)]
13:34:30: [INFO] Adding track segment (B.Cu): [(253892939, 157254319), (252096888, 160365172)]
13:34:30: [INFO] Routing SW64 with D64
13:34:30: [INFO] Using internal autorouter method
13:34:30: [INFO] Routing pad 'SW64:2' at (240456911, 160854494) with pad 'D64:2' at (233696001, 165295675) using coordinate system rotated by 75.0 degree(s)
13:34:30: [INFO] Adding track segment (B.Cu): [(240456911, 160854494), (235492051, 162184824)]
13:34:30: [INFO] Adding track segment (B.Cu): [(235492051, 162184824), (233696001, 165295675)]
13:34:30: [INFO] Routing SW63 with D63
13:34:30: [INFO] Using internal autorouter method
13:34:30: [INFO] Routing pad 'SW63:2' at (189482890, 155947591) with pad 'D63:2' at (197558601, 155481869) using coordinate system rotated by 285.0 degree(s)
13:34:30: [INFO] Adding track segment (B.Cu): [(189482890, 155947591), (194447747, 157277920)]
13:34:30: [INFO] Adding track segment (B.Cu): [(194447747, 157277920), (197558601, 155481869)]
13:34:30: [INFO] Routing SW62 with D62
13:34:30: [INFO] Using internal autorouter method
13:34:30: [INFO] Routing pad 'SW62:2' at (171082003, 151017088) with pad 'D62:2' at (179157714, 150551366) using coordinate system rotated by 285.0 degree(s)
13:34:30: [INFO] Adding track segment (B.Cu): [(171082003, 151017088), (176046861, 152347416)]
13:34:30: [INFO] Adding track segment (B.Cu): [(176046861, 152347416), (179157714, 150551366)]
13:34:30: [INFO] Routing SW61 with D61
13:34:30: [INFO] Using internal autorouter method
13:34:30: [INFO] Routing pad 'SW61:2' at (157321250, 128270000) with pad 'D61:2' at (159861250, 135950000) using coordinate system rotated by 0 degree(s)
13:34:30: [INFO] Adding track segment (B.Cu): [(157321250, 128270000), (157321250, 133410000)]
13:34:30: [INFO] Adding track segment (B.Cu): [(157321250, 133410000), (159861250, 135950000)]
13:34:30: [INFO] Routing SW60 with D60
13:34:30: [INFO] Using internal autorouter method
13:34:30: [INFO] Routing pad 'SW60:2' at (123983750, 128270000) with pad 'D60:2' at (126523750, 135950000) using coordinate system rotated by 0 degree(s)
13:34:30: [INFO] Adding track segment (B.Cu): [(123983750, 128270000), (123983750, 133410000)]
13:34:30: [INFO] Adding track segment (B.Cu): [(123983750, 133410000), (126523750, 135950000)]
13:34:30: [INFO] Routing SW59 with D59
13:34:30: [INFO] Using internal autorouter method
13:34:30: [INFO] Routing pad 'SW59:2' at (100171250, 128270000) with pad 'D59:2' at (102711250, 135950000) using coordinate system rotated by 0 degree(s)
13:34:30: [INFO] Adding track segment (B.Cu): [(100171250, 128270000), (100171250, 133410000)]
13:34:30: [INFO] Adding track segment (B.Cu): [(100171250, 133410000), (102711250, 135950000)]
13:34:30: [INFO] Routing SW58 with D58
13:34:30: [INFO] Using internal autorouter method
13:34:30: [INFO] Routing pad 'SW58:2' at (76358750, 128270000) with pad 'D58:2' at (78898750, 135950000) using coordinate system rotated by 0 degree(s)
13:34:30: [INFO] Adding track segment (B.Cu): [(76358750, 128270000), (76358750, 133410000)]
13:34:30: [INFO] Adding track segment (B.Cu): [(76358750, 133410000), (78898750, 135950000)]
13:34:30: [INFO] Routing SW57 with D57
13:34:30: [INFO] Using internal autorouter method
13:34:30: [INFO] Routing pad 'SW57:2' at (374015000, 109220000) with pad 'D57:2' at (376555000, 116900000) using coordinate system rotated by 0 degree(s)
13:34:30: [INFO] Adding track segment (B.Cu): [(374015000, 109220000), (374015000, 114360000)]
13:34:30: [INFO] Adding track segment (B.Cu): [(374015000, 114360000), (376555000, 116900000)]
13:34:30: [INFO] Routing SW56 with D56
13:34:30: [INFO] Using internal autorouter method
13:34:30: [INFO] Routing pad 'SW56:2' at (326390000, 109220000) with pad 'D56:2' at (328930000, 116900000) using coordinate system rotated by 0 degree(s)
13:34:30: [INFO] Adding track segment (B.Cu): [(326390000, 109220000), (326390000, 114360000)]
13:34:30: [INFO] Adding track segment (B.Cu): [(326390000, 114360000), (328930000, 116900000)]
13:34:30: [INFO] Routing SW55 with D55
13:34:30: [INFO] Using internal autorouter method
13:34:30: [INFO] Routing pad 'SW55:2' at (307340000, 109220000) with pad 'D55:2' at (309880000, 116900000) using coordinate system rotated by 0 degree(s)
13:34:30: [INFO] Adding track segment (B.Cu): [(307340000, 109220000), (307340000, 114360000)]
13:34:30: [INFO] Adding track segment (B.Cu): [(307340000, 114360000), (309880000, 116900000)]
13:34:30: [INFO] Routing SW54 with D54
13:34:30: [INFO] Using internal autorouter method
13:34:30: [INFO] Routing pad 'SW54:2' at (288290000, 109220000) with pad 'D54:2' at (290830000, 116900000) using coordinate system rotated by 0 degree(s)
13:34:30: [INFO] Adding track segment (B.Cu): [(288290000, 109220000), (288290000, 114360000)]
13:34:30: [INFO] Adding track segment (B.Cu): [(288290000, 114360000), (290830000, 116900000)]
13:34:30: [INFO] Routing SW53 with D53
13:34:30: [INFO] Using internal autorouter method
13:34:30: [INFO] Routing pad 'SW53:2' at (269240000, 109220000) with pad 'D53:2' at (271780000, 116900000) using coordinate system rotated by 0 degree(s)
13:34:30: [INFO] Adding track segment (B.Cu): [(269240000, 109220000), (269240000, 114360000)]
13:34:30: [INFO] Adding track segment (B.Cu): [(269240000, 114360000), (271780000, 116900000)]
13:34:30: [INFO] Routing SW52 with D52
13:34:30: [INFO] Using internal autorouter method
13:34:30: [INFO] Routing pad 'SW52:2' at (250190000, 109220000) with pad 'D52:2' at (252730000, 116900000) using coordinate system rotated by 0 degree(s)
13:34:30: [INFO] Adding track segment (B.Cu): [(250190000, 109220000), (250190000, 114360000)]
13:34:30: [INFO] Adding track segment (B.Cu): [(250190000, 114360000), (252730000, 116900000)]
13:34:30: [INFO] Routing SW51 with D51
13:34:30: [INFO] Using internal autorouter method
13:34:30: [INFO] Routing pad 'SW51:2' at (183515000, 109220000) with pad 'D51:2' at (186055000, 116900000) using coordinate system rotated by 0 degree(s)
13:34:30: [INFO] Adding track segment (B.Cu): [(183515000, 109220000), (183515000, 114360000)]
13:34:30: [INFO] Adding track segment (B.Cu): [(183515000, 114360000), (186055000, 116900000)]
13:34:30: [INFO] Routing SW50 with D50
13:34:30: [INFO] Using internal autorouter method
13:34:30: [INFO] Routing pad 'SW50:2' at (164465000, 109220000) with pad 'D50:2' at (167005000, 116900000) using coordinate system rotated by 0 degree(s)
13:34:30: [INFO] Adding track segment (B.Cu): [(164465000, 109220000), (164465000, 114360000)]
13:34:30: [INFO] Adding track segment (B.Cu): [(164465000, 114360000), (167005000, 116900000)]
13:34:30: [INFO] Routing SW49 with D49
13:34:30: [INFO] Using internal autorouter method
13:34:30: [INFO] Routing pad 'SW49:2' at (145415000, 109220000) with pad 'D49:2' at (147955000, 116900000) using coordinate system rotated by 0 degree(s)
13:34:30: [INFO] Adding track segment (B.Cu): [(145415000, 109220000), (145415000, 114360000)]
13:34:30: [INFO] Adding track segment (B.Cu): [(145415000, 114360000), (147955000, 116900000)]
13:34:30: [INFO] Routing SW48 with D48
13:34:30: [INFO] Using internal autorouter method
13:34:30: [INFO] Routing pad 'SW48:2' at (126365000, 109220000) with pad 'D48:2' at (128905000, 116900000) using coordinate system rotated by 0 degree(s)
13:34:30: [INFO] Adding track segment (B.Cu): [(126365000, 109220000), (126365000, 114360000)]
13:34:30: [INFO] Adding track segment (B.Cu): [(126365000, 114360000), (128905000, 116900000)]
13:34:30: [INFO] Routing SW47 with D47
13:34:30: [INFO] Using internal autorouter method
13:34:30: [INFO] Routing pad 'SW47:2' at (107315000, 109220000) with pad 'D47:2' at (109855000, 116900000) using coordinate system rotated by 0 degree(s)
13:34:30: [INFO] Adding track segment (B.Cu): [(107315000, 109220000), (107315000, 114360000)]
13:34:30: [INFO] Adding track segment (B.Cu): [(107315000, 114360000), (109855000, 116900000)]
13:34:30: [INFO] Routing SW46 with D46
13:34:30: [INFO] Using internal autorouter method
13:34:30: [INFO] Routing pad 'SW46:2' at (76358750, 109220000) with pad 'D46:2' at (78898750, 116900000) using coordinate system rotated by 0 degree(s)
13:34:30: [INFO] Adding track segment (B.Cu): [(76358750, 109220000), (76358750, 114360000)]
13:34:30: [INFO] Adding track segment (B.Cu): [(76358750, 114360000), (78898750, 116900000)]
13:34:30: [INFO] Routing SW45 with D45
13:34:30: [INFO] Using internal autorouter method
13:34:30: [INFO] Routing pad 'SW45:2' at (59690000, 33020000) with pad 'D45:2' at (62230000, 40700000) using coordinate system rotated by 0 degree(s)
13:34:30: [INFO] Adding track segment (B.Cu): [(59690000, 33020000), (59690000, 38160000)]
13:34:30: [INFO] Adding track segment (B.Cu): [(59690000, 38160000), (62230000, 40700000)]
13:34:30: [INFO] Routing SW44 with D44
13:34:30: [INFO] Using internal autorouter method
13:34:30: [INFO] Routing pad 'SW44:2' at (376396250, 90170000) with pad 'D44:2' at (378936250, 97850000) using coordinate system rotated by 0 degree(s)
13:34:30: [INFO] Adding track segment (B.Cu): [(376396250, 90170000), (376396250, 95310000)]
13:34:30: [INFO] Adding track segment (B.Cu): [(376396250, 95310000), (378936250, 97850000)]
13:34:30: [INFO] Routing SW43 with D43
13:34:30: [INFO] Using internal autorouter method
13:34:30: [INFO] Routing pad 'SW43:2' at (345440000, 90170000) with pad 'D43:2' at (347980000, 97850000) using coordinate system rotated by 0 degree(s)
13:34:30: [INFO] Adding track segment (B.Cu): [(345440000, 90170000), (345440000, 95310000)]
13:34:30: [INFO] Adding track segment (B.Cu): [(345440000, 95310000), (347980000, 97850000)]
13:34:30: [INFO] Routing SW42 with D42
13:34:30: [INFO] Using internal autorouter method
13:34:30: [INFO] Routing pad 'SW42:2' at (326390000, 90170000) with pad 'D42:2' at (328930000, 97850000) using coordinate system rotated by 0 degree(s)
13:34:30: [INFO] Adding track segment (B.Cu): [(326390000, 90170000), (326390000, 95310000)]
13:34:30: [INFO] Adding track segment (B.Cu): [(326390000, 95310000), (328930000, 97850000)]
13:34:30: [INFO] Routing SW41 with D41
13:34:30: [INFO] Using internal autorouter method
13:34:30: [INFO] Routing pad 'SW41:2' at (307340000, 90170000) with pad 'D41:2' at (309880000, 97850000) using coordinate system rotated by 0 degree(s)
13:34:30: [INFO] Adding track segment (B.Cu): [(307340000, 90170000), (307340000, 95310000)]
13:34:30: [INFO] Adding track segment (B.Cu): [(307340000, 95310000), (309880000, 97850000)]
13:34:30: [INFO] Routing SW40 with D40
13:34:30: [INFO] Using internal autorouter method
13:34:30: [INFO] Routing pad 'SW40:2' at (288290000, 90170000) with pad 'D40:2' at (290830000, 97850000) using coordinate system rotated by 0 degree(s)
13:34:31: [INFO] Adding track segment (B.Cu): [(288290000, 90170000), (288290000, 95310000)]
13:34:31: [INFO] Adding track segment (B.Cu): [(288290000, 95310000), (290830000, 97850000)]
13:34:31: [INFO] Routing SW39 with D39
13:34:31: [INFO] Using internal autorouter method
13:34:31: [INFO] Routing pad 'SW39:2' at (269240000, 90170000) with pad 'D39:2' at (271780000, 97850000) using coordinate system rotated by 0 degree(s)
13:34:31: [INFO] Adding track segment (B.Cu): [(269240000, 90170000), (269240000, 95310000)]
13:34:31: [INFO] Adding track segment (B.Cu): [(269240000, 95310000), (271780000, 97850000)]
13:34:31: [INFO] Routing SW38 with D38
13:34:31: [INFO] Using internal autorouter method
13:34:31: [INFO] Routing pad 'SW38:2' at (250190000, 90170000) with pad 'D38:2' at (252730000, 97850000) using coordinate system rotated by 0 degree(s)
13:34:31: [INFO] Adding track segment (B.Cu): [(250190000, 90170000), (250190000, 95310000)]
13:34:31: [INFO] Adding track segment (B.Cu): [(250190000, 95310000), (252730000, 97850000)]
13:34:31: [INFO] Routing SW37 with D37
13:34:31: [INFO] Using internal autorouter method
13:34:31: [INFO] Routing pad 'SW37:2' at (183515000, 90170000) with pad 'D37:2' at (186055000, 97850000) using coordinate system rotated by 0 degree(s)
13:34:31: [INFO] Adding track segment (B.Cu): [(183515000, 90170000), (183515000, 95310000)]
13:34:31: [INFO] Adding track segment (B.Cu): [(183515000, 95310000), (186055000, 97850000)]
13:34:31: [INFO] Routing SW36 with D36
13:34:31: [INFO] Using internal autorouter method
13:34:31: [INFO] Routing pad 'SW36:2' at (164465000, 90170000) with pad 'D36:2' at (167005000, 97850000) using coordinate system rotated by 0 degree(s)
13:34:31: [INFO] Adding track segment (B.Cu): [(164465000, 90170000), (164465000, 95310000)]
13:34:31: [INFO] Adding track segment (B.Cu): [(164465000, 95310000), (167005000, 97850000)]
13:34:31: [INFO] Routing SW35 with D35
13:34:31: [INFO] Using internal autorouter method
13:34:31: [INFO] Routing pad 'SW35:2' at (145415000, 90170000) with pad 'D35:2' at (147955000, 97850000) using coordinate system rotated by 0 degree(s)
13:34:31: [INFO] Adding track segment (B.Cu): [(145415000, 90170000), (145415000, 95310000)]
13:34:31: [INFO] Adding track segment (B.Cu): [(145415000, 95310000), (147955000, 97850000)]
13:34:31: [INFO] Routing SW34 with D34
13:34:31: [INFO] Using internal autorouter method
13:34:31: [INFO] Routing pad 'SW34:2' at (126365000, 90170000) with pad 'D34:2' at (128905000, 97850000) using coordinate system rotated by 0 degree(s)
13:34:31: [INFO] Adding track segment (B.Cu): [(126365000, 90170000), (126365000, 95310000)]
13:34:31: [INFO] Adding track segment (B.Cu): [(126365000, 95310000), (128905000, 97850000)]
13:34:31: [INFO] Routing SW33 with D33
13:34:31: [INFO] Using internal autorouter method
13:34:31: [INFO] Routing pad 'SW33:2' at (107315000, 90170000) with pad 'D33:2' at (109855000, 97850000) using coordinate system rotated by 0 degree(s)
13:34:31: [INFO] Adding track segment (B.Cu): [(107315000, 90170000), (107315000, 95310000)]
13:34:31: [INFO] Adding track segment (B.Cu): [(107315000, 95310000), (109855000, 97850000)]
13:34:31: [INFO] Routing SW32 with D32
13:34:31: [INFO] Using internal autorouter method
13:34:31: [INFO] Routing pad 'SW32:2' at (81121250, 90170000) with pad 'D32:2' at (83661250, 97850000) using coordinate system rotated by 0 degree(s)
13:34:31: [INFO] Adding track segment (B.Cu): [(81121250, 90170000), (81121250, 95310000)]
13:34:31: [INFO] Adding track segment (B.Cu): [(81121250, 95310000), (83661250, 97850000)]
13:34:31: [INFO] Routing SW31 with D31
13:34:31: [INFO] Using internal autorouter method
13:34:31: [INFO] Routing pad 'SW31:2' at (50165000, 90170000) with pad 'D31:2' at (52705000, 97850000) using coordinate system rotated by 0 degree(s)
13:34:31: [INFO] Adding track segment (B.Cu): [(50165000, 90170000), (50165000, 95310000)]
13:34:31: [INFO] Adding track segment (B.Cu): [(50165000, 95310000), (52705000, 97850000)]
13:34:31: [INFO] Routing SW30 with D30
13:34:31: [INFO] Using internal autorouter method
13:34:31: [INFO] Routing pad 'SW30:2' at (393065000, 71120000) with pad 'D30:2' at (395605000, 78800000) using coordinate system rotated by 0 degree(s)
13:34:31: [INFO] Adding track segment (B.Cu): [(393065000, 71120000), (393065000, 76260000)]
13:34:31: [INFO] Adding track segment (B.Cu): [(393065000, 76260000), (395605000, 78800000)]
13:34:31: [INFO] Routing SW29 with D29
13:34:31: [INFO] Using internal autorouter method
13:34:31: [INFO] Routing pad 'SW29:2' at (374015000, 71120000) with pad 'D29:2' at (376555000, 78800000) using coordinate system rotated by 0 degree(s)
13:34:31: [INFO] Adding track segment (B.Cu): [(374015000, 71120000), (374015000, 76260000)]
13:34:31: [INFO] Adding track segment (B.Cu): [(374015000, 76260000), (376555000, 78800000)]
13:34:31: [INFO] Routing SW28 with D28
13:34:31: [INFO] Using internal autorouter method
13:34:31: [INFO] Routing pad 'SW28:2' at (350202500, 71120000) with pad 'D28:2' at (352742500, 78800000) using coordinate system rotated by 0 degree(s)
13:34:31: [INFO] Adding track segment (B.Cu): [(350202500, 71120000), (350202500, 76260000)]
13:34:31: [INFO] Adding track segment (B.Cu): [(350202500, 76260000), (352742500, 78800000)]
13:34:31: [INFO] Routing SW27 with D27
13:34:31: [INFO] Using internal autorouter method
13:34:31: [INFO] Routing pad 'SW27:2' at (326390000, 71120000) with pad 'D27:2' at (328930000, 78800000) using coordinate system rotated by 0 degree(s)
13:34:31: [INFO] Adding track segment (B.Cu): [(326390000, 71120000), (326390000, 76260000)]
13:34:31: [INFO] Adding track segment (B.Cu): [(326390000, 76260000), (328930000, 78800000)]
13:34:31: [INFO] Routing SW26 with D26
13:34:31: [INFO] Using internal autorouter method
13:34:31: [INFO] Routing pad 'SW26:2' at (307340000, 71120000) with pad 'D26:2' at (309880000, 78800000) using coordinate system rotated by 0 degree(s)
13:34:31: [INFO] Adding track segment (B.Cu): [(307340000, 71120000), (307340000, 76260000)]
13:34:31: [INFO] Adding track segment (B.Cu): [(307340000, 76260000), (309880000, 78800000)]
13:34:31: [INFO] Routing SW25 with D25
13:34:31: [INFO] Using internal autorouter method
13:34:31: [INFO] Routing pad 'SW25:2' at (288290000, 71120000) with pad 'D25:2' at (290830000, 78800000) using coordinate system rotated by 0 degree(s)
13:34:31: [INFO] Adding track segment (B.Cu): [(288290000, 71120000), (288290000, 76260000)]
13:34:31: [INFO] Adding track segment (B.Cu): [(288290000, 76260000), (290830000, 78800000)]
13:34:31: [INFO] Routing SW24 with D24
13:34:31: [INFO] Using internal autorouter method
13:34:31: [INFO] Routing pad 'SW24:2' at (269240000, 71120000) with pad 'D24:2' at (271780000, 78800000) using coordinate system rotated by 0 degree(s)
13:34:31: [INFO] Adding track segment (B.Cu): [(269240000, 71120000), (269240000, 76260000)]
13:34:31: [INFO] Adding track segment (B.Cu): [(269240000, 76260000), (271780000, 78800000)]
13:34:31: [INFO] Routing SW23 with D23
13:34:31: [INFO] Using internal autorouter method
13:34:31: [INFO] Routing pad 'SW23:2' at (250190000, 71120000) with pad 'D23:2' at (252730000, 78800000) using coordinate system rotated by 0 degree(s)
13:34:31: [INFO] Adding track segment (B.Cu): [(250190000, 71120000), (250190000, 76260000)]
13:34:31: [INFO] Adding track segment (B.Cu): [(250190000, 76260000), (252730000, 78800000)]
13:34:31: [INFO] Routing SW22 with D22
13:34:31: [INFO] Using internal autorouter method
13:34:31: [INFO] Routing pad 'SW22:2' at (183515000, 71120000) with pad 'D22:2' at (186055000, 78800000) using coordinate system rotated by 0 degree(s)
13:34:31: [INFO] Adding track segment (B.Cu): [(183515000, 71120000), (183515000, 76260000)]
13:34:31: [INFO] Adding track segment (B.Cu): [(183515000, 76260000), (186055000, 78800000)]
13:34:31: [INFO] Routing SW21 with D21
13:34:31: [INFO] Using internal autorouter method
13:34:31: [INFO] Routing pad 'SW21:2' at (164465000, 71120000) with pad 'D21:2' at (167005000, 78800000) using coordinate system rotated by 0 degree(s)
13:34:31: [INFO] Adding track segment (B.Cu): [(164465000, 71120000), (164465000, 76260000)]
13:34:31: [INFO] Adding track segment (B.Cu): [(164465000, 76260000), (167005000, 78800000)]
13:34:31: [INFO] Routing SW20 with D20
13:34:31: [INFO] Using internal autorouter method
13:34:31: [INFO] Routing pad 'SW20:2' at (145415000, 71120000) with pad 'D20:2' at (147955000, 78800000) using coordinate system rotated by 0 degree(s)
13:34:31: [INFO] Adding track segment (B.Cu): [(145415000, 71120000), (145415000, 76260000)]
13:34:31: [INFO] Adding track segment (B.Cu): [(145415000, 76260000), (147955000, 78800000)]
13:34:31: [INFO] Routing SW19 with D19
13:34:31: [INFO] Using internal autorouter method
13:34:31: [INFO] Routing pad 'SW19:2' at (126365000, 71120000) with pad 'D19:2' at (128905000, 78800000) using coordinate system rotated by 0 degree(s)
13:34:31: [INFO] Adding track segment (B.Cu): [(126365000, 71120000), (126365000, 76260000)]
13:34:31: [INFO] Adding track segment (B.Cu): [(126365000, 76260000), (128905000, 78800000)]
13:34:31: [INFO] Routing SW18 with D18
13:34:31: [INFO] Using internal autorouter method
13:34:31: [INFO] Routing pad 'SW18:2' at (107315000, 71120000) with pad 'D18:2' at (109855000, 78800000) using coordinate system rotated by 0 degree(s)
13:34:31: [INFO] Adding track segment (B.Cu): [(107315000, 71120000), (107315000, 76260000)]
13:34:31: [INFO] Adding track segment (B.Cu): [(107315000, 76260000), (109855000, 78800000)]
13:34:31: [INFO] Routing SW17 with D17
13:34:31: [INFO] Using internal autorouter method
13:34:31: [INFO] Routing pad 'SW17:2' at (83502500, 71120000) with pad 'D17:2' at (86042500, 78800000) using coordinate system rotated by 0 degree(s)
13:34:31: [INFO] Adding track segment (B.Cu): [(83502500, 71120000), (83502500, 76260000)]
13:34:31: [INFO] Adding track segment (B.Cu): [(83502500, 76260000), (86042500, 78800000)]
13:34:31: [INFO] Routing SW16 with D16
13:34:31: [INFO] Using internal autorouter method
13:34:31: [INFO] Routing pad 'SW16:2' at (54927500, 71120000) with pad 'D16:2' at (57467500, 78800000) using coordinate system rotated by 0 degree(s)
13:34:31: [INFO] Adding track segment (B.Cu): [(54927500, 71120000), (54927500, 76260000)]
13:34:31: [INFO] Adding track segment (B.Cu): [(54927500, 76260000), (57467500, 78800000)]
13:34:31: [INFO] Routing SW15 with D15
13:34:31: [INFO] Using internal autorouter method
13:34:31: [INFO] Routing pad 'SW15:2' at (383540000, 52070000) with pad 'D15:2' at (386080000, 59750000) using coordinate system rotated by 0 degree(s)
13:34:31: [INFO] Adding track segment (B.Cu): [(383540000, 52070000), (383540000, 57210000)]
13:34:31: [INFO] Adding track segment (B.Cu): [(383540000, 57210000), (386080000, 59750000)]
13:34:31: [INFO] Routing SW14 with D14
13:34:31: [INFO] Using internal autorouter method
13:34:31: [INFO] Routing pad 'SW14:2' at (364490000, 52070000) with pad 'D14:2' at (367030000, 59750000) using coordinate system rotated by 0 degree(s)
13:34:31: [INFO] Adding track segment (B.Cu): [(364490000, 52070000), (364490000, 57210000)]
13:34:31: [INFO] Adding track segment (B.Cu): [(364490000, 57210000), (367030000, 59750000)]
13:34:31: [INFO] Routing SW13 with D13
13:34:31: [INFO] Using internal autorouter method
13:34:31: [INFO] Routing pad 'SW13:2' at (345440000, 52070000) with pad 'D13:2' at (347980000, 59750000) using coordinate system rotated by 0 degree(s)
13:34:31: [INFO] Adding track segment (B.Cu): [(345440000, 52070000), (345440000, 57210000)]
13:34:31: [INFO] Adding track segment (B.Cu): [(345440000, 57210000), (347980000, 59750000)]
13:34:31: [INFO] Routing SW12 with D12
13:34:31: [INFO] Using internal autorouter method
13:34:31: [INFO] Routing pad 'SW12:2' at (326390000, 52070000) with pad 'D12:2' at (328930000, 59750000) using coordinate system rotated by 0 degree(s)
13:34:31: [INFO] Adding track segment (B.Cu): [(326390000, 52070000), (326390000, 57210000)]
13:34:31: [INFO] Adding track segment (B.Cu): [(326390000, 57210000), (328930000, 59750000)]
13:34:31: [INFO] Routing SW11 with D11
13:34:31: [INFO] Using internal autorouter method
13:34:31: [INFO] Routing pad 'SW11:2' at (307340000, 52070000) with pad 'D11:2' at (309880000, 59750000) using coordinate system rotated by 0 degree(s)
13:34:31: [INFO] Adding track segment (B.Cu): [(307340000, 52070000), (307340000, 57210000)]
13:34:31: [INFO] Adding track segment (B.Cu): [(307340000, 57210000), (309880000, 59750000)]
13:34:31: [INFO] Routing SW10 with D10
13:34:31: [INFO] Using internal autorouter method
13:34:31: [INFO] Routing pad 'SW10:2' at (288290000, 52070000) with pad 'D10:2' at (290830000, 59750000) using coordinate system rotated by 0 degree(s)
13:34:31: [INFO] Adding track segment (B.Cu): [(288290000, 52070000), (288290000, 57210000)]
13:34:31: [INFO] Adding track segment (B.Cu): [(288290000, 57210000), (290830000, 59750000)]
13:34:31: [INFO] Routing SW9 with D9
13:34:31: [INFO] Using internal autorouter method
13:34:31: [INFO] Routing pad 'SW9:2' at (269240000, 52070000) with pad 'D9:2' at (271780000, 59750000) using coordinate system rotated by 0 degree(s)
13:34:31: [INFO] Adding track segment (B.Cu): [(269240000, 52070000), (269240000, 57210000)]
13:34:31: [INFO] Adding track segment (B.Cu): [(269240000, 57210000), (271780000, 59750000)]
13:34:31: [INFO] Routing SW8 with D8
13:34:31: [INFO] Using internal autorouter method
13:34:31: [INFO] Routing pad 'SW8:2' at (250190000, 52070000) with pad 'D8:2' at (252730000, 59750000) using coordinate system rotated by 0 degree(s)
13:34:31: [INFO] Adding track segment (B.Cu): [(250190000, 52070000), (250190000, 57210000)]
13:34:31: [INFO] Adding track segment (B.Cu): [(250190000, 57210000), (252730000, 59750000)]
13:34:31: [INFO] Routing SW7 with D7
13:34:31: [INFO] Using internal autorouter method
13:34:31: [INFO] Routing pad 'SW7:2' at (183515000, 52070000) with pad 'D7:2' at (186055000, 59750000) using coordinate system rotated by 0 degree(s)
13:34:31: [INFO] Adding track segment (B.Cu): [(183515000, 52070000), (183515000, 57210000)]
13:34:31: [INFO] Adding track segment (B.Cu): [(183515000, 57210000), (186055000, 59750000)]
13:34:31: [INFO] Routing SW6 with D6
13:34:31: [INFO] Using internal autorouter method
13:34:31: [INFO] Routing pad 'SW6:2' at (164465000, 52070000) with pad 'D6:2' at (167005000, 59750000) using coordinate system rotated by 0 degree(s)
13:34:31: [INFO] Adding track segment (B.Cu): [(164465000, 52070000), (164465000, 57210000)]
13:34:31: [INFO] Adding track segment (B.Cu): [(164465000, 57210000), (167005000, 59750000)]
13:34:31: [INFO] Routing SW5 with D5
13:34:31: [INFO] Using internal autorouter method
13:34:31: [INFO] Routing pad 'SW5:2' at (145415000, 52070000) with pad 'D5:2' at (147955000, 59750000) using coordinate system rotated by 0 degree(s)
13:34:31: [INFO] Adding track segment (B.Cu): [(145415000, 52070000), (145415000, 57210000)]
13:34:31: [INFO] Adding track segment (B.Cu): [(145415000, 57210000), (147955000, 59750000)]
13:34:31: [INFO] Routing SW4 with D4
13:34:31: [INFO] Using internal autorouter method
13:34:31: [INFO] Routing pad 'SW4:2' at (126365000, 52070000) with pad 'D4:2' at (128905000, 59750000) using coordinate system rotated by 0 degree(s)
13:34:31: [INFO] Adding track segment (B.Cu): [(126365000, 52070000), (126365000, 57210000)]
13:34:31: [INFO] Adding track segment (B.Cu): [(126365000, 57210000), (128905000, 59750000)]
13:34:31: [INFO] Routing SW3 with D3
13:34:31: [INFO] Using internal autorouter method
13:34:31: [INFO] Routing pad 'SW3:2' at (107315000, 52070000) with pad 'D3:2' at (109855000, 59750000) using coordinate system rotated by 0 degree(s)
13:34:31: [INFO] Adding track segment (B.Cu): [(107315000, 52070000), (107315000, 57210000)]
13:34:31: [INFO] Adding track segment (B.Cu): [(107315000, 57210000), (109855000, 59750000)]
13:34:31: [INFO] Routing SW2 with D2
13:34:31: [INFO] Using internal autorouter method
13:34:31: [INFO] Routing pad 'SW2:2' at (83502500, 52070000) with pad 'D2:2' at (86042500, 59750000) using coordinate system rotated by 0 degree(s)
13:34:31: [INFO] Adding track segment (B.Cu): [(83502500, 52070000), (83502500, 57210000)]
13:34:31: [INFO] Adding track segment (B.Cu): [(83502500, 57210000), (86042500, 59750000)]
13:34:31: [INFO] Routing SW1 with D1
13:34:31: [INFO] Using internal autorouter method
13:34:31: [INFO] Routing pad 'SW1:2' at (59690000, 52070000) with pad 'D1:2' at (62230000, 59750000) using coordinate system rotated by 0 degree(s)
13:34:31: [INFO] Adding track segment (B.Cu): [(59690000, 52070000), (59690000, 57210000)]
13:34:31: [INFO] Adding track segment (B.Cu): [(59690000, 57210000), (62230000, 59750000)]
13:34:31: [INFO] Routing COL1 pads
13:34:31: [INFO] Routing pad 'SW46:1' at (70008750, 111760000) with pad 'SW58:1' at (70008750, 130810000) using coordinate system rotated by 0 degree(s)
13:34:31: [INFO] Adding track segment (F.Cu): [(70008750, 111760000), (70008750, 130810000)]
13:34:31: [INFO] Routing pad 'SW46:1' at (70008750, 111760000) with pad 'SW32:1' at (74771250, 92710000) using coordinate system rotated by 0 degree(s)
13:34:31: [INFO] Adding track segment (F.Cu): [(70008750, 111760000), (74771250, 106997500)]
13:34:31: [INFO] Adding track segment (F.Cu): [(74771250, 106997500), (74771250, 92710000)]
13:34:31: [INFO] Routing pad 'SW17:1' at (77152500, 73660000) with pad 'SW2:1' at (77152500, 54610000) using coordinate system rotated by 0 degree(s)
13:34:31: [INFO] Adding track segment (F.Cu): [(77152500, 73660000), (77152500, 54610000)]
13:34:31: [INFO] Routing pad 'SW32:1' at (74771250, 92710000) with pad 'SW17:1' at (77152500, 73660000) using coordinate system rotated by 0 degree(s)
13:34:31: [INFO] Adding track segment (F.Cu): [(74771250, 92710000), (77152500, 90328750)]
13:34:31: [INFO] Adding track segment (F.Cu): [(77152500, 90328750), (77152500, 73660000)]
13:34:31: [INFO] Routing COL4 pads
13:34:31: [INFO] Routing pad 'SW5:1' at (139065000, 54610000) with pad 'SW20:1' at (139065000, 73660000) using coordinate system rotated by 0 degree(s)
13:34:31: [INFO] Adding track segment (F.Cu): [(139065000, 54610000), (139065000, 73660000)]
13:34:31: [INFO] Routing pad 'SW20:1' at (139065000, 73660000) with pad 'SW35:1' at (139065000, 92710000) using coordinate system rotated by 0 degree(s)
13:34:31: [INFO] Adding track segment (F.Cu): [(139065000, 73660000), (139065000, 92710000)]
13:34:31: [INFO] Routing pad 'SW35:1' at (139065000, 92710000) with pad 'SW49:1' at (139065000, 111760000) using coordinate system rotated by 0 degree(s)
13:34:31: [INFO] Adding track segment (F.Cu): [(139065000, 92710000), (139065000, 111760000)]
13:34:31: [INFO] Routing pad 'SW49:1' at (139065000, 111760000) with pad 'SW61:1' at (150971250, 130810000) using coordinate system rotated by 0 degree(s)
13:34:31: [INFO] Adding track segment (F.Cu): [(139065000, 111760000), (139065000, 118903750)]
13:34:31: [INFO] Adding track segment (F.Cu): [(139065000, 118903750), (150971250, 130810000)]
13:34:31: [INFO] Routing COL14 pads
13:34:31: [INFO] Routing pad 'SW15:1' at (377190000, 54610000) with pad 'SW30:1' at (386715000, 73660000) using coordinate system rotated by 0 degree(s)
13:34:31: [INFO] Adding track segment (F.Cu): [(377190000, 54610000), (377190000, 64135000)]
13:34:31: [INFO] Adding track segment (F.Cu): [(377190000, 64135000), (386715000, 73660000)]
13:34:31: [INFO] Routing pad 'SW30:1' at (386715000, 73660000) with pad 'SW71:1' at (386715000, 130810000) using coordinate system rotated by 0 degree(s)
13:34:31: [INFO] Adding track segment (F.Cu): [(386715000, 73660000), (386715000, 130810000)]
13:34:31: [INFO] Could not add track segment due to detected collision
13:34:31: [INFO] Routing ROW0 pads
13:34:31: [INFO] Routing pad 'D1:1' at (62230000, 62550000) with pad 'D2:1' at (86042500, 62550000) using coordinate system rotated by 0 degree(s)
13:34:31: [INFO] Adding track segment (B.Cu): [(62230000, 62550000), (86042500, 62550000)]
13:34:31: [INFO] Routing pad 'D2:1' at (86042500, 62550000) with pad 'D3:1' at (109855000, 62550000) using coordinate system rotated by 0 degree(s)
13:34:31: [INFO] Adding track segment (B.Cu): [(86042500, 62550000), (109855000, 62550000)]
13:34:31: [INFO] Routing pad 'D3:1' at (109855000, 62550000) with pad 'D4:1' at (128905000, 62550000) using coordinate system rotated by 0 degree(s)
13:34:31: [INFO] Adding track segment (B.Cu): [(109855000, 62550000), (128905000, 62550000)]
13:34:31: [INFO] Routing pad 'D4:1' at (128905000, 62550000) with pad 'D5:1' at (147955000, 62550000) using coordinate system rotated by 0 degree(s)
13:34:31: [INFO] Adding track segment (B.Cu): [(128905000, 62550000), (147955000, 62550000)]
13:34:31: [INFO] Routing pad 'D5:1' at (147955000, 62550000) with pad 'D6:1' at (167005000, 62550000) using coordinate system rotated by 0 degree(s)
13:34:31: [INFO] Adding track segment (B.Cu): [(147955000, 62550000), (167005000, 62550000)]
13:34:31: [INFO] Routing pad 'D6:1' at (167005000, 62550000) with pad 'D7:1' at (186055000, 62550000) using coordinate system rotated by 0 degree(s)
13:34:31: [INFO] Adding track segment (B.Cu): [(167005000, 62550000), (186055000, 62550000)]
13:34:31: [INFO] Routing pad 'D7:1' at (186055000, 62550000) with pad 'D8:1' at (252730000, 62550000) using coordinate system rotated by 0 degree(s)
13:34:31: [INFO] Adding track segment (B.Cu): [(186055000, 62550000), (252730000, 62550000)]
13:34:31: [INFO] Routing pad 'D8:1' at (252730000, 62550000) with pad 'D9:1' at (271780000, 62550000) using coordinate system rotated by 0 degree(s)
13:34:31: [INFO] Adding track segment (B.Cu): [(252730000, 62550000), (271780000, 62550000)]
13:34:31: [INFO] Routing pad 'D9:1' at (271780000, 62550000) with pad 'D10:1' at (290830000, 62550000) using coordinate system rotated by 0 degree(s)
13:34:31: [INFO] Adding track segment (B.Cu): [(271780000, 62550000), (290830000, 62550000)]
13:34:31: [INFO] Routing pad 'D10:1' at (290830000, 62550000) with pad 'D11:1' at (309880000, 62550000) using coordinate system rotated by 0 degree(s)
13:34:31: [INFO] Adding track segment (B.Cu): [(290830000, 62550000), (309880000, 62550000)]
13:34:31: [INFO] Routing pad 'D11:1' at (309880000, 62550000) with pad 'D12:1' at (328930000, 62550000) using coordinate system rotated by 0 degree(s)
13:34:31: [INFO] Adding track segment (B.Cu): [(309880000, 62550000), (328930000, 62550000)]
13:34:32: [INFO] Routing pad 'D12:1' at (328930000, 62550000) with pad 'D13:1' at (347980000, 62550000) using coordinate system rotated by 0 degree(s)
13:34:32: [INFO] Adding track segment (B.Cu): [(328930000, 62550000), (347980000, 62550000)]
13:34:32: [INFO] Routing pad 'D13:1' at (347980000, 62550000) with pad 'D14:1' at (367030000, 62550000) using coordinate system rotated by 0 degree(s)
13:34:32: [INFO] Adding track segment (B.Cu): [(347980000, 62550000), (367030000, 62550000)]
13:34:32: [INFO] Routing pad 'D14:1' at (367030000, 62550000) with pad 'D15:1' at (386080000, 62550000) using coordinate system rotated by 0 degree(s)
13:34:32: [INFO] Adding track segment (B.Cu): [(367030000, 62550000), (386080000, 62550000)]
13:34:32: [INFO] Routing COL10 pads
13:34:32: [INFO] Routing pad 'SW26:1' at (300990000, 73660000) with pad 'SW11:1' at (300990000, 54610000) using coordinate system rotated by 0 degree(s)
13:34:32: [INFO] Adding track segment (F.Cu): [(300990000, 73660000), (300990000, 54610000)]
13:34:32: [INFO] Routing pad 'SW41:1' at (300990000, 92710000) with pad 'SW26:1' at (300990000, 73660000) using coordinate system rotated by 0 degree(s)
13:34:32: [INFO] Adding track segment (F.Cu): [(300990000, 92710000), (300990000, 73660000)]
13:34:32: [INFO] Routing pad 'SW55:1' at (300990000, 111760000) with pad 'SW41:1' at (300990000, 92710000) using coordinate system rotated by 0 degree(s)
13:34:32: [INFO] Adding track segment (F.Cu): [(300990000, 111760000), (300990000, 92710000)]
13:34:32: [INFO] Routing pad 'SW67:1' at (293846250, 130810000) with pad 'SW55:1' at (300990000, 111760000) using coordinate system rotated by 0 degree(s)
13:34:32: [INFO] Adding track segment (F.Cu): [(293846250, 130810000), (300990000, 123666250)]
13:34:32: [INFO] Adding track segment (F.Cu): [(300990000, 123666250), (300990000, 111760000)]
13:34:32: [INFO] Routing COL11 pads
13:34:32: [INFO] Routing pad 'SW27:1' at (320040000, 73660000) with pad 'SW12:1' at (320040000, 54610000) using coordinate system rotated by 0 degree(s)
13:34:32: [INFO] Adding track segment (F.Cu): [(320040000, 73660000), (320040000, 54610000)]
13:34:32: [INFO] Routing pad 'SW42:1' at (320040000, 92710000) with pad 'SW27:1' at (320040000, 73660000) using coordinate system rotated by 0 degree(s)
13:34:32: [INFO] Adding track segment (F.Cu): [(320040000, 92710000), (320040000, 73660000)]
13:34:32: [INFO] Routing pad 'SW56:1' at (320040000, 111760000) with pad 'SW42:1' at (320040000, 92710000) using coordinate system rotated by 0 degree(s)
13:34:32: [INFO] Adding track segment (F.Cu): [(320040000, 111760000), (320040000, 92710000)]
13:34:32: [INFO] Routing pad 'SW68:1' at (317658750, 130810000) with pad 'SW56:1' at (320040000, 111760000) using coordinate system rotated by 0 degree(s)
13:34:32: [INFO] Adding track segment (F.Cu): [(317658750, 130810000), (320040000, 128428750)]
13:34:32: [INFO] Adding track segment (F.Cu): [(320040000, 128428750), (320040000, 111760000)]
13:34:32: [INFO] Routing ROW1 pads
13:34:32: [INFO] Routing pad 'D16:1' at (57467500, 81600000) with pad 'D17:1' at (86042500, 81600000) using coordinate system rotated by 0 degree(s)
13:34:32: [INFO] Adding track segment (B.Cu): [(57467500, 81600000), (86042500, 81600000)]
13:34:32: [INFO] Routing pad 'D17:1' at (86042500, 81600000) with pad 'D18:1' at (109855000, 81600000) using coordinate system rotated by 0 degree(s)
13:34:32: [INFO] Adding track segment (B.Cu): [(86042500, 81600000), (109855000, 81600000)]
13:34:32: [INFO] Routing pad 'D18:1' at (109855000, 81600000) with pad 'D19:1' at (128905000, 81600000) using coordinate system rotated by 0 degree(s)
13:34:32: [INFO] Adding track segment (B.Cu): [(109855000, 81600000), (128905000, 81600000)]
13:34:32: [INFO] Routing pad 'D19:1' at (128905000, 81600000) with pad 'D20:1' at (147955000, 81600000) using coordinate system rotated by 0 degree(s)
13:34:32: [INFO] Adding track segment (B.Cu): [(128905000, 81600000), (147955000, 81600000)]
13:34:32: [INFO] Routing pad 'D20:1' at (147955000, 81600000) with pad 'D21:1' at (167005000, 81600000) using coordinate system rotated by 0 degree(s)
13:34:32: [INFO] Adding track segment (B.Cu): [(147955000, 81600000), (167005000, 81600000)]
13:34:32: [INFO] Routing pad 'D21:1' at (167005000, 81600000) with pad 'D22:1' at (186055000, 81600000) using coordinate system rotated by 0 degree(s)
13:34:32: [INFO] Adding track segment (B.Cu): [(167005000, 81600000), (186055000, 81600000)]
13:34:32: [INFO] Routing pad 'D22:1' at (186055000, 81600000) with pad 'D23:1' at (252730000, 81600000) using coordinate system rotated by 0 degree(s)
13:34:32: [INFO] Adding track segment (B.Cu): [(186055000, 81600000), (252730000, 81600000)]
13:34:32: [INFO] Routing pad 'D23:1' at (252730000, 81600000) with pad 'D24:1' at (271780000, 81600000) using coordinate system rotated by 0 degree(s)
13:34:32: [INFO] Adding track segment (B.Cu): [(252730000, 81600000), (271780000, 81600000)]
13:34:32: [INFO] Routing pad 'D24:1' at (271780000, 81600000) with pad 'D25:1' at (290830000, 81600000) using coordinate system rotated by 0 degree(s)
13:34:32: [INFO] Adding track segment (B.Cu): [(271780000, 81600000), (290830000, 81600000)]
13:34:32: [INFO] Routing pad 'D25:1' at (290830000, 81600000) with pad 'D26:1' at (309880000, 81600000) using coordinate system rotated by 0 degree(s)
13:34:32: [INFO] Adding track segment (B.Cu): [(290830000, 81600000), (309880000, 81600000)]
13:34:32: [INFO] Routing pad 'D26:1' at (309880000, 81600000) with pad 'D27:1' at (328930000, 81600000) using coordinate system rotated by 0 degree(s)
13:34:32: [INFO] Adding track segment (B.Cu): [(309880000, 81600000), (328930000, 81600000)]
13:34:32: [INFO] Routing pad 'D27:1' at (328930000, 81600000) with pad 'D28:1' at (352742500, 81600000) using coordinate system rotated by 0 degree(s)
13:34:32: [INFO] Adding track segment (B.Cu): [(328930000, 81600000), (352742500, 81600000)]
13:34:32: [INFO] Routing pad 'D28:1' at (352742500, 81600000) with pad 'D29:1' at (376555000, 81600000) using coordinate system rotated by 0 degree(s)
13:34:32: [INFO] Adding track segment (B.Cu): [(352742500, 81600000), (376555000, 81600000)]
13:34:32: [INFO] Routing pad 'D29:1' at (376555000, 81600000) with pad 'D30:1' at (395605000, 81600000) using coordinate system rotated by 0 degree(s)
13:34:32: [INFO] Adding track segment (B.Cu): [(376555000, 81600000), (395605000, 81600000)]
13:34:32: [INFO] Routing COL7 pads
13:34:32: [INFO] Routing pad 'SW23:1' at (243840000, 73660000) with pad 'SW8:1' at (243840000, 54610000) using coordinate system rotated by 0 degree(s)
13:34:32: [INFO] Adding track segment (F.Cu): [(243840000, 73660000), (243840000, 54610000)]
13:34:32: [INFO] Routing pad 'SW38:1' at (243840000, 92710000) with pad 'SW23:1' at (243840000, 73660000) using coordinate system rotated by 0 degree(s)
13:34:32: [INFO] Adding track segment (F.Cu): [(243840000, 92710000), (243840000, 73660000)]
13:34:32: [INFO] Routing pad 'SW52:1' at (243840000, 111760000) with pad 'SW38:1' at (243840000, 92710000) using coordinate system rotated by 0 degree(s)
13:34:32: [INFO] Adding track segment (F.Cu): [(243840000, 111760000), (243840000, 92710000)]
13:34:32: [WARNING] Could not route pads when parent footprints not rotated the same, footprint1: SW64 at -75.0 degree(s) and footprint2: SW52 at 0.0 degree(s)
13:34:32: [INFO] Routing ROW2 pads
13:34:32: [INFO] Routing pad 'D31:1' at (52705000, 100650000) with pad 'D32:1' at (83661250, 100650000) using coordinate system rotated by 0 degree(s)
13:34:32: [INFO] Adding track segment (B.Cu): [(52705000, 100650000), (83661250, 100650000)]
13:34:32: [INFO] Routing pad 'D32:1' at (83661250, 100650000) with pad 'D33:1' at (109855000, 100650000) using coordinate system rotated by 0 degree(s)
13:34:32: [INFO] Adding track segment (B.Cu): [(83661250, 100650000), (109855000, 100650000)]
13:34:32: [INFO] Routing pad 'D33:1' at (109855000, 100650000) with pad 'D34:1' at (128905000, 100650000) using coordinate system rotated by 0 degree(s)
13:34:32: [INFO] Adding track segment (B.Cu): [(109855000, 100650000), (128905000, 100650000)]
13:34:32: [INFO] Routing pad 'D34:1' at (128905000, 100650000) with pad 'D35:1' at (147955000, 100650000) using coordinate system rotated by 0 degree(s)
13:34:32: [INFO] Adding track segment (B.Cu): [(128905000, 100650000), (147955000, 100650000)]
13:34:32: [INFO] Routing pad 'D35:1' at (147955000, 100650000) with pad 'D36:1' at (167005000, 100650000) using coordinate system rotated by 0 degree(s)
13:34:32: [INFO] Adding track segment (B.Cu): [(147955000, 100650000), (167005000, 100650000)]
13:34:32: [INFO] Routing pad 'D36:1' at (167005000, 100650000) with pad 'D37:1' at (186055000, 100650000) using coordinate system rotated by 0 degree(s)
13:34:32: [INFO] Adding track segment (B.Cu): [(167005000, 100650000), (186055000, 100650000)]
13:34:32: [INFO] Routing pad 'D37:1' at (186055000, 100650000) with pad 'D38:1' at (252730000, 100650000) using coordinate system rotated by 0 degree(s)
13:34:32: [INFO] Adding track segment (B.Cu): [(186055000, 100650000), (252730000, 100650000)]
13:34:32: [INFO] Routing pad 'D38:1' at (252730000, 100650000) with pad 'D39:1' at (271780000, 100650000) using coordinate system rotated by 0 degree(s)
13:34:32: [INFO] Adding track segment (B.Cu): [(252730000, 100650000), (271780000, 100650000)]
13:34:32: [INFO] Routing pad 'D39:1' at (271780000, 100650000) with pad 'D40:1' at (290830000, 100650000) using coordinate system rotated by 0 degree(s)
13:34:32: [INFO] Adding track segment (B.Cu): [(271780000, 100650000), (290830000, 100650000)]
13:34:32: [INFO] Routing pad 'D40:1' at (290830000, 100650000) with pad 'D41:1' at (309880000, 100650000) using coordinate system rotated by 0 degree(s)
13:34:32: [INFO] Adding track segment (B.Cu): [(290830000, 100650000), (309880000, 100650000)]
13:34:32: [INFO] Routing pad 'D41:1' at (309880000, 100650000) with pad 'D42:1' at (328930000, 100650000) using coordinate system rotated by 0 degree(s)
13:34:32: [INFO] Adding track segment (B.Cu): [(309880000, 100650000), (328930000, 100650000)]
13:34:32: [INFO] Routing pad 'D42:1' at (328930000, 100650000) with pad 'D43:1' at (347980000, 100650000) using coordinate system rotated by 0 degree(s)
13:34:32: [INFO] Adding track segment (B.Cu): [(328930000, 100650000), (347980000, 100650000)]
13:34:32: [INFO] Routing pad 'D43:1' at (347980000, 100650000) with pad 'D44:1' at (378936250, 100650000) using coordinate system rotated by 0 degree(s)
13:34:32: [INFO] Adding track segment (B.Cu): [(347980000, 100650000), (378936250, 100650000)]
13:34:32: [INFO] Routing COL0 pads
13:34:32: [INFO] Routing pad 'SW31:1' at (43815000, 92710000) with pad 'SW16:1' at (48577500, 73660000) using coordinate system rotated by 0 degree(s)
13:34:32: [INFO] Adding track segment (F.Cu): [(43815000, 92710000), (48577500, 87947500)]
13:34:32: [INFO] Adding track segment (F.Cu): [(48577500, 87947500), (48577500, 73660000)]
13:34:32: [INFO] Routing pad 'SW1:1' at (53340000, 54610000) with pad 'SW45:1' at (53340000, 35560000) using coordinate system rotated by 0 degree(s)
13:34:32: [INFO] Adding track segment (F.Cu): [(53340000, 54610000), (53340000, 35560000)]
13:34:32: [INFO] Routing pad 'SW16:1' at (48577500, 73660000) with pad 'SW1:1' at (53340000, 54610000) using coordinate system rotated by 0 degree(s)
13:34:32: [INFO] Adding track segment (F.Cu): [(48577500, 73660000), (53340000, 68897500)]
13:34:32: [INFO] Adding track segment (F.Cu): [(53340000, 68897500), (53340000, 54610000)]
13:34:32: [INFO] Routing ROW3 pads
13:34:32: [INFO] Routing pad 'D45:1' at (62230000, 43500000) with pad 'D46:1' at (78898750, 119700000) using coordinate system rotated by 0 degree(s)
13:34:32: [INFO] Routing pad 'D46:1' at (78898750, 119700000) with pad 'D47:1' at (109855000, 119700000) using coordinate system rotated by 0 degree(s)
13:34:32: [INFO] Adding track segment (B.Cu): [(78898750, 119700000), (109855000, 119700000)]
13:34:32: [INFO] Routing pad 'D47:1' at (109855000, 119700000) with pad 'D48:1' at (128905000, 119700000) using coordinate system rotated by 0 degree(s)
13:34:32: [INFO] Adding track segment (B.Cu): [(109855000, 119700000), (128905000, 119700000)]
13:34:32: [INFO] Routing pad 'D48:1' at (128905000, 119700000) with pad 'D49:1' at (147955000, 119700000) using coordinate system rotated by 0 degree(s)
13:34:32: [INFO] Adding track segment (B.Cu): [(128905000, 119700000), (147955000, 119700000)]
13:34:32: [INFO] Routing pad 'D49:1' at (147955000, 119700000) with pad 'D50:1' at (167005000, 119700000) using coordinate system rotated by 0 degree(s)
13:34:32: [INFO] Adding track segment (B.Cu): [(147955000, 119700000), (167005000, 119700000)]
13:34:32: [INFO] Routing pad 'D50:1' at (167005000, 119700000) with pad 'D51:1' at (186055000, 119700000) using coordinate system rotated by 0 degree(s)
13:34:32: [INFO] Adding track segment (B.Cu): [(167005000, 119700000), (186055000, 119700000)]
13:34:32: [INFO] Routing pad 'D51:1' at (186055000, 119700000) with pad 'D52:1' at (252730000, 119700000) using coordinate system rotated by 0 degree(s)
13:34:32: [INFO] Adding track segment (B.Cu): [(186055000, 119700000), (252730000, 119700000)]
13:34:32: [INFO] Routing pad 'D52:1' at (252730000, 119700000) with pad 'D53:1' at (271780000, 119700000) using coordinate system rotated by 0 degree(s)
13:34:32: [INFO] Adding track segment (B.Cu): [(252730000, 119700000), (271780000, 119700000)]
13:34:32: [INFO] Routing pad 'D53:1' at (271780000, 119700000) with pad 'D54:1' at (290830000, 119700000) using coordinate system rotated by 0 degree(s)
13:34:32: [INFO] Adding track segment (B.Cu): [(271780000, 119700000), (290830000, 119700000)]
13:34:32: [INFO] Routing pad 'D54:1' at (290830000, 119700000) with pad 'D55:1' at (309880000, 119700000) using coordinate system rotated by 0 degree(s)
13:34:32: [INFO] Adding track segment (B.Cu): [(290830000, 119700000), (309880000, 119700000)]
13:34:32: [INFO] Routing pad 'D55:1' at (309880000, 119700000) with pad 'D56:1' at (328930000, 119700000) using coordinate system rotated by 0 degree(s)
13:34:32: [INFO] Adding track segment (B.Cu): [(309880000, 119700000), (328930000, 119700000)]
13:34:32: [INFO] Routing pad 'D56:1' at (328930000, 119700000) with pad 'D57:1' at (376555000, 119700000) using coordinate system rotated by 0 degree(s)
13:34:32: [INFO] Adding track segment (B.Cu): [(328930000, 119700000), (376555000, 119700000)]
13:34:32: [INFO] Routing COL12 pads
13:34:32: [INFO] Routing pad 'SW28:1' at (343852500, 73660000) with pad 'SW43:1' at (339090000, 92710000) using coordinate system rotated by 0 degree(s)
13:34:32: [INFO] Adding track segment (F.Cu): [(343852500, 73660000), (343852500, 87947500)]
13:34:32: [INFO] Adding track segment (F.Cu): [(343852500, 87947500), (339090000, 92710000)]
13:34:32: [INFO] Routing pad 'SW13:1' at (339090000, 54610000) with pad 'SW28:1' at (343852500, 73660000) using coordinate system rotated by 0 degree(s)
13:34:32: [INFO] Adding track segment (F.Cu): [(339090000, 54610000), (339090000, 68897500)]
13:34:32: [INFO] Adding track segment (F.Cu): [(339090000, 68897500), (343852500, 73660000)]
13:34:32: [INFO] Routing pad 'SW43:1' at (339090000, 92710000) with pad 'SW69:1' at (348615000, 130810000) using coordinate system rotated by 0 degree(s)
13:34:32: [INFO] Adding track segment (F.Cu): [(339090000, 92710000), (339090000, 121285000)]
13:34:32: [INFO] Adding track segment (F.Cu): [(339090000, 121285000), (348615000, 130810000)]
13:34:32: [INFO] Routing COL13 pads
13:34:32: [INFO] Routing pad 'SW14:1' at (358140000, 54610000) with pad 'SW29:1' at (367665000, 73660000) using coordinate system rotated by 0 degree(s)
13:34:32: [INFO] Adding track segment (F.Cu): [(358140000, 54610000), (358140000, 64135000)]
13:34:32: [INFO] Adding track segment (F.Cu): [(358140000, 64135000), (367665000, 73660000)]
13:34:32: [INFO] Routing pad 'SW44:1' at (370046250, 92710000) with pad 'SW57:1' at (367665000, 111760000) using coordinate system rotated by 0 degree(s)
13:34:32: [INFO] Adding track segment (F.Cu): [(370046250, 92710000), (370046250, 109378750)]
13:34:32: [INFO] Adding track segment (F.Cu): [(370046250, 109378750), (367665000, 111760000)]
13:34:32: [INFO] Routing pad 'SW57:1' at (367665000, 111760000) with pad 'SW70:1' at (367665000, 130810000) using coordinate system rotated by 0 degree(s)
13:34:32: [INFO] Adding track segment (F.Cu): [(367665000, 111760000), (367665000, 130810000)]
13:34:32: [INFO] Routing pad 'SW29:1' at (367665000, 73660000) with pad 'SW44:1' at (370046250, 92710000) using coordinate system rotated by 0 degree(s)
13:34:32: [INFO] Adding track segment (F.Cu): [(367665000, 73660000), (367665000, 90328750)]
13:34:32: [INFO] Adding track segment (F.Cu): [(367665000, 90328750), (370046250, 92710000)]
13:34:32: [INFO] Routing ROW4 pads
13:34:32: [INFO] Routing pad 'D58:1' at (78898750, 138750000) with pad 'D59:1' at (102711250, 138750000) using coordinate system rotated by 0 degree(s)
13:34:32: [INFO] Adding track segment (B.Cu): [(78898750, 138750000), (102711250, 138750000)]
13:34:32: [INFO] Routing pad 'D59:1' at (102711250, 138750000) with pad 'D60:1' at (126523750, 138750000) using coordinate system rotated by 0 degree(s)
13:34:32: [INFO] Adding track segment (B.Cu): [(102711250, 138750000), (126523750, 138750000)]
13:34:32: [INFO] Routing pad 'D60:1' at (126523750, 138750000) with pad 'D61:1' at (159861250, 138750000) using coordinate system rotated by 0 degree(s)
13:34:32: [INFO] Adding track segment (B.Cu): [(126523750, 138750000), (159861250, 138750000)]
13:34:32: [WARNING] Could not route pads when parent footprints not rotated the same, footprint1: D61 at 90.0 degree(s) and footprint2: D62 at 165.0 degree(s)
13:34:32: [INFO] Routing pad 'D62:1' at (181862306, 151276060) with pad 'D63:1' at (200263193, 156206563) using coordinate system rotated by 195.0 degree(s)
13:34:32: [WARNING] Could not route pads when parent footprints not rotated the same, footprint1: D63 at 165.0 degree(s) and footprint2: D64 at 15.0 degree(s)
13:34:32: [INFO] Routing pad 'D64:1' at (230991409, 166020369) with pad 'D65:1' at (249392296, 161089866) using coordinate system rotated by 345.0 degree(s)
13:34:32: [WARNING] Could not route pads when parent footprints not rotated the same, footprint1: D65 at 15.0 degree(s) and footprint2: D66 at 90.0 degree(s)
13:34:32: [INFO] Routing pad 'D66:1' at (278923750, 138750000) with pad 'D67:1' at (302736250, 138750000) using coordinate system rotated by 0 degree(s)
13:34:32: [INFO] Adding track segment (B.Cu): [(278923750, 138750000), (302736250, 138750000)]
13:34:32: [INFO] Routing pad 'D67:1' at (302736250, 138750000) with pad 'D68:1' at (326548750, 138750000) using coordinate system rotated by 0 degree(s)
13:34:32: [INFO] Adding track segment (B.Cu): [(302736250, 138750000), (326548750, 138750000)]
13:34:32: [INFO] Routing pad 'D68:1' at (326548750, 138750000) with pad 'D69:1' at (357505000, 138750000) using coordinate system rotated by 0 degree(s)
13:34:32: [INFO] Adding track segment (B.Cu): [(326548750, 138750000), (357505000, 138750000)]
13:34:32: [INFO] Routing pad 'D69:1' at (357505000, 138750000) with pad 'D70:1' at (376555000, 138750000) using coordinate system rotated by 0 degree(s)
13:34:32: [INFO] Adding track segment (B.Cu): [(357505000, 138750000), (376555000, 138750000)]
13:34:32: [INFO] Routing pad 'D70:1' at (376555000, 138750000) with pad 'D71:1' at (395605000, 138750000) using coordinate system rotated by 0 degree(s)
13:34:32: [INFO] Adding track segment (B.Cu): [(376555000, 138750000), (395605000, 138750000)]
13:34:32: [INFO] Routing COL9 pads
13:34:32: [INFO] Routing pad 'SW25:1' at (281940000, 73660000) with pad 'SW10:1' at (281940000, 54610000) using coordinate system rotated by 0 degree(s)
13:34:32: [INFO] Adding track segment (F.Cu): [(281940000, 73660000), (281940000, 54610000)]
13:34:32: [INFO] Routing pad 'SW40:1' at (281940000, 92710000) with pad 'SW25:1' at (281940000, 73660000) using coordinate system rotated by 0 degree(s)
13:34:32: [INFO] Adding track segment (F.Cu): [(281940000, 92710000), (281940000, 73660000)]
13:34:32: [INFO] Routing pad 'SW54:1' at (281940000, 111760000) with pad 'SW40:1' at (281940000, 92710000) using coordinate system rotated by 0 degree(s)
13:34:32: [INFO] Adding track segment (F.Cu): [(281940000, 111760000), (281940000, 92710000)]
13:34:32: [INFO] Routing pad 'SW66:1' at (270033750, 130810000) with pad 'SW54:1' at (281940000, 111760000) using coordinate system rotated by 0 degree(s)
13:34:32: [INFO] Adding track segment (F.Cu): [(270033750, 130810000), (281940000, 118903750)]
13:34:32: [INFO] Adding track segment (F.Cu): [(281940000, 118903750), (281940000, 111760000)]
13:34:32: [INFO] Routing COL5 pads
13:34:32: [INFO] Routing pad 'SW6:1' at (158115000, 54610000) with pad 'SW21:1' at (158115000, 73660000) using coordinate system rotated by 0 degree(s)
13:34:32: [INFO] Adding track segment (F.Cu): [(158115000, 54610000), (158115000, 73660000)]
13:34:32: [INFO] Routing pad 'SW21:1' at (158115000, 73660000) with pad 'SW36:1' at (158115000, 92710000) using coordinate system rotated by 0 degree(s)
13:34:32: [INFO] Adding track segment (F.Cu): [(158115000, 73660000), (158115000, 92710000)]
13:34:32: [INFO] Routing pad 'SW36:1' at (158115000, 92710000) with pad 'SW50:1' at (158115000, 111760000) using coordinate system rotated by 0 degree(s)
13:34:32: [INFO] Adding track segment (F.Cu): [(158115000, 92710000), (158115000, 111760000)]
13:34:32: [WARNING] Could not route pads when parent footprints not rotated the same, footprint1: SW50 at 0.0 degree(s) and footprint2: SW62 at 75.0 degree(s)
13:34:32: [INFO] Routing COL3 pads
13:34:32: [INFO] Routing pad 'SW19:1' at (120015000, 73660000) with pad 'SW4:1' at (120015000, 54610000) using coordinate system rotated by 0 degree(s)
13:34:32: [INFO] Adding track segment (F.Cu): [(120015000, 73660000), (120015000, 54610000)]
13:34:32: [INFO] Routing pad 'SW34:1' at (120015000, 92710000) with pad 'SW19:1' at (120015000, 73660000) using coordinate system rotated by 0 degree(s)
13:34:32: [INFO] Adding track segment (F.Cu): [(120015000, 92710000), (120015000, 73660000)]
13:34:32: [INFO] Routing pad 'SW48:1' at (120015000, 111760000) with pad 'SW34:1' at (120015000, 92710000) using coordinate system rotated by 0 degree(s)
13:34:32: [INFO] Adding track segment (F.Cu): [(120015000, 111760000), (120015000, 92710000)]
13:34:32: [INFO] Routing pad 'SW60:1' at (117633750, 130810000) with pad 'SW48:1' at (120015000, 111760000) using coordinate system rotated by 0 degree(s)
13:34:32: [INFO] Adding track segment (F.Cu): [(117633750, 130810000), (120015000, 128428750)]
13:34:32: [INFO] Adding track segment (F.Cu): [(120015000, 128428750), (120015000, 111760000)]
13:34:32: [INFO] Routing COL2 pads
13:34:32: [INFO] Routing pad 'SW18:1' at (100965000, 73660000) with pad 'SW3:1' at (100965000, 54610000) using coordinate system rotated by 0 degree(s)
13:34:32: [INFO] Adding track segment (F.Cu): [(100965000, 73660000), (100965000, 54610000)]
13:34:32: [INFO] Routing pad 'SW33:1' at (100965000, 92710000) with pad 'SW18:1' at (100965000, 73660000) using coordinate system rotated by 0 degree(s)
13:34:32: [INFO] Adding track segment (F.Cu): [(100965000, 92710000), (100965000, 73660000)]
13:34:32: [INFO] Routing pad 'SW47:1' at (100965000, 111760000) with pad 'SW33:1' at (100965000, 92710000) using coordinate system rotated by 0 degree(s)
13:34:32: [INFO] Adding track segment (F.Cu): [(100965000, 111760000), (100965000, 92710000)]
13:34:32: [INFO] Routing pad 'SW59:1' at (93821250, 130810000) with pad 'SW47:1' at (100965000, 111760000) using coordinate system rotated by 0 degree(s)
13:34:32: [INFO] Adding track segment (F.Cu): [(93821250, 130810000), (100965000, 123666250)]
13:34:32: [INFO] Adding track segment (F.Cu): [(100965000, 123666250), (100965000, 111760000)]
13:34:32: [INFO] Routing COL8 pads
13:34:32: [INFO] Routing pad 'SW24:1' at (262890000, 73660000) with pad 'SW9:1' at (262890000, 54610000) using coordinate system rotated by 0 degree(s)
13:34:32: [INFO] Adding track segment (F.Cu): [(262890000, 73660000), (262890000, 54610000)]
13:34:32: [INFO] Routing pad 'SW39:1' at (262890000, 92710000) with pad 'SW24:1' at (262890000, 73660000) using coordinate system rotated by 0 degree(s)
13:34:32: [INFO] Adding track segment (F.Cu): [(262890000, 92710000), (262890000, 73660000)]
13:34:32: [INFO] Routing pad 'SW53:1' at (262890000, 111760000) with pad 'SW39:1' at (262890000, 92710000) using coordinate system rotated by 0 degree(s)
13:34:32: [INFO] Adding track segment (F.Cu): [(262890000, 111760000), (262890000, 92710000)]
13:34:32: [WARNING] Could not route pads when parent footprints not rotated the same, footprint1: SW65 at -75.0 degree(s) and footprint2: SW53 at 0.0 degree(s)
13:34:32: [INFO] Routing COL6 pads
13:34:32: [INFO] Routing pad 'SW7:1' at (177165000, 54610000) with pad 'SW22:1' at (177165000, 73660000) using coordinate system rotated by 0 degree(s)
13:34:32: [INFO] Adding track segment (F.Cu): [(177165000, 54610000), (177165000, 73660000)]
13:34:32: [INFO] Routing pad 'SW22:1' at (177165000, 73660000) with pad 'SW37:1' at (177165000, 92710000) using coordinate system rotated by 0 degree(s)
13:34:32: [INFO] Adding track segment (F.Cu): [(177165000, 73660000), (177165000, 92710000)]
13:34:32: [INFO] Routing pad 'SW37:1' at (177165000, 92710000) with pad 'SW51:1' at (177165000, 111760000) using coordinate system rotated by 0 degree(s)
13:34:32: [INFO] Adding track segment (F.Cu): [(177165000, 92710000), (177165000, 111760000)]
13:34:32: [WARNING] Could not route pads when parent footprints not rotated the same, footprint1: SW51 at 0.0 degree(s) and footprint2: SW63 at 75.0 degree(s)
13:34:32: [INFO] Removing dangling tracks
