=== kbplacer.kle_serial ===
=== layout2image.py ===
=== kbplacer ===
13:36:54: [INFO] User layout: https://editor.keyboard-tools.xyz/#share=NrDeCIGcFtwLgATgE4HsAuB9ApgYwIz7gC+ANEgAykUA6AdvYw80-dheORAB7wL5lKpfKxZim2IgF1SAKDDgAnnwoA6fAFZyUWInAltVAEychAZlPgqAFnAz5V0hstUAbC9IB2O1KA
13:36:54: [INFO] Labels prefixes: for rows: 'ROW', for columns: 'COL'
13:36:54: [INFO] Matrix size: 0x7
13:36:54: [INFO] Add COL0 net
13:36:54: [INFO] Add COL1 net
13:36:54: [INFO] Add COL2 net
13:36:54: [INFO] Add COL3 net
13:36:54: [INFO] Add COL4 net
13:36:54: [INFO] Add COL5 net
13:36:54: [INFO] Add COL6 net
13:36:54: [INFO] Add COL7 net
13:36:54: [INFO] Add Net-(D1-A) net
13:36:54: [INFO] Add Net-(D2-A) net
13:36:54: [INFO] Add Net-(D3-A) net
13:36:54: [INFO] Add Net-(D4-A) net
13:36:54: [INFO] Add Net-(D5-A) net
13:36:54: [INFO] Add Net-(D6-A) net
13:36:54: [INFO] Add Net-(D7-A) net
13:36:54: [INFO] Add Net-(D8-A) net
13:36:54: [INFO] Add ROW0 net
13:36:54: [INFO] Add SW1 footprint
13:36:54: [INFO] Add D1 footprint
13:36:54: [INFO] Add SW2 footprint
13:36:54: [INFO] Add D2 footprint
13:36:54: [INFO] Add SW3 footprint
13:36:54: [INFO] Add D3 footprint
13:36:54: [INFO] Add SW4 footprint
13:36:55: [INFO] Add D4 footprint
13:36:55: [INFO] Add SW5 footprint
13:36:55: [INFO] Add D5 footprint
13:36:55: [INFO] Add SW6 footprint
13:36:55: [INFO] Add D6 footprint
13:36:55: [INFO] Add SW7 footprint
13:36:55: [INFO] Add D7 footprint
13:36:55: [INFO] Add SW8 footprint
13:36:55: [INFO] Add D8 footprint
13:36:55: [INFO] Detected layout convertible to matrix annotated keyboard
13:36:55: [INFO] Using key 1U distance: (19.05, 19.05) mm
13:36:55: [INFO] Layout offset: (28575000, 28575000)
13:36:55: [INFO] Diode info: [ElementInfo(annotation_format='D{}', position_option=<PositionOption.CUSTOM: 'Custom'>, position=ElementPosition(x=5.08, y=4.0, orientation=90.0, side=<Side.BACK: 'Back'>), template_path='', start_index=-1)]
13:36:55: [INFO] Placing additional elements for SW8
13:36:55: [INFO] Placing additional elements for SW7
13:36:55: [INFO] Placing additional elements for SW6
13:36:55: [INFO] Placing additional elements for SW5
13:36:55: [INFO] Placing additional elements for SW4
13:36:55: [INFO] Placing additional elements for SW3
13:36:55: [INFO] Placing additional elements for SW2
13:36:55: [INFO] Placing additional elements for SW1
13:36:55: [INFO] Routing SW8 with D8
13:36:55: [INFO] Using internal autorouter method
13:36:55: [INFO] Routing pad 'SW8:2' at (78740000, 73977500) with pad 'D8:2' at (81280000, 81657500) using coordinate system rotated by 0 degree(s)
13:36:55: [INFO] Adding track segment (B.Cu): [(78740000, 73977500), (78740000, 79117500)]
13:36:55: [INFO] Adding track segment (B.Cu): [(78740000, 79117500), (81280000, 81657500)]
13:36:55: [INFO] Routing SW7 with D7
13:36:55: [INFO] Using internal autorouter method
13:36:55: [INFO] Routing pad 'SW7:2' at (59690000, 73977500) with pad 'D7:2' at (62230000, 81657500) using coordinate system rotated by 0 degree(s)
13:36:55: [INFO] Adding track segment (B.Cu): [(59690000, 73977500), (59690000, 79117500)]
13:36:55: [INFO] Adding track segment (B.Cu): [(59690000, 79117500), (62230000, 81657500)]
13:36:55: [INFO] Routing SW6 with D6
13:36:55: [INFO] Using internal autorouter method
13:36:55: [INFO] Routing pad 'SW6:2' at (40640000, 73977500) with pad 'D6:2' at (43180000, 81657500) using coordinate system rotated by 0 degree(s)
13:36:55: [INFO] Adding track segment (B.Cu): [(40640000, 73977500), (40640000, 79117500)]
13:36:55: [INFO] Adding track segment (B.Cu): [(40640000, 79117500), (43180000, 81657500)]
13:36:55: [INFO] Routing SW5 with D5
13:36:55: [INFO] Using internal autorouter method
13:36:55: [INFO] Routing pad 'SW5:2' at (78740000, 54927500) with pad 'D5:2' at (81280000, 62607500) using coordinate system rotated by 0 degree(s)
13:36:55: [INFO] Adding track segment (B.Cu): [(78740000, 54927500), (78740000, 60067500)]
13:36:55: [INFO] Adding track segment (B.Cu): [(78740000, 60067500), (81280000, 62607500)]
13:36:55: [INFO] Routing SW4 with D4
13:36:55: [INFO] Using internal autorouter method
13:36:55: [INFO] Routing pad 'SW4:2' at (59690000, 54927500) with pad 'D4:2' at (62230000, 62607500) using coordinate system rotated by 0 degree(s)
13:36:55: [INFO] Adding track segment (B.Cu): [(59690000, 54927500), (59690000, 60067500)]
13:36:55: [INFO] Adding track segment (B.Cu): [(59690000, 60067500), (62230000, 62607500)]
13:36:55: [INFO] Routing SW3 with D3
13:36:55: [INFO] Using internal autorouter method
13:36:55: [INFO] Routing pad 'SW3:2' at (40640000, 54927500) with pad 'D3:2' at (43180000, 62607500) using coordinate system rotated by 0 degree(s)
13:36:55: [INFO] Adding track segment (B.Cu): [(40640000, 54927500), (40640000, 60067500)]
13:36:55: [INFO] Adding track segment (B.Cu): [(40640000, 60067500), (43180000, 62607500)]
13:36:55: [INFO] Routing SW2 with D2
13:36:55: [INFO] Using internal autorouter method
13:36:55: [INFO] Routing pad 'SW2:S2' at (83200000, 35600000) with pad 'D2:2' at (73780000, 38200000) using coordinate system rotated by 0 degree(s)
13:36:55: [INFO] Adding track segment (B.Cu): [(83200000, 35600000), (76380000, 35600000)]
13:36:55: [INFO] Adding track segment (B.Cu): [(76380000, 35600000), (73780000, 38200000)]
13:36:55: [INFO] Routing SW1 with D1
13:36:55: [INFO] Using internal autorouter method
13:36:55: [INFO] Routing pad 'SW1:S2' at (45100000, 35600000) with pad 'D1:2' at (35680000, 38200000) using coordinate system rotated by 0 degree(s)
13:36:55: [INFO] Adding track segment (B.Cu): [(45100000, 35600000), (38280000, 35600000)]
13:36:55: [INFO] Adding track segment (B.Cu): [(38280000, 35600000), (35680000, 38200000)]
13:36:55: [INFO] Routing COL5 pads
13:36:55: [INFO] Routing COL1 pads
13:36:55: [INFO] Routing COL6 pads
13:36:55: [INFO] Routing ROW0 pads
13:36:55: [INFO] Routing pad 'D1:1' at (35680000, 41000000) with pad 'D3:1' at (43180000, 65407500) using coordinate system rotated by 0 degree(s)
13:36:55: [INFO] Routing pad 'D3:1' at (43180000, 65407500) with pad 'D6:1' at (43180000, 84457500) using coordinate system rotated by 0 degree(s)
13:36:55: [INFO] Adding track segment (B.Cu): [(43180000, 65407500), (43180000, 84457500)]
13:36:55: [INFO] Could not add track segment due to detected collision
13:36:55: [INFO] Routing pad 'D3:1' at (43180000, 65407500) with pad 'D4:1' at (62230000, 65407500) using coordinate system rotated by 0 degree(s)
13:36:55: [INFO] Adding track segment (B.Cu): [(43180000, 65407500), (62230000, 65407500)]
13:36:55: [INFO] Routing pad 'D6:1' at (43180000, 84457500) with pad 'D7:1' at (62230000, 84457500) using coordinate system rotated by 0 degree(s)
13:36:55: [INFO] Adding track segment (B.Cu): [(43180000, 84457500), (62230000, 84457500)]
13:36:55: [INFO] Routing pad 'D5:1' at (81280000, 65407500) with pad 'D2:1' at (73780000, 41000000) using coordinate system rotated by 0 degree(s)
13:36:55: [INFO] Routing pad 'D4:1' at (62230000, 65407500) with pad 'D5:1' at (81280000, 65407500) using coordinate system rotated by 0 degree(s)
13:36:55: [INFO] Adding track segment (B.Cu): [(62230000, 65407500), (81280000, 65407500)]
13:36:55: [INFO] Routing pad 'D7:1' at (62230000, 84457500) with pad 'D8:1' at (81280000, 84457500) using coordinate system rotated by 0 degree(s)
13:36:55: [INFO] Adding track segment (B.Cu): [(62230000, 84457500), (81280000, 84457500)]
13:36:55: [INFO] Routing COL0 pads
13:36:55: [INFO] Routing COL4 pads
13:36:55: [INFO] Routing COL7 pads
13:36:55: [INFO] Routing COL2 pads
13:36:55: [INFO] Routing COL3 pads
13:36:55: [INFO] Removing dangling tracks
