=== kbplacer.kle_serial ===
=== layout2image.py ===
=== kbplacer ===
13:29:48: [INFO] User layout: https://editor.keyboard-tools.xyz/#share=NrDeCIGNwLgAnAYgIareAvgGgQBi7uDhNPEpBZZjuPgIxF5YBMjtWAzG-gCzdYBWfgDZ+Adn4AOfgE5+dQjXoMlWOq2JRYCFGlRsA7tubYEdNRwA6AOxs38iuBAAe23ADoBNUjspVT7HRWtiH0jCTaSHr6AeZBdqFq4AC6WABQYOBG8HSesQThWmSIfhTUZkk05hoVXFVYfPVC9aL1EvXS9XL1CmxxKhXqhT5R0YbauQIBzGqsqRkQ2XC5YlM0M44RxaXQ05UIMzXgM3UHDWwzzWetZ+1nnWfdZ73ragNbOtHI4-DM7sxrZ5ceaZJZ-AEBDgFTQjEqlcrgKFHKGnRHnGhQq5om5ou5oh5op5ol4IKF0d5FT5jGhLFaA4nIiwpdKgiZ5Gg8AgJGzmRzgTl0bnWXmFWnshCc5hCjbDSJwvw-OBiAKc4TS6FOSmjPSKyYqt7qvkCqUhHkaxZs+kC4IJEUglzGTw0ACebidCDFVpY6opsJ2io4+p4PrYqpDmiWgY5WEk4c1sK+uvF-INpusMwY9vArl+7q18qoNImuH1arTh2ZC3ziaLOWTnNwQrihQAJtoAC4AJwArgBTfWCtPNzQ55YefAINvwLt9gcm237C11r3xIdJLOemhTuAz-vRxtro4CpssQqjhTuEvR9QnmpL5Z57e7gc2kLVFLJIA
13:29:48: [INFO] Labels prefixes: for rows: 'ROW', for columns: 'COL'
13:29:48: [INFO] Matrix size: 4x13
13:29:49: [WARNING] No stabilizer footprint for width 2.25u, using 2u as fallback
13:29:49: [WARNING] No stabilizer footprint for width 2.25u, using 2u as fallback
13:29:49: [INFO] Add COL0 net
13:29:49: [INFO] Add COL1 net
13:29:49: [INFO] Add COL10 net
13:29:49: [INFO] Add COL11 net
13:29:49: [INFO] Add COL12 net
13:29:49: [INFO] Add COL13 net
13:29:49: [INFO] Add COL2 net
13:29:49: [INFO] Add COL3 net
13:29:49: [INFO] Add COL4 net
13:29:49: [INFO] Add COL5 net
13:29:49: [INFO] Add COL6 net
13:29:49: [INFO] Add COL7 net
13:29:49: [INFO] Add COL8 net
13:29:49: [INFO] Add COL9 net
13:29:49: [INFO] Add Net-(D1-A) net
13:29:49: [INFO] Add Net-(D10-A) net
13:29:49: [INFO] Add Net-(D11-A) net
13:29:49: [INFO] Add Net-(D12-A) net
13:29:49: [INFO] Add Net-(D13-A) net
13:29:49: [INFO] Add Net-(D14-A) net
13:29:49: [INFO] Add Net-(D15-A) net
13:29:49: [INFO] Add Net-(D16-A) net
13:29:49: [INFO] Add Net-(D17-A) net
13:29:49: [INFO] Add Net-(D18-A) net
13:29:49: [INFO] Add Net-(D19-A) net
13:29:49: [INFO] Add Net-(D2-A) net
13:29:49: [INFO] Add Net-(D20-A) net
13:29:49: [INFO] Add Net-(D21-A) net
13:29:49: [INFO] Add Net-(D22-A) net
13:29:49: [INFO] Add Net-(D23-A) net
13:29:49: [INFO] Add Net-(D24-A) net
13:29:49: [INFO] Add Net-(D25-A) net
13:29:49: [INFO] Add Net-(D26-A) net
13:29:49: [INFO] Add Net-(D27-A) net
13:29:49: [INFO] Add Net-(D28-A) net
13:29:49: [INFO] Add Net-(D29-A) net
13:29:49: [INFO] Add Net-(D3-A) net
13:29:49: [INFO] Add Net-(D30-A) net
13:29:49: [INFO] Add Net-(D31-A) net
13:29:49: [INFO] Add Net-(D32-A) net
13:29:49: [INFO] Add Net-(D33-A) net
13:29:49: [INFO] Add Net-(D34-A) net
13:29:49: [INFO] Add Net-(D35-A) net
13:29:49: [INFO] Add Net-(D36-A) net
13:29:49: [INFO] Add Net-(D37-A) net
13:29:49: [INFO] Add Net-(D38-A) net
13:29:49: [INFO] Add Net-(D39-A) net
13:29:49: [INFO] Add Net-(D4-A) net
13:29:49: [INFO] Add Net-(D40-A) net
13:29:49: [INFO] Add Net-(D41-A) net
13:29:49: [INFO] Add Net-(D42-A) net
13:29:49: [INFO] Add Net-(D43-A) net
13:29:49: [INFO] Add Net-(D44-A) net
13:29:49: [INFO] Add Net-(D45-A) net
13:29:49: [INFO] Add Net-(D46-A) net
13:29:49: [INFO] Add Net-(D47-A) net
13:29:49: [INFO] Add Net-(D48-A) net
13:29:49: [INFO] Add Net-(D49-A) net
13:29:49: [INFO] Add Net-(D5-A) net
13:29:49: [INFO] Add Net-(D50-A) net
13:29:49: [INFO] Add Net-(D51-A) net
13:29:49: [INFO] Add Net-(D52-A) net
13:29:49: [INFO] Add Net-(D53-A) net
13:29:49: [INFO] Add Net-(D54-A) net
13:29:49: [INFO] Add Net-(D55-A) net
13:29:49: [INFO] Add Net-(D56-A) net
13:29:49: [INFO] Add Net-(D57-A) net
13:29:49: [INFO] Add Net-(D58-A) net
13:29:49: [INFO] Add Net-(D59-A) net
13:29:49: [INFO] Add Net-(D6-A) net
13:29:49: [INFO] Add Net-(D60-A) net
13:29:49: [INFO] Add Net-(D61-A) net
13:29:49: [INFO] Add Net-(D62-A) net
13:29:49: [INFO] Add Net-(D63-A) net
13:29:49: [INFO] Add Net-(D64-A) net
13:29:49: [INFO] Add Net-(D7-A) net
13:29:49: [INFO] Add Net-(D8-A) net
13:29:49: [INFO] Add Net-(D9-A) net
13:29:49: [INFO] Add ROW0 net
13:29:49: [INFO] Add ROW1 net
13:29:49: [INFO] Add ROW2 net
13:29:49: [INFO] Add ROW3 net
13:29:49: [INFO] Add ROW4 net
13:29:49: [INFO] Add SW1 footprint
13:29:49: [INFO] Add D1 footprint
13:29:49: [INFO] Add SW2 footprint
13:29:49: [INFO] Add D2 footprint
13:29:49: [INFO] Add SW3 footprint
13:29:49: [INFO] Add D3 footprint
13:29:49: [INFO] Add SW4 footprint
13:29:49: [INFO] Add D4 footprint
13:29:49: [INFO] Add SW5 footprint
13:29:49: [INFO] Add D5 footprint
13:29:49: [INFO] Add SW6 footprint
13:29:49: [INFO] Add D6 footprint
13:29:49: [INFO] Add SW7 footprint
13:29:49: [INFO] Add D7 footprint
13:29:49: [INFO] Add SW8 footprint
13:29:49: [INFO] Add D8 footprint
13:29:49: [INFO] Add SW9 footprint
13:29:50: [INFO] Add D9 footprint
13:29:50: [INFO] Add SW10 footprint
13:29:50: [INFO] Add D10 footprint
13:29:50: [INFO] Add SW11 footprint
13:29:50: [INFO] Add D11 footprint
13:29:50: [INFO] Add SW12 footprint
13:29:50: [INFO] Add D12 footprint
13:29:50: [INFO] Add SW13 footprint
13:29:50: [INFO] Add D13 footprint
13:29:50: [INFO] Add SW14 footprint
13:29:50: [INFO] Add D14 footprint
13:29:50: [INFO] Add SW15 footprint
13:29:50: [INFO] Add D15 footprint
13:29:50: [INFO] Add SW16 footprint
13:29:50: [INFO] Add D16 footprint
13:29:50: [INFO] Add SW17 footprint
13:29:50: [INFO] Add D17 footprint
13:29:50: [INFO] Add SW18 footprint
13:29:50: [INFO] Add D18 footprint
13:29:50: [INFO] Add SW19 footprint
13:29:50: [INFO] Add D19 footprint
13:29:50: [INFO] Add SW20 footprint
13:29:50: [INFO] Add D20 footprint
13:29:50: [INFO] Add SW21 footprint
13:29:50: [INFO] Add D21 footprint
13:29:50: [INFO] Add SW22 footprint
13:29:50: [INFO] Add D22 footprint
13:29:50: [INFO] Add SW23 footprint
13:29:50: [INFO] Add D23 footprint
13:29:50: [INFO] Add SW24 footprint
13:29:50: [INFO] Add D24 footprint
13:29:50: [INFO] Add SW25 footprint
13:29:50: [INFO] Add D25 footprint
13:29:50: [INFO] Add SW26 footprint
13:29:50: [INFO] Add D26 footprint
13:29:51: [INFO] Add SW27 footprint
13:29:51: [INFO] Add D27 footprint
13:29:51: [INFO] Add SW28 footprint
13:29:51: [INFO] Add D28 footprint
13:29:51: [INFO] Add ST28 footprint
13:29:51: [INFO] Add SW28a footprint
13:29:51: [INFO] Add SW29 footprint
13:29:51: [INFO] Add D29 footprint
13:29:51: [INFO] Add SW30 footprint
13:29:51: [INFO] Add D30 footprint
13:29:51: [INFO] Add SW31 footprint
13:29:51: [INFO] Add D31 footprint
13:29:51: [INFO] Add SW32 footprint
13:29:51: [INFO] Add D32 footprint
13:29:51: [INFO] Add SW33 footprint
13:29:51: [INFO] Add D33 footprint
13:29:51: [INFO] Add SW34 footprint
13:29:51: [INFO] Add D34 footprint
13:29:51: [INFO] Add SW35 footprint
13:29:51: [INFO] Add D35 footprint
13:29:51: [INFO] Add SW36 footprint
13:29:51: [INFO] Add D36 footprint
13:29:51: [INFO] Add SW37 footprint
13:29:51: [INFO] Add D37 footprint
13:29:51: [INFO] Add SW38 footprint
13:29:51: [INFO] Add D38 footprint
13:29:51: [INFO] Add SW39 footprint
13:29:51: [INFO] Add D39 footprint
13:29:51: [INFO] Add SW40 footprint
13:29:51: [INFO] Add D40 footprint
13:29:51: [INFO] Add SW41 footprint
13:29:51: [INFO] Add D41 footprint
13:29:51: [INFO] Add SW42 footprint
13:29:51: [INFO] Add D42 footprint
13:29:51: [WARNING] No stabilizer footprint for width 2.25u, using 2u as fallback
13:29:51: [INFO] Add ST42 footprint
13:29:51: [INFO] Add SW43 footprint
13:29:51: [INFO] Add D43 footprint
13:29:51: [WARNING] No stabilizer footprint for width 2.25u, using 2u as fallback
13:29:51: [INFO] Add ST43 footprint
13:29:51: [INFO] Add SW44 footprint
13:29:51: [INFO] Add D44 footprint
13:29:51: [INFO] Add SW45 footprint
13:29:51: [INFO] Add D45 footprint
13:29:51: [INFO] Add SW46 footprint
13:29:51: [INFO] Add D46 footprint
13:29:51: [INFO] Add SW47 footprint
13:29:52: [INFO] Add D47 footprint
13:29:52: [INFO] Add SW48 footprint
13:29:52: [INFO] Add D48 footprint
13:29:52: [INFO] Add SW49 footprint
13:29:52: [INFO] Add D49 footprint
13:29:52: [INFO] Add SW50 footprint
13:29:52: [INFO] Add D50 footprint
13:29:52: [INFO] Add SW51 footprint
13:29:52: [INFO] Add D51 footprint
13:29:52: [INFO] Add SW52 footprint
13:29:52: [INFO] Add D52 footprint
13:29:52: [INFO] Add SW53 footprint
13:29:52: [INFO] Add D53 footprint
13:29:52: [INFO] Add SW54 footprint
13:29:52: [INFO] Add D54 footprint
13:29:52: [INFO] Add SW55 footprint
13:29:52: [INFO] Add D55 footprint
13:29:52: [INFO] Add SW56 footprint
13:29:52: [INFO] Add D56 footprint
13:29:52: [INFO] Add SW57 footprint
13:29:52: [INFO] Add D57 footprint
13:29:52: [INFO] Add SW58 footprint
13:29:52: [INFO] Add D58 footprint
13:29:52: [INFO] Add SW59 footprint
13:29:52: [INFO] Add D59 footprint
13:29:52: [INFO] Add ST59 footprint
13:29:52: [INFO] Add SW60 footprint
13:29:52: [INFO] Add D60 footprint
13:29:52: [INFO] Add ST60 footprint
13:29:52: [INFO] Add SW61 footprint
13:29:52: [INFO] Add D61 footprint
13:29:52: [INFO] Add ST61 footprint
13:29:52: [INFO] Add SW62 footprint
13:29:52: [INFO] Add D62 footprint
13:29:52: [INFO] Add SW63 footprint
13:29:52: [INFO] Add D63 footprint
13:29:52: [INFO] Add SW64 footprint
13:29:53: [INFO] Add D64 footprint
13:29:53: [INFO] Detected layout convertible to matrix annotated keyboard
13:29:53: [INFO] Using key 1U distance: (19.05, 19.05) mm
13:29:53: [INFO] Layout offset: (28575000, 28575000)
13:29:53: [INFO] Diode info: [ElementInfo(annotation_format='D{}', position_option=<PositionOption.CUSTOM: 'Custom'>, position=ElementPosition(x=5.08, y=4.0, orientation=90.0, side=<Side.BACK: 'Back'>), template_path='', start_index=-1)]
13:29:53: [INFO] Placing additional elements for SW64
13:29:53: [INFO] Placing additional elements for SW63
13:29:53: [INFO] Placing additional elements for SW62
13:29:53: [INFO] Placing additional elements for SW61
13:29:53: [INFO] Placing additional elements for SW60
13:29:53: [INFO] Placing additional elements for SW59
13:29:53: [INFO] Placing additional elements for SW58
13:29:53: [INFO] Placing additional elements for SW57
13:29:53: [INFO] Placing additional elements for SW56
13:29:53: [INFO] Placing additional elements for SW55
13:29:53: [INFO] Placing additional elements for SW54
13:29:53: [INFO] Placing additional elements for SW53
13:29:53: [INFO] Placing additional elements for SW52
13:29:53: [INFO] Placing additional elements for SW51
13:29:53: [INFO] Placing additional elements for SW50
13:29:53: [INFO] Placing additional elements for SW49
13:29:53: [INFO] Placing additional elements for SW48
13:29:53: [INFO] Placing additional elements for SW47
13:29:53: [INFO] Placing additional elements for SW46
13:29:53: [INFO] Placing additional elements for SW45
13:29:53: [INFO] Placing additional elements for SW44
13:29:53: [INFO] Placing additional elements for SW43
13:29:53: [INFO] Placing additional elements for SW42
13:29:53: [INFO] Placing additional elements for SW41
13:29:53: [INFO] Placing additional elements for SW40
13:29:53: [INFO] Placing additional elements for SW39
13:29:53: [INFO] Placing additional elements for SW38
13:29:53: [INFO] Placing additional elements for SW37
13:29:53: [INFO] Placing additional elements for SW36
13:29:53: [INFO] Placing additional elements for SW35
13:29:53: [INFO] Placing additional elements for SW34
13:29:53: [INFO] Placing additional elements for SW33
13:29:53: [INFO] Placing additional elements for SW32
13:29:53: [INFO] Placing additional elements for SW31
13:29:53: [INFO] Placing additional elements for SW30
13:29:53: [INFO] Placing additional elements for SW29
13:29:53: [INFO] Placing additional elements for SW28a
13:29:53: [INFO] Placing additional elements for SW28
13:29:53: [INFO] Placing additional elements for SW27
13:29:53: [INFO] Placing additional elements for SW26
13:29:53: [INFO] Placing additional elements for SW25
13:29:53: [INFO] Placing additional elements for SW24
13:29:53: [INFO] Placing additional elements for SW23
13:29:53: [INFO] Placing additional elements for SW22
13:29:53: [INFO] Placing additional elements for SW21
13:29:53: [INFO] Placing additional elements for SW20
13:29:53: [INFO] Placing additional elements for SW19
13:29:53: [INFO] Placing additional elements for SW18
13:29:53: [INFO] Placing additional elements for SW17
13:29:53: [INFO] Placing additional elements for SW16
13:29:53: [INFO] Placing additional elements for SW15
13:29:53: [INFO] Placing additional elements for SW14
13:29:53: [INFO] Placing additional elements for SW13
13:29:53: [INFO] Placing additional elements for SW12
13:29:53: [INFO] Placing additional elements for SW11
13:29:53: [INFO] Placing additional elements for SW10
13:29:53: [INFO] Placing additional elements for SW9
13:29:53: [INFO] Placing additional elements for SW8
13:29:53: [INFO] Placing additional elements for SW7
13:29:53: [INFO] Placing additional elements for SW6
13:29:53: [INFO] Placing additional elements for SW5
13:29:53: [INFO] Placing additional elements for SW4
13:29:53: [INFO] Placing additional elements for SW3
13:29:53: [INFO] Placing additional elements for SW2
13:29:53: [INFO] Placing additional elements for SW1
13:29:53: [INFO] Routing SW64 with D64
13:29:53: [INFO] Using internal autorouter method
13:29:53: [INFO] Routing pad 'SW64:2' at (302577500, 109220000) with pad 'D64:2' at (305117500, 116900000) using coordinate system rotated by 0 degree(s)
13:29:53: [INFO] Adding track segment (B.Cu): [(302577500, 109220000), (302577500, 114360000)]
13:29:53: [INFO] Adding track segment (B.Cu): [(302577500, 114360000), (305117500, 116900000)]
13:29:53: [INFO] Routing SW63 with D63
13:29:53: [INFO] Using internal autorouter method
13:29:53: [INFO] Routing pad 'SW63:2' at (278765000, 109220000) with pad 'D63:2' at (281305000, 116900000) using coordinate system rotated by 0 degree(s)
13:29:53: [INFO] Adding track segment (B.Cu): [(278765000, 109220000), (278765000, 114360000)]
13:29:53: [INFO] Adding track segment (B.Cu): [(278765000, 114360000), (281305000, 116900000)]
13:29:53: [INFO] Routing SW62 with D62
13:29:53: [INFO] Using internal autorouter method
13:29:53: [INFO] Routing pad 'SW62:2' at (254952500, 109220000) with pad 'D62:2' at (257492500, 116900000) using coordinate system rotated by 0 degree(s)
13:29:53: [INFO] Adding track segment (B.Cu): [(254952500, 109220000), (254952500, 114360000)]
13:29:53: [INFO] Adding track segment (B.Cu): [(254952500, 114360000), (257492500, 116900000)]
13:29:53: [INFO] Routing SW61 with D61
13:29:53: [INFO] Using internal autorouter method
13:29:53: [INFO] Routing pad 'SW61:2' at (212090000, 109220000) with pad 'D61:2' at (214630000, 116900000) using coordinate system rotated by 0 degree(s)
13:29:53: [INFO] Adding track segment (B.Cu): [(212090000, 109220000), (212090000, 114360000)]
13:29:53: [INFO] Adding track segment (B.Cu): [(212090000, 114360000), (214630000, 116900000)]
13:29:53: [INFO] Routing SW60 with D60
13:29:53: [INFO] Using internal autorouter method
13:29:53: [INFO] Routing pad 'SW60:2' at (173990000, 109220000) with pad 'D60:2' at (176530000, 116900000) using coordinate system rotated by 0 degree(s)
13:29:53: [INFO] Adding track segment (B.Cu): [(173990000, 109220000), (173990000, 114360000)]
13:29:53: [INFO] Adding track segment (B.Cu): [(173990000, 114360000), (176530000, 116900000)]
13:29:53: [INFO] Routing SW59 with D59
13:29:53: [INFO] Using internal autorouter method
13:29:53: [INFO] Routing pad 'SW59:2' at (135890000, 109220000) with pad 'D59:2' at (138430000, 116900000) using coordinate system rotated by 0 degree(s)
13:29:53: [INFO] Adding track segment (B.Cu): [(135890000, 109220000), (135890000, 114360000)]
13:29:53: [INFO] Adding track segment (B.Cu): [(135890000, 114360000), (138430000, 116900000)]
13:29:53: [INFO] Routing SW58 with D58
13:29:53: [INFO] Using internal autorouter method
13:29:53: [INFO] Routing pad 'SW58:2' at (93027500, 109220000) with pad 'D58:2' at (95567500, 116900000) using coordinate system rotated by 0 degree(s)
13:29:53: [INFO] Adding track segment (B.Cu): [(93027500, 109220000), (93027500, 114360000)]
13:29:53: [INFO] Adding track segment (B.Cu): [(93027500, 114360000), (95567500, 116900000)]
13:29:53: [INFO] Routing SW57 with D57
13:29:53: [INFO] Using internal autorouter method
13:29:53: [INFO] Routing pad 'SW57:2' at (69215000, 109220000) with pad 'D57:2' at (71755000, 116900000) using coordinate system rotated by 0 degree(s)
13:29:53: [INFO] Adding track segment (B.Cu): [(69215000, 109220000), (69215000, 114360000)]
13:29:53: [INFO] Adding track segment (B.Cu): [(69215000, 114360000), (71755000, 116900000)]
13:29:53: [INFO] Routing SW56 with D56
13:29:53: [INFO] Using internal autorouter method
13:29:53: [INFO] Routing pad 'SW56:2' at (45402500, 109220000) with pad 'D56:2' at (47942500, 116900000) using coordinate system rotated by 0 degree(s)
13:29:53: [INFO] Adding track segment (B.Cu): [(45402500, 109220000), (45402500, 114360000)]
13:29:53: [INFO] Adding track segment (B.Cu): [(45402500, 114360000), (47942500, 116900000)]
13:29:53: [INFO] Routing SW55 with D55
13:29:53: [INFO] Using internal autorouter method
13:29:53: [INFO] Routing pad 'SW55:2' at (307340000, 90170000) with pad 'D55:2' at (309880000, 97850000) using coordinate system rotated by 0 degree(s)
13:29:53: [INFO] Adding track segment (B.Cu): [(307340000, 90170000), (307340000, 95310000)]
13:29:53: [INFO] Adding track segment (B.Cu): [(307340000, 95310000), (309880000, 97850000)]
13:29:53: [INFO] Routing SW54 with D54
13:29:53: [INFO] Using internal autorouter method
13:29:53: [INFO] Routing pad 'SW54:2' at (281146250, 90170000) with pad 'D54:2' at (283686250, 97850000) using coordinate system rotated by 0 degree(s)
13:29:53: [INFO] Adding track segment (B.Cu): [(281146250, 90170000), (281146250, 95310000)]
13:29:53: [INFO] Adding track segment (B.Cu): [(281146250, 95310000), (283686250, 97850000)]
13:29:53: [INFO] Routing SW53 with D53
13:29:53: [INFO] Using internal autorouter method
13:29:53: [INFO] Routing pad 'SW53:2' at (254952500, 90170000) with pad 'D53:2' at (257492500, 97850000) using coordinate system rotated by 0 degree(s)
13:29:53: [INFO] Adding track segment (B.Cu): [(254952500, 90170000), (254952500, 95310000)]
13:29:53: [INFO] Adding track segment (B.Cu): [(254952500, 95310000), (257492500, 97850000)]
13:29:53: [INFO] Routing SW52 with D52
13:29:53: [INFO] Using internal autorouter method
13:29:53: [INFO] Routing pad 'SW52:2' at (235902500, 90170000) with pad 'D52:2' at (238442500, 97850000) using coordinate system rotated by 0 degree(s)
13:29:53: [INFO] Adding track segment (B.Cu): [(235902500, 90170000), (235902500, 95310000)]
13:29:53: [INFO] Adding track segment (B.Cu): [(235902500, 95310000), (238442500, 97850000)]
13:29:53: [INFO] Routing SW51 with D51
13:29:53: [INFO] Using internal autorouter method
13:29:53: [INFO] Routing pad 'SW51:2' at (216852500, 90170000) with pad 'D51:2' at (219392500, 97850000) using coordinate system rotated by 0 degree(s)
13:29:53: [INFO] Adding track segment (B.Cu): [(216852500, 90170000), (216852500, 95310000)]
13:29:53: [INFO] Adding track segment (B.Cu): [(216852500, 95310000), (219392500, 97850000)]
13:29:53: [INFO] Routing SW50 with D50
13:29:53: [INFO] Using internal autorouter method
13:29:53: [INFO] Routing pad 'SW50:2' at (197802500, 90170000) with pad 'D50:2' at (200342500, 97850000) using coordinate system rotated by 0 degree(s)
13:29:53: [INFO] Adding track segment (B.Cu): [(197802500, 90170000), (197802500, 95310000)]
13:29:53: [INFO] Adding track segment (B.Cu): [(197802500, 95310000), (200342500, 97850000)]
13:29:53: [INFO] Routing SW49 with D49
13:29:53: [INFO] Using internal autorouter method
13:29:53: [INFO] Routing pad 'SW49:2' at (178752500, 90170000) with pad 'D49:2' at (181292500, 97850000) using coordinate system rotated by 0 degree(s)
13:29:53: [INFO] Adding track segment (B.Cu): [(178752500, 90170000), (178752500, 95310000)]
13:29:53: [INFO] Adding track segment (B.Cu): [(178752500, 95310000), (181292500, 97850000)]
13:29:53: [INFO] Routing SW48 with D48
13:29:53: [INFO] Using internal autorouter method
13:29:53: [INFO] Routing pad 'SW48:2' at (159702500, 90170000) with pad 'D48:2' at (162242500, 97850000) using coordinate system rotated by 0 degree(s)
13:29:53: [INFO] Adding track segment (B.Cu): [(159702500, 90170000), (159702500, 95310000)]
13:29:53: [INFO] Adding track segment (B.Cu): [(159702500, 95310000), (162242500, 97850000)]
13:29:53: [INFO] Routing SW47 with D47
13:29:53: [INFO] Using internal autorouter method
13:29:53: [INFO] Routing pad 'SW47:2' at (140652500, 90170000) with pad 'D47:2' at (143192500, 97850000) using coordinate system rotated by 0 degree(s)
13:29:53: [INFO] Adding track segment (B.Cu): [(140652500, 90170000), (140652500, 95310000)]
13:29:53: [INFO] Adding track segment (B.Cu): [(140652500, 95310000), (143192500, 97850000)]
13:29:53: [INFO] Routing SW46 with D46
13:29:53: [INFO] Using internal autorouter method
13:29:53: [INFO] Routing pad 'SW46:2' at (121602500, 90170000) with pad 'D46:2' at (124142500, 97850000) using coordinate system rotated by 0 degree(s)
13:29:53: [INFO] Adding track segment (B.Cu): [(121602500, 90170000), (121602500, 95310000)]
13:29:53: [INFO] Adding track segment (B.Cu): [(121602500, 95310000), (124142500, 97850000)]
13:29:53: [INFO] Routing SW45 with D45
13:29:53: [INFO] Using internal autorouter method
13:29:53: [INFO] Routing pad 'SW45:2' at (102552500, 90170000) with pad 'D45:2' at (105092500, 97850000) using coordinate system rotated by 0 degree(s)
13:29:53: [INFO] Adding track segment (B.Cu): [(102552500, 90170000), (102552500, 95310000)]
13:29:53: [INFO] Adding track segment (B.Cu): [(102552500, 95310000), (105092500, 97850000)]
13:29:53: [INFO] Routing SW44 with D44
13:29:53: [INFO] Using internal autorouter method
13:29:53: [INFO] Routing pad 'SW44:2' at (83502500, 90170000) with pad 'D44:2' at (86042500, 97850000) using coordinate system rotated by 0 degree(s)
13:29:53: [INFO] Adding track segment (B.Cu): [(83502500, 90170000), (83502500, 95310000)]
13:29:53: [INFO] Adding track segment (B.Cu): [(83502500, 95310000), (86042500, 97850000)]
13:29:53: [INFO] Routing SW43 with D43
13:29:53: [INFO] Using internal autorouter method
13:29:53: [INFO] Routing pad 'SW43:2' at (52546250, 90170000) with pad 'D43:2' at (55086250, 97850000) using coordinate system rotated by 0 degree(s)
13:29:53: [INFO] Adding track segment (B.Cu): [(52546250, 90170000), (52546250, 95310000)]
13:29:53: [INFO] Adding track segment (B.Cu): [(52546250, 95310000), (55086250, 97850000)]
13:29:53: [INFO] Routing SW42 with D42
13:29:53: [INFO] Using internal autorouter method
13:29:53: [INFO] Routing pad 'SW42:2' at (295433750, 71120000) with pad 'D42:2' at (297973750, 78800000) using coordinate system rotated by 0 degree(s)
13:29:53: [INFO] Adding track segment (B.Cu): [(295433750, 71120000), (295433750, 76260000)]
13:29:53: [INFO] Adding track segment (B.Cu): [(295433750, 76260000), (297973750, 78800000)]
13:29:53: [INFO] Routing SW41 with D41
13:29:53: [INFO] Using internal autorouter method
13:29:53: [INFO] Routing pad 'SW41:2' at (302577500, 52070000) with pad 'D41:2' at (305117500, 59750000) using coordinate system rotated by 0 degree(s)
13:29:53: [INFO] Adding track segment (B.Cu): [(302577500, 52070000), (302577500, 57210000)]
13:29:53: [INFO] Adding track segment (B.Cu): [(302577500, 57210000), (305117500, 59750000)]
13:29:53: [INFO] Routing SW40 with D40
13:29:53: [INFO] Using internal autorouter method
13:29:53: [INFO] Routing pad 'SW40:2' at (264477500, 71120000) with pad 'D40:2' at (267017500, 78800000) using coordinate system rotated by 0 degree(s)
13:29:53: [INFO] Adding track segment (B.Cu): [(264477500, 71120000), (264477500, 76260000)]
13:29:53: [INFO] Adding track segment (B.Cu): [(264477500, 76260000), (267017500, 78800000)]
13:29:53: [INFO] Routing SW39 with D39
13:29:53: [INFO] Using internal autorouter method
13:29:53: [INFO] Routing pad 'SW39:2' at (245427500, 71120000) with pad 'D39:2' at (247967500, 78800000) using coordinate system rotated by 0 degree(s)
13:29:53: [INFO] Adding track segment (B.Cu): [(245427500, 71120000), (245427500, 76260000)]
13:29:53: [INFO] Adding track segment (B.Cu): [(245427500, 76260000), (247967500, 78800000)]
13:29:53: [INFO] Routing SW38 with D38
13:29:53: [INFO] Using internal autorouter method
13:29:53: [INFO] Routing pad 'SW38:2' at (226377500, 71120000) with pad 'D38:2' at (228917500, 78800000) using coordinate system rotated by 0 degree(s)
13:29:53: [INFO] Adding track segment (B.Cu): [(226377500, 71120000), (226377500, 76260000)]
13:29:53: [INFO] Adding track segment (B.Cu): [(226377500, 76260000), (228917500, 78800000)]
13:29:53: [INFO] Routing SW37 with D37
13:29:53: [INFO] Using internal autorouter method
13:29:53: [INFO] Routing pad 'SW37:2' at (207327500, 71120000) with pad 'D37:2' at (209867500, 78800000) using coordinate system rotated by 0 degree(s)
13:29:53: [INFO] Adding track segment (B.Cu): [(207327500, 71120000), (207327500, 76260000)]
13:29:53: [INFO] Adding track segment (B.Cu): [(207327500, 76260000), (209867500, 78800000)]
13:29:53: [INFO] Routing SW36 with D36
13:29:53: [INFO] Using internal autorouter method
13:29:53: [INFO] Routing pad 'SW36:2' at (188277500, 71120000) with pad 'D36:2' at (190817500, 78800000) using coordinate system rotated by 0 degree(s)
13:29:53: [INFO] Adding track segment (B.Cu): [(188277500, 71120000), (188277500, 76260000)]
13:29:53: [INFO] Adding track segment (B.Cu): [(188277500, 76260000), (190817500, 78800000)]
13:29:53: [INFO] Routing SW35 with D35
13:29:53: [INFO] Using internal autorouter method
13:29:53: [INFO] Routing pad 'SW35:2' at (169227500, 71120000) with pad 'D35:2' at (171767500, 78800000) using coordinate system rotated by 0 degree(s)
13:29:53: [INFO] Adding track segment (B.Cu): [(169227500, 71120000), (169227500, 76260000)]
13:29:53: [INFO] Adding track segment (B.Cu): [(169227500, 76260000), (171767500, 78800000)]
13:29:53: [INFO] Routing SW34 with D34
13:29:53: [INFO] Using internal autorouter method
13:29:53: [INFO] Routing pad 'SW34:2' at (150177500, 71120000) with pad 'D34:2' at (152717500, 78800000) using coordinate system rotated by 0 degree(s)
13:29:53: [INFO] Adding track segment (B.Cu): [(150177500, 71120000), (150177500, 76260000)]
13:29:53: [INFO] Adding track segment (B.Cu): [(150177500, 76260000), (152717500, 78800000)]
13:29:53: [INFO] Routing SW33 with D33
13:29:53: [INFO] Using internal autorouter method
13:29:53: [INFO] Routing pad 'SW33:2' at (131127500, 71120000) with pad 'D33:2' at (133667500, 78800000) using coordinate system rotated by 0 degree(s)
13:29:53: [INFO] Adding track segment (B.Cu): [(131127500, 71120000), (131127500, 76260000)]
13:29:53: [INFO] Adding track segment (B.Cu): [(131127500, 76260000), (133667500, 78800000)]
13:29:53: [INFO] Routing SW32 with D32
13:29:53: [INFO] Using internal autorouter method
13:29:53: [INFO] Routing pad 'SW32:2' at (112077500, 71120000) with pad 'D32:2' at (114617500, 78800000) using coordinate system rotated by 0 degree(s)
13:29:53: [INFO] Adding track segment (B.Cu): [(112077500, 71120000), (112077500, 76260000)]
13:29:53: [INFO] Adding track segment (B.Cu): [(112077500, 76260000), (114617500, 78800000)]
13:29:53: [INFO] Routing SW31 with D31
13:29:53: [INFO] Using internal autorouter method
13:29:53: [INFO] Routing pad 'SW31:2' at (93027500, 71120000) with pad 'D31:2' at (95567500, 78800000) using coordinate system rotated by 0 degree(s)
13:29:53: [INFO] Adding track segment (B.Cu): [(93027500, 71120000), (93027500, 76260000)]
13:29:53: [INFO] Adding track segment (B.Cu): [(93027500, 76260000), (95567500, 78800000)]
13:29:53: [INFO] Routing SW30 with D30
13:29:53: [INFO] Using internal autorouter method
13:29:53: [INFO] Routing pad 'SW30:2' at (73977500, 71120000) with pad 'D30:2' at (76517500, 78800000) using coordinate system rotated by 0 degree(s)
13:29:53: [INFO] Adding track segment (B.Cu): [(73977500, 71120000), (73977500, 76260000)]
13:29:53: [INFO] Adding track segment (B.Cu): [(73977500, 76260000), (76517500, 78800000)]
13:29:53: [INFO] Routing SW29 with D29
13:29:53: [INFO] Using internal autorouter method
13:29:53: [INFO] Routing pad 'SW29:2' at (47783750, 71120000) with pad 'D29:2' at (50323750, 78800000) using coordinate system rotated by 0 degree(s)
13:29:53: [INFO] Adding track segment (B.Cu): [(47783750, 71120000), (47783750, 76260000)]
13:29:53: [INFO] Adding track segment (B.Cu): [(47783750, 76260000), (50323750, 78800000)]
13:29:53: [INFO] Routing SW28a with D28
13:29:53: [INFO] Using internal autorouter method
13:29:53: [INFO] Routing pad 'SW28a:2' at (307340000, 33020000) with pad 'D28:2' at (300355000, 40700000) using coordinate system rotated by 0 degree(s)
13:29:53: [INFO] Routing SW28 with D28
13:29:53: [INFO] Using internal autorouter method
13:29:53: [INFO] Routing pad 'SW28:2' at (297815000, 33020000) with pad 'D28:2' at (300355000, 40700000) using coordinate system rotated by 0 degree(s)
13:29:53: [INFO] Adding track segment (B.Cu): [(297815000, 33020000), (297815000, 38160000)]
13:29:53: [INFO] Adding track segment (B.Cu): [(297815000, 38160000), (300355000, 40700000)]
13:29:53: [INFO] Routing SW27 with D27
13:29:53: [INFO] Using internal autorouter method
13:29:53: [INFO] Routing pad 'SW27:2' at (278765000, 52070000) with pad 'D27:2' at (281305000, 59750000) using coordinate system rotated by 0 degree(s)
13:29:53: [INFO] Adding track segment (B.Cu): [(278765000, 52070000), (278765000, 57210000)]
13:29:53: [INFO] Adding track segment (B.Cu): [(278765000, 57210000), (281305000, 59750000)]
13:29:53: [INFO] Routing SW26 with D26
13:29:53: [INFO] Using internal autorouter method
13:29:53: [INFO] Routing pad 'SW26:2' at (259715000, 52070000) with pad 'D26:2' at (262255000, 59750000) using coordinate system rotated by 0 degree(s)
13:29:53: [INFO] Adding track segment (B.Cu): [(259715000, 52070000), (259715000, 57210000)]
13:29:53: [INFO] Adding track segment (B.Cu): [(259715000, 57210000), (262255000, 59750000)]
13:29:53: [INFO] Routing SW25 with D25
13:29:53: [INFO] Using internal autorouter method
13:29:53: [INFO] Routing pad 'SW25:2' at (240665000, 52070000) with pad 'D25:2' at (243205000, 59750000) using coordinate system rotated by 0 degree(s)
13:29:53: [INFO] Adding track segment (B.Cu): [(240665000, 52070000), (240665000, 57210000)]
13:29:53: [INFO] Adding track segment (B.Cu): [(240665000, 57210000), (243205000, 59750000)]
13:29:53: [INFO] Routing SW24 with D24
13:29:53: [INFO] Using internal autorouter method
13:29:53: [INFO] Routing pad 'SW24:2' at (221615000, 52070000) with pad 'D24:2' at (224155000, 59750000) using coordinate system rotated by 0 degree(s)
13:29:53: [INFO] Adding track segment (B.Cu): [(221615000, 52070000), (221615000, 57210000)]
13:29:53: [INFO] Adding track segment (B.Cu): [(221615000, 57210000), (224155000, 59750000)]
13:29:53: [INFO] Routing SW23 with D23
13:29:53: [INFO] Using internal autorouter method
13:29:53: [INFO] Routing pad 'SW23:2' at (202565000, 52070000) with pad 'D23:2' at (205105000, 59750000) using coordinate system rotated by 0 degree(s)
13:29:53: [INFO] Adding track segment (B.Cu): [(202565000, 52070000), (202565000, 57210000)]
13:29:53: [INFO] Adding track segment (B.Cu): [(202565000, 57210000), (205105000, 59750000)]
13:29:53: [INFO] Routing SW22 with D22
13:29:53: [INFO] Using internal autorouter method
13:29:53: [INFO] Routing pad 'SW22:2' at (183515000, 52070000) with pad 'D22:2' at (186055000, 59750000) using coordinate system rotated by 0 degree(s)
13:29:53: [INFO] Adding track segment (B.Cu): [(183515000, 52070000), (183515000, 57210000)]
13:29:53: [INFO] Adding track segment (B.Cu): [(183515000, 57210000), (186055000, 59750000)]
13:29:53: [INFO] Routing SW21 with D21
13:29:53: [INFO] Using internal autorouter method
13:29:53: [INFO] Routing pad 'SW21:2' at (164465000, 52070000) with pad 'D21:2' at (167005000, 59750000) using coordinate system rotated by 0 degree(s)
13:29:53: [INFO] Adding track segment (B.Cu): [(164465000, 52070000), (164465000, 57210000)]
13:29:53: [INFO] Adding track segment (B.Cu): [(164465000, 57210000), (167005000, 59750000)]
13:29:53: [INFO] Routing SW20 with D20
13:29:53: [INFO] Using internal autorouter method
13:29:53: [INFO] Routing pad 'SW20:2' at (145415000, 52070000) with pad 'D20:2' at (147955000, 59750000) using coordinate system rotated by 0 degree(s)
13:29:53: [INFO] Adding track segment (B.Cu): [(145415000, 52070000), (145415000, 57210000)]
13:29:53: [INFO] Adding track segment (B.Cu): [(145415000, 57210000), (147955000, 59750000)]
13:29:53: [INFO] Routing SW19 with D19
13:29:53: [INFO] Using internal autorouter method
13:29:53: [INFO] Routing pad 'SW19:2' at (126365000, 52070000) with pad 'D19:2' at (128905000, 59750000) using coordinate system rotated by 0 degree(s)
13:29:53: [INFO] Adding track segment (B.Cu): [(126365000, 52070000), (126365000, 57210000)]
13:29:53: [INFO] Adding track segment (B.Cu): [(126365000, 57210000), (128905000, 59750000)]
13:29:53: [INFO] Routing SW18 with D18
13:29:53: [INFO] Using internal autorouter method
13:29:53: [INFO] Routing pad 'SW18:2' at (107315000, 52070000) with pad 'D18:2' at (109855000, 59750000) using coordinate system rotated by 0 degree(s)
13:29:53: [INFO] Adding track segment (B.Cu): [(107315000, 52070000), (107315000, 57210000)]
13:29:53: [INFO] Adding track segment (B.Cu): [(107315000, 57210000), (109855000, 59750000)]
13:29:53: [INFO] Routing SW17 with D17
13:29:53: [INFO] Using internal autorouter method
13:29:53: [INFO] Routing pad 'SW17:2' at (88265000, 52070000) with pad 'D17:2' at (90805000, 59750000) using coordinate system rotated by 0 degree(s)
13:29:53: [INFO] Adding track segment (B.Cu): [(88265000, 52070000), (88265000, 57210000)]
13:29:53: [INFO] Adding track segment (B.Cu): [(88265000, 57210000), (90805000, 59750000)]
13:29:53: [INFO] Routing SW16 with D16
13:29:53: [INFO] Using internal autorouter method
13:29:53: [INFO] Routing pad 'SW16:2' at (69215000, 52070000) with pad 'D16:2' at (71755000, 59750000) using coordinate system rotated by 0 degree(s)
13:29:53: [INFO] Adding track segment (B.Cu): [(69215000, 52070000), (69215000, 57210000)]
13:29:53: [INFO] Adding track segment (B.Cu): [(69215000, 57210000), (71755000, 59750000)]
13:29:53: [INFO] Routing SW15 with D15
13:29:53: [INFO] Using internal autorouter method
13:29:53: [INFO] Routing pad 'SW15:2' at (45402500, 52070000) with pad 'D15:2' at (47942500, 59750000) using coordinate system rotated by 0 degree(s)
13:29:53: [INFO] Adding track segment (B.Cu): [(45402500, 52070000), (45402500, 57210000)]
13:29:53: [INFO] Adding track segment (B.Cu): [(45402500, 57210000), (47942500, 59750000)]
13:29:53: [INFO] Routing SW14 with D14
13:29:53: [INFO] Using internal autorouter method
13:29:53: [INFO] Routing pad 'SW14:2' at (288290000, 33020000) with pad 'D14:2' at (290830000, 40700000) using coordinate system rotated by 0 degree(s)
13:29:53: [INFO] Adding track segment (B.Cu): [(288290000, 33020000), (288290000, 38160000)]
13:29:53: [INFO] Adding track segment (B.Cu): [(288290000, 38160000), (290830000, 40700000)]
13:29:53: [INFO] Routing SW13 with D13
13:29:53: [INFO] Using internal autorouter method
13:29:53: [INFO] Routing pad 'SW13:2' at (269240000, 33020000) with pad 'D13:2' at (271780000, 40700000) using coordinate system rotated by 0 degree(s)
13:29:53: [INFO] Adding track segment (B.Cu): [(269240000, 33020000), (269240000, 38160000)]
13:29:54: [INFO] Adding track segment (B.Cu): [(269240000, 38160000), (271780000, 40700000)]
13:29:54: [INFO] Routing SW12 with D12
13:29:54: [INFO] Using internal autorouter method
13:29:54: [INFO] Routing pad 'SW12:2' at (250190000, 33020000) with pad 'D12:2' at (252730000, 40700000) using coordinate system rotated by 0 degree(s)
13:29:54: [INFO] Adding track segment (B.Cu): [(250190000, 33020000), (250190000, 38160000)]
13:29:54: [INFO] Adding track segment (B.Cu): [(250190000, 38160000), (252730000, 40700000)]
13:29:54: [INFO] Routing SW11 with D11
13:29:54: [INFO] Using internal autorouter method
13:29:54: [INFO] Routing pad 'SW11:2' at (231140000, 33020000) with pad 'D11:2' at (233680000, 40700000) using coordinate system rotated by 0 degree(s)
13:29:54: [INFO] Adding track segment (B.Cu): [(231140000, 33020000), (231140000, 38160000)]
13:29:54: [INFO] Adding track segment (B.Cu): [(231140000, 38160000), (233680000, 40700000)]
13:29:54: [INFO] Routing SW10 with D10
13:29:54: [INFO] Using internal autorouter method
13:29:54: [INFO] Routing pad 'SW10:2' at (212090000, 33020000) with pad 'D10:2' at (214630000, 40700000) using coordinate system rotated by 0 degree(s)
13:29:54: [INFO] Adding track segment (B.Cu): [(212090000, 33020000), (212090000, 38160000)]
13:29:54: [INFO] Adding track segment (B.Cu): [(212090000, 38160000), (214630000, 40700000)]
13:29:54: [INFO] Routing SW9 with D9
13:29:54: [INFO] Using internal autorouter method
13:29:54: [INFO] Routing pad 'SW9:2' at (193040000, 33020000) with pad 'D9:2' at (195580000, 40700000) using coordinate system rotated by 0 degree(s)
13:29:54: [INFO] Adding track segment (B.Cu): [(193040000, 33020000), (193040000, 38160000)]
13:29:54: [INFO] Adding track segment (B.Cu): [(193040000, 38160000), (195580000, 40700000)]
13:29:54: [INFO] Routing SW8 with D8
13:29:54: [INFO] Using internal autorouter method
13:29:54: [INFO] Routing pad 'SW8:2' at (173990000, 33020000) with pad 'D8:2' at (176530000, 40700000) using coordinate system rotated by 0 degree(s)
13:29:54: [INFO] Adding track segment (B.Cu): [(173990000, 33020000), (173990000, 38160000)]
13:29:54: [INFO] Adding track segment (B.Cu): [(173990000, 38160000), (176530000, 40700000)]
13:29:54: [INFO] Routing SW7 with D7
13:29:54: [INFO] Using internal autorouter method
13:29:54: [INFO] Routing pad 'SW7:2' at (154940000, 33020000) with pad 'D7:2' at (157480000, 40700000) using coordinate system rotated by 0 degree(s)
13:29:54: [INFO] Adding track segment (B.Cu): [(154940000, 33020000), (154940000, 38160000)]
13:29:54: [INFO] Adding track segment (B.Cu): [(154940000, 38160000), (157480000, 40700000)]
13:29:54: [INFO] Routing SW6 with D6
13:29:54: [INFO] Using internal autorouter method
13:29:54: [INFO] Routing pad 'SW6:2' at (135890000, 33020000) with pad 'D6:2' at (138430000, 40700000) using coordinate system rotated by 0 degree(s)
13:29:54: [INFO] Adding track segment (B.Cu): [(135890000, 33020000), (135890000, 38160000)]
13:29:54: [INFO] Adding track segment (B.Cu): [(135890000, 38160000), (138430000, 40700000)]
13:29:54: [INFO] Routing SW5 with D5
13:29:54: [INFO] Using internal autorouter method
13:29:54: [INFO] Routing pad 'SW5:2' at (116840000, 33020000) with pad 'D5:2' at (119380000, 40700000) using coordinate system rotated by 0 degree(s)
13:29:54: [INFO] Adding track segment (B.Cu): [(116840000, 33020000), (116840000, 38160000)]
13:29:54: [INFO] Adding track segment (B.Cu): [(116840000, 38160000), (119380000, 40700000)]
13:29:54: [INFO] Routing SW4 with D4
13:29:54: [INFO] Using internal autorouter method
13:29:54: [INFO] Routing pad 'SW4:2' at (97790000, 33020000) with pad 'D4:2' at (100330000, 40700000) using coordinate system rotated by 0 degree(s)
13:29:54: [INFO] Adding track segment (B.Cu): [(97790000, 33020000), (97790000, 38160000)]
13:29:54: [INFO] Adding track segment (B.Cu): [(97790000, 38160000), (100330000, 40700000)]
13:29:54: [INFO] Routing SW3 with D3
13:29:54: [INFO] Using internal autorouter method
13:29:54: [INFO] Routing pad 'SW3:2' at (78740000, 33020000) with pad 'D3:2' at (81280000, 40700000) using coordinate system rotated by 0 degree(s)
13:29:54: [INFO] Adding track segment (B.Cu): [(78740000, 33020000), (78740000, 38160000)]
13:29:54: [INFO] Adding track segment (B.Cu): [(78740000, 38160000), (81280000, 40700000)]
13:29:54: [INFO] Routing SW2 with D2
13:29:54: [INFO] Using internal autorouter method
13:29:54: [INFO] Routing pad 'SW2:2' at (59690000, 33020000) with pad 'D2:2' at (62230000, 40700000) using coordinate system rotated by 0 degree(s)
13:29:54: [INFO] Adding track segment (B.Cu): [(59690000, 33020000), (59690000, 38160000)]
13:29:54: [INFO] Adding track segment (B.Cu): [(59690000, 38160000), (62230000, 40700000)]
13:29:54: [INFO] Routing SW1 with D1
13:29:54: [INFO] Using internal autorouter method
13:29:54: [INFO] Routing pad 'SW1:2' at (40640000, 33020000) with pad 'D1:2' at (43180000, 40700000) using coordinate system rotated by 0 degree(s)
13:29:54: [INFO] Adding track segment (B.Cu): [(40640000, 33020000), (40640000, 38160000)]
13:29:54: [INFO] Adding track segment (B.Cu): [(40640000, 38160000), (43180000, 40700000)]
13:29:54: [INFO] Routing COL6 pads
13:29:54: [INFO] Routing pad 'SW35:1' at (162877500, 73660000) with pad 'SW48:1' at (153352500, 92710000) using coordinate system rotated by 0 degree(s)
13:29:54: [INFO] Adding track segment (F.Cu): [(162877500, 73660000), (162877500, 83185000)]
13:29:54: [INFO] Adding track segment (F.Cu): [(162877500, 83185000), (153352500, 92710000)]
13:29:54: [INFO] Routing pad 'SW7:1' at (148590000, 35560000) with pad 'SW21:1' at (158115000, 54610000) using coordinate system rotated by 0 degree(s)
13:29:54: [INFO] Adding track segment (F.Cu): [(148590000, 35560000), (148590000, 45085000)]
13:29:54: [INFO] Adding track segment (F.Cu): [(148590000, 45085000), (158115000, 54610000)]
13:29:54: [INFO] Routing pad 'SW21:1' at (158115000, 54610000) with pad 'SW35:1' at (162877500, 73660000) using coordinate system rotated by 0 degree(s)
13:29:54: [INFO] Adding track segment (F.Cu): [(158115000, 54610000), (158115000, 68897500)]
13:29:54: [INFO] Adding track segment (F.Cu): [(158115000, 68897500), (162877500, 73660000)]
13:29:54: [INFO] Routing pad 'SW48:1' at (153352500, 92710000) with pad 'SW60:1' at (167640000, 111760000) using coordinate system rotated by 0 degree(s)
13:29:54: [INFO] Adding track segment (F.Cu): [(153352500, 92710000), (153352500, 97472500)]
13:29:54: [INFO] Adding track segment (F.Cu): [(153352500, 97472500), (167640000, 111760000)]
13:29:54: [INFO] Routing COL1 pads
13:29:54: [INFO] Routing pad 'SW2:1' at (53340000, 35560000) with pad 'SW16:1' at (62865000, 54610000) using coordinate system rotated by 0 degree(s)
13:29:54: [INFO] Adding track segment (F.Cu): [(53340000, 35560000), (53340000, 45085000)]
13:29:54: [INFO] Adding track segment (F.Cu): [(53340000, 45085000), (62865000, 54610000)]
13:29:54: [INFO] Routing pad 'SW30:1' at (67627500, 73660000) with pad 'SW57:1' at (62865000, 111760000) using coordinate system rotated by 0 degree(s)
13:29:54: [INFO] Adding track segment (F.Cu): [(67627500, 73660000), (67627500, 106997500)]
13:29:54: [INFO] Adding track segment (F.Cu): [(67627500, 106997500), (62865000, 111760000)]
13:29:54: [INFO] Routing pad 'SW16:1' at (62865000, 54610000) with pad 'SW30:1' at (67627500, 73660000) using coordinate system rotated by 0 degree(s)
13:29:54: [INFO] Adding track segment (F.Cu): [(62865000, 54610000), (62865000, 68897500)]
13:29:54: [INFO] Adding track segment (F.Cu): [(62865000, 68897500), (67627500, 73660000)]
13:29:54: [INFO] Routing COL4 pads
13:29:54: [INFO] Routing pad 'SW33:1' at (124777500, 73660000) with pad 'SW46:1' at (115252500, 92710000) using coordinate system rotated by 0 degree(s)
13:29:54: [INFO] Adding track segment (F.Cu): [(124777500, 73660000), (124777500, 83185000)]
13:29:54: [INFO] Adding track segment (F.Cu): [(124777500, 83185000), (115252500, 92710000)]
13:29:54: [INFO] Routing pad 'SW5:1' at (110490000, 35560000) with pad 'SW19:1' at (120015000, 54610000) using coordinate system rotated by 0 degree(s)
13:29:54: [INFO] Adding track segment (F.Cu): [(110490000, 35560000), (110490000, 45085000)]
13:29:54: [INFO] Adding track segment (F.Cu): [(110490000, 45085000), (120015000, 54610000)]
13:29:54: [INFO] Routing pad 'SW19:1' at (120015000, 54610000) with pad 'SW33:1' at (124777500, 73660000) using coordinate system rotated by 0 degree(s)
13:29:54: [INFO] Adding track segment (F.Cu): [(120015000, 54610000), (120015000, 68897500)]
13:29:54: [INFO] Adding track segment (F.Cu): [(120015000, 68897500), (124777500, 73660000)]
13:29:54: [INFO] Routing pad 'SW46:1' at (115252500, 92710000) with pad 'SW59:1' at (129540000, 111760000) using coordinate system rotated by 0 degree(s)
13:29:54: [INFO] Adding track segment (F.Cu): [(115252500, 92710000), (115252500, 97472500)]
13:29:54: [INFO] Adding track segment (F.Cu): [(115252500, 97472500), (129540000, 111760000)]
13:29:54: [INFO] Routing COL10 pads
13:29:54: [INFO] Routing pad 'SW39:1' at (239077500, 73660000) with pad 'SW52:1' at (229552500, 92710000) using coordinate system rotated by 0 degree(s)
13:29:54: [INFO] Adding track segment (F.Cu): [(239077500, 73660000), (239077500, 83185000)]
13:29:54: [INFO] Adding track segment (F.Cu): [(239077500, 83185000), (229552500, 92710000)]
13:29:54: [INFO] Routing pad 'SW11:1' at (224790000, 35560000) with pad 'SW25:1' at (234315000, 54610000) using coordinate system rotated by 0 degree(s)
13:29:54: [INFO] Adding track segment (F.Cu): [(224790000, 35560000), (224790000, 45085000)]
13:29:54: [INFO] Adding track segment (F.Cu): [(224790000, 45085000), (234315000, 54610000)]
13:29:54: [INFO] Routing pad 'SW25:1' at (234315000, 54610000) with pad 'SW39:1' at (239077500, 73660000) using coordinate system rotated by 0 degree(s)
13:29:54: [INFO] Adding track segment (F.Cu): [(234315000, 54610000), (234315000, 68897500)]
13:29:54: [INFO] Adding track segment (F.Cu): [(234315000, 68897500), (239077500, 73660000)]
13:29:54: [INFO] Routing COL2 pads
13:29:54: [INFO] Routing pad 'SW31:1' at (86677500, 73660000) with pad 'SW44:1' at (77152500, 92710000) using coordinate system rotated by 0 degree(s)
13:29:54: [INFO] Adding track segment (F.Cu): [(86677500, 73660000), (86677500, 83185000)]
13:29:54: [INFO] Adding track segment (F.Cu): [(86677500, 83185000), (77152500, 92710000)]
13:29:54: [INFO] Routing pad 'SW3:1' at (72390000, 35560000) with pad 'SW17:1' at (81915000, 54610000) using coordinate system rotated by 0 degree(s)
13:29:54: [INFO] Adding track segment (F.Cu): [(72390000, 35560000), (72390000, 45085000)]
13:29:54: [INFO] Adding track segment (F.Cu): [(72390000, 45085000), (81915000, 54610000)]
13:29:54: [INFO] Routing pad 'SW17:1' at (81915000, 54610000) with pad 'SW31:1' at (86677500, 73660000) using coordinate system rotated by 0 degree(s)
13:29:54: [INFO] Adding track segment (F.Cu): [(81915000, 54610000), (81915000, 68897500)]
13:29:54: [INFO] Adding track segment (F.Cu): [(81915000, 68897500), (86677500, 73660000)]
13:29:54: [INFO] Routing pad 'SW44:1' at (77152500, 92710000) with pad 'SW58:1' at (86677500, 111760000) using coordinate system rotated by 0 degree(s)
13:29:54: [INFO] Adding track segment (F.Cu): [(77152500, 92710000), (77152500, 102235000)]
13:29:54: [INFO] Adding track segment (F.Cu): [(77152500, 102235000), (86677500, 111760000)]
13:29:54: [INFO] Routing COL11 pads
13:29:54: [INFO] Routing pad 'SW40:1' at (258127500, 73660000) with pad 'SW53:1' at (248602500, 92710000) using coordinate system rotated by 0 degree(s)
13:29:54: [INFO] Adding track segment (F.Cu): [(258127500, 73660000), (258127500, 83185000)]
13:29:54: [INFO] Adding track segment (F.Cu): [(258127500, 83185000), (248602500, 92710000)]
13:29:54: [INFO] Routing pad 'SW53:1' at (248602500, 92710000) with pad 'SW62:1' at (248602500, 111760000) using coordinate system rotated by 0 degree(s)
13:29:54: [INFO] Adding track segment (F.Cu): [(248602500, 92710000), (248602500, 111760000)]
13:29:54: [INFO] Routing pad 'SW12:1' at (243840000, 35560000) with pad 'SW26:1' at (253365000, 54610000) using coordinate system rotated by 0 degree(s)
13:29:54: [INFO] Adding track segment (F.Cu): [(243840000, 35560000), (243840000, 45085000)]
13:29:54: [INFO] Adding track segment (F.Cu): [(243840000, 45085000), (253365000, 54610000)]
13:29:54: [INFO] Routing pad 'SW26:1' at (253365000, 54610000) with pad 'SW40:1' at (258127500, 73660000) using coordinate system rotated by 0 degree(s)
13:29:54: [INFO] Adding track segment (F.Cu): [(253365000, 54610000), (253365000, 68897500)]
13:29:54: [INFO] Adding track segment (F.Cu): [(253365000, 68897500), (258127500, 73660000)]
13:29:54: [INFO] Routing COL13 pads
13:29:54: [INFO] Routing pad 'SW28:1' at (291465000, 35560000) with pad 'SW42:1' at (289083750, 73660000) using coordinate system rotated by 0 degree(s)
13:29:54: [INFO] Routing pad 'SW14:1' at (281940000, 35560000) with pad 'SW28:1' at (291465000, 35560000) using coordinate system rotated by 0 degree(s)
13:29:54: [INFO] Adding track segment (F.Cu): [(281940000, 35560000), (291465000, 35560000)]
13:29:54: [INFO] Routing pad 'SW55:1' at (300990000, 92710000) with pad 'SW64:1' at (296227500, 111760000) using coordinate system rotated by 0 degree(s)
13:29:54: [INFO] Adding track segment (F.Cu): [(300990000, 92710000), (300990000, 106997500)]
13:29:54: [INFO] Adding track segment (F.Cu): [(300990000, 106997500), (296227500, 111760000)]
13:29:54: [INFO] Routing pad 'SW28:1' at (291465000, 35560000) with pad 'SW28a:1' at (300990000, 35560000) using coordinate system rotated by 0 degree(s)
13:29:54: [INFO] Adding track segment (F.Cu): [(291465000, 35560000), (300990000, 35560000)]
13:29:54: [INFO] Routing pad 'SW42:1' at (289083750, 73660000) with pad 'SW55:1' at (300990000, 92710000) using coordinate system rotated by 0 degree(s)
13:29:54: [INFO] Adding track segment (F.Cu): [(289083750, 73660000), (289083750, 80803750)]
13:29:54: [INFO] Adding track segment (F.Cu): [(289083750, 80803750), (300990000, 92710000)]
13:29:54: [INFO] Routing COL9 pads
13:29:54: [INFO] Routing pad 'SW38:1' at (220027500, 73660000) with pad 'SW51:1' at (210502500, 92710000) using coordinate system rotated by 0 degree(s)
13:29:54: [INFO] Adding track segment (F.Cu): [(220027500, 73660000), (220027500, 83185000)]
13:29:54: [INFO] Adding track segment (F.Cu): [(220027500, 83185000), (210502500, 92710000)]
13:29:54: [INFO] Routing pad 'SW10:1' at (205740000, 35560000) with pad 'SW24:1' at (215265000, 54610000) using coordinate system rotated by 0 degree(s)
13:29:54: [INFO] Adding track segment (F.Cu): [(205740000, 35560000), (205740000, 45085000)]
13:29:54: [INFO] Adding track segment (F.Cu): [(205740000, 45085000), (215265000, 54610000)]
13:29:54: [INFO] Routing pad 'SW24:1' at (215265000, 54610000) with pad 'SW38:1' at (220027500, 73660000) using coordinate system rotated by 0 degree(s)
13:29:54: [INFO] Adding track segment (F.Cu): [(215265000, 54610000), (215265000, 68897500)]
13:29:54: [INFO] Adding track segment (F.Cu): [(215265000, 68897500), (220027500, 73660000)]
13:29:54: [INFO] Routing COL5 pads
13:29:54: [INFO] Routing pad 'SW34:1' at (143827500, 73660000) with pad 'SW47:1' at (134302500, 92710000) using coordinate system rotated by 0 degree(s)
13:29:54: [INFO] Adding track segment (F.Cu): [(143827500, 73660000), (143827500, 83185000)]
13:29:54: [INFO] Adding track segment (F.Cu): [(143827500, 83185000), (134302500, 92710000)]
13:29:54: [INFO] Routing pad 'SW6:1' at (129540000, 35560000) with pad 'SW20:1' at (139065000, 54610000) using coordinate system rotated by 0 degree(s)
13:29:54: [INFO] Adding track segment (F.Cu): [(129540000, 35560000), (129540000, 45085000)]
13:29:54: [INFO] Adding track segment (F.Cu): [(129540000, 45085000), (139065000, 54610000)]
13:29:54: [INFO] Routing pad 'SW20:1' at (139065000, 54610000) with pad 'SW34:1' at (143827500, 73660000) using coordinate system rotated by 0 degree(s)
13:29:54: [INFO] Adding track segment (F.Cu): [(139065000, 54610000), (139065000, 68897500)]
13:29:54: [INFO] Adding track segment (F.Cu): [(139065000, 68897500), (143827500, 73660000)]
13:29:54: [INFO] Routing ROW3 pads
13:29:54: [INFO] Routing pad 'D43:1' at (55086250, 100650000) with pad 'D44:1' at (86042500, 100650000) using coordinate system rotated by 0 degree(s)
13:29:54: [INFO] Adding track segment (B.Cu): [(55086250, 100650000), (86042500, 100650000)]
13:29:54: [INFO] Routing pad 'D44:1' at (86042500, 100650000) with pad 'D45:1' at (105092500, 100650000) using coordinate system rotated by 0 degree(s)
13:29:54: [INFO] Adding track segment (B.Cu): [(86042500, 100650000), (105092500, 100650000)]
13:29:54: [INFO] Routing pad 'D45:1' at (105092500, 100650000) with pad 'D46:1' at (124142500, 100650000) using coordinate system rotated by 0 degree(s)
13:29:54: [INFO] Adding track segment (B.Cu): [(105092500, 100650000), (124142500, 100650000)]
13:29:54: [INFO] Routing pad 'D46:1' at (124142500, 100650000) with pad 'D47:1' at (143192500, 100650000) using coordinate system rotated by 0 degree(s)
13:29:54: [INFO] Adding track segment (B.Cu): [(124142500, 100650000), (143192500, 100650000)]
13:29:54: [INFO] Routing pad 'D47:1' at (143192500, 100650000) with pad 'D48:1' at (162242500, 100650000) using coordinate system rotated by 0 degree(s)
13:29:54: [INFO] Adding track segment (B.Cu): [(143192500, 100650000), (162242500, 100650000)]
13:29:54: [INFO] Routing pad 'D48:1' at (162242500, 100650000) with pad 'D49:1' at (181292500, 100650000) using coordinate system rotated by 0 degree(s)
13:29:54: [INFO] Adding track segment (B.Cu): [(162242500, 100650000), (181292500, 100650000)]
13:29:54: [INFO] Routing pad 'D49:1' at (181292500, 100650000) with pad 'D50:1' at (200342500, 100650000) using coordinate system rotated by 0 degree(s)
13:29:54: [INFO] Adding track segment (B.Cu): [(181292500, 100650000), (200342500, 100650000)]
13:29:54: [INFO] Routing pad 'D50:1' at (200342500, 100650000) with pad 'D51:1' at (219392500, 100650000) using coordinate system rotated by 0 degree(s)
13:29:54: [INFO] Adding track segment (B.Cu): [(200342500, 100650000), (219392500, 100650000)]
13:29:54: [INFO] Routing pad 'D51:1' at (219392500, 100650000) with pad 'D52:1' at (238442500, 100650000) using coordinate system rotated by 0 degree(s)
13:29:54: [INFO] Adding track segment (B.Cu): [(219392500, 100650000), (238442500, 100650000)]
13:29:54: [INFO] Routing pad 'D52:1' at (238442500, 100650000) with pad 'D53:1' at (257492500, 100650000) using coordinate system rotated by 0 degree(s)
13:29:54: [INFO] Adding track segment (B.Cu): [(238442500, 100650000), (257492500, 100650000)]
13:29:54: [INFO] Routing pad 'D53:1' at (257492500, 100650000) with pad 'D54:1' at (283686250, 100650000) using coordinate system rotated by 0 degree(s)
13:29:54: [INFO] Adding track segment (B.Cu): [(257492500, 100650000), (283686250, 100650000)]
13:29:54: [INFO] Routing pad 'D54:1' at (283686250, 100650000) with pad 'D55:1' at (309880000, 100650000) using coordinate system rotated by 0 degree(s)
13:29:54: [INFO] Adding track segment (B.Cu): [(283686250, 100650000), (309880000, 100650000)]
13:29:54: [INFO] Routing ROW4 pads
13:29:54: [INFO] Routing pad 'D56:1' at (47942500, 119700000) with pad 'D57:1' at (71755000, 119700000) using coordinate system rotated by 0 degree(s)
13:29:54: [INFO] Adding track segment (B.Cu): [(47942500, 119700000), (71755000, 119700000)]
13:29:54: [INFO] Routing pad 'D57:1' at (71755000, 119700000) with pad 'D58:1' at (95567500, 119700000) using coordinate system rotated by 0 degree(s)
13:29:54: [INFO] Adding track segment (B.Cu): [(71755000, 119700000), (95567500, 119700000)]
13:29:54: [INFO] Routing pad 'D58:1' at (95567500, 119700000) with pad 'D59:1' at (138430000, 119700000) using coordinate system rotated by 0 degree(s)
13:29:54: [INFO] Adding track segment (B.Cu): [(95567500, 119700000), (138430000, 119700000)]
13:29:54: [INFO] Routing pad 'D59:1' at (138430000, 119700000) with pad 'D60:1' at (176530000, 119700000) using coordinate system rotated by 0 degree(s)
13:29:54: [INFO] Adding track segment (B.Cu): [(138430000, 119700000), (176530000, 119700000)]
13:29:54: [INFO] Routing pad 'D60:1' at (176530000, 119700000) with pad 'D61:1' at (214630000, 119700000) using coordinate system rotated by 0 degree(s)
13:29:54: [INFO] Adding track segment (B.Cu): [(176530000, 119700000), (214630000, 119700000)]
13:29:54: [INFO] Routing pad 'D61:1' at (214630000, 119700000) with pad 'D62:1' at (257492500, 119700000) using coordinate system rotated by 0 degree(s)
13:29:54: [INFO] Adding track segment (B.Cu): [(214630000, 119700000), (257492500, 119700000)]
13:29:54: [INFO] Routing pad 'D62:1' at (257492500, 119700000) with pad 'D63:1' at (281305000, 119700000) using coordinate system rotated by 0 degree(s)
13:29:54: [INFO] Adding track segment (B.Cu): [(257492500, 119700000), (281305000, 119700000)]
13:29:54: [INFO] Routing pad 'D63:1' at (281305000, 119700000) with pad 'D64:1' at (305117500, 119700000) using coordinate system rotated by 0 degree(s)
13:29:54: [INFO] Adding track segment (B.Cu): [(281305000, 119700000), (305117500, 119700000)]
13:29:55: [INFO] Routing COL3 pads
13:29:55: [INFO] Routing pad 'SW32:1' at (105727500, 73660000) with pad 'SW45:1' at (96202500, 92710000) using coordinate system rotated by 0 degree(s)
13:29:55: [INFO] Adding track segment (F.Cu): [(105727500, 73660000), (105727500, 83185000)]
13:29:55: [INFO] Adding track segment (F.Cu): [(105727500, 83185000), (96202500, 92710000)]
13:29:55: [INFO] Routing pad 'SW4:1' at (91440000, 35560000) with pad 'SW18:1' at (100965000, 54610000) using coordinate system rotated by 0 degree(s)
13:29:55: [INFO] Adding track segment (F.Cu): [(91440000, 35560000), (91440000, 45085000)]
13:29:55: [INFO] Adding track segment (F.Cu): [(91440000, 45085000), (100965000, 54610000)]
13:29:55: [INFO] Routing pad 'SW18:1' at (100965000, 54610000) with pad 'SW32:1' at (105727500, 73660000) using coordinate system rotated by 0 degree(s)
13:29:55: [INFO] Adding track segment (F.Cu): [(100965000, 54610000), (100965000, 68897500)]
13:29:55: [INFO] Adding track segment (F.Cu): [(100965000, 68897500), (105727500, 73660000)]
13:29:55: [INFO] Routing ROW0 pads
13:29:55: [INFO] Routing pad 'D1:1' at (43180000, 43500000) with pad 'D2:1' at (62230000, 43500000) using coordinate system rotated by 0 degree(s)
13:29:55: [INFO] Adding track segment (B.Cu): [(43180000, 43500000), (62230000, 43500000)]
13:29:55: [INFO] Routing pad 'D2:1' at (62230000, 43500000) with pad 'D3:1' at (81280000, 43500000) using coordinate system rotated by 0 degree(s)
13:29:55: [INFO] Adding track segment (B.Cu): [(62230000, 43500000), (81280000, 43500000)]
13:29:55: [INFO] Routing pad 'D3:1' at (81280000, 43500000) with pad 'D4:1' at (100330000, 43500000) using coordinate system rotated by 0 degree(s)
13:29:55: [INFO] Adding track segment (B.Cu): [(81280000, 43500000), (100330000, 43500000)]
13:29:55: [INFO] Routing pad 'D4:1' at (100330000, 43500000) with pad 'D5:1' at (119380000, 43500000) using coordinate system rotated by 0 degree(s)
13:29:55: [INFO] Adding track segment (B.Cu): [(100330000, 43500000), (119380000, 43500000)]
13:29:55: [INFO] Routing pad 'D5:1' at (119380000, 43500000) with pad 'D6:1' at (138430000, 43500000) using coordinate system rotated by 0 degree(s)
13:29:55: [INFO] Adding track segment (B.Cu): [(119380000, 43500000), (138430000, 43500000)]
13:29:55: [INFO] Routing pad 'D6:1' at (138430000, 43500000) with pad 'D7:1' at (157480000, 43500000) using coordinate system rotated by 0 degree(s)
13:29:55: [INFO] Adding track segment (B.Cu): [(138430000, 43500000), (157480000, 43500000)]
13:29:55: [INFO] Routing pad 'D7:1' at (157480000, 43500000) with pad 'D8:1' at (176530000, 43500000) using coordinate system rotated by 0 degree(s)
13:29:55: [INFO] Adding track segment (B.Cu): [(157480000, 43500000), (176530000, 43500000)]
13:29:55: [INFO] Routing pad 'D8:1' at (176530000, 43500000) with pad 'D9:1' at (195580000, 43500000) using coordinate system rotated by 0 degree(s)
13:29:55: [INFO] Adding track segment (B.Cu): [(176530000, 43500000), (195580000, 43500000)]
13:29:55: [INFO] Routing pad 'D9:1' at (195580000, 43500000) with pad 'D10:1' at (214630000, 43500000) using coordinate system rotated by 0 degree(s)
13:29:55: [INFO] Adding track segment (B.Cu): [(195580000, 43500000), (214630000, 43500000)]
13:29:55: [INFO] Routing pad 'D10:1' at (214630000, 43500000) with pad 'D11:1' at (233680000, 43500000) using coordinate system rotated by 0 degree(s)
13:29:55: [INFO] Adding track segment (B.Cu): [(214630000, 43500000), (233680000, 43500000)]
13:29:55: [INFO] Routing pad 'D11:1' at (233680000, 43500000) with pad 'D12:1' at (252730000, 43500000) using coordinate system rotated by 0 degree(s)
13:29:55: [INFO] Adding track segment (B.Cu): [(233680000, 43500000), (252730000, 43500000)]
13:29:55: [INFO] Routing pad 'D12:1' at (252730000, 43500000) with pad 'D13:1' at (271780000, 43500000) using coordinate system rotated by 0 degree(s)
13:29:55: [INFO] Adding track segment (B.Cu): [(252730000, 43500000), (271780000, 43500000)]
13:29:55: [INFO] Routing pad 'D13:1' at (271780000, 43500000) with pad 'D14:1' at (290830000, 43500000) using coordinate system rotated by 0 degree(s)
13:29:55: [INFO] Adding track segment (B.Cu): [(271780000, 43500000), (290830000, 43500000)]
13:29:55: [INFO] Routing COL7 pads
13:29:55: [INFO] Routing pad 'SW36:1' at (181927500, 73660000) with pad 'SW49:1' at (172402500, 92710000) using coordinate system rotated by 0 degree(s)
13:29:55: [INFO] Adding track segment (F.Cu): [(181927500, 73660000), (181927500, 83185000)]
13:29:55: [INFO] Adding track segment (F.Cu): [(181927500, 83185000), (172402500, 92710000)]
13:29:55: [INFO] Routing pad 'SW8:1' at (167640000, 35560000) with pad 'SW22:1' at (177165000, 54610000) using coordinate system rotated by 0 degree(s)
13:29:55: [INFO] Adding track segment (F.Cu): [(167640000, 35560000), (167640000, 45085000)]
13:29:55: [INFO] Adding track segment (F.Cu): [(167640000, 45085000), (177165000, 54610000)]
13:29:55: [INFO] Routing pad 'SW22:1' at (177165000, 54610000) with pad 'SW36:1' at (181927500, 73660000) using coordinate system rotated by 0 degree(s)
13:29:55: [INFO] Adding track segment (F.Cu): [(177165000, 54610000), (177165000, 68897500)]
13:29:55: [INFO] Adding track segment (F.Cu): [(177165000, 68897500), (181927500, 73660000)]
13:29:55: [INFO] Routing COL0 pads
13:29:55: [INFO] Routing pad 'SW1:1' at (34290000, 35560000) with pad 'SW15:1' at (39052500, 54610000) using coordinate system rotated by 0 degree(s)
13:29:55: [INFO] Adding track segment (F.Cu): [(34290000, 35560000), (34290000, 49847500)]
13:29:55: [INFO] Adding track segment (F.Cu): [(34290000, 49847500), (39052500, 54610000)]
13:29:55: [INFO] Routing pad 'SW43:1' at (46196250, 92710000) with pad 'SW56:1' at (39052500, 111760000) using coordinate system rotated by 0 degree(s)
13:29:55: [INFO] Adding track segment (F.Cu): [(46196250, 92710000), (46196250, 104616250)]
13:29:55: [INFO] Adding track segment (F.Cu): [(46196250, 104616250), (39052500, 111760000)]
13:29:55: [INFO] Routing pad 'SW15:1' at (39052500, 54610000) with pad 'SW29:1' at (41433750, 73660000) using coordinate system rotated by 0 degree(s)
13:29:55: [INFO] Adding track segment (F.Cu): [(39052500, 54610000), (39052500, 71278750)]
13:29:55: [INFO] Adding track segment (F.Cu): [(39052500, 71278750), (41433750, 73660000)]
13:29:55: [INFO] Routing pad 'SW29:1' at (41433750, 73660000) with pad 'SW43:1' at (46196250, 92710000) using coordinate system rotated by 0 degree(s)
13:29:55: [INFO] Adding track segment (F.Cu): [(41433750, 73660000), (41433750, 87947500)]
13:29:55: [INFO] Adding track segment (F.Cu): [(41433750, 87947500), (46196250, 92710000)]
13:29:55: [INFO] Routing COL12 pads
13:29:55: [INFO] Routing pad 'SW13:1' at (262890000, 35560000) with pad 'SW27:1' at (272415000, 54610000) using coordinate system rotated by 0 degree(s)
13:29:55: [INFO] Adding track segment (F.Cu): [(262890000, 35560000), (262890000, 45085000)]
13:29:55: [INFO] Adding track segment (F.Cu): [(262890000, 45085000), (272415000, 54610000)]
13:29:55: [INFO] Routing pad 'SW54:1' at (274796250, 92710000) with pad 'SW63:1' at (272415000, 111760000) using coordinate system rotated by 0 degree(s)
13:29:55: [INFO] Adding track segment (F.Cu): [(274796250, 92710000), (274796250, 109378750)]
13:29:55: [INFO] Adding track segment (F.Cu): [(274796250, 109378750), (272415000, 111760000)]
13:29:55: [INFO] Routing pad 'SW27:1' at (272415000, 54610000) with pad 'SW54:1' at (274796250, 92710000) using coordinate system rotated by 0 degree(s)
13:29:55: [INFO] Adding track segment (F.Cu): [(272415000, 54610000), (272415000, 90328750)]
13:29:55: [INFO] Adding track segment (F.Cu): [(272415000, 90328750), (274796250, 92710000)]
13:29:55: [INFO] Routing pad 'SW27:1' at (272415000, 54610000) with pad 'SW41:1' at (296227500, 54610000) using coordinate system rotated by 0 degree(s)
13:29:55: [INFO] Adding track segment (F.Cu): [(272415000, 54610000), (296227500, 54610000)]
13:29:55: [INFO] Routing ROW2 pads
13:29:55: [INFO] Routing pad 'D29:1' at (50323750, 81600000) with pad 'D30:1' at (76517500, 81600000) using coordinate system rotated by 0 degree(s)
13:29:55: [INFO] Adding track segment (B.Cu): [(50323750, 81600000), (76517500, 81600000)]
13:29:55: [INFO] Routing pad 'D30:1' at (76517500, 81600000) with pad 'D31:1' at (95567500, 81600000) using coordinate system rotated by 0 degree(s)
13:29:55: [INFO] Adding track segment (B.Cu): [(76517500, 81600000), (95567500, 81600000)]
13:29:55: [INFO] Routing pad 'D31:1' at (95567500, 81600000) with pad 'D32:1' at (114617500, 81600000) using coordinate system rotated by 0 degree(s)
13:29:55: [INFO] Adding track segment (B.Cu): [(95567500, 81600000), (114617500, 81600000)]
13:29:55: [INFO] Routing pad 'D32:1' at (114617500, 81600000) with pad 'D33:1' at (133667500, 81600000) using coordinate system rotated by 0 degree(s)
13:29:55: [INFO] Adding track segment (B.Cu): [(114617500, 81600000), (133667500, 81600000)]
13:29:55: [INFO] Routing pad 'D33:1' at (133667500, 81600000) with pad 'D34:1' at (152717500, 81600000) using coordinate system rotated by 0 degree(s)
13:29:55: [INFO] Adding track segment (B.Cu): [(133667500, 81600000), (152717500, 81600000)]
13:29:55: [INFO] Routing pad 'D34:1' at (152717500, 81600000) with pad 'D35:1' at (171767500, 81600000) using coordinate system rotated by 0 degree(s)
13:29:55: [INFO] Adding track segment (B.Cu): [(152717500, 81600000), (171767500, 81600000)]
13:29:55: [INFO] Routing pad 'D35:1' at (171767500, 81600000) with pad 'D36:1' at (190817500, 81600000) using coordinate system rotated by 0 degree(s)
13:29:55: [INFO] Adding track segment (B.Cu): [(171767500, 81600000), (190817500, 81600000)]
13:29:55: [INFO] Routing pad 'D36:1' at (190817500, 81600000) with pad 'D37:1' at (209867500, 81600000) using coordinate system rotated by 0 degree(s)
13:29:55: [INFO] Adding track segment (B.Cu): [(190817500, 81600000), (209867500, 81600000)]
13:29:55: [INFO] Routing pad 'D37:1' at (209867500, 81600000) with pad 'D38:1' at (228917500, 81600000) using coordinate system rotated by 0 degree(s)
13:29:55: [INFO] Adding track segment (B.Cu): [(209867500, 81600000), (228917500, 81600000)]
13:29:55: [INFO] Routing pad 'D38:1' at (228917500, 81600000) with pad 'D39:1' at (247967500, 81600000) using coordinate system rotated by 0 degree(s)
13:29:55: [INFO] Adding track segment (B.Cu): [(228917500, 81600000), (247967500, 81600000)]
13:29:55: [INFO] Routing pad 'D39:1' at (247967500, 81600000) with pad 'D40:1' at (267017500, 81600000) using coordinate system rotated by 0 degree(s)
13:29:55: [INFO] Adding track segment (B.Cu): [(247967500, 81600000), (267017500, 81600000)]
13:29:55: [INFO] Routing pad 'D40:1' at (267017500, 81600000) with pad 'D42:1' at (297973750, 81600000) using coordinate system rotated by 0 degree(s)
13:29:55: [INFO] Adding track segment (B.Cu): [(267017500, 81600000), (297973750, 81600000)]
13:29:55: [INFO] Routing pad 'D42:1' at (297973750, 81600000) with pad 'D41:1' at (305117500, 62550000) using coordinate system rotated by 0 degree(s)
13:29:55: [INFO] Routing ROW1 pads
13:29:55: [INFO] Routing pad 'D15:1' at (47942500, 62550000) with pad 'D16:1' at (71755000, 62550000) using coordinate system rotated by 0 degree(s)
13:29:55: [INFO] Adding track segment (B.Cu): [(47942500, 62550000), (71755000, 62550000)]
13:29:55: [INFO] Routing pad 'D16:1' at (71755000, 62550000) with pad 'D17:1' at (90805000, 62550000) using coordinate system rotated by 0 degree(s)
13:29:55: [INFO] Adding track segment (B.Cu): [(71755000, 62550000), (90805000, 62550000)]
13:29:55: [INFO] Routing pad 'D17:1' at (90805000, 62550000) with pad 'D18:1' at (109855000, 62550000) using coordinate system rotated by 0 degree(s)
13:29:55: [INFO] Adding track segment (B.Cu): [(90805000, 62550000), (109855000, 62550000)]
13:29:55: [INFO] Routing pad 'D18:1' at (109855000, 62550000) with pad 'D19:1' at (128905000, 62550000) using coordinate system rotated by 0 degree(s)
13:29:55: [INFO] Adding track segment (B.Cu): [(109855000, 62550000), (128905000, 62550000)]
13:29:55: [INFO] Routing pad 'D19:1' at (128905000, 62550000) with pad 'D20:1' at (147955000, 62550000) using coordinate system rotated by 0 degree(s)
13:29:55: [INFO] Adding track segment (B.Cu): [(128905000, 62550000), (147955000, 62550000)]
13:29:55: [INFO] Routing pad 'D20:1' at (147955000, 62550000) with pad 'D21:1' at (167005000, 62550000) using coordinate system rotated by 0 degree(s)
13:29:55: [INFO] Adding track segment (B.Cu): [(147955000, 62550000), (167005000, 62550000)]
13:29:55: [INFO] Routing pad 'D21:1' at (167005000, 62550000) with pad 'D22:1' at (186055000, 62550000) using coordinate system rotated by 0 degree(s)
13:29:55: [INFO] Adding track segment (B.Cu): [(167005000, 62550000), (186055000, 62550000)]
13:29:55: [INFO] Routing pad 'D22:1' at (186055000, 62550000) with pad 'D23:1' at (205105000, 62550000) using coordinate system rotated by 0 degree(s)
13:29:55: [INFO] Adding track segment (B.Cu): [(186055000, 62550000), (205105000, 62550000)]
13:29:55: [INFO] Routing pad 'D23:1' at (205105000, 62550000) with pad 'D24:1' at (224155000, 62550000) using coordinate system rotated by 0 degree(s)
13:29:55: [INFO] Adding track segment (B.Cu): [(205105000, 62550000), (224155000, 62550000)]
13:29:55: [INFO] Routing pad 'D24:1' at (224155000, 62550000) with pad 'D25:1' at (243205000, 62550000) using coordinate system rotated by 0 degree(s)
13:29:55: [INFO] Adding track segment (B.Cu): [(224155000, 62550000), (243205000, 62550000)]
13:29:55: [INFO] Routing pad 'D25:1' at (243205000, 62550000) with pad 'D26:1' at (262255000, 62550000) using coordinate system rotated by 0 degree(s)
13:29:55: [INFO] Adding track segment (B.Cu): [(243205000, 62550000), (262255000, 62550000)]
13:29:55: [INFO] Routing pad 'D26:1' at (262255000, 62550000) with pad 'D27:1' at (281305000, 62550000) using coordinate system rotated by 0 degree(s)
13:29:55: [INFO] Adding track segment (B.Cu): [(262255000, 62550000), (281305000, 62550000)]
13:29:55: [INFO] Routing pad 'D27:1' at (281305000, 62550000) with pad 'D28:1' at (300355000, 43500000) using coordinate system rotated by 0 degree(s)
13:29:55: [INFO] Adding track segment (B.Cu): [(281305000, 62550000), (281305000, 62550000)]
13:29:55: [INFO] Adding track segment (B.Cu): [(281305000, 62550000), (300355000, 43500000)]
13:29:55: [INFO] Routing COL8 pads
13:29:55: [INFO] Routing pad 'SW37:1' at (200977500, 73660000) with pad 'SW50:1' at (191452500, 92710000) using coordinate system rotated by 0 degree(s)
13:29:55: [INFO] Adding track segment (F.Cu): [(200977500, 73660000), (200977500, 83185000)]
13:29:55: [INFO] Adding track segment (F.Cu): [(200977500, 83185000), (191452500, 92710000)]
13:29:55: [INFO] Routing pad 'SW9:1' at (186690000, 35560000) with pad 'SW23:1' at (196215000, 54610000) using coordinate system rotated by 0 degree(s)
13:29:55: [INFO] Adding track segment (F.Cu): [(186690000, 35560000), (186690000, 45085000)]
13:29:55: [INFO] Adding track segment (F.Cu): [(186690000, 45085000), (196215000, 54610000)]
13:29:55: [INFO] Routing pad 'SW23:1' at (196215000, 54610000) with pad 'SW37:1' at (200977500, 73660000) using coordinate system rotated by 0 degree(s)
13:29:55: [INFO] Adding track segment (F.Cu): [(196215000, 54610000), (196215000, 68897500)]
13:29:55: [INFO] Adding track segment (F.Cu): [(196215000, 68897500), (200977500, 73660000)]
13:29:55: [INFO] Routing pad 'SW50:1' at (191452500, 92710000) with pad 'SW61:1' at (205740000, 111760000) using coordinate system rotated by 0 degree(s)
13:29:55: [INFO] Adding track segment (F.Cu): [(191452500, 92710000), (191452500, 97472500)]
13:29:55: [INFO] Adding track segment (F.Cu): [(191452500, 97472500), (205740000, 111760000)]
13:29:55: [INFO] Removing dangling tracks
13:29:55: [INFO] Removing b14c31fb-04c8-4ad6-9cba-c8693abd6813
