=== kbplacer.kle_serial ===
=== layout2image.py ===
=== kbplacer ===
13:31:49: [INFO] User layout: https://editor.keyboard-tools.xyz/#share=NrDeCIA9wLgAgMwDoCsBfANHcCMAZwsJp4BGPVTbc-cAXQwCgwpY4AmVLcATzYFoKADgDs6bu1pFWZJHirgALFLjE2QytwCcKtbPndSpWg2Z64KLtj7xBSUeOwpd4AMZtwAYhE-f4BQBsLiRwilZuHp4AhjGx-twiLu7wXq5p6fHYQiZMLDZwdg7cydjevj6E2ADubKSa2HhJkekZCsYE0iGkYY7gpJIdqhEpZeWV4DWyvaS4BKYsIcjO1gIUCGLFzS3uCriklebk9X2N+-PmnMu8q-ZiCpL7nbVyCsqPQyEavTrvhy+GxjOuXMliu+UKd24zl+w1KsTi3AAFs9ekEYSEekiUQpEjCSqltplwNkgWZrrZhBtsPjovCouNJnA6r1TgdYQSWkTAWyuj02g82TS6fTuIzmW09vRgTJEOFwWsqezPNsdtxcOwebUKNNGhrzjLLtx5bdepINU99K8MOaPupjjobX8DNRjHrpSFQUabg4FM5HTKAsdsm6ycaitTIsKGdjuLrBVtOW1rZqyHzDGb4yMo6KY9R1VKySFA2CbgF2FdkVNAhgECnQuFK0zjola-rFnKboqaSqibhaxamdq2o1W+62IaVhSTfca3W6s6lLOB18FDp+7bLQDZ222J7JwVKb1nOvzMWFNlR6HvV3I3To1XY0uht3CUmTzLusd+k+IEK7zmHzzbcx3gJYvSndZelwRQ5yHQxGhgnd4AnckD2nCQMBggd5ytLCNzgFdtEwud-hdYikLgbVwLQyEGmIwx6Pwz9pkkPC+mggsWAAJzYBBGmwLii3CLj8jCctuC6ORqP4HCoQwFBM1KcoKmrBT9T-eFxkbdhdnkxSvGUkQtPHGcFOkDS4itNSQI4Ui+j0-UeNsPjuEE2pcGwEJ+A81CZKkiMRkMolEjM59b0088HJs7zVz08zIiCrFkLaYxQt-cKEWwbThyiwsBAQfkHLoIA
13:31:49: [INFO] Labels prefixes: for rows: 'ROW', for columns: 'COL'
13:31:49: [INFO] Matrix size: 13x5
13:31:50: [INFO] Add COL0 net
13:31:50: [INFO] Add COL1 net
13:31:50: [INFO] Add COL2 net
13:31:50: [INFO] Add COL3 net
13:31:50: [INFO] Add COL4 net
13:31:50: [INFO] Add COL5 net
13:31:50: [INFO] Add Net-(D1-A) net
13:31:50: [INFO] Add Net-(D10-A) net
13:31:50: [INFO] Add Net-(D11-A) net
13:31:50: [INFO] Add Net-(D12-A) net
13:31:50: [INFO] Add Net-(D13-A) net
13:31:50: [INFO] Add Net-(D14-A) net
13:31:50: [INFO] Add Net-(D15-A) net
13:31:50: [INFO] Add Net-(D16-A) net
13:31:50: [INFO] Add Net-(D17-A) net
13:31:50: [INFO] Add Net-(D18-A) net
13:31:50: [INFO] Add Net-(D19-A) net
13:31:50: [INFO] Add Net-(D2-A) net
13:31:50: [INFO] Add Net-(D20-A) net
13:31:50: [INFO] Add Net-(D21-A) net
13:31:50: [INFO] Add Net-(D22-A) net
13:31:50: [INFO] Add Net-(D23-A) net
13:31:50: [INFO] Add Net-(D24-A) net
13:31:50: [INFO] Add Net-(D25-A) net
13:31:50: [INFO] Add Net-(D26-A) net
13:31:50: [INFO] Add Net-(D27-A) net
13:31:50: [INFO] Add Net-(D28-A) net
13:31:50: [INFO] Add Net-(D29-A) net
13:31:50: [INFO] Add Net-(D3-A) net
13:31:50: [INFO] Add Net-(D30-A) net
13:31:50: [INFO] Add Net-(D31-A) net
13:31:50: [INFO] Add Net-(D32-A) net
13:31:50: [INFO] Add Net-(D33-A) net
13:31:50: [INFO] Add Net-(D34-A) net
13:31:50: [INFO] Add Net-(D35-A) net
13:31:50: [INFO] Add Net-(D36-A) net
13:31:50: [INFO] Add Net-(D37-A) net
13:31:50: [INFO] Add Net-(D38-A) net
13:31:50: [INFO] Add Net-(D39-A) net
13:31:50: [INFO] Add Net-(D4-A) net
13:31:50: [INFO] Add Net-(D40-A) net
13:31:50: [INFO] Add Net-(D41-A) net
13:31:50: [INFO] Add Net-(D42-A) net
13:31:50: [INFO] Add Net-(D43-A) net
13:31:50: [INFO] Add Net-(D44-A) net
13:31:50: [INFO] Add Net-(D45-A) net
13:31:50: [INFO] Add Net-(D46-A) net
13:31:50: [INFO] Add Net-(D47-A) net
13:31:50: [INFO] Add Net-(D48-A) net
13:31:50: [INFO] Add Net-(D49-A) net
13:31:50: [INFO] Add Net-(D5-A) net
13:31:50: [INFO] Add Net-(D50-A) net
13:31:50: [INFO] Add Net-(D51-A) net
13:31:50: [INFO] Add Net-(D52-A) net
13:31:50: [INFO] Add Net-(D53-A) net
13:31:50: [INFO] Add Net-(D54-A) net
13:31:50: [INFO] Add Net-(D55-A) net
13:31:50: [INFO] Add Net-(D56-A) net
13:31:50: [INFO] Add Net-(D57-A) net
13:31:50: [INFO] Add Net-(D58-A) net
13:31:50: [INFO] Add Net-(D59-A) net
13:31:50: [INFO] Add Net-(D6-A) net
13:31:50: [INFO] Add Net-(D60-A) net
13:31:50: [INFO] Add Net-(D61-A) net
13:31:50: [INFO] Add Net-(D62-A) net
13:31:50: [INFO] Add Net-(D63-A) net
13:31:50: [INFO] Add Net-(D64-A) net
13:31:50: [INFO] Add Net-(D65-A) net
13:31:50: [INFO] Add Net-(D66-A) net
13:31:50: [INFO] Add Net-(D67-A) net
13:31:50: [INFO] Add Net-(D68-A) net
13:31:50: [INFO] Add Net-(D69-A) net
13:31:50: [INFO] Add Net-(D7-A) net
13:31:50: [INFO] Add Net-(D70-A) net
13:31:50: [INFO] Add Net-(D71-A) net
13:31:50: [INFO] Add Net-(D72-A) net
13:31:50: [INFO] Add Net-(D73-A) net
13:31:50: [INFO] Add Net-(D74-A) net
13:31:50: [INFO] Add Net-(D75-A) net
13:31:50: [INFO] Add Net-(D76-A) net
13:31:50: [INFO] Add Net-(D8-A) net
13:31:50: [INFO] Add Net-(D9-A) net
13:31:50: [INFO] Add ROW0 net
13:31:50: [INFO] Add ROW1 net
13:31:50: [INFO] Add ROW10 net
13:31:50: [INFO] Add ROW11 net
13:31:50: [INFO] Add ROW12 net
13:31:50: [INFO] Add ROW13 net
13:31:50: [INFO] Add ROW2 net
13:31:50: [INFO] Add ROW3 net
13:31:50: [INFO] Add ROW4 net
13:31:50: [INFO] Add ROW5 net
13:31:50: [INFO] Add ROW6 net
13:31:50: [INFO] Add ROW7 net
13:31:50: [INFO] Add ROW8 net
13:31:50: [INFO] Add ROW9 net
13:31:50: [INFO] Add SW1 footprint
13:31:50: [INFO] Add D1 footprint
13:31:50: [INFO] Add SW2 footprint
13:31:50: [INFO] Add D2 footprint
13:31:50: [INFO] Add SW3 footprint
13:31:50: [INFO] Add D3 footprint
13:31:50: [INFO] Add SW4 footprint
13:31:50: [INFO] Add D4 footprint
13:31:50: [INFO] Add SW5 footprint
13:31:50: [INFO] Add D5 footprint
13:31:50: [INFO] Add SW6 footprint
13:31:50: [INFO] Add D6 footprint
13:31:50: [INFO] Add SW7 footprint
13:31:50: [INFO] Add D7 footprint
13:31:50: [INFO] Add SW8 footprint
13:31:50: [INFO] Add D8 footprint
13:31:50: [INFO] Add SW9 footprint
13:31:50: [INFO] Add D9 footprint
13:31:51: [INFO] Add SW10 footprint
13:31:51: [INFO] Add D10 footprint
13:31:51: [INFO] Add SW11 footprint
13:31:51: [INFO] Add D11 footprint
13:31:51: [INFO] Add SW12 footprint
13:31:51: [INFO] Add D12 footprint
13:31:51: [INFO] Add SW13 footprint
13:31:51: [INFO] Add D13 footprint
13:31:51: [INFO] Add SW14 footprint
13:31:51: [INFO] Add D14 footprint
13:31:51: [INFO] Add SW15 footprint
13:31:51: [INFO] Add D15 footprint
13:31:51: [INFO] Add SW16 footprint
13:31:51: [INFO] Add D16 footprint
13:31:51: [INFO] Add SW17 footprint
13:31:51: [INFO] Add D17 footprint
13:31:51: [INFO] Add ST17 footprint
13:31:51: [INFO] Add SW18 footprint
13:31:51: [INFO] Add D18 footprint
13:31:51: [INFO] Add SW19 footprint
13:31:51: [INFO] Add D19 footprint
13:31:51: [INFO] Add SW20 footprint
13:31:51: [INFO] Add D20 footprint
13:31:51: [INFO] Add SW21 footprint
13:31:51: [INFO] Add D21 footprint
13:31:51: [INFO] Add SW22 footprint
13:31:51: [INFO] Add D22 footprint
13:31:51: [INFO] Add SW23 footprint
13:31:51: [INFO] Add D23 footprint
13:31:51: [INFO] Add ST23 footprint
13:31:51: [INFO] Add SW24 footprint
13:31:51: [INFO] Add D24 footprint
13:31:51: [INFO] Add SW25 footprint
13:31:51: [INFO] Add D25 footprint
13:31:51: [INFO] Add SW26 footprint
13:31:52: [INFO] Add D26 footprint
13:31:52: [INFO] Add SW27 footprint
13:31:52: [INFO] Add D27 footprint
13:31:52: [INFO] Add SW28 footprint
13:31:52: [INFO] Add D28 footprint
13:31:52: [INFO] Add SW29 footprint
13:31:52: [INFO] Add D29 footprint
13:31:52: [INFO] Add SW30 footprint
13:31:52: [INFO] Add D30 footprint
13:31:52: [INFO] Add SW31 footprint
13:31:52: [INFO] Add D31 footprint
13:31:52: [INFO] Add SW32 footprint
13:31:52: [INFO] Add D32 footprint
13:31:52: [INFO] Add SW33 footprint
13:31:52: [INFO] Add D33 footprint
13:31:52: [INFO] Add SW34 footprint
13:31:52: [INFO] Add D34 footprint
13:31:52: [INFO] Add SW35 footprint
13:31:52: [INFO] Add D35 footprint
13:31:52: [INFO] Add SW36 footprint
13:31:52: [INFO] Add D36 footprint
13:31:52: [INFO] Add SW37 footprint
13:31:52: [INFO] Add D37 footprint
13:31:52: [INFO] Add SW38 footprint
13:31:52: [INFO] Add D38 footprint
13:31:52: [INFO] Add SW39 footprint
13:31:52: [INFO] Add D39 footprint
13:31:52: [INFO] Add SW40 footprint
13:31:52: [INFO] Add D40 footprint
13:31:52: [INFO] Add SW41 footprint
13:31:52: [INFO] Add D41 footprint
13:31:52: [INFO] Add SW42 footprint
13:31:52: [INFO] Add D42 footprint
13:31:52: [INFO] Add SW43 footprint
13:31:52: [INFO] Add D43 footprint
13:31:52: [INFO] Add SW44 footprint
13:31:52: [INFO] Add D44 footprint
13:31:52: [INFO] Add SW45 footprint
13:31:52: [INFO] Add D45 footprint
13:31:52: [INFO] Add SW46 footprint
13:31:52: [INFO] Add D46 footprint
13:31:52: [INFO] Add SW47 footprint
13:31:53: [INFO] Add D47 footprint
13:31:53: [INFO] Add SW48 footprint
13:31:53: [INFO] Add D48 footprint
13:31:53: [INFO] Add SW49 footprint
13:31:53: [INFO] Add D49 footprint
13:31:53: [INFO] Add SW50 footprint
13:31:53: [INFO] Add D50 footprint
13:31:53: [INFO] Add SW51 footprint
13:31:53: [INFO] Add D51 footprint
13:31:53: [INFO] Add SW52 footprint
13:31:53: [INFO] Add D52 footprint
13:31:53: [INFO] Add SW53 footprint
13:31:53: [INFO] Add D53 footprint
13:31:53: [INFO] Add SW54 footprint
13:31:53: [INFO] Add D54 footprint
13:31:53: [INFO] Add SW55 footprint
13:31:53: [INFO] Add D55 footprint
13:31:53: [INFO] Add SW56 footprint
13:31:53: [INFO] Add D56 footprint
13:31:53: [INFO] Add SW57 footprint
13:31:53: [INFO] Add D57 footprint
13:31:53: [INFO] Add SW58 footprint
13:31:53: [INFO] Add D58 footprint
13:31:53: [INFO] Add SW59 footprint
13:31:53: [INFO] Add D59 footprint
13:31:53: [INFO] Add ST59 footprint
13:31:53: [INFO] Add SW60 footprint
13:31:53: [INFO] Add D60 footprint
13:31:53: [INFO] Add SW61 footprint
13:31:53: [INFO] Add D61 footprint
13:31:53: [INFO] Add SW62 footprint
13:31:53: [INFO] Add D62 footprint
13:31:53: [INFO] Add SW63 footprint
13:31:54: [INFO] Add D63 footprint
13:31:54: [INFO] Add SW64 footprint
13:31:54: [INFO] Add D64 footprint
13:31:54: [INFO] Add SW65 footprint
13:31:54: [INFO] Add D65 footprint
13:31:54: [INFO] Add ST65 footprint
13:31:54: [INFO] Add SW66 footprint
13:31:54: [INFO] Add D66 footprint
13:31:54: [INFO] Add SW67 footprint
13:31:54: [INFO] Add D67 footprint
13:31:54: [INFO] Add SW68 footprint
13:31:54: [INFO] Add D68 footprint
13:31:54: [INFO] Add SW69 footprint
13:31:54: [INFO] Add D69 footprint
13:31:54: [INFO] Add SW70 footprint
13:31:54: [INFO] Add D70 footprint
13:31:54: [INFO] Add SW71 footprint
13:31:54: [INFO] Add D71 footprint
13:31:54: [INFO] Add SW72 footprint
13:31:54: [INFO] Add D72 footprint
13:31:54: [INFO] Add SW73 footprint
13:31:54: [INFO] Add D73 footprint
13:31:54: [INFO] Add SW74 footprint
13:31:54: [INFO] Add D74 footprint
13:31:54: [INFO] Add SW75 footprint
13:31:54: [INFO] Add D75 footprint
13:31:54: [INFO] Add SW76 footprint
13:31:54: [INFO] Add D76 footprint
13:31:54: [INFO] Detected layout convertible to matrix annotated keyboard
13:31:54: [INFO] Using key 1U distance: (19.05, 19.05) mm
13:31:54: [INFO] Layout offset: (38100000, 28575000)
13:31:54: [INFO] Diode info: [ElementInfo(annotation_format='D{}', position_option=<PositionOption.CUSTOM: 'Custom'>, position=ElementPosition(x=5.08, y=4.0, orientation=90.0, side=<Side.BACK: 'Back'>), template_path='', start_index=-1)]
13:31:54: [INFO] Placing additional elements for SW76
13:31:54: [INFO] Placing additional elements for SW75
13:31:54: [INFO] Placing additional elements for SW74
13:31:54: [INFO] Placing additional elements for SW73
13:31:54: [INFO] Placing additional elements for SW72
13:31:54: [INFO] Placing additional elements for SW71
13:31:54: [INFO] Placing additional elements for SW70
13:31:54: [INFO] Placing additional elements for SW69
13:31:54: [INFO] Placing additional elements for SW68
13:31:54: [INFO] Placing additional elements for SW67
13:31:54: [INFO] Placing additional elements for SW66
13:31:54: [INFO] Placing additional elements for SW65
13:31:54: [INFO] Placing additional elements for SW64
13:31:54: [INFO] Placing additional elements for SW63
13:31:54: [INFO] Placing additional elements for SW62
13:31:54: [INFO] Placing additional elements for SW61
13:31:54: [INFO] Placing additional elements for SW60
13:31:54: [INFO] Placing additional elements for SW59
13:31:54: [INFO] Placing additional elements for SW58
13:31:54: [INFO] Placing additional elements for SW57
13:31:54: [INFO] Placing additional elements for SW56
13:31:54: [INFO] Placing additional elements for SW55
13:31:54: [INFO] Placing additional elements for SW54
13:31:54: [INFO] Placing additional elements for SW53
13:31:54: [INFO] Placing additional elements for SW52
13:31:54: [INFO] Placing additional elements for SW51
13:31:54: [INFO] Placing additional elements for SW50
13:31:54: [INFO] Placing additional elements for SW49
13:31:54: [INFO] Placing additional elements for SW48
13:31:54: [INFO] Placing additional elements for SW47
13:31:54: [INFO] Placing additional elements for SW46
13:31:54: [INFO] Placing additional elements for SW45
13:31:54: [INFO] Placing additional elements for SW44
13:31:54: [INFO] Placing additional elements for SW43
13:31:54: [INFO] Placing additional elements for SW42
13:31:54: [INFO] Placing additional elements for SW41
13:31:54: [INFO] Placing additional elements for SW40
13:31:54: [INFO] Placing additional elements for SW39
13:31:54: [INFO] Placing additional elements for SW38
13:31:54: [INFO] Placing additional elements for SW37
13:31:54: [INFO] Placing additional elements for SW36
13:31:54: [INFO] Placing additional elements for SW35
13:31:54: [INFO] Placing additional elements for SW34
13:31:54: [INFO] Placing additional elements for SW33
13:31:54: [INFO] Placing additional elements for SW32
13:31:54: [INFO] Placing additional elements for SW31
13:31:54: [INFO] Placing additional elements for SW30
13:31:54: [INFO] Placing additional elements for SW29
13:31:54: [INFO] Placing additional elements for SW28
13:31:54: [INFO] Placing additional elements for SW27
13:31:54: [INFO] Placing additional elements for SW26
13:31:54: [INFO] Placing additional elements for SW25
13:31:54: [INFO] Placing additional elements for SW24
13:31:54: [INFO] Placing additional elements for SW23
13:31:54: [INFO] Placing additional elements for SW22
13:31:54: [INFO] Placing additional elements for SW21
13:31:54: [INFO] Placing additional elements for SW20
13:31:54: [INFO] Placing additional elements for SW19
13:31:54: [INFO] Placing additional elements for SW18
13:31:54: [INFO] Placing additional elements for SW17
13:31:54: [INFO] Placing additional elements for SW16
13:31:54: [INFO] Placing additional elements for SW15
13:31:54: [INFO] Placing additional elements for SW14
13:31:54: [INFO] Placing additional elements for SW13
13:31:54: [INFO] Placing additional elements for SW12
13:31:54: [INFO] Placing additional elements for SW11
13:31:54: [INFO] Placing additional elements for SW10
13:31:54: [INFO] Placing additional elements for SW9
13:31:54: [INFO] Placing additional elements for SW8
13:31:54: [INFO] Placing additional elements for SW7
13:31:54: [INFO] Placing additional elements for SW6
13:31:54: [INFO] Placing additional elements for SW5
13:31:54: [INFO] Placing additional elements for SW4
13:31:54: [INFO] Placing additional elements for SW3
13:31:54: [INFO] Placing additional elements for SW2
13:31:54: [INFO] Placing additional elements for SW1
13:31:54: [INFO] Routing SW76 with D76
13:31:54: [INFO] Using internal autorouter method
13:31:54: [INFO] Routing pad 'SW76:2' at (393065000, 116363750) with pad 'D76:2' at (395605000, 124043750) using coordinate system rotated by 0 degree(s)
13:31:54: [INFO] Adding track segment (B.Cu): [(393065000, 116363750), (393065000, 121503750)]
13:31:54: [INFO] Adding track segment (B.Cu): [(393065000, 121503750), (395605000, 124043750)]
13:31:54: [INFO] Routing SW75 with D75
13:31:54: [INFO] Using internal autorouter method
13:31:54: [INFO] Routing pad 'SW75:2' at (397827500, 97313750) with pad 'D75:2' at (400367500, 104993750) using coordinate system rotated by 0 degree(s)
13:31:54: [INFO] Adding track segment (B.Cu): [(397827500, 97313750), (397827500, 102453750)]
13:31:54: [INFO] Adding track segment (B.Cu): [(397827500, 102453750), (400367500, 104993750)]
13:31:54: [INFO] Routing SW74 with D74
13:31:54: [INFO] Using internal autorouter method
13:31:54: [INFO] Routing pad 'SW74:2' at (397827500, 78263750) with pad 'D74:2' at (400367500, 85943750) using coordinate system rotated by 0 degree(s)
13:31:54: [INFO] Adding track segment (B.Cu): [(397827500, 78263750), (397827500, 83403750)]
13:31:54: [INFO] Adding track segment (B.Cu): [(397827500, 83403750), (400367500, 85943750)]
13:31:54: [INFO] Routing SW73 with D73
13:31:54: [INFO] Using internal autorouter method
13:31:54: [INFO] Routing pad 'SW73:2' at (397827500, 59213750) with pad 'D73:2' at (400367500, 66893750) using coordinate system rotated by 0 degree(s)
13:31:55: [INFO] Adding track segment (B.Cu): [(397827500, 59213750), (397827500, 64353750)]
13:31:55: [INFO] Adding track segment (B.Cu): [(397827500, 64353750), (400367500, 66893750)]
13:31:55: [INFO] Routing SW72 with D72
13:31:55: [INFO] Using internal autorouter method
13:31:55: [INFO] Routing pad 'SW72:2' at (397827500, 40163750) with pad 'D72:2' at (400367500, 47843750) using coordinate system rotated by 0 degree(s)
13:31:55: [INFO] Adding track segment (B.Cu): [(397827500, 40163750), (397827500, 45303750)]
13:31:55: [INFO] Adding track segment (B.Cu): [(397827500, 45303750), (400367500, 47843750)]
13:31:55: [INFO] Routing SW71 with D71
13:31:55: [INFO] Using internal autorouter method
13:31:55: [INFO] Routing pad 'SW71:2' at (258452745, 152427267) with pad 'D71:2' at (264492449, 157808341) using coordinate system rotated by 330.0 degree(s)
13:31:55: [INFO] Adding track segment (B.Cu): [(258452745, 152427267), (261022743, 156878636)]
13:31:55: [INFO] Adding track segment (B.Cu): [(261022743, 156878636), (264492449, 157808341)]
13:31:55: [INFO] Routing SW70 with D70
13:31:55: [INFO] Using internal autorouter method
13:31:55: [INFO] Routing pad 'SW70:2' at (374015000, 116363750) with pad 'D70:2' at (376555000, 124043750) using coordinate system rotated by 0 degree(s)
13:31:55: [INFO] Adding track segment (B.Cu): [(374015000, 116363750), (374015000, 121503750)]
13:31:55: [INFO] Adding track segment (B.Cu): [(374015000, 121503750), (376555000, 124043750)]
13:31:55: [INFO] Routing SW69 with D69
13:31:55: [INFO] Using internal autorouter method
13:31:55: [INFO] Routing pad 'SW69:2' at (374015000, 97313750) with pad 'D69:2' at (376555000, 104993750) using coordinate system rotated by 0 degree(s)
13:31:55: [INFO] Adding track segment (B.Cu): [(374015000, 97313750), (374015000, 102453750)]
13:31:55: [INFO] Adding track segment (B.Cu): [(374015000, 102453750), (376555000, 104993750)]
13:31:55: [INFO] Routing SW68 with D68
13:31:55: [INFO] Using internal autorouter method
13:31:55: [INFO] Routing pad 'SW68:2' at (374015000, 78263750) with pad 'D68:2' at (376555000, 85943750) using coordinate system rotated by 0 degree(s)
13:31:55: [INFO] Adding track segment (B.Cu): [(374015000, 78263750), (374015000, 83403750)]
13:31:55: [INFO] Adding track segment (B.Cu): [(374015000, 83403750), (376555000, 85943750)]
13:31:55: [INFO] Routing SW67 with D67
13:31:55: [INFO] Using internal autorouter method
13:31:55: [INFO] Routing pad 'SW67:2' at (374015000, 59213750) with pad 'D67:2' at (376555000, 66893750) using coordinate system rotated by 0 degree(s)
13:31:55: [INFO] Adding track segment (B.Cu): [(374015000, 59213750), (374015000, 64353750)]
13:31:55: [INFO] Adding track segment (B.Cu): [(374015000, 64353750), (376555000, 66893750)]
13:31:55: [INFO] Routing SW66 with D66
13:31:55: [INFO] Using internal autorouter method
13:31:55: [INFO] Routing pad 'SW66:2' at (374015000, 40163750) with pad 'D66:2' at (376555000, 47843750) using coordinate system rotated by 0 degree(s)
13:31:55: [INFO] Adding track segment (B.Cu): [(374015000, 40163750), (374015000, 45303750)]
13:31:55: [INFO] Adding track segment (B.Cu): [(374015000, 45303750), (376555000, 47843750)]
13:31:55: [INFO] Routing SW65 with D65
13:31:55: [INFO] Using internal autorouter method
13:31:55: [INFO] Routing pad 'SW65:2' at (270188029, 134653375) with pad 'D65:2' at (276227733, 140034449) using coordinate system rotated by 330.0 degree(s)
13:31:55: [INFO] Adding track segment (B.Cu): [(270188029, 134653375), (272758027, 139104744)]
13:31:55: [INFO] Adding track segment (B.Cu): [(272758027, 139104744), (276227733, 140034449)]
13:31:55: [INFO] Routing SW64 with D64
13:31:55: [INFO] Using internal autorouter method
13:31:55: [INFO] Routing pad 'SW64:2' at (354965000, 111601250) with pad 'D64:2' at (357505000, 119281250) using coordinate system rotated by 0 degree(s)
13:31:55: [INFO] Adding track segment (B.Cu): [(354965000, 111601250), (354965000, 116741250)]
13:31:55: [INFO] Adding track segment (B.Cu): [(354965000, 116741250), (357505000, 119281250)]
13:31:55: [INFO] Routing SW63 with D63
13:31:55: [INFO] Using internal autorouter method
13:31:55: [INFO] Routing pad 'SW63:2' at (354965000, 92551250) with pad 'D63:2' at (357505000, 100231250) using coordinate system rotated by 0 degree(s)
13:31:55: [INFO] Adding track segment (B.Cu): [(354965000, 92551250), (354965000, 97691250)]
13:31:55: [INFO] Adding track segment (B.Cu): [(354965000, 97691250), (357505000, 100231250)]
13:31:55: [INFO] Routing SW62 with D62
13:31:55: [INFO] Using internal autorouter method
13:31:55: [INFO] Routing pad 'SW62:2' at (354965000, 73501250) with pad 'D62:2' at (357505000, 81181250) using coordinate system rotated by 0 degree(s)
13:31:55: [INFO] Adding track segment (B.Cu): [(354965000, 73501250), (354965000, 78641250)]
13:31:55: [INFO] Adding track segment (B.Cu): [(354965000, 78641250), (357505000, 81181250)]
13:31:55: [INFO] Routing SW61 with D61
13:31:55: [INFO] Using internal autorouter method
13:31:55: [INFO] Routing pad 'SW61:2' at (354965000, 54451250) with pad 'D61:2' at (357505000, 62131250) using coordinate system rotated by 0 degree(s)
13:31:55: [INFO] Adding track segment (B.Cu): [(354965000, 54451250), (354965000, 59591250)]
13:31:55: [INFO] Adding track segment (B.Cu): [(354965000, 59591250), (357505000, 62131250)]
13:31:55: [INFO] Routing SW60 with D60
13:31:55: [INFO] Using internal autorouter method
13:31:55: [INFO] Routing pad 'SW60:2' at (354965000, 35401250) with pad 'D60:2' at (357505000, 43081250) using coordinate system rotated by 0 degree(s)
13:31:55: [INFO] Adding track segment (B.Cu): [(354965000, 35401250), (354965000, 40541250)]
13:31:55: [INFO] Adding track segment (B.Cu): [(354965000, 40541250), (357505000, 43081250)]
13:31:55: [INFO] Routing SW59 with D59
13:31:55: [INFO] Using internal autorouter method
13:31:55: [INFO] Routing pad 'SW59:2' at (286685813, 125128375) with pad 'D59:2' at (292725517, 130509449) using coordinate system rotated by 330.0 degree(s)
13:31:55: [INFO] Adding track segment (B.Cu): [(286685813, 125128375), (289255811, 129579744)]
13:31:55: [INFO] Adding track segment (B.Cu): [(289255811, 129579744), (292725517, 130509449)]
13:31:55: [INFO] Routing SW58 with D58
13:31:55: [INFO] Using internal autorouter method
13:31:55: [INFO] Routing pad 'SW58:2' at (335915000, 109220000) with pad 'D58:2' at (338455000, 116900000) using coordinate system rotated by 0 degree(s)
13:31:55: [INFO] Adding track segment (B.Cu): [(335915000, 109220000), (335915000, 114360000)]
13:31:55: [INFO] Adding track segment (B.Cu): [(335915000, 114360000), (338455000, 116900000)]
13:31:55: [INFO] Routing SW57 with D57
13:31:55: [INFO] Using internal autorouter method
13:31:55: [INFO] Routing pad 'SW57:2' at (335915000, 90170000) with pad 'D57:2' at (338455000, 97850000) using coordinate system rotated by 0 degree(s)
13:31:55: [INFO] Adding track segment (B.Cu): [(335915000, 90170000), (335915000, 95310000)]
13:31:55: [INFO] Adding track segment (B.Cu): [(335915000, 95310000), (338455000, 97850000)]
13:31:55: [INFO] Routing SW56 with D56
13:31:55: [INFO] Using internal autorouter method
13:31:55: [INFO] Routing pad 'SW56:2' at (335915000, 71120000) with pad 'D56:2' at (338455000, 78800000) using coordinate system rotated by 0 degree(s)
13:31:55: [INFO] Adding track segment (B.Cu): [(335915000, 71120000), (335915000, 76260000)]
13:31:55: [INFO] Adding track segment (B.Cu): [(335915000, 76260000), (338455000, 78800000)]
13:31:55: [INFO] Routing SW55 with D55
13:31:55: [INFO] Using internal autorouter method
13:31:55: [INFO] Routing pad 'SW55:2' at (335915000, 52070000) with pad 'D55:2' at (338455000, 59750000) using coordinate system rotated by 0 degree(s)
13:31:55: [INFO] Adding track segment (B.Cu): [(335915000, 52070000), (335915000, 57210000)]
13:31:55: [INFO] Adding track segment (B.Cu): [(335915000, 57210000), (338455000, 59750000)]
13:31:55: [INFO] Routing SW54 with D54
13:31:55: [INFO] Using internal autorouter method
13:31:55: [INFO] Routing pad 'SW54:2' at (335915000, 33020000) with pad 'D54:2' at (338455000, 40700000) using coordinate system rotated by 0 degree(s)
13:31:55: [INFO] Adding track segment (B.Cu): [(335915000, 33020000), (335915000, 38160000)]
13:31:55: [INFO] Adding track segment (B.Cu): [(335915000, 38160000), (338455000, 40700000)]
13:31:55: [INFO] Routing SW53 with D53
13:31:55: [INFO] Using internal autorouter method
13:31:55: [INFO] Routing pad 'SW53:2' at (248927745, 135929483) with pad 'D53:2' at (254967449, 141310557) using coordinate system rotated by 330.0 degree(s)
13:31:55: [INFO] Adding track segment (B.Cu): [(248927745, 135929483), (251497743, 140380852)]
13:31:55: [INFO] Adding track segment (B.Cu): [(251497743, 140380852), (254967449, 141310557)]
13:31:55: [INFO] Routing SW52 with D52
13:31:55: [INFO] Using internal autorouter method
13:31:55: [INFO] Routing pad 'SW52:2' at (316865000, 111601250) with pad 'D52:2' at (319405000, 119281250) using coordinate system rotated by 0 degree(s)
13:31:55: [INFO] Adding track segment (B.Cu): [(316865000, 111601250), (316865000, 116741250)]
13:31:55: [INFO] Adding track segment (B.Cu): [(316865000, 116741250), (319405000, 119281250)]
13:31:55: [INFO] Routing SW51 with D51
13:31:55: [INFO] Using internal autorouter method
13:31:55: [INFO] Routing pad 'SW51:2' at (316865000, 92551250) with pad 'D51:2' at (319405000, 100231250) using coordinate system rotated by 0 degree(s)
13:31:55: [INFO] Adding track segment (B.Cu): [(316865000, 92551250), (316865000, 97691250)]
13:31:55: [INFO] Adding track segment (B.Cu): [(316865000, 97691250), (319405000, 100231250)]
13:31:55: [INFO] Routing SW50 with D50
13:31:55: [INFO] Using internal autorouter method
13:31:55: [INFO] Routing pad 'SW50:2' at (316865000, 73501250) with pad 'D50:2' at (319405000, 81181250) using coordinate system rotated by 0 degree(s)
13:31:55: [INFO] Adding track segment (B.Cu): [(316865000, 73501250), (316865000, 78641250)]
13:31:55: [INFO] Adding track segment (B.Cu): [(316865000, 78641250), (319405000, 81181250)]
13:31:55: [INFO] Routing SW49 with D49
13:31:55: [INFO] Using internal autorouter method
13:31:55: [INFO] Routing pad 'SW49:2' at (316865000, 54451250) with pad 'D49:2' at (319405000, 62131250) using coordinate system rotated by 0 degree(s)
13:31:55: [INFO] Adding track segment (B.Cu): [(316865000, 54451250), (316865000, 59591250)]
13:31:55: [INFO] Adding track segment (B.Cu): [(316865000, 59591250), (319405000, 62131250)]
13:31:55: [INFO] Routing SW48 with D48
13:31:55: [INFO] Using internal autorouter method
13:31:55: [INFO] Routing pad 'SW48:2' at (316865000, 35401250) with pad 'D48:2' at (319405000, 43081250) using coordinate system rotated by 0 degree(s)
13:31:55: [INFO] Adding track segment (B.Cu): [(316865000, 35401250), (316865000, 40541250)]
13:31:55: [INFO] Adding track segment (B.Cu): [(316865000, 40541250), (319405000, 43081250)]
13:31:55: [INFO] Routing SW47 with D47
13:31:55: [INFO] Using internal autorouter method
13:31:55: [INFO] Routing pad 'SW47:2' at (255900529, 109906699) with pad 'D47:2' at (261940233, 115287773) using coordinate system rotated by 330.0 degree(s)
13:31:55: [INFO] Adding track segment (B.Cu): [(255900529, 109906699), (258470527, 114358068)]
13:31:55: [INFO] Adding track segment (B.Cu): [(258470527, 114358068), (261940233, 115287773)]
13:31:55: [INFO] Routing SW46 with D46
13:31:55: [INFO] Using internal autorouter method
13:31:55: [INFO] Routing pad 'SW46:2' at (297815000, 94932500) with pad 'D46:2' at (300355000, 102612500) using coordinate system rotated by 0 degree(s)
13:31:55: [INFO] Adding track segment (B.Cu): [(297815000, 94932500), (297815000, 100072500)]
13:31:55: [INFO] Adding track segment (B.Cu): [(297815000, 100072500), (300355000, 102612500)]
13:31:55: [INFO] Routing SW45 with D45
13:31:55: [INFO] Using internal autorouter method
13:31:55: [INFO] Routing pad 'SW45:2' at (297815000, 75882500) with pad 'D45:2' at (300355000, 83562500) using coordinate system rotated by 0 degree(s)
13:31:55: [INFO] Adding track segment (B.Cu): [(297815000, 75882500), (297815000, 81022500)]
13:31:55: [INFO] Adding track segment (B.Cu): [(297815000, 81022500), (300355000, 83562500)]
13:31:55: [INFO] Routing SW44 with D44
13:31:55: [INFO] Using internal autorouter method
13:31:55: [INFO] Routing pad 'SW44:2' at (297815000, 56832500) with pad 'D44:2' at (300355000, 64512500) using coordinate system rotated by 0 degree(s)
13:31:55: [INFO] Adding track segment (B.Cu): [(297815000, 56832500), (297815000, 61972500)]
13:31:55: [INFO] Adding track segment (B.Cu): [(297815000, 61972500), (300355000, 64512500)]
13:31:55: [INFO] Routing SW43 with D43
13:31:55: [INFO] Using internal autorouter method
13:31:55: [INFO] Routing pad 'SW43:2' at (297815000, 37782500) with pad 'D43:2' at (300355000, 45462500) using coordinate system rotated by 0 degree(s)
13:31:55: [INFO] Adding track segment (B.Cu): [(297815000, 37782500), (297815000, 42922500)]
13:31:55: [INFO] Adding track segment (B.Cu): [(297815000, 42922500), (300355000, 45462500)]
13:31:55: [INFO] Routing SW42 with D42
13:31:55: [INFO] Using internal autorouter method
13:31:55: [INFO] Routing pad 'SW42:2' at (239402745, 119431699) with pad 'D42:2' at (245442449, 124812773) using coordinate system rotated by 330.0 degree(s)
13:31:55: [INFO] Adding track segment (B.Cu): [(239402745, 119431699), (241972743, 123883068)]
13:31:55: [INFO] Adding track segment (B.Cu): [(241972743, 123883068), (245442449, 124812773)]
13:31:55: [INFO] Routing SW41 with D41
13:31:55: [INFO] Using internal autorouter method
13:31:55: [INFO] Routing pad 'SW41:2' at (278765000, 90170000) with pad 'D41:2' at (281305000, 97850000) using coordinate system rotated by 0 degree(s)
13:31:55: [INFO] Adding track segment (B.Cu): [(278765000, 90170000), (278765000, 95310000)]
13:31:55: [INFO] Adding track segment (B.Cu): [(278765000, 95310000), (281305000, 97850000)]
13:31:55: [INFO] Routing SW40 with D40
13:31:55: [INFO] Using internal autorouter method
13:31:55: [INFO] Routing pad 'SW40:2' at (278765000, 61595000) with pad 'D40:2' at (281305000, 69275000) using coordinate system rotated by 0 degree(s)
13:31:55: [INFO] Adding track segment (B.Cu): [(278765000, 61595000), (278765000, 66735000)]
13:31:55: [INFO] Adding track segment (B.Cu): [(278765000, 66735000), (281305000, 69275000)]
13:31:55: [INFO] Routing SW39 with D39
13:31:55: [INFO] Using internal autorouter method
13:31:55: [INFO] Routing pad 'SW39:2' at (278765000, 37782500) with pad 'D39:2' at (281305000, 45462500) using coordinate system rotated by 0 degree(s)
13:31:55: [INFO] Adding track segment (B.Cu): [(278765000, 37782500), (278765000, 42922500)]
13:31:55: [INFO] Adding track segment (B.Cu): [(278765000, 42922500), (281305000, 45462500)]
13:31:55: [INFO] Routing SW38 with D38
13:31:55: [INFO] Using internal autorouter method
13:31:55: [INFO] Routing pad 'SW38:2' at (212671665, 121971699) with pad 'D38:2' at (211031369, 129892773) using coordinate system rotated by 30.0 degree(s)
13:31:55: [INFO] Adding track segment (B.Cu): [(212671665, 121971699), (210101665, 126423069)]
13:31:55: [INFO] Adding track segment (B.Cu): [(210101665, 126423069), (211031369, 129892773)]
13:31:55: [INFO] Routing SW37 with D37
13:31:55: [INFO] Using internal autorouter method
13:31:55: [INFO] Routing pad 'SW37:2' at (173990000, 90170000) with pad 'D37:2' at (176530000, 97850000) using coordinate system rotated by 0 degree(s)
13:31:55: [INFO] Adding track segment (B.Cu): [(173990000, 90170000), (173990000, 95310000)]
13:31:55: [INFO] Adding track segment (B.Cu): [(173990000, 95310000), (176530000, 97850000)]
13:31:55: [INFO] Routing SW36 with D36
13:31:55: [INFO] Using internal autorouter method
13:31:55: [INFO] Routing pad 'SW36:2' at (173990000, 61595000) with pad 'D36:2' at (176530000, 69275000) using coordinate system rotated by 0 degree(s)
13:31:55: [INFO] Adding track segment (B.Cu): [(173990000, 61595000), (173990000, 66735000)]
13:31:55: [INFO] Adding track segment (B.Cu): [(173990000, 66735000), (176530000, 69275000)]
13:31:55: [INFO] Routing SW35 with D35
13:31:55: [INFO] Using internal autorouter method
13:31:55: [INFO] Routing pad 'SW35:2' at (173990000, 37782500) with pad 'D35:2' at (176530000, 45462500) using coordinate system rotated by 0 degree(s)
13:31:55: [INFO] Adding track segment (B.Cu): [(173990000, 37782500), (173990000, 42922500)]
13:31:55: [INFO] Adding track segment (B.Cu): [(173990000, 42922500), (176530000, 45462500)]
13:31:55: [INFO] Routing SW34 with D34
13:31:55: [INFO] Using internal autorouter method
13:31:55: [INFO] Routing pad 'SW34:2' at (196173881, 112446699) with pad 'D34:2' at (194533585, 120367773) using coordinate system rotated by 30.0 degree(s)
13:31:55: [INFO] Adding track segment (B.Cu): [(196173881, 112446699), (193603880, 116898070)]
13:31:55: [INFO] Adding track segment (B.Cu): [(193603880, 116898070), (194533585, 120367773)]
13:31:55: [INFO] Routing SW33 with D33
13:31:55: [INFO] Using internal autorouter method
13:31:55: [INFO] Routing pad 'SW33:2' at (154940000, 94932500) with pad 'D33:2' at (157480000, 102612500) using coordinate system rotated by 0 degree(s)
13:31:55: [INFO] Adding track segment (B.Cu): [(154940000, 94932500), (154940000, 100072500)]
13:31:55: [INFO] Adding track segment (B.Cu): [(154940000, 100072500), (157480000, 102612500)]
13:31:55: [INFO] Routing SW32 with D32
13:31:55: [INFO] Using internal autorouter method
13:31:55: [INFO] Routing pad 'SW32:2' at (154940000, 75882500) with pad 'D32:2' at (157480000, 83562500) using coordinate system rotated by 0 degree(s)
13:31:55: [INFO] Adding track segment (B.Cu): [(154940000, 75882500), (154940000, 81022500)]
13:31:55: [INFO] Adding track segment (B.Cu): [(154940000, 81022500), (157480000, 83562500)]
13:31:55: [INFO] Routing SW31 with D31
13:31:55: [INFO] Using internal autorouter method
13:31:55: [INFO] Routing pad 'SW31:2' at (154940000, 56832500) with pad 'D31:2' at (157480000, 64512500) using coordinate system rotated by 0 degree(s)
13:31:55: [INFO] Adding track segment (B.Cu): [(154940000, 56832500), (154940000, 61972500)]
13:31:55: [INFO] Adding track segment (B.Cu): [(154940000, 61972500), (157480000, 64512500)]
13:31:55: [INFO] Routing SW30 with D30
13:31:55: [INFO] Using internal autorouter method
13:31:55: [INFO] Routing pad 'SW30:2' at (154940000, 37782500) with pad 'D30:2' at (157480000, 45462500) using coordinate system rotated by 0 degree(s)
13:31:55: [INFO] Adding track segment (B.Cu): [(154940000, 37782500), (154940000, 42922500)]
13:31:55: [INFO] Adding track segment (B.Cu): [(154940000, 42922500), (157480000, 45462500)]
13:31:55: [INFO] Routing SW29 with D29
13:31:55: [INFO] Using internal autorouter method
13:31:55: [INFO] Routing pad 'SW29:2' at (203146665, 138469483) with pad 'D29:2' at (201506369, 146390557) using coordinate system rotated by 30.0 degree(s)
13:31:55: [INFO] Adding track segment (B.Cu): [(203146665, 138469483), (200576665, 142920853)]
13:31:55: [INFO] Adding track segment (B.Cu): [(200576665, 142920853), (201506369, 146390557)]
13:31:55: [INFO] Routing SW28 with D28
13:31:55: [INFO] Using internal autorouter method
13:31:55: [INFO] Routing pad 'SW28:2' at (135890000, 111601250) with pad 'D28:2' at (138430000, 119281250) using coordinate system rotated by 0 degree(s)
13:31:55: [INFO] Adding track segment (B.Cu): [(135890000, 111601250), (135890000, 116741250)]
13:31:55: [INFO] Adding track segment (B.Cu): [(135890000, 116741250), (138430000, 119281250)]
13:31:55: [INFO] Routing SW27 with D27
13:31:55: [INFO] Using internal autorouter method
13:31:55: [INFO] Routing pad 'SW27:2' at (135890000, 92551250) with pad 'D27:2' at (138430000, 100231250) using coordinate system rotated by 0 degree(s)
13:31:55: [INFO] Adding track segment (B.Cu): [(135890000, 92551250), (135890000, 97691250)]
13:31:55: [INFO] Adding track segment (B.Cu): [(135890000, 97691250), (138430000, 100231250)]
13:31:55: [INFO] Routing SW26 with D26
13:31:55: [INFO] Using internal autorouter method
13:31:55: [INFO] Routing pad 'SW26:2' at (135890000, 73501250) with pad 'D26:2' at (138430000, 81181250) using coordinate system rotated by 0 degree(s)
13:31:55: [INFO] Adding track segment (B.Cu): [(135890000, 73501250), (135890000, 78641250)]
13:31:55: [INFO] Adding track segment (B.Cu): [(135890000, 78641250), (138430000, 81181250)]
13:31:55: [INFO] Routing SW25 with D25
13:31:55: [INFO] Using internal autorouter method
13:31:55: [INFO] Routing pad 'SW25:2' at (135890000, 54451250) with pad 'D25:2' at (138430000, 62131250) using coordinate system rotated by 0 degree(s)
13:31:56: [INFO] Adding track segment (B.Cu): [(135890000, 54451250), (135890000, 59591250)]
13:31:56: [INFO] Adding track segment (B.Cu): [(135890000, 59591250), (138430000, 62131250)]
13:31:56: [INFO] Routing SW24 with D24
13:31:56: [INFO] Using internal autorouter method
13:31:56: [INFO] Routing pad 'SW24:2' at (135890000, 35401250) with pad 'D24:2' at (138430000, 43081250) using coordinate system rotated by 0 degree(s)
13:31:56: [INFO] Adding track segment (B.Cu): [(135890000, 35401250), (135890000, 40541250)]
13:31:56: [INFO] Adding track segment (B.Cu): [(135890000, 40541250), (138430000, 43081250)]
13:31:56: [INFO] Routing SW23 with D23
13:31:56: [INFO] Using internal autorouter method
13:31:56: [INFO] Routing pad 'SW23:2' at (165388597, 127668375) with pad 'D23:2' at (163748301, 135589449) using coordinate system rotated by 30.0 degree(s)
13:31:56: [INFO] Adding track segment (B.Cu): [(165388597, 127668375), (162818596, 132119744)]
13:31:56: [INFO] Adding track segment (B.Cu): [(162818596, 132119744), (163748301, 135589449)]
13:31:56: [INFO] Routing SW22 with D22
13:31:56: [INFO] Using internal autorouter method
13:31:56: [INFO] Routing pad 'SW22:2' at (116840000, 109220000) with pad 'D22:2' at (119380000, 116900000) using coordinate system rotated by 0 degree(s)
13:31:56: [INFO] Adding track segment (B.Cu): [(116840000, 109220000), (116840000, 114360000)]
13:31:56: [INFO] Adding track segment (B.Cu): [(116840000, 114360000), (119380000, 116900000)]
13:31:56: [INFO] Routing SW21 with D21
13:31:56: [INFO] Using internal autorouter method
13:31:56: [INFO] Routing pad 'SW21:2' at (116840000, 90170000) with pad 'D21:2' at (119380000, 97850000) using coordinate system rotated by 0 degree(s)
13:31:56: [INFO] Adding track segment (B.Cu): [(116840000, 90170000), (116840000, 95310000)]
13:31:56: [INFO] Adding track segment (B.Cu): [(116840000, 95310000), (119380000, 97850000)]
13:31:56: [INFO] Routing SW20 with D20
13:31:56: [INFO] Using internal autorouter method
13:31:56: [INFO] Routing pad 'SW20:2' at (116840000, 71120000) with pad 'D20:2' at (119380000, 78800000) using coordinate system rotated by 0 degree(s)
13:31:56: [INFO] Adding track segment (B.Cu): [(116840000, 71120000), (116840000, 76260000)]
13:31:56: [INFO] Adding track segment (B.Cu): [(116840000, 76260000), (119380000, 78800000)]
13:31:56: [INFO] Routing SW19 with D19
13:31:56: [INFO] Using internal autorouter method
13:31:56: [INFO] Routing pad 'SW19:2' at (116840000, 52070000) with pad 'D19:2' at (119380000, 59750000) using coordinate system rotated by 0 degree(s)
13:31:56: [INFO] Adding track segment (B.Cu): [(116840000, 52070000), (116840000, 57210000)]
13:31:56: [INFO] Adding track segment (B.Cu): [(116840000, 57210000), (119380000, 59750000)]
13:31:56: [INFO] Routing SW18 with D18
13:31:56: [INFO] Using internal autorouter method
13:31:56: [INFO] Routing pad 'SW18:2' at (116840000, 33020000) with pad 'D18:2' at (119380000, 40700000) using coordinate system rotated by 0 degree(s)
13:31:56: [INFO] Adding track segment (B.Cu): [(116840000, 33020000), (116840000, 38160000)]
13:31:56: [INFO] Adding track segment (B.Cu): [(116840000, 38160000), (119380000, 40700000)]
13:31:56: [INFO] Routing SW17 with D17
13:31:56: [INFO] Using internal autorouter method
13:31:56: [INFO] Routing pad 'SW17:2' at (181886381, 137193375) with pad 'D17:2' at (180246085, 145114449) using coordinate system rotated by 30.0 degree(s)
13:31:56: [INFO] Adding track segment (B.Cu): [(181886381, 137193375), (179316381, 141644745)]
13:31:56: [INFO] Adding track segment (B.Cu): [(179316381, 141644745), (180246085, 145114449)]
13:31:56: [INFO] Routing SW16 with D16
13:31:56: [INFO] Using internal autorouter method
13:31:56: [INFO] Routing pad 'SW16:2' at (97790000, 111601250) with pad 'D16:2' at (100330000, 119281250) using coordinate system rotated by 0 degree(s)
13:31:56: [INFO] Adding track segment (B.Cu): [(97790000, 111601250), (97790000, 116741250)]
13:31:56: [INFO] Adding track segment (B.Cu): [(97790000, 116741250), (100330000, 119281250)]
13:31:56: [INFO] Routing SW15 with D15
13:31:56: [INFO] Using internal autorouter method
13:31:56: [INFO] Routing pad 'SW15:2' at (97790000, 92551250) with pad 'D15:2' at (100330000, 100231250) using coordinate system rotated by 0 degree(s)
13:31:56: [INFO] Adding track segment (B.Cu): [(97790000, 92551250), (97790000, 97691250)]
13:31:56: [INFO] Adding track segment (B.Cu): [(97790000, 97691250), (100330000, 100231250)]
13:31:56: [INFO] Routing SW14 with D14
13:31:56: [INFO] Using internal autorouter method
13:31:56: [INFO] Routing pad 'SW14:2' at (97790000, 73501250) with pad 'D14:2' at (100330000, 81181250) using coordinate system rotated by 0 degree(s)
13:31:56: [INFO] Adding track segment (B.Cu): [(97790000, 73501250), (97790000, 78641250)]
13:31:56: [INFO] Adding track segment (B.Cu): [(97790000, 78641250), (100330000, 81181250)]
13:31:56: [INFO] Routing SW13 with D13
13:31:56: [INFO] Using internal autorouter method
13:31:56: [INFO] Routing pad 'SW13:2' at (97790000, 54451250) with pad 'D13:2' at (100330000, 62131250) using coordinate system rotated by 0 degree(s)
13:31:56: [INFO] Adding track segment (B.Cu): [(97790000, 54451250), (97790000, 59591250)]
13:31:56: [INFO] Adding track segment (B.Cu): [(97790000, 59591250), (100330000, 62131250)]
13:31:56: [INFO] Routing SW12 with D12
13:31:56: [INFO] Using internal autorouter method
13:31:56: [INFO] Routing pad 'SW12:2' at (97790000, 35401250) with pad 'D12:2' at (100330000, 43081250) using coordinate system rotated by 0 degree(s)
13:31:56: [INFO] Adding track segment (B.Cu): [(97790000, 35401250), (97790000, 40541250)]
13:31:56: [INFO] Adding track segment (B.Cu): [(97790000, 40541250), (100330000, 43081250)]
13:31:56: [INFO] Routing SW11 with D11
13:31:56: [INFO] Using internal autorouter method
13:31:56: [INFO] Routing pad 'SW11:2' at (193621665, 154967267) with pad 'D11:2' at (191981369, 162888341) using coordinate system rotated by 30.0 degree(s)
13:31:56: [INFO] Adding track segment (B.Cu): [(193621665, 154967267), (191051665, 159418637)]
13:31:56: [INFO] Adding track segment (B.Cu): [(191051665, 159418637), (191981369, 162888341)]
13:31:56: [INFO] Routing SW10 with D10
13:31:56: [INFO] Using internal autorouter method
13:31:56: [INFO] Routing pad 'SW10:2' at (78740000, 116363750) with pad 'D10:2' at (81280000, 124043750) using coordinate system rotated by 0 degree(s)
13:31:56: [INFO] Adding track segment (B.Cu): [(78740000, 116363750), (78740000, 121503750)]
13:31:56: [INFO] Adding track segment (B.Cu): [(78740000, 121503750), (81280000, 124043750)]
13:31:56: [INFO] Routing SW9 with D9
13:31:56: [INFO] Using internal autorouter method
13:31:56: [INFO] Routing pad 'SW9:2' at (78740000, 97313750) with pad 'D9:2' at (81280000, 104993750) using coordinate system rotated by 0 degree(s)
13:31:56: [INFO] Adding track segment (B.Cu): [(78740000, 97313750), (78740000, 102453750)]
13:31:56: [INFO] Adding track segment (B.Cu): [(78740000, 102453750), (81280000, 104993750)]
13:31:56: [INFO] Routing SW8 with D8
13:31:56: [INFO] Using internal autorouter method
13:31:56: [INFO] Routing pad 'SW8:2' at (78740000, 78263750) with pad 'D8:2' at (81280000, 85943750) using coordinate system rotated by 0 degree(s)
13:31:56: [INFO] Adding track segment (B.Cu): [(78740000, 78263750), (78740000, 83403750)]
13:31:56: [INFO] Adding track segment (B.Cu): [(78740000, 83403750), (81280000, 85943750)]
13:31:56: [INFO] Routing SW7 with D7
13:31:56: [INFO] Using internal autorouter method
13:31:56: [INFO] Routing pad 'SW7:2' at (78740000, 59213750) with pad 'D7:2' at (81280000, 66893750) using coordinate system rotated by 0 degree(s)
13:31:56: [INFO] Adding track segment (B.Cu): [(78740000, 59213750), (78740000, 64353750)]
13:31:56: [INFO] Adding track segment (B.Cu): [(78740000, 64353750), (81280000, 66893750)]
13:31:56: [INFO] Routing SW6 with D6
13:31:56: [INFO] Using internal autorouter method
13:31:56: [INFO] Routing pad 'SW6:2' at (78740000, 40163750) with pad 'D6:2' at (81280000, 47843750) using coordinate system rotated by 0 degree(s)
13:31:56: [INFO] Adding track segment (B.Cu): [(78740000, 40163750), (78740000, 45303750)]
13:31:56: [INFO] Adding track segment (B.Cu): [(78740000, 45303750), (81280000, 47843750)]
13:31:56: [INFO] Routing SW5 with D5
13:31:56: [INFO] Using internal autorouter method
13:31:56: [INFO] Routing pad 'SW5:2' at (59690000, 116363750) with pad 'D5:2' at (62230000, 124043750) using coordinate system rotated by 0 degree(s)
13:31:56: [INFO] Adding track segment (B.Cu): [(59690000, 116363750), (59690000, 121503750)]
13:31:56: [INFO] Adding track segment (B.Cu): [(59690000, 121503750), (62230000, 124043750)]
13:31:56: [INFO] Routing SW4 with D4
13:31:56: [INFO] Using internal autorouter method
13:31:56: [INFO] Routing pad 'SW4:2' at (54927500, 97313750) with pad 'D4:2' at (57467500, 104993750) using coordinate system rotated by 0 degree(s)
13:31:56: [INFO] Adding track segment (B.Cu): [(54927500, 97313750), (54927500, 102453750)]
13:31:56: [INFO] Adding track segment (B.Cu): [(54927500, 102453750), (57467500, 104993750)]
13:31:56: [INFO] Routing SW3 with D3
13:31:56: [INFO] Using internal autorouter method
13:31:56: [INFO] Routing pad 'SW3:2' at (54927500, 78263750) with pad 'D3:2' at (57467500, 85943750) using coordinate system rotated by 0 degree(s)
13:31:56: [INFO] Adding track segment (B.Cu): [(54927500, 78263750), (54927500, 83403750)]
13:31:56: [INFO] Adding track segment (B.Cu): [(54927500, 83403750), (57467500, 85943750)]
13:31:56: [INFO] Routing SW2 with D2
13:31:56: [INFO] Using internal autorouter method
13:31:56: [INFO] Routing pad 'SW2:2' at (54927500, 59213750) with pad 'D2:2' at (57467500, 66893750) using coordinate system rotated by 0 degree(s)
13:31:56: [INFO] Adding track segment (B.Cu): [(54927500, 59213750), (54927500, 64353750)]
13:31:56: [INFO] Adding track segment (B.Cu): [(54927500, 64353750), (57467500, 66893750)]
13:31:56: [INFO] Routing SW1 with D1
13:31:56: [INFO] Using internal autorouter method
13:31:56: [INFO] Routing pad 'SW1:2' at (54927500, 40163750) with pad 'D1:2' at (57467500, 47843750) using coordinate system rotated by 0 degree(s)
13:31:56: [INFO] Adding track segment (B.Cu): [(54927500, 40163750), (54927500, 45303750)]
13:31:56: [INFO] Adding track segment (B.Cu): [(54927500, 45303750), (57467500, 47843750)]
13:31:56: [INFO] Routing ROW12 pads
13:31:56: [INFO] Routing pad 'D67:1' at (376555000, 69693750) with pad 'D66:1' at (376555000, 50643750) using coordinate system rotated by 0 degree(s)
13:31:56: [INFO] Adding track segment (B.Cu): [(376555000, 69693750), (376555000, 50643750)]
13:31:56: [INFO] Could not add track segment due to detected collision
13:31:56: [INFO] Routing pad 'D68:1' at (376555000, 88743750) with pad 'D67:1' at (376555000, 69693750) using coordinate system rotated by 0 degree(s)
13:31:56: [INFO] Adding track segment (B.Cu): [(376555000, 88743750), (376555000, 69693750)]
13:31:56: [INFO] Could not add track segment due to detected collision
13:31:56: [INFO] Routing pad 'D69:1' at (376555000, 107793750) with pad 'D68:1' at (376555000, 88743750) using coordinate system rotated by 0 degree(s)
13:31:56: [INFO] Adding track segment (B.Cu): [(376555000, 107793750), (376555000, 88743750)]
13:31:56: [INFO] Could not add track segment due to detected collision
13:31:56: [INFO] Routing pad 'D70:1' at (376555000, 126843750) with pad 'D69:1' at (376555000, 107793750) using coordinate system rotated by 0 degree(s)
13:31:56: [INFO] Adding track segment (B.Cu): [(376555000, 126843750), (376555000, 107793750)]
13:31:56: [INFO] Could not add track segment due to detected collision
13:31:56: [WARNING] Could not route pads when parent footprints not rotated the same, footprint1: D71 at 120.0 degree(s) and footprint2: D70 at 90.0 degree(s)
13:31:56: [INFO] Routing COL4 pads
13:31:56: [INFO] Routing pad 'SW5:1' at (53340000, 118903750) with pad 'SW10:1' at (72390000, 118903750) using coordinate system rotated by 0 degree(s)
13:31:56: [INFO] Adding track segment (F.Cu): [(53340000, 118903750), (72390000, 118903750)]
13:31:56: [INFO] Routing pad 'SW10:1' at (72390000, 118903750) with pad 'SW16:1' at (91440000, 114141250) using coordinate system rotated by 0 degree(s)
13:31:56: [INFO] Adding track segment (F.Cu): [(72390000, 118903750), (77152500, 114141250)]
13:31:56: [INFO] Adding track segment (F.Cu): [(77152500, 114141250), (91440000, 114141250)]
13:31:56: [INFO] Routing pad 'SW16:1' at (91440000, 114141250) with pad 'SW22:1' at (110490000, 111760000) using coordinate system rotated by 0 degree(s)
13:31:56: [INFO] Routing pad 'SW22:1' at (110490000, 111760000) with pad 'SW28:1' at (129540000, 114141250) using coordinate system rotated by 0 degree(s)
13:31:56: [INFO] Adding track segment (F.Cu): [(110490000, 111760000), (127158750, 111760000)]
13:31:56: [INFO] Adding track segment (F.Cu): [(127158750, 111760000), (129540000, 114141250)]
13:31:56: [INFO] Routing pad 'SW28:1' at (129540000, 114141250) with pad 'SW52:1' at (310515000, 114141250) using coordinate system rotated by 0 degree(s)
13:31:56: [INFO] Adding track segment (F.Cu): [(129540000, 114141250), (310515000, 114141250)]
13:31:56: [INFO] Could not add track segment due to detected collision
13:31:56: [INFO] Routing pad 'SW52:1' at (310515000, 114141250) with pad 'SW58:1' at (329565000, 111760000) using coordinate system rotated by 0 degree(s)
13:31:56: [INFO] Routing pad 'SW58:1' at (329565000, 111760000) with pad 'SW64:1' at (348615000, 114141250) using coordinate system rotated by 0 degree(s)
13:31:56: [INFO] Adding track segment (F.Cu): [(329565000, 111760000), (346233750, 111760000)]
13:31:56: [INFO] Adding track segment (F.Cu): [(346233750, 111760000), (348615000, 114141250)]
13:31:56: [INFO] Routing pad 'SW64:1' at (348615000, 114141250) with pad 'SW70:1' at (367665000, 118903750) using coordinate system rotated by 0 degree(s)
13:31:56: [INFO] Adding track segment (F.Cu): [(348615000, 114141250), (362902500, 114141250)]
13:31:56: [INFO] Adding track segment (F.Cu): [(362902500, 114141250), (367665000, 118903750)]
13:31:56: [INFO] Routing pad 'SW70:1' at (367665000, 118903750) with pad 'SW76:1' at (386715000, 118903750) using coordinate system rotated by 0 degree(s)
13:31:56: [INFO] Adding track segment (F.Cu): [(367665000, 118903750), (386715000, 118903750)]
13:31:56: [INFO] Routing ROW11 pads
13:31:56: [INFO] Routing pad 'D61:1' at (357505000, 64931250) with pad 'D60:1' at (357505000, 45881250) using coordinate system rotated by 0 degree(s)
13:31:56: [INFO] Adding track segment (B.Cu): [(357505000, 64931250), (357505000, 45881250)]
13:31:56: [INFO] Could not add track segment due to detected collision
13:31:56: [INFO] Routing pad 'D62:1' at (357505000, 83981250) with pad 'D61:1' at (357505000, 64931250) using coordinate system rotated by 0 degree(s)
13:31:56: [INFO] Adding track segment (B.Cu): [(357505000, 83981250), (357505000, 64931250)]
13:31:56: [INFO] Could not add track segment due to detected collision
13:31:56: [INFO] Routing pad 'D63:1' at (357505000, 103031250) with pad 'D62:1' at (357505000, 83981250) using coordinate system rotated by 0 degree(s)
13:31:56: [INFO] Adding track segment (B.Cu): [(357505000, 103031250), (357505000, 83981250)]
13:31:56: [INFO] Could not add track segment due to detected collision
13:31:56: [INFO] Routing pad 'D64:1' at (357505000, 122081250) with pad 'D63:1' at (357505000, 103031250) using coordinate system rotated by 0 degree(s)
13:31:56: [INFO] Adding track segment (B.Cu): [(357505000, 122081250), (357505000, 103031250)]
13:31:56: [INFO] Could not add track segment due to detected collision
13:31:56: [WARNING] Could not route pads when parent footprints not rotated the same, footprint1: D65 at 120.0 degree(s) and footprint2: D64 at 90.0 degree(s)
13:31:56: [INFO] Routing ROW13 pads
13:31:56: [INFO] Routing pad 'D73:1' at (400367500, 69693750) with pad 'D72:1' at (400367500, 50643750) using coordinate system rotated by 0 degree(s)
13:31:56: [INFO] Adding track segment (B.Cu): [(400367500, 69693750), (400367500, 50643750)]
13:31:56: [INFO] Could not add track segment due to detected collision
13:31:56: [INFO] Routing pad 'D74:1' at (400367500, 88743750) with pad 'D73:1' at (400367500, 69693750) using coordinate system rotated by 0 degree(s)
13:31:56: [INFO] Adding track segment (B.Cu): [(400367500, 88743750), (400367500, 69693750)]
13:31:56: [INFO] Could not add track segment due to detected collision
13:31:56: [INFO] Routing pad 'D75:1' at (400367500, 107793750) with pad 'D74:1' at (400367500, 88743750) using coordinate system rotated by 0 degree(s)
13:31:56: [INFO] Adding track segment (B.Cu): [(400367500, 107793750), (400367500, 88743750)]
13:31:56: [INFO] Could not add track segment due to detected collision
13:31:56: [INFO] Routing pad 'D76:1' at (395605000, 126843750) with pad 'D75:1' at (400367500, 107793750) using coordinate system rotated by 0 degree(s)
13:31:56: [INFO] Adding track segment (B.Cu): [(395605000, 126843750), (400367500, 122081250)]
13:31:56: [INFO] Adding track segment (B.Cu): [(400367500, 122081250), (400367500, 107793750)]
13:31:56: [INFO] Routing COL1 pads
13:31:56: [INFO] Routing pad 'SW2:1' at (48577500, 61753750) with pad 'SW7:1' at (72390000, 61753750) using coordinate system rotated by 0 degree(s)
13:31:56: [INFO] Adding track segment (F.Cu): [(48577500, 61753750), (72390000, 61753750)]
13:31:56: [INFO] Routing pad 'SW7:1' at (72390000, 61753750) with pad 'SW13:1' at (91440000, 56991250) using coordinate system rotated by 0 degree(s)
13:31:56: [INFO] Adding track segment (F.Cu): [(72390000, 61753750), (77152500, 56991250)]
13:31:56: [INFO] Adding track segment (F.Cu): [(77152500, 56991250), (91440000, 56991250)]
13:31:56: [INFO] Routing pad 'SW13:1' at (91440000, 56991250) with pad 'SW19:1' at (110490000, 54610000) using coordinate system rotated by 0 degree(s)
13:31:56: [INFO] Routing pad 'SW19:1' at (110490000, 54610000) with pad 'SW25:1' at (129540000, 56991250) using coordinate system rotated by 0 degree(s)
13:31:56: [INFO] Adding track segment (F.Cu): [(110490000, 54610000), (127158750, 54610000)]
13:31:56: [INFO] Adding track segment (F.Cu): [(127158750, 54610000), (129540000, 56991250)]
13:31:56: [INFO] Routing pad 'SW25:1' at (129540000, 56991250) with pad 'SW31:1' at (148590000, 59372500) using coordinate system rotated by 0 degree(s)
13:31:56: [INFO] Adding track segment (F.Cu): [(129540000, 56991250), (146208750, 56991250)]
13:31:56: [INFO] Adding track segment (F.Cu): [(146208750, 56991250), (148590000, 59372500)]
13:31:56: [INFO] Routing pad 'SW31:1' at (148590000, 59372500) with pad 'SW36:1' at (167640000, 64135000) using coordinate system rotated by 0 degree(s)
13:31:56: [INFO] Adding track segment (F.Cu): [(148590000, 59372500), (162877500, 59372500)]
13:31:56: [INFO] Adding track segment (F.Cu): [(162877500, 59372500), (167640000, 64135000)]
13:31:56: [INFO] Routing pad 'SW36:1' at (167640000, 64135000) with pad 'SW40:1' at (272415000, 64135000) using coordinate system rotated by 0 degree(s)
13:31:56: [INFO] Adding track segment (F.Cu): [(167640000, 64135000), (272415000, 64135000)]
13:31:56: [INFO] Routing pad 'SW40:1' at (272415000, 64135000) with pad 'SW44:1' at (291465000, 59372500) using coordinate system rotated by 0 degree(s)
13:31:57: [INFO] Adding track segment (F.Cu): [(272415000, 64135000), (277177500, 59372500)]
13:31:57: [INFO] Adding track segment (F.Cu): [(277177500, 59372500), (291465000, 59372500)]
13:31:57: [INFO] Routing pad 'SW44:1' at (291465000, 59372500) with pad 'SW49:1' at (310515000, 56991250) using coordinate system rotated by 0 degree(s)
13:31:57: [INFO] Routing pad 'SW49:1' at (310515000, 56991250) with pad 'SW55:1' at (329565000, 54610000) using coordinate system rotated by 0 degree(s)
13:31:57: [INFO] Routing pad 'SW55:1' at (329565000, 54610000) with pad 'SW61:1' at (348615000, 56991250) using coordinate system rotated by 0 degree(s)
13:31:57: [INFO] Adding track segment (F.Cu): [(329565000, 54610000), (346233750, 54610000)]
13:31:57: [INFO] Adding track segment (F.Cu): [(346233750, 54610000), (348615000, 56991250)]
13:31:57: [INFO] Routing pad 'SW61:1' at (348615000, 56991250) with pad 'SW67:1' at (367665000, 61753750) using coordinate system rotated by 0 degree(s)
13:31:57: [INFO] Adding track segment (F.Cu): [(348615000, 56991250), (362902500, 56991250)]
13:31:57: [INFO] Adding track segment (F.Cu): [(362902500, 56991250), (367665000, 61753750)]
13:31:57: [INFO] Routing pad 'SW67:1' at (367665000, 61753750) with pad 'SW73:1' at (391477500, 61753750) using coordinate system rotated by 0 degree(s)
13:31:57: [INFO] Adding track segment (F.Cu): [(367665000, 61753750), (391477500, 61753750)]
13:31:57: [INFO] Routing ROW10 pads
13:31:57: [INFO] Routing pad 'D55:1' at (338455000, 62550000) with pad 'D54:1' at (338455000, 43500000) using coordinate system rotated by 0 degree(s)
13:31:57: [INFO] Adding track segment (B.Cu): [(338455000, 62550000), (338455000, 43500000)]
13:31:57: [INFO] Could not add track segment due to detected collision
13:31:57: [INFO] Routing pad 'D56:1' at (338455000, 81600000) with pad 'D55:1' at (338455000, 62550000) using coordinate system rotated by 0 degree(s)
13:31:57: [INFO] Adding track segment (B.Cu): [(338455000, 81600000), (338455000, 62550000)]
13:31:57: [INFO] Could not add track segment due to detected collision
13:31:57: [INFO] Routing pad 'D57:1' at (338455000, 100650000) with pad 'D56:1' at (338455000, 81600000) using coordinate system rotated by 0 degree(s)
13:31:57: [INFO] Adding track segment (B.Cu): [(338455000, 100650000), (338455000, 81600000)]
13:31:57: [INFO] Could not add track segment due to detected collision
13:31:57: [INFO] Routing pad 'D58:1' at (338455000, 119700000) with pad 'D57:1' at (338455000, 100650000) using coordinate system rotated by 0 degree(s)
13:31:57: [INFO] Adding track segment (B.Cu): [(338455000, 119700000), (338455000, 100650000)]
13:31:57: [INFO] Could not add track segment due to detected collision
13:31:57: [WARNING] Could not route pads when parent footprints not rotated the same, footprint1: D59 at 120.0 degree(s) and footprint2: D58 at 90.0 degree(s)
13:31:57: [INFO] Routing ROW2 pads
13:31:57: [INFO] Routing pad 'D12:1' at (100330000, 45881250) with pad 'D13:1' at (100330000, 64931250) using coordinate system rotated by 0 degree(s)
13:31:57: [INFO] Adding track segment (B.Cu): [(100330000, 45881250), (100330000, 64931250)]
13:31:57: [INFO] Could not add track segment due to detected collision
13:31:57: [INFO] Routing pad 'D13:1' at (100330000, 64931250) with pad 'D14:1' at (100330000, 83981250) using coordinate system rotated by 0 degree(s)
13:31:57: [INFO] Adding track segment (B.Cu): [(100330000, 64931250), (100330000, 83981250)]
13:31:57: [INFO] Could not add track segment due to detected collision
13:31:57: [INFO] Routing pad 'D14:1' at (100330000, 83981250) with pad 'D15:1' at (100330000, 103031250) using coordinate system rotated by 0 degree(s)
13:31:57: [INFO] Adding track segment (B.Cu): [(100330000, 83981250), (100330000, 103031250)]
13:31:57: [INFO] Could not add track segment due to detected collision
13:31:57: [INFO] Routing pad 'D15:1' at (100330000, 103031250) with pad 'D16:1' at (100330000, 122081250) using coordinate system rotated by 0 degree(s)
13:31:57: [INFO] Adding track segment (B.Cu): [(100330000, 103031250), (100330000, 122081250)]
13:31:57: [INFO] Could not add track segment due to detected collision
13:31:57: [WARNING] Could not route pads when parent footprints not rotated the same, footprint1: D16 at 90.0 degree(s) and footprint2: D17 at 60.0 degree(s)
13:31:57: [INFO] Routing COL0 pads
13:31:57: [INFO] Routing pad 'SW1:1' at (48577500, 42703750) with pad 'SW6:1' at (72390000, 42703750) using coordinate system rotated by 0 degree(s)
13:31:57: [INFO] Adding track segment (F.Cu): [(48577500, 42703750), (72390000, 42703750)]
13:31:57: [INFO] Routing pad 'SW6:1' at (72390000, 42703750) with pad 'SW12:1' at (91440000, 37941250) using coordinate system rotated by 0 degree(s)
13:31:57: [INFO] Adding track segment (F.Cu): [(72390000, 42703750), (77152500, 37941250)]
13:31:57: [INFO] Adding track segment (F.Cu): [(77152500, 37941250), (91440000, 37941250)]
13:31:57: [INFO] Routing pad 'SW12:1' at (91440000, 37941250) with pad 'SW18:1' at (110490000, 35560000) using coordinate system rotated by 0 degree(s)
13:31:57: [INFO] Routing pad 'SW18:1' at (110490000, 35560000) with pad 'SW24:1' at (129540000, 37941250) using coordinate system rotated by 0 degree(s)
13:31:57: [INFO] Adding track segment (F.Cu): [(110490000, 35560000), (127158750, 35560000)]
13:31:57: [INFO] Adding track segment (F.Cu): [(127158750, 35560000), (129540000, 37941250)]
13:31:57: [INFO] Routing pad 'SW24:1' at (129540000, 37941250) with pad 'SW30:1' at (148590000, 40322500) using coordinate system rotated by 0 degree(s)
13:31:57: [INFO] Adding track segment (F.Cu): [(129540000, 37941250), (146208750, 37941250)]
13:31:57: [INFO] Adding track segment (F.Cu): [(146208750, 37941250), (148590000, 40322500)]
13:31:57: [INFO] Routing pad 'SW30:1' at (148590000, 40322500) with pad 'SW35:1' at (167640000, 40322500) using coordinate system rotated by 0 degree(s)
13:31:57: [INFO] Adding track segment (F.Cu): [(148590000, 40322500), (167640000, 40322500)]
13:31:57: [INFO] Routing pad 'SW35:1' at (167640000, 40322500) with pad 'SW39:1' at (272415000, 40322500) using coordinate system rotated by 0 degree(s)
13:31:57: [INFO] Adding track segment (F.Cu): [(167640000, 40322500), (272415000, 40322500)]
13:31:57: [INFO] Routing pad 'SW39:1' at (272415000, 40322500) with pad 'SW43:1' at (291465000, 40322500) using coordinate system rotated by 0 degree(s)
13:31:57: [INFO] Adding track segment (F.Cu): [(272415000, 40322500), (291465000, 40322500)]
13:31:57: [INFO] Routing pad 'SW43:1' at (291465000, 40322500) with pad 'SW48:1' at (310515000, 37941250) using coordinate system rotated by 0 degree(s)
13:31:57: [INFO] Routing pad 'SW48:1' at (310515000, 37941250) with pad 'SW54:1' at (329565000, 35560000) using coordinate system rotated by 0 degree(s)
13:31:57: [INFO] Routing pad 'SW54:1' at (329565000, 35560000) with pad 'SW60:1' at (348615000, 37941250) using coordinate system rotated by 0 degree(s)
13:31:57: [INFO] Adding track segment (F.Cu): [(329565000, 35560000), (346233750, 35560000)]
13:31:57: [INFO] Adding track segment (F.Cu): [(346233750, 35560000), (348615000, 37941250)]
13:31:57: [INFO] Routing pad 'SW60:1' at (348615000, 37941250) with pad 'SW66:1' at (367665000, 42703750) using coordinate system rotated by 0 degree(s)
13:31:57: [INFO] Adding track segment (F.Cu): [(348615000, 37941250), (362902500, 37941250)]
13:31:57: [INFO] Adding track segment (F.Cu): [(362902500, 37941250), (367665000, 42703750)]
13:31:57: [INFO] Routing pad 'SW66:1' at (367665000, 42703750) with pad 'SW72:1' at (391477500, 42703750) using coordinate system rotated by 0 degree(s)
13:31:57: [INFO] Adding track segment (F.Cu): [(367665000, 42703750), (391477500, 42703750)]
13:31:57: [INFO] Routing ROW8 pads
13:31:57: [INFO] Routing pad 'D44:1' at (300355000, 67312500) with pad 'D43:1' at (300355000, 48262500) using coordinate system rotated by 0 degree(s)
13:31:57: [INFO] Adding track segment (B.Cu): [(300355000, 67312500), (300355000, 48262500)]
13:31:57: [INFO] Could not add track segment due to detected collision
13:31:57: [INFO] Routing pad 'D45:1' at (300355000, 86362500) with pad 'D44:1' at (300355000, 67312500) using coordinate system rotated by 0 degree(s)
13:31:57: [INFO] Adding track segment (B.Cu): [(300355000, 86362500), (300355000, 67312500)]
13:31:57: [INFO] Could not add track segment due to detected collision
13:31:57: [INFO] Routing pad 'D46:1' at (300355000, 105412500) with pad 'D45:1' at (300355000, 86362500) using coordinate system rotated by 0 degree(s)
13:31:57: [INFO] Adding track segment (B.Cu): [(300355000, 105412500), (300355000, 86362500)]
13:31:57: [INFO] Could not add track segment due to detected collision
13:31:57: [WARNING] Could not route pads when parent footprints not rotated the same, footprint1: D47 at 120.0 degree(s) and footprint2: D46 at 90.0 degree(s)
13:31:57: [INFO] Routing COL3 pads
13:31:57: [INFO] Routing pad 'SW4:1' at (48577500, 99853750) with pad 'SW9:1' at (72390000, 99853750) using coordinate system rotated by 0 degree(s)
13:31:57: [INFO] Adding track segment (F.Cu): [(48577500, 99853750), (72390000, 99853750)]
13:31:57: [INFO] Routing pad 'SW9:1' at (72390000, 99853750) with pad 'SW15:1' at (91440000, 95091250) using coordinate system rotated by 0 degree(s)
13:31:57: [INFO] Adding track segment (F.Cu): [(72390000, 99853750), (77152500, 95091250)]
13:31:57: [INFO] Adding track segment (F.Cu): [(77152500, 95091250), (91440000, 95091250)]
13:31:57: [INFO] Routing pad 'SW15:1' at (91440000, 95091250) with pad 'SW21:1' at (110490000, 92710000) using coordinate system rotated by 0 degree(s)
13:31:57: [INFO] Routing pad 'SW21:1' at (110490000, 92710000) with pad 'SW27:1' at (129540000, 95091250) using coordinate system rotated by 0 degree(s)
13:31:57: [INFO] Adding track segment (F.Cu): [(110490000, 92710000), (127158750, 92710000)]
13:31:57: [INFO] Adding track segment (F.Cu): [(127158750, 92710000), (129540000, 95091250)]
13:31:57: [INFO] Routing pad 'SW27:1' at (129540000, 95091250) with pad 'SW33:1' at (148590000, 97472500) using coordinate system rotated by 0 degree(s)
13:31:57: [INFO] Adding track segment (F.Cu): [(129540000, 95091250), (146208750, 95091250)]
13:31:57: [INFO] Adding track segment (F.Cu): [(146208750, 95091250), (148590000, 97472500)]
13:31:57: [INFO] Routing pad 'SW33:1' at (148590000, 97472500) with pad 'SW37:1' at (167640000, 92710000) using coordinate system rotated by 0 degree(s)
13:31:57: [INFO] Adding track segment (F.Cu): [(148590000, 97472500), (153352500, 92710000)]
13:31:57: [INFO] Adding track segment (F.Cu): [(153352500, 92710000), (167640000, 92710000)]
13:31:57: [INFO] Routing pad 'SW37:1' at (167640000, 92710000) with pad 'SW41:1' at (272415000, 92710000) using coordinate system rotated by 0 degree(s)
13:31:57: [INFO] Adding track segment (F.Cu): [(167640000, 92710000), (272415000, 92710000)]
13:31:57: [INFO] Routing pad 'SW41:1' at (272415000, 92710000) with pad 'SW46:1' at (291465000, 97472500) using coordinate system rotated by 0 degree(s)
13:31:57: [INFO] Adding track segment (F.Cu): [(272415000, 92710000), (286702500, 92710000)]
13:31:57: [INFO] Adding track segment (F.Cu): [(286702500, 92710000), (291465000, 97472500)]
13:31:57: [INFO] Routing pad 'SW46:1' at (291465000, 97472500) with pad 'SW51:1' at (310515000, 95091250) using coordinate system rotated by 0 degree(s)
13:31:57: [INFO] Routing pad 'SW51:1' at (310515000, 95091250) with pad 'SW57:1' at (329565000, 92710000) using coordinate system rotated by 0 degree(s)
13:31:57: [INFO] Routing pad 'SW57:1' at (329565000, 92710000) with pad 'SW63:1' at (348615000, 95091250) using coordinate system rotated by 0 degree(s)
13:31:57: [INFO] Adding track segment (F.Cu): [(329565000, 92710000), (346233750, 92710000)]
13:31:57: [INFO] Adding track segment (F.Cu): [(346233750, 92710000), (348615000, 95091250)]
13:31:57: [INFO] Routing pad 'SW63:1' at (348615000, 95091250) with pad 'SW69:1' at (367665000, 99853750) using coordinate system rotated by 0 degree(s)
13:31:57: [INFO] Adding track segment (F.Cu): [(348615000, 95091250), (362902500, 95091250)]
13:31:57: [INFO] Adding track segment (F.Cu): [(362902500, 95091250), (367665000, 99853750)]
13:31:57: [INFO] Routing pad 'SW69:1' at (367665000, 99853750) with pad 'SW75:1' at (391477500, 99853750) using coordinate system rotated by 0 degree(s)
13:31:57: [INFO] Adding track segment (F.Cu): [(367665000, 99853750), (391477500, 99853750)]
13:31:57: [INFO] Routing ROW6 pads
13:31:57: [INFO] Routing pad 'D35:1' at (176530000, 48262500) with pad 'D36:1' at (176530000, 72075000) using coordinate system rotated by 0 degree(s)
13:31:57: [INFO] Adding track segment (B.Cu): [(176530000, 48262500), (176530000, 72075000)]
13:31:57: [INFO] Could not add track segment due to detected collision
13:31:57: [INFO] Routing pad 'D36:1' at (176530000, 72075000) with pad 'D37:1' at (176530000, 100650000) using coordinate system rotated by 0 degree(s)
13:31:57: [INFO] Adding track segment (B.Cu): [(176530000, 72075000), (176530000, 100650000)]
13:31:57: [INFO] Could not add track segment due to detected collision
13:31:57: [WARNING] Could not route pads when parent footprints not rotated the same, footprint1: D37 at 90.0 degree(s) and footprint2: D38 at 60.0 degree(s)
13:31:57: [INFO] Routing COL2 pads
13:31:57: [INFO] Routing pad 'SW3:1' at (48577500, 80803750) with pad 'SW8:1' at (72390000, 80803750) using coordinate system rotated by 0 degree(s)
13:31:57: [INFO] Adding track segment (F.Cu): [(48577500, 80803750), (72390000, 80803750)]
13:31:57: [INFO] Routing pad 'SW8:1' at (72390000, 80803750) with pad 'SW14:1' at (91440000, 76041250) using coordinate system rotated by 0 degree(s)
13:31:57: [INFO] Adding track segment (F.Cu): [(72390000, 80803750), (77152500, 76041250)]
13:31:57: [INFO] Adding track segment (F.Cu): [(77152500, 76041250), (91440000, 76041250)]
13:31:57: [INFO] Routing pad 'SW14:1' at (91440000, 76041250) with pad 'SW20:1' at (110490000, 73660000) using coordinate system rotated by 0 degree(s)
13:31:57: [INFO] Routing pad 'SW20:1' at (110490000, 73660000) with pad 'SW26:1' at (129540000, 76041250) using coordinate system rotated by 0 degree(s)
13:31:57: [INFO] Adding track segment (F.Cu): [(110490000, 73660000), (127158750, 73660000)]
13:31:57: [INFO] Adding track segment (F.Cu): [(127158750, 73660000), (129540000, 76041250)]
13:31:57: [INFO] Routing pad 'SW26:1' at (129540000, 76041250) with pad 'SW32:1' at (148590000, 78422500) using coordinate system rotated by 0 degree(s)
13:31:57: [INFO] Adding track segment (F.Cu): [(129540000, 76041250), (146208750, 76041250)]
13:31:57: [INFO] Adding track segment (F.Cu): [(146208750, 76041250), (148590000, 78422500)]
13:31:57: [INFO] Routing pad 'SW32:1' at (148590000, 78422500) with pad 'SW45:1' at (291465000, 78422500) using coordinate system rotated by 0 degree(s)
13:31:57: [INFO] Adding track segment (F.Cu): [(148590000, 78422500), (291465000, 78422500)]
13:31:57: [INFO] Routing pad 'SW45:1' at (291465000, 78422500) with pad 'SW50:1' at (310515000, 76041250) using coordinate system rotated by 0 degree(s)
13:31:57: [INFO] Routing pad 'SW50:1' at (310515000, 76041250) with pad 'SW56:1' at (329565000, 73660000) using coordinate system rotated by 0 degree(s)
13:31:57: [INFO] Routing pad 'SW56:1' at (329565000, 73660000) with pad 'SW62:1' at (348615000, 76041250) using coordinate system rotated by 0 degree(s)
13:31:57: [INFO] Adding track segment (F.Cu): [(329565000, 73660000), (346233750, 73660000)]
13:31:57: [INFO] Adding track segment (F.Cu): [(346233750, 73660000), (348615000, 76041250)]
13:31:57: [INFO] Routing pad 'SW62:1' at (348615000, 76041250) with pad 'SW68:1' at (367665000, 80803750) using coordinate system rotated by 0 degree(s)
13:31:57: [INFO] Adding track segment (F.Cu): [(348615000, 76041250), (362902500, 76041250)]
13:31:57: [INFO] Adding track segment (F.Cu): [(362902500, 76041250), (367665000, 80803750)]
13:31:57: [INFO] Routing pad 'SW68:1' at (367665000, 80803750) with pad 'SW74:1' at (391477500, 80803750) using coordinate system rotated by 0 degree(s)
13:31:57: [INFO] Adding track segment (F.Cu): [(367665000, 80803750), (391477500, 80803750)]
13:31:57: [INFO] Routing ROW4 pads
13:31:57: [INFO] Routing pad 'D24:1' at (138430000, 45881250) with pad 'D25:1' at (138430000, 64931250) using coordinate system rotated by 0 degree(s)
13:31:57: [INFO] Adding track segment (B.Cu): [(138430000, 45881250), (138430000, 64931250)]
13:31:57: [INFO] Could not add track segment due to detected collision
13:31:57: [INFO] Routing pad 'D25:1' at (138430000, 64931250) with pad 'D26:1' at (138430000, 83981250) using coordinate system rotated by 0 degree(s)
13:31:57: [INFO] Adding track segment (B.Cu): [(138430000, 64931250), (138430000, 83981250)]
13:31:57: [INFO] Could not add track segment due to detected collision
13:31:57: [INFO] Routing pad 'D26:1' at (138430000, 83981250) with pad 'D27:1' at (138430000, 103031250) using coordinate system rotated by 0 degree(s)
13:31:57: [INFO] Adding track segment (B.Cu): [(138430000, 83981250), (138430000, 103031250)]
13:31:57: [INFO] Could not add track segment due to detected collision
13:31:57: [INFO] Routing pad 'D27:1' at (138430000, 103031250) with pad 'D28:1' at (138430000, 122081250) using coordinate system rotated by 0 degree(s)
13:31:57: [INFO] Adding track segment (B.Cu): [(138430000, 103031250), (138430000, 122081250)]
13:31:57: [INFO] Could not add track segment due to detected collision
13:31:57: [WARNING] Could not route pads when parent footprints not rotated the same, footprint1: D28 at 90.0 degree(s) and footprint2: D29 at 60.0 degree(s)
13:31:57: [INFO] Routing COL5 pads
13:31:57: [INFO] Routing pad 'SW23:1' at (158619335, 126693079) with pad 'SW17:1' at (175117119, 136218079) using coordinate system rotated by 30.0 degree(s)
13:31:57: [INFO] Adding track segment (F.Cu): [(158619335, 126693079), (175117119, 136218078)]
13:31:57: [INFO] Adding track segment (F.Cu): [(175117119, 136218078), (175117119, 136218079)]
13:31:57: [INFO] Routing pad 'SW17:1' at (175117119, 136218079) with pad 'SW11:1' at (186852403, 153991971) using coordinate system rotated by 30.0 degree(s)
13:31:57: [INFO] Adding track segment (F.Cu): [(175117119, 136218079), (183366010, 140980578)]
13:31:57: [INFO] Adding track segment (F.Cu): [(183366010, 140980578), (186852403, 153991971)]
13:31:57: [INFO] Routing pad 'SW38:1' at (205902403, 120996403) with pad 'SW34:1' at (189404619, 111471403) using coordinate system rotated by 30.0 degree(s)
13:31:57: [INFO] Adding track segment (F.Cu): [(205902403, 120996403), (189404619, 111471402)]
13:31:57: [INFO] Adding track segment (F.Cu): [(189404619, 111471402), (189404619, 111471403)]
13:31:57: [INFO] Routing pad 'SW11:1' at (186852403, 153991971) with pad 'SW29:1' at (196377403, 137494187) using coordinate system rotated by 30.0 degree(s)
13:31:57: [INFO] Adding track segment (F.Cu): [(186852403, 153991971), (196377402, 137494186)]
13:31:57: [INFO] Adding track segment (F.Cu): [(196377402, 137494186), (196377403, 137494187)]
13:31:57: [INFO] Routing pad 'SW29:1' at (196377403, 137494187) with pad 'SW38:1' at (205902403, 120996403) using coordinate system rotated by 30.0 degree(s)
13:31:58: [INFO] Adding track segment (F.Cu): [(196377403, 137494187), (205902402, 120996402)]
13:31:58: [INFO] Adding track segment (F.Cu): [(205902402, 120996402), (205902403, 120996403)]
13:31:58: [WARNING] Could not route pads when parent footprints not rotated the same, footprint1: SW38 at -30.0 degree(s) and footprint2: SW42 at 30.0 degree(s)
13:31:58: [INFO] Routing pad 'SW42:1' at (235173483, 124806403) with pad 'SW53:1' at (244698483, 141304187) using coordinate system rotated by 330.0 degree(s)
13:31:58: [INFO] Adding track segment (F.Cu): [(235173483, 124806403), (244698482, 141304186)]
13:31:58: [INFO] Adding track segment (F.Cu): [(244698482, 141304186), (244698483, 141304187)]
13:31:58: [INFO] Routing pad 'SW42:1' at (235173483, 124806403) with pad 'SW47:1' at (251671267, 115281403) using coordinate system rotated by 330.0 degree(s)
13:31:58: [INFO] Adding track segment (F.Cu): [(235173483, 124806403), (251671266, 115281402)]
13:31:58: [INFO] Adding track segment (F.Cu): [(251671266, 115281402), (251671267, 115281403)]
13:31:58: [INFO] Routing pad 'SW53:1' at (244698483, 141304187) with pad 'SW71:1' at (254223483, 157801971) using coordinate system rotated by 330.0 degree(s)
13:31:58: [INFO] Adding track segment (F.Cu): [(244698483, 141304187), (254223482, 157801970)]
13:31:58: [INFO] Adding track segment (F.Cu): [(254223482, 157801970), (254223483, 157801971)]
13:31:58: [INFO] Routing pad 'SW53:1' at (244698483, 141304187) with pad 'SW65:1' at (265958767, 140028079) using coordinate system rotated by 330.0 degree(s)
13:31:58: [INFO] Adding track segment (F.Cu): [(244698483, 141304187), (252947374, 136541686)]
13:31:58: [INFO] Adding track segment (F.Cu): [(252947374, 136541686), (265958767, 140028079)]
13:31:58: [INFO] Routing pad 'SW65:1' at (265958767, 140028079) with pad 'SW59:1' at (282456551, 130503079) using coordinate system rotated by 330.0 degree(s)
13:31:58: [INFO] Adding track segment (F.Cu): [(265958767, 140028079), (282456550, 130503078)]
13:31:58: [INFO] Adding track segment (F.Cu): [(282456550, 130503078), (282456551, 130503079)]
13:31:58: [INFO] Routing ROW3 pads
13:31:58: [INFO] Routing pad 'D18:1' at (119380000, 43500000) with pad 'D19:1' at (119380000, 62550000) using coordinate system rotated by 0 degree(s)
13:31:58: [INFO] Adding track segment (B.Cu): [(119380000, 43500000), (119380000, 62550000)]
13:31:58: [INFO] Could not add track segment due to detected collision
13:31:58: [INFO] Routing pad 'D19:1' at (119380000, 62550000) with pad 'D20:1' at (119380000, 81600000) using coordinate system rotated by 0 degree(s)
13:31:58: [INFO] Adding track segment (B.Cu): [(119380000, 62550000), (119380000, 81600000)]
13:31:58: [INFO] Could not add track segment due to detected collision
13:31:58: [INFO] Routing pad 'D20:1' at (119380000, 81600000) with pad 'D21:1' at (119380000, 100650000) using coordinate system rotated by 0 degree(s)
13:31:58: [INFO] Adding track segment (B.Cu): [(119380000, 81600000), (119380000, 100650000)]
13:31:58: [INFO] Could not add track segment due to detected collision
13:31:58: [INFO] Routing pad 'D21:1' at (119380000, 100650000) with pad 'D22:1' at (119380000, 119700000) using coordinate system rotated by 0 degree(s)
13:31:58: [INFO] Adding track segment (B.Cu): [(119380000, 100650000), (119380000, 119700000)]
13:31:58: [INFO] Could not add track segment due to detected collision
13:31:58: [WARNING] Could not route pads when parent footprints not rotated the same, footprint1: D22 at 90.0 degree(s) and footprint2: D23 at 60.0 degree(s)
13:31:58: [INFO] Routing ROW9 pads
13:31:58: [INFO] Routing pad 'D49:1' at (319405000, 64931250) with pad 'D48:1' at (319405000, 45881250) using coordinate system rotated by 0 degree(s)
13:31:58: [INFO] Adding track segment (B.Cu): [(319405000, 64931250), (319405000, 45881250)]
13:31:58: [INFO] Could not add track segment due to detected collision
13:31:58: [INFO] Routing pad 'D50:1' at (319405000, 83981250) with pad 'D49:1' at (319405000, 64931250) using coordinate system rotated by 0 degree(s)
13:31:58: [INFO] Adding track segment (B.Cu): [(319405000, 83981250), (319405000, 64931250)]
13:31:58: [INFO] Could not add track segment due to detected collision
13:31:58: [INFO] Routing pad 'D51:1' at (319405000, 103031250) with pad 'D50:1' at (319405000, 83981250) using coordinate system rotated by 0 degree(s)
13:31:58: [INFO] Adding track segment (B.Cu): [(319405000, 103031250), (319405000, 83981250)]
13:31:58: [INFO] Could not add track segment due to detected collision
13:31:58: [INFO] Routing pad 'D52:1' at (319405000, 122081250) with pad 'D51:1' at (319405000, 103031250) using coordinate system rotated by 0 degree(s)
13:31:58: [INFO] Adding track segment (B.Cu): [(319405000, 122081250), (319405000, 103031250)]
13:31:58: [INFO] Could not add track segment due to detected collision
13:31:58: [WARNING] Could not route pads when parent footprints not rotated the same, footprint1: D53 at 120.0 degree(s) and footprint2: D52 at 90.0 degree(s)
13:31:58: [INFO] Routing ROW0 pads
13:31:58: [INFO] Routing pad 'D1:1' at (57467500, 50643750) with pad 'D2:1' at (57467500, 69693750) using coordinate system rotated by 0 degree(s)
13:31:58: [INFO] Adding track segment (B.Cu): [(57467500, 50643750), (57467500, 69693750)]
13:31:58: [INFO] Could not add track segment due to detected collision
13:31:58: [INFO] Routing pad 'D2:1' at (57467500, 69693750) with pad 'D3:1' at (57467500, 88743750) using coordinate system rotated by 0 degree(s)
13:31:58: [INFO] Adding track segment (B.Cu): [(57467500, 69693750), (57467500, 88743750)]
13:31:58: [INFO] Could not add track segment due to detected collision
13:31:58: [INFO] Routing pad 'D3:1' at (57467500, 88743750) with pad 'D4:1' at (57467500, 107793750) using coordinate system rotated by 0 degree(s)
13:31:58: [INFO] Adding track segment (B.Cu): [(57467500, 88743750), (57467500, 107793750)]
13:31:58: [INFO] Could not add track segment due to detected collision
13:31:58: [INFO] Routing pad 'D4:1' at (57467500, 107793750) with pad 'D5:1' at (62230000, 126843750) using coordinate system rotated by 0 degree(s)
13:31:58: [INFO] Routing ROW7 pads
13:31:58: [INFO] Routing pad 'D40:1' at (281305000, 72075000) with pad 'D39:1' at (281305000, 48262500) using coordinate system rotated by 0 degree(s)
13:31:58: [INFO] Adding track segment (B.Cu): [(281305000, 72075000), (281305000, 48262500)]
13:31:58: [INFO] Could not add track segment due to detected collision
13:31:58: [INFO] Routing pad 'D41:1' at (281305000, 100650000) with pad 'D40:1' at (281305000, 72075000) using coordinate system rotated by 0 degree(s)
13:31:58: [INFO] Adding track segment (B.Cu): [(281305000, 100650000), (281305000, 72075000)]
13:31:58: [INFO] Could not add track segment due to detected collision
13:31:58: [WARNING] Could not route pads when parent footprints not rotated the same, footprint1: D42 at 120.0 degree(s) and footprint2: D41 at 90.0 degree(s)
13:31:58: [INFO] Routing ROW5 pads
13:31:58: [INFO] Routing pad 'D30:1' at (157480000, 48262500) with pad 'D31:1' at (157480000, 67312500) using coordinate system rotated by 0 degree(s)
13:31:58: [INFO] Adding track segment (B.Cu): [(157480000, 48262500), (157480000, 67312500)]
13:31:58: [INFO] Could not add track segment due to detected collision
13:31:58: [INFO] Routing pad 'D31:1' at (157480000, 67312500) with pad 'D32:1' at (157480000, 86362500) using coordinate system rotated by 0 degree(s)
13:31:58: [INFO] Adding track segment (B.Cu): [(157480000, 67312500), (157480000, 86362500)]
13:31:58: [INFO] Could not add track segment due to detected collision
13:31:58: [INFO] Routing pad 'D32:1' at (157480000, 86362500) with pad 'D33:1' at (157480000, 105412500) using coordinate system rotated by 0 degree(s)
13:31:58: [INFO] Adding track segment (B.Cu): [(157480000, 86362500), (157480000, 105412500)]
13:31:58: [INFO] Could not add track segment due to detected collision
13:31:58: [WARNING] Could not route pads when parent footprints not rotated the same, footprint1: D33 at 90.0 degree(s) and footprint2: D34 at 60.0 degree(s)
13:31:58: [INFO] Routing ROW1 pads
13:31:58: [INFO] Routing pad 'D6:1' at (81280000, 50643750) with pad 'D7:1' at (81280000, 69693750) using coordinate system rotated by 0 degree(s)
13:31:58: [INFO] Adding track segment (B.Cu): [(81280000, 50643750), (81280000, 69693750)]
13:31:58: [INFO] Could not add track segment due to detected collision
13:31:58: [INFO] Routing pad 'D7:1' at (81280000, 69693750) with pad 'D8:1' at (81280000, 88743750) using coordinate system rotated by 0 degree(s)
13:31:58: [INFO] Adding track segment (B.Cu): [(81280000, 69693750), (81280000, 88743750)]
13:31:58: [INFO] Could not add track segment due to detected collision
13:31:58: [INFO] Routing pad 'D8:1' at (81280000, 88743750) with pad 'D9:1' at (81280000, 107793750) using coordinate system rotated by 0 degree(s)
13:31:58: [INFO] Adding track segment (B.Cu): [(81280000, 88743750), (81280000, 107793750)]
13:31:58: [INFO] Could not add track segment due to detected collision
13:31:58: [INFO] Routing pad 'D9:1' at (81280000, 107793750) with pad 'D10:1' at (81280000, 126843750) using coordinate system rotated by 0 degree(s)
13:31:58: [INFO] Adding track segment (B.Cu): [(81280000, 107793750), (81280000, 126843750)]
13:31:58: [INFO] Could not add track segment due to detected collision
13:31:58: [WARNING] Could not route pads when parent footprints not rotated the same, footprint1: D10 at 90.0 degree(s) and footprint2: D11 at 60.0 degree(s)
13:31:58: [INFO] Removing dangling tracks
