=== kbplacer.kle_serial ===
=== layout2image.py ===
=== kbplacer ===
14:41:19: [INFO] User layout: https://editor.keyboard-tools.xyz/#share=NrDeCICdwLgAgIwFYA0coA9ZwMwDoBONKAT2wBY8AmYgY23AGIBDVt8AX2JxR3AF0UAKDCYKeVOkhl4VCcSzwAtAAZ56GXCUJ14evCa0jxzsRW8Bw0Yq07J4TarwAOAOxIu6c1XBoINnRVPcHNySxF-bDtiRzU3DzMUJHDrbCV8e1iXdzoGRlcCwtMvFBVfOAh9dEZjE2DzBBTI5TVMtLUcd2CEC0EI8BttXSz47pQfPwGovCDiHrC+1PhojXbshPQe5MXmrQyYtfjcg3zCguLwHrLJqsNa+jHGnamW4bXOjfAaPmfBlYdDl1iDQJhUXogZsEaAsrLt-iMgegaNtYeD0m9Xkd0LdTmcLjRrmCcfcHsCUE9UdB4DhzFIbEhqPZpOJ7Di2OxgjwYf0qXByEybAA2PA5KSaShEdAAC2mnx4KJ5aX5xEgNgIuj+M2IMuWEk5KEFTSgaRpKoCPTFLIUaQQ+tcRt52iZmhoq2UFr0eRJF3MziNfwOmMRIRQ9smAXqKAI-rSroBQc+5kNv2wcYRifJhMqeTO50jCAp-SyH2O1W9Yz9Kfdga0cWDPTDYIjcyjMeUacBnx6ydRNg7CceWc9J1z9sehdExdFw7L93xKErvZtNacozJjbhUNbVa0-dr6y3Pf6fZXdc+NAQQ5xo-nBYdATkPEt8Eocc1tJnTHZrAuPEr-CAA
14:41:19: [INFO] Labels prefixes: for rows: 'ROW', for columns: 'COL'
14:41:19: [INFO] Matrix size: 3x11
14:41:19: [INFO] Add COL0 net
14:41:19: [INFO] Add COL1 net
14:41:19: [INFO] Add COL10 net
14:41:19: [INFO] Add COL11 net
14:41:19: [INFO] Add COL2 net
14:41:19: [INFO] Add COL3 net
14:41:19: [INFO] Add COL4 net
14:41:19: [INFO] Add COL5 net
14:41:19: [INFO] Add COL6 net
14:41:19: [INFO] Add COL7 net
14:41:19: [INFO] Add COL8 net
14:41:19: [INFO] Add COL9 net
14:41:19: [INFO] Add Net-(D1-A) net
14:41:19: [INFO] Add Net-(D10-A) net
14:41:19: [INFO] Add Net-(D11-A) net
14:41:19: [INFO] Add Net-(D12-A) net
14:41:19: [INFO] Add Net-(D13-A) net
14:41:19: [INFO] Add Net-(D14-A) net
14:41:19: [INFO] Add Net-(D15-A) net
14:41:19: [INFO] Add Net-(D16-A) net
14:41:19: [INFO] Add Net-(D17-A) net
14:41:19: [INFO] Add Net-(D18-A) net
14:41:19: [INFO] Add Net-(D19-A) net
14:41:19: [INFO] Add Net-(D2-A) net
14:41:19: [INFO] Add Net-(D20-A) net
14:41:19: [INFO] Add Net-(D21-A) net
14:41:19: [INFO] Add Net-(D22-A) net
14:41:19: [INFO] Add Net-(D23-A) net
14:41:19: [INFO] Add Net-(D24-A) net
14:41:19: [INFO] Add Net-(D25-A) net
14:41:19: [INFO] Add Net-(D26-A) net
14:41:19: [INFO] Add Net-(D27-A) net
14:41:19: [INFO] Add Net-(D28-A) net
14:41:19: [INFO] Add Net-(D29-A) net
14:41:19: [INFO] Add Net-(D3-A) net
14:41:19: [INFO] Add Net-(D30-A) net
14:41:19: [INFO] Add Net-(D31-A) net
14:41:19: [INFO] Add Net-(D32-A) net
14:41:19: [INFO] Add Net-(D33-A) net
14:41:19: [INFO] Add Net-(D34-A) net
14:41:19: [INFO] Add Net-(D35-A) net
14:41:19: [INFO] Add Net-(D36-A) net
14:41:19: [INFO] Add Net-(D37-A) net
14:41:19: [INFO] Add Net-(D38-A) net
14:41:19: [INFO] Add Net-(D39-A) net
14:41:19: [INFO] Add Net-(D4-A) net
14:41:19: [INFO] Add Net-(D40-A) net
14:41:19: [INFO] Add Net-(D41-A) net
14:41:19: [INFO] Add Net-(D42-A) net
14:41:19: [INFO] Add Net-(D5-A) net
14:41:19: [INFO] Add Net-(D6-A) net
14:41:19: [INFO] Add Net-(D7-A) net
14:41:19: [INFO] Add Net-(D8-A) net
14:41:19: [INFO] Add Net-(D9-A) net
14:41:19: [INFO] Add ROW0 net
14:41:19: [INFO] Add ROW1 net
14:41:19: [INFO] Add ROW2 net
14:41:19: [INFO] Add ROW3 net
14:41:19: [INFO] Add SW1 footprint
14:41:19: [INFO] Add D1 footprint
14:41:19: [INFO] Add SW2 footprint
14:41:19: [INFO] Add D2 footprint
14:41:19: [INFO] Add SW3 footprint
14:41:19: [INFO] Add D3 footprint
14:41:19: [INFO] Add SW4 footprint
14:41:19: [INFO] Add D4 footprint
14:41:19: [INFO] Add SW5 footprint
14:41:19: [INFO] Add D5 footprint
14:41:20: [INFO] Add SW6 footprint
14:41:20: [INFO] Add D6 footprint
14:41:20: [INFO] Add SW7 footprint
14:41:20: [INFO] Add D7 footprint
14:41:20: [INFO] Add SW8 footprint
14:41:20: [INFO] Add D8 footprint
14:41:20: [INFO] Add SW9 footprint
14:41:20: [INFO] Add D9 footprint
14:41:20: [INFO] Add SW10 footprint
14:41:20: [INFO] Add D10 footprint
14:41:20: [INFO] Add SW11 footprint
14:41:20: [INFO] Add D11 footprint
14:41:20: [INFO] Add SW12 footprint
14:41:20: [INFO] Add D12 footprint
14:41:20: [INFO] Add SW13 footprint
14:41:20: [INFO] Add D13 footprint
14:41:20: [INFO] Add SW14 footprint
14:41:20: [INFO] Add D14 footprint
14:41:20: [INFO] Add SW15 footprint
14:41:20: [INFO] Add D15 footprint
14:41:20: [INFO] Add SW16 footprint
14:41:20: [INFO] Add D16 footprint
14:41:20: [INFO] Add SW17 footprint
14:41:20: [INFO] Add D17 footprint
14:41:20: [INFO] Add SW18 footprint
14:41:20: [INFO] Add D18 footprint
14:41:20: [INFO] Add SW19 footprint
14:41:20: [INFO] Add D19 footprint
14:41:20: [INFO] Add SW20 footprint
14:41:20: [INFO] Add D20 footprint
14:41:20: [INFO] Add SW21 footprint
14:41:21: [INFO] Add D21 footprint
14:41:21: [INFO] Add SW22 footprint
14:41:21: [INFO] Add D22 footprint
14:41:21: [INFO] Add SW23 footprint
14:41:21: [INFO] Add D23 footprint
14:41:21: [INFO] Add SW24 footprint
14:41:21: [INFO] Add D24 footprint
14:41:21: [INFO] Add SW25 footprint
14:41:21: [INFO] Add D25 footprint
14:41:21: [INFO] Add SW26 footprint
14:41:21: [INFO] Add D26 footprint
14:41:21: [INFO] Add SW27 footprint
14:41:21: [INFO] Add D27 footprint
14:41:21: [INFO] Add SW28 footprint
14:41:21: [INFO] Add D28 footprint
14:41:21: [INFO] Add SW29 footprint
14:41:21: [INFO] Add D29 footprint
14:41:21: [INFO] Add SW30 footprint
14:41:21: [INFO] Add D30 footprint
14:41:21: [INFO] Add SW31 footprint
14:41:21: [INFO] Add D31 footprint
14:41:21: [INFO] Add SW32 footprint
14:41:21: [INFO] Add D32 footprint
14:41:21: [INFO] Add SW33 footprint
14:41:21: [INFO] Add D33 footprint
14:41:21: [INFO] Add SW34 footprint
14:41:21: [INFO] Add D34 footprint
14:41:21: [INFO] Add SW35 footprint
14:41:21: [INFO] Add D35 footprint
14:41:21: [INFO] Add SW36 footprint
14:41:21: [INFO] Add D36 footprint
14:41:21: [INFO] Add SW37 footprint
14:41:21: [INFO] Add D37 footprint
14:41:21: [INFO] Add SW38 footprint
14:41:21: [INFO] Add D38 footprint
14:41:22: [INFO] Add SW39 footprint
14:41:22: [INFO] Add D39 footprint
14:41:22: [INFO] Add SW40 footprint
14:41:22: [INFO] Add D40 footprint
14:41:22: [INFO] Add SW41 footprint
14:41:22: [INFO] Add D41 footprint
14:41:22: [INFO] Add SW42 footprint
14:41:22: [INFO] Add D42 footprint
14:41:22: [INFO] Detected layout convertible to matrix annotated keyboard
14:41:22: [INFO] Using key 1U distance: (19.05, 19.05) mm
14:41:22: [INFO] Layout offset: (30480000, 24765000)
14:41:22: [INFO] Diode info: [ElementInfo(annotation_format='D{}', position_option=<PositionOption.CUSTOM: 'Custom'>, position=ElementPosition(x=5.08, y=4.0, orientation=90.0, side=<Side.BACK: 'Back'>), template_path='', start_index=-1)]
14:41:22: [INFO] Placing additional elements for SW42
14:41:22: [INFO] Placing additional elements for SW41
14:41:22: [INFO] Placing additional elements for SW40
14:41:22: [INFO] Placing additional elements for SW39
14:41:22: [INFO] Placing additional elements for SW38
14:41:22: [INFO] Placing additional elements for SW37
14:41:22: [INFO] Placing additional elements for SW36
14:41:22: [INFO] Placing additional elements for SW35
14:41:22: [INFO] Placing additional elements for SW34
14:41:22: [INFO] Placing additional elements for SW33
14:41:22: [INFO] Placing additional elements for SW32
14:41:22: [INFO] Placing additional elements for SW31
14:41:22: [INFO] Placing additional elements for SW30
14:41:22: [INFO] Placing additional elements for SW29
14:41:22: [INFO] Placing additional elements for SW28
14:41:22: [INFO] Placing additional elements for SW27
14:41:22: [INFO] Placing additional elements for SW26
14:41:22: [INFO] Placing additional elements for SW25
14:41:22: [INFO] Placing additional elements for SW24
14:41:22: [INFO] Placing additional elements for SW23
14:41:22: [INFO] Placing additional elements for SW22
14:41:22: [INFO] Placing additional elements for SW21
14:41:22: [INFO] Placing additional elements for SW20
14:41:22: [INFO] Placing additional elements for SW19
14:41:22: [INFO] Placing additional elements for SW18
14:41:22: [INFO] Placing additional elements for SW17
14:41:22: [INFO] Placing additional elements for SW16
14:41:22: [INFO] Placing additional elements for SW15
14:41:22: [INFO] Placing additional elements for SW14
14:41:22: [INFO] Placing additional elements for SW13
14:41:22: [INFO] Placing additional elements for SW12
14:41:22: [INFO] Placing additional elements for SW11
14:41:22: [INFO] Placing additional elements for SW10
14:41:22: [INFO] Placing additional elements for SW9
14:41:22: [INFO] Placing additional elements for SW8
14:41:22: [INFO] Placing additional elements for SW7
14:41:22: [INFO] Placing additional elements for SW6
14:41:22: [INFO] Placing additional elements for SW5
14:41:22: [INFO] Placing additional elements for SW4
14:41:22: [INFO] Placing additional elements for SW3
14:41:22: [INFO] Placing additional elements for SW2
14:41:22: [INFO] Placing additional elements for SW1
14:41:22: [INFO] Routing SW42 with D42
14:41:22: [INFO] Using internal autorouter method
14:41:22: [INFO] Routing pad 'SW42:2' at (259198459, 110876391) with pad 'D42:2' at (263639640, 117637301) using coordinate system rotated by 345.0 degree(s)
14:41:22: [INFO] Adding track segment (B.Cu): [(259198459, 110876391), (260528789, 115841250)]
14:41:22: [INFO] Adding track segment (B.Cu): [(260528789, 115841250), (263639640, 117637301)]
14:41:22: [INFO] Routing SW41 with D41
14:41:22: [INFO] Using internal autorouter method
14:41:22: [INFO] Routing pad 'SW41:2' at (236203313, 117831983) with pad 'D41:2' at (242243017, 123213057) using coordinate system rotated by 330.0 degree(s)
14:41:22: [INFO] Adding track segment (B.Cu): [(236203313, 117831983), (238773311, 122283351)]
14:41:22: [INFO] Adding track segment (B.Cu): [(238773311, 122283351), (242243017, 123213057)]
14:41:22: [INFO] Routing SW40 with D40
14:41:22: [INFO] Using internal autorouter method
14:41:22: [INFO] Routing pad 'SW40:2' at (213026545, 129559826) with pad 'D40:2' at (220253176, 133194356) using coordinate system rotated by 315.0 degree(s)
14:41:22: [INFO] Adding track segment (B.Cu): [(213026545, 129559826), (216661075, 133194356)]
14:41:22: [INFO] Adding track segment (B.Cu): [(216661075, 133194356), (220253176, 133194356)]
14:41:22: [INFO] Routing SW39 with D39
14:41:22: [INFO] Using internal autorouter method
14:41:22: [INFO] Routing pad 'SW39:2' at (161088058, 133151929) with pad 'D39:2' at (157453528, 140378560) using coordinate system rotated by 45.0 degree(s)
14:41:22: [INFO] Adding track segment (B.Cu): [(161088058, 133151929), (157453527, 136786459)]
14:41:22: [INFO] Adding track segment (B.Cu): [(157453527, 136786459), (157453528, 140378560)]
14:41:22: [INFO] Routing SW38 with D38
14:41:22: [INFO] Using internal autorouter method
14:41:22: [INFO] Routing pad 'SW38:2' at (138718597, 120371983) with pad 'D38:2' at (137078301, 128293057) using coordinate system rotated by 30.0 degree(s)
14:41:22: [INFO] Adding track segment (B.Cu): [(138718597, 120371983), (136148596, 124823352)]
14:41:22: [INFO] Adding track segment (B.Cu): [(136148596, 124823352), (137078301, 128293057)]
14:41:22: [INFO] Routing SW37 with D37
14:41:22: [INFO] Using internal autorouter method
14:41:22: [INFO] Routing pad 'SW37:2' at (115278444, 112191192) with pad 'D37:2' at (115744166, 120266903) using coordinate system rotated by 15.0 degree(s)
14:41:22: [INFO] Adding track segment (B.Cu): [(115278444, 112191192), (113948113, 117156049)]
14:41:22: [INFO] Adding track segment (B.Cu): [(113948113, 117156049), (115744166, 120266903)]
14:41:22: [INFO] Routing SW36 with D36
14:41:22: [INFO] Using internal autorouter method
14:41:22: [INFO] Routing pad 'SW36:2' at (314816448, 74545599) with pad 'D36:2' at (319257629, 81306509) using coordinate system rotated by 345.0 degree(s)
14:41:22: [INFO] Adding track segment (B.Cu): [(314816448, 74545599), (316146776, 79510457)]
14:41:22: [INFO] Adding track segment (B.Cu): [(316146776, 79510457), (319257629, 81306509)]
14:41:22: [INFO] Routing SW35 with D35
14:41:22: [INFO] Using internal autorouter method
14:41:22: [INFO] Routing pad 'SW35:2' at (296415561, 79476102) with pad 'D35:2' at (300856742, 86237012) using coordinate system rotated by 345.0 degree(s)
14:41:22: [INFO] Adding track segment (B.Cu): [(296415561, 79476102), (297745889, 84440960)]
14:41:22: [INFO] Adding track segment (B.Cu): [(297745889, 84440960), (300856742, 86237012)]
14:41:22: [INFO] Routing SW34 with D34
14:41:22: [INFO] Using internal autorouter method
14:41:22: [INFO] Routing pad 'SW34:2' at (276782049, 79806383) with pad 'D34:2' at (281223230, 86567293) using coordinate system rotated by 345.0 degree(s)
14:41:22: [INFO] Adding track segment (B.Cu): [(276782049, 79806383), (278112378, 84771241)]
14:41:22: [INFO] Adding track segment (B.Cu): [(278112378, 84771241), (281223230, 86567293)]
14:41:22: [INFO] Routing SW33 with D33
14:41:22: [INFO] Using internal autorouter method
14:41:22: [INFO] Routing pad 'SW33:2' at (257764849, 82436775) with pad 'D33:2' at (262206030, 89197685) using coordinate system rotated by 345.0 degree(s)
14:41:22: [INFO] Adding track segment (B.Cu): [(257764849, 82436775), (259095178, 87401633)]
14:41:22: [INFO] Adding track segment (B.Cu): [(259095178, 87401633), (262206030, 89197685)]
14:41:22: [INFO] Routing SW32 with D32
14:41:22: [INFO] Using internal autorouter method
14:41:22: [INFO] Routing pad 'SW32:2' at (239980275, 89667389) with pad 'D32:2' at (244421456, 96428299) using coordinate system rotated by 345.0 degree(s)
14:41:22: [INFO] Adding track segment (B.Cu): [(239980275, 89667389), (241310604, 94632248)]
14:41:22: [INFO] Adding track segment (B.Cu): [(241310604, 94632248), (244421456, 96428299)]
14:41:22: [INFO] Routing SW31 with D31
14:41:22: [INFO] Using internal autorouter method
14:41:22: [INFO] Routing pad 'SW31:2' at (222195700, 96898002) with pad 'D31:2' at (226636881, 103658912) using coordinate system rotated by 345.0 degree(s)
14:41:22: [INFO] Adding track segment (B.Cu): [(222195700, 96898002), (223526029, 101862861)]
14:41:22: [INFO] Adding track segment (B.Cu): [(223526029, 101862861), (226636881, 103658912)]
14:41:22: [INFO] Routing SW30 with D30
14:41:22: [INFO] Using internal autorouter method
14:41:22: [INFO] Routing pad 'SW30:2' at (150611897, 101002611) with pad 'D30:2' at (151077619, 109078322) using coordinate system rotated by 15.0 degree(s)
14:41:22: [INFO] Adding track segment (B.Cu): [(150611897, 101002611), (149281567, 105967468)]
14:41:22: [INFO] Adding track segment (B.Cu): [(149281567, 105967468), (151077619, 109078322)]
14:41:22: [INFO] Routing SW29 with D29
14:41:22: [INFO] Using internal autorouter method
14:41:22: [INFO] Routing pad 'SW29:2' at (132827323, 93771998) with pad 'D29:2' at (133293045, 101847709) using coordinate system rotated by 15.0 degree(s)
14:41:22: [INFO] Adding track segment (B.Cu): [(132827323, 93771998), (131496992, 98736854)]
14:41:22: [INFO] Adding track segment (B.Cu): [(131496992, 98736854), (133293045, 101847709)]
14:41:22: [INFO] Routing SW28 with D28
14:41:22: [INFO] Using internal autorouter method
14:41:22: [INFO] Routing pad 'SW28:2' at (115042749, 86541384) with pad 'D28:2' at (115508471, 94617095) using coordinate system rotated by 15.0 degree(s)
14:41:22: [INFO] Adding track segment (B.Cu): [(115042749, 86541384), (113712418, 91506241)]
14:41:22: [INFO] Adding track segment (B.Cu): [(113712418, 91506241), (115508471, 94617095)]
14:41:22: [INFO] Routing SW27 with D27
14:41:22: [INFO] Using internal autorouter method
14:41:22: [INFO] Routing pad 'SW27:2' at (96025549, 83910992) with pad 'D27:2' at (96491271, 91986703) using coordinate system rotated by 15.0 degree(s)
14:41:22: [INFO] Adding track segment (B.Cu): [(96025549, 83910992), (94695218, 88875849)]
14:41:22: [INFO] Adding track segment (B.Cu): [(94695218, 88875849), (96491271, 91986703)]
14:41:22: [INFO] Routing SW26 with D26
14:41:22: [INFO] Using internal autorouter method
14:41:22: [INFO] Routing pad 'SW26:2' at (76392037, 83580711) with pad 'D26:2' at (76857759, 91656422) using coordinate system rotated by 15.0 degree(s)
14:41:22: [INFO] Adding track segment (B.Cu): [(76392037, 83580711), (75061706, 88545569)]
14:41:22: [INFO] Adding track segment (B.Cu): [(75061706, 88545569), (76857759, 91656422)]
14:41:22: [INFO] Routing SW25 with D25
14:41:22: [INFO] Using internal autorouter method
14:41:22: [INFO] Routing pad 'SW25:2' at (57991150, 78650208) with pad 'D25:2' at (58456872, 86725919) using coordinate system rotated by 15.0 degree(s)
14:41:22: [INFO] Adding track segment (B.Cu): [(57991150, 78650208), (56660819, 83615066)]
14:41:22: [INFO] Adding track segment (B.Cu): [(56660819, 83615066), (58456872, 86725919)]
14:41:22: [INFO] Routing SW24 with D24
14:41:22: [INFO] Using internal autorouter method
14:41:22: [INFO] Routing pad 'SW24:2' at (309885945, 56144712) with pad 'D24:2' at (314327126, 62905622) using coordinate system rotated by 345.0 degree(s)
14:41:22: [INFO] Adding track segment (B.Cu): [(309885945, 56144712), (311216274, 61109571)]
14:41:22: [INFO] Adding track segment (B.Cu): [(311216274, 61109571), (314327126, 62905622)]
14:41:22: [INFO] Routing SW23 with D23
14:41:22: [INFO] Using internal autorouter method
14:41:22: [INFO] Routing pad 'SW23:2' at (291485058, 61075215) with pad 'D23:2' at (295926239, 67836125) using coordinate system rotated by 345.0 degree(s)
14:41:22: [INFO] Adding track segment (B.Cu): [(291485058, 61075215), (292815387, 66040074)]
14:41:22: [INFO] Adding track segment (B.Cu): [(292815387, 66040074), (295926239, 67836125)]
14:41:22: [INFO] Routing SW22 with D22
14:41:22: [INFO] Using internal autorouter method
14:41:22: [INFO] Routing pad 'SW22:2' at (271851546, 61405496) with pad 'D22:2' at (276292727, 68166406) using coordinate system rotated by 345.0 degree(s)
14:41:22: [INFO] Adding track segment (B.Cu): [(271851546, 61405496), (273181875, 66370354)]
14:41:22: [INFO] Adding track segment (B.Cu): [(273181875, 66370354), (276292727, 68166406)]
14:41:22: [INFO] Routing SW21 with D21
14:41:22: [INFO] Using internal autorouter method
14:41:22: [INFO] Routing pad 'SW21:2' at (252834346, 64035888) with pad 'D21:2' at (257275527, 70796798) using coordinate system rotated by 345.0 degree(s)
14:41:22: [INFO] Adding track segment (B.Cu): [(252834346, 64035888), (254164675, 69000746)]
14:41:22: [INFO] Adding track segment (B.Cu): [(254164675, 69000746), (257275527, 70796798)]
14:41:22: [INFO] Routing SW20 with D20
14:41:22: [INFO] Using internal autorouter method
14:41:22: [INFO] Routing pad 'SW20:2' at (235049772, 71266502) with pad 'D20:2' at (239490953, 78027412) using coordinate system rotated by 345.0 degree(s)
14:41:22: [INFO] Adding track segment (B.Cu): [(235049772, 71266502), (236380101, 76231361)]
14:41:22: [INFO] Adding track segment (B.Cu): [(236380101, 76231361), (239490953, 78027412)]
14:41:22: [INFO] Routing SW19 with D19
14:41:22: [INFO] Using internal autorouter method
14:41:22: [INFO] Routing pad 'SW19:2' at (217265198, 78497115) with pad 'D19:2' at (221706379, 85258025) using coordinate system rotated by 345.0 degree(s)
14:41:22: [INFO] Adding track segment (B.Cu): [(217265198, 78497115), (218595527, 83461974)]
14:41:22: [INFO] Adding track segment (B.Cu): [(218595527, 83461974), (221706379, 85258025)]
14:41:22: [INFO] Routing SW18 with D18
14:41:22: [INFO] Using internal autorouter method
14:41:22: [INFO] Routing pad 'SW18:2' at (155542400, 82601724) with pad 'D18:2' at (156008122, 90677435) using coordinate system rotated by 15.0 degree(s)
14:41:22: [INFO] Adding track segment (B.Cu): [(155542400, 82601724), (154212069, 87566581)]
14:41:22: [INFO] Adding track segment (B.Cu): [(154212069, 87566581), (156008122, 90677435)]
14:41:22: [INFO] Routing SW17 with D17
14:41:22: [INFO] Using internal autorouter method
14:41:22: [INFO] Routing pad 'SW17:2' at (137757826, 75371111) with pad 'D17:2' at (138223548, 83446822) using coordinate system rotated by 15.0 degree(s)
14:41:22: [INFO] Adding track segment (B.Cu): [(137757826, 75371111), (136427495, 80335967)]
14:41:22: [INFO] Adding track segment (B.Cu): [(136427495, 80335967), (138223548, 83446822)]
14:41:22: [INFO] Routing SW16 with D16
14:41:22: [INFO] Using internal autorouter method
14:41:22: [INFO] Routing pad 'SW16:2' at (119973252, 68140497) with pad 'D16:2' at (120438974, 76216208) using coordinate system rotated by 15.0 degree(s)
14:41:22: [INFO] Adding track segment (B.Cu): [(119973252, 68140497), (118642921, 73105354)]
14:41:22: [INFO] Adding track segment (B.Cu): [(118642921, 73105354), (120438974, 76216208)]
14:41:22: [INFO] Routing SW15 with D15
14:41:22: [INFO] Using internal autorouter method
14:41:22: [INFO] Routing pad 'SW15:2' at (100956052, 65510105) with pad 'D15:2' at (101421774, 73585816) using coordinate system rotated by 15.0 degree(s)
14:41:22: [INFO] Adding track segment (B.Cu): [(100956052, 65510105), (99625721, 70474962)]
14:41:22: [INFO] Adding track segment (B.Cu): [(99625721, 70474962), (101421774, 73585816)]
14:41:22: [INFO] Routing SW14 with D14
14:41:22: [INFO] Using internal autorouter method
14:41:22: [INFO] Routing pad 'SW14:2' at (81322539, 65179824) with pad 'D14:2' at (81788261, 73255535) using coordinate system rotated by 15.0 degree(s)
14:41:22: [INFO] Adding track segment (B.Cu): [(81322539, 65179824), (79992209, 70144681)]
14:41:22: [INFO] Adding track segment (B.Cu): [(79992209, 70144681), (81788261, 73255535)]
14:41:22: [INFO] Routing SW13 with D13
14:41:22: [INFO] Using internal autorouter method
14:41:22: [INFO] Routing pad 'SW13:2' at (62921652, 60249321) with pad 'D13:2' at (63387374, 68325032) using coordinate system rotated by 15.0 degree(s)
14:41:22: [INFO] Adding track segment (B.Cu): [(62921652, 60249321), (61591322, 65214178)]
14:41:22: [INFO] Adding track segment (B.Cu): [(61591322, 65214178), (63387374, 68325032)]
14:41:22: [INFO] Routing SW12 with D12
14:41:22: [INFO] Using internal autorouter method
14:41:22: [INFO] Routing pad 'SW12:2' at (304955443, 37743825) with pad 'D12:2' at (309396624, 44504735) using coordinate system rotated by 345.0 degree(s)
14:41:22: [INFO] Adding track segment (B.Cu): [(304955443, 37743825), (306285772, 42708683)]
14:41:22: [INFO] Adding track segment (B.Cu): [(306285772, 42708683), (309396624, 44504735)]
14:41:22: [INFO] Routing SW11 with D11
14:41:22: [INFO] Using internal autorouter method
14:41:22: [INFO] Routing pad 'SW11:2' at (286554556, 42674328) with pad 'D11:2' at (290995737, 49435238) using coordinate system rotated by 345.0 degree(s)
14:41:22: [INFO] Adding track segment (B.Cu): [(286554556, 42674328), (287884885, 47639186)]
14:41:22: [INFO] Adding track segment (B.Cu): [(287884885, 47639186), (290995737, 49435238)]
14:41:22: [INFO] Routing SW10 with D10
14:41:22: [INFO] Using internal autorouter method
14:41:22: [INFO] Routing pad 'SW10:2' at (266921043, 43004609) with pad 'D10:2' at (271362224, 49765519) using coordinate system rotated by 345.0 degree(s)
14:41:22: [INFO] Adding track segment (B.Cu): [(266921043, 43004609), (268251372, 47969467)]
14:41:22: [INFO] Adding track segment (B.Cu): [(268251372, 47969467), (271362224, 49765519)]
14:41:22: [INFO] Routing SW9 with D9
14:41:22: [INFO] Using internal autorouter method
14:41:22: [INFO] Routing pad 'SW9:2' at (247903843, 45635001) with pad 'D9:2' at (252345024, 52395911) using coordinate system rotated by 345.0 degree(s)
14:41:22: [INFO] Adding track segment (B.Cu): [(247903843, 45635001), (249234172, 50599859)]
14:41:22: [INFO] Adding track segment (B.Cu): [(249234172, 50599859), (252345024, 52395911)]
14:41:22: [INFO] Routing SW8 with D8
14:41:22: [INFO] Using internal autorouter method
14:41:22: [INFO] Routing pad 'SW8:2' at (230119269, 52865615) with pad 'D8:2' at (234560450, 59626525) using coordinate system rotated by 345.0 degree(s)
14:41:22: [INFO] Adding track segment (B.Cu): [(230119269, 52865615), (231449599, 57830474)]
14:41:22: [INFO] Adding track segment (B.Cu): [(231449599, 57830474), (234560450, 59626525)]
14:41:22: [INFO] Routing SW7 with D7
14:41:22: [INFO] Using internal autorouter method
14:41:22: [INFO] Routing pad 'SW7:2' at (212334695, 60096228) with pad 'D7:2' at (216775876, 66857138) using coordinate system rotated by 345.0 degree(s)
14:41:22: [INFO] Adding track segment (B.Cu): [(212334695, 60096228), (213665024, 65061087)]
14:41:22: [INFO] Adding track segment (B.Cu): [(213665024, 65061087), (216775876, 66857138)]
14:41:22: [INFO] Routing SW6 with D6
14:41:22: [INFO] Using internal autorouter method
14:41:22: [INFO] Routing pad 'SW6:2' at (160472903, 64200837) with pad 'D6:2' at (160938625, 72276548) using coordinate system rotated by 15.0 degree(s)
14:41:22: [INFO] Adding track segment (B.Cu): [(160472903, 64200837), (159142572, 69165694)]
14:41:22: [INFO] Adding track segment (B.Cu): [(159142572, 69165694), (160938625, 72276548)]
14:41:22: [INFO] Routing SW5 with D5
14:41:22: [INFO] Using internal autorouter method
14:41:22: [INFO] Routing pad 'SW5:2' at (142688329, 56970224) with pad 'D5:2' at (143154051, 65045935) using coordinate system rotated by 15.0 degree(s)
14:41:22: [INFO] Adding track segment (B.Cu): [(142688329, 56970224), (141357999, 61935082)]
14:41:22: [INFO] Adding track segment (B.Cu): [(141357999, 61935082), (143154051, 65045935)]
14:41:22: [INFO] Routing SW4 with D4
14:41:22: [INFO] Using internal autorouter method
14:41:22: [INFO] Routing pad 'SW4:2' at (124903755, 49739610) with pad 'D4:2' at (125369477, 57815321) using coordinate system rotated by 15.0 degree(s)
14:41:22: [INFO] Adding track segment (B.Cu): [(124903755, 49739610), (123573425, 54704468)]
14:41:22: [INFO] Adding track segment (B.Cu): [(123573425, 54704468), (125369477, 57815321)]
14:41:22: [INFO] Routing SW3 with D3
14:41:22: [INFO] Using internal autorouter method
14:41:22: [INFO] Routing pad 'SW3:2' at (105886555, 47109218) with pad 'D3:2' at (106352277, 55184929) using coordinate system rotated by 15.0 degree(s)
14:41:22: [INFO] Adding track segment (B.Cu): [(105886555, 47109218), (104556224, 52074075)]
14:41:22: [INFO] Adding track segment (B.Cu): [(104556224, 52074075), (106352277, 55184929)]
14:41:22: [INFO] Routing SW2 with D2
14:41:22: [INFO] Using internal autorouter method
14:41:22: [INFO] Routing pad 'SW2:2' at (86253042, 46778937) with pad 'D2:2' at (86718764, 54854648) using coordinate system rotated by 15.0 degree(s)
14:41:22: [INFO] Adding track segment (B.Cu): [(86253042, 46778937), (84922711, 51743794)]
14:41:22: [INFO] Adding track segment (B.Cu): [(84922711, 51743794), (86718764, 54854648)]
14:41:22: [INFO] Routing SW1 with D1
14:41:22: [INFO] Using internal autorouter method
14:41:22: [INFO] Routing pad 'SW1:2' at (67852155, 41848434) with pad 'D1:2' at (68317877, 49924145) using coordinate system rotated by 15.0 degree(s)
14:41:22: [INFO] Adding track segment (B.Cu): [(67852155, 41848434), (66521824, 46813291)]
14:41:22: [INFO] Adding track segment (B.Cu): [(66521824, 46813291), (68317877, 49924145)]
14:41:22: [INFO] Routing COL2 pads
14:41:22: [INFO] Routing pad 'SW27:1' at (89234520, 84720943) with pad 'SW15:1' at (94165023, 66320056) using coordinate system rotated by 15.0 degree(s)
14:41:22: [INFO] Adding track segment (F.Cu): [(89234520, 84720943), (94165022, 66320055)]
14:41:22: [INFO] Adding track segment (F.Cu): [(94165022, 66320055), (94165023, 66320056)]
14:41:22: [INFO] Routing pad 'SW15:1' at (94165023, 66320056) with pad 'SW3:1' at (99095526, 47919169) using coordinate system rotated by 15.0 degree(s)
14:41:22: [INFO] Adding track segment (F.Cu): [(94165023, 66320056), (99095525, 47919168)]
14:41:22: [INFO] Adding track segment (F.Cu): [(99095525, 47919168), (99095526, 47919169)]
14:41:22: [INFO] Routing ROW0 pads
14:41:22: [INFO] Routing pad 'D1:1' at (67593183, 52628737) with pad 'D2:1' at (85994070, 57559240) using coordinate system rotated by 285.0 degree(s)
14:41:22: [INFO] Adding track segment (B.Cu): [(67593183, 52628737), (85994069, 57559239)]
14:41:22: [INFO] Adding track segment (B.Cu): [(85994069, 57559239), (85994070, 57559240)]
14:41:22: [INFO] Routing pad 'D2:1' at (85994070, 57559240) with pad 'D3:1' at (105627583, 57889521) using coordinate system rotated by 285.0 degree(s)
14:41:22: [INFO] Adding track segment (B.Cu): [(85994070, 57559240), (99794734, 61257116)]
14:41:22: [INFO] Adding track segment (B.Cu): [(99794734, 61257116), (105627583, 57889521)]
14:41:22: [INFO] Routing pad 'D3:1' at (105627583, 57889521) with pad 'D4:1' at (124644783, 60519913) using coordinate system rotated by 285.0 degree(s)
14:41:22: [INFO] Adding track segment (B.Cu): [(105627583, 57889521), (121728359, 62203710)]
14:41:22: [INFO] Adding track segment (B.Cu): [(121728359, 62203710), (124644783, 60519913)]
14:41:22: [INFO] Routing pad 'D4:1' at (124644783, 60519913) with pad 'D5:1' at (142429357, 67750527) using coordinate system rotated by 285.0 degree(s)
14:41:22: [INFO] Adding track segment (B.Cu): [(124644783, 60519913), (140745559, 64834102)]
14:41:22: [INFO] Adding track segment (B.Cu): [(140745559, 64834102), (142429357, 67750527)]
14:41:22: [INFO] Routing pad 'D5:1' at (142429357, 67750527) with pad 'D6:1' at (160213931, 74981140) using coordinate system rotated by 285.0 degree(s)
14:41:22: [INFO] Adding track segment (B.Cu): [(142429357, 67750527), (158530133, 72064716)]
14:41:22: [INFO] Adding track segment (B.Cu): [(158530133, 72064716), (160213931, 74981140)]
14:41:22: [WARNING] Could not route pads when parent footprints not rotated the same, footprint1: D6 at 75.0 degree(s) and footprint2: D7 at 105.0 degree(s)
14:41:22: [INFO] Routing pad 'D7:1' at (217500570, 69561730) with pad 'D8:1' at (235285144, 62331117) using coordinate system rotated by 255.0 degree(s)
14:41:22: [INFO] Adding track segment (B.Cu): [(217500570, 69561730), (233601344, 65247540)]
14:41:22: [INFO] Adding track segment (B.Cu): [(233601344, 65247540), (235285144, 62331117)]
14:41:22: [INFO] Routing pad 'D8:1' at (235285144, 62331117) with pad 'D9:1' at (253069718, 55100503) using coordinate system rotated by 255.0 degree(s)
14:41:22: [INFO] Adding track segment (B.Cu): [(235285144, 62331117), (251385918, 58016926)]
14:41:22: [INFO] Adding track segment (B.Cu): [(251385918, 58016926), (253069718, 55100503)]
14:41:22: [INFO] Routing pad 'D9:1' at (253069718, 55100503) with pad 'D10:1' at (272086918, 52470111) using coordinate system rotated by 255.0 degree(s)
14:41:22: [INFO] Adding track segment (B.Cu): [(253069718, 55100503), (269170494, 50786312)]
14:41:22: [INFO] Adding track segment (B.Cu): [(269170494, 50786312), (272086918, 52470111)]
14:41:22: [INFO] Routing pad 'D10:1' at (272086918, 52470111) with pad 'D11:1' at (291720431, 52139830) using coordinate system rotated by 255.0 degree(s)
14:41:22: [INFO] Adding track segment (B.Cu): [(272086918, 52470111), (277919765, 55837706)]
14:41:22: [INFO] Adding track segment (B.Cu): [(277919765, 55837706), (291720431, 52139830)]
14:41:22: [INFO] Routing pad 'D11:1' at (291720431, 52139830) with pad 'D12:1' at (310121318, 47209327) using coordinate system rotated by 255.0 degree(s)
14:41:22: [INFO] Adding track segment (B.Cu): [(291720431, 52139830), (310121317, 47209326)]
14:41:22: [INFO] Adding track segment (B.Cu): [(310121317, 47209326), (310121318, 47209327)]
14:41:22: [INFO] Routing ROW2 pads
14:41:22: [INFO] Routing pad 'D25:1' at (57732178, 89430511) with pad 'D26:1' at (76133065, 94361014) using coordinate system rotated by 285.0 degree(s)
14:41:22: [INFO] Adding track segment (B.Cu): [(57732178, 89430511), (76133064, 94361013)]
14:41:22: [INFO] Adding track segment (B.Cu): [(76133064, 94361013), (76133065, 94361014)]
14:41:22: [INFO] Routing pad 'D26:1' at (76133065, 94361014) with pad 'D27:1' at (95766577, 94691295) using coordinate system rotated by 285.0 degree(s)
14:41:22: [INFO] Adding track segment (B.Cu): [(76133065, 94361014), (89933729, 98058890)]
14:41:22: [INFO] Adding track segment (B.Cu): [(89933729, 98058890), (95766577, 94691295)]
14:41:22: [INFO] Routing pad 'D27:1' at (95766577, 94691295) with pad 'D28:1' at (114783777, 97321687) using coordinate system rotated by 285.0 degree(s)
14:41:22: [INFO] Adding track segment (B.Cu): [(95766577, 94691295), (111867352, 99005484)]
14:41:22: [INFO] Adding track segment (B.Cu): [(111867352, 99005484), (114783777, 97321687)]
14:41:22: [INFO] Routing pad 'D28:1' at (114783777, 97321687) with pad 'D29:1' at (132568351, 104552301) using coordinate system rotated by 285.0 degree(s)
14:41:22: [INFO] Adding track segment (B.Cu): [(114783777, 97321687), (130884552, 101635876)]
14:41:22: [INFO] Adding track segment (B.Cu): [(130884552, 101635876), (132568351, 104552301)]
14:41:22: [INFO] Routing pad 'D29:1' at (132568351, 104552301) with pad 'D30:1' at (150352925, 111782914) using coordinate system rotated by 285.0 degree(s)
14:41:22: [INFO] Adding track segment (B.Cu): [(132568351, 104552301), (148669126, 108866490)]
14:41:22: [INFO] Adding track segment (B.Cu): [(148669126, 108866490), (150352925, 111782914)]
14:41:22: [WARNING] Could not route pads when parent footprints not rotated the same, footprint1: D30 at 75.0 degree(s) and footprint2: D31 at 105.0 degree(s)
14:41:22: [INFO] Routing pad 'D31:1' at (227361575, 106363504) with pad 'D32:1' at (245146150, 99132891) using coordinate system rotated by 255.0 degree(s)
14:41:22: [INFO] Adding track segment (B.Cu): [(227361575, 106363504), (243462352, 102049313)]
14:41:22: [INFO] Adding track segment (B.Cu): [(243462352, 102049313), (245146150, 99132891)]
14:41:22: [INFO] Routing pad 'D32:1' at (245146150, 99132891) with pad 'D33:1' at (262930724, 91902277) using coordinate system rotated by 255.0 degree(s)
14:41:22: [INFO] Adding track segment (B.Cu): [(245146150, 99132891), (261246924, 94818701)]
14:41:22: [INFO] Adding track segment (B.Cu): [(261246924, 94818701), (262930724, 91902277)]
14:41:22: [INFO] Routing pad 'D33:1' at (262930724, 91902277) with pad 'D34:1' at (281947924, 89271885) using coordinate system rotated by 255.0 degree(s)
14:41:22: [INFO] Adding track segment (B.Cu): [(262930724, 91902277), (279031499, 87588086)]
14:41:22: [INFO] Adding track segment (B.Cu): [(279031499, 87588086), (281947924, 89271885)]
14:41:22: [INFO] Routing pad 'D34:1' at (281947924, 89271885) with pad 'D35:1' at (301581436, 88941604) using coordinate system rotated by 255.0 degree(s)
14:41:22: [INFO] Adding track segment (B.Cu): [(281947924, 89271885), (287780770, 92639480)]
14:41:22: [INFO] Adding track segment (B.Cu): [(287780770, 92639480), (301581436, 88941604)]
14:41:22: [INFO] Routing pad 'D35:1' at (301581436, 88941604) with pad 'D36:1' at (319982323, 84011101) using coordinate system rotated by 255.0 degree(s)
14:41:22: [INFO] Adding track segment (B.Cu): [(301581436, 88941604), (319982322, 84011100)]
14:41:22: [INFO] Adding track segment (B.Cu): [(319982322, 84011100), (319982323, 84011101)]
14:41:22: [INFO] Routing COL6 pads
14:41:22: [WARNING] Could not route pads when parent footprints not rotated the same, footprint1: SW31 at 15.0 degree(s) and footprint2: SW40 at 45.0 degree(s)
14:41:22: [INFO] Routing pad 'SW7:1' at (206858466, 64193181) with pad 'SW19:1' at (211788969, 82594068) using coordinate system rotated by 345.0 degree(s)
14:41:22: [INFO] Adding track segment (F.Cu): [(206858466, 64193181), (211788967, 82594067)]
14:41:22: [INFO] Adding track segment (F.Cu): [(211788967, 82594067), (211788969, 82594068)]
14:41:23: [INFO] Routing pad 'SW19:1' at (211788969, 82594068) with pad 'SW31:1' at (216719471, 100994955) using coordinate system rotated by 345.0 degree(s)
14:41:23: [INFO] Adding track segment (F.Cu): [(211788969, 82594068), (216719471, 100994952)]
14:41:23: [INFO] Adding track segment (F.Cu): [(216719471, 100994952), (216719471, 100994955)]
14:41:23: [INFO] Routing COL0 pads
14:41:23: [INFO] Routing pad 'SW25:1' at (51200121, 79460159) with pad 'SW13:1' at (56130623, 61059272) using coordinate system rotated by 15.0 degree(s)
14:41:23: [INFO] Adding track segment (F.Cu): [(51200121, 79460159), (56130622, 61059272)]
14:41:23: [INFO] Adding track segment (F.Cu): [(56130622, 61059272), (56130623, 61059272)]
14:41:23: [INFO] Routing pad 'SW13:1' at (56130623, 61059272) with pad 'SW1:1' at (61061126, 42658385) using coordinate system rotated by 15.0 degree(s)
14:41:23: [INFO] Adding track segment (F.Cu): [(56130623, 61059272), (61061124, 42658385)]
14:41:23: [INFO] Adding track segment (F.Cu): [(61061124, 42658385), (61061126, 42658385)]
14:41:23: [INFO] Routing COL8 pads
14:41:23: [INFO] Routing pad 'SW9:1' at (242427614, 49731954) with pad 'SW21:1' at (247358117, 68132841) using coordinate system rotated by 345.0 degree(s)
14:41:23: [INFO] Adding track segment (F.Cu): [(242427614, 49731954), (247358116, 68132840)]
14:41:23: [INFO] Adding track segment (F.Cu): [(247358116, 68132840), (247358117, 68132841)]
14:41:23: [INFO] Routing pad 'SW21:1' at (247358117, 68132841) with pad 'SW33:1' at (252288620, 86533728) using coordinate system rotated by 345.0 degree(s)
14:41:23: [INFO] Adding track segment (F.Cu): [(247358117, 68132841), (252288619, 86533727)]
14:41:23: [INFO] Adding track segment (F.Cu): [(252288619, 86533727), (252288620, 86533728)]
14:41:23: [INFO] Routing pad 'SW33:1' at (252288620, 86533728) with pad 'SW42:1' at (253722230, 114973344) using coordinate system rotated by 345.0 degree(s)
14:41:23: [INFO] Adding track segment (F.Cu): [(252288620, 86533728), (257947866, 107654325)]
14:41:23: [INFO] Adding track segment (F.Cu): [(257947866, 107654325), (253722230, 114973344)]
14:41:23: [INFO] Routing ROW1 pads
14:41:23: [INFO] Routing pad 'D13:1' at (62662680, 71029624) with pad 'D14:1' at (81063567, 75960127) using coordinate system rotated by 285.0 degree(s)
14:41:23: [INFO] Adding track segment (B.Cu): [(62662680, 71029624), (81063566, 75960126)]
14:41:23: [INFO] Adding track segment (B.Cu): [(81063566, 75960126), (81063567, 75960127)]
14:41:23: [INFO] Routing pad 'D14:1' at (81063567, 75960127) with pad 'D15:1' at (100697080, 76290408) using coordinate system rotated by 285.0 degree(s)
14:41:23: [INFO] Adding track segment (B.Cu): [(81063567, 75960127), (94864231, 79658003)]
14:41:23: [INFO] Adding track segment (B.Cu): [(94864231, 79658003), (100697080, 76290408)]
14:41:23: [INFO] Routing pad 'D15:1' at (100697080, 76290408) with pad 'D16:1' at (119714280, 78920800) using coordinate system rotated by 285.0 degree(s)
14:41:23: [INFO] Adding track segment (B.Cu): [(100697080, 76290408), (116797855, 80604597)]
14:41:23: [INFO] Adding track segment (B.Cu): [(116797855, 80604597), (119714280, 78920800)]
14:41:23: [INFO] Routing pad 'D16:1' at (119714280, 78920800) with pad 'D17:1' at (137498854, 86151414) using coordinate system rotated by 285.0 degree(s)
14:41:23: [INFO] Adding track segment (B.Cu): [(119714280, 78920800), (135815055, 83234989)]
14:41:23: [INFO] Adding track segment (B.Cu): [(135815055, 83234989), (137498854, 86151414)]
14:41:23: [INFO] Routing pad 'D17:1' at (137498854, 86151414) with pad 'D18:1' at (155283428, 93382027) using coordinate system rotated by 285.0 degree(s)
14:41:23: [INFO] Adding track segment (B.Cu): [(137498854, 86151414), (153599629, 90465603)]
14:41:23: [INFO] Adding track segment (B.Cu): [(153599629, 90465603), (155283428, 93382027)]
14:41:23: [WARNING] Could not route pads when parent footprints not rotated the same, footprint1: D18 at 75.0 degree(s) and footprint2: D19 at 105.0 degree(s)
14:41:23: [INFO] Routing pad 'D19:1' at (222431073, 87962617) with pad 'D20:1' at (240215647, 80732004) using coordinate system rotated by 255.0 degree(s)
14:41:23: [INFO] Adding track segment (B.Cu): [(222431073, 87962617), (238531849, 83648426)]
14:41:23: [INFO] Adding track segment (B.Cu): [(238531849, 83648426), (240215647, 80732004)]
14:41:23: [INFO] Routing pad 'D20:1' at (240215647, 80732004) with pad 'D21:1' at (258000221, 73501390) using coordinate system rotated by 255.0 degree(s)
14:41:23: [INFO] Adding track segment (B.Cu): [(240215647, 80732004), (256316422, 76417814)]
14:41:23: [INFO] Adding track segment (B.Cu): [(256316422, 76417814), (258000221, 73501390)]
14:41:23: [INFO] Routing pad 'D21:1' at (258000221, 73501390) with pad 'D22:1' at (277017421, 70870998) using coordinate system rotated by 255.0 degree(s)
14:41:23: [INFO] Adding track segment (B.Cu): [(258000221, 73501390), (274100996, 69187199)]
14:41:23: [INFO] Adding track segment (B.Cu): [(274100996, 69187199), (277017421, 70870998)]
14:41:23: [INFO] Routing pad 'D22:1' at (277017421, 70870998) with pad 'D23:1' at (296650933, 70540717) using coordinate system rotated by 255.0 degree(s)
14:41:23: [INFO] Adding track segment (B.Cu): [(277017421, 70870998), (282850268, 74238593)]
14:41:23: [INFO] Adding track segment (B.Cu): [(282850268, 74238593), (296650933, 70540717)]
14:41:23: [INFO] Routing pad 'D23:1' at (296650933, 70540717) with pad 'D24:1' at (315051820, 65610214) using coordinate system rotated by 255.0 degree(s)
14:41:23: [INFO] Adding track segment (B.Cu): [(296650933, 70540717), (315051819, 65610213)]
14:41:23: [INFO] Adding track segment (B.Cu): [(315051819, 65610213), (315051820, 65610214)]
14:41:23: [INFO] Routing ROW3 pads
14:41:23: [WARNING] Could not route pads when parent footprints not rotated the same, footprint1: D37 at 75.0 degree(s) and footprint2: D38 at 60.0 degree(s)
14:41:23: [WARNING] Could not route pads when parent footprints not rotated the same, footprint1: D38 at 60.0 degree(s) and footprint2: D39 at 45.0 degree(s)
14:41:23: [INFO] Routing pad 'D39:1' at (155473630, 142358458) with pad 'D40:1' at (222233074, 135174254) using coordinate system rotated by 315.0 degree(s)
14:41:23: [INFO] Adding track segment (B.Cu): [(155473630, 142358458), (215048869, 142358457)]
14:41:23: [INFO] Adding track segment (B.Cu): [(215048869, 142358457), (222233074, 135174254)]
14:41:23: [WARNING] Could not route pads when parent footprints not rotated the same, footprint1: D40 at 135.0 degree(s) and footprint2: D41 at 120.0 degree(s)
14:41:23: [WARNING] Could not route pads when parent footprints not rotated the same, footprint1: D41 at 120.0 degree(s) and footprint2: D42 at 105.0 degree(s)
14:41:23: [INFO] Routing COL4 pads
14:41:23: [INFO] Routing pad 'SW29:1' at (126036294, 94581949) with pad 'SW17:1' at (130966797, 76181062) using coordinate system rotated by 15.0 degree(s)
14:41:23: [INFO] Adding track segment (F.Cu): [(126036294, 94581949), (130966796, 76181061)]
14:41:23: [INFO] Adding track segment (F.Cu): [(130966796, 76181061), (130966797, 76181062)]
14:41:23: [WARNING] Could not route pads when parent footprints not rotated the same, footprint1: SW29 at -15.0 degree(s) and footprint2: SW38 at -30.0 degree(s)
14:41:23: [INFO] Routing pad 'SW17:1' at (130966797, 76181062) with pad 'SW5:1' at (135897300, 57780175) using coordinate system rotated by 15.0 degree(s)
14:41:23: [INFO] Adding track segment (F.Cu): [(130966797, 76181062), (135897299, 57780174)]
14:41:23: [INFO] Adding track segment (F.Cu): [(135897299, 57780174), (135897300, 57780175)]
14:41:23: [INFO] Routing COL11 pads
14:41:23: [INFO] Routing pad 'SW12:1' at (299479214, 41840778) with pad 'SW24:1' at (304409716, 60241665) using coordinate system rotated by 345.0 degree(s)
14:41:23: [INFO] Adding track segment (F.Cu): [(299479214, 41840778), (304409716, 60241663)]
14:41:23: [INFO] Adding track segment (F.Cu): [(304409716, 60241663), (304409716, 60241665)]
14:41:23: [INFO] Routing pad 'SW24:1' at (304409716, 60241665) with pad 'SW36:1' at (309340219, 78642552) using coordinate system rotated by 345.0 degree(s)
14:41:23: [INFO] Adding track segment (F.Cu): [(304409716, 60241665), (309340218, 78642551)]
14:41:23: [INFO] Adding track segment (F.Cu): [(309340218, 78642551), (309340219, 78642552)]
14:41:23: [INFO] Routing COL1 pads
14:41:23: [INFO] Routing pad 'SW26:1' at (69601008, 84390662) with pad 'SW14:1' at (74531510, 65989775) using coordinate system rotated by 15.0 degree(s)
14:41:23: [INFO] Adding track segment (F.Cu): [(69601008, 84390662), (74531509, 65989775)]
14:41:23: [INFO] Adding track segment (F.Cu): [(74531509, 65989775), (74531510, 65989775)]
14:41:23: [INFO] Routing pad 'SW14:1' at (74531510, 65989775) with pad 'SW2:1' at (79462013, 47588888) using coordinate system rotated by 15.0 degree(s)
14:41:23: [INFO] Adding track segment (F.Cu): [(74531510, 65989775), (79462011, 47588888)]
14:41:23: [INFO] Adding track segment (F.Cu): [(79462011, 47588888), (79462013, 47588888)]
14:41:23: [INFO] Routing COL3 pads
14:41:23: [INFO] Routing pad 'SW28:1' at (108251720, 87351335) with pad 'SW37:1' at (108487415, 113001143) using coordinate system rotated by 15.0 degree(s)
14:41:23: [INFO] Adding track segment (F.Cu): [(108251720, 87351335), (103632191, 104591649)]
14:41:23: [INFO] Adding track segment (F.Cu): [(103632191, 104591649), (108487415, 113001143)]
14:41:23: [INFO] Routing pad 'SW28:1' at (108251720, 87351335) with pad 'SW16:1' at (113182223, 68950448) using coordinate system rotated by 15.0 degree(s)
14:41:23: [INFO] Adding track segment (F.Cu): [(108251720, 87351335), (113182222, 68950447)]
14:41:23: [INFO] Adding track segment (F.Cu): [(113182222, 68950447), (113182223, 68950448)]
14:41:23: [INFO] Routing pad 'SW16:1' at (113182223, 68950448) with pad 'SW4:1' at (118112726, 50549561) using coordinate system rotated by 15.0 degree(s)
14:41:23: [INFO] Adding track segment (F.Cu): [(113182223, 68950448), (118112725, 50549560)]
14:41:23: [INFO] Adding track segment (F.Cu): [(118112725, 50549560), (118112726, 50549561)]
14:41:23: [INFO] Routing COL5 pads
14:41:23: [INFO] Routing pad 'SW30:1' at (143820868, 101812562) with pad 'SW18:1' at (148751371, 83411675) using coordinate system rotated by 15.0 degree(s)
14:41:23: [INFO] Adding track segment (F.Cu): [(143820868, 101812562), (148751369, 83411675)]
14:41:23: [INFO] Adding track segment (F.Cu): [(148751369, 83411675), (148751371, 83411675)]
14:41:23: [INFO] Routing pad 'SW18:1' at (148751371, 83411675) with pad 'SW6:1' at (153681874, 65010788) using coordinate system rotated by 15.0 degree(s)
14:41:23: [INFO] Adding track segment (F.Cu): [(148751371, 83411675), (153681873, 65010787)]
14:41:23: [INFO] Adding track segment (F.Cu): [(153681873, 65010787), (153681874, 65010788)]
14:41:23: [WARNING] Could not route pads when parent footprints not rotated the same, footprint1: SW30 at -15.0 degree(s) and footprint2: SW39 at -45.0 degree(s)
14:41:23: [INFO] Routing COL10 pads
14:41:23: [INFO] Routing pad 'SW11:1' at (281078327, 46771281) with pad 'SW23:1' at (286008829, 65172168) using coordinate system rotated by 345.0 degree(s)
14:41:23: [INFO] Adding track segment (F.Cu): [(281078327, 46771281), (286008828, 65172167)]
14:41:23: [INFO] Adding track segment (F.Cu): [(286008828, 65172167), (286008829, 65172168)]
14:41:23: [INFO] Routing pad 'SW23:1' at (286008829, 65172168) with pad 'SW35:1' at (290939332, 83573055) using coordinate system rotated by 345.0 degree(s)
14:41:23: [INFO] Adding track segment (F.Cu): [(286008829, 65172168), (290939331, 83573054)]
14:41:23: [INFO] Adding track segment (F.Cu): [(290939331, 83573054), (290939332, 83573055)]
14:41:23: [INFO] Routing COL9 pads
14:41:23: [INFO] Routing pad 'SW10:1' at (261444814, 47101562) with pad 'SW22:1' at (266375317, 65502449) using coordinate system rotated by 345.0 degree(s)
14:41:23: [INFO] Adding track segment (F.Cu): [(261444814, 47101562), (266375316, 65502448)]
14:41:23: [INFO] Adding track segment (F.Cu): [(266375316, 65502448), (266375317, 65502449)]
14:41:23: [INFO] Routing pad 'SW22:1' at (266375317, 65502449) with pad 'SW34:1' at (271305820, 83903336) using coordinate system rotated by 345.0 degree(s)
14:41:23: [INFO] Adding track segment (F.Cu): [(266375317, 65502449), (271305818, 83903334)]
14:41:23: [INFO] Adding track segment (F.Cu): [(271305818, 83903334), (271305820, 83903336)]
14:41:23: [INFO] Routing COL7 pads
14:41:23: [INFO] Routing pad 'SW8:1' at (224643040, 56962568) with pad 'SW20:1' at (229573543, 75363455) using coordinate system rotated by 345.0 degree(s)
14:41:23: [INFO] Adding track segment (F.Cu): [(224643040, 56962568), (229573542, 75363454)]
14:41:23: [INFO] Adding track segment (F.Cu): [(229573542, 75363454), (229573543, 75363455)]
14:41:23: [WARNING] Could not route pads when parent footprints not rotated the same, footprint1: SW32 at 15.0 degree(s) and footprint2: SW41 at 30.0 degree(s)
14:41:23: [INFO] Routing pad 'SW20:1' at (229573543, 75363455) with pad 'SW32:1' at (234504046, 93764342) using coordinate system rotated by 345.0 degree(s)
14:41:23: [INFO] Adding track segment (F.Cu): [(229573543, 75363455), (234504044, 93764341)]
14:41:23: [INFO] Adding track segment (F.Cu): [(234504044, 93764341), (234504046, 93764342)]
14:41:23: [INFO] Removing dangling tracks
