=== kbplacer.kle_serial ===
=== layout2image.py ===
=== kbplacer ===
13:38:36: [INFO] User layout: https://editor.keyboard-tools.xyz/#share=NrDeCIA9wLgAgEwDoCsAaO4Dus4AZUNwALXA9TLBXARgF8iAWNPcAXTQCgxwBPXALTkGmPC3BExNCaLTVJaAMzsuwcDXFEN0rXJnqlK7uASbMpneb1FTyjscVnwjy8+uZHdtkA
13:38:36: [INFO] Labels prefixes: for rows: 'ROW', for columns: 'COL'
13:38:36: [INFO] Matrix size: 4x3
13:38:36: [WARNING] Requested width 0.5u not available for SW_Cherry_MX_PCB, using 1.0u fallback
13:38:36: [INFO] Add COL0 net
13:38:36: [INFO] Add COL1 net
13:38:36: [INFO] Add COL2 net
13:38:36: [INFO] Add COL3 net
13:38:36: [INFO] Add Net-(D1-A) net
13:38:36: [INFO] Add Net-(D10-A) net
13:38:36: [INFO] Add Net-(D11-A) net
13:38:36: [INFO] Add Net-(D12-A) net
13:38:36: [INFO] Add Net-(D13-A) net
13:38:36: [INFO] Add Net-(D14-A) net
13:38:36: [INFO] Add Net-(D15-A) net
13:38:36: [INFO] Add Net-(D16-A) net
13:38:36: [INFO] Add Net-(D17-A) net
13:38:36: [INFO] Add Net-(D2-A) net
13:38:36: [INFO] Add Net-(D3-A) net
13:38:36: [INFO] Add Net-(D4-A) net
13:38:36: [INFO] Add Net-(D5-A) net
13:38:36: [INFO] Add Net-(D6-A) net
13:38:36: [INFO] Add Net-(D7-A) net
13:38:36: [INFO] Add Net-(D8-A) net
13:38:36: [INFO] Add Net-(D9-A) net
13:38:36: [INFO] Add ROW0 net
13:38:36: [INFO] Add ROW1 net
13:38:36: [INFO] Add ROW2 net
13:38:36: [INFO] Add ROW3 net
13:38:36: [INFO] Add ROW4 net
13:38:36: [INFO] Add SW1 footprint
13:38:36: [INFO] Add D1 footprint
13:38:36: [INFO] Add SW2 footprint
13:38:36: [INFO] Add D2 footprint
13:38:36: [INFO] Add SW3 footprint
13:38:36: [INFO] Add D3 footprint
13:38:36: [INFO] Add SW4 footprint
13:38:36: [INFO] Add D4 footprint
13:38:36: [INFO] Add SW5 footprint
13:38:37: [INFO] Add D5 footprint
13:38:37: [INFO] Add SW6 footprint
13:38:37: [INFO] Add D6 footprint
13:38:37: [INFO] Add SW7 footprint
13:38:37: [INFO] Add D7 footprint
13:38:37: [INFO] Add SW8 footprint
13:38:37: [INFO] Add D8 footprint
13:38:37: [INFO] Add SW9 footprint
13:38:37: [INFO] Add D9 footprint
13:38:37: [INFO] Add SW10 footprint
13:38:37: [INFO] Add D10 footprint
13:38:37: [INFO] Add SW11 footprint
13:38:37: [INFO] Add D11 footprint
13:38:37: [INFO] Add SW12 footprint
13:38:37: [INFO] Add D12 footprint
13:38:37: [INFO] Add SW13 footprint
13:38:37: [INFO] Add D13 footprint
13:38:37: [INFO] Add SW14 footprint
13:38:37: [INFO] Add D14 footprint
13:38:37: [INFO] Add SW15 footprint
13:38:37: [INFO] Add D15 footprint
13:38:37: [INFO] Add SW16 footprint
13:38:37: [INFO] Add D16 footprint
13:38:37: [WARNING] Requested width 0.5u not available for SW_Cherry_MX_PCB, using 1.0u fallback
13:38:37: [INFO] Add SW17 footprint
13:38:37: [INFO] Add D17 footprint
13:38:37: [INFO] Detected layout convertible to matrix annotated keyboard
13:38:37: [INFO] Using key 1U distance: (19.05, 19.05) mm
13:38:37: [INFO] Layout offset: (23812500, 33337500)
13:38:37: [INFO] Diode info: [ElementInfo(annotation_format='D{}', position_option=<PositionOption.CUSTOM: 'Custom'>, position=ElementPosition(x=5.08, y=4.0, orientation=90.0, side=<Side.BACK: 'Back'>), template_path='', start_index=-1)]
13:38:37: [INFO] Placing additional elements for SW17
13:38:37: [INFO] Placing additional elements for SW16
13:38:37: [INFO] Placing additional elements for SW15
13:38:37: [INFO] Placing additional elements for SW14
13:38:37: [INFO] Placing additional elements for SW13
13:38:37: [INFO] Placing additional elements for SW12
13:38:37: [INFO] Placing additional elements for SW11
13:38:37: [INFO] Placing additional elements for SW10
13:38:37: [INFO] Placing additional elements for SW9
13:38:37: [INFO] Placing additional elements for SW8
13:38:37: [INFO] Placing additional elements for SW7
13:38:37: [INFO] Placing additional elements for SW6
13:38:37: [INFO] Placing additional elements for SW5
13:38:37: [INFO] Placing additional elements for SW4
13:38:37: [INFO] Placing additional elements for SW3
13:38:37: [INFO] Placing additional elements for SW2
13:38:37: [INFO] Placing additional elements for SW1
13:38:37: [INFO] Routing SW17 with D17
13:38:37: [INFO] Using internal autorouter method
13:38:37: [INFO] Routing pad 'SW17:2' at (78740000, 33020000) with pad 'D17:2' at (81280000, 40700000) using coordinate system rotated by 0 degree(s)
13:38:37: [INFO] Adding track segment (B.Cu): [(78740000, 33020000), (78740000, 38160000)]
13:38:37: [INFO] Adding track segment (B.Cu): [(78740000, 38160000), (81280000, 40700000)]
13:38:37: [INFO] Routing SW16 with D16
13:38:37: [INFO] Using internal autorouter method
13:38:37: [INFO] Routing pad 'SW16:2' at (93027500, 104457500) with pad 'D16:2' at (95567500, 112137500) using coordinate system rotated by 0 degree(s)
13:38:37: [INFO] Adding track segment (B.Cu): [(93027500, 104457500), (93027500, 109597500)]
13:38:37: [INFO] Adding track segment (B.Cu): [(93027500, 109597500), (95567500, 112137500)]
13:38:37: [INFO] Routing SW15 with D15
13:38:37: [INFO] Using internal autorouter method
13:38:37: [INFO] Routing pad 'SW15:2' at (73977500, 104457500) with pad 'D15:2' at (76517500, 112137500) using coordinate system rotated by 0 degree(s)
13:38:37: [INFO] Adding track segment (B.Cu): [(73977500, 104457500), (73977500, 109597500)]
13:38:37: [INFO] Adding track segment (B.Cu): [(73977500, 109597500), (76517500, 112137500)]
13:38:37: [INFO] Routing SW14 with D14
13:38:37: [INFO] Using internal autorouter method
13:38:37: [INFO] Routing pad 'SW14:2' at (54927500, 104457500) with pad 'D14:2' at (57467500, 112137500) using coordinate system rotated by 0 degree(s)
13:38:37: [INFO] Adding track segment (B.Cu): [(54927500, 104457500), (54927500, 109597500)]
13:38:37: [INFO] Adding track segment (B.Cu): [(54927500, 109597500), (57467500, 112137500)]
13:38:37: [INFO] Routing SW13 with D13
13:38:37: [INFO] Using internal autorouter method
13:38:37: [INFO] Routing pad 'SW13:2' at (35877500, 104457500) with pad 'D13:2' at (38417500, 112137500) using coordinate system rotated by 0 degree(s)
13:38:37: [INFO] Adding track segment (B.Cu): [(35877500, 104457500), (35877500, 109597500)]
13:38:37: [INFO] Adding track segment (B.Cu): [(35877500, 109597500), (38417500, 112137500)]
13:38:37: [INFO] Routing SW12 with D12
13:38:37: [INFO] Using internal autorouter method
13:38:37: [INFO] Routing pad 'SW12:2' at (93027500, 85407500) with pad 'D12:2' at (95567500, 93087500) using coordinate system rotated by 0 degree(s)
13:38:37: [INFO] Adding track segment (B.Cu): [(93027500, 85407500), (93027500, 90547500)]
13:38:37: [INFO] Adding track segment (B.Cu): [(93027500, 90547500), (95567500, 93087500)]
13:38:37: [INFO] Routing SW11 with D11
13:38:37: [INFO] Using internal autorouter method
13:38:37: [INFO] Routing pad 'SW11:2' at (73977500, 85407500) with pad 'D11:2' at (76517500, 93087500) using coordinate system rotated by 0 degree(s)
13:38:37: [INFO] Adding track segment (B.Cu): [(73977500, 85407500), (73977500, 90547500)]
13:38:37: [INFO] Adding track segment (B.Cu): [(73977500, 90547500), (76517500, 93087500)]
13:38:37: [INFO] Routing SW10 with D10
13:38:37: [INFO] Using internal autorouter method
13:38:37: [INFO] Routing pad 'SW10:2' at (54927500, 85407500) with pad 'D10:2' at (57467500, 93087500) using coordinate system rotated by 0 degree(s)
13:38:37: [INFO] Adding track segment (B.Cu): [(54927500, 85407500), (54927500, 90547500)]
13:38:37: [INFO] Adding track segment (B.Cu): [(54927500, 90547500), (57467500, 93087500)]
13:38:37: [INFO] Routing SW9 with D9
13:38:37: [INFO] Using internal autorouter method
13:38:37: [INFO] Routing pad 'SW9:2' at (35877500, 85407500) with pad 'D9:2' at (38417500, 93087500) using coordinate system rotated by 0 degree(s)
13:38:37: [INFO] Adding track segment (B.Cu): [(35877500, 85407500), (35877500, 90547500)]
13:38:37: [INFO] Adding track segment (B.Cu): [(35877500, 90547500), (38417500, 93087500)]
13:38:37: [INFO] Routing SW8 with D8
13:38:37: [INFO] Using internal autorouter method
13:38:37: [INFO] Routing pad 'SW8:2' at (93027500, 66357500) with pad 'D8:2' at (95567500, 74037500) using coordinate system rotated by 0 degree(s)
13:38:37: [INFO] Adding track segment (B.Cu): [(93027500, 66357500), (93027500, 71497500)]
13:38:37: [INFO] Adding track segment (B.Cu): [(93027500, 71497500), (95567500, 74037500)]
13:38:37: [INFO] Routing SW7 with D7
13:38:37: [INFO] Using internal autorouter method
13:38:37: [INFO] Routing pad 'SW7:2' at (73977500, 66357500) with pad 'D7:2' at (76517500, 74037500) using coordinate system rotated by 0 degree(s)
13:38:37: [INFO] Adding track segment (B.Cu): [(73977500, 66357500), (73977500, 71497500)]
13:38:37: [INFO] Adding track segment (B.Cu): [(73977500, 71497500), (76517500, 74037500)]
13:38:37: [INFO] Routing SW6 with D6
13:38:37: [INFO] Using internal autorouter method
13:38:37: [INFO] Routing pad 'SW6:2' at (54927500, 66357500) with pad 'D6:2' at (57467500, 74037500) using coordinate system rotated by 0 degree(s)
13:38:37: [INFO] Adding track segment (B.Cu): [(54927500, 66357500), (54927500, 71497500)]
13:38:37: [INFO] Adding track segment (B.Cu): [(54927500, 71497500), (57467500, 74037500)]
13:38:37: [INFO] Routing SW5 with D5
13:38:37: [INFO] Using internal autorouter method
13:38:37: [INFO] Routing pad 'SW5:2' at (35877500, 66357500) with pad 'D5:2' at (38417500, 74037500) using coordinate system rotated by 0 degree(s)
13:38:37: [INFO] Adding track segment (B.Cu): [(35877500, 66357500), (35877500, 71497500)]
13:38:37: [INFO] Adding track segment (B.Cu): [(35877500, 71497500), (38417500, 74037500)]
13:38:37: [INFO] Routing SW4 with D4
13:38:37: [INFO] Using internal autorouter method
13:38:37: [INFO] Routing pad 'SW4:2' at (93027500, 47307500) with pad 'D4:2' at (95567500, 54987500) using coordinate system rotated by 0 degree(s)
13:38:37: [INFO] Adding track segment (B.Cu): [(93027500, 47307500), (93027500, 52447500)]
13:38:37: [INFO] Adding track segment (B.Cu): [(93027500, 52447500), (95567500, 54987500)]
13:38:37: [INFO] Routing SW3 with D3
13:38:37: [INFO] Using internal autorouter method
13:38:37: [INFO] Routing pad 'SW3:2' at (73977500, 47307500) with pad 'D3:2' at (76517500, 54987500) using coordinate system rotated by 0 degree(s)
13:38:37: [INFO] Adding track segment (B.Cu): [(73977500, 47307500), (73977500, 52447500)]
13:38:37: [INFO] Adding track segment (B.Cu): [(73977500, 52447500), (76517500, 54987500)]
13:38:37: [INFO] Routing SW2 with D2
13:38:37: [INFO] Using internal autorouter method
13:38:37: [INFO] Routing pad 'SW2:2' at (54927500, 47307500) with pad 'D2:2' at (57467500, 54987500) using coordinate system rotated by 0 degree(s)
13:38:37: [INFO] Adding track segment (B.Cu): [(54927500, 47307500), (54927500, 52447500)]
13:38:37: [INFO] Adding track segment (B.Cu): [(54927500, 52447500), (57467500, 54987500)]
13:38:37: [INFO] Routing SW1 with D1
13:38:37: [INFO] Using internal autorouter method
13:38:37: [INFO] Routing pad 'SW1:2' at (35877500, 47307500) with pad 'D1:2' at (38417500, 54987500) using coordinate system rotated by 0 degree(s)
13:38:37: [INFO] Adding track segment (B.Cu): [(35877500, 47307500), (35877500, 52447500)]
13:38:37: [INFO] Adding track segment (B.Cu): [(35877500, 52447500), (38417500, 54987500)]
13:38:37: [INFO] Routing ROW4 pads
13:38:37: [INFO] Routing COL0 pads
13:38:37: [INFO] Routing pad 'SW1:1' at (29527500, 49847500) with pad 'SW5:1' at (29527500, 68897500) using coordinate system rotated by 0 degree(s)
13:38:37: [INFO] Adding track segment (F.Cu): [(29527500, 49847500), (29527500, 68897500)]
13:38:37: [INFO] Routing pad 'SW5:1' at (29527500, 68897500) with pad 'SW9:1' at (29527500, 87947500) using coordinate system rotated by 0 degree(s)
13:38:37: [INFO] Adding track segment (F.Cu): [(29527500, 68897500), (29527500, 87947500)]
13:38:37: [INFO] Routing pad 'SW9:1' at (29527500, 87947500) with pad 'SW13:1' at (29527500, 106997500) using coordinate system rotated by 0 degree(s)
13:38:37: [INFO] Adding track segment (F.Cu): [(29527500, 87947500), (29527500, 106997500)]
13:38:37: [INFO] Routing pad 'SW1:1' at (29527500, 49847500) with pad 'SW17:1' at (72390000, 35560000) using coordinate system rotated by 0 degree(s)
13:38:37: [INFO] Adding track segment (F.Cu): [(29527500, 49847500), (43815000, 35560000)]
13:38:37: [INFO] Adding track segment (F.Cu): [(43815000, 35560000), (72390000, 35560000)]
13:38:37: [INFO] Routing COL2 pads
13:38:37: [INFO] Routing pad 'SW3:1' at (67627500, 49847500) with pad 'SW7:1' at (67627500, 68897500) using coordinate system rotated by 0 degree(s)
13:38:37: [INFO] Adding track segment (F.Cu): [(67627500, 49847500), (67627500, 68897500)]
13:38:37: [INFO] Routing pad 'SW7:1' at (67627500, 68897500) with pad 'SW11:1' at (67627500, 87947500) using coordinate system rotated by 0 degree(s)
13:38:37: [INFO] Adding track segment (F.Cu): [(67627500, 68897500), (67627500, 87947500)]
13:38:37: [INFO] Routing pad 'SW11:1' at (67627500, 87947500) with pad 'SW15:1' at (67627500, 106997500) using coordinate system rotated by 0 degree(s)
13:38:37: [INFO] Adding track segment (F.Cu): [(67627500, 87947500), (67627500, 106997500)]
13:38:37: [INFO] Routing ROW2 pads
13:38:37: [INFO] Routing pad 'D9:1' at (38417500, 95887500) with pad 'D10:1' at (57467500, 95887500) using coordinate system rotated by 0 degree(s)
13:38:37: [INFO] Adding track segment (B.Cu): [(38417500, 95887500), (57467500, 95887500)]
13:38:37: [INFO] Routing pad 'D10:1' at (57467500, 95887500) with pad 'D11:1' at (76517500, 95887500) using coordinate system rotated by 0 degree(s)
13:38:37: [INFO] Adding track segment (B.Cu): [(57467500, 95887500), (76517500, 95887500)]
13:38:37: [INFO] Routing pad 'D11:1' at (76517500, 95887500) with pad 'D12:1' at (95567500, 95887500) using coordinate system rotated by 0 degree(s)
13:38:37: [INFO] Adding track segment (B.Cu): [(76517500, 95887500), (95567500, 95887500)]
13:38:37: [INFO] Routing ROW1 pads
13:38:37: [INFO] Routing pad 'D5:1' at (38417500, 76837500) with pad 'D6:1' at (57467500, 76837500) using coordinate system rotated by 0 degree(s)
13:38:37: [INFO] Adding track segment (B.Cu): [(38417500, 76837500), (57467500, 76837500)]
13:38:37: [INFO] Routing pad 'D6:1' at (57467500, 76837500) with pad 'D7:1' at (76517500, 76837500) using coordinate system rotated by 0 degree(s)
13:38:37: [INFO] Adding track segment (B.Cu): [(57467500, 76837500), (76517500, 76837500)]
13:38:37: [INFO] Routing pad 'D7:1' at (76517500, 76837500) with pad 'D8:1' at (95567500, 76837500) using coordinate system rotated by 0 degree(s)
13:38:37: [INFO] Adding track segment (B.Cu): [(76517500, 76837500), (95567500, 76837500)]
13:38:37: [INFO] Routing COL3 pads
13:38:37: [INFO] Routing pad 'SW4:1' at (86677500, 49847500) with pad 'SW8:1' at (86677500, 68897500) using coordinate system rotated by 0 degree(s)
13:38:37: [INFO] Adding track segment (F.Cu): [(86677500, 49847500), (86677500, 68897500)]
13:38:37: [INFO] Routing pad 'SW8:1' at (86677500, 68897500) with pad 'SW12:1' at (86677500, 87947500) using coordinate system rotated by 0 degree(s)
13:38:37: [INFO] Adding track segment (F.Cu): [(86677500, 68897500), (86677500, 87947500)]
13:38:37: [INFO] Routing pad 'SW12:1' at (86677500, 87947500) with pad 'SW16:1' at (86677500, 106997500) using coordinate system rotated by 0 degree(s)
13:38:37: [INFO] Adding track segment (F.Cu): [(86677500, 87947500), (86677500, 106997500)]
13:38:37: [INFO] Routing ROW0 pads
13:38:37: [INFO] Routing pad 'D1:1' at (38417500, 57787500) with pad 'D2:1' at (57467500, 57787500) using coordinate system rotated by 0 degree(s)
13:38:37: [INFO] Adding track segment (B.Cu): [(38417500, 57787500), (57467500, 57787500)]
13:38:37: [INFO] Routing pad 'D2:1' at (57467500, 57787500) with pad 'D3:1' at (76517500, 57787500) using coordinate system rotated by 0 degree(s)
13:38:37: [INFO] Adding track segment (B.Cu): [(57467500, 57787500), (76517500, 57787500)]
13:38:37: [INFO] Routing pad 'D3:1' at (76517500, 57787500) with pad 'D4:1' at (95567500, 57787500) using coordinate system rotated by 0 degree(s)
13:38:37: [INFO] Adding track segment (B.Cu): [(76517500, 57787500), (95567500, 57787500)]
13:38:37: [INFO] Routing ROW3 pads
13:38:37: [INFO] Routing pad 'D13:1' at (38417500, 114937500) with pad 'D14:1' at (57467500, 114937500) using coordinate system rotated by 0 degree(s)
13:38:37: [INFO] Adding track segment (B.Cu): [(38417500, 114937500), (57467500, 114937500)]
13:38:37: [INFO] Routing pad 'D14:1' at (57467500, 114937500) with pad 'D15:1' at (76517500, 114937500) using coordinate system rotated by 0 degree(s)
13:38:37: [INFO] Adding track segment (B.Cu): [(57467500, 114937500), (76517500, 114937500)]
13:38:37: [INFO] Routing pad 'D15:1' at (76517500, 114937500) with pad 'D16:1' at (95567500, 114937500) using coordinate system rotated by 0 degree(s)
13:38:37: [INFO] Adding track segment (B.Cu): [(76517500, 114937500), (95567500, 114937500)]
13:38:37: [INFO] Routing COL1 pads
13:38:37: [INFO] Routing pad 'SW2:1' at (48577500, 49847500) with pad 'SW6:1' at (48577500, 68897500) using coordinate system rotated by 0 degree(s)
13:38:37: [INFO] Adding track segment (F.Cu): [(48577500, 49847500), (48577500, 68897500)]
13:38:37: [INFO] Routing pad 'SW6:1' at (48577500, 68897500) with pad 'SW10:1' at (48577500, 87947500) using coordinate system rotated by 0 degree(s)
13:38:37: [INFO] Adding track segment (F.Cu): [(48577500, 68897500), (48577500, 87947500)]
13:38:37: [INFO] Routing pad 'SW10:1' at (48577500, 87947500) with pad 'SW14:1' at (48577500, 106997500) using coordinate system rotated by 0 degree(s)
13:38:37: [INFO] Adding track segment (F.Cu): [(48577500, 87947500), (48577500, 106997500)]
13:38:37: [INFO] Removing dangling tracks
