=== kbplacer.kle_serial ===
=== layout2image.py ===
=== kbplacer ===
13:31:15: [INFO] User layout: https://editor.keyboard-tools.xyz/#share=NrDeCIA9wLgAgAwDoCsAaO4DGtMGIBDI48AXw3ATQXAwmnmQCYVzMqBGWuCHecPFiHCyFKk26U0AZklUALHLQolANiUB2bvVwdUbKQA4lATiUcaYtBy5WOEu7LuK62XAOIkDnFQF00AFBgULjMrBQc1NohjEgsFADuuvoR1tF8+MIiBpEOmJFO+WguRSqp6q4McExICDloxqlmqRaSkTZt1nng7YU91iW87oSeBJJJ8HrhRRx+gcDgTFGVoXHomBNwehrTi2muGQJZQqKYS31LJXtlZ2gVt1or8DW7S423zbetFEsdP12SX6FIb8Eaeca4GosAy-OZBHSTRKQtYGaT7HhuUHHHComSSNFXNE3cBo+4ktCPDFVGp1Cho97kz7k76YNF-VkAunWYGY-CjMZIyZIHa4jiE6xw4JVPTxDbJXbydEgzLHSRjeAaQVbNYUAAmuAALgAnACuAFMDOlhvy1bhFXKhQrilasaqtUwDIqbhBNjKnfcEdqqA7qsKne9lR5RhDHZ7rLYMYdBG7MOq4JqQ9IdZh9fBjebLQdrdGKGn7eBfSlMIqxeBfL4gA
13:31:15: [INFO] Labels prefixes: for rows: 'ROW', for columns: 'COL'
13:31:15: [INFO] Matrix size: 4x15
13:31:16: [WARNING] No stabilizer footprint for width 2.25u, using 2u as fallback
13:31:16: [WARNING] No stabilizer footprint for width 2.25u, using 2u as fallback
13:31:16: [WARNING] No stabilizer footprint for width 2.75u, using 2u as fallback
13:31:16: [INFO] Add COL0 net
13:31:16: [INFO] Add COL1 net
13:31:16: [INFO] Add COL10 net
13:31:16: [INFO] Add COL11 net
13:31:16: [INFO] Add COL12 net
13:31:16: [INFO] Add COL13 net
13:31:16: [INFO] Add COL14 net
13:31:16: [INFO] Add COL15 net
13:31:16: [INFO] Add COL2 net
13:31:16: [INFO] Add COL3 net
13:31:16: [INFO] Add COL4 net
13:31:16: [INFO] Add COL5 net
13:31:16: [INFO] Add COL6 net
13:31:16: [INFO] Add COL7 net
13:31:16: [INFO] Add COL8 net
13:31:16: [INFO] Add COL9 net
13:31:16: [INFO] Add Net-(D1-A) net
13:31:16: [INFO] Add Net-(D10-A) net
13:31:16: [INFO] Add Net-(D11-A) net
13:31:16: [INFO] Add Net-(D12-A) net
13:31:16: [INFO] Add Net-(D13-A) net
13:31:16: [INFO] Add Net-(D14-A) net
13:31:16: [INFO] Add Net-(D15-A) net
13:31:16: [INFO] Add Net-(D16-A) net
13:31:16: [INFO] Add Net-(D17-A) net
13:31:16: [INFO] Add Net-(D18-A) net
13:31:16: [INFO] Add Net-(D19-A) net
13:31:16: [INFO] Add Net-(D2-A) net
13:31:16: [INFO] Add Net-(D20-A) net
13:31:16: [INFO] Add Net-(D21-A) net
13:31:16: [INFO] Add Net-(D22-A) net
13:31:16: [INFO] Add Net-(D23-A) net
13:31:16: [INFO] Add Net-(D24-A) net
13:31:16: [INFO] Add Net-(D25-A) net
13:31:16: [INFO] Add Net-(D26-A) net
13:31:16: [INFO] Add Net-(D27-A) net
13:31:16: [INFO] Add Net-(D28-A) net
13:31:16: [INFO] Add Net-(D29-A) net
13:31:16: [INFO] Add Net-(D3-A) net
13:31:16: [INFO] Add Net-(D30-A) net
13:31:16: [INFO] Add Net-(D31-A) net
13:31:16: [INFO] Add Net-(D32-A) net
13:31:16: [INFO] Add Net-(D33-A) net
13:31:16: [INFO] Add Net-(D34-A) net
13:31:16: [INFO] Add Net-(D35-A) net
13:31:16: [INFO] Add Net-(D36-A) net
13:31:16: [INFO] Add Net-(D37-A) net
13:31:16: [INFO] Add Net-(D38-A) net
13:31:16: [INFO] Add Net-(D39-A) net
13:31:16: [INFO] Add Net-(D4-A) net
13:31:16: [INFO] Add Net-(D40-A) net
13:31:16: [INFO] Add Net-(D41-A) net
13:31:16: [INFO] Add Net-(D42-A) net
13:31:16: [INFO] Add Net-(D43-A) net
13:31:16: [INFO] Add Net-(D44-A) net
13:31:16: [INFO] Add Net-(D45-A) net
13:31:16: [INFO] Add Net-(D46-A) net
13:31:16: [INFO] Add Net-(D47-A) net
13:31:16: [INFO] Add Net-(D48-A) net
13:31:16: [INFO] Add Net-(D49-A) net
13:31:16: [INFO] Add Net-(D5-A) net
13:31:16: [INFO] Add Net-(D50-A) net
13:31:16: [INFO] Add Net-(D51-A) net
13:31:16: [INFO] Add Net-(D52-A) net
13:31:16: [INFO] Add Net-(D53-A) net
13:31:16: [INFO] Add Net-(D54-A) net
13:31:16: [INFO] Add Net-(D55-A) net
13:31:16: [INFO] Add Net-(D56-A) net
13:31:16: [INFO] Add Net-(D57-A) net
13:31:16: [INFO] Add Net-(D58-A) net
13:31:16: [INFO] Add Net-(D59-A) net
13:31:16: [INFO] Add Net-(D6-A) net
13:31:16: [INFO] Add Net-(D60-A) net
13:31:16: [INFO] Add Net-(D61-A) net
13:31:16: [INFO] Add Net-(D62-A) net
13:31:16: [INFO] Add Net-(D63-A) net
13:31:16: [INFO] Add Net-(D64-A) net
13:31:16: [INFO] Add Net-(D65-A) net
13:31:16: [INFO] Add Net-(D66-A) net
13:31:16: [INFO] Add Net-(D7-A) net
13:31:16: [INFO] Add Net-(D8-A) net
13:31:16: [INFO] Add Net-(D9-A) net
13:31:16: [INFO] Add ROW0 net
13:31:16: [INFO] Add ROW1 net
13:31:16: [INFO] Add ROW2 net
13:31:16: [INFO] Add ROW3 net
13:31:16: [INFO] Add ROW4 net
13:31:16: [INFO] Add SW1 footprint
13:31:16: [INFO] Add D1 footprint
13:31:16: [INFO] Add SW2 footprint
13:31:16: [INFO] Add D2 footprint
13:31:16: [INFO] Add SW3 footprint
13:31:16: [INFO] Add D3 footprint
13:31:16: [INFO] Add SW4 footprint
13:31:16: [INFO] Add D4 footprint
13:31:16: [INFO] Add SW5 footprint
13:31:16: [INFO] Add D5 footprint
13:31:16: [INFO] Add SW6 footprint
13:31:16: [INFO] Add D6 footprint
13:31:16: [INFO] Add SW7 footprint
13:31:16: [INFO] Add D7 footprint
13:31:16: [INFO] Add SW8 footprint
13:31:16: [INFO] Add D8 footprint
13:31:16: [INFO] Add SW9 footprint
13:31:16: [INFO] Add D9 footprint
13:31:17: [INFO] Add SW10 footprint
13:31:17: [INFO] Add D10 footprint
13:31:17: [INFO] Add SW11 footprint
13:31:17: [INFO] Add D11 footprint
13:31:17: [INFO] Add SW12 footprint
13:31:17: [INFO] Add D12 footprint
13:31:17: [INFO] Add SW13 footprint
13:31:17: [INFO] Add D13 footprint
13:31:17: [INFO] Add SW14 footprint
13:31:17: [INFO] Add D14 footprint
13:31:17: [INFO] Add SW15 footprint
13:31:17: [INFO] Add D15 footprint
13:31:17: [INFO] Add SW16 footprint
13:31:17: [INFO] Add D16 footprint
13:31:17: [INFO] Add SW17 footprint
13:31:17: [INFO] Add D17 footprint
13:31:17: [INFO] Add SW18 footprint
13:31:17: [INFO] Add D18 footprint
13:31:17: [INFO] Add SW19 footprint
13:31:17: [INFO] Add D19 footprint
13:31:17: [INFO] Add SW20 footprint
13:31:17: [INFO] Add D20 footprint
13:31:17: [INFO] Add SW21 footprint
13:31:17: [INFO] Add D21 footprint
13:31:17: [INFO] Add SW22 footprint
13:31:17: [INFO] Add D22 footprint
13:31:17: [INFO] Add SW23 footprint
13:31:17: [INFO] Add D23 footprint
13:31:17: [INFO] Add SW24 footprint
13:31:17: [INFO] Add D24 footprint
13:31:17: [INFO] Add SW25 footprint
13:31:17: [INFO] Add D25 footprint
13:31:18: [INFO] Add SW26 footprint
13:31:18: [INFO] Add D26 footprint
13:31:18: [INFO] Add SW27 footprint
13:31:18: [INFO] Add D27 footprint
13:31:18: [INFO] Add SW28 footprint
13:31:18: [INFO] Add D28 footprint
13:31:18: [INFO] Add SW29 footprint
13:31:18: [INFO] Add D29 footprint
13:31:18: [INFO] Add SW30 footprint
13:31:18: [INFO] Add D30 footprint
13:31:18: [INFO] Add SW31 footprint
13:31:18: [INFO] Add D31 footprint
13:31:18: [INFO] Add SW32 footprint
13:31:18: [INFO] Add D32 footprint
13:31:18: [INFO] Add SW33 footprint
13:31:18: [INFO] Add D33 footprint
13:31:18: [INFO] Add SW34 footprint
13:31:18: [INFO] Add D34 footprint
13:31:18: [INFO] Add SW35 footprint
13:31:18: [INFO] Add D35 footprint
13:31:18: [INFO] Add SW36 footprint
13:31:18: [INFO] Add D36 footprint
13:31:18: [INFO] Add SW37 footprint
13:31:18: [INFO] Add D37 footprint
13:31:18: [INFO] Add SW38 footprint
13:31:18: [INFO] Add D38 footprint
13:31:18: [INFO] Add SW39 footprint
13:31:18: [INFO] Add D39 footprint
13:31:18: [INFO] Add SW40 footprint
13:31:18: [INFO] Add D40 footprint
13:31:18: [INFO] Add SW41 footprint
13:31:19: [INFO] Add D41 footprint
13:31:19: [INFO] Add SW42 footprint
13:31:19: [INFO] Add D42 footprint
13:31:19: [INFO] Add SW43 footprint
13:31:19: [INFO] Add D43 footprint
13:31:19: [INFO] Add SW44 footprint
13:31:19: [INFO] Add D44 footprint
13:31:19: [INFO] Add SW45 footprint
13:31:19: [INFO] Add D45 footprint
13:31:19: [WARNING] No stabilizer footprint for width 2.25u, using 2u as fallback
13:31:19: [INFO] Add ST45 footprint
13:31:19: [INFO] Add SW46 footprint
13:31:19: [INFO] Add D46 footprint
13:31:19: [WARNING] No stabilizer footprint for width 2.25u, using 2u as fallback
13:31:19: [INFO] Add ST46 footprint
13:31:19: [INFO] Add SW47 footprint
13:31:19: [INFO] Add D47 footprint
13:31:19: [INFO] Add SW48 footprint
13:31:19: [INFO] Add D48 footprint
13:31:19: [INFO] Add SW49 footprint
13:31:19: [INFO] Add D49 footprint
13:31:19: [INFO] Add SW50 footprint
13:31:19: [INFO] Add D50 footprint
13:31:19: [INFO] Add SW51 footprint
13:31:19: [INFO] Add D51 footprint
13:31:19: [INFO] Add SW52 footprint
13:31:19: [INFO] Add D52 footprint
13:31:19: [INFO] Add SW53 footprint
13:31:19: [INFO] Add D53 footprint
13:31:19: [INFO] Add SW54 footprint
13:31:19: [INFO] Add D54 footprint
13:31:19: [INFO] Add SW55 footprint
13:31:19: [INFO] Add D55 footprint
13:31:19: [INFO] Add SW56 footprint
13:31:19: [INFO] Add D56 footprint
13:31:19: [INFO] Add SW57 footprint
13:31:19: [INFO] Add D57 footprint
13:31:19: [INFO] Add SW58 footprint
13:31:19: [INFO] Add D58 footprint
13:31:19: [INFO] Add SW59 footprint
13:31:19: [INFO] Add D59 footprint
13:31:20: [INFO] Add SW60 footprint
13:31:20: [INFO] Add D60 footprint
13:31:20: [INFO] Add SW61 footprint
13:31:20: [INFO] Add D61 footprint
13:31:20: [INFO] Add SW62 footprint
13:31:20: [INFO] Add D62 footprint
13:31:20: [INFO] Add ST62 footprint
13:31:20: [INFO] Add SW63 footprint
13:31:20: [INFO] Add D63 footprint
13:31:20: [INFO] Add SW64 footprint
13:31:20: [INFO] Add D64 footprint
13:31:20: [WARNING] No stabilizer footprint for width 2.75u, using 2u as fallback
13:31:20: [INFO] Add ST64 footprint
13:31:20: [INFO] Add SW65 footprint
13:31:20: [INFO] Add D65 footprint
13:31:20: [INFO] Add SW66 footprint
13:31:20: [INFO] Add D66 footprint
13:31:20: [INFO] Detected layout convertible to matrix annotated keyboard
13:31:20: [INFO] Using key 1U distance: (19.05, 19.05) mm
13:31:20: [INFO] Layout offset: (38100000, 28575000)
13:31:20: [INFO] Diode info: [ElementInfo(annotation_format='D{}', position_option=<PositionOption.CUSTOM: 'Custom'>, position=ElementPosition(x=5.08, y=4.0, orientation=90.0, side=<Side.BACK: 'Back'>), template_path='', start_index=-1)]
13:31:20: [INFO] Placing additional elements for SW66
13:31:20: [INFO] Placing additional elements for SW65
13:31:20: [INFO] Placing additional elements for SW64
13:31:20: [INFO] Placing additional elements for SW63
13:31:20: [INFO] Placing additional elements for SW62
13:31:20: [INFO] Placing additional elements for SW61
13:31:20: [INFO] Placing additional elements for SW60
13:31:20: [INFO] Placing additional elements for SW59
13:31:20: [INFO] Placing additional elements for SW58
13:31:20: [INFO] Placing additional elements for SW57
13:31:20: [INFO] Placing additional elements for SW56
13:31:20: [INFO] Placing additional elements for SW55
13:31:20: [INFO] Placing additional elements for SW54
13:31:20: [INFO] Placing additional elements for SW53
13:31:20: [INFO] Placing additional elements for SW52
13:31:20: [INFO] Placing additional elements for SW51
13:31:20: [INFO] Placing additional elements for SW50
13:31:20: [INFO] Placing additional elements for SW49
13:31:20: [INFO] Placing additional elements for SW48
13:31:20: [INFO] Placing additional elements for SW47
13:31:20: [INFO] Placing additional elements for SW46
13:31:20: [INFO] Placing additional elements for SW45
13:31:20: [INFO] Placing additional elements for SW44
13:31:20: [INFO] Placing additional elements for SW43
13:31:20: [INFO] Placing additional elements for SW42
13:31:20: [INFO] Placing additional elements for SW41
13:31:20: [INFO] Placing additional elements for SW40
13:31:20: [INFO] Placing additional elements for SW39
13:31:20: [INFO] Placing additional elements for SW38
13:31:20: [INFO] Placing additional elements for SW37
13:31:20: [INFO] Placing additional elements for SW36
13:31:20: [INFO] Placing additional elements for SW35
13:31:20: [INFO] Placing additional elements for SW34
13:31:20: [INFO] Placing additional elements for SW33
13:31:20: [INFO] Placing additional elements for SW32
13:31:20: [INFO] Placing additional elements for SW31
13:31:20: [INFO] Placing additional elements for SW30
13:31:20: [INFO] Placing additional elements for SW29
13:31:20: [INFO] Placing additional elements for SW28
13:31:20: [INFO] Placing additional elements for SW27
13:31:20: [INFO] Placing additional elements for SW26
13:31:20: [INFO] Placing additional elements for SW25
13:31:20: [INFO] Placing additional elements for SW24
13:31:20: [INFO] Placing additional elements for SW23
13:31:20: [INFO] Placing additional elements for SW22
13:31:20: [INFO] Placing additional elements for SW21
13:31:20: [INFO] Placing additional elements for SW20
13:31:20: [INFO] Placing additional elements for SW19
13:31:20: [INFO] Placing additional elements for SW18
13:31:20: [INFO] Placing additional elements for SW17
13:31:20: [INFO] Placing additional elements for SW16
13:31:20: [INFO] Placing additional elements for SW15
13:31:20: [INFO] Placing additional elements for SW14
13:31:20: [INFO] Placing additional elements for SW13
13:31:20: [INFO] Placing additional elements for SW12
13:31:20: [INFO] Placing additional elements for SW11
13:31:20: [INFO] Placing additional elements for SW10
13:31:20: [INFO] Placing additional elements for SW9
13:31:20: [INFO] Placing additional elements for SW8
13:31:20: [INFO] Placing additional elements for SW7
13:31:20: [INFO] Placing additional elements for SW6
13:31:20: [INFO] Placing additional elements for SW5
13:31:20: [INFO] Placing additional elements for SW4
13:31:20: [INFO] Placing additional elements for SW3
13:31:20: [INFO] Placing additional elements for SW2
13:31:20: [INFO] Placing additional elements for SW1
13:31:20: [INFO] Routing SW66 with D66
13:31:20: [INFO] Using internal autorouter method
13:31:20: [INFO] Routing pad 'SW66:2' at (383540000, 109220000) with pad 'D66:2' at (386080000, 116900000) using coordinate system rotated by 0 degree(s)
13:31:20: [INFO] Adding track segment (B.Cu): [(383540000, 109220000), (383540000, 114360000)]
13:31:20: [INFO] Adding track segment (B.Cu): [(383540000, 114360000), (386080000, 116900000)]
13:31:20: [INFO] Routing SW65 with D65
13:31:20: [INFO] Using internal autorouter method
13:31:20: [INFO] Routing pad 'SW65:2' at (293052500, 109220000) with pad 'D65:2' at (295592500, 116900000) using coordinate system rotated by 0 degree(s)
13:31:20: [INFO] Adding track segment (B.Cu): [(293052500, 109220000), (293052500, 114360000)]
13:31:20: [INFO] Adding track segment (B.Cu): [(293052500, 114360000), (295592500, 116900000)]
13:31:20: [INFO] Routing SW64 with D64
13:31:20: [INFO] Using internal autorouter method
13:31:20: [INFO] Routing pad 'SW64:2' at (252571250, 109220000) with pad 'D64:2' at (255111250, 116900000) using coordinate system rotated by 0 degree(s)
13:31:20: [INFO] Adding track segment (B.Cu): [(252571250, 109220000), (252571250, 114360000)]
13:31:20: [INFO] Adding track segment (B.Cu): [(252571250, 114360000), (255111250, 116900000)]
13:31:20: [INFO] Routing SW63 with D63
13:31:20: [INFO] Using internal autorouter method
13:31:20: [INFO] Routing pad 'SW63:2' at (195421250, 109220000) with pad 'D63:2' at (197961250, 116900000) using coordinate system rotated by 0 degree(s)
13:31:20: [INFO] Adding track segment (B.Cu): [(195421250, 109220000), (195421250, 114360000)]
13:31:20: [INFO] Adding track segment (B.Cu): [(195421250, 114360000), (197961250, 116900000)]
13:31:20: [INFO] Routing SW62 with D62
13:31:20: [INFO] Using internal autorouter method
13:31:20: [INFO] Routing pad 'SW62:2' at (164465000, 109220000) with pad 'D62:2' at (167005000, 116900000) using coordinate system rotated by 0 degree(s)
13:31:20: [INFO] Adding track segment (B.Cu): [(164465000, 109220000), (164465000, 114360000)]
13:31:20: [INFO] Adding track segment (B.Cu): [(164465000, 114360000), (167005000, 116900000)]
13:31:20: [INFO] Routing SW61 with D61
13:31:20: [INFO] Using internal autorouter method
13:31:20: [INFO] Routing pad 'SW61:2' at (131127500, 109220000) with pad 'D61:2' at (133667500, 116900000) using coordinate system rotated by 0 degree(s)
13:31:20: [INFO] Adding track segment (B.Cu): [(131127500, 109220000), (131127500, 114360000)]
13:31:20: [INFO] Adding track segment (B.Cu): [(131127500, 114360000), (133667500, 116900000)]
13:31:20: [INFO] Routing SW60 with D60
13:31:20: [INFO] Using internal autorouter method
13:31:20: [INFO] Routing pad 'SW60:2' at (78740000, 109220000) with pad 'D60:2' at (81280000, 116900000) using coordinate system rotated by 0 degree(s)
13:31:20: [INFO] Adding track segment (B.Cu): [(78740000, 109220000), (78740000, 114360000)]
13:31:20: [INFO] Adding track segment (B.Cu): [(78740000, 114360000), (81280000, 116900000)]
13:31:20: [INFO] Routing SW59 with D59
13:31:20: [INFO] Using internal autorouter method
13:31:20: [INFO] Routing pad 'SW59:2' at (393065000, 90170000) with pad 'D59:2' at (395605000, 97850000) using coordinate system rotated by 0 degree(s)
13:31:20: [INFO] Adding track segment (B.Cu): [(393065000, 90170000), (393065000, 95310000)]
13:31:20: [INFO] Adding track segment (B.Cu): [(393065000, 95310000), (395605000, 97850000)]
13:31:20: [INFO] Routing SW58 with D58
13:31:20: [INFO] Using internal autorouter method
13:31:20: [INFO] Routing pad 'SW58:2' at (366871250, 90170000) with pad 'D58:2' at (369411250, 97850000) using coordinate system rotated by 0 degree(s)
13:31:20: [INFO] Adding track segment (B.Cu): [(366871250, 90170000), (366871250, 95310000)]
13:31:20: [INFO] Adding track segment (B.Cu): [(366871250, 95310000), (369411250, 97850000)]
13:31:20: [INFO] Routing SW57 with D57
13:31:20: [INFO] Using internal autorouter method
13:31:20: [INFO] Routing pad 'SW57:2' at (340677500, 90170000) with pad 'D57:2' at (343217500, 97850000) using coordinate system rotated by 0 degree(s)
13:31:20: [INFO] Adding track segment (B.Cu): [(340677500, 90170000), (340677500, 95310000)]
13:31:20: [INFO] Adding track segment (B.Cu): [(340677500, 95310000), (343217500, 97850000)]
13:31:20: [INFO] Routing SW56 with D56
13:31:20: [INFO] Using internal autorouter method
13:31:20: [INFO] Routing pad 'SW56:2' at (321627500, 90170000) with pad 'D56:2' at (324167500, 97850000) using coordinate system rotated by 0 degree(s)
13:31:20: [INFO] Adding track segment (B.Cu): [(321627500, 90170000), (321627500, 95310000)]
13:31:20: [INFO] Adding track segment (B.Cu): [(321627500, 95310000), (324167500, 97850000)]
13:31:20: [INFO] Routing SW55 with D55
13:31:20: [INFO] Using internal autorouter method
13:31:20: [INFO] Routing pad 'SW55:2' at (302577500, 90170000) with pad 'D55:2' at (305117500, 97850000) using coordinate system rotated by 0 degree(s)
13:31:20: [INFO] Adding track segment (B.Cu): [(302577500, 90170000), (302577500, 95310000)]
13:31:20: [INFO] Adding track segment (B.Cu): [(302577500, 95310000), (305117500, 97850000)]
13:31:20: [INFO] Routing SW54 with D54
13:31:20: [INFO] Using internal autorouter method
13:31:20: [INFO] Routing pad 'SW54:2' at (283527500, 90170000) with pad 'D54:2' at (286067500, 97850000) using coordinate system rotated by 0 degree(s)
13:31:20: [INFO] Adding track segment (B.Cu): [(283527500, 90170000), (283527500, 95310000)]
13:31:20: [INFO] Adding track segment (B.Cu): [(283527500, 95310000), (286067500, 97850000)]
13:31:20: [INFO] Routing SW53 with D53
13:31:20: [INFO] Using internal autorouter method
13:31:20: [INFO] Routing pad 'SW53:2' at (264477500, 90170000) with pad 'D53:2' at (267017500, 97850000) using coordinate system rotated by 0 degree(s)
13:31:20: [INFO] Adding track segment (B.Cu): [(264477500, 90170000), (264477500, 95310000)]
13:31:20: [INFO] Adding track segment (B.Cu): [(264477500, 95310000), (267017500, 97850000)]
13:31:20: [INFO] Routing SW52 with D52
13:31:20: [INFO] Using internal autorouter method
13:31:20: [INFO] Routing pad 'SW52:2' at (245427500, 90170000) with pad 'D52:2' at (247967500, 97850000) using coordinate system rotated by 0 degree(s)
13:31:20: [INFO] Adding track segment (B.Cu): [(245427500, 90170000), (245427500, 95310000)]
13:31:20: [INFO] Adding track segment (B.Cu): [(245427500, 95310000), (247967500, 97850000)]
13:31:20: [INFO] Routing SW51 with D51
13:31:20: [INFO] Using internal autorouter method
13:31:20: [INFO] Routing pad 'SW51:2' at (188277500, 90170000) with pad 'D51:2' at (190817500, 97850000) using coordinate system rotated by 0 degree(s)
13:31:20: [INFO] Adding track segment (B.Cu): [(188277500, 90170000), (188277500, 95310000)]
13:31:20: [INFO] Adding track segment (B.Cu): [(188277500, 95310000), (190817500, 97850000)]
13:31:20: [INFO] Routing SW50 with D50
13:31:20: [INFO] Using internal autorouter method
13:31:20: [INFO] Routing pad 'SW50:2' at (169227500, 90170000) with pad 'D50:2' at (171767500, 97850000) using coordinate system rotated by 0 degree(s)
13:31:20: [INFO] Adding track segment (B.Cu): [(169227500, 90170000), (169227500, 95310000)]
13:31:20: [INFO] Adding track segment (B.Cu): [(169227500, 95310000), (171767500, 97850000)]
13:31:20: [INFO] Routing SW49 with D49
13:31:20: [INFO] Using internal autorouter method
13:31:20: [INFO] Routing pad 'SW49:2' at (150177500, 90170000) with pad 'D49:2' at (152717500, 97850000) using coordinate system rotated by 0 degree(s)
13:31:20: [INFO] Adding track segment (B.Cu): [(150177500, 90170000), (150177500, 95310000)]
13:31:20: [INFO] Adding track segment (B.Cu): [(150177500, 95310000), (152717500, 97850000)]
13:31:20: [INFO] Routing SW48 with D48
13:31:20: [INFO] Using internal autorouter method
13:31:20: [INFO] Routing pad 'SW48:2' at (131127500, 90170000) with pad 'D48:2' at (133667500, 97850000) using coordinate system rotated by 0 degree(s)
13:31:20: [INFO] Adding track segment (B.Cu): [(131127500, 90170000), (131127500, 95310000)]
13:31:20: [INFO] Adding track segment (B.Cu): [(131127500, 95310000), (133667500, 97850000)]
13:31:20: [INFO] Routing SW47 with D47
13:31:20: [INFO] Using internal autorouter method
13:31:20: [INFO] Routing pad 'SW47:2' at (112077500, 90170000) with pad 'D47:2' at (114617500, 97850000) using coordinate system rotated by 0 degree(s)
13:31:20: [INFO] Adding track segment (B.Cu): [(112077500, 90170000), (112077500, 95310000)]
13:31:20: [INFO] Adding track segment (B.Cu): [(112077500, 95310000), (114617500, 97850000)]
13:31:20: [INFO] Routing SW46 with D46
13:31:20: [INFO] Using internal autorouter method
13:31:20: [INFO] Routing pad 'SW46:2' at (81121250, 90170000) with pad 'D46:2' at (83661250, 97850000) using coordinate system rotated by 0 degree(s)
13:31:20: [INFO] Adding track segment (B.Cu): [(81121250, 90170000), (81121250, 95310000)]
13:31:20: [INFO] Adding track segment (B.Cu): [(81121250, 95310000), (83661250, 97850000)]
13:31:20: [INFO] Routing SW45 with D45
13:31:20: [INFO] Using internal autorouter method
13:31:20: [INFO] Routing pad 'SW45:2' at (376396250, 71120000) with pad 'D45:2' at (378936250, 78800000) using coordinate system rotated by 0 degree(s)
13:31:20: [INFO] Adding track segment (B.Cu): [(376396250, 71120000), (376396250, 76260000)]
13:31:20: [INFO] Adding track segment (B.Cu): [(376396250, 76260000), (378936250, 78800000)]
13:31:20: [INFO] Routing SW44 with D44
13:31:20: [INFO] Using internal autorouter method
13:31:20: [INFO] Routing pad 'SW44:2' at (345440000, 71120000) with pad 'D44:2' at (347980000, 78800000) using coordinate system rotated by 0 degree(s)
13:31:20: [INFO] Adding track segment (B.Cu): [(345440000, 71120000), (345440000, 76260000)]
13:31:20: [INFO] Adding track segment (B.Cu): [(345440000, 76260000), (347980000, 78800000)]
13:31:20: [INFO] Routing SW43 with D43
13:31:20: [INFO] Using internal autorouter method
13:31:20: [INFO] Routing pad 'SW43:2' at (326390000, 71120000) with pad 'D43:2' at (328930000, 78800000) using coordinate system rotated by 0 degree(s)
13:31:20: [INFO] Adding track segment (B.Cu): [(326390000, 71120000), (326390000, 76260000)]
13:31:20: [INFO] Adding track segment (B.Cu): [(326390000, 76260000), (328930000, 78800000)]
13:31:20: [INFO] Routing SW42 with D42
13:31:20: [INFO] Using internal autorouter method
13:31:20: [INFO] Routing pad 'SW42:2' at (307340000, 71120000) with pad 'D42:2' at (309880000, 78800000) using coordinate system rotated by 0 degree(s)
13:31:20: [INFO] Adding track segment (B.Cu): [(307340000, 71120000), (307340000, 76260000)]
13:31:20: [INFO] Adding track segment (B.Cu): [(307340000, 76260000), (309880000, 78800000)]
13:31:20: [INFO] Routing SW41 with D41
13:31:20: [INFO] Using internal autorouter method
13:31:20: [INFO] Routing pad 'SW41:2' at (288290000, 71120000) with pad 'D41:2' at (290830000, 78800000) using coordinate system rotated by 0 degree(s)
13:31:20: [INFO] Adding track segment (B.Cu): [(288290000, 71120000), (288290000, 76260000)]
13:31:20: [INFO] Adding track segment (B.Cu): [(288290000, 76260000), (290830000, 78800000)]
13:31:20: [INFO] Routing SW40 with D40
13:31:20: [INFO] Using internal autorouter method
13:31:20: [INFO] Routing pad 'SW40:2' at (269240000, 71120000) with pad 'D40:2' at (271780000, 78800000) using coordinate system rotated by 0 degree(s)
13:31:20: [INFO] Adding track segment (B.Cu): [(269240000, 71120000), (269240000, 76260000)]
13:31:20: [INFO] Adding track segment (B.Cu): [(269240000, 76260000), (271780000, 78800000)]
13:31:20: [INFO] Routing SW39 with D39
13:31:20: [INFO] Using internal autorouter method
13:31:20: [INFO] Routing pad 'SW39:2' at (250190000, 71120000) with pad 'D39:2' at (252730000, 78800000) using coordinate system rotated by 0 degree(s)
13:31:20: [INFO] Adding track segment (B.Cu): [(250190000, 71120000), (250190000, 76260000)]
13:31:20: [INFO] Adding track segment (B.Cu): [(250190000, 76260000), (252730000, 78800000)]
13:31:20: [INFO] Routing SW38 with D38
13:31:20: [INFO] Using internal autorouter method
13:31:20: [INFO] Routing pad 'SW38:2' at (183515000, 71120000) with pad 'D38:2' at (186055000, 78800000) using coordinate system rotated by 0 degree(s)
13:31:20: [INFO] Adding track segment (B.Cu): [(183515000, 71120000), (183515000, 76260000)]
13:31:20: [INFO] Adding track segment (B.Cu): [(183515000, 76260000), (186055000, 78800000)]
13:31:20: [INFO] Routing SW37 with D37
13:31:20: [INFO] Using internal autorouter method
13:31:20: [INFO] Routing pad 'SW37:2' at (164465000, 71120000) with pad 'D37:2' at (167005000, 78800000) using coordinate system rotated by 0 degree(s)
13:31:20: [INFO] Adding track segment (B.Cu): [(164465000, 71120000), (164465000, 76260000)]
13:31:20: [INFO] Adding track segment (B.Cu): [(164465000, 76260000), (167005000, 78800000)]
13:31:20: [INFO] Routing SW36 with D36
13:31:20: [INFO] Using internal autorouter method
13:31:20: [INFO] Routing pad 'SW36:2' at (145415000, 71120000) with pad 'D36:2' at (147955000, 78800000) using coordinate system rotated by 0 degree(s)
13:31:20: [INFO] Adding track segment (B.Cu): [(145415000, 71120000), (145415000, 76260000)]
13:31:20: [INFO] Adding track segment (B.Cu): [(145415000, 76260000), (147955000, 78800000)]
13:31:20: [INFO] Routing SW35 with D35
13:31:20: [INFO] Using internal autorouter method
13:31:20: [INFO] Routing pad 'SW35:2' at (126365000, 71120000) with pad 'D35:2' at (128905000, 78800000) using coordinate system rotated by 0 degree(s)
13:31:20: [INFO] Adding track segment (B.Cu): [(126365000, 71120000), (126365000, 76260000)]
13:31:20: [INFO] Adding track segment (B.Cu): [(126365000, 76260000), (128905000, 78800000)]
13:31:20: [INFO] Routing SW34 with D34
13:31:20: [INFO] Using internal autorouter method
13:31:20: [INFO] Routing pad 'SW34:2' at (107315000, 71120000) with pad 'D34:2' at (109855000, 78800000) using coordinate system rotated by 0 degree(s)
13:31:20: [INFO] Adding track segment (B.Cu): [(107315000, 71120000), (107315000, 76260000)]
13:31:20: [INFO] Adding track segment (B.Cu): [(107315000, 76260000), (109855000, 78800000)]
13:31:20: [INFO] Routing SW33 with D33
13:31:20: [INFO] Using internal autorouter method
13:31:20: [INFO] Routing pad 'SW33:2' at (81121250, 71120000) with pad 'D33:2' at (83661250, 78800000) using coordinate system rotated by 0 degree(s)
13:31:20: [INFO] Adding track segment (B.Cu): [(81121250, 71120000), (81121250, 76260000)]
13:31:20: [INFO] Adding track segment (B.Cu): [(81121250, 76260000), (83661250, 78800000)]
13:31:20: [INFO] Routing SW32 with D32
13:31:20: [INFO] Using internal autorouter method
13:31:20: [INFO] Routing pad 'SW32:2' at (50165000, 71120000) with pad 'D32:2' at (52705000, 78800000) using coordinate system rotated by 0 degree(s)
13:31:21: [INFO] Adding track segment (B.Cu): [(50165000, 71120000), (50165000, 76260000)]
13:31:21: [INFO] Adding track segment (B.Cu): [(50165000, 76260000), (52705000, 78800000)]
13:31:21: [INFO] Routing SW31 with D31
13:31:21: [INFO] Using internal autorouter method
13:31:21: [INFO] Routing pad 'SW31:2' at (378777500, 52070000) with pad 'D31:2' at (381317500, 59750000) using coordinate system rotated by 0 degree(s)
13:31:21: [INFO] Adding track segment (B.Cu): [(378777500, 52070000), (378777500, 57210000)]
13:31:21: [INFO] Adding track segment (B.Cu): [(378777500, 57210000), (381317500, 59750000)]
13:31:21: [INFO] Routing SW30 with D30
13:31:21: [INFO] Using internal autorouter method
13:31:21: [INFO] Routing pad 'SW30:2' at (354965000, 52070000) with pad 'D30:2' at (357505000, 59750000) using coordinate system rotated by 0 degree(s)
13:31:21: [INFO] Adding track segment (B.Cu): [(354965000, 52070000), (354965000, 57210000)]
13:31:21: [INFO] Adding track segment (B.Cu): [(354965000, 57210000), (357505000, 59750000)]
13:31:21: [INFO] Routing SW29 with D29
13:31:21: [INFO] Using internal autorouter method
13:31:21: [INFO] Routing pad 'SW29:2' at (335915000, 52070000) with pad 'D29:2' at (338455000, 59750000) using coordinate system rotated by 0 degree(s)
13:31:21: [INFO] Adding track segment (B.Cu): [(335915000, 52070000), (335915000, 57210000)]
13:31:21: [INFO] Adding track segment (B.Cu): [(335915000, 57210000), (338455000, 59750000)]
13:31:21: [INFO] Routing SW28 with D28
13:31:21: [INFO] Using internal autorouter method
13:31:21: [INFO] Routing pad 'SW28:2' at (316865000, 52070000) with pad 'D28:2' at (319405000, 59750000) using coordinate system rotated by 0 degree(s)
13:31:21: [INFO] Adding track segment (B.Cu): [(316865000, 52070000), (316865000, 57210000)]
13:31:21: [INFO] Adding track segment (B.Cu): [(316865000, 57210000), (319405000, 59750000)]
13:31:21: [INFO] Routing SW27 with D27
13:31:21: [INFO] Using internal autorouter method
13:31:21: [INFO] Routing pad 'SW27:2' at (297815000, 52070000) with pad 'D27:2' at (300355000, 59750000) using coordinate system rotated by 0 degree(s)
13:31:21: [INFO] Adding track segment (B.Cu): [(297815000, 52070000), (297815000, 57210000)]
13:31:21: [INFO] Adding track segment (B.Cu): [(297815000, 57210000), (300355000, 59750000)]
13:31:21: [INFO] Routing SW26 with D26
13:31:21: [INFO] Using internal autorouter method
13:31:21: [INFO] Routing pad 'SW26:2' at (278765000, 52070000) with pad 'D26:2' at (281305000, 59750000) using coordinate system rotated by 0 degree(s)
13:31:21: [INFO] Adding track segment (B.Cu): [(278765000, 52070000), (278765000, 57210000)]
13:31:21: [INFO] Adding track segment (B.Cu): [(278765000, 57210000), (281305000, 59750000)]
13:31:21: [INFO] Routing SW25 with D25
13:31:21: [INFO] Using internal autorouter method
13:31:21: [INFO] Routing pad 'SW25:2' at (259715000, 52070000) with pad 'D25:2' at (262255000, 59750000) using coordinate system rotated by 0 degree(s)
13:31:21: [INFO] Adding track segment (B.Cu): [(259715000, 52070000), (259715000, 57210000)]
13:31:21: [INFO] Adding track segment (B.Cu): [(259715000, 57210000), (262255000, 59750000)]
13:31:21: [INFO] Routing SW24 with D24
13:31:21: [INFO] Using internal autorouter method
13:31:21: [INFO] Routing pad 'SW24:2' at (240665000, 52070000) with pad 'D24:2' at (243205000, 59750000) using coordinate system rotated by 0 degree(s)
13:31:21: [INFO] Adding track segment (B.Cu): [(240665000, 52070000), (240665000, 57210000)]
13:31:21: [INFO] Adding track segment (B.Cu): [(240665000, 57210000), (243205000, 59750000)]
13:31:21: [INFO] Routing SW23 with D23
13:31:21: [INFO] Using internal autorouter method
13:31:21: [INFO] Routing pad 'SW23:2' at (183515000, 52070000) with pad 'D23:2' at (186055000, 59750000) using coordinate system rotated by 0 degree(s)
13:31:21: [INFO] Adding track segment (B.Cu): [(183515000, 52070000), (183515000, 57210000)]
13:31:21: [INFO] Adding track segment (B.Cu): [(183515000, 57210000), (186055000, 59750000)]
13:31:21: [INFO] Routing SW22 with D22
13:31:21: [INFO] Using internal autorouter method
13:31:21: [INFO] Routing pad 'SW22:2' at (164465000, 52070000) with pad 'D22:2' at (167005000, 59750000) using coordinate system rotated by 0 degree(s)
13:31:21: [INFO] Adding track segment (B.Cu): [(164465000, 52070000), (164465000, 57210000)]
13:31:21: [INFO] Adding track segment (B.Cu): [(164465000, 57210000), (167005000, 59750000)]
13:31:21: [INFO] Routing SW21 with D21
13:31:21: [INFO] Using internal autorouter method
13:31:21: [INFO] Routing pad 'SW21:2' at (145415000, 52070000) with pad 'D21:2' at (147955000, 59750000) using coordinate system rotated by 0 degree(s)
13:31:21: [INFO] Adding track segment (B.Cu): [(145415000, 52070000), (145415000, 57210000)]
13:31:21: [INFO] Adding track segment (B.Cu): [(145415000, 57210000), (147955000, 59750000)]
13:31:21: [INFO] Routing SW20 with D20
13:31:21: [INFO] Using internal autorouter method
13:31:21: [INFO] Routing pad 'SW20:2' at (126365000, 52070000) with pad 'D20:2' at (128905000, 59750000) using coordinate system rotated by 0 degree(s)
13:31:21: [INFO] Adding track segment (B.Cu): [(126365000, 52070000), (126365000, 57210000)]
13:31:21: [INFO] Adding track segment (B.Cu): [(126365000, 57210000), (128905000, 59750000)]
13:31:21: [INFO] Routing SW19 with D19
13:31:21: [INFO] Using internal autorouter method
13:31:21: [INFO] Routing pad 'SW19:2' at (107315000, 52070000) with pad 'D19:2' at (109855000, 59750000) using coordinate system rotated by 0 degree(s)
13:31:21: [INFO] Adding track segment (B.Cu): [(107315000, 52070000), (107315000, 57210000)]
13:31:21: [INFO] Adding track segment (B.Cu): [(107315000, 57210000), (109855000, 59750000)]
13:31:21: [INFO] Routing SW18 with D18
13:31:21: [INFO] Using internal autorouter method
13:31:21: [INFO] Routing pad 'SW18:2' at (83502500, 52070000) with pad 'D18:2' at (86042500, 59750000) using coordinate system rotated by 0 degree(s)
13:31:21: [INFO] Adding track segment (B.Cu): [(83502500, 52070000), (83502500, 57210000)]
13:31:21: [INFO] Adding track segment (B.Cu): [(83502500, 57210000), (86042500, 59750000)]
13:31:21: [INFO] Routing SW17 with D17
13:31:21: [INFO] Using internal autorouter method
13:31:21: [INFO] Routing pad 'SW17:2' at (54927500, 52070000) with pad 'D17:2' at (57467500, 59750000) using coordinate system rotated by 0 degree(s)
13:31:21: [INFO] Adding track segment (B.Cu): [(54927500, 52070000), (54927500, 57210000)]
13:31:21: [INFO] Adding track segment (B.Cu): [(54927500, 57210000), (57467500, 59750000)]
13:31:21: [INFO] Routing SW16 with D16
13:31:21: [INFO] Using internal autorouter method
13:31:21: [INFO] Routing pad 'SW16:2' at (378777500, 33020000) with pad 'D16:2' at (381317500, 40700000) using coordinate system rotated by 0 degree(s)
13:31:21: [INFO] Adding track segment (B.Cu): [(378777500, 33020000), (378777500, 38160000)]
13:31:21: [INFO] Adding track segment (B.Cu): [(378777500, 38160000), (381317500, 40700000)]
13:31:21: [INFO] Routing SW15 with D15
13:31:21: [INFO] Using internal autorouter method
13:31:21: [INFO] Routing pad 'SW15:2' at (359727500, 33020000) with pad 'D15:2' at (362267500, 40700000) using coordinate system rotated by 0 degree(s)
13:31:21: [INFO] Adding track segment (B.Cu): [(359727500, 33020000), (359727500, 38160000)]
13:31:21: [INFO] Adding track segment (B.Cu): [(359727500, 38160000), (362267500, 40700000)]
13:31:21: [INFO] Routing SW14 with D14
13:31:21: [INFO] Using internal autorouter method
13:31:21: [INFO] Routing pad 'SW14:2' at (340677500, 33020000) with pad 'D14:2' at (343217500, 40700000) using coordinate system rotated by 0 degree(s)
13:31:21: [INFO] Adding track segment (B.Cu): [(340677500, 33020000), (340677500, 38160000)]
13:31:21: [INFO] Adding track segment (B.Cu): [(340677500, 38160000), (343217500, 40700000)]
13:31:21: [INFO] Routing SW13 with D13
13:31:21: [INFO] Using internal autorouter method
13:31:21: [INFO] Routing pad 'SW13:2' at (321627500, 33020000) with pad 'D13:2' at (324167500, 40700000) using coordinate system rotated by 0 degree(s)
13:31:21: [INFO] Adding track segment (B.Cu): [(321627500, 33020000), (321627500, 38160000)]
13:31:21: [INFO] Adding track segment (B.Cu): [(321627500, 38160000), (324167500, 40700000)]
13:31:21: [INFO] Routing SW12 with D12
13:31:21: [INFO] Using internal autorouter method
13:31:21: [INFO] Routing pad 'SW12:2' at (302577500, 33020000) with pad 'D12:2' at (305117500, 40700000) using coordinate system rotated by 0 degree(s)
13:31:21: [INFO] Adding track segment (B.Cu): [(302577500, 33020000), (302577500, 38160000)]
13:31:21: [INFO] Adding track segment (B.Cu): [(302577500, 38160000), (305117500, 40700000)]
13:31:21: [INFO] Routing SW11 with D11
13:31:21: [INFO] Using internal autorouter method
13:31:21: [INFO] Routing pad 'SW11:2' at (283527500, 33020000) with pad 'D11:2' at (286067500, 40700000) using coordinate system rotated by 0 degree(s)
13:31:21: [INFO] Adding track segment (B.Cu): [(283527500, 33020000), (283527500, 38160000)]
13:31:21: [INFO] Adding track segment (B.Cu): [(283527500, 38160000), (286067500, 40700000)]
13:31:21: [INFO] Routing SW10 with D10
13:31:21: [INFO] Using internal autorouter method
13:31:21: [INFO] Routing pad 'SW10:2' at (264477500, 33020000) with pad 'D10:2' at (267017500, 40700000) using coordinate system rotated by 0 degree(s)
13:31:21: [INFO] Adding track segment (B.Cu): [(264477500, 33020000), (264477500, 38160000)]
13:31:21: [INFO] Adding track segment (B.Cu): [(264477500, 38160000), (267017500, 40700000)]
13:31:21: [INFO] Routing SW9 with D9
13:31:21: [INFO] Using internal autorouter method
13:31:21: [INFO] Routing pad 'SW9:2' at (245427500, 33020000) with pad 'D9:2' at (247967500, 40700000) using coordinate system rotated by 0 degree(s)
13:31:21: [INFO] Adding track segment (B.Cu): [(245427500, 33020000), (245427500, 38160000)]
13:31:21: [INFO] Adding track segment (B.Cu): [(245427500, 38160000), (247967500, 40700000)]
13:31:21: [INFO] Routing SW8 with D8
13:31:21: [INFO] Using internal autorouter method
13:31:21: [INFO] Routing pad 'SW8:2' at (197802500, 33020000) with pad 'D8:2' at (200342500, 40700000) using coordinate system rotated by 0 degree(s)
13:31:21: [INFO] Adding track segment (B.Cu): [(197802500, 33020000), (197802500, 38160000)]
13:31:21: [INFO] Adding track segment (B.Cu): [(197802500, 38160000), (200342500, 40700000)]
13:31:21: [INFO] Routing SW7 with D7
13:31:21: [INFO] Using internal autorouter method
13:31:21: [INFO] Routing pad 'SW7:2' at (178752500, 33020000) with pad 'D7:2' at (181292500, 40700000) using coordinate system rotated by 0 degree(s)
13:31:21: [INFO] Adding track segment (B.Cu): [(178752500, 33020000), (178752500, 38160000)]
13:31:21: [INFO] Adding track segment (B.Cu): [(178752500, 38160000), (181292500, 40700000)]
13:31:21: [INFO] Routing SW6 with D6
13:31:21: [INFO] Using internal autorouter method
13:31:21: [INFO] Routing pad 'SW6:2' at (159702500, 33020000) with pad 'D6:2' at (162242500, 40700000) using coordinate system rotated by 0 degree(s)
13:31:21: [INFO] Adding track segment (B.Cu): [(159702500, 33020000), (159702500, 38160000)]
13:31:21: [INFO] Adding track segment (B.Cu): [(159702500, 38160000), (162242500, 40700000)]
13:31:21: [INFO] Routing SW5 with D5
13:31:21: [INFO] Using internal autorouter method
13:31:21: [INFO] Routing pad 'SW5:2' at (140652500, 33020000) with pad 'D5:2' at (143192500, 40700000) using coordinate system rotated by 0 degree(s)
13:31:21: [INFO] Adding track segment (B.Cu): [(140652500, 33020000), (140652500, 38160000)]
13:31:21: [INFO] Adding track segment (B.Cu): [(140652500, 38160000), (143192500, 40700000)]
13:31:21: [INFO] Routing SW4 with D4
13:31:21: [INFO] Using internal autorouter method
13:31:21: [INFO] Routing pad 'SW4:2' at (121602500, 33020000) with pad 'D4:2' at (124142500, 40700000) using coordinate system rotated by 0 degree(s)
13:31:21: [INFO] Adding track segment (B.Cu): [(121602500, 33020000), (121602500, 38160000)]
13:31:21: [INFO] Adding track segment (B.Cu): [(121602500, 38160000), (124142500, 40700000)]
13:31:21: [INFO] Routing SW3 with D3
13:31:21: [INFO] Using internal autorouter method
13:31:21: [INFO] Routing pad 'SW3:2' at (102552500, 33020000) with pad 'D3:2' at (105092500, 40700000) using coordinate system rotated by 0 degree(s)
13:31:21: [INFO] Adding track segment (B.Cu): [(102552500, 33020000), (102552500, 38160000)]
13:31:21: [INFO] Adding track segment (B.Cu): [(102552500, 38160000), (105092500, 40700000)]
13:31:21: [INFO] Routing SW2 with D2
13:31:21: [INFO] Using internal autorouter method
13:31:21: [INFO] Routing pad 'SW2:2' at (83502500, 33020000) with pad 'D2:2' at (86042500, 40700000) using coordinate system rotated by 0 degree(s)
13:31:21: [INFO] Adding track segment (B.Cu): [(83502500, 33020000), (83502500, 38160000)]
13:31:21: [INFO] Adding track segment (B.Cu): [(83502500, 38160000), (86042500, 40700000)]
13:31:21: [INFO] Routing SW1 with D1
13:31:21: [INFO] Using internal autorouter method
13:31:21: [INFO] Routing pad 'SW1:2' at (59690000, 33020000) with pad 'D1:2' at (62230000, 40700000) using coordinate system rotated by 0 degree(s)
13:31:21: [INFO] Adding track segment (B.Cu): [(59690000, 33020000), (59690000, 38160000)]
13:31:21: [INFO] Adding track segment (B.Cu): [(59690000, 38160000), (62230000, 40700000)]
13:31:21: [INFO] Routing ROW1 pads
13:31:21: [INFO] Routing pad 'D17:1' at (57467500, 62550000) with pad 'D18:1' at (86042500, 62550000) using coordinate system rotated by 0 degree(s)
13:31:21: [INFO] Adding track segment (B.Cu): [(57467500, 62550000), (86042500, 62550000)]
13:31:21: [INFO] Routing pad 'D18:1' at (86042500, 62550000) with pad 'D19:1' at (109855000, 62550000) using coordinate system rotated by 0 degree(s)
13:31:21: [INFO] Adding track segment (B.Cu): [(86042500, 62550000), (109855000, 62550000)]
13:31:21: [INFO] Routing pad 'D19:1' at (109855000, 62550000) with pad 'D20:1' at (128905000, 62550000) using coordinate system rotated by 0 degree(s)
13:31:21: [INFO] Adding track segment (B.Cu): [(109855000, 62550000), (128905000, 62550000)]
13:31:21: [INFO] Routing pad 'D20:1' at (128905000, 62550000) with pad 'D21:1' at (147955000, 62550000) using coordinate system rotated by 0 degree(s)
13:31:21: [INFO] Adding track segment (B.Cu): [(128905000, 62550000), (147955000, 62550000)]
13:31:21: [INFO] Routing pad 'D21:1' at (147955000, 62550000) with pad 'D22:1' at (167005000, 62550000) using coordinate system rotated by 0 degree(s)
13:31:21: [INFO] Adding track segment (B.Cu): [(147955000, 62550000), (167005000, 62550000)]
13:31:21: [INFO] Routing pad 'D22:1' at (167005000, 62550000) with pad 'D23:1' at (186055000, 62550000) using coordinate system rotated by 0 degree(s)
13:31:21: [INFO] Adding track segment (B.Cu): [(167005000, 62550000), (186055000, 62550000)]
13:31:21: [INFO] Routing pad 'D23:1' at (186055000, 62550000) with pad 'D24:1' at (243205000, 62550000) using coordinate system rotated by 0 degree(s)
13:31:21: [INFO] Adding track segment (B.Cu): [(186055000, 62550000), (243205000, 62550000)]
13:31:21: [INFO] Routing pad 'D24:1' at (243205000, 62550000) with pad 'D25:1' at (262255000, 62550000) using coordinate system rotated by 0 degree(s)
13:31:21: [INFO] Adding track segment (B.Cu): [(243205000, 62550000), (262255000, 62550000)]
13:31:21: [INFO] Routing pad 'D25:1' at (262255000, 62550000) with pad 'D26:1' at (281305000, 62550000) using coordinate system rotated by 0 degree(s)
13:31:21: [INFO] Adding track segment (B.Cu): [(262255000, 62550000), (281305000, 62550000)]
13:31:21: [INFO] Routing pad 'D26:1' at (281305000, 62550000) with pad 'D27:1' at (300355000, 62550000) using coordinate system rotated by 0 degree(s)
13:31:21: [INFO] Adding track segment (B.Cu): [(281305000, 62550000), (300355000, 62550000)]
13:31:21: [INFO] Routing pad 'D27:1' at (300355000, 62550000) with pad 'D28:1' at (319405000, 62550000) using coordinate system rotated by 0 degree(s)
13:31:21: [INFO] Adding track segment (B.Cu): [(300355000, 62550000), (319405000, 62550000)]
13:31:21: [INFO] Routing pad 'D28:1' at (319405000, 62550000) with pad 'D29:1' at (338455000, 62550000) using coordinate system rotated by 0 degree(s)
13:31:21: [INFO] Adding track segment (B.Cu): [(319405000, 62550000), (338455000, 62550000)]
13:31:21: [INFO] Routing pad 'D29:1' at (338455000, 62550000) with pad 'D30:1' at (357505000, 62550000) using coordinate system rotated by 0 degree(s)
13:31:21: [INFO] Adding track segment (B.Cu): [(338455000, 62550000), (357505000, 62550000)]
13:31:21: [INFO] Routing pad 'D30:1' at (357505000, 62550000) with pad 'D31:1' at (381317500, 62550000) using coordinate system rotated by 0 degree(s)
13:31:21: [INFO] Adding track segment (B.Cu): [(357505000, 62550000), (381317500, 62550000)]
13:31:21: [INFO] Routing COL13 pads
13:31:21: [INFO] Routing pad 'SW29:1' at (329565000, 54610000) with pad 'SW14:1' at (334327500, 35560000) using coordinate system rotated by 0 degree(s)
13:31:21: [INFO] Adding track segment (F.Cu): [(329565000, 54610000), (334327500, 49847500)]
13:31:21: [INFO] Adding track segment (F.Cu): [(334327500, 49847500), (334327500, 35560000)]
13:31:21: [INFO] Routing pad 'SW44:1' at (339090000, 73660000) with pad 'SW57:1' at (334327500, 92710000) using coordinate system rotated by 0 degree(s)
13:31:21: [INFO] Adding track segment (F.Cu): [(339090000, 73660000), (339090000, 87947500)]
13:31:21: [INFO] Adding track segment (F.Cu): [(339090000, 87947500), (334327500, 92710000)]
13:31:21: [INFO] Routing pad 'SW29:1' at (329565000, 54610000) with pad 'SW44:1' at (339090000, 73660000) using coordinate system rotated by 0 degree(s)
13:31:21: [INFO] Adding track segment (F.Cu): [(329565000, 54610000), (329565000, 64135000)]
13:31:21: [INFO] Adding track segment (F.Cu): [(329565000, 64135000), (339090000, 73660000)]
13:31:21: [INFO] Routing COL6 pads
13:31:21: [INFO] Routing pad 'SW37:1' at (158115000, 73660000) with pad 'SW50:1' at (162877500, 92710000) using coordinate system rotated by 0 degree(s)
13:31:21: [INFO] Adding track segment (F.Cu): [(158115000, 73660000), (158115000, 87947500)]
13:31:21: [INFO] Adding track segment (F.Cu): [(158115000, 87947500), (162877500, 92710000)]
13:31:21: [INFO] Routing pad 'SW23:1' at (177165000, 54610000) with pad 'SW7:1' at (172402500, 35560000) using coordinate system rotated by 0 degree(s)
13:31:21: [INFO] Adding track segment (F.Cu): [(177165000, 54610000), (172402500, 49847500)]
13:31:21: [INFO] Adding track segment (F.Cu): [(172402500, 49847500), (172402500, 35560000)]
13:31:21: [INFO] Routing pad 'SW37:1' at (158115000, 73660000) with pad 'SW23:1' at (177165000, 54610000) using coordinate system rotated by 0 degree(s)
13:31:21: [INFO] Routing pad 'SW50:1' at (162877500, 92710000) with pad 'SW63:1' at (189071250, 111760000) using coordinate system rotated by 0 degree(s)
13:31:21: [INFO] Routing ROW2 pads
13:31:21: [INFO] Routing pad 'D32:1' at (52705000, 81600000) with pad 'D33:1' at (83661250, 81600000) using coordinate system rotated by 0 degree(s)
13:31:21: [INFO] Adding track segment (B.Cu): [(52705000, 81600000), (83661250, 81600000)]
13:31:21: [INFO] Routing pad 'D33:1' at (83661250, 81600000) with pad 'D34:1' at (109855000, 81600000) using coordinate system rotated by 0 degree(s)
13:31:21: [INFO] Adding track segment (B.Cu): [(83661250, 81600000), (109855000, 81600000)]
13:31:21: [INFO] Routing pad 'D34:1' at (109855000, 81600000) with pad 'D35:1' at (128905000, 81600000) using coordinate system rotated by 0 degree(s)
13:31:21: [INFO] Adding track segment (B.Cu): [(109855000, 81600000), (128905000, 81600000)]
13:31:21: [INFO] Routing pad 'D35:1' at (128905000, 81600000) with pad 'D36:1' at (147955000, 81600000) using coordinate system rotated by 0 degree(s)
13:31:21: [INFO] Adding track segment (B.Cu): [(128905000, 81600000), (147955000, 81600000)]
13:31:21: [INFO] Routing pad 'D36:1' at (147955000, 81600000) with pad 'D37:1' at (167005000, 81600000) using coordinate system rotated by 0 degree(s)
13:31:21: [INFO] Adding track segment (B.Cu): [(147955000, 81600000), (167005000, 81600000)]
13:31:21: [INFO] Routing pad 'D37:1' at (167005000, 81600000) with pad 'D38:1' at (186055000, 81600000) using coordinate system rotated by 0 degree(s)
13:31:21: [INFO] Adding track segment (B.Cu): [(167005000, 81600000), (186055000, 81600000)]
13:31:21: [INFO] Routing pad 'D38:1' at (186055000, 81600000) with pad 'D39:1' at (252730000, 81600000) using coordinate system rotated by 0 degree(s)
13:31:21: [INFO] Adding track segment (B.Cu): [(186055000, 81600000), (252730000, 81600000)]
13:31:21: [INFO] Routing pad 'D39:1' at (252730000, 81600000) with pad 'D40:1' at (271780000, 81600000) using coordinate system rotated by 0 degree(s)
13:31:21: [INFO] Adding track segment (B.Cu): [(252730000, 81600000), (271780000, 81600000)]
13:31:21: [INFO] Routing pad 'D40:1' at (271780000, 81600000) with pad 'D41:1' at (290830000, 81600000) using coordinate system rotated by 0 degree(s)
13:31:21: [INFO] Adding track segment (B.Cu): [(271780000, 81600000), (290830000, 81600000)]
13:31:21: [INFO] Routing pad 'D41:1' at (290830000, 81600000) with pad 'D42:1' at (309880000, 81600000) using coordinate system rotated by 0 degree(s)
13:31:21: [INFO] Adding track segment (B.Cu): [(290830000, 81600000), (309880000, 81600000)]
13:31:21: [INFO] Routing pad 'D42:1' at (309880000, 81600000) with pad 'D43:1' at (328930000, 81600000) using coordinate system rotated by 0 degree(s)
13:31:21: [INFO] Adding track segment (B.Cu): [(309880000, 81600000), (328930000, 81600000)]
13:31:21: [INFO] Routing pad 'D43:1' at (328930000, 81600000) with pad 'D44:1' at (347980000, 81600000) using coordinate system rotated by 0 degree(s)
13:31:21: [INFO] Adding track segment (B.Cu): [(328930000, 81600000), (347980000, 81600000)]
13:31:21: [INFO] Routing pad 'D44:1' at (347980000, 81600000) with pad 'D45:1' at (378936250, 81600000) using coordinate system rotated by 0 degree(s)
13:31:21: [INFO] Adding track segment (B.Cu): [(347980000, 81600000), (378936250, 81600000)]
13:31:21: [INFO] Routing COL2 pads
13:31:21: [INFO] Routing pad 'SW3:1' at (96202500, 35560000) with pad 'SW19:1' at (100965000, 54610000) using coordinate system rotated by 0 degree(s)
13:31:21: [INFO] Adding track segment (F.Cu): [(96202500, 35560000), (96202500, 49847500)]
13:31:21: [INFO] Adding track segment (F.Cu): [(96202500, 49847500), (100965000, 54610000)]
13:31:21: [INFO] Routing COL4 pads
13:31:21: [INFO] Routing pad 'SW35:1' at (120015000, 73660000) with pad 'SW48:1' at (124777500, 92710000) using coordinate system rotated by 0 degree(s)
13:31:21: [INFO] Adding track segment (F.Cu): [(120015000, 73660000), (120015000, 87947500)]
13:31:21: [INFO] Adding track segment (F.Cu): [(120015000, 87947500), (124777500, 92710000)]
13:31:21: [INFO] Routing pad 'SW48:1' at (124777500, 92710000) with pad 'SW61:1' at (124777500, 111760000) using coordinate system rotated by 0 degree(s)
13:31:21: [INFO] Adding track segment (F.Cu): [(124777500, 92710000), (124777500, 111760000)]
13:31:21: [INFO] Routing pad 'SW21:1' at (139065000, 54610000) with pad 'SW5:1' at (134302500, 35560000) using coordinate system rotated by 0 degree(s)
13:31:21: [INFO] Adding track segment (F.Cu): [(139065000, 54610000), (134302500, 49847500)]
13:31:21: [INFO] Adding track segment (F.Cu): [(134302500, 49847500), (134302500, 35560000)]
13:31:21: [INFO] Routing pad 'SW35:1' at (120015000, 73660000) with pad 'SW21:1' at (139065000, 54610000) using coordinate system rotated by 0 degree(s)
13:31:21: [INFO] Routing COL15 pads
13:31:21: [INFO] Routing pad 'SW31:1' at (372427500, 54610000) with pad 'SW16:1' at (372427500, 35560000) using coordinate system rotated by 0 degree(s)
13:31:21: [INFO] Adding track segment (F.Cu): [(372427500, 54610000), (372427500, 35560000)]
13:31:21: [INFO] Routing pad 'SW45:1' at (370046250, 73660000) with pad 'SW31:1' at (372427500, 54610000) using coordinate system rotated by 0 degree(s)
13:31:21: [INFO] Adding track segment (F.Cu): [(370046250, 73660000), (372427500, 71278750)]
13:31:21: [INFO] Adding track segment (F.Cu): [(372427500, 71278750), (372427500, 54610000)]
13:31:21: [INFO] Routing pad 'SW45:1' at (370046250, 73660000) with pad 'SW59:1' at (386715000, 92710000) using coordinate system rotated by 0 degree(s)
13:31:21: [INFO] Adding track segment (F.Cu): [(370046250, 73660000), (370046250, 76041250)]
13:31:21: [INFO] Adding track segment (F.Cu): [(370046250, 76041250), (386715000, 92710000)]
13:31:21: [INFO] Routing COL12 pads
13:31:21: [INFO] Routing pad 'SW28:1' at (310515000, 54610000) with pad 'SW13:1' at (315277500, 35560000) using coordinate system rotated by 0 degree(s)
13:31:22: [INFO] Adding track segment (F.Cu): [(310515000, 54610000), (315277500, 49847500)]
13:31:22: [INFO] Adding track segment (F.Cu): [(315277500, 49847500), (315277500, 35560000)]
13:31:22: [INFO] Routing pad 'SW43:1' at (320040000, 73660000) with pad 'SW56:1' at (315277500, 92710000) using coordinate system rotated by 0 degree(s)
13:31:22: [INFO] Adding track segment (F.Cu): [(320040000, 73660000), (320040000, 87947500)]
13:31:22: [INFO] Adding track segment (F.Cu): [(320040000, 87947500), (315277500, 92710000)]
13:31:22: [INFO] Routing pad 'SW28:1' at (310515000, 54610000) with pad 'SW43:1' at (320040000, 73660000) using coordinate system rotated by 0 degree(s)
13:31:22: [INFO] Adding track segment (F.Cu): [(310515000, 54610000), (310515000, 64135000)]
13:31:22: [INFO] Adding track segment (F.Cu): [(310515000, 64135000), (320040000, 73660000)]
13:31:22: [INFO] Routing COL3 pads
13:31:22: [INFO] Routing pad 'SW34:1' at (100965000, 73660000) with pad 'SW47:1' at (105727500, 92710000) using coordinate system rotated by 0 degree(s)
13:31:22: [INFO] Adding track segment (F.Cu): [(100965000, 73660000), (100965000, 87947500)]
13:31:22: [INFO] Adding track segment (F.Cu): [(100965000, 87947500), (105727500, 92710000)]
13:31:22: [INFO] Routing pad 'SW20:1' at (120015000, 54610000) with pad 'SW4:1' at (115252500, 35560000) using coordinate system rotated by 0 degree(s)
13:31:22: [INFO] Adding track segment (F.Cu): [(120015000, 54610000), (115252500, 49847500)]
13:31:22: [INFO] Adding track segment (F.Cu): [(115252500, 49847500), (115252500, 35560000)]
13:31:22: [INFO] Routing pad 'SW34:1' at (100965000, 73660000) with pad 'SW20:1' at (120015000, 54610000) using coordinate system rotated by 0 degree(s)
13:31:22: [INFO] Routing ROW3 pads
13:31:22: [INFO] Routing pad 'D46:1' at (83661250, 100650000) with pad 'D47:1' at (114617500, 100650000) using coordinate system rotated by 0 degree(s)
13:31:22: [INFO] Adding track segment (B.Cu): [(83661250, 100650000), (114617500, 100650000)]
13:31:22: [INFO] Routing pad 'D47:1' at (114617500, 100650000) with pad 'D48:1' at (133667500, 100650000) using coordinate system rotated by 0 degree(s)
13:31:22: [INFO] Adding track segment (B.Cu): [(114617500, 100650000), (133667500, 100650000)]
13:31:22: [INFO] Routing pad 'D48:1' at (133667500, 100650000) with pad 'D49:1' at (152717500, 100650000) using coordinate system rotated by 0 degree(s)
13:31:22: [INFO] Adding track segment (B.Cu): [(133667500, 100650000), (152717500, 100650000)]
13:31:22: [INFO] Routing pad 'D49:1' at (152717500, 100650000) with pad 'D50:1' at (171767500, 100650000) using coordinate system rotated by 0 degree(s)
13:31:22: [INFO] Adding track segment (B.Cu): [(152717500, 100650000), (171767500, 100650000)]
13:31:22: [INFO] Routing pad 'D50:1' at (171767500, 100650000) with pad 'D51:1' at (190817500, 100650000) using coordinate system rotated by 0 degree(s)
13:31:22: [INFO] Adding track segment (B.Cu): [(171767500, 100650000), (190817500, 100650000)]
13:31:22: [INFO] Routing pad 'D51:1' at (190817500, 100650000) with pad 'D52:1' at (247967500, 100650000) using coordinate system rotated by 0 degree(s)
13:31:22: [INFO] Adding track segment (B.Cu): [(190817500, 100650000), (247967500, 100650000)]
13:31:22: [INFO] Routing pad 'D52:1' at (247967500, 100650000) with pad 'D53:1' at (267017500, 100650000) using coordinate system rotated by 0 degree(s)
13:31:22: [INFO] Adding track segment (B.Cu): [(247967500, 100650000), (267017500, 100650000)]
13:31:22: [INFO] Routing pad 'D53:1' at (267017500, 100650000) with pad 'D54:1' at (286067500, 100650000) using coordinate system rotated by 0 degree(s)
13:31:22: [INFO] Adding track segment (B.Cu): [(267017500, 100650000), (286067500, 100650000)]
13:31:22: [INFO] Routing pad 'D54:1' at (286067500, 100650000) with pad 'D55:1' at (305117500, 100650000) using coordinate system rotated by 0 degree(s)
13:31:22: [INFO] Adding track segment (B.Cu): [(286067500, 100650000), (305117500, 100650000)]
13:31:22: [INFO] Routing pad 'D55:1' at (305117500, 100650000) with pad 'D56:1' at (324167500, 100650000) using coordinate system rotated by 0 degree(s)
13:31:22: [INFO] Adding track segment (B.Cu): [(305117500, 100650000), (324167500, 100650000)]
13:31:22: [INFO] Routing pad 'D56:1' at (324167500, 100650000) with pad 'D57:1' at (343217500, 100650000) using coordinate system rotated by 0 degree(s)
13:31:22: [INFO] Adding track segment (B.Cu): [(324167500, 100650000), (343217500, 100650000)]
13:31:22: [INFO] Routing pad 'D57:1' at (343217500, 100650000) with pad 'D58:1' at (369411250, 100650000) using coordinate system rotated by 0 degree(s)
13:31:22: [INFO] Adding track segment (B.Cu): [(343217500, 100650000), (369411250, 100650000)]
13:31:22: [INFO] Routing pad 'D58:1' at (369411250, 100650000) with pad 'D59:1' at (395605000, 100650000) using coordinate system rotated by 0 degree(s)
13:31:22: [INFO] Adding track segment (B.Cu): [(369411250, 100650000), (395605000, 100650000)]
13:31:22: [INFO] Routing ROW4 pads
13:31:22: [INFO] Routing pad 'D60:1' at (81280000, 119700000) with pad 'D61:1' at (133667500, 119700000) using coordinate system rotated by 0 degree(s)
13:31:22: [INFO] Adding track segment (B.Cu): [(81280000, 119700000), (133667500, 119700000)]
13:31:22: [INFO] Routing pad 'D61:1' at (133667500, 119700000) with pad 'D62:1' at (167005000, 119700000) using coordinate system rotated by 0 degree(s)
13:31:22: [INFO] Adding track segment (B.Cu): [(133667500, 119700000), (167005000, 119700000)]
13:31:22: [INFO] Routing pad 'D62:1' at (167005000, 119700000) with pad 'D63:1' at (197961250, 119700000) using coordinate system rotated by 0 degree(s)
13:31:22: [INFO] Adding track segment (B.Cu): [(167005000, 119700000), (197961250, 119700000)]
13:31:22: [INFO] Routing pad 'D63:1' at (197961250, 119700000) with pad 'D64:1' at (255111250, 119700000) using coordinate system rotated by 0 degree(s)
13:31:22: [INFO] Adding track segment (B.Cu): [(197961250, 119700000), (255111250, 119700000)]
13:31:22: [INFO] Routing pad 'D64:1' at (255111250, 119700000) with pad 'D65:1' at (295592500, 119700000) using coordinate system rotated by 0 degree(s)
13:31:22: [INFO] Adding track segment (B.Cu): [(255111250, 119700000), (295592500, 119700000)]
13:31:22: [INFO] Routing pad 'D65:1' at (295592500, 119700000) with pad 'D66:1' at (386080000, 119700000) using coordinate system rotated by 0 degree(s)
13:31:22: [INFO] Adding track segment (B.Cu): [(295592500, 119700000), (386080000, 119700000)]
13:31:22: [INFO] Routing COL0 pads
13:31:22: [INFO] Routing pad 'SW32:1' at (43815000, 73660000) with pad 'SW17:1' at (48577500, 54610000) using coordinate system rotated by 0 degree(s)
13:31:22: [INFO] Adding track segment (F.Cu): [(43815000, 73660000), (48577500, 68897500)]
13:31:22: [INFO] Adding track segment (F.Cu): [(48577500, 68897500), (48577500, 54610000)]
13:31:22: [INFO] Routing pad 'SW17:1' at (48577500, 54610000) with pad 'SW1:1' at (53340000, 35560000) using coordinate system rotated by 0 degree(s)
13:31:22: [INFO] Adding track segment (F.Cu): [(48577500, 54610000), (53340000, 49847500)]
13:31:22: [INFO] Adding track segment (F.Cu): [(53340000, 49847500), (53340000, 35560000)]
13:31:22: [INFO] Routing COL10 pads
13:31:22: [INFO] Routing pad 'SW26:1' at (272415000, 54610000) with pad 'SW11:1' at (277177500, 35560000) using coordinate system rotated by 0 degree(s)
13:31:22: [INFO] Adding track segment (F.Cu): [(272415000, 54610000), (277177500, 49847500)]
13:31:22: [INFO] Adding track segment (F.Cu): [(277177500, 49847500), (277177500, 35560000)]
13:31:22: [INFO] Routing pad 'SW41:1' at (281940000, 73660000) with pad 'SW54:1' at (277177500, 92710000) using coordinate system rotated by 0 degree(s)
13:31:22: [INFO] Adding track segment (F.Cu): [(281940000, 73660000), (281940000, 87947500)]
13:31:22: [INFO] Adding track segment (F.Cu): [(281940000, 87947500), (277177500, 92710000)]
13:31:22: [INFO] Routing pad 'SW26:1' at (272415000, 54610000) with pad 'SW41:1' at (281940000, 73660000) using coordinate system rotated by 0 degree(s)
13:31:22: [INFO] Adding track segment (F.Cu): [(272415000, 54610000), (272415000, 64135000)]
13:31:22: [INFO] Adding track segment (F.Cu): [(272415000, 64135000), (281940000, 73660000)]
13:31:22: [INFO] Routing COL9 pads
13:31:22: [INFO] Routing pad 'SW25:1' at (253365000, 54610000) with pad 'SW10:1' at (258127500, 35560000) using coordinate system rotated by 0 degree(s)
13:31:22: [INFO] Adding track segment (F.Cu): [(253365000, 54610000), (258127500, 49847500)]
13:31:22: [INFO] Adding track segment (F.Cu): [(258127500, 49847500), (258127500, 35560000)]
13:31:22: [INFO] Routing pad 'SW40:1' at (262890000, 73660000) with pad 'SW53:1' at (258127500, 92710000) using coordinate system rotated by 0 degree(s)
13:31:22: [INFO] Adding track segment (F.Cu): [(262890000, 73660000), (262890000, 87947500)]
13:31:22: [INFO] Adding track segment (F.Cu): [(262890000, 87947500), (258127500, 92710000)]
13:31:22: [INFO] Routing pad 'SW25:1' at (253365000, 54610000) with pad 'SW40:1' at (262890000, 73660000) using coordinate system rotated by 0 degree(s)
13:31:22: [INFO] Adding track segment (F.Cu): [(253365000, 54610000), (253365000, 64135000)]
13:31:22: [INFO] Adding track segment (F.Cu): [(253365000, 64135000), (262890000, 73660000)]
13:31:22: [INFO] Routing COL5 pads
13:31:22: [INFO] Routing pad 'SW36:1' at (139065000, 73660000) with pad 'SW49:1' at (143827500, 92710000) using coordinate system rotated by 0 degree(s)
13:31:22: [INFO] Adding track segment (F.Cu): [(139065000, 73660000), (139065000, 87947500)]
13:31:22: [INFO] Adding track segment (F.Cu): [(139065000, 87947500), (143827500, 92710000)]
13:31:22: [INFO] Routing pad 'SW22:1' at (158115000, 54610000) with pad 'SW6:1' at (153352500, 35560000) using coordinate system rotated by 0 degree(s)
13:31:22: [INFO] Adding track segment (F.Cu): [(158115000, 54610000), (153352500, 49847500)]
13:31:22: [INFO] Adding track segment (F.Cu): [(153352500, 49847500), (153352500, 35560000)]
13:31:22: [INFO] Routing pad 'SW36:1' at (139065000, 73660000) with pad 'SW22:1' at (158115000, 54610000) using coordinate system rotated by 0 degree(s)
13:31:22: [INFO] Routing pad 'SW49:1' at (143827500, 92710000) with pad 'SW62:1' at (158115000, 111760000) using coordinate system rotated by 0 degree(s)
13:31:22: [INFO] Adding track segment (F.Cu): [(143827500, 92710000), (143827500, 97472500)]
13:31:22: [INFO] Adding track segment (F.Cu): [(143827500, 97472500), (158115000, 111760000)]
13:31:22: [INFO] Routing COL7 pads
13:31:22: [INFO] Routing pad 'SW38:1' at (177165000, 73660000) with pad 'SW51:1' at (181927500, 92710000) using coordinate system rotated by 0 degree(s)
13:31:22: [INFO] Adding track segment (F.Cu): [(177165000, 73660000), (177165000, 87947500)]
13:31:22: [INFO] Adding track segment (F.Cu): [(177165000, 87947500), (181927500, 92710000)]
13:31:22: [INFO] Routing pad 'SW38:1' at (177165000, 73660000) with pad 'SW8:1' at (191452500, 35560000) using coordinate system rotated by 0 degree(s)
13:31:22: [INFO] Adding track segment (F.Cu): [(177165000, 73660000), (191452500, 59372500)]
13:31:22: [INFO] Adding track segment (F.Cu): [(191452500, 59372500), (191452500, 35560000)]
13:31:22: [INFO] Routing COL8 pads
13:31:22: [INFO] Routing pad 'SW24:1' at (234315000, 54610000) with pad 'SW9:1' at (239077500, 35560000) using coordinate system rotated by 0 degree(s)
13:31:22: [INFO] Adding track segment (F.Cu): [(234315000, 54610000), (239077500, 49847500)]
13:31:22: [INFO] Adding track segment (F.Cu): [(239077500, 49847500), (239077500, 35560000)]
13:31:22: [INFO] Routing pad 'SW39:1' at (243840000, 73660000) with pad 'SW52:1' at (239077500, 92710000) using coordinate system rotated by 0 degree(s)
13:31:22: [INFO] Adding track segment (F.Cu): [(243840000, 73660000), (243840000, 87947500)]
13:31:22: [INFO] Adding track segment (F.Cu): [(243840000, 87947500), (239077500, 92710000)]
13:31:22: [INFO] Routing pad 'SW24:1' at (234315000, 54610000) with pad 'SW39:1' at (243840000, 73660000) using coordinate system rotated by 0 degree(s)
13:31:22: [INFO] Adding track segment (F.Cu): [(234315000, 54610000), (234315000, 64135000)]
13:31:22: [INFO] Adding track segment (F.Cu): [(234315000, 64135000), (243840000, 73660000)]
13:31:22: [INFO] Routing pad 'SW52:1' at (239077500, 92710000) with pad 'SW64:1' at (246221250, 111760000) using coordinate system rotated by 0 degree(s)
13:31:22: [INFO] Adding track segment (F.Cu): [(239077500, 92710000), (239077500, 104616250)]
13:31:22: [INFO] Adding track segment (F.Cu): [(239077500, 104616250), (246221250, 111760000)]
13:31:22: [INFO] Routing ROW0 pads
13:31:22: [INFO] Routing pad 'D1:1' at (62230000, 43500000) with pad 'D2:1' at (86042500, 43500000) using coordinate system rotated by 0 degree(s)
13:31:22: [INFO] Adding track segment (B.Cu): [(62230000, 43500000), (86042500, 43500000)]
13:31:22: [INFO] Routing pad 'D2:1' at (86042500, 43500000) with pad 'D3:1' at (105092500, 43500000) using coordinate system rotated by 0 degree(s)
13:31:22: [INFO] Adding track segment (B.Cu): [(86042500, 43500000), (105092500, 43500000)]
13:31:22: [INFO] Routing pad 'D3:1' at (105092500, 43500000) with pad 'D4:1' at (124142500, 43500000) using coordinate system rotated by 0 degree(s)
13:31:22: [INFO] Adding track segment (B.Cu): [(105092500, 43500000), (124142500, 43500000)]
13:31:22: [INFO] Routing pad 'D4:1' at (124142500, 43500000) with pad 'D5:1' at (143192500, 43500000) using coordinate system rotated by 0 degree(s)
13:31:22: [INFO] Adding track segment (B.Cu): [(124142500, 43500000), (143192500, 43500000)]
13:31:22: [INFO] Routing pad 'D5:1' at (143192500, 43500000) with pad 'D6:1' at (162242500, 43500000) using coordinate system rotated by 0 degree(s)
13:31:22: [INFO] Adding track segment (B.Cu): [(143192500, 43500000), (162242500, 43500000)]
13:31:22: [INFO] Routing pad 'D6:1' at (162242500, 43500000) with pad 'D7:1' at (181292500, 43500000) using coordinate system rotated by 0 degree(s)
13:31:22: [INFO] Adding track segment (B.Cu): [(162242500, 43500000), (181292500, 43500000)]
13:31:22: [INFO] Routing pad 'D7:1' at (181292500, 43500000) with pad 'D8:1' at (200342500, 43500000) using coordinate system rotated by 0 degree(s)
13:31:22: [INFO] Adding track segment (B.Cu): [(181292500, 43500000), (200342500, 43500000)]
13:31:22: [INFO] Routing pad 'D8:1' at (200342500, 43500000) with pad 'D9:1' at (247967500, 43500000) using coordinate system rotated by 0 degree(s)
13:31:22: [INFO] Adding track segment (B.Cu): [(200342500, 43500000), (247967500, 43500000)]
13:31:22: [INFO] Routing pad 'D9:1' at (247967500, 43500000) with pad 'D10:1' at (267017500, 43500000) using coordinate system rotated by 0 degree(s)
13:31:22: [INFO] Adding track segment (B.Cu): [(247967500, 43500000), (267017500, 43500000)]
13:31:22: [INFO] Routing pad 'D10:1' at (267017500, 43500000) with pad 'D11:1' at (286067500, 43500000) using coordinate system rotated by 0 degree(s)
13:31:22: [INFO] Adding track segment (B.Cu): [(267017500, 43500000), (286067500, 43500000)]
13:31:22: [INFO] Routing pad 'D11:1' at (286067500, 43500000) with pad 'D12:1' at (305117500, 43500000) using coordinate system rotated by 0 degree(s)
13:31:22: [INFO] Adding track segment (B.Cu): [(286067500, 43500000), (305117500, 43500000)]
13:31:22: [INFO] Routing pad 'D12:1' at (305117500, 43500000) with pad 'D13:1' at (324167500, 43500000) using coordinate system rotated by 0 degree(s)
13:31:22: [INFO] Adding track segment (B.Cu): [(305117500, 43500000), (324167500, 43500000)]
13:31:22: [INFO] Routing pad 'D13:1' at (324167500, 43500000) with pad 'D14:1' at (343217500, 43500000) using coordinate system rotated by 0 degree(s)
13:31:22: [INFO] Adding track segment (B.Cu): [(324167500, 43500000), (343217500, 43500000)]
13:31:22: [INFO] Routing pad 'D14:1' at (343217500, 43500000) with pad 'D15:1' at (362267500, 43500000) using coordinate system rotated by 0 degree(s)
13:31:22: [INFO] Adding track segment (B.Cu): [(343217500, 43500000), (362267500, 43500000)]
13:31:22: [INFO] Routing pad 'D15:1' at (362267500, 43500000) with pad 'D16:1' at (381317500, 43500000) using coordinate system rotated by 0 degree(s)
13:31:22: [INFO] Adding track segment (B.Cu): [(362267500, 43500000), (381317500, 43500000)]
13:31:22: [INFO] Routing COL11 pads
13:31:22: [INFO] Routing pad 'SW42:1' at (300990000, 73660000) with pad 'SW27:1' at (291465000, 54610000) using coordinate system rotated by 0 degree(s)
13:31:22: [INFO] Adding track segment (F.Cu): [(300990000, 73660000), (291465000, 64135000)]
13:31:22: [INFO] Adding track segment (F.Cu): [(291465000, 64135000), (291465000, 54610000)]
13:31:22: [INFO] Routing pad 'SW27:1' at (291465000, 54610000) with pad 'SW12:1' at (296227500, 35560000) using coordinate system rotated by 0 degree(s)
13:31:22: [INFO] Adding track segment (F.Cu): [(291465000, 54610000), (296227500, 49847500)]
13:31:22: [INFO] Adding track segment (F.Cu): [(296227500, 49847500), (296227500, 35560000)]
13:31:22: [INFO] Routing pad 'SW65:1' at (286702500, 111760000) with pad 'SW55:1' at (296227500, 92710000) using coordinate system rotated by 0 degree(s)
13:31:22: [INFO] Adding track segment (F.Cu): [(286702500, 111760000), (296227500, 102235000)]
13:31:22: [INFO] Adding track segment (F.Cu): [(296227500, 102235000), (296227500, 92710000)]
13:31:22: [INFO] Routing pad 'SW55:1' at (296227500, 92710000) with pad 'SW42:1' at (300990000, 73660000) using coordinate system rotated by 0 degree(s)
13:31:22: [INFO] Adding track segment (F.Cu): [(296227500, 92710000), (300990000, 87947500)]
13:31:22: [INFO] Adding track segment (F.Cu): [(300990000, 87947500), (300990000, 73660000)]
13:31:22: [INFO] Routing COL1 pads
13:31:22: [INFO] Routing pad 'SW46:1' at (74771250, 92710000) with pad 'SW33:1' at (74771250, 73660000) using coordinate system rotated by 0 degree(s)
13:31:22: [INFO] Adding track segment (F.Cu): [(74771250, 92710000), (74771250, 73660000)]
13:31:22: [INFO] Routing pad 'SW60:1' at (72390000, 111760000) with pad 'SW46:1' at (74771250, 92710000) using coordinate system rotated by 0 degree(s)
13:31:22: [INFO] Adding track segment (F.Cu): [(72390000, 111760000), (74771250, 109378750)]
13:31:22: [INFO] Adding track segment (F.Cu): [(74771250, 109378750), (74771250, 92710000)]
13:31:22: [INFO] Routing pad 'SW18:1' at (77152500, 54610000) with pad 'SW2:1' at (77152500, 35560000) using coordinate system rotated by 0 degree(s)
13:31:22: [INFO] Adding track segment (F.Cu): [(77152500, 54610000), (77152500, 35560000)]
13:31:22: [INFO] Routing pad 'SW33:1' at (74771250, 73660000) with pad 'SW18:1' at (77152500, 54610000) using coordinate system rotated by 0 degree(s)
13:31:22: [INFO] Adding track segment (F.Cu): [(74771250, 73660000), (77152500, 71278750)]
13:31:22: [INFO] Adding track segment (F.Cu): [(77152500, 71278750), (77152500, 54610000)]
13:31:23: [INFO] Routing COL14 pads
13:31:23: [INFO] Routing pad 'SW30:1' at (348615000, 54610000) with pad 'SW15:1' at (353377500, 35560000) using coordinate system rotated by 0 degree(s)
13:31:23: [INFO] Adding track segment (F.Cu): [(348615000, 54610000), (353377500, 49847500)]
13:31:23: [INFO] Adding track segment (F.Cu): [(353377500, 49847500), (353377500, 35560000)]
13:31:23: [INFO] Routing pad 'SW30:1' at (348615000, 54610000) with pad 'SW58:1' at (360521250, 92710000) using coordinate system rotated by 0 degree(s)
13:31:23: [INFO] Routing pad 'SW58:1' at (360521250, 92710000) with pad 'SW66:1' at (377190000, 111760000) using coordinate system rotated by 0 degree(s)
13:31:23: [INFO] Adding track segment (F.Cu): [(360521250, 92710000), (360521250, 95091250)]
13:31:23: [INFO] Adding track segment (F.Cu): [(360521250, 95091250), (377190000, 111760000)]
13:31:23: [INFO] Removing dangling tracks
