=== kbplacer.kle_serial ===
=== layout2image.py ===
=== kbplacer ===
14:16:57: [INFO] User layout: https://editor.keyboard-tools.xyz/#share=NrBEAYBp1BdSBQYCMll1kA
14:16:57: [INFO] Labels prefixes: for rows: 'ROW', for columns: 'COL'
14:16:57: [INFO] Matrix size: 1x1
14:16:57: [INFO] Add COL0 net
14:16:57: [INFO] Add COL1 net
14:16:57: [INFO] Add Net-(D1-A) net
14:16:57: [INFO] Add Net-(D2-A) net
14:16:57: [INFO] Add ROW0 net
14:16:57: [INFO] Add ROW1 net
14:16:57: [INFO] Add SW1 footprint
14:16:57: [INFO] Add D1 footprint
14:16:57: [INFO] Add SW2 footprint
14:16:57: [INFO] Add D2 footprint
14:16:57: [INFO] Detected layout convertible to matrix annotated keyboard
14:16:57: [INFO] Using key 1U distance: (19.05, 19.05) mm
14:16:57: [INFO] Layout offset: (28575000, 28575000)
14:16:57: [INFO] Diode info: [ElementInfo(annotation_format='D{}', position_option=<PositionOption.CUSTOM: 'Custom'>, position=ElementPosition(x=5.08, y=4.0, orientation=90.0, side=<Side.BACK: 'Back'>), template_path='', start_index=-1)]
14:16:57: [INFO] Placing additional elements for SW2
14:16:57: [INFO] Placing additional elements for SW1
14:16:57: [INFO] Routing SW2 with D2
14:16:57: [INFO] Using internal autorouter method
14:16:57: [INFO] Routing pad 'SW2:2' at (40640000, 52070000) with pad 'D2:2' at (43180000, 59750000) using coordinate system rotated by 0 degree(s)
14:16:57: [INFO] Adding track segment (B.Cu): [(40640000, 52070000), (40640000, 57210000)]
14:16:57: [INFO] Adding track segment (B.Cu): [(40640000, 57210000), (43180000, 59750000)]
14:16:57: [INFO] Routing SW1 with D1
14:16:57: [INFO] Using internal autorouter method
14:16:57: [INFO] Routing pad 'SW1:2' at (40640000, 33020000) with pad 'D1:2' at (43180000, 40700000) using coordinate system rotated by 0 degree(s)
14:16:57: [INFO] Adding track segment (B.Cu): [(40640000, 33020000), (40640000, 38160000)]
14:16:57: [INFO] Adding track segment (B.Cu): [(40640000, 38160000), (43180000, 40700000)]
14:16:57: [INFO] Routing ROW0 pads
14:16:57: [INFO] Routing COL0 pads
14:16:57: [INFO] Routing COL1 pads
14:16:57: [INFO] Routing ROW1 pads
14:16:57: [INFO] Removing dangling tracks
