=== kbplacer.kle_serial ===
=== layout2image.py ===
=== kbplacer ===
13:31:31: [INFO] User layout: https://editor.keyboard-tools.xyz/#share=NrDeCIA9wLgAgMwDoBMBWANHcBPWcBGJTbAY33AGIB2Wu8AXy3AAYMXwBdDAKDCnwFqzPPAC0LJAE5m5eFVKKljZpgIouvftHgA2YiPwTpaJtjYJNfCDrgAWA9lFxjUs6wwFwzNhqw3BIlNVT0t-cDlsSgBDWLjvbAB3fBR3NTQAHQA7bOy2DnDbFGI0zztcnKy2LxCCTMq8zyttfARDcUl0dwJ2ZoD4An1qElwjSQAOEciFJUUVbF1PDW5rAXgHdHaXSRkyChi42ITwZIGS5h6auAhpylm57ow-a7XCIhZ3RYIwhbKEiFOhHOvzqfVexWGW2Mmz28gOh3m4BQvRWLXWUMkkKSgiQw3cyKuN3293I+Ke-1eBEkwWwwnUxzpPyJcLo9GYgOKXWYdLQYNsyCxEX2hyO7JSqBp4DahKFcJJiLaz36cCkwPA4yWxw13wptxF0WOHNxku19QqPQKL1sQTFZzxzG15QaWUuWs8ZsqrsKOMFt1ZtERjoq2R6StlUX1hp9JvdwZd5NRyoFI0BQXcdia3oGDhTOMlMjqcYtFKKxttQPzsedXqt+ExU32-uoiILCCL5OYBad5o72ALHpDCa0EAAToI2NhbNQkJMofoEA25fdEWw7Mc2LyfBhdOuMM3E69p1zsD0fuAemuLhhNyft8cevvh4e1ciz8jL9hkTekXeD7Zxu4bRnm0H5StexxtDuf74KqMInOKx7gBmN7MhGIqIhmUFPlOZZOGM0jlmmzAZpYB5juIVLMNanIjM4YjvLIxLLqU4zHJgUhsZ4lrgGoXjQQMRCTJ8GCscwiwcWJXHHF8fHYYIxR1O4wiibSGASapVIMp4smrNaRCIRqKnqmpbqaQ62l8oEErlhClYcfxhAZnhHQmIxcKRoRaoFnxnBAA
13:31:31: [INFO] Labels prefixes: for rows: 'ROW', for columns: 'COL'
13:31:31: [INFO] Matrix size: 9x15
13:31:31: [WARNING] No stabilizer footprint for width 2.25u, using 2u as fallback
13:31:31: [WARNING] No stabilizer footprint for width 2.25u, using 2u as fallback
13:31:31: [WARNING] No stabilizer footprint for width 2.25u, using 2u as fallback
13:31:31: [WARNING] No stabilizer footprint for width 2.75u, using 2u as fallback
13:31:31: [WARNING] No stabilizer footprint for width 2.75u, using 2u as fallback
13:31:31: [INFO] Add COL0 net
13:31:31: [INFO] Add COL1 net
13:31:31: [INFO] Add COL10 net
13:31:31: [INFO] Add COL11 net
13:31:31: [INFO] Add COL12 net
13:31:31: [INFO] Add COL13 net
13:31:31: [INFO] Add COL14 net
13:31:31: [INFO] Add COL15 net
13:31:31: [INFO] Add COL2 net
13:31:31: [INFO] Add COL3 net
13:31:31: [INFO] Add COL4 net
13:31:31: [INFO] Add COL5 net
13:31:31: [INFO] Add COL6 net
13:31:31: [INFO] Add COL7 net
13:31:31: [INFO] Add COL8 net
13:31:31: [INFO] Add COL9 net
13:31:31: [INFO] Add Net-(D1-A) net
13:31:31: [INFO] Add Net-(D10-A) net
13:31:31: [INFO] Add Net-(D11-A) net
13:31:31: [INFO] Add Net-(D12-A) net
13:31:31: [INFO] Add Net-(D13-A) net
13:31:31: [INFO] Add Net-(D14-A) net
13:31:31: [INFO] Add Net-(D15-A) net
13:31:31: [INFO] Add Net-(D16-A) net
13:31:31: [INFO] Add Net-(D17-A) net
13:31:31: [INFO] Add Net-(D18-A) net
13:31:31: [INFO] Add Net-(D19-A) net
13:31:31: [INFO] Add Net-(D2-A) net
13:31:31: [INFO] Add Net-(D20-A) net
13:31:31: [INFO] Add Net-(D21-A) net
13:31:31: [INFO] Add Net-(D22-A) net
13:31:31: [INFO] Add Net-(D23-A) net
13:31:31: [INFO] Add Net-(D24-A) net
13:31:31: [INFO] Add Net-(D25-A) net
13:31:31: [INFO] Add Net-(D26-A) net
13:31:31: [INFO] Add Net-(D27-A) net
13:31:31: [INFO] Add Net-(D28-A) net
13:31:31: [INFO] Add Net-(D29-A) net
13:31:31: [INFO] Add Net-(D3-A) net
13:31:31: [INFO] Add Net-(D30-A) net
13:31:31: [INFO] Add Net-(D31-A) net
13:31:31: [INFO] Add Net-(D32-A) net
13:31:31: [INFO] Add Net-(D33-A) net
13:31:31: [INFO] Add Net-(D34-A) net
13:31:31: [INFO] Add Net-(D35-A) net
13:31:31: [INFO] Add Net-(D36-A) net
13:31:31: [INFO] Add Net-(D37-A) net
13:31:31: [INFO] Add Net-(D38-A) net
13:31:31: [INFO] Add Net-(D39-A) net
13:31:31: [INFO] Add Net-(D4-A) net
13:31:31: [INFO] Add Net-(D40-A) net
13:31:31: [INFO] Add Net-(D41-A) net
13:31:31: [INFO] Add Net-(D42-A) net
13:31:31: [INFO] Add Net-(D43-A) net
13:31:31: [INFO] Add Net-(D44-A) net
13:31:31: [INFO] Add Net-(D45-A) net
13:31:31: [INFO] Add Net-(D46-A) net
13:31:31: [INFO] Add Net-(D47-A) net
13:31:31: [INFO] Add Net-(D48-A) net
13:31:31: [INFO] Add Net-(D49-A) net
13:31:31: [INFO] Add Net-(D5-A) net
13:31:31: [INFO] Add Net-(D50-A) net
13:31:31: [INFO] Add Net-(D51-A) net
13:31:31: [INFO] Add Net-(D52-A) net
13:31:31: [INFO] Add Net-(D53-A) net
13:31:31: [INFO] Add Net-(D54-A) net
13:31:31: [INFO] Add Net-(D55-A) net
13:31:31: [INFO] Add Net-(D56-A) net
13:31:31: [INFO] Add Net-(D57-A) net
13:31:31: [INFO] Add Net-(D58-A) net
13:31:31: [INFO] Add Net-(D59-A) net
13:31:31: [INFO] Add Net-(D6-A) net
13:31:31: [INFO] Add Net-(D60-A) net
13:31:31: [INFO] Add Net-(D61-A) net
13:31:31: [INFO] Add Net-(D62-A) net
13:31:31: [INFO] Add Net-(D63-A) net
13:31:31: [INFO] Add Net-(D64-A) net
13:31:31: [INFO] Add Net-(D65-A) net
13:31:31: [INFO] Add Net-(D66-A) net
13:31:31: [INFO] Add Net-(D67-A) net
13:31:31: [INFO] Add Net-(D68-A) net
13:31:31: [INFO] Add Net-(D69-A) net
13:31:31: [INFO] Add Net-(D7-A) net
13:31:31: [INFO] Add Net-(D8-A) net
13:31:31: [INFO] Add Net-(D9-A) net
13:31:31: [INFO] Add ROW0 net
13:31:31: [INFO] Add ROW1 net
13:31:31: [INFO] Add ROW2 net
13:31:31: [INFO] Add ROW3 net
13:31:31: [INFO] Add ROW4 net
13:31:31: [INFO] Add ROW5 net
13:31:31: [INFO] Add ROW6 net
13:31:31: [INFO] Add ROW7 net
13:31:31: [INFO] Add ROW8 net
13:31:31: [INFO] Add ROW9 net
13:31:31: [INFO] Add SW1 footprint
13:31:31: [INFO] Add D1 footprint
13:31:32: [INFO] Add SW2 footprint
13:31:32: [INFO] Add D2 footprint
13:31:32: [INFO] Add SW3 footprint
13:31:32: [INFO] Add D3 footprint
13:31:32: [INFO] Add SW4 footprint
13:31:32: [INFO] Add D4 footprint
13:31:32: [INFO] Add SW5 footprint
13:31:32: [INFO] Add D5 footprint
13:31:32: [INFO] Add SW6 footprint
13:31:32: [INFO] Add D6 footprint
13:31:32: [INFO] Add SW7 footprint
13:31:32: [INFO] Add D7 footprint
13:31:32: [INFO] Add SW8 footprint
13:31:32: [INFO] Add D8 footprint
13:31:32: [INFO] Add SW9 footprint
13:31:32: [INFO] Add D9 footprint
13:31:32: [INFO] Add SW10 footprint
13:31:32: [INFO] Add D10 footprint
13:31:32: [INFO] Add SW11 footprint
13:31:32: [INFO] Add D11 footprint
13:31:32: [INFO] Add SW12 footprint
13:31:32: [INFO] Add D12 footprint
13:31:32: [INFO] Add SW13 footprint
13:31:32: [INFO] Add D13 footprint
13:31:32: [INFO] Add SW14 footprint
13:31:32: [INFO] Add D14 footprint
13:31:32: [INFO] Add SW15 footprint
13:31:32: [INFO] Add D15 footprint
13:31:32: [INFO] Add SW16 footprint
13:31:32: [INFO] Add D16 footprint
13:31:32: [INFO] Add SW17 footprint
13:31:32: [INFO] Add D17 footprint
13:31:32: [INFO] Add SW18 footprint
13:31:32: [INFO] Add D18 footprint
13:31:33: [INFO] Add SW19 footprint
13:31:33: [INFO] Add D19 footprint
13:31:33: [INFO] Add SW20 footprint
13:31:33: [INFO] Add D20 footprint
13:31:33: [INFO] Add SW21 footprint
13:31:33: [INFO] Add D21 footprint
13:31:33: [INFO] Add SW22 footprint
13:31:33: [INFO] Add D22 footprint
13:31:33: [INFO] Add SW23 footprint
13:31:33: [INFO] Add D23 footprint
13:31:33: [INFO] Add SW24 footprint
13:31:33: [INFO] Add D24 footprint
13:31:33: [WARNING] No stabilizer footprint for width 2.25u, using 2u as fallback
13:31:33: [INFO] Add ST24 footprint
13:31:33: [INFO] Add SW25 footprint
13:31:33: [INFO] Add D25 footprint
13:31:33: [INFO] Add SW26 footprint
13:31:33: [INFO] Add D26 footprint
13:31:33: [INFO] Add SW27 footprint
13:31:33: [INFO] Add D27 footprint
13:31:33: [INFO] Add SW28 footprint
13:31:33: [INFO] Add D28 footprint
13:31:33: [INFO] Add SW29 footprint
13:31:33: [INFO] Add D29 footprint
13:31:33: [INFO] Add SW30 footprint
13:31:33: [INFO] Add D30 footprint
13:31:33: [INFO] Add SW31 footprint
13:31:33: [INFO] Add D31 footprint
13:31:33: [INFO] Add SW32 footprint
13:31:33: [INFO] Add D32 footprint
13:31:33: [WARNING] No stabilizer footprint for width 2.25u, using 2u as fallback
13:31:33: [INFO] Add ST32 footprint
13:31:33: [INFO] Add SW33 footprint
13:31:33: [INFO] Add D33 footprint
13:31:34: [INFO] Add SW34 footprint
13:31:34: [INFO] Add D34 footprint
13:31:34: [INFO] Add SW35 footprint
13:31:34: [INFO] Add D35 footprint
13:31:34: [INFO] Add SW36 footprint
13:31:34: [INFO] Add D36 footprint
13:31:34: [INFO] Add SW37 footprint
13:31:34: [INFO] Add D37 footprint
13:31:34: [INFO] Add SW38 footprint
13:31:34: [INFO] Add D38 footprint
13:31:34: [INFO] Add SW39 footprint
13:31:34: [INFO] Add D39 footprint
13:31:34: [INFO] Add SW40 footprint
13:31:34: [INFO] Add D40 footprint
13:31:34: [INFO] Add SW41 footprint
13:31:34: [INFO] Add D41 footprint
13:31:34: [INFO] Add ST41 footprint
13:31:34: [INFO] Add SW41a footprint
13:31:34: [INFO] Add SW42 footprint
13:31:34: [INFO] Add D42 footprint
13:31:34: [INFO] Add SW43 footprint
13:31:34: [INFO] Add D43 footprint
13:31:34: [INFO] Add SW44 footprint
13:31:34: [INFO] Add D44 footprint
13:31:34: [INFO] Add SW45 footprint
13:31:34: [INFO] Add D45 footprint
13:31:34: [INFO] Add SW46 footprint
13:31:34: [INFO] Add D46 footprint
13:31:34: [INFO] Add SW47 footprint
13:31:34: [INFO] Add D47 footprint
13:31:34: [INFO] Add SW48 footprint
13:31:34: [INFO] Add D48 footprint
13:31:34: [INFO] Add SW49 footprint
13:31:34: [INFO] Add D49 footprint
13:31:35: [INFO] Add SW50 footprint
13:31:35: [INFO] Add D50 footprint
13:31:35: [INFO] Add SW51 footprint
13:31:35: [INFO] Add D51 footprint
13:31:35: [INFO] Add SW52 footprint
13:31:35: [INFO] Add D52 footprint
13:31:35: [INFO] Add SW53 footprint
13:31:35: [INFO] Add D53 footprint
13:31:35: [INFO] Add SW54 footprint
13:31:35: [INFO] Add D54 footprint
13:31:35: [INFO] Add SW55 footprint
13:31:35: [INFO] Add D55 footprint
13:31:35: [INFO] Add SW56 footprint
13:31:35: [INFO] Add D56 footprint
13:31:35: [WARNING] No stabilizer footprint for width 2.25u, using 2u as fallback
13:31:35: [INFO] Add ST56 footprint
13:31:35: [INFO] Add SW57 footprint
13:31:35: [INFO] Add D57 footprint
13:31:35: [INFO] Add SW58 footprint
13:31:35: [INFO] Add D58 footprint
13:31:35: [INFO] Add SW59 footprint
13:31:35: [INFO] Add D59 footprint
13:31:35: [INFO] Add SW60 footprint
13:31:35: [INFO] Add D60 footprint
13:31:35: [INFO] Add SW61 footprint
13:31:35: [INFO] Add D61 footprint
13:31:35: [INFO] Add SW62 footprint
13:31:35: [INFO] Add D62 footprint
13:31:35: [INFO] Add SW63 footprint
13:31:35: [INFO] Add D63 footprint
13:31:35: [INFO] Add SW63a footprint
13:31:35: [INFO] Add SW64 footprint
13:31:35: [INFO] Add D64 footprint
13:31:35: [WARNING] No stabilizer footprint for width 2.75u, using 2u as fallback
13:31:35: [INFO] Add ST64 footprint
13:31:36: [INFO] Add SW64a footprint
13:31:36: [INFO] Add SW64b footprint
13:31:36: [INFO] Add SW65 footprint
13:31:36: [INFO] Add D65 footprint
13:31:36: [WARNING] No stabilizer footprint for width 2.75u, using 2u as fallback
13:31:36: [INFO] Add ST65 footprint
13:31:36: [INFO] Add SW66 footprint
13:31:36: [INFO] Add D66 footprint
13:31:36: [INFO] Add SW67 footprint
13:31:36: [INFO] Add D67 footprint
13:31:36: [INFO] Add SW68 footprint
13:31:36: [INFO] Add D68 footprint
13:31:36: [INFO] Add SW69 footprint
13:31:36: [INFO] Add D69 footprint
13:31:36: [INFO] Add SW69a footprint
13:31:36: [INFO] Detected layout convertible to matrix annotated keyboard
13:31:36: [INFO] Using key 1U distance: (19.05, 19.05) mm
13:31:36: [INFO] Layout offset: (23812500, 38100000)
13:31:36: [INFO] Diode info: [ElementInfo(annotation_format='D{}', position_option=<PositionOption.CUSTOM: 'Custom'>, position=ElementPosition(x=5.08, y=4.0, orientation=90.0, side=<Side.BACK: 'Back'>), template_path='', start_index=-1)]
13:31:36: [INFO] Placing additional elements for SW69a
13:31:36: [INFO] Placing additional elements for SW69
13:31:36: [INFO] Placing additional elements for SW68
13:31:36: [INFO] Placing additional elements for SW67
13:31:36: [INFO] Placing additional elements for SW66
13:31:36: [INFO] Placing additional elements for SW65
13:31:36: [INFO] Placing additional elements for SW64b
13:31:36: [INFO] Placing additional elements for SW64a
13:31:36: [INFO] Placing additional elements for SW64
13:31:36: [INFO] Placing additional elements for SW63a
13:31:36: [INFO] Placing additional elements for SW63
13:31:36: [INFO] Placing additional elements for SW62
13:31:36: [INFO] Placing additional elements for SW61
13:31:36: [INFO] Placing additional elements for SW60
13:31:36: [INFO] Placing additional elements for SW59
13:31:36: [INFO] Placing additional elements for SW58
13:31:36: [INFO] Placing additional elements for SW57
13:31:36: [INFO] Placing additional elements for SW56
13:31:36: [INFO] Placing additional elements for SW55
13:31:36: [INFO] Placing additional elements for SW54
13:31:36: [INFO] Placing additional elements for SW53
13:31:36: [INFO] Placing additional elements for SW52
13:31:36: [INFO] Placing additional elements for SW51
13:31:36: [INFO] Placing additional elements for SW50
13:31:36: [INFO] Placing additional elements for SW49
13:31:36: [INFO] Placing additional elements for SW48
13:31:36: [INFO] Placing additional elements for SW47
13:31:36: [INFO] Placing additional elements for SW46
13:31:36: [INFO] Placing additional elements for SW45
13:31:36: [INFO] Placing additional elements for SW44
13:31:36: [INFO] Placing additional elements for SW43
13:31:36: [INFO] Placing additional elements for SW42
13:31:36: [INFO] Placing additional elements for SW41a
13:31:36: [INFO] Placing additional elements for SW41
13:31:36: [INFO] Placing additional elements for SW40
13:31:36: [INFO] Placing additional elements for SW39
13:31:36: [INFO] Placing additional elements for SW38
13:31:36: [INFO] Placing additional elements for SW37
13:31:36: [INFO] Placing additional elements for SW36
13:31:36: [INFO] Placing additional elements for SW35
13:31:36: [INFO] Placing additional elements for SW34
13:31:36: [INFO] Placing additional elements for SW33
13:31:36: [INFO] Placing additional elements for SW32
13:31:36: [INFO] Placing additional elements for SW31
13:31:36: [INFO] Placing additional elements for SW30
13:31:36: [INFO] Placing additional elements for SW29
13:31:36: [INFO] Placing additional elements for SW28
13:31:36: [INFO] Placing additional elements for SW27
13:31:36: [INFO] Placing additional elements for SW26
13:31:36: [INFO] Placing additional elements for SW25
13:31:36: [INFO] Placing additional elements for SW24
13:31:36: [INFO] Placing additional elements for SW23
13:31:36: [INFO] Placing additional elements for SW22
13:31:36: [INFO] Placing additional elements for SW21
13:31:36: [INFO] Placing additional elements for SW20
13:31:36: [INFO] Placing additional elements for SW19
13:31:36: [INFO] Placing additional elements for SW18
13:31:36: [INFO] Placing additional elements for SW17
13:31:36: [INFO] Placing additional elements for SW16
13:31:36: [INFO] Placing additional elements for SW15
13:31:36: [INFO] Placing additional elements for SW14
13:31:36: [INFO] Placing additional elements for SW13
13:31:36: [INFO] Placing additional elements for SW12
13:31:36: [INFO] Placing additional elements for SW11
13:31:36: [INFO] Placing additional elements for SW10
13:31:36: [INFO] Placing additional elements for SW9
13:31:36: [INFO] Placing additional elements for SW8
13:31:36: [INFO] Placing additional elements for SW7
13:31:36: [INFO] Placing additional elements for SW6
13:31:36: [INFO] Placing additional elements for SW5
13:31:36: [INFO] Placing additional elements for SW4
13:31:36: [INFO] Placing additional elements for SW3
13:31:36: [INFO] Placing additional elements for SW2
13:31:36: [INFO] Placing additional elements for SW1
13:31:36: [INFO] Routing SW69a with D69
13:31:36: [INFO] Using internal autorouter method
13:31:36: [INFO] Routing pad 'SW69a:2' at (426402500, 133032500) with pad 'D69:2' at (419417500, 159762500) using coordinate system rotated by 0 degree(s)
13:31:36: [INFO] Adding track segment (B.Cu): [(426402500, 133032500), (426402500, 152777500)]
13:31:36: [INFO] Adding track segment (B.Cu): [(426402500, 152777500), (419417500, 159762500)]
13:31:36: [INFO] Routing SW69 with D69
13:31:36: [INFO] Using internal autorouter method
13:31:36: [INFO] Routing pad 'SW69:2' at (416877500, 152082500) with pad 'D69:2' at (419417500, 159762500) using coordinate system rotated by 0 degree(s)
13:31:36: [INFO] Adding track segment (B.Cu): [(416877500, 152082500), (416877500, 157222500)]
13:31:36: [INFO] Adding track segment (B.Cu): [(416877500, 157222500), (419417500, 159762500)]
13:31:36: [INFO] Routing SW68 with D68
13:31:36: [INFO] Using internal autorouter method
13:31:36: [INFO] Routing pad 'SW68:2' at (407352500, 133032500) with pad 'D68:2' at (409892500, 140712500) using coordinate system rotated by 0 degree(s)
13:31:36: [INFO] Routing SW67 with D67
13:31:36: [INFO] Using internal autorouter method
13:31:36: [INFO] Routing pad 'SW67:2' at (388302500, 133032500) with pad 'D67:2' at (390842500, 140712500) using coordinate system rotated by 0 degree(s)
13:31:36: [INFO] Routing SW66 with D66
13:31:36: [INFO] Using internal autorouter method
13:31:36: [INFO] Routing pad 'SW66:2' at (332087827, 153646461) with pad 'D66:2' at (335922857, 160768718) using coordinate system rotated by 350.0 degree(s)
13:31:36: [INFO] Adding track segment (B.Cu): [(332087827, 153646461), (332980377, 158708371)]
13:31:36: [INFO] Adding track segment (B.Cu): [(332980377, 158708371), (335922857, 160768718)]
13:31:36: [INFO] Routing SW65 with D65
13:31:36: [INFO] Using internal autorouter method
13:31:36: [INFO] Routing pad 'SW65:2' at (292056179, 159737927) with pad 'D65:2' at (295891209, 166860184) using coordinate system rotated by 350.0 degree(s)
13:31:36: [INFO] Adding track segment (B.Cu): [(292056179, 159737927), (292948730, 164799838)]
13:31:36: [INFO] Adding track segment (B.Cu): [(292948730, 164799838), (295891209, 166860184)]
13:31:36: [INFO] Routing SW64b with D64
13:31:36: [INFO] Using internal autorouter method
13:31:36: [INFO] Routing pad 'SW64b:2' at (433546250, 113982500) with pad 'D64:2' at (407511250, 140712500) using coordinate system rotated by 0 degree(s)
13:31:36: [INFO] Routing SW64a with D64
13:31:36: [INFO] Using internal autorouter method
13:31:36: [INFO] Routing pad 'SW64a:2' at (421640000, 133032500) with pad 'D64:2' at (407511250, 140712500) using coordinate system rotated by 0 degree(s)
13:31:36: [INFO] Routing SW64 with D64
13:31:36: [INFO] Using internal autorouter method
13:31:36: [INFO] Routing pad 'SW64:2' at (404971250, 133032500) with pad 'D64:2' at (407511250, 140712500) using coordinate system rotated by 0 degree(s)
13:31:36: [INFO] Routing SW63a with D63
13:31:36: [INFO] Using internal autorouter method
13:31:36: [INFO] Routing pad 'SW63a:2' at (407352500, 113982500) with pad 'D63:2' at (397986250, 140712500) using coordinate system rotated by 0 degree(s)
13:31:36: [INFO] Routing SW63 with D63
13:31:36: [INFO] Using internal autorouter method
13:31:36: [INFO] Routing pad 'SW63:2' at (395446250, 133032500) with pad 'D63:2' at (397986250, 140712500) using coordinate system rotated by 0 degree(s)
13:31:36: [INFO] Adding track segment (B.Cu): [(395446250, 133032500), (395446250, 138172500)]
13:31:36: [INFO] Adding track segment (B.Cu): [(395446250, 138172500), (397986250, 140712500)]
13:31:36: [INFO] Routing SW62 with D62
13:31:36: [INFO] Using internal autorouter method
13:31:36: [INFO] Routing pad 'SW62:2' at (369252500, 133032500) with pad 'D62:2' at (371792500, 140712500) using coordinate system rotated by 0 degree(s)
13:31:36: [INFO] Adding track segment (B.Cu): [(369252500, 133032500), (369252500, 138172500)]
13:31:36: [INFO] Adding track segment (B.Cu): [(369252500, 138172500), (371792500, 140712500)]
13:31:36: [INFO] Routing SW61 with D61
13:31:36: [INFO] Using internal autorouter method
13:31:36: [INFO] Routing pad 'SW61:2' at (350202500, 133032500) with pad 'D61:2' at (352742500, 140712500) using coordinate system rotated by 0 degree(s)
13:31:36: [INFO] Adding track segment (B.Cu): [(350202500, 133032500), (350202500, 138172500)]
13:31:36: [INFO] Adding track segment (B.Cu): [(350202500, 138172500), (352742500, 140712500)]
13:31:36: [INFO] Routing SW60 with D60
13:31:36: [INFO] Using internal autorouter method
13:31:36: [INFO] Routing pad 'SW60:2' at (328614430, 133947844) with pad 'D60:2' at (332449460, 141070101) using coordinate system rotated by 350.0 degree(s)
13:31:36: [INFO] Adding track segment (B.Cu): [(328614430, 133947844), (329506981, 139009755)]
13:31:36: [INFO] Adding track segment (B.Cu): [(329506981, 139009755), (332449460, 141070101)]
13:31:36: [INFO] Routing SW59 with D59
13:31:36: [INFO] Using internal autorouter method
13:31:36: [INFO] Routing pad 'SW59:2' at (309853842, 137255842) with pad 'D59:2' at (313688872, 144378099) using coordinate system rotated by 350.0 degree(s)
13:31:36: [INFO] Adding track segment (B.Cu): [(309853842, 137255842), (310746393, 142317753)]
13:31:36: [INFO] Adding track segment (B.Cu): [(310746393, 142317753), (313688872, 144378099)]
13:31:36: [INFO] Routing SW58 with D58
13:31:36: [INFO] Using internal autorouter method
13:31:36: [INFO] Routing pad 'SW58:2' at (291093254, 140563840) with pad 'D58:2' at (294928284, 147686097) using coordinate system rotated by 350.0 degree(s)
13:31:36: [INFO] Adding track segment (B.Cu): [(291093254, 140563840), (291985804, 145625750)]
13:31:36: [INFO] Adding track segment (B.Cu): [(291985804, 145625750), (294928284, 147686097)]
13:31:36: [INFO] Routing SW57 with D57
13:31:36: [INFO] Using internal autorouter method
13:31:36: [INFO] Routing pad 'SW57:2' at (272332667, 143871838) with pad 'D57:2' at (276167697, 150994095) using coordinate system rotated by 350.0 degree(s)
13:31:36: [INFO] Adding track segment (B.Cu): [(272332667, 143871838), (273225218, 148933749)]
13:31:36: [INFO] Adding track segment (B.Cu): [(273225218, 148933749), (276167697, 150994095)]
13:31:36: [INFO] Routing SW56 with D56
13:31:36: [INFO] Using internal autorouter method
13:31:36: [INFO] Routing pad 'SW56:2' at (414496250, 113982500) with pad 'D56:2' at (417036250, 121662500) using coordinate system rotated by 0 degree(s)
13:31:36: [INFO] Adding track segment (B.Cu): [(414496250, 113982500), (414496250, 119122500)]
13:31:36: [INFO] Adding track segment (B.Cu): [(414496250, 119122500), (417036250, 121662500)]
13:31:36: [INFO] Routing SW55 with D55
13:31:36: [INFO] Using internal autorouter method
13:31:36: [INFO] Routing pad 'SW55:2' at (383540000, 113982500) with pad 'D55:2' at (386080000, 121662500) using coordinate system rotated by 0 degree(s)
13:31:36: [INFO] Adding track segment (B.Cu): [(383540000, 113982500), (383540000, 119122500)]
13:31:36: [INFO] Adding track segment (B.Cu): [(383540000, 119122500), (386080000, 121662500)]
13:31:36: [INFO] Routing SW54 with D54
13:31:36: [INFO] Using internal autorouter method
13:31:36: [INFO] Routing pad 'SW54:2' at (364490000, 113982500) with pad 'D54:2' at (367030000, 121662500) using coordinate system rotated by 0 degree(s)
13:31:36: [INFO] Adding track segment (B.Cu): [(364490000, 113982500), (364490000, 119122500)]
13:31:36: [INFO] Adding track segment (B.Cu): [(364490000, 119122500), (367030000, 121662500)]
13:31:36: [INFO] Routing SW53 with D53
13:31:36: [INFO] Using internal autorouter method
13:31:36: [INFO] Routing pad 'SW53:2' at (342190961, 112210059) with pad 'D53:2' at (346025991, 119332316) using coordinate system rotated by 350.0 degree(s)
13:31:36: [INFO] Adding track segment (B.Cu): [(342190961, 112210059), (343083512, 117271970)]
13:31:36: [INFO] Adding track segment (B.Cu): [(343083512, 117271970), (346025991, 119332316)]
13:31:36: [INFO] Routing SW52 with D52
13:31:36: [INFO] Using internal autorouter method
13:31:36: [INFO] Routing pad 'SW52:2' at (323430373, 115518056) with pad 'D52:2' at (327265403, 122640313) using coordinate system rotated by 350.0 degree(s)
13:31:36: [INFO] Adding track segment (B.Cu): [(323430373, 115518056), (324322923, 120579966)]
13:31:36: [INFO] Adding track segment (B.Cu): [(324322923, 120579966), (327265403, 122640313)]
13:31:36: [INFO] Routing SW51 with D51
13:31:36: [INFO] Using internal autorouter method
13:31:36: [INFO] Routing pad 'SW51:2' at (304669786, 118826054) with pad 'D51:2' at (308504816, 125948311) using coordinate system rotated by 350.0 degree(s)
13:31:36: [INFO] Adding track segment (B.Cu): [(304669786, 118826054), (305562336, 123887965)]
13:31:36: [INFO] Adding track segment (B.Cu): [(305562336, 123887965), (308504816, 125948311)]
13:31:36: [INFO] Routing SW50 with D50
13:31:36: [INFO] Using internal autorouter method
13:31:36: [INFO] Routing pad 'SW50:2' at (285909198, 122134052) with pad 'D50:2' at (289744228, 129256309) using coordinate system rotated by 350.0 degree(s)
13:31:36: [INFO] Adding track segment (B.Cu): [(285909198, 122134052), (286801749, 127195963)]
13:31:36: [INFO] Adding track segment (B.Cu): [(286801749, 127195963), (289744228, 129256309)]
13:31:36: [INFO] Routing SW49 with D49
13:31:36: [INFO] Using internal autorouter method
13:31:36: [INFO] Routing pad 'SW49:2' at (416877500, 94932500) with pad 'D49:2' at (419417500, 102612500) using coordinate system rotated by 0 degree(s)
13:31:36: [INFO] Adding track segment (B.Cu): [(416877500, 94932500), (416877500, 100072500)]
13:31:36: [INFO] Adding track segment (B.Cu): [(416877500, 100072500), (419417500, 102612500)]
13:31:36: [INFO] Routing SW48 with D48
13:31:36: [INFO] Using internal autorouter method
13:31:36: [INFO] Routing pad 'SW48:2' at (393065000, 94932500) with pad 'D48:2' at (395605000, 102612500) using coordinate system rotated by 0 degree(s)
13:31:36: [INFO] Adding track segment (B.Cu): [(393065000, 94932500), (393065000, 100072500)]
13:31:36: [INFO] Adding track segment (B.Cu): [(393065000, 100072500), (395605000, 102612500)]
13:31:36: [INFO] Routing SW47 with D47
13:31:36: [INFO] Using internal autorouter method
13:31:36: [INFO] Routing pad 'SW47:2' at (374015000, 94932500) with pad 'D47:2' at (376555000, 102612500) using coordinate system rotated by 0 degree(s)
13:31:36: [INFO] Adding track segment (B.Cu): [(374015000, 94932500), (374015000, 100072500)]
13:31:36: [INFO] Adding track segment (B.Cu): [(374015000, 100072500), (376555000, 102612500)]
13:31:36: [INFO] Routing SW46 with D46
13:31:36: [INFO] Using internal autorouter method
13:31:36: [INFO] Routing pad 'SW46:2' at (354965000, 93027500) with pad 'D46:2' at (357505000, 100707500) using coordinate system rotated by 0 degree(s)
13:31:36: [INFO] Adding track segment (B.Cu): [(354965000, 93027500), (354965000, 98167500)]
13:31:36: [INFO] Adding track segment (B.Cu): [(354965000, 98167500), (357505000, 100707500)]
13:31:36: [INFO] Routing SW45 with D45
13:31:36: [INFO] Using internal autorouter method
13:31:36: [INFO] Routing pad 'SW45:2' at (333254787, 94441870) with pad 'D45:2' at (337089817, 101564127) using coordinate system rotated by 350.0 degree(s)
13:31:36: [INFO] Adding track segment (B.Cu): [(333254787, 94441870), (334147338, 99503781)]
13:31:36: [INFO] Adding track segment (B.Cu): [(334147338, 99503781), (337089817, 101564127)]
13:31:36: [INFO] Routing SW44 with D44
13:31:36: [INFO] Using internal autorouter method
13:31:36: [INFO] Routing pad 'SW44:2' at (314494199, 97749868) with pad 'D44:2' at (318329229, 104872125) using coordinate system rotated by 350.0 degree(s)
13:31:36: [INFO] Adding track segment (B.Cu): [(314494199, 97749868), (315386750, 102811779)]
13:31:36: [INFO] Adding track segment (B.Cu): [(315386750, 102811779), (318329229, 104872125)]
13:31:37: [INFO] Routing SW43 with D43
13:31:37: [INFO] Using internal autorouter method
13:31:37: [INFO] Routing pad 'SW43:2' at (295733611, 101057866) with pad 'D43:2' at (299568641, 108180123) using coordinate system rotated by 350.0 degree(s)
13:31:37: [INFO] Adding track segment (B.Cu): [(295733611, 101057866), (296626161, 106119777)]
13:31:37: [INFO] Adding track segment (B.Cu): [(296626161, 106119777), (299568641, 108180123)]
13:31:37: [INFO] Routing SW42 with D42
13:31:37: [INFO] Using internal autorouter method
13:31:37: [INFO] Routing pad 'SW42:2' at (276973024, 104365864) with pad 'D42:2' at (280808054, 111488121) using coordinate system rotated by 350.0 degree(s)
13:31:37: [INFO] Adding track segment (B.Cu): [(276973024, 104365864), (277865575, 109427775)]
13:31:37: [INFO] Adding track segment (B.Cu): [(277865575, 109427775), (280808054, 111488121)]
13:31:37: [INFO] Routing SW41a with D41
13:31:37: [INFO] Using internal autorouter method
13:31:37: [INFO] Routing pad 'SW41a:2' at (416877500, 75882500) with pad 'D41:2' at (409892500, 83562500) using coordinate system rotated by 0 degree(s)
13:31:37: [INFO] Routing SW41 with D41
13:31:37: [INFO] Using internal autorouter method
13:31:37: [INFO] Routing pad 'SW41:2' at (407352500, 75882500) with pad 'D41:2' at (409892500, 83562500) using coordinate system rotated by 0 degree(s)
13:31:37: [INFO] Adding track segment (B.Cu): [(407352500, 75882500), (407352500, 81022500)]
13:31:37: [INFO] Adding track segment (B.Cu): [(407352500, 81022500), (409892500, 83562500)]
13:31:37: [INFO] Routing SW40 with D40
13:31:37: [INFO] Using internal autorouter method
13:31:37: [INFO] Routing pad 'SW40:2' at (397827500, 75882500) with pad 'D40:2' at (400367500, 83562500) using coordinate system rotated by 0 degree(s)
13:31:37: [INFO] Adding track segment (B.Cu): [(397827500, 75882500), (397827500, 81022500)]
13:31:37: [INFO] Adding track segment (B.Cu): [(397827500, 81022500), (400367500, 83562500)]
13:31:37: [INFO] Routing SW39 with D39
13:31:37: [INFO] Using internal autorouter method
13:31:37: [INFO] Routing pad 'SW39:2' at (378777500, 75882500) with pad 'D39:2' at (381317500, 83562500) using coordinate system rotated by 0 degree(s)
13:31:37: [INFO] Adding track segment (B.Cu): [(378777500, 75882500), (378777500, 81022500)]
13:31:37: [INFO] Adding track segment (B.Cu): [(378777500, 81022500), (381317500, 83562500)]
13:31:37: [INFO] Routing SW38 with D38
13:31:37: [INFO] Using internal autorouter method
13:31:37: [INFO] Routing pad 'SW38:2' at (359727500, 73025000) with pad 'D38:2' at (362267500, 80705000) using coordinate system rotated by 0 degree(s)
13:31:37: [INFO] Adding track segment (B.Cu): [(359727500, 73025000), (359727500, 78165000)]
13:31:37: [INFO] Adding track segment (B.Cu): [(359727500, 78165000), (362267500, 80705000)]
13:31:37: [INFO] Routing SW37 with D37
13:31:37: [INFO] Using internal autorouter method
13:31:37: [INFO] Routing pad 'SW37:2' at (337451024, 74358083) with pad 'D37:2' at (341286054, 81480340) using coordinate system rotated by 350.0 degree(s)
13:31:37: [INFO] Adding track segment (B.Cu): [(337451024, 74358083), (338343575, 79419993)]
13:31:37: [INFO] Adding track segment (B.Cu): [(338343575, 79419993), (341286054, 81480340)]
13:31:37: [INFO] Routing SW36 with D36
13:31:37: [INFO] Using internal autorouter method
13:31:37: [INFO] Routing pad 'SW36:2' at (318690436, 77666081) with pad 'D36:2' at (322525466, 84788338) using coordinate system rotated by 350.0 degree(s)
13:31:37: [INFO] Adding track segment (B.Cu): [(318690436, 77666081), (319582986, 82727991)]
13:31:37: [INFO] Adding track segment (B.Cu): [(319582986, 82727991), (322525466, 84788338)]
13:31:37: [INFO] Routing SW35 with D35
13:31:37: [INFO] Using internal autorouter method
13:31:37: [INFO] Routing pad 'SW35:2' at (299929849, 80974079) with pad 'D35:2' at (303764879, 88096336) using coordinate system rotated by 350.0 degree(s)
13:31:37: [INFO] Adding track segment (B.Cu): [(299929849, 80974079), (300822400, 86035990)]
13:31:37: [INFO] Adding track segment (B.Cu): [(300822400, 86035990), (303764879, 88096336)]
13:31:37: [INFO] Routing SW34 with D34
13:31:37: [INFO] Using internal autorouter method
13:31:37: [INFO] Routing pad 'SW34:2' at (281169261, 84282077) with pad 'D34:2' at (285004291, 91404334) using coordinate system rotated by 350.0 degree(s)
13:31:37: [INFO] Adding track segment (B.Cu): [(281169261, 84282077), (282061812, 89343988)]
13:31:37: [INFO] Adding track segment (B.Cu): [(282061812, 89343988), (285004291, 91404334)]
13:31:37: [INFO] Routing SW33 with D33
13:31:37: [INFO] Using internal autorouter method
13:31:37: [INFO] Routing pad 'SW33:2' at (236113907, 165161096) with pad 'D33:2' at (237281700, 173165485) using coordinate system rotated by 10.0 degree(s)
13:31:37: [INFO] Adding track segment (B.Cu): [(236113907, 165161096), (235221354, 170223007)]
13:31:37: [INFO] Adding track segment (B.Cu): [(235221354, 170223007), (237281700, 173165485)]
13:31:37: [INFO] Routing SW32 with D32
13:31:37: [INFO] Using internal autorouter method
13:31:37: [INFO] Routing pad 'SW32:2' at (205627952, 159785600) with pad 'D32:2' at (206795745, 167789989) using coordinate system rotated by 10.0 degree(s)
13:31:37: [INFO] Adding track segment (B.Cu): [(205627952, 159785600), (204735399, 164847511)]
13:31:37: [INFO] Adding track segment (B.Cu): [(204735399, 164847511), (206795745, 167789989)]
13:31:37: [INFO] Routing SW31 with D31
13:31:37: [INFO] Using internal autorouter method
13:31:37: [INFO] Routing pad 'SW31:2' at (170121050, 155459163) with pad 'D31:2' at (171288843, 163463552) using coordinate system rotated by 10.0 degree(s)
13:31:37: [INFO] Adding track segment (B.Cu): [(170121050, 155459163), (169228498, 160521074)]
13:31:37: [INFO] Adding track segment (B.Cu): [(169228498, 160521074), (171288843, 163463552)]
13:31:37: [INFO] Routing SW30 with D30
13:31:37: [INFO] Using internal autorouter method
13:31:37: [INFO] Routing pad 'SW30:2' at (112077500, 152082500) with pad 'D30:2' at (114617500, 159762500) using coordinate system rotated by 0 degree(s)
13:31:37: [INFO] Adding track segment (B.Cu): [(112077500, 152082500), (112077500, 157222500)]
13:31:37: [INFO] Adding track segment (B.Cu): [(112077500, 157222500), (114617500, 159762500)]
13:31:37: [INFO] Routing SW29 with D29
13:31:37: [INFO] Using internal autorouter method
13:31:37: [INFO] Routing pad 'SW29:2' at (230041611, 144746510) with pad 'D29:2' at (231209404, 152750899) using coordinate system rotated by 10.0 degree(s)
13:31:37: [INFO] Adding track segment (B.Cu): [(230041611, 144746510), (229149058, 149808421)]
13:31:37: [INFO] Adding track segment (B.Cu): [(229149058, 149808421), (231209404, 152750899)]
13:31:37: [INFO] Routing SW28 with D28
13:31:37: [INFO] Using internal autorouter method
13:31:37: [INFO] Routing pad 'SW28:2' at (211281023, 141438512) with pad 'D28:2' at (212448816, 149442901) using coordinate system rotated by 10.0 degree(s)
13:31:37: [INFO] Adding track segment (B.Cu): [(211281023, 141438512), (210388471, 146500423)]
13:31:37: [INFO] Adding track segment (B.Cu): [(210388471, 146500423), (212448816, 149442901)]
13:31:37: [INFO] Routing SW27 with D27
13:31:37: [INFO] Using internal autorouter method
13:31:37: [INFO] Routing pad 'SW27:2' at (192520436, 138130514) with pad 'D27:2' at (193688229, 146134903) using coordinate system rotated by 10.0 degree(s)
13:31:37: [INFO] Adding track segment (B.Cu): [(192520436, 138130514), (191627884, 143192425)]
13:31:37: [INFO] Adding track segment (B.Cu): [(191627884, 143192425), (193688229, 146134903)]
13:31:37: [INFO] Routing SW26 with D26
13:31:37: [INFO] Using internal autorouter method
13:31:37: [INFO] Routing pad 'SW26:2' at (173759848, 134822516) with pad 'D26:2' at (174927641, 142826905) using coordinate system rotated by 10.0 degree(s)
13:31:37: [INFO] Adding track segment (B.Cu): [(173759848, 134822516), (172867295, 139884427)]
13:31:37: [INFO] Adding track segment (B.Cu): [(172867295, 139884427), (174927641, 142826905)]
13:31:37: [INFO] Routing SW25 with D25
13:31:37: [INFO] Using internal autorouter method
13:31:37: [INFO] Routing pad 'SW25:2' at (150177500, 133032500) with pad 'D25:2' at (152717500, 140712500) using coordinate system rotated by 0 degree(s)
13:31:37: [INFO] Adding track segment (B.Cu): [(150177500, 133032500), (150177500, 138172500)]
13:31:37: [INFO] Adding track segment (B.Cu): [(150177500, 138172500), (152717500, 140712500)]
13:31:37: [INFO] Routing SW24 with D24
13:31:37: [INFO] Using internal autorouter method
13:31:37: [INFO] Routing pad 'SW24:2' at (119221250, 133032500) with pad 'D24:2' at (121761250, 140712500) using coordinate system rotated by 0 degree(s)
13:31:37: [INFO] Adding track segment (B.Cu): [(119221250, 133032500), (119221250, 138172500)]
13:31:37: [INFO] Adding track segment (B.Cu): [(119221250, 138172500), (121761250, 140712500)]
13:31:37: [INFO] Routing SW23 with D23
13:31:37: [INFO] Using internal autorouter method
13:31:37: [INFO] Routing pad 'SW23:2' at (223969315, 124331923) with pad 'D23:2' at (225137108, 132336312) using coordinate system rotated by 10.0 degree(s)
13:31:37: [INFO] Adding track segment (B.Cu): [(223969315, 124331923), (223076762, 129393834)]
13:31:37: [INFO] Adding track segment (B.Cu): [(223076762, 129393834), (225137108, 132336312)]
13:31:37: [INFO] Routing SW22 with D22
13:31:37: [INFO] Using internal autorouter method
13:31:37: [INFO] Routing pad 'SW22:2' at (205208727, 121023925) with pad 'D22:2' at (206376520, 129028314) using coordinate system rotated by 10.0 degree(s)
13:31:37: [INFO] Adding track segment (B.Cu): [(205208727, 121023925), (204316175, 126085836)]
13:31:37: [INFO] Adding track segment (B.Cu): [(204316175, 126085836), (206376520, 129028314)]
13:31:37: [INFO] Routing SW21 with D21
13:31:37: [INFO] Using internal autorouter method
13:31:37: [INFO] Routing pad 'SW21:2' at (186448140, 117715927) with pad 'D21:2' at (187615933, 125720316) using coordinate system rotated by 10.0 degree(s)
13:31:37: [INFO] Adding track segment (B.Cu): [(186448140, 117715927), (185555588, 122777839)]
13:31:37: [INFO] Adding track segment (B.Cu): [(185555588, 122777839), (187615933, 125720316)]
13:31:37: [INFO] Routing SW20 with D20
13:31:37: [INFO] Using internal autorouter method
13:31:37: [INFO] Routing pad 'SW20:2' at (167687552, 114407930) with pad 'D20:2' at (168855345, 122412319) using coordinate system rotated by 10.0 degree(s)
13:31:37: [INFO] Adding track segment (B.Cu): [(167687552, 114407930), (166794999, 119469840)]
13:31:37: [INFO] Adding track segment (B.Cu): [(166794999, 119469840), (168855345, 122412319)]
13:31:37: [INFO] Routing SW19 with D19
13:31:37: [INFO] Using internal autorouter method
13:31:37: [INFO] Routing pad 'SW19:2' at (145415000, 113982500) with pad 'D19:2' at (147955000, 121662500) using coordinate system rotated by 0 degree(s)
13:31:37: [INFO] Adding track segment (B.Cu): [(145415000, 113982500), (145415000, 119122500)]
13:31:37: [INFO] Adding track segment (B.Cu): [(145415000, 119122500), (147955000, 121662500)]
13:31:37: [INFO] Routing SW18 with D18
13:31:37: [INFO] Using internal autorouter method
13:31:37: [INFO] Routing pad 'SW18:2' at (119221250, 113982500) with pad 'D18:2' at (121761250, 121662500) using coordinate system rotated by 0 degree(s)
13:31:37: [INFO] Adding track segment (B.Cu): [(119221250, 113982500), (119221250, 119122500)]
13:31:37: [INFO] Adding track segment (B.Cu): [(119221250, 119122500), (121761250, 121662500)]
13:31:37: [INFO] Routing SW17 with D17
13:31:37: [INFO] Using internal autorouter method
13:31:37: [INFO] Routing pad 'SW17:2' at (88265000, 109220000) with pad 'D17:2' at (90805000, 116900000) using coordinate system rotated by 0 degree(s)
13:31:37: [INFO] Adding track segment (B.Cu): [(88265000, 109220000), (88265000, 114360000)]
13:31:37: [INFO] Adding track segment (B.Cu): [(88265000, 114360000), (90805000, 116900000)]
13:31:37: [INFO] Routing SW16 with D16
13:31:37: [INFO] Using internal autorouter method
13:31:37: [INFO] Routing pad 'SW16:2' at (241347754, 108052334) with pad 'D16:2' at (242515547, 116056723) using coordinate system rotated by 10.0 degree(s)
13:31:37: [INFO] Adding track segment (B.Cu): [(241347754, 108052334), (240455202, 113114245)]
13:31:37: [INFO] Adding track segment (B.Cu): [(240455202, 113114245), (242515547, 116056723)]
13:31:37: [INFO] Routing SW15 with D15
13:31:37: [INFO] Using internal autorouter method
13:31:37: [INFO] Routing pad 'SW15:2' at (222587166, 104744336) with pad 'D15:2' at (223754959, 112748725) using coordinate system rotated by 10.0 degree(s)
13:31:37: [INFO] Adding track segment (B.Cu): [(222587166, 104744336), (221694613, 109806246)]
13:31:37: [INFO] Adding track segment (B.Cu): [(221694613, 109806246), (223754959, 112748725)]
13:31:37: [INFO] Routing SW14 with D14
13:31:37: [INFO] Using internal autorouter method
13:31:37: [INFO] Routing pad 'SW14:2' at (203826578, 101436338) with pad 'D14:2' at (204994371, 109440727) using coordinate system rotated by 10.0 degree(s)
13:31:37: [INFO] Adding track segment (B.Cu): [(203826578, 101436338), (202934025, 106498249)]
13:31:37: [INFO] Adding track segment (B.Cu): [(202934025, 106498249), (204994371, 109440727)]
13:31:37: [INFO] Routing SW13 with D13
13:31:37: [INFO] Using internal autorouter method
13:31:37: [INFO] Routing pad 'SW13:2' at (185065991, 98128340) with pad 'D13:2' at (186233784, 106132729) using coordinate system rotated by 10.0 degree(s)
13:31:37: [INFO] Adding track segment (B.Cu): [(185065991, 98128340), (184173439, 103190251)]
13:31:37: [INFO] Adding track segment (B.Cu): [(184173439, 103190251), (186233784, 106132729)]
13:31:37: [INFO] Routing SW12 with D12
13:31:37: [INFO] Using internal autorouter method
13:31:37: [INFO] Routing pad 'SW12:2' at (166305403, 94820342) with pad 'D12:2' at (167473196, 102824731) using coordinate system rotated by 10.0 degree(s)
13:31:37: [INFO] Adding track segment (B.Cu): [(166305403, 94820342), (165412850, 99882252)]
13:31:37: [INFO] Adding track segment (B.Cu): [(165412850, 99882252), (167473196, 102824731)]
13:31:37: [INFO] Routing SW11 with D11
13:31:37: [INFO] Using internal autorouter method
13:31:37: [INFO] Routing pad 'SW11:2' at (145415000, 94932500) with pad 'D11:2' at (147955000, 102612500) using coordinate system rotated by 0 degree(s)
13:31:37: [INFO] Adding track segment (B.Cu): [(145415000, 94932500), (145415000, 100072500)]
13:31:37: [INFO] Adding track segment (B.Cu): [(145415000, 100072500), (147955000, 102612500)]
13:31:37: [INFO] Routing SW10 with D10
13:31:37: [INFO] Using internal autorouter method
13:31:37: [INFO] Routing pad 'SW10:2' at (121602500, 94932500) with pad 'D10:2' at (124142500, 102612500) using coordinate system rotated by 0 degree(s)
13:31:37: [INFO] Adding track segment (B.Cu): [(121602500, 94932500), (121602500, 100072500)]
13:31:37: [INFO] Adding track segment (B.Cu): [(121602500, 100072500), (124142500, 102612500)]
13:31:37: [INFO] Routing SW9 with D9
13:31:37: [INFO] Using internal autorouter method
13:31:37: [INFO] Routing pad 'SW9:2' at (93027500, 90170000) with pad 'D9:2' at (95567500, 97850000) using coordinate system rotated by 0 degree(s)
13:31:37: [INFO] Adding track segment (B.Cu): [(93027500, 90170000), (93027500, 95310000)]
13:31:37: [INFO] Adding track segment (B.Cu): [(93027500, 95310000), (95567500, 97850000)]
13:31:37: [INFO] Routing SW8 with D8
13:31:37: [INFO] Using internal autorouter method
13:31:37: [INFO] Routing pad 'SW8:2' at (237151516, 87968547) with pad 'D8:2' at (238319309, 95972936) using coordinate system rotated by 10.0 degree(s)
13:31:37: [INFO] Adding track segment (B.Cu): [(237151516, 87968547), (236258963, 93030458)]
13:31:37: [INFO] Adding track segment (B.Cu): [(236258963, 93030458), (238319309, 95972936)]
13:31:37: [INFO] Routing SW7 with D7
13:31:37: [INFO] Using internal autorouter method
13:31:37: [INFO] Routing pad 'SW7:2' at (218390929, 84660549) with pad 'D7:2' at (219558722, 92664938) using coordinate system rotated by 10.0 degree(s)
13:31:37: [INFO] Adding track segment (B.Cu): [(218390929, 84660549), (217498377, 89722460)]
13:31:37: [INFO] Adding track segment (B.Cu): [(217498377, 89722460), (219558722, 92664938)]
13:31:37: [INFO] Routing SW6 with D6
13:31:37: [INFO] Using internal autorouter method
13:31:37: [INFO] Routing pad 'SW6:2' at (199630341, 81352551) with pad 'D6:2' at (200798134, 89356940) using coordinate system rotated by 10.0 degree(s)
13:31:37: [INFO] Adding track segment (B.Cu): [(199630341, 81352551), (198737788, 86414462)]
13:31:37: [INFO] Adding track segment (B.Cu): [(198737788, 86414462), (200798134, 89356940)]
13:31:37: [INFO] Routing SW5 with D5
13:31:37: [INFO] Using internal autorouter method
13:31:37: [INFO] Routing pad 'SW5:2' at (180869753, 78044553) with pad 'D5:2' at (182037546, 86048942) using coordinate system rotated by 10.0 degree(s)
13:31:37: [INFO] Adding track segment (B.Cu): [(180869753, 78044553), (179977200, 83106464)]
13:31:37: [INFO] Adding track segment (B.Cu): [(179977200, 83106464), (182037546, 86048942)]
13:31:37: [INFO] Routing SW4 with D4
13:31:37: [INFO] Using internal autorouter method
13:31:37: [INFO] Routing pad 'SW4:2' at (159702500, 73977500) with pad 'D4:2' at (162242500, 81657500) using coordinate system rotated by 0 degree(s)
13:31:37: [INFO] Adding track segment (B.Cu): [(159702500, 73977500), (159702500, 79117500)]
13:31:37: [INFO] Adding track segment (B.Cu): [(159702500, 79117500), (162242500, 81657500)]
13:31:37: [INFO] Routing SW3 with D3
13:31:37: [INFO] Using internal autorouter method
13:31:37: [INFO] Routing pad 'SW3:2' at (140652500, 75882500) with pad 'D3:2' at (143192500, 83562500) using coordinate system rotated by 0 degree(s)
13:31:37: [INFO] Adding track segment (B.Cu): [(140652500, 75882500), (140652500, 81022500)]
13:31:37: [INFO] Adding track segment (B.Cu): [(140652500, 81022500), (143192500, 83562500)]
13:31:37: [INFO] Routing SW2 with D2
13:31:37: [INFO] Using internal autorouter method
13:31:37: [INFO] Routing pad 'SW2:2' at (121602500, 75882500) with pad 'D2:2' at (124142500, 83562500) using coordinate system rotated by 0 degree(s)
13:31:37: [INFO] Adding track segment (B.Cu): [(121602500, 75882500), (121602500, 81022500)]
13:31:37: [INFO] Adding track segment (B.Cu): [(121602500, 81022500), (124142500, 83562500)]
13:31:37: [INFO] Routing SW1 with D1
13:31:37: [INFO] Using internal autorouter method
13:31:37: [INFO] Routing pad 'SW1:2' at (97790000, 71120000) with pad 'D1:2' at (100330000, 78800000) using coordinate system rotated by 0 degree(s)
13:31:37: [INFO] Adding track segment (B.Cu): [(97790000, 71120000), (97790000, 76260000)]
13:31:37: [INFO] Adding track segment (B.Cu): [(97790000, 76260000), (100330000, 78800000)]
13:31:37: [INFO] Routing ROW0 pads
13:31:37: [INFO] Routing pad 'D1:1' at (100330000, 81600000) with pad 'D2:1' at (124142500, 86362500) using coordinate system rotated by 0 degree(s)
13:31:37: [INFO] Adding track segment (B.Cu): [(100330000, 81600000), (105092500, 86362500)]
13:31:37: [INFO] Adding track segment (B.Cu): [(105092500, 86362500), (124142500, 86362500)]
13:31:37: [INFO] Routing pad 'D2:1' at (124142500, 86362500) with pad 'D3:1' at (143192500, 86362500) using coordinate system rotated by 0 degree(s)
13:31:37: [INFO] Adding track segment (B.Cu): [(124142500, 86362500), (143192500, 86362500)]
13:31:37: [INFO] Routing pad 'D3:1' at (143192500, 86362500) with pad 'D4:1' at (162242500, 84457500) using coordinate system rotated by 0 degree(s)
13:31:37: [INFO] Adding track segment (B.Cu): [(143192500, 86362500), (160337500, 86362500)]
13:31:37: [INFO] Adding track segment (B.Cu): [(160337500, 86362500), (162242500, 84457500)]
13:31:37: [WARNING] Could not route pads when parent footprints not rotated the same, footprint1: D4 at 90.0 degree(s) and footprint2: D5 at 80.0 degree(s)
13:31:37: [INFO] Routing pad 'D5:1' at (181551332, 88806404) with pad 'D6:1' at (200311920, 92114402) using coordinate system rotated by 280.0 degree(s)
13:31:37: [INFO] Adding track segment (B.Cu): [(181551332, 88806404), (200311919, 92114401)]
13:31:37: [INFO] Adding track segment (B.Cu): [(200311919, 92114401), (200311920, 92114402)]
13:31:37: [INFO] Routing pad 'D6:1' at (200311920, 92114402) with pad 'D7:1' at (219072508, 95422400) using coordinate system rotated by 280.0 degree(s)
13:31:38: [INFO] Adding track segment (B.Cu): [(200311920, 92114402), (219072507, 95422399)]
13:31:38: [INFO] Adding track segment (B.Cu): [(219072507, 95422399), (219072508, 95422400)]
13:31:38: [INFO] Routing pad 'D7:1' at (219072508, 95422400) with pad 'D8:1' at (237833095, 98730398) using coordinate system rotated by 280.0 degree(s)
13:31:38: [INFO] Adding track segment (B.Cu): [(219072508, 95422400), (237833094, 98730397)]
13:31:38: [INFO] Adding track segment (B.Cu): [(237833094, 98730397), (237833095, 98730398)]
13:31:38: [INFO] Routing ROW6 pads
13:31:38: [INFO] Routing pad 'D42:1' at (281294268, 114245583) with pad 'D43:1' at (300054855, 110937585) using coordinate system rotated by 260.0 degree(s)
13:31:38: [INFO] Adding track segment (B.Cu): [(281294268, 114245583), (300054854, 110937584)]
13:31:38: [INFO] Adding track segment (B.Cu): [(300054854, 110937584), (300054855, 110937585)]
13:31:38: [INFO] Routing pad 'D43:1' at (300054855, 110937585) with pad 'D44:1' at (318815443, 107629587) using coordinate system rotated by 260.0 degree(s)
13:31:38: [INFO] Adding track segment (B.Cu): [(300054855, 110937585), (318815442, 107629586)]
13:31:38: [INFO] Adding track segment (B.Cu): [(318815442, 107629586), (318815443, 107629587)]
13:31:38: [INFO] Routing pad 'D44:1' at (318815443, 107629587) with pad 'D45:1' at (337576031, 104321589) using coordinate system rotated by 260.0 degree(s)
13:31:38: [INFO] Adding track segment (B.Cu): [(318815443, 107629587), (337576030, 104321588)]
13:31:38: [INFO] Adding track segment (B.Cu): [(337576030, 104321588), (337576031, 104321589)]
13:31:38: [WARNING] Could not route pads when parent footprints not rotated the same, footprint1: D45 at 100.0 degree(s) and footprint2: D46 at 90.0 degree(s)
13:31:38: [INFO] Routing pad 'D46:1' at (357505000, 103507500) with pad 'D47:1' at (376555000, 105412500) using coordinate system rotated by 0 degree(s)
13:31:38: [INFO] Adding track segment (B.Cu): [(357505000, 103507500), (374650000, 103507500)]
13:31:38: [INFO] Adding track segment (B.Cu): [(374650000, 103507500), (376555000, 105412500)]
13:31:38: [INFO] Routing pad 'D47:1' at (376555000, 105412500) with pad 'D48:1' at (395605000, 105412500) using coordinate system rotated by 0 degree(s)
13:31:38: [INFO] Adding track segment (B.Cu): [(376555000, 105412500), (395605000, 105412500)]
13:31:38: [INFO] Routing pad 'D48:1' at (395605000, 105412500) with pad 'D49:1' at (419417500, 105412500) using coordinate system rotated by 0 degree(s)
13:31:38: [INFO] Adding track segment (B.Cu): [(395605000, 105412500), (419417500, 105412500)]
13:31:38: [INFO] Routing COL15 pads
13:31:38: [INFO] Routing pad 'SW41a:1' at (410527500, 78422500) with pad 'SW41:1' at (401002500, 78422500) using coordinate system rotated by 0 degree(s)
13:31:38: [INFO] Adding track segment (F.Cu): [(410527500, 78422500), (401002500, 78422500)]
13:31:38: [INFO] Routing pad 'SW64a:1' at (415290000, 135572500) with pad 'SW56:1' at (408146250, 116522500) using coordinate system rotated by 0 degree(s)
13:31:38: [INFO] Adding track segment (F.Cu): [(415290000, 135572500), (408146250, 128428750)]
13:31:38: [INFO] Adding track segment (F.Cu): [(408146250, 128428750), (408146250, 116522500)]
13:31:38: [INFO] Routing pad 'SW49:1' at (410527500, 97472500) with pad 'SW41a:1' at (410527500, 78422500) using coordinate system rotated by 0 degree(s)
13:31:38: [INFO] Adding track segment (F.Cu): [(410527500, 97472500), (410527500, 78422500)]
13:31:38: [INFO] Could not add track segment due to detected collision
13:31:38: [INFO] Routing pad 'SW56:1' at (408146250, 116522500) with pad 'SW49:1' at (410527500, 97472500) using coordinate system rotated by 0 degree(s)
13:31:38: [INFO] Adding track segment (F.Cu): [(408146250, 116522500), (410527500, 114141250)]
13:31:38: [INFO] Adding track segment (F.Cu): [(410527500, 114141250), (410527500, 97472500)]
13:31:38: [INFO] Routing pad 'SW64a:1' at (415290000, 135572500) with pad 'SW69:1' at (410527500, 154622500) using coordinate system rotated by 0 degree(s)
13:31:38: [INFO] Routing pad 'SW64:1' at (398621250, 135572500) with pad 'SW64a:1' at (415290000, 135572500) using coordinate system rotated by 0 degree(s)
13:31:38: [INFO] Adding track segment (F.Cu): [(398621250, 135572500), (415290000, 135572500)]
13:31:38: [INFO] Could not add track segment due to detected collision
13:31:38: [INFO] Routing pad 'SW64a:1' at (415290000, 135572500) with pad 'SW69a:1' at (420052500, 135572500) using coordinate system rotated by 0 degree(s)
13:31:38: [INFO] Adding track segment (F.Cu): [(415290000, 135572500), (420052500, 135572500)]
13:31:38: [INFO] Routing pad 'SW56:1' at (408146250, 116522500) with pad 'SW64b:1' at (427196250, 116522500) using coordinate system rotated by 0 degree(s)
13:31:38: [INFO] Adding track segment (F.Cu): [(408146250, 116522500), (427196250, 116522500)]
13:31:38: [INFO] Routing ROW4 pads
13:31:38: [WARNING] Could not route pads when parent footprints not rotated the same, footprint1: D30 at 90.0 degree(s) and footprint2: D31 at 80.0 degree(s)
13:31:38: [INFO] Routing pad 'D31:1' at (170802629, 166221014) with pad 'D32:1' at (206309531, 170547451) using coordinate system rotated by 280.0 degree(s)
13:31:38: [INFO] Adding track segment (B.Cu): [(170802629, 166221014), (173009488, 164675754)]
13:31:38: [INFO] Adding track segment (B.Cu): [(173009488, 164675754), (206309531, 170547451)]
13:31:38: [INFO] Routing pad 'D32:1' at (206309531, 170547451) with pad 'D33:1' at (236795486, 175922947) using coordinate system rotated by 280.0 degree(s)
13:31:38: [INFO] Adding track segment (B.Cu): [(206309531, 170547451), (236795485, 175922946)]
13:31:38: [INFO] Adding track segment (B.Cu): [(236795485, 175922946), (236795486, 175922947)]
13:31:38: [INFO] Routing COL10 pads
13:31:38: [INFO] Routing pad 'SW52:1' at (317617910, 119122134) with pad 'SW44:1' at (308681736, 101353946) using coordinate system rotated by 350.0 degree(s)
13:31:38: [INFO] Adding track segment (F.Cu): [(317617910, 119122134), (310997333, 114486356)]
13:31:38: [INFO] Adding track segment (F.Cu): [(310997333, 114486356), (308681736, 101353946)]
13:31:38: [INFO] Routing pad 'SW44:1' at (308681736, 101353946) with pad 'SW36:1' at (312877973, 81270159) using coordinate system rotated by 350.0 degree(s)
13:31:38: [INFO] Adding track segment (F.Cu): [(308681736, 101353946), (314862771, 92526511)]
13:31:38: [INFO] Adding track segment (F.Cu): [(314862771, 92526511), (312877973, 81270159)]
13:31:38: [INFO] Routing pad 'SW59:1' at (304041379, 140859920) with pad 'SW52:1' at (317617910, 119122134) using coordinate system rotated by 350.0 degree(s)
13:31:38: [INFO] Routing ROW5 pads
13:31:38: [INFO] Routing pad 'D34:1' at (285490505, 94161796) with pad 'D35:1' at (304251093, 90853798) using coordinate system rotated by 260.0 degree(s)
13:31:38: [INFO] Adding track segment (B.Cu): [(285490505, 94161796), (304251092, 90853797)]
13:31:38: [INFO] Adding track segment (B.Cu): [(304251092, 90853797), (304251093, 90853798)]
13:31:38: [INFO] Routing pad 'D35:1' at (304251093, 90853798) with pad 'D36:1' at (323011680, 87545800) using coordinate system rotated by 260.0 degree(s)
13:31:38: [INFO] Adding track segment (B.Cu): [(304251093, 90853798), (323011679, 87545799)]
13:31:38: [INFO] Adding track segment (B.Cu): [(323011679, 87545799), (323011680, 87545800)]
13:31:38: [INFO] Routing pad 'D36:1' at (323011680, 87545800) with pad 'D37:1' at (341772268, 84237802) using coordinate system rotated by 260.0 degree(s)
13:31:38: [INFO] Adding track segment (B.Cu): [(323011680, 87545800), (341772267, 84237802)]
13:31:38: [INFO] Adding track segment (B.Cu): [(341772267, 84237802), (341772268, 84237802)]
13:31:38: [WARNING] Could not route pads when parent footprints not rotated the same, footprint1: D37 at 100.0 degree(s) and footprint2: D38 at 90.0 degree(s)
13:31:38: [INFO] Routing pad 'D38:1' at (362267500, 83505000) with pad 'D39:1' at (381317500, 86362500) using coordinate system rotated by 0 degree(s)
13:31:38: [INFO] Adding track segment (B.Cu): [(362267500, 83505000), (378460000, 83505000)]
13:31:38: [INFO] Adding track segment (B.Cu): [(378460000, 83505000), (381317500, 86362500)]
13:31:38: [INFO] Routing pad 'D39:1' at (381317500, 86362500) with pad 'D40:1' at (400367500, 86362500) using coordinate system rotated by 0 degree(s)
13:31:38: [INFO] Adding track segment (B.Cu): [(381317500, 86362500), (400367500, 86362500)]
13:31:38: [INFO] Routing pad 'D40:1' at (400367500, 86362500) with pad 'D41:1' at (409892500, 86362500) using coordinate system rotated by 0 degree(s)
13:31:38: [INFO] Adding track segment (B.Cu): [(400367500, 86362500), (409892500, 86362500)]
13:31:38: [INFO] Routing COL5 pads
13:31:38: [INFO] Routing pad 'SW6:1' at (192935746, 82751297) with pad 'SW14:1' at (197131983, 102835084) using coordinate system rotated by 10.0 degree(s)
13:31:38: [INFO] Adding track segment (F.Cu): [(192935746, 82751297), (190950946, 94007649)]
13:31:38: [INFO] Adding track segment (F.Cu): [(190950946, 94007649), (197131983, 102835084)]
13:31:38: [INFO] Routing pad 'SW14:1' at (197131983, 102835084) with pad 'SW22:1' at (198514132, 122422671) using coordinate system rotated by 10.0 degree(s)
13:31:38: [INFO] Adding track segment (F.Cu): [(197131983, 102835084), (194650984, 116905524)]
13:31:38: [INFO] Adding track segment (F.Cu): [(194650984, 116905524), (198514132, 122422671)]
13:31:38: [INFO] Routing pad 'SW28:1' at (204586428, 142837258) with pad 'SW32:1' at (198933357, 161184346) using coordinate system rotated by 10.0 degree(s)
13:31:38: [INFO] Adding track segment (F.Cu): [(204586428, 142837258), (201691930, 159252771)]
13:31:38: [INFO] Adding track segment (F.Cu): [(201691930, 159252771), (198933357, 161184346)]
13:31:38: [INFO] Routing pad 'SW22:1' at (198514132, 122422671) with pad 'SW28:1' at (204586428, 142837258) using coordinate system rotated by 10.0 degree(s)
13:31:38: [INFO] Adding track segment (F.Cu): [(198514132, 122422671), (196860133, 131802964)]
13:31:38: [INFO] Adding track segment (F.Cu): [(196860133, 131802964), (204586428, 142837258)]
13:31:38: [INFO] Routing COL0 pads
13:31:38: [INFO] Routing pad 'SW17:1' at (81915000, 111760000) with pad 'SW9:1' at (86677500, 92710000) using coordinate system rotated by 0 degree(s)
13:31:38: [INFO] Adding track segment (F.Cu): [(81915000, 111760000), (86677500, 106997500)]
13:31:38: [INFO] Adding track segment (F.Cu): [(86677500, 106997500), (86677500, 92710000)]
13:31:38: [INFO] Routing pad 'SW9:1' at (86677500, 92710000) with pad 'SW1:1' at (91440000, 73660000) using coordinate system rotated by 0 degree(s)
13:31:38: [INFO] Adding track segment (F.Cu): [(86677500, 92710000), (91440000, 87947500)]
13:31:38: [INFO] Adding track segment (F.Cu): [(91440000, 87947500), (91440000, 73660000)]
13:31:38: [INFO] Routing COL6 pads
13:31:38: [INFO] Routing pad 'SW7:1' at (211696334, 86059295) with pad 'SW15:1' at (215892571, 106143082) using coordinate system rotated by 10.0 degree(s)
13:31:38: [INFO] Adding track segment (F.Cu): [(211696334, 86059295), (209711534, 97315647)]
13:31:38: [INFO] Adding track segment (F.Cu): [(209711534, 97315647), (215892571, 106143082)]
13:31:38: [INFO] Routing pad 'SW15:1' at (215892571, 106143082) with pad 'SW23:1' at (217274720, 125730669) using coordinate system rotated by 10.0 degree(s)
13:31:38: [INFO] Adding track segment (F.Cu): [(215892571, 106143082), (213411572, 120213522)]
13:31:38: [INFO] Adding track segment (F.Cu): [(213411572, 120213522), (217274720, 125730669)]
13:31:38: [INFO] Routing pad 'SW23:1' at (217274720, 125730669) with pad 'SW29:1' at (223347016, 146145256) using coordinate system rotated by 10.0 degree(s)
13:31:38: [INFO] Adding track segment (F.Cu): [(217274720, 125730669), (215620720, 135110962)]
13:31:38: [INFO] Adding track segment (F.Cu): [(215620720, 135110962), (223347016, 146145256)]
13:31:38: [INFO] Routing pad 'SW29:1' at (223347016, 146145256) with pad 'SW33:1' at (229419312, 166559842) using coordinate system rotated by 10.0 degree(s)
13:31:38: [INFO] Adding track segment (F.Cu): [(223347016, 146145256), (221693016, 155525548)]
13:31:38: [INFO] Adding track segment (F.Cu): [(221693016, 155525548), (229419312, 166559842)]
13:31:38: [INFO] Routing COL4 pads
13:31:38: [INFO] Routing pad 'SW5:1' at (174175158, 79443299) with pad 'SW13:1' at (178371396, 99527086) using coordinate system rotated by 10.0 degree(s)
13:31:38: [INFO] Adding track segment (F.Cu): [(174175158, 79443299), (172190359, 90699651)]
13:31:38: [INFO] Adding track segment (F.Cu): [(172190359, 90699651), (178371396, 99527086)]
13:31:38: [INFO] Routing pad 'SW13:1' at (178371396, 99527086) with pad 'SW21:1' at (179753545, 119114673) using coordinate system rotated by 10.0 degree(s)
13:31:38: [INFO] Adding track segment (F.Cu): [(178371396, 99527086), (175890397, 113597525)]
13:31:38: [INFO] Adding track segment (F.Cu): [(175890397, 113597525), (179753545, 119114673)]
13:31:38: [INFO] Routing pad 'SW21:1' at (179753545, 119114673) with pad 'SW27:1' at (185825841, 139529260) using coordinate system rotated by 10.0 degree(s)
13:31:38: [INFO] Adding track segment (F.Cu): [(179753545, 119114673), (178099545, 128494966)]
13:31:38: [INFO] Adding track segment (F.Cu): [(178099545, 128494966), (185825841, 139529260)]
13:31:38: [INFO] Routing COL3 pads
13:31:38: [WARNING] Could not route pads when parent footprints not rotated the same, footprint1: SW4 at 0.0 degree(s) and footprint2: SW12 at -10.0 degree(s)
13:31:38: [INFO] Routing pad 'SW12:1' at (159610808, 96219088) with pad 'SW20:1' at (160992957, 115806676) using coordinate system rotated by 10.0 degree(s)
13:31:38: [INFO] Adding track segment (F.Cu): [(159610808, 96219088), (157129809, 110289528)]
13:31:38: [INFO] Adding track segment (F.Cu): [(157129809, 110289528), (160992957, 115806676)]
13:31:38: [INFO] Routing pad 'SW26:1' at (167065253, 136221262) with pad 'SW31:1' at (163426455, 156857909) using coordinate system rotated by 10.0 degree(s)
13:31:38: [INFO] Adding track segment (F.Cu): [(167065253, 136221262), (163426455, 156857907)]
13:31:38: [INFO] Adding track segment (F.Cu): [(163426455, 156857907), (163426455, 156857909)]
13:31:38: [INFO] Routing pad 'SW20:1' at (160992957, 115806676) with pad 'SW26:1' at (167065253, 136221262) using coordinate system rotated by 10.0 degree(s)
13:31:38: [INFO] Adding track segment (F.Cu): [(160992957, 115806676), (159338957, 125186969)]
13:31:38: [INFO] Adding track segment (F.Cu): [(159338957, 125186969), (167065253, 136221262)]
13:31:38: [INFO] Routing ROW8 pads
13:31:38: [INFO] Routing pad 'D57:1' at (276653911, 153751557) with pad 'D58:1' at (295414498, 150443559) using coordinate system rotated by 260.0 degree(s)
13:31:38: [INFO] Adding track segment (B.Cu): [(276653911, 153751557), (295414497, 150443558)]
13:31:38: [INFO] Adding track segment (B.Cu): [(295414497, 150443558), (295414498, 150443559)]
13:31:38: [INFO] Routing pad 'D58:1' at (295414498, 150443559) with pad 'D59:1' at (314175086, 147135561) using coordinate system rotated by 260.0 degree(s)
13:31:38: [INFO] Adding track segment (B.Cu): [(295414498, 150443559), (314175085, 147135560)]
13:31:38: [INFO] Adding track segment (B.Cu): [(314175085, 147135560), (314175086, 147135561)]
13:31:38: [INFO] Routing pad 'D59:1' at (314175086, 147135561) with pad 'D60:1' at (332935674, 143827563) using coordinate system rotated by 260.0 degree(s)
13:31:38: [INFO] Adding track segment (B.Cu): [(314175086, 147135561), (332935673, 143827562)]
13:31:38: [INFO] Adding track segment (B.Cu): [(332935673, 143827562), (332935674, 143827563)]
13:31:38: [WARNING] Could not route pads when parent footprints not rotated the same, footprint1: D60 at 100.0 degree(s) and footprint2: D61 at 90.0 degree(s)
13:31:38: [INFO] Routing pad 'D61:1' at (352742500, 143512500) with pad 'D62:1' at (371792500, 143512500) using coordinate system rotated by 0 degree(s)
13:31:38: [INFO] Adding track segment (B.Cu): [(352742500, 143512500), (371792500, 143512500)]
13:31:38: [INFO] Routing pad 'D62:1' at (371792500, 143512500) with pad 'D63:1' at (397986250, 143512500) using coordinate system rotated by 0 degree(s)
13:31:38: [INFO] Adding track segment (B.Cu): [(371792500, 143512500), (397986250, 143512500)]
13:31:38: [INFO] Could not add track segment due to detected collision
13:31:38: [INFO] Routing pad 'D63:1' at (397986250, 143512500) with pad 'D64:1' at (407511250, 143512500) using coordinate system rotated by 0 degree(s)
13:31:38: [INFO] Adding track segment (B.Cu): [(397986250, 143512500), (407511250, 143512500)]
13:31:38: [INFO] Routing COL2 pads
13:31:38: [INFO] Routing pad 'SW3:1' at (134302500, 78422500) with pad 'SW11:1' at (139065000, 97472500) using coordinate system rotated by 0 degree(s)
13:31:38: [INFO] Adding track segment (F.Cu): [(134302500, 78422500), (134302500, 92710000)]
13:31:38: [INFO] Adding track segment (F.Cu): [(134302500, 92710000), (139065000, 97472500)]
13:31:38: [INFO] Routing pad 'SW11:1' at (139065000, 97472500) with pad 'SW19:1' at (139065000, 116522500) using coordinate system rotated by 0 degree(s)
13:31:38: [INFO] Adding track segment (F.Cu): [(139065000, 97472500), (139065000, 116522500)]
13:31:38: [INFO] Routing pad 'SW19:1' at (139065000, 116522500) with pad 'SW25:1' at (143827500, 135572500) using coordinate system rotated by 0 degree(s)
13:31:38: [INFO] Adding track segment (F.Cu): [(139065000, 116522500), (139065000, 130810000)]
13:31:39: [INFO] Adding track segment (F.Cu): [(139065000, 130810000), (143827500, 135572500)]
13:31:39: [INFO] Routing ROW1 pads
13:31:39: [INFO] Routing pad 'D9:1' at (95567500, 100650000) with pad 'D10:1' at (124142500, 105412500) using coordinate system rotated by 0 degree(s)
13:31:39: [INFO] Adding track segment (B.Cu): [(95567500, 100650000), (100330000, 105412500)]
13:31:39: [INFO] Adding track segment (B.Cu): [(100330000, 105412500), (124142500, 105412500)]
13:31:39: [INFO] Routing pad 'D10:1' at (124142500, 105412500) with pad 'D11:1' at (147955000, 105412500) using coordinate system rotated by 0 degree(s)
13:31:39: [INFO] Adding track segment (B.Cu): [(124142500, 105412500), (147955000, 105412500)]
13:31:39: [WARNING] Could not route pads when parent footprints not rotated the same, footprint1: D11 at 90.0 degree(s) and footprint2: D12 at 80.0 degree(s)
13:31:39: [INFO] Routing pad 'D12:1' at (166986982, 105582193) with pad 'D13:1' at (185747570, 108890191) using coordinate system rotated by 280.0 degree(s)
13:31:39: [INFO] Adding track segment (B.Cu): [(166986982, 105582193), (185747569, 108890190)]
13:31:39: [INFO] Adding track segment (B.Cu): [(185747569, 108890190), (185747570, 108890191)]
13:31:39: [INFO] Routing pad 'D13:1' at (185747570, 108890191) with pad 'D14:1' at (204508157, 112198189) using coordinate system rotated by 280.0 degree(s)
13:31:39: [INFO] Adding track segment (B.Cu): [(185747570, 108890191), (204508156, 112198188)]
13:31:39: [INFO] Adding track segment (B.Cu): [(204508156, 112198188), (204508157, 112198189)]
13:31:39: [INFO] Routing pad 'D14:1' at (204508157, 112198189) with pad 'D15:1' at (223268745, 115506187) using coordinate system rotated by 280.0 degree(s)
13:31:39: [INFO] Adding track segment (B.Cu): [(204508157, 112198189), (223268744, 115506186)]
13:31:39: [INFO] Adding track segment (B.Cu): [(223268744, 115506186), (223268745, 115506187)]
13:31:39: [INFO] Routing pad 'D15:1' at (223268745, 115506187) with pad 'D16:1' at (242029333, 118814185) using coordinate system rotated by 280.0 degree(s)
13:31:39: [INFO] Adding track segment (B.Cu): [(223268745, 115506187), (242029332, 118814184)]
13:31:39: [INFO] Adding track segment (B.Cu): [(242029332, 118814184), (242029333, 118814185)]
13:31:39: [INFO] Routing COL1 pads
13:31:39: [INFO] Routing pad 'SW24:1' at (112871250, 135572500) with pad 'SW18:1' at (112871250, 116522500) using coordinate system rotated by 0 degree(s)
13:31:39: [INFO] Adding track segment (F.Cu): [(112871250, 135572500), (112871250, 116522500)]
13:31:39: [INFO] Routing pad 'SW30:1' at (105727500, 154622500) with pad 'SW24:1' at (112871250, 135572500) using coordinate system rotated by 0 degree(s)
13:31:39: [INFO] Adding track segment (F.Cu): [(105727500, 154622500), (112871250, 147478750)]
13:31:39: [INFO] Adding track segment (F.Cu): [(112871250, 147478750), (112871250, 135572500)]
13:31:39: [INFO] Routing pad 'SW10:1' at (115252500, 97472500) with pad 'SW2:1' at (115252500, 78422500) using coordinate system rotated by 0 degree(s)
13:31:39: [INFO] Adding track segment (F.Cu): [(115252500, 97472500), (115252500, 78422500)]
13:31:39: [INFO] Routing pad 'SW18:1' at (112871250, 116522500) with pad 'SW10:1' at (115252500, 97472500) using coordinate system rotated by 0 degree(s)
13:31:39: [INFO] Adding track segment (F.Cu): [(112871250, 116522500), (115252500, 114141250)]
13:31:39: [INFO] Adding track segment (F.Cu): [(115252500, 114141250), (115252500, 97472500)]
13:31:39: [INFO] Routing COL11 pads
13:31:39: [INFO] Routing pad 'SW60:1' at (322801967, 137551922) with pad 'SW66:1' at (326275364, 157250539) using coordinate system rotated by 350.0 degree(s)
13:31:39: [INFO] Adding track segment (F.Cu): [(322801967, 137551922), (326275364, 157250537)]
13:31:39: [INFO] Adding track segment (F.Cu): [(326275364, 157250537), (326275364, 157250539)]
13:31:39: [INFO] Routing pad 'SW53:1' at (336378498, 115814137) with pad 'SW45:1' at (327442324, 98045948) using coordinate system rotated by 350.0 degree(s)
13:31:39: [INFO] Adding track segment (F.Cu): [(336378498, 115814137), (329757922, 111178360)]
13:31:39: [INFO] Adding track segment (F.Cu): [(329757922, 111178360), (327442324, 98045948)]
13:31:39: [INFO] Routing pad 'SW45:1' at (327442324, 98045948) with pad 'SW37:1' at (331638561, 77962161) using coordinate system rotated by 350.0 degree(s)
13:31:39: [INFO] Adding track segment (F.Cu): [(327442324, 98045948), (333623358, 89218514)]
13:31:39: [INFO] Adding track segment (F.Cu): [(333623358, 89218514), (331638561, 77962161)]
13:31:39: [INFO] Routing pad 'SW60:1' at (322801967, 137551922) with pad 'SW53:1' at (336378498, 115814137) using coordinate system rotated by 350.0 degree(s)
13:31:39: [INFO] Routing COL7 pads
13:31:39: [INFO] Routing pad 'SW8:1' at (230456921, 89367293) with pad 'SW16:1' at (234653159, 109451080) using coordinate system rotated by 10.0 degree(s)
13:31:39: [INFO] Adding track segment (F.Cu): [(230456921, 89367293), (228472122, 100623644)]
13:31:39: [INFO] Adding track segment (F.Cu): [(228472122, 100623644), (234653159, 109451080)]
13:31:39: [INFO] Routing ROW9 pads
13:31:39: [INFO] Routing pad 'D65:1' at (296377423, 169617646) with pad 'D66:1' at (336409071, 163526180) using coordinate system rotated by 260.0 degree(s)
13:31:39: [INFO] Adding track segment (B.Cu): [(296377423, 169617646), (335305641, 162753550)]
13:31:39: [INFO] Adding track segment (B.Cu): [(335305641, 162753550), (336409071, 163526180)]
13:31:39: [WARNING] Could not route pads when parent footprints not rotated the same, footprint1: D66 at 100.0 degree(s) and footprint2: D67 at 90.0 degree(s)
13:31:39: [INFO] Routing pad 'D67:1' at (390842500, 143512500) with pad 'D68:1' at (409892500, 143512500) using coordinate system rotated by 0 degree(s)
13:31:39: [INFO] Adding track segment (B.Cu): [(390842500, 143512500), (409892500, 143512500)]
13:31:39: [INFO] Could not add track segment due to detected collision
13:31:39: [INFO] Routing pad 'D68:1' at (409892500, 143512500) with pad 'D69:1' at (419417500, 162562500) using coordinate system rotated by 0 degree(s)
13:31:39: [INFO] Routing COL8 pads
13:31:39: [INFO] Routing pad 'SW50:1' at (280096735, 125738130) with pad 'SW42:1' at (271160561, 107969942) using coordinate system rotated by 350.0 degree(s)
13:31:39: [INFO] Adding track segment (F.Cu): [(280096735, 125738130), (273476159, 121102352)]
13:31:39: [INFO] Adding track segment (F.Cu): [(273476159, 121102352), (271160561, 107969942)]
13:31:39: [INFO] Routing pad 'SW42:1' at (271160561, 107969942) with pad 'SW34:1' at (275356798, 87886155) using coordinate system rotated by 350.0 degree(s)
13:31:39: [INFO] Adding track segment (F.Cu): [(271160561, 107969942), (277341595, 99142508)]
13:31:39: [INFO] Adding track segment (F.Cu): [(277341595, 99142508), (275356798, 87886155)]
13:31:39: [INFO] Routing pad 'SW57:1' at (266520204, 147475916) with pad 'SW50:1' at (280096735, 125738130) using coordinate system rotated by 350.0 degree(s)
13:31:39: [INFO] Routing ROW3 pads
13:31:39: [INFO] Routing pad 'D24:1' at (121761250, 143512500) with pad 'D25:1' at (152717500, 143512500) using coordinate system rotated by 0 degree(s)
13:31:39: [INFO] Adding track segment (B.Cu): [(121761250, 143512500), (152717500, 143512500)]
13:31:39: [WARNING] Could not route pads when parent footprints not rotated the same, footprint1: D25 at 90.0 degree(s) and footprint2: D26 at 80.0 degree(s)
13:31:39: [INFO] Routing pad 'D26:1' at (174441427, 145584367) with pad 'D27:1' at (193202015, 148892365) using coordinate system rotated by 280.0 degree(s)
13:31:39: [INFO] Adding track segment (B.Cu): [(174441427, 145584367), (193202014, 148892364)]
13:31:39: [INFO] Adding track segment (B.Cu): [(193202014, 148892364), (193202015, 148892365)]
13:31:39: [INFO] Routing pad 'D27:1' at (193202015, 148892365) with pad 'D28:1' at (211962602, 152200363) using coordinate system rotated by 280.0 degree(s)
13:31:39: [INFO] Adding track segment (B.Cu): [(193202015, 148892365), (211962601, 152200362)]
13:31:39: [INFO] Adding track segment (B.Cu): [(211962601, 152200362), (211962602, 152200363)]
13:31:39: [INFO] Routing pad 'D28:1' at (211962602, 152200363) with pad 'D29:1' at (230723190, 155508361) using coordinate system rotated by 280.0 degree(s)
13:31:39: [INFO] Adding track segment (B.Cu): [(211962602, 152200363), (230723188, 155508359)]
13:31:39: [INFO] Adding track segment (B.Cu): [(230723188, 155508359), (230723190, 155508361)]
13:31:39: [INFO] Routing COL12 pads
13:31:39: [INFO] Routing pad 'SW54:1' at (358140000, 116522500) with pad 'SW46:1' at (348615000, 95567500) using coordinate system rotated by 0 degree(s)
13:31:39: [INFO] Adding track segment (F.Cu): [(358140000, 116522500), (348615000, 106997500)]
13:31:39: [INFO] Adding track segment (F.Cu): [(348615000, 106997500), (348615000, 95567500)]
13:31:39: [INFO] Routing pad 'SW46:1' at (348615000, 95567500) with pad 'SW38:1' at (353377500, 75565000) using coordinate system rotated by 0 degree(s)
13:31:39: [INFO] Adding track segment (F.Cu): [(348615000, 95567500), (353377500, 90805000)]
13:31:39: [INFO] Adding track segment (F.Cu): [(353377500, 90805000), (353377500, 75565000)]
13:31:39: [INFO] Routing pad 'SW61:1' at (343852500, 135572500) with pad 'SW54:1' at (358140000, 116522500) using coordinate system rotated by 0 degree(s)
13:31:39: [INFO] Adding track segment (F.Cu): [(343852500, 135572500), (358140000, 121285000)]
13:31:39: [INFO] Adding track segment (F.Cu): [(358140000, 121285000), (358140000, 116522500)]
13:31:39: [INFO] Routing ROW7 pads
13:31:39: [INFO] Routing pad 'D50:1' at (290230442, 132013771) with pad 'D51:1' at (308991030, 128705773) using coordinate system rotated by 260.0 degree(s)
13:31:39: [INFO] Adding track segment (B.Cu): [(290230442, 132013771), (308991029, 128705772)]
13:31:39: [INFO] Adding track segment (B.Cu): [(308991029, 128705772), (308991030, 128705773)]
13:31:39: [INFO] Routing pad 'D51:1' at (308991030, 128705773) with pad 'D52:1' at (327751617, 125397775) using coordinate system rotated by 260.0 degree(s)
13:31:39: [INFO] Adding track segment (B.Cu): [(308991030, 128705773), (327751616, 125397775)]
13:31:39: [INFO] Adding track segment (B.Cu): [(327751616, 125397775), (327751617, 125397775)]
13:31:39: [INFO] Routing pad 'D52:1' at (327751617, 125397775) with pad 'D53:1' at (346512205, 122089778) using coordinate system rotated by 260.0 degree(s)
13:31:39: [INFO] Adding track segment (B.Cu): [(327751617, 125397775), (346512204, 122089777)]
13:31:39: [INFO] Adding track segment (B.Cu): [(346512204, 122089777), (346512205, 122089778)]
13:31:39: [WARNING] Could not route pads when parent footprints not rotated the same, footprint1: D53 at 100.0 degree(s) and footprint2: D54 at 90.0 degree(s)
13:31:39: [INFO] Routing pad 'D54:1' at (367030000, 124462500) with pad 'D55:1' at (386080000, 124462500) using coordinate system rotated by 0 degree(s)
13:31:39: [INFO] Adding track segment (B.Cu): [(367030000, 124462500), (386080000, 124462500)]
13:31:39: [INFO] Routing pad 'D55:1' at (386080000, 124462500) with pad 'D56:1' at (417036250, 124462500) using coordinate system rotated by 0 degree(s)
13:31:39: [INFO] Adding track segment (B.Cu): [(386080000, 124462500), (417036250, 124462500)]
13:31:39: [INFO] Routing COL9 pads
13:31:39: [INFO] Routing pad 'SW58:1' at (285280791, 144167918) with pad 'SW65:1' at (286243716, 163342005) using coordinate system rotated by 350.0 degree(s)
13:31:39: [INFO] Adding track segment (F.Cu): [(285280791, 144167918), (288175288, 160583432)]
13:31:39: [INFO] Adding track segment (F.Cu): [(288175288, 160583432), (286243716, 163342005)]
13:31:39: [INFO] Routing pad 'SW51:1' at (298857323, 122430132) with pad 'SW43:1' at (289921148, 104661944) using coordinate system rotated by 350.0 degree(s)
13:31:39: [INFO] Adding track segment (F.Cu): [(298857323, 122430132), (292236745, 117794353)]
13:31:39: [INFO] Adding track segment (F.Cu): [(292236745, 117794353), (289921148, 104661944)]
13:31:39: [INFO] Routing pad 'SW43:1' at (289921148, 104661944) with pad 'SW35:1' at (294117386, 84578157) using coordinate system rotated by 350.0 degree(s)
13:31:39: [INFO] Adding track segment (F.Cu): [(289921148, 104661944), (296102184, 95834507)]
13:31:39: [INFO] Adding track segment (F.Cu): [(296102184, 95834507), (294117386, 84578157)]
13:31:39: [INFO] Routing pad 'SW58:1' at (285280791, 144167918) with pad 'SW51:1' at (298857323, 122430132) using coordinate system rotated by 350.0 degree(s)
13:31:39: [INFO] Routing ROW2 pads
13:31:39: [INFO] Routing pad 'D17:1' at (90805000, 119700000) with pad 'D18:1' at (121761250, 124462500) using coordinate system rotated by 0 degree(s)
13:31:39: [INFO] Adding track segment (B.Cu): [(90805000, 119700000), (95567500, 124462500)]
13:31:39: [INFO] Adding track segment (B.Cu): [(95567500, 124462500), (121761250, 124462500)]
13:31:39: [INFO] Routing pad 'D18:1' at (121761250, 124462500) with pad 'D19:1' at (147955000, 124462500) using coordinate system rotated by 0 degree(s)
13:31:39: [INFO] Adding track segment (B.Cu): [(121761250, 124462500), (147955000, 124462500)]
13:31:39: [WARNING] Could not route pads when parent footprints not rotated the same, footprint1: D19 at 90.0 degree(s) and footprint2: D20 at 80.0 degree(s)
13:31:39: [INFO] Routing pad 'D20:1' at (168369131, 125169781) with pad 'D21:1' at (187129719, 128477778) using coordinate system rotated by 280.0 degree(s)
13:31:40: [INFO] Adding track segment (B.Cu): [(168369131, 125169781), (187129718, 128477777)]
13:31:40: [INFO] Adding track segment (B.Cu): [(187129718, 128477777), (187129719, 128477778)]
13:31:40: [INFO] Routing pad 'D21:1' at (187129719, 128477778) with pad 'D22:1' at (205890306, 131785776) using coordinate system rotated by 280.0 degree(s)
13:31:40: [INFO] Adding track segment (B.Cu): [(187129719, 128477778), (205890305, 131785775)]
13:31:40: [INFO] Adding track segment (B.Cu): [(205890305, 131785775), (205890306, 131785776)]
13:31:40: [INFO] Routing pad 'D22:1' at (205890306, 131785776) with pad 'D23:1' at (224650894, 135093774) using coordinate system rotated by 280.0 degree(s)
13:31:40: [INFO] Adding track segment (B.Cu): [(205890306, 131785776), (224650893, 135093773)]
13:31:40: [INFO] Adding track segment (B.Cu): [(224650893, 135093773), (224650894, 135093774)]
13:31:40: [INFO] Routing COL14 pads
13:31:40: [INFO] Routing pad 'SW68:1' at (401002500, 135572500) with pad 'SW63:1' at (389096250, 135572500) using coordinate system rotated by 0 degree(s)
13:31:40: [INFO] Adding track segment (F.Cu): [(401002500, 135572500), (389096250, 135572500)]
13:31:40: [INFO] Could not add track segment due to detected collision
13:31:40: [INFO] Routing pad 'SW48:1' at (386715000, 97472500) with pad 'SW40:1' at (391477500, 78422500) using coordinate system rotated by 0 degree(s)
13:31:40: [INFO] Routing pad 'SW48:1' at (386715000, 97472500) with pad 'SW63a:1' at (401002500, 116522500) using coordinate system rotated by 0 degree(s)
13:31:40: [INFO] Adding track segment (F.Cu): [(386715000, 97472500), (386715000, 102235000)]
13:31:40: [INFO] Adding track segment (F.Cu): [(386715000, 102235000), (401002500, 116522500)]
13:31:40: [INFO] Routing pad 'SW63a:1' at (401002500, 116522500) with pad 'SW68:1' at (401002500, 135572500) using coordinate system rotated by 0 degree(s)
13:31:40: [INFO] Adding track segment (F.Cu): [(401002500, 116522500), (401002500, 135572500)]
13:31:40: [INFO] Could not add track segment due to detected collision
13:31:40: [INFO] Routing COL13 pads
13:31:40: [INFO] Routing pad 'SW55:1' at (377190000, 116522500) with pad 'SW47:1' at (367665000, 97472500) using coordinate system rotated by 0 degree(s)
13:31:40: [INFO] Adding track segment (F.Cu): [(377190000, 116522500), (367665000, 106997500)]
13:31:40: [INFO] Adding track segment (F.Cu): [(367665000, 106997500), (367665000, 97472500)]
13:31:40: [INFO] Routing pad 'SW47:1' at (367665000, 97472500) with pad 'SW39:1' at (372427500, 78422500) using coordinate system rotated by 0 degree(s)
13:31:40: [INFO] Adding track segment (F.Cu): [(367665000, 97472500), (372427500, 92710000)]
13:31:40: [INFO] Adding track segment (F.Cu): [(372427500, 92710000), (372427500, 78422500)]
13:31:40: [INFO] Routing pad 'SW67:1' at (381952500, 135572500) with pad 'SW55:1' at (377190000, 116522500) using coordinate system rotated by 0 degree(s)
13:31:40: [INFO] Adding track segment (F.Cu): [(381952500, 135572500), (377190000, 130810000)]
13:31:40: [INFO] Adding track segment (F.Cu): [(377190000, 130810000), (377190000, 116522500)]
13:31:40: [INFO] Routing pad 'SW62:1' at (362902500, 135572500) with pad 'SW67:1' at (381952500, 135572500) using coordinate system rotated by 0 degree(s)
13:31:40: [INFO] Adding track segment (F.Cu): [(362902500, 135572500), (381952500, 135572500)]
13:31:40: [INFO] Removing dangling tracks
