=== kbplacer.kle_serial ===
=== layout2image.py ===
=== kbplacer ===
13:37:12: [INFO] User layout: https://editor.keyboard-tools.xyz/#share=NrDeCIA9wLgAgMwF8A0dwAYUPGi14BGQ1dAFhQCZwBdFAKDCljkrXAE8WBaDAOgAcANlKYquOPhYl2WMhKnwAnKIqEFzIquy0GTAnACs7LvF6CRslIY0GA7Noy7GEU3HPD2AYxbgAxACGQcHgolhOeOA+8P5ecfGhVuqRBoSG2vKR0eiBwUGJ5NbO+iwIJjz8ZGzo2bHxcQXghDop0jLoxtR0Lpqs5Wb8wqLN1K1a7M2Zkr0q7MbJ06mixjjdJfDG6G4elujNNmNwDnMoTmuuFRbevrl5jc0R07V+9Q3DKAuKcGnLKFMQzzy+V+NnOvTKW0uVWuMRer0abBwh2IoiE4jBBmqnEuQ3YbFGi2kojY-xmqI+tiJ7DRqz0X022IGFmJRUOx3QaLOdMZ7kGaJqNyBAQRpw0z1ePhZn16P2pfzFgqBjTRoO5BgQfAZ234hAEojKjy+hH4GFEdnR3IATtIGZaDIY+JRbW4NUp2AZzFrLul2GV1GDrfAEFh0HaWEI+HZnSwyHwEPzeuYo-1eZGGQALaSa-UWnqB9zB9hhohY7Vp9iZojZ9jmrl5nhpIupDXJ0Muvhu9Ae-hepk+9Dm-00IA
13:37:12: [INFO] Labels prefixes: for rows: 'ROW', for columns: 'COL'
13:37:12: [INFO] Matrix size: 7x5
13:37:12: [INFO] Add COL0 net
13:37:12: [INFO] Add COL1 net
13:37:12: [INFO] Add COL2 net
13:37:12: [INFO] Add COL3 net
13:37:12: [INFO] Add COL4 net
13:37:12: [INFO] Add COL5 net
13:37:12: [INFO] Add Net-(D1-A) net
13:37:12: [INFO] Add Net-(D10-A) net
13:37:12: [INFO] Add Net-(D11-A) net
13:37:12: [INFO] Add Net-(D12-A) net
13:37:12: [INFO] Add Net-(D13-A) net
13:37:12: [INFO] Add Net-(D14-A) net
13:37:12: [INFO] Add Net-(D15-A) net
13:37:12: [INFO] Add Net-(D16-A) net
13:37:12: [INFO] Add Net-(D17-A) net
13:37:12: [INFO] Add Net-(D18-A) net
13:37:12: [INFO] Add Net-(D19-A) net
13:37:12: [INFO] Add Net-(D2-A) net
13:37:12: [INFO] Add Net-(D20-A) net
13:37:12: [INFO] Add Net-(D21-A) net
13:37:12: [INFO] Add Net-(D22-A) net
13:37:12: [INFO] Add Net-(D23-A) net
13:37:12: [INFO] Add Net-(D24-A) net
13:37:12: [INFO] Add Net-(D25-A) net
13:37:12: [INFO] Add Net-(D26-A) net
13:37:12: [INFO] Add Net-(D27-A) net
13:37:12: [INFO] Add Net-(D28-A) net
13:37:12: [INFO] Add Net-(D29-A) net
13:37:12: [INFO] Add Net-(D3-A) net
13:37:12: [INFO] Add Net-(D30-A) net
13:37:12: [INFO] Add Net-(D31-A) net
13:37:12: [INFO] Add Net-(D32-A) net
13:37:12: [INFO] Add Net-(D33-A) net
13:37:12: [INFO] Add Net-(D34-A) net
13:37:12: [INFO] Add Net-(D35-A) net
13:37:12: [INFO] Add Net-(D36-A) net
13:37:12: [INFO] Add Net-(D37-A) net
13:37:12: [INFO] Add Net-(D38-A) net
13:37:12: [INFO] Add Net-(D39-A) net
13:37:12: [INFO] Add Net-(D4-A) net
13:37:12: [INFO] Add Net-(D40-A) net
13:37:12: [INFO] Add Net-(D41-A) net
13:37:12: [INFO] Add Net-(D42-A) net
13:37:12: [INFO] Add Net-(D5-A) net
13:37:12: [INFO] Add Net-(D6-A) net
13:37:12: [INFO] Add Net-(D7-A) net
13:37:12: [INFO] Add Net-(D8-A) net
13:37:12: [INFO] Add Net-(D9-A) net
13:37:12: [INFO] Add ROW0 net
13:37:12: [INFO] Add ROW1 net
13:37:12: [INFO] Add ROW2 net
13:37:12: [INFO] Add ROW3 net
13:37:12: [INFO] Add ROW4 net
13:37:12: [INFO] Add ROW5 net
13:37:12: [INFO] Add ROW6 net
13:37:12: [INFO] Add ROW7 net
13:37:12: [INFO] Add SW1 footprint
13:37:12: [INFO] Add D1 footprint
13:37:12: [INFO] Add SW2 footprint
13:37:12: [INFO] Add D2 footprint
13:37:13: [INFO] Add SW3 footprint
13:37:13: [INFO] Add D3 footprint
13:37:13: [INFO] Add SW4 footprint
13:37:13: [INFO] Add D4 footprint
13:37:13: [INFO] Add SW5 footprint
13:37:13: [INFO] Add D5 footprint
13:37:13: [INFO] Add SW6 footprint
13:37:13: [INFO] Add D6 footprint
13:37:13: [INFO] Add SW7 footprint
13:37:13: [INFO] Add D7 footprint
13:37:13: [INFO] Add SW8 footprint
13:37:13: [INFO] Add D8 footprint
13:37:13: [INFO] Add SW9 footprint
13:37:13: [INFO] Add D9 footprint
13:37:13: [INFO] Add SW10 footprint
13:37:13: [INFO] Add D10 footprint
13:37:13: [INFO] Add SW11 footprint
13:37:13: [INFO] Add D11 footprint
13:37:13: [INFO] Add SW12 footprint
13:37:13: [INFO] Add D12 footprint
13:37:13: [INFO] Add SW13 footprint
13:37:13: [INFO] Add D13 footprint
13:37:13: [INFO] Add SW14 footprint
13:37:13: [INFO] Add D14 footprint
13:37:13: [INFO] Add SW15 footprint
13:37:13: [INFO] Add D15 footprint
13:37:13: [INFO] Add SW16 footprint
13:37:13: [INFO] Add D16 footprint
13:37:13: [INFO] Add SW17 footprint
13:37:13: [INFO] Add D17 footprint
13:37:13: [INFO] Add SW18 footprint
13:37:13: [INFO] Add D18 footprint
13:37:13: [INFO] Add SW19 footprint
13:37:13: [INFO] Add D19 footprint
13:37:13: [INFO] Add SW20 footprint
13:37:13: [INFO] Add D20 footprint
13:37:13: [INFO] Add SW21 footprint
13:37:13: [INFO] Add D21 footprint
13:37:14: [INFO] Add SW22 footprint
13:37:14: [INFO] Add D22 footprint
13:37:14: [INFO] Add SW23 footprint
13:37:14: [INFO] Add D23 footprint
13:37:14: [INFO] Add SW24 footprint
13:37:14: [INFO] Add D24 footprint
13:37:14: [INFO] Add SW25 footprint
13:37:14: [INFO] Add D25 footprint
13:37:14: [INFO] Add SW26 footprint
13:37:14: [INFO] Add D26 footprint
13:37:14: [INFO] Add SW27 footprint
13:37:14: [INFO] Add D27 footprint
13:37:14: [INFO] Add SW28 footprint
13:37:14: [INFO] Add D28 footprint
13:37:14: [INFO] Add SW29 footprint
13:37:14: [INFO] Add D29 footprint
13:37:14: [INFO] Add SW30 footprint
13:37:14: [INFO] Add D30 footprint
13:37:14: [INFO] Add SW31 footprint
13:37:14: [INFO] Add D31 footprint
13:37:14: [INFO] Add SW32 footprint
13:37:14: [INFO] Add D32 footprint
13:37:14: [INFO] Add SW33 footprint
13:37:14: [INFO] Add D33 footprint
13:37:14: [INFO] Add SW34 footprint
13:37:14: [INFO] Add D34 footprint
13:37:14: [INFO] Add SW35 footprint
13:37:14: [INFO] Add D35 footprint
13:37:14: [INFO] Add SW36 footprint
13:37:14: [INFO] Add D36 footprint
13:37:14: [INFO] Add SW37 footprint
13:37:14: [INFO] Add D37 footprint
13:37:14: [INFO] Add SW38 footprint
13:37:14: [INFO] Add D38 footprint
13:37:14: [INFO] Add SW39 footprint
13:37:14: [INFO] Add D39 footprint
13:37:14: [INFO] Add SW40 footprint
13:37:15: [INFO] Add D40 footprint
13:37:15: [INFO] Add SW41 footprint
13:37:15: [INFO] Add D41 footprint
13:37:15: [INFO] Add SW42 footprint
13:37:15: [INFO] Add D42 footprint
13:37:15: [INFO] Detected layout convertible to matrix annotated keyboard
13:37:15: [INFO] Using key 1U distance: (19.05, 19.05) mm
13:37:15: [INFO] Layout offset: (28575000, 28575000)
13:37:15: [INFO] Diode info: [ElementInfo(annotation_format='D{}', position_option=<PositionOption.CUSTOM: 'Custom'>, position=ElementPosition(x=5.08, y=4.0, orientation=90.0, side=<Side.BACK: 'Back'>), template_path='', start_index=-1)]
13:37:15: [INFO] Placing additional elements for SW42
13:37:15: [INFO] Placing additional elements for SW41
13:37:15: [INFO] Placing additional elements for SW40
13:37:15: [INFO] Placing additional elements for SW39
13:37:15: [INFO] Placing additional elements for SW38
13:37:15: [INFO] Placing additional elements for SW37
13:37:15: [INFO] Placing additional elements for SW36
13:37:15: [INFO] Placing additional elements for SW35
13:37:15: [INFO] Placing additional elements for SW34
13:37:15: [INFO] Placing additional elements for SW33
13:37:15: [INFO] Placing additional elements for SW32
13:37:15: [INFO] Placing additional elements for SW31
13:37:15: [INFO] Placing additional elements for SW30
13:37:15: [INFO] Placing additional elements for SW29
13:37:15: [INFO] Placing additional elements for SW28
13:37:15: [INFO] Placing additional elements for SW27
13:37:15: [INFO] Placing additional elements for SW26
13:37:15: [INFO] Placing additional elements for SW25
13:37:15: [INFO] Placing additional elements for SW24
13:37:15: [INFO] Placing additional elements for SW23
13:37:15: [INFO] Placing additional elements for SW22
13:37:15: [INFO] Placing additional elements for SW21
13:37:15: [INFO] Placing additional elements for SW20
13:37:15: [INFO] Placing additional elements for SW19
13:37:15: [INFO] Placing additional elements for SW18
13:37:15: [INFO] Placing additional elements for SW17
13:37:15: [INFO] Placing additional elements for SW16
13:37:15: [INFO] Placing additional elements for SW15
13:37:15: [INFO] Placing additional elements for SW14
13:37:15: [INFO] Placing additional elements for SW13
13:37:15: [INFO] Placing additional elements for SW12
13:37:15: [INFO] Placing additional elements for SW11
13:37:15: [INFO] Placing additional elements for SW10
13:37:15: [INFO] Placing additional elements for SW9
13:37:15: [INFO] Placing additional elements for SW8
13:37:15: [INFO] Placing additional elements for SW7
13:37:15: [INFO] Placing additional elements for SW6
13:37:15: [INFO] Placing additional elements for SW5
13:37:15: [INFO] Placing additional elements for SW4
13:37:15: [INFO] Placing additional elements for SW3
13:37:15: [INFO] Placing additional elements for SW2
13:37:15: [INFO] Placing additional elements for SW1
13:37:15: [INFO] Routing SW42 with D42
13:37:15: [INFO] Using internal autorouter method
13:37:15: [INFO] Routing pad 'SW42:2' at (316865000, 94742000) with pad 'D42:2' at (319405000, 102422000) using coordinate system rotated by 0 degree(s)
13:37:15: [INFO] Adding track segment (B.Cu): [(316865000, 94742000), (316865000, 99882000)]
13:37:15: [INFO] Adding track segment (B.Cu): [(316865000, 99882000), (319405000, 102422000)]
13:37:15: [INFO] Routing SW41 with D41
13:37:15: [INFO] Using internal autorouter method
13:37:15: [INFO] Routing pad 'SW41:2' at (291651151, 97305696) with pad 'D41:2' at (296092332, 104066606) using coordinate system rotated by 345.0 degree(s)
13:37:15: [INFO] Adding track segment (B.Cu): [(291651151, 97305696), (292981480, 102270555)]
13:37:15: [INFO] Adding track segment (B.Cu): [(292981480, 102270555), (296092332, 104066606)]
13:37:15: [INFO] Routing SW40 with D40
13:37:15: [INFO] Using internal autorouter method
13:37:15: [INFO] Routing pad 'SW40:2' at (265083596, 101201090) with pad 'D40:2' at (271123300, 106582164) using coordinate system rotated by 330.0 degree(s)
13:37:15: [INFO] Adding track segment (B.Cu): [(265083596, 101201090), (267653594, 105652459)]
13:37:15: [INFO] Adding track segment (B.Cu): [(267653594, 105652459), (271123300, 106582164)]
13:37:15: [INFO] Routing SW39 with D39
13:37:15: [INFO] Using internal autorouter method
13:37:15: [INFO] Routing pad 'SW39:2' at (383540000, 79121000) with pad 'D39:2' at (386080000, 86801000) using coordinate system rotated by 0 degree(s)
13:37:15: [INFO] Adding track segment (B.Cu): [(383540000, 79121000), (383540000, 84261000)]
13:37:15: [INFO] Adding track segment (B.Cu): [(383540000, 84261000), (386080000, 86801000)]
13:37:15: [INFO] Routing SW38 with D38
13:37:15: [INFO] Using internal autorouter method
13:37:15: [INFO] Routing pad 'SW38:2' at (364490000, 79121000) with pad 'D38:2' at (367030000, 86801000) using coordinate system rotated by 0 degree(s)
13:37:15: [INFO] Adding track segment (B.Cu): [(364490000, 79121000), (364490000, 84261000)]
13:37:15: [INFO] Adding track segment (B.Cu): [(364490000, 84261000), (367030000, 86801000)]
13:37:15: [INFO] Routing SW37 with D37
13:37:15: [INFO] Using internal autorouter method
13:37:15: [INFO] Routing pad 'SW37:2' at (345440000, 73787000) with pad 'D37:2' at (347980000, 81467000) using coordinate system rotated by 0 degree(s)
13:37:15: [INFO] Adding track segment (B.Cu): [(345440000, 73787000), (345440000, 78927000)]
13:37:15: [INFO] Adding track segment (B.Cu): [(345440000, 78927000), (347980000, 81467000)]
13:37:15: [INFO] Routing SW36 with D36
13:37:15: [INFO] Using internal autorouter method
13:37:15: [INFO] Routing pad 'SW36:2' at (326390000, 71120000) with pad 'D36:2' at (328930000, 78800000) using coordinate system rotated by 0 degree(s)
13:37:15: [INFO] Adding track segment (B.Cu): [(326390000, 71120000), (326390000, 76260000)]
13:37:15: [INFO] Adding track segment (B.Cu): [(326390000, 76260000), (328930000, 78800000)]
13:37:15: [INFO] Routing SW35 with D35
13:37:15: [INFO] Using internal autorouter method
13:37:15: [INFO] Routing pad 'SW35:2' at (307340000, 73787000) with pad 'D35:2' at (309880000, 81467000) using coordinate system rotated by 0 degree(s)
13:37:15: [INFO] Adding track segment (B.Cu): [(307340000, 73787000), (307340000, 78927000)]
13:37:15: [INFO] Adding track segment (B.Cu): [(307340000, 78927000), (309880000, 81467000)]
13:37:15: [INFO] Routing SW34 with D34
13:37:15: [INFO] Using internal autorouter method
13:37:15: [INFO] Routing pad 'SW34:2' at (288290000, 76454000) with pad 'D34:2' at (290830000, 84134000) using coordinate system rotated by 0 degree(s)
13:37:15: [INFO] Adding track segment (B.Cu): [(288290000, 76454000), (288290000, 81594000)]
13:37:15: [INFO] Adding track segment (B.Cu): [(288290000, 81594000), (290830000, 84134000)]
13:37:15: [INFO] Routing SW33 with D33
13:37:15: [INFO] Using internal autorouter method
13:37:15: [INFO] Routing pad 'SW33:2' at (383540000, 60071000) with pad 'D33:2' at (386080000, 67751000) using coordinate system rotated by 0 degree(s)
13:37:15: [INFO] Adding track segment (B.Cu): [(383540000, 60071000), (383540000, 65211000)]
13:37:15: [INFO] Adding track segment (B.Cu): [(383540000, 65211000), (386080000, 67751000)]
13:37:15: [INFO] Routing SW32 with D32
13:37:15: [INFO] Using internal autorouter method
13:37:15: [INFO] Routing pad 'SW32:2' at (364490000, 60071000) with pad 'D32:2' at (367030000, 67751000) using coordinate system rotated by 0 degree(s)
13:37:15: [INFO] Adding track segment (B.Cu): [(364490000, 60071000), (364490000, 65211000)]
13:37:15: [INFO] Adding track segment (B.Cu): [(364490000, 65211000), (367030000, 67751000)]
13:37:15: [INFO] Routing SW31 with D31
13:37:15: [INFO] Using internal autorouter method
13:37:15: [INFO] Routing pad 'SW31:2' at (345440000, 54737000) with pad 'D31:2' at (347980000, 62417000) using coordinate system rotated by 0 degree(s)
13:37:15: [INFO] Adding track segment (B.Cu): [(345440000, 54737000), (345440000, 59877000)]
13:37:15: [INFO] Adding track segment (B.Cu): [(345440000, 59877000), (347980000, 62417000)]
13:37:15: [INFO] Routing SW30 with D30
13:37:15: [INFO] Using internal autorouter method
13:37:15: [INFO] Routing pad 'SW30:2' at (326390000, 52070000) with pad 'D30:2' at (328930000, 59750000) using coordinate system rotated by 0 degree(s)
13:37:15: [INFO] Adding track segment (B.Cu): [(326390000, 52070000), (326390000, 57210000)]
13:37:15: [INFO] Adding track segment (B.Cu): [(326390000, 57210000), (328930000, 59750000)]
13:37:15: [INFO] Routing SW29 with D29
13:37:15: [INFO] Using internal autorouter method
13:37:15: [INFO] Routing pad 'SW29:2' at (307340000, 54737000) with pad 'D29:2' at (309880000, 62417000) using coordinate system rotated by 0 degree(s)
13:37:15: [INFO] Adding track segment (B.Cu): [(307340000, 54737000), (307340000, 59877000)]
13:37:15: [INFO] Adding track segment (B.Cu): [(307340000, 59877000), (309880000, 62417000)]
13:37:15: [INFO] Routing SW28 with D28
13:37:15: [INFO] Using internal autorouter method
13:37:15: [INFO] Routing pad 'SW28:2' at (288290000, 57404000) with pad 'D28:2' at (290830000, 65084000) using coordinate system rotated by 0 degree(s)
13:37:15: [INFO] Adding track segment (B.Cu): [(288290000, 57404000), (288290000, 62544000)]
13:37:15: [INFO] Adding track segment (B.Cu): [(288290000, 62544000), (290830000, 65084000)]
13:37:15: [INFO] Routing SW27 with D27
13:37:15: [INFO] Using internal autorouter method
13:37:15: [INFO] Routing pad 'SW27:2' at (383540000, 41021000) with pad 'D27:2' at (386080000, 48701000) using coordinate system rotated by 0 degree(s)
13:37:15: [INFO] Adding track segment (B.Cu): [(383540000, 41021000), (383540000, 46161000)]
13:37:15: [INFO] Adding track segment (B.Cu): [(383540000, 46161000), (386080000, 48701000)]
13:37:15: [INFO] Routing SW26 with D26
13:37:15: [INFO] Using internal autorouter method
13:37:15: [INFO] Routing pad 'SW26:2' at (364490000, 41021000) with pad 'D26:2' at (367030000, 48701000) using coordinate system rotated by 0 degree(s)
13:37:15: [INFO] Adding track segment (B.Cu): [(364490000, 41021000), (364490000, 46161000)]
13:37:15: [INFO] Adding track segment (B.Cu): [(364490000, 46161000), (367030000, 48701000)]
13:37:15: [INFO] Routing SW25 with D25
13:37:15: [INFO] Using internal autorouter method
13:37:15: [INFO] Routing pad 'SW25:2' at (345440000, 35687000) with pad 'D25:2' at (347980000, 43367000) using coordinate system rotated by 0 degree(s)
13:37:15: [INFO] Adding track segment (B.Cu): [(345440000, 35687000), (345440000, 40827000)]
13:37:15: [INFO] Adding track segment (B.Cu): [(345440000, 40827000), (347980000, 43367000)]
13:37:15: [INFO] Routing SW24 with D24
13:37:15: [INFO] Using internal autorouter method
13:37:15: [INFO] Routing pad 'SW24:2' at (326390000, 33020000) with pad 'D24:2' at (328930000, 40700000) using coordinate system rotated by 0 degree(s)
13:37:15: [INFO] Adding track segment (B.Cu): [(326390000, 33020000), (326390000, 38160000)]
13:37:15: [INFO] Adding track segment (B.Cu): [(326390000, 38160000), (328930000, 40700000)]
13:37:15: [INFO] Routing SW23 with D23
13:37:15: [INFO] Using internal autorouter method
13:37:15: [INFO] Routing pad 'SW23:2' at (307340000, 35687000) with pad 'D23:2' at (309880000, 43367000) using coordinate system rotated by 0 degree(s)
13:37:15: [INFO] Adding track segment (B.Cu): [(307340000, 35687000), (307340000, 40827000)]
13:37:15: [INFO] Adding track segment (B.Cu): [(307340000, 40827000), (309880000, 43367000)]
13:37:15: [INFO] Routing SW22 with D22
13:37:15: [INFO] Using internal autorouter method
13:37:15: [INFO] Routing pad 'SW22:2' at (288290000, 38354000) with pad 'D22:2' at (290830000, 46034000) using coordinate system rotated by 0 degree(s)
13:37:15: [INFO] Adding track segment (B.Cu): [(288290000, 38354000), (288290000, 43494000)]
13:37:15: [INFO] Adding track segment (B.Cu): [(288290000, 43494000), (290830000, 46034000)]
13:37:15: [INFO] Routing SW21 with D21
13:37:15: [INFO] Using internal autorouter method
13:37:15: [INFO] Routing pad 'SW21:2' at (157777760, 106122340) with pad 'D21:2' at (156137464, 114043414) using coordinate system rotated by 30.0 degree(s)
13:37:15: [INFO] Adding track segment (B.Cu): [(157777760, 106122340), (155207759, 110573710)]
13:37:15: [INFO] Adding track segment (B.Cu): [(155207759, 110573710), (156137464, 114043414)]
13:37:15: [INFO] Routing SW20 with D20
13:37:15: [INFO] Using internal autorouter method
13:37:15: [INFO] Routing pad 'SW20:2' at (132355752, 98620497) with pad 'D20:2' at (132821474, 106696208) using coordinate system rotated by 15.0 degree(s)
13:37:15: [INFO] Adding track segment (B.Cu): [(132355752, 98620497), (131025421, 103585353)]
13:37:15: [INFO] Adding track segment (B.Cu): [(131025421, 103585353), (132821474, 106696208)]
13:37:15: [INFO] Routing SW19 with D19
13:37:15: [INFO] Using internal autorouter method
13:37:15: [INFO] Routing pad 'SW19:2' at (107315000, 94742000) with pad 'D19:2' at (109855000, 102422000) using coordinate system rotated by 0 degree(s)
13:37:15: [INFO] Adding track segment (B.Cu): [(107315000, 94742000), (107315000, 99882000)]
13:37:15: [INFO] Adding track segment (B.Cu): [(107315000, 99882000), (109855000, 102422000)]
13:37:15: [INFO] Routing SW18 with D18
13:37:15: [INFO] Using internal autorouter method
13:37:15: [INFO] Routing pad 'SW18:2' at (135890000, 76454000) with pad 'D18:2' at (138430000, 84134000) using coordinate system rotated by 0 degree(s)
13:37:15: [INFO] Adding track segment (B.Cu): [(135890000, 76454000), (135890000, 81594000)]
13:37:15: [INFO] Adding track segment (B.Cu): [(135890000, 81594000), (138430000, 84134000)]
13:37:15: [INFO] Routing SW17 with D17
13:37:15: [INFO] Using internal autorouter method
13:37:15: [INFO] Routing pad 'SW17:2' at (116840000, 73787000) with pad 'D17:2' at (119380000, 81467000) using coordinate system rotated by 0 degree(s)
13:37:15: [INFO] Adding track segment (B.Cu): [(116840000, 73787000), (116840000, 78927000)]
13:37:15: [INFO] Adding track segment (B.Cu): [(116840000, 78927000), (119380000, 81467000)]
13:37:15: [INFO] Routing SW16 with D16
13:37:15: [INFO] Using internal autorouter method
13:37:15: [INFO] Routing pad 'SW16:2' at (97790000, 71120000) with pad 'D16:2' at (100330000, 78800000) using coordinate system rotated by 0 degree(s)
13:37:15: [INFO] Adding track segment (B.Cu): [(97790000, 71120000), (97790000, 76260000)]
13:37:15: [INFO] Adding track segment (B.Cu): [(97790000, 76260000), (100330000, 78800000)]
13:37:15: [INFO] Routing SW15 with D15
13:37:15: [INFO] Using internal autorouter method
13:37:15: [INFO] Routing pad 'SW15:2' at (78740000, 73787000) with pad 'D15:2' at (81280000, 81467000) using coordinate system rotated by 0 degree(s)
13:37:15: [INFO] Adding track segment (B.Cu): [(78740000, 73787000), (78740000, 78927000)]
13:37:15: [INFO] Adding track segment (B.Cu): [(78740000, 78927000), (81280000, 81467000)]
13:37:15: [INFO] Routing SW14 with D14
13:37:15: [INFO] Using internal autorouter method
13:37:15: [INFO] Routing pad 'SW14:2' at (59690000, 79121000) with pad 'D14:2' at (62230000, 86801000) using coordinate system rotated by 0 degree(s)
13:37:15: [INFO] Adding track segment (B.Cu): [(59690000, 79121000), (59690000, 84261000)]
13:37:15: [INFO] Adding track segment (B.Cu): [(59690000, 84261000), (62230000, 86801000)]
13:37:15: [INFO] Routing SW13 with D13
13:37:15: [INFO] Using internal autorouter method
13:37:15: [INFO] Routing pad 'SW13:2' at (40640000, 79121000) with pad 'D13:2' at (43180000, 86801000) using coordinate system rotated by 0 degree(s)
13:37:15: [INFO] Adding track segment (B.Cu): [(40640000, 79121000), (40640000, 84261000)]
13:37:15: [INFO] Adding track segment (B.Cu): [(40640000, 84261000), (43180000, 86801000)]
13:37:15: [INFO] Routing SW12 with D12
13:37:15: [INFO] Using internal autorouter method
13:37:15: [INFO] Routing pad 'SW12:2' at (135890000, 57404000) with pad 'D12:2' at (138430000, 65084000) using coordinate system rotated by 0 degree(s)
13:37:15: [INFO] Adding track segment (B.Cu): [(135890000, 57404000), (135890000, 62544000)]
13:37:15: [INFO] Adding track segment (B.Cu): [(135890000, 62544000), (138430000, 65084000)]
13:37:15: [INFO] Routing SW11 with D11
13:37:15: [INFO] Using internal autorouter method
13:37:15: [INFO] Routing pad 'SW11:2' at (116840000, 54737000) with pad 'D11:2' at (119380000, 62417000) using coordinate system rotated by 0 degree(s)
13:37:15: [INFO] Adding track segment (B.Cu): [(116840000, 54737000), (116840000, 59877000)]
13:37:15: [INFO] Adding track segment (B.Cu): [(116840000, 59877000), (119380000, 62417000)]
13:37:15: [INFO] Routing SW10 with D10
13:37:15: [INFO] Using internal autorouter method
13:37:15: [INFO] Routing pad 'SW10:2' at (97790000, 52070000) with pad 'D10:2' at (100330000, 59750000) using coordinate system rotated by 0 degree(s)
13:37:15: [INFO] Adding track segment (B.Cu): [(97790000, 52070000), (97790000, 57210000)]
13:37:15: [INFO] Adding track segment (B.Cu): [(97790000, 57210000), (100330000, 59750000)]
13:37:15: [INFO] Routing SW9 with D9
13:37:15: [INFO] Using internal autorouter method
13:37:15: [INFO] Routing pad 'SW9:2' at (78740000, 54737000) with pad 'D9:2' at (81280000, 62417000) using coordinate system rotated by 0 degree(s)
13:37:15: [INFO] Adding track segment (B.Cu): [(78740000, 54737000), (78740000, 59877000)]
13:37:15: [INFO] Adding track segment (B.Cu): [(78740000, 59877000), (81280000, 62417000)]
13:37:15: [INFO] Routing SW8 with D8
13:37:15: [INFO] Using internal autorouter method
13:37:15: [INFO] Routing pad 'SW8:2' at (59690000, 60071000) with pad 'D8:2' at (62230000, 67751000) using coordinate system rotated by 0 degree(s)
13:37:15: [INFO] Adding track segment (B.Cu): [(59690000, 60071000), (59690000, 65211000)]
13:37:15: [INFO] Adding track segment (B.Cu): [(59690000, 65211000), (62230000, 67751000)]
13:37:15: [INFO] Routing SW7 with D7
13:37:15: [INFO] Using internal autorouter method
13:37:15: [INFO] Routing pad 'SW7:2' at (40640000, 60071000) with pad 'D7:2' at (43180000, 67751000) using coordinate system rotated by 0 degree(s)
13:37:15: [INFO] Adding track segment (B.Cu): [(40640000, 60071000), (40640000, 65211000)]
13:37:15: [INFO] Adding track segment (B.Cu): [(40640000, 65211000), (43180000, 67751000)]
13:37:15: [INFO] Routing SW6 with D6
13:37:15: [INFO] Using internal autorouter method
13:37:15: [INFO] Routing pad 'SW6:2' at (135890000, 38354000) with pad 'D6:2' at (138430000, 46034000) using coordinate system rotated by 0 degree(s)
13:37:15: [INFO] Adding track segment (B.Cu): [(135890000, 38354000), (135890000, 43494000)]
13:37:15: [INFO] Adding track segment (B.Cu): [(135890000, 43494000), (138430000, 46034000)]
13:37:15: [INFO] Routing SW5 with D5
13:37:15: [INFO] Using internal autorouter method
13:37:15: [INFO] Routing pad 'SW5:2' at (116840000, 35687000) with pad 'D5:2' at (119380000, 43367000) using coordinate system rotated by 0 degree(s)
13:37:15: [INFO] Adding track segment (B.Cu): [(116840000, 35687000), (116840000, 40827000)]
13:37:15: [INFO] Adding track segment (B.Cu): [(116840000, 40827000), (119380000, 43367000)]
13:37:15: [INFO] Routing SW4 with D4
13:37:15: [INFO] Using internal autorouter method
13:37:15: [INFO] Routing pad 'SW4:2' at (97790000, 33020000) with pad 'D4:2' at (100330000, 40700000) using coordinate system rotated by 0 degree(s)
13:37:15: [INFO] Adding track segment (B.Cu): [(97790000, 33020000), (97790000, 38160000)]
13:37:15: [INFO] Adding track segment (B.Cu): [(97790000, 38160000), (100330000, 40700000)]
13:37:15: [INFO] Routing SW3 with D3
13:37:15: [INFO] Using internal autorouter method
13:37:15: [INFO] Routing pad 'SW3:2' at (78740000, 35687000) with pad 'D3:2' at (81280000, 43367000) using coordinate system rotated by 0 degree(s)
13:37:15: [INFO] Adding track segment (B.Cu): [(78740000, 35687000), (78740000, 40827000)]
13:37:15: [INFO] Adding track segment (B.Cu): [(78740000, 40827000), (81280000, 43367000)]
13:37:15: [INFO] Routing SW2 with D2
13:37:15: [INFO] Using internal autorouter method
13:37:15: [INFO] Routing pad 'SW2:2' at (59690000, 41021000) with pad 'D2:2' at (62230000, 48701000) using coordinate system rotated by 0 degree(s)
13:37:15: [INFO] Adding track segment (B.Cu): [(59690000, 41021000), (59690000, 46161000)]
13:37:15: [INFO] Adding track segment (B.Cu): [(59690000, 46161000), (62230000, 48701000)]
13:37:15: [INFO] Routing SW1 with D1
13:37:15: [INFO] Using internal autorouter method
13:37:15: [INFO] Routing pad 'SW1:2' at (40640000, 41021000) with pad 'D1:2' at (43180000, 48701000) using coordinate system rotated by 0 degree(s)
13:37:15: [INFO] Adding track segment (B.Cu): [(40640000, 41021000), (40640000, 46161000)]
13:37:15: [INFO] Adding track segment (B.Cu): [(40640000, 46161000), (43180000, 48701000)]
13:37:15: [INFO] Routing ROW5 pads
13:37:15: [INFO] Routing pad 'D28:1' at (290830000, 67884000) with pad 'D29:1' at (309880000, 65217000) using coordinate system rotated by 0 degree(s)
13:37:15: [INFO] Adding track segment (B.Cu): [(290830000, 67884000), (307213000, 67884000)]
13:37:15: [INFO] Adding track segment (B.Cu): [(307213000, 67884000), (309880000, 65217000)]
13:37:15: [INFO] Routing pad 'D29:1' at (309880000, 65217000) with pad 'D30:1' at (328930000, 62550000) using coordinate system rotated by 0 degree(s)
13:37:15: [INFO] Adding track segment (B.Cu): [(309880000, 65217000), (326263000, 65217000)]
13:37:15: [INFO] Adding track segment (B.Cu): [(326263000, 65217000), (328930000, 62550000)]
13:37:15: [INFO] Routing pad 'D30:1' at (328930000, 62550000) with pad 'D31:1' at (347980000, 65217000) using coordinate system rotated by 0 degree(s)
13:37:15: [INFO] Adding track segment (B.Cu): [(328930000, 62550000), (345313000, 62550000)]
13:37:15: [INFO] Adding track segment (B.Cu): [(345313000, 62550000), (347980000, 65217000)]
13:37:15: [INFO] Routing pad 'D31:1' at (347980000, 65217000) with pad 'D32:1' at (367030000, 70551000) using coordinate system rotated by 0 degree(s)
13:37:15: [INFO] Adding track segment (B.Cu): [(347980000, 65217000), (353314000, 70551000)]
13:37:15: [INFO] Adding track segment (B.Cu): [(353314000, 70551000), (367030000, 70551000)]
13:37:15: [INFO] Routing pad 'D32:1' at (367030000, 70551000) with pad 'D33:1' at (386080000, 70551000) using coordinate system rotated by 0 degree(s)
13:37:15: [INFO] Adding track segment (B.Cu): [(367030000, 70551000), (386080000, 70551000)]
13:37:15: [INFO] Routing COL0 pads
13:37:15: [INFO] Routing pad 'SW1:1' at (34290000, 43561000) with pad 'SW7:1' at (34290000, 62611000) using coordinate system rotated by 0 degree(s)
13:37:15: [INFO] Adding track segment (F.Cu): [(34290000, 43561000), (34290000, 62611000)]
13:37:15: [INFO] Routing pad 'SW7:1' at (34290000, 62611000) with pad 'SW13:1' at (34290000, 81661000) using coordinate system rotated by 0 degree(s)
13:37:15: [INFO] Adding track segment (F.Cu): [(34290000, 62611000), (34290000, 81661000)]
13:37:15: [INFO] Routing pad 'SW13:1' at (34290000, 81661000) with pad 'SW19:1' at (100965000, 97282000) using coordinate system rotated by 0 degree(s)
13:37:15: [WARNING] Could not route pads when parent footprints not rotated the same, footprint1: SW19 at 0.0 degree(s) and footprint2: SW40 at 30.0 degree(s)
13:37:15: [INFO] Routing pad 'SW28:1' at (281940000, 59944000) with pad 'SW22:1' at (281940000, 40894000) using coordinate system rotated by 0 degree(s)
13:37:15: [INFO] Adding track segment (F.Cu): [(281940000, 59944000), (281940000, 40894000)]
13:37:15: [INFO] Routing pad 'SW34:1' at (281940000, 78994000) with pad 'SW28:1' at (281940000, 59944000) using coordinate system rotated by 0 degree(s)
13:37:15: [INFO] Adding track segment (F.Cu): [(281940000, 78994000), (281940000, 59944000)]
13:37:15: [WARNING] Could not route pads when parent footprints not rotated the same, footprint1: SW40 at 30.0 degree(s) and footprint2: SW34 at 0.0 degree(s)
13:37:15: [INFO] Routing ROW1 pads
13:37:15: [INFO] Routing pad 'D7:1' at (43180000, 70551000) with pad 'D8:1' at (62230000, 70551000) using coordinate system rotated by 0 degree(s)
13:37:15: [INFO] Adding track segment (B.Cu): [(43180000, 70551000), (62230000, 70551000)]
13:37:15: [INFO] Routing pad 'D8:1' at (62230000, 70551000) with pad 'D9:1' at (81280000, 65217000) using coordinate system rotated by 0 degree(s)
13:37:15: [INFO] Adding track segment (B.Cu): [(62230000, 70551000), (75946000, 70551000)]
13:37:15: [INFO] Adding track segment (B.Cu): [(75946000, 70551000), (81280000, 65217000)]
13:37:15: [INFO] Routing pad 'D9:1' at (81280000, 65217000) with pad 'D10:1' at (100330000, 62550000) using coordinate system rotated by 0 degree(s)
13:37:15: [INFO] Adding track segment (B.Cu): [(81280000, 65217000), (97663000, 65217000)]
13:37:15: [INFO] Adding track segment (B.Cu): [(97663000, 65217000), (100330000, 62550000)]
13:37:15: [INFO] Routing pad 'D10:1' at (100330000, 62550000) with pad 'D11:1' at (119380000, 65217000) using coordinate system rotated by 0 degree(s)
13:37:15: [INFO] Adding track segment (B.Cu): [(100330000, 62550000), (116713000, 62550000)]
13:37:15: [INFO] Adding track segment (B.Cu): [(116713000, 62550000), (119380000, 65217000)]
13:37:15: [INFO] Routing pad 'D11:1' at (119380000, 65217000) with pad 'D12:1' at (138430000, 67884000) using coordinate system rotated by 0 degree(s)
13:37:15: [INFO] Adding track segment (B.Cu): [(119380000, 65217000), (135763000, 65217000)]
13:37:15: [INFO] Adding track segment (B.Cu): [(135763000, 65217000), (138430000, 67884000)]
13:37:15: [INFO] Routing ROW7 pads
13:37:15: [WARNING] Could not route pads when parent footprints not rotated the same, footprint1: D40 at 120.0 degree(s) and footprint2: D41 at 105.0 degree(s)
13:37:15: [WARNING] Could not route pads when parent footprints not rotated the same, footprint1: D41 at 105.0 degree(s) and footprint2: D42 at 90.0 degree(s)
13:37:15: [INFO] Routing ROW6 pads
13:37:15: [INFO] Routing pad 'D34:1' at (290830000, 86934000) with pad 'D35:1' at (309880000, 84267000) using coordinate system rotated by 0 degree(s)
13:37:15: [INFO] Adding track segment (B.Cu): [(290830000, 86934000), (307213000, 86934000)]
13:37:15: [INFO] Adding track segment (B.Cu): [(307213000, 86934000), (309880000, 84267000)]
13:37:15: [INFO] Routing pad 'D35:1' at (309880000, 84267000) with pad 'D36:1' at (328930000, 81600000) using coordinate system rotated by 0 degree(s)
13:37:15: [INFO] Adding track segment (B.Cu): [(309880000, 84267000), (326263000, 84267000)]
13:37:15: [INFO] Adding track segment (B.Cu): [(326263000, 84267000), (328930000, 81600000)]
13:37:15: [INFO] Routing pad 'D36:1' at (328930000, 81600000) with pad 'D37:1' at (347980000, 84267000) using coordinate system rotated by 0 degree(s)
13:37:15: [INFO] Adding track segment (B.Cu): [(328930000, 81600000), (345313000, 81600000)]
13:37:15: [INFO] Adding track segment (B.Cu): [(345313000, 81600000), (347980000, 84267000)]
13:37:15: [INFO] Routing pad 'D37:1' at (347980000, 84267000) with pad 'D38:1' at (367030000, 89601000) using coordinate system rotated by 0 degree(s)
13:37:15: [INFO] Adding track segment (B.Cu): [(347980000, 84267000), (353314000, 89601000)]
13:37:15: [INFO] Adding track segment (B.Cu): [(353314000, 89601000), (367030000, 89601000)]
13:37:15: [INFO] Routing pad 'D38:1' at (367030000, 89601000) with pad 'D39:1' at (386080000, 89601000) using coordinate system rotated by 0 degree(s)
13:37:15: [INFO] Adding track segment (B.Cu): [(367030000, 89601000), (386080000, 89601000)]
13:37:15: [INFO] Routing ROW2 pads
13:37:15: [INFO] Routing pad 'D13:1' at (43180000, 89601000) with pad 'D14:1' at (62230000, 89601000) using coordinate system rotated by 0 degree(s)
13:37:15: [INFO] Adding track segment (B.Cu): [(43180000, 89601000), (62230000, 89601000)]
13:37:15: [INFO] Routing pad 'D14:1' at (62230000, 89601000) with pad 'D15:1' at (81280000, 84267000) using coordinate system rotated by 0 degree(s)
13:37:15: [INFO] Adding track segment (B.Cu): [(62230000, 89601000), (75946000, 89601000)]
13:37:15: [INFO] Adding track segment (B.Cu): [(75946000, 89601000), (81280000, 84267000)]
13:37:15: [INFO] Routing pad 'D15:1' at (81280000, 84267000) with pad 'D16:1' at (100330000, 81600000) using coordinate system rotated by 0 degree(s)
13:37:15: [INFO] Adding track segment (B.Cu): [(81280000, 84267000), (97663000, 84267000)]
13:37:15: [INFO] Adding track segment (B.Cu): [(97663000, 84267000), (100330000, 81600000)]
13:37:15: [INFO] Routing pad 'D16:1' at (100330000, 81600000) with pad 'D17:1' at (119380000, 84267000) using coordinate system rotated by 0 degree(s)
13:37:15: [INFO] Adding track segment (B.Cu): [(100330000, 81600000), (116713000, 81600000)]
13:37:15: [INFO] Adding track segment (B.Cu): [(116713000, 81600000), (119380000, 84267000)]
13:37:15: [INFO] Routing pad 'D17:1' at (119380000, 84267000) with pad 'D18:1' at (138430000, 86934000) using coordinate system rotated by 0 degree(s)
13:37:15: [INFO] Adding track segment (B.Cu): [(119380000, 84267000), (135763000, 84267000)]
13:37:15: [INFO] Adding track segment (B.Cu): [(135763000, 84267000), (138430000, 86934000)]
13:37:15: [INFO] Routing COL1 pads
13:37:15: [INFO] Routing pad 'SW2:1' at (53340000, 43561000) with pad 'SW8:1' at (53340000, 62611000) using coordinate system rotated by 0 degree(s)
13:37:15: [INFO] Adding track segment (F.Cu): [(53340000, 43561000), (53340000, 62611000)]
13:37:15: [INFO] Routing pad 'SW8:1' at (53340000, 62611000) with pad 'SW14:1' at (53340000, 81661000) using coordinate system rotated by 0 degree(s)
13:37:15: [INFO] Adding track segment (F.Cu): [(53340000, 62611000), (53340000, 81661000)]
13:37:15: [WARNING] Could not route pads when parent footprints not rotated the same, footprint1: SW14 at 0.0 degree(s) and footprint2: SW20 at -15.0 degree(s)
13:37:15: [WARNING] Could not route pads when parent footprints not rotated the same, footprint1: SW20 at -15.0 degree(s) and footprint2: SW41 at 15.0 degree(s)
13:37:15: [INFO] Routing pad 'SW29:1' at (300990000, 57277000) with pad 'SW23:1' at (300990000, 38227000) using coordinate system rotated by 0 degree(s)
13:37:15: [INFO] Adding track segment (F.Cu): [(300990000, 57277000), (300990000, 38227000)]
13:37:15: [INFO] Routing pad 'SW35:1' at (300990000, 76327000) with pad 'SW29:1' at (300990000, 57277000) using coordinate system rotated by 0 degree(s)
13:37:15: [INFO] Adding track segment (F.Cu): [(300990000, 76327000), (300990000, 57277000)]
13:37:15: [WARNING] Could not route pads when parent footprints not rotated the same, footprint1: SW41 at 15.0 degree(s) and footprint2: SW35 at 0.0 degree(s)
13:37:15: [INFO] Routing COL3 pads
13:37:15: [INFO] Routing pad 'SW4:1' at (91440000, 35560000) with pad 'SW10:1' at (91440000, 54610000) using coordinate system rotated by 0 degree(s)
13:37:15: [INFO] Adding track segment (F.Cu): [(91440000, 35560000), (91440000, 54610000)]
13:37:15: [INFO] Routing pad 'SW10:1' at (91440000, 54610000) with pad 'SW16:1' at (91440000, 73660000) using coordinate system rotated by 0 degree(s)
13:37:15: [INFO] Adding track segment (F.Cu): [(91440000, 54610000), (91440000, 73660000)]
13:37:15: [INFO] Routing pad 'SW4:1' at (91440000, 35560000) with pad 'SW25:1' at (339090000, 38227000) using coordinate system rotated by 0 degree(s)
13:37:15: [INFO] Routing pad 'SW25:1' at (339090000, 38227000) with pad 'SW31:1' at (339090000, 57277000) using coordinate system rotated by 0 degree(s)
13:37:15: [INFO] Adding track segment (F.Cu): [(339090000, 38227000), (339090000, 57277000)]
13:37:15: [INFO] Routing pad 'SW31:1' at (339090000, 57277000) with pad 'SW37:1' at (339090000, 76327000) using coordinate system rotated by 0 degree(s)
13:37:15: [INFO] Adding track segment (F.Cu): [(339090000, 57277000), (339090000, 76327000)]
13:37:15: [INFO] Routing ROW4 pads
13:37:15: [INFO] Routing pad 'D22:1' at (290830000, 48834000) with pad 'D23:1' at (309880000, 46167000) using coordinate system rotated by 0 degree(s)
13:37:15: [INFO] Adding track segment (B.Cu): [(290830000, 48834000), (307213000, 48834000)]
13:37:15: [INFO] Adding track segment (B.Cu): [(307213000, 48834000), (309880000, 46167000)]
13:37:15: [INFO] Routing pad 'D23:1' at (309880000, 46167000) with pad 'D24:1' at (328930000, 43500000) using coordinate system rotated by 0 degree(s)
13:37:15: [INFO] Adding track segment (B.Cu): [(309880000, 46167000), (326263000, 46167000)]
13:37:15: [INFO] Adding track segment (B.Cu): [(326263000, 46167000), (328930000, 43500000)]
13:37:15: [INFO] Routing pad 'D24:1' at (328930000, 43500000) with pad 'D25:1' at (347980000, 46167000) using coordinate system rotated by 0 degree(s)
13:37:15: [INFO] Adding track segment (B.Cu): [(328930000, 43500000), (345313000, 43500000)]
13:37:15: [INFO] Adding track segment (B.Cu): [(345313000, 43500000), (347980000, 46167000)]
13:37:15: [INFO] Routing pad 'D25:1' at (347980000, 46167000) with pad 'D26:1' at (367030000, 51501000) using coordinate system rotated by 0 degree(s)
13:37:15: [INFO] Adding track segment (B.Cu): [(347980000, 46167000), (353314000, 51501000)]
13:37:15: [INFO] Adding track segment (B.Cu): [(353314000, 51501000), (367030000, 51501000)]
13:37:15: [INFO] Routing pad 'D26:1' at (367030000, 51501000) with pad 'D27:1' at (386080000, 51501000) using coordinate system rotated by 0 degree(s)
13:37:15: [INFO] Adding track segment (B.Cu): [(367030000, 51501000), (386080000, 51501000)]
13:37:15: [INFO] Routing COL4 pads
13:37:15: [INFO] Routing pad 'SW5:1' at (110490000, 38227000) with pad 'SW11:1' at (110490000, 57277000) using coordinate system rotated by 0 degree(s)
13:37:15: [INFO] Adding track segment (F.Cu): [(110490000, 38227000), (110490000, 57277000)]
13:37:15: [INFO] Routing pad 'SW11:1' at (110490000, 57277000) with pad 'SW17:1' at (110490000, 76327000) using coordinate system rotated by 0 degree(s)
13:37:15: [INFO] Adding track segment (F.Cu): [(110490000, 57277000), (110490000, 76327000)]
13:37:15: [INFO] Routing pad 'SW5:1' at (110490000, 38227000) with pad 'SW26:1' at (358140000, 43561000) using coordinate system rotated by 0 degree(s)
13:37:15: [INFO] Routing pad 'SW26:1' at (358140000, 43561000) with pad 'SW32:1' at (358140000, 62611000) using coordinate system rotated by 0 degree(s)
13:37:15: [INFO] Adding track segment (F.Cu): [(358140000, 43561000), (358140000, 62611000)]
13:37:15: [INFO] Routing pad 'SW32:1' at (358140000, 62611000) with pad 'SW38:1' at (358140000, 81661000) using coordinate system rotated by 0 degree(s)
13:37:15: [INFO] Adding track segment (F.Cu): [(358140000, 62611000), (358140000, 81661000)]
13:37:15: [INFO] Routing ROW3 pads
13:37:15: [WARNING] Could not route pads when parent footprints not rotated the same, footprint1: D19 at 90.0 degree(s) and footprint2: D20 at 75.0 degree(s)
13:37:15: [WARNING] Could not route pads when parent footprints not rotated the same, footprint1: D20 at 75.0 degree(s) and footprint2: D21 at 60.0 degree(s)
13:37:15: [INFO] Routing COL2 pads
13:37:15: [INFO] Routing pad 'SW3:1' at (72390000, 38227000) with pad 'SW9:1' at (72390000, 57277000) using coordinate system rotated by 0 degree(s)
13:37:15: [INFO] Adding track segment (F.Cu): [(72390000, 38227000), (72390000, 57277000)]
13:37:15: [INFO] Routing pad 'SW9:1' at (72390000, 57277000) with pad 'SW15:1' at (72390000, 76327000) using coordinate system rotated by 0 degree(s)
13:37:15: [INFO] Adding track segment (F.Cu): [(72390000, 57277000), (72390000, 76327000)]
13:37:15: [WARNING] Could not route pads when parent footprints not rotated the same, footprint1: SW15 at 0.0 degree(s) and footprint2: SW21 at -30.0 degree(s)
13:37:15: [WARNING] Could not route pads when parent footprints not rotated the same, footprint1: SW21 at -30.0 degree(s) and footprint2: SW42 at 0.0 degree(s)
13:37:15: [INFO] Routing pad 'SW30:1' at (320040000, 54610000) with pad 'SW24:1' at (320040000, 35560000) using coordinate system rotated by 0 degree(s)
13:37:15: [INFO] Adding track segment (F.Cu): [(320040000, 54610000), (320040000, 35560000)]
13:37:15: [INFO] Routing pad 'SW36:1' at (320040000, 73660000) with pad 'SW30:1' at (320040000, 54610000) using coordinate system rotated by 0 degree(s)
13:37:15: [INFO] Adding track segment (F.Cu): [(320040000, 73660000), (320040000, 54610000)]
13:37:15: [INFO] Routing pad 'SW42:1' at (310515000, 97282000) with pad 'SW36:1' at (320040000, 73660000) using coordinate system rotated by 0 degree(s)
13:37:15: [INFO] Adding track segment (F.Cu): [(310515000, 97282000), (320040000, 87757000)]
13:37:15: [INFO] Adding track segment (F.Cu): [(320040000, 87757000), (320040000, 73660000)]
13:37:15: [INFO] Routing ROW0 pads
13:37:15: [INFO] Routing pad 'D1:1' at (43180000, 51501000) with pad 'D2:1' at (62230000, 51501000) using coordinate system rotated by 0 degree(s)
13:37:15: [INFO] Adding track segment (B.Cu): [(43180000, 51501000), (62230000, 51501000)]
13:37:15: [INFO] Routing pad 'D2:1' at (62230000, 51501000) with pad 'D3:1' at (81280000, 46167000) using coordinate system rotated by 0 degree(s)
13:37:15: [INFO] Adding track segment (B.Cu): [(62230000, 51501000), (75946000, 51501000)]
13:37:15: [INFO] Adding track segment (B.Cu): [(75946000, 51501000), (81280000, 46167000)]
13:37:15: [INFO] Routing pad 'D3:1' at (81280000, 46167000) with pad 'D4:1' at (100330000, 43500000) using coordinate system rotated by 0 degree(s)
13:37:15: [INFO] Adding track segment (B.Cu): [(81280000, 46167000), (97663000, 46167000)]
13:37:15: [INFO] Adding track segment (B.Cu): [(97663000, 46167000), (100330000, 43500000)]
13:37:15: [INFO] Routing pad 'D4:1' at (100330000, 43500000) with pad 'D5:1' at (119380000, 46167000) using coordinate system rotated by 0 degree(s)
13:37:15: [INFO] Adding track segment (B.Cu): [(100330000, 43500000), (116713000, 43500000)]
13:37:15: [INFO] Adding track segment (B.Cu): [(116713000, 43500000), (119380000, 46167000)]
13:37:15: [INFO] Routing pad 'D5:1' at (119380000, 46167000) with pad 'D6:1' at (138430000, 48834000) using coordinate system rotated by 0 degree(s)
13:37:15: [INFO] Adding track segment (B.Cu): [(119380000, 46167000), (135763000, 46167000)]
13:37:15: [INFO] Adding track segment (B.Cu): [(135763000, 46167000), (138430000, 48834000)]
13:37:15: [INFO] Routing COL5 pads
13:37:15: [INFO] Routing pad 'SW6:1' at (129540000, 40894000) with pad 'SW12:1' at (129540000, 59944000) using coordinate system rotated by 0 degree(s)
13:37:15: [INFO] Adding track segment (F.Cu): [(129540000, 40894000), (129540000, 59944000)]
13:37:15: [INFO] Routing pad 'SW12:1' at (129540000, 59944000) with pad 'SW18:1' at (129540000, 78994000) using coordinate system rotated by 0 degree(s)
13:37:15: [INFO] Adding track segment (F.Cu): [(129540000, 59944000), (129540000, 78994000)]
13:37:15: [INFO] Routing pad 'SW6:1' at (129540000, 40894000) with pad 'SW27:1' at (377190000, 43561000) using coordinate system rotated by 0 degree(s)
13:37:15: [INFO] Routing pad 'SW27:1' at (377190000, 43561000) with pad 'SW33:1' at (377190000, 62611000) using coordinate system rotated by 0 degree(s)
13:37:15: [INFO] Adding track segment (F.Cu): [(377190000, 43561000), (377190000, 62611000)]
13:37:15: [INFO] Routing pad 'SW33:1' at (377190000, 62611000) with pad 'SW39:1' at (377190000, 81661000) using coordinate system rotated by 0 degree(s)
13:37:15: [INFO] Adding track segment (F.Cu): [(377190000, 62611000), (377190000, 81661000)]
13:37:15: [INFO] Removing dangling tracks
