=== kbplacer.kle_serial ===
=== layout2image.py ===
=== kbplacer ===
13:32:45: [INFO] User layout: https://editor.keyboard-tools.xyz/#share=NrDeCIGNwLgAnAYgIareANAgzgW1ggE4D2ALgPoCmkAjDeAL5bgAMGLAOgHbfds28eQwZRaY4EAB4EWAOgBMAVmZ4C4RszadhXLeKkyFyhNHhIA7JavjwAdwI1Zipgn76oaxJG8+NrjPI2bADMQRgALGGKYQBsYeZhABxhAJxhNGKaGHTpgVgQpggoaKg29vCOzlk0oQC6GABQYODSFUYu4DTs7q1wckrM5XCO5lUIXfT5HmZePt5+nQE2XaHMXZFrGNGbcZsJm8mbaZsZy9mTEtNFVtaDBPLtJ3WNzb2OAyaeJaUd8t1TvX6xjs90eCD+FwKnjm81+S2Yf1W4IiNj+22Ru2R+2Rh2Rx0uQxGY3AEMyl0KFhuCThNDy5K+3wWEOeTQMbSUHWC-0ugKMd3ZxK5F3AXLpEEJYJFGCRUJmMOg-LgMUlXJigm4XTJsqK32QZQcKuyWqulJuCyFwqFdKlNXA9VZLQIMWYAE9DB8TbM5vr4A8OcwuYp1VwJu4Jf6EKrg6GpkMHqNORhzNHsnbakA
13:32:45: [INFO] Labels prefixes: for rows: 'ROW', for columns: 'COL'
13:32:45: [INFO] Matrix size: 3x13
13:32:46: [WARNING] No stabilizer footprint for width 2.25u, using 2u as fallback
13:32:46: [WARNING] No stabilizer footprint for width 2.25u, using 2u as fallback
13:32:46: [WARNING] No stabilizer footprint for width 2.25u, using 2u as fallback
13:32:46: [WARNING] No stabilizer footprint for width 2.75u, using 2u as fallback
13:32:46: [INFO] Add COL0 net
13:32:46: [INFO] Add COL1 net
13:32:46: [INFO] Add COL10 net
13:32:46: [INFO] Add COL11 net
13:32:46: [INFO] Add COL12 net
13:32:46: [INFO] Add COL13 net
13:32:46: [INFO] Add COL2 net
13:32:46: [INFO] Add COL3 net
13:32:46: [INFO] Add COL4 net
13:32:46: [INFO] Add COL5 net
13:32:46: [INFO] Add COL6 net
13:32:46: [INFO] Add COL7 net
13:32:46: [INFO] Add COL8 net
13:32:46: [INFO] Add COL9 net
13:32:46: [INFO] Add Net-(D1-A) net
13:32:46: [INFO] Add Net-(D10-A) net
13:32:46: [INFO] Add Net-(D11-A) net
13:32:46: [INFO] Add Net-(D12-A) net
13:32:46: [INFO] Add Net-(D13-A) net
13:32:46: [INFO] Add Net-(D14-A) net
13:32:46: [INFO] Add Net-(D15-A) net
13:32:46: [INFO] Add Net-(D16-A) net
13:32:46: [INFO] Add Net-(D17-A) net
13:32:46: [INFO] Add Net-(D18-A) net
13:32:46: [INFO] Add Net-(D19-A) net
13:32:46: [INFO] Add Net-(D2-A) net
13:32:46: [INFO] Add Net-(D20-A) net
13:32:46: [INFO] Add Net-(D21-A) net
13:32:46: [INFO] Add Net-(D22-A) net
13:32:46: [INFO] Add Net-(D23-A) net
13:32:46: [INFO] Add Net-(D24-A) net
13:32:46: [INFO] Add Net-(D25-A) net
13:32:46: [INFO] Add Net-(D26-A) net
13:32:46: [INFO] Add Net-(D27-A) net
13:32:46: [INFO] Add Net-(D28-A) net
13:32:46: [INFO] Add Net-(D29-A) net
13:32:46: [INFO] Add Net-(D3-A) net
13:32:46: [INFO] Add Net-(D30-A) net
13:32:46: [INFO] Add Net-(D31-A) net
13:32:46: [INFO] Add Net-(D32-A) net
13:32:46: [INFO] Add Net-(D33-A) net
13:32:46: [INFO] Add Net-(D34-A) net
13:32:46: [INFO] Add Net-(D35-A) net
13:32:46: [INFO] Add Net-(D36-A) net
13:32:46: [INFO] Add Net-(D37-A) net
13:32:46: [INFO] Add Net-(D38-A) net
13:32:46: [INFO] Add Net-(D39-A) net
13:32:46: [INFO] Add Net-(D4-A) net
13:32:46: [INFO] Add Net-(D40-A) net
13:32:46: [INFO] Add Net-(D41-A) net
13:32:46: [INFO] Add Net-(D42-A) net
13:32:46: [INFO] Add Net-(D43-A) net
13:32:46: [INFO] Add Net-(D44-A) net
13:32:46: [INFO] Add Net-(D45-A) net
13:32:46: [INFO] Add Net-(D46-A) net
13:32:46: [INFO] Add Net-(D47-A) net
13:32:46: [INFO] Add Net-(D48-A) net
13:32:46: [INFO] Add Net-(D49-A) net
13:32:46: [INFO] Add Net-(D5-A) net
13:32:46: [INFO] Add Net-(D50-A) net
13:32:46: [INFO] Add Net-(D51-A) net
13:32:46: [INFO] Add Net-(D6-A) net
13:32:46: [INFO] Add Net-(D7-A) net
13:32:46: [INFO] Add Net-(D8-A) net
13:32:46: [INFO] Add Net-(D9-A) net
13:32:46: [INFO] Add ROW0 net
13:32:46: [INFO] Add ROW1 net
13:32:46: [INFO] Add ROW2 net
13:32:46: [INFO] Add ROW3 net
13:32:46: [INFO] Add SW1 footprint
13:32:46: [INFO] Add D1 footprint
13:32:46: [INFO] Add SW1a footprint
13:32:46: [INFO] Add SW2 footprint
13:32:46: [INFO] Add D2 footprint
13:32:46: [INFO] Add SW3 footprint
13:32:46: [INFO] Add D3 footprint
13:32:46: [INFO] Add SW4 footprint
13:32:46: [INFO] Add D4 footprint
13:32:46: [INFO] Add SW5 footprint
13:32:46: [INFO] Add D5 footprint
13:32:46: [INFO] Add SW6 footprint
13:32:46: [INFO] Add D6 footprint
13:32:46: [INFO] Add SW7 footprint
13:32:46: [INFO] Add D7 footprint
13:32:46: [INFO] Add SW8 footprint
13:32:46: [INFO] Add D8 footprint
13:32:46: [INFO] Add SW9 footprint
13:32:47: [INFO] Add D9 footprint
13:32:47: [INFO] Add SW10 footprint
13:32:47: [INFO] Add D10 footprint
13:32:47: [INFO] Add SW11 footprint
13:32:47: [INFO] Add D11 footprint
13:32:47: [INFO] Add SW12 footprint
13:32:47: [INFO] Add D12 footprint
13:32:47: [INFO] Add SW13 footprint
13:32:47: [INFO] Add D13 footprint
13:32:47: [INFO] Add SW14 footprint
13:32:47: [INFO] Add D14 footprint
13:32:47: [INFO] Add SW15 footprint
13:32:47: [INFO] Add D15 footprint
13:32:47: [INFO] Add SW16 footprint
13:32:47: [INFO] Add D16 footprint
13:32:47: [INFO] Add SW17 footprint
13:32:47: [INFO] Add D17 footprint
13:32:47: [INFO] Add SW18 footprint
13:32:47: [INFO] Add D18 footprint
13:32:47: [INFO] Add SW19 footprint
13:32:47: [INFO] Add D19 footprint
13:32:47: [INFO] Add SW20 footprint
13:32:47: [INFO] Add D20 footprint
13:32:47: [INFO] Add SW21 footprint
13:32:47: [INFO] Add D21 footprint
13:32:47: [INFO] Add SW22 footprint
13:32:47: [INFO] Add D22 footprint
13:32:47: [INFO] Add SW23 footprint
13:32:47: [INFO] Add D23 footprint
13:32:47: [INFO] Add SW24 footprint
13:32:47: [INFO] Add D24 footprint
13:32:48: [INFO] Add SW25 footprint
13:32:48: [INFO] Add D25 footprint
13:32:48: [INFO] Add SW26 footprint
13:32:48: [INFO] Add D26 footprint
13:32:48: [INFO] Add SW27 footprint
13:32:48: [INFO] Add D27 footprint
13:32:48: [WARNING] No stabilizer footprint for width 2.25u, using 2u as fallback
13:32:48: [INFO] Add ST27 footprint
13:32:48: [INFO] Add SW28 footprint
13:32:48: [INFO] Add D28 footprint
13:32:48: [INFO] Add SW29 footprint
13:32:48: [INFO] Add D29 footprint
13:32:48: [WARNING] No stabilizer footprint for width 2.25u, using 2u as fallback
13:32:48: [INFO] Add ST29 footprint
13:32:48: [INFO] Add SW30 footprint
13:32:48: [INFO] Add D30 footprint
13:32:48: [INFO] Add SW31 footprint
13:32:48: [INFO] Add D31 footprint
13:32:48: [INFO] Add SW32 footprint
13:32:48: [INFO] Add D32 footprint
13:32:48: [INFO] Add SW33 footprint
13:32:48: [INFO] Add D33 footprint
13:32:48: [INFO] Add SW34 footprint
13:32:48: [INFO] Add D34 footprint
13:32:48: [INFO] Add SW35 footprint
13:32:48: [INFO] Add D35 footprint
13:32:48: [INFO] Add SW36 footprint
13:32:48: [INFO] Add D36 footprint
13:32:48: [INFO] Add SW37 footprint
13:32:48: [INFO] Add D37 footprint
13:32:48: [INFO] Add SW38 footprint
13:32:48: [INFO] Add D38 footprint
13:32:48: [INFO] Add SW39 footprint
13:32:48: [INFO] Add D39 footprint
13:32:48: [INFO] Add SW40 footprint
13:32:48: [INFO] Add D40 footprint
13:32:48: [INFO] Add SW41 footprint
13:32:49: [INFO] Add D41 footprint
13:32:49: [INFO] Add SW42 footprint
13:32:49: [INFO] Add D42 footprint
13:32:49: [INFO] Add SW43 footprint
13:32:49: [INFO] Add D43 footprint
13:32:49: [INFO] Add SW44 footprint
13:32:49: [INFO] Add D44 footprint
13:32:49: [INFO] Add SW45 footprint
13:32:49: [INFO] Add D45 footprint
13:32:49: [WARNING] No stabilizer footprint for width 2.25u, using 2u as fallback
13:32:49: [INFO] Add ST45 footprint
13:32:49: [INFO] Add SW46 footprint
13:32:49: [INFO] Add D46 footprint
13:32:49: [INFO] Add ST46 footprint
13:32:49: [INFO] Add SW46a footprint
13:32:49: [INFO] Add SW47 footprint
13:32:49: [INFO] Add D47 footprint
13:32:49: [WARNING] No stabilizer footprint for width 2.75u, using 2u as fallback
13:32:49: [INFO] Add ST47 footprint
13:32:49: [INFO] Add SW48 footprint
13:32:49: [INFO] Add D48 footprint
13:32:49: [INFO] Add SW49 footprint
13:32:49: [INFO] Add D49 footprint
13:32:49: [INFO] Add SW50 footprint
13:32:49: [INFO] Add D50 footprint
13:32:49: [INFO] Add SW51 footprint
13:32:49: [INFO] Add D51 footprint
13:32:49: [INFO] Detected layout convertible to matrix annotated keyboard
13:32:49: [INFO] Using key 1U distance: (19.05, 19.05) mm
13:32:49: [INFO] Layout offset: (23812500, 28575000)
13:32:49: [INFO] Diode info: [ElementInfo(annotation_format='D{}', position_option=<PositionOption.CUSTOM: 'Custom'>, position=ElementPosition(x=5.08, y=4.0, orientation=90.0, side=<Side.BACK: 'Back'>), template_path='', start_index=-1)]
13:32:49: [INFO] Placing additional elements for SW51
13:32:49: [INFO] Placing additional elements for SW50
13:32:49: [INFO] Placing additional elements for SW49
13:32:49: [INFO] Placing additional elements for SW48
13:32:49: [INFO] Placing additional elements for SW47
13:32:49: [INFO] Placing additional elements for SW46a
13:32:49: [INFO] Placing additional elements for SW46
13:32:49: [INFO] Placing additional elements for SW45
13:32:49: [INFO] Placing additional elements for SW44
13:32:49: [INFO] Placing additional elements for SW43
13:32:49: [INFO] Placing additional elements for SW42
13:32:49: [INFO] Placing additional elements for SW41
13:32:49: [INFO] Placing additional elements for SW40
13:32:49: [INFO] Placing additional elements for SW39
13:32:49: [INFO] Placing additional elements for SW38
13:32:49: [INFO] Placing additional elements for SW37
13:32:49: [INFO] Placing additional elements for SW36
13:32:49: [INFO] Placing additional elements for SW35
13:32:49: [INFO] Placing additional elements for SW34
13:32:49: [INFO] Placing additional elements for SW33
13:32:49: [INFO] Placing additional elements for SW32
13:32:49: [INFO] Placing additional elements for SW31
13:32:49: [INFO] Placing additional elements for SW30
13:32:49: [INFO] Placing additional elements for SW29
13:32:49: [INFO] Placing additional elements for SW28
13:32:49: [INFO] Placing additional elements for SW27
13:32:49: [INFO] Placing additional elements for SW26
13:32:49: [INFO] Placing additional elements for SW25
13:32:49: [INFO] Placing additional elements for SW24
13:32:49: [INFO] Placing additional elements for SW23
13:32:49: [INFO] Placing additional elements for SW22
13:32:49: [INFO] Placing additional elements for SW21
13:32:49: [INFO] Placing additional elements for SW20
13:32:49: [INFO] Placing additional elements for SW19
13:32:49: [INFO] Placing additional elements for SW18
13:32:49: [INFO] Placing additional elements for SW17
13:32:49: [INFO] Placing additional elements for SW16
13:32:49: [INFO] Placing additional elements for SW15
13:32:49: [INFO] Placing additional elements for SW14
13:32:49: [INFO] Placing additional elements for SW13
13:32:49: [INFO] Placing additional elements for SW12
13:32:49: [INFO] Placing additional elements for SW11
13:32:49: [INFO] Placing additional elements for SW10
13:32:49: [INFO] Placing additional elements for SW9
13:32:49: [INFO] Placing additional elements for SW8
13:32:49: [INFO] Placing additional elements for SW7
13:32:49: [INFO] Placing additional elements for SW6
13:32:49: [INFO] Placing additional elements for SW5
13:32:49: [INFO] Placing additional elements for SW4
13:32:49: [INFO] Placing additional elements for SW3
13:32:49: [INFO] Placing additional elements for SW2
13:32:49: [INFO] Placing additional elements for SW1a
13:32:49: [INFO] Placing additional elements for SW1
13:32:49: [INFO] Routing SW51 with D51
13:32:49: [INFO] Using internal autorouter method
13:32:49: [INFO] Routing pad 'SW51:2' at (331152500, 90170000) with pad 'D51:2' at (333692500, 97850000) using coordinate system rotated by 0 degree(s)
13:32:49: [INFO] Adding track segment (B.Cu): [(331152500, 90170000), (331152500, 95310000)]
13:32:49: [INFO] Adding track segment (B.Cu): [(331152500, 95310000), (333692500, 97850000)]
13:32:49: [INFO] Routing SW50 with D50
13:32:49: [INFO] Using internal autorouter method
13:32:49: [INFO] Routing pad 'SW50:2' at (312102500, 90170000) with pad 'D50:2' at (314642500, 97850000) using coordinate system rotated by 0 degree(s)
13:32:49: [INFO] Adding track segment (B.Cu): [(312102500, 90170000), (312102500, 95310000)]
13:32:49: [INFO] Adding track segment (B.Cu): [(312102500, 95310000), (314642500, 97850000)]
13:32:49: [INFO] Routing SW49 with D49
13:32:49: [INFO] Using internal autorouter method
13:32:49: [INFO] Routing pad 'SW49:2' at (293052500, 90170000) with pad 'D49:2' at (295592500, 97850000) using coordinate system rotated by 0 degree(s)
13:32:49: [INFO] Adding track segment (B.Cu): [(293052500, 90170000), (293052500, 95310000)]
13:32:49: [INFO] Adding track segment (B.Cu): [(293052500, 95310000), (295592500, 97850000)]
13:32:49: [INFO] Routing SW48 with D48
13:32:49: [INFO] Using internal autorouter method
13:32:49: [INFO] Routing pad 'SW48:2' at (271621250, 90170000) with pad 'D48:2' at (274161250, 97850000) using coordinate system rotated by 0 degree(s)
13:32:49: [INFO] Adding track segment (B.Cu): [(271621250, 90170000), (271621250, 95310000)]
13:32:49: [INFO] Adding track segment (B.Cu): [(271621250, 95310000), (274161250, 97850000)]
13:32:49: [INFO] Routing SW47 with D47
13:32:49: [INFO] Using internal autorouter method
13:32:49: [INFO] Routing pad 'SW47:2' at (233521250, 90170000) with pad 'D47:2' at (236061250, 97850000) using coordinate system rotated by 0 degree(s)
13:32:49: [INFO] Adding track segment (B.Cu): [(233521250, 90170000), (233521250, 95310000)]
13:32:49: [INFO] Adding track segment (B.Cu): [(233521250, 95310000), (236061250, 97850000)]
13:32:49: [INFO] Routing SW46a with D46
13:32:49: [INFO] Using internal autorouter method
13:32:49: [INFO] Routing pad 'SW46a:2' at (195421250, 90170000) with pad 'D46:2' at (202723750, 97850000) using coordinate system rotated by 0 degree(s)
13:32:49: [INFO] Routing SW46 with D46
13:32:49: [INFO] Using internal autorouter method
13:32:49: [INFO] Routing pad 'SW46:2' at (200183750, 90170000) with pad 'D46:2' at (202723750, 97850000) using coordinate system rotated by 0 degree(s)
13:32:49: [INFO] Adding track segment (B.Cu): [(200183750, 90170000), (200183750, 95310000)]
13:32:49: [INFO] Adding track segment (B.Cu): [(200183750, 95310000), (202723750, 97850000)]
13:32:49: [INFO] Routing SW45 with D45
13:32:49: [INFO] Using internal autorouter method
13:32:49: [INFO] Routing pad 'SW45:2' at (162083750, 90170000) with pad 'D45:2' at (164623750, 97850000) using coordinate system rotated by 0 degree(s)
13:32:49: [INFO] Adding track segment (B.Cu): [(162083750, 90170000), (162083750, 95310000)]
13:32:49: [INFO] Adding track segment (B.Cu): [(162083750, 95310000), (164623750, 97850000)]
13:32:49: [INFO] Routing SW44 with D44
13:32:49: [INFO] Using internal autorouter method
13:32:49: [INFO] Routing pad 'SW44:2' at (128746250, 90170000) with pad 'D44:2' at (131286250, 97850000) using coordinate system rotated by 0 degree(s)
13:32:49: [INFO] Adding track segment (B.Cu): [(128746250, 90170000), (128746250, 95310000)]
13:32:49: [INFO] Adding track segment (B.Cu): [(128746250, 95310000), (131286250, 97850000)]
13:32:49: [INFO] Routing SW43 with D43
13:32:49: [INFO] Using internal autorouter method
13:32:49: [INFO] Routing pad 'SW43:2' at (107315000, 90170000) with pad 'D43:2' at (109855000, 97850000) using coordinate system rotated by 0 degree(s)
13:32:49: [INFO] Adding track segment (B.Cu): [(107315000, 90170000), (107315000, 95310000)]
13:32:49: [INFO] Adding track segment (B.Cu): [(107315000, 95310000), (109855000, 97850000)]
13:32:49: [INFO] Routing SW42 with D42
13:32:49: [INFO] Using internal autorouter method
13:32:49: [INFO] Routing pad 'SW42:2' at (85883750, 90170000) with pad 'D42:2' at (88423750, 97850000) using coordinate system rotated by 0 degree(s)
13:32:49: [INFO] Adding track segment (B.Cu): [(85883750, 90170000), (85883750, 95310000)]
13:32:49: [INFO] Adding track segment (B.Cu): [(85883750, 95310000), (88423750, 97850000)]
13:32:49: [INFO] Routing SW41 with D41
13:32:49: [INFO] Using internal autorouter method
13:32:49: [INFO] Routing pad 'SW41:2' at (59690000, 90170000) with pad 'D41:2' at (62230000, 97850000) using coordinate system rotated by 0 degree(s)
13:32:49: [INFO] Adding track segment (B.Cu): [(59690000, 90170000), (59690000, 95310000)]
13:32:49: [INFO] Adding track segment (B.Cu): [(59690000, 95310000), (62230000, 97850000)]
13:32:49: [INFO] Routing SW40 with D40
13:32:49: [INFO] Using internal autorouter method
13:32:49: [INFO] Routing pad 'SW40:2' at (331152500, 71120000) with pad 'D40:2' at (333692500, 78800000) using coordinate system rotated by 0 degree(s)
13:32:49: [INFO] Adding track segment (B.Cu): [(331152500, 71120000), (331152500, 76260000)]
13:32:49: [INFO] Adding track segment (B.Cu): [(331152500, 76260000), (333692500, 78800000)]
13:32:49: [INFO] Routing SW39 with D39
13:32:49: [INFO] Using internal autorouter method
13:32:49: [INFO] Routing pad 'SW39:2' at (312102500, 71120000) with pad 'D39:2' at (314642500, 78800000) using coordinate system rotated by 0 degree(s)
13:32:49: [INFO] Adding track segment (B.Cu): [(312102500, 71120000), (312102500, 76260000)]
13:32:49: [INFO] Adding track segment (B.Cu): [(312102500, 76260000), (314642500, 78800000)]
13:32:49: [INFO] Routing SW38 with D38
13:32:49: [INFO] Using internal autorouter method
13:32:49: [INFO] Routing pad 'SW38:2' at (285908750, 71120000) with pad 'D38:2' at (288448750, 78800000) using coordinate system rotated by 0 degree(s)
13:32:49: [INFO] Adding track segment (B.Cu): [(285908750, 71120000), (285908750, 76260000)]
13:32:49: [INFO] Adding track segment (B.Cu): [(285908750, 76260000), (288448750, 78800000)]
13:32:49: [INFO] Routing SW37 with D37
13:32:49: [INFO] Using internal autorouter method
13:32:49: [INFO] Routing pad 'SW37:2' at (259715000, 71120000) with pad 'D37:2' at (262255000, 78800000) using coordinate system rotated by 0 degree(s)
13:32:49: [INFO] Adding track segment (B.Cu): [(259715000, 71120000), (259715000, 76260000)]
13:32:49: [INFO] Adding track segment (B.Cu): [(259715000, 76260000), (262255000, 78800000)]
13:32:49: [INFO] Routing SW36 with D36
13:32:49: [INFO] Using internal autorouter method
13:32:49: [INFO] Routing pad 'SW36:2' at (240665000, 71120000) with pad 'D36:2' at (243205000, 78800000) using coordinate system rotated by 0 degree(s)
13:32:49: [INFO] Adding track segment (B.Cu): [(240665000, 71120000), (240665000, 76260000)]
13:32:49: [INFO] Adding track segment (B.Cu): [(240665000, 76260000), (243205000, 78800000)]
13:32:49: [INFO] Routing SW35 with D35
13:32:49: [INFO] Using internal autorouter method
13:32:49: [INFO] Routing pad 'SW35:2' at (221615000, 71120000) with pad 'D35:2' at (224155000, 78800000) using coordinate system rotated by 0 degree(s)
13:32:49: [INFO] Adding track segment (B.Cu): [(221615000, 71120000), (221615000, 76260000)]
13:32:49: [INFO] Adding track segment (B.Cu): [(221615000, 76260000), (224155000, 78800000)]
13:32:49: [INFO] Routing SW34 with D34
13:32:49: [INFO] Using internal autorouter method
13:32:49: [INFO] Routing pad 'SW34:2' at (202565000, 71120000) with pad 'D34:2' at (205105000, 78800000) using coordinate system rotated by 0 degree(s)
13:32:49: [INFO] Adding track segment (B.Cu): [(202565000, 71120000), (202565000, 76260000)]
13:32:49: [INFO] Adding track segment (B.Cu): [(202565000, 76260000), (205105000, 78800000)]
13:32:49: [INFO] Routing SW33 with D33
13:32:49: [INFO] Using internal autorouter method
13:32:49: [INFO] Routing pad 'SW33:2' at (183515000, 71120000) with pad 'D33:2' at (186055000, 78800000) using coordinate system rotated by 0 degree(s)
13:32:49: [INFO] Adding track segment (B.Cu): [(183515000, 71120000), (183515000, 76260000)]
13:32:49: [INFO] Adding track segment (B.Cu): [(183515000, 76260000), (186055000, 78800000)]
13:32:49: [INFO] Routing SW32 with D32
13:32:49: [INFO] Using internal autorouter method
13:32:49: [INFO] Routing pad 'SW32:2' at (164465000, 71120000) with pad 'D32:2' at (167005000, 78800000) using coordinate system rotated by 0 degree(s)
13:32:50: [INFO] Adding track segment (B.Cu): [(164465000, 71120000), (164465000, 76260000)]
13:32:50: [INFO] Adding track segment (B.Cu): [(164465000, 76260000), (167005000, 78800000)]
13:32:50: [INFO] Routing SW31 with D31
13:32:50: [INFO] Using internal autorouter method
13:32:50: [INFO] Routing pad 'SW31:2' at (145415000, 71120000) with pad 'D31:2' at (147955000, 78800000) using coordinate system rotated by 0 degree(s)
13:32:50: [INFO] Adding track segment (B.Cu): [(145415000, 71120000), (145415000, 76260000)]
13:32:50: [INFO] Adding track segment (B.Cu): [(145415000, 76260000), (147955000, 78800000)]
13:32:50: [INFO] Routing SW30 with D30
13:32:50: [INFO] Using internal autorouter method
13:32:50: [INFO] Routing pad 'SW30:2' at (126365000, 71120000) with pad 'D30:2' at (128905000, 78800000) using coordinate system rotated by 0 degree(s)
13:32:50: [INFO] Adding track segment (B.Cu): [(126365000, 71120000), (126365000, 76260000)]
13:32:50: [INFO] Adding track segment (B.Cu): [(126365000, 76260000), (128905000, 78800000)]
13:32:50: [INFO] Routing SW29 with D29
13:32:50: [INFO] Using internal autorouter method
13:32:50: [INFO] Routing pad 'SW29:2' at (95408750, 71120000) with pad 'D29:2' at (97948750, 78800000) using coordinate system rotated by 0 degree(s)
13:32:50: [INFO] Adding track segment (B.Cu): [(95408750, 71120000), (95408750, 76260000)]
13:32:50: [INFO] Adding track segment (B.Cu): [(95408750, 76260000), (97948750, 78800000)]
13:32:50: [INFO] Routing SW28 with D28
13:32:50: [INFO] Using internal autorouter method
13:32:50: [INFO] Routing pad 'SW28:2' at (59690000, 71120000) with pad 'D28:2' at (62230000, 78800000) using coordinate system rotated by 0 degree(s)
13:32:50: [INFO] Adding track segment (B.Cu): [(59690000, 71120000), (59690000, 76260000)]
13:32:50: [INFO] Adding track segment (B.Cu): [(59690000, 76260000), (62230000, 78800000)]
13:32:50: [INFO] Routing SW27 with D27
13:32:50: [INFO] Using internal autorouter method
13:32:50: [INFO] Routing pad 'SW27:2' at (319246250, 52070000) with pad 'D27:2' at (321786250, 59750000) using coordinate system rotated by 0 degree(s)
13:32:50: [INFO] Adding track segment (B.Cu): [(319246250, 52070000), (319246250, 57210000)]
13:32:50: [INFO] Adding track segment (B.Cu): [(319246250, 57210000), (321786250, 59750000)]
13:32:50: [INFO] Routing SW26 with D26
13:32:50: [INFO] Using internal autorouter method
13:32:50: [INFO] Routing pad 'SW26:2' at (288290000, 52070000) with pad 'D26:2' at (290830000, 59750000) using coordinate system rotated by 0 degree(s)
13:32:50: [INFO] Adding track segment (B.Cu): [(288290000, 52070000), (288290000, 57210000)]
13:32:50: [INFO] Adding track segment (B.Cu): [(288290000, 57210000), (290830000, 59750000)]
13:32:50: [INFO] Routing SW25 with D25
13:32:50: [INFO] Using internal autorouter method
13:32:50: [INFO] Routing pad 'SW25:2' at (269240000, 52070000) with pad 'D25:2' at (271780000, 59750000) using coordinate system rotated by 0 degree(s)
13:32:50: [INFO] Adding track segment (B.Cu): [(269240000, 52070000), (269240000, 57210000)]
13:32:50: [INFO] Adding track segment (B.Cu): [(269240000, 57210000), (271780000, 59750000)]
13:32:50: [INFO] Routing SW24 with D24
13:32:50: [INFO] Using internal autorouter method
13:32:50: [INFO] Routing pad 'SW24:2' at (250190000, 52070000) with pad 'D24:2' at (252730000, 59750000) using coordinate system rotated by 0 degree(s)
13:32:50: [INFO] Adding track segment (B.Cu): [(250190000, 52070000), (250190000, 57210000)]
13:32:50: [INFO] Adding track segment (B.Cu): [(250190000, 57210000), (252730000, 59750000)]
13:32:50: [INFO] Routing SW23 with D23
13:32:50: [INFO] Using internal autorouter method
13:32:50: [INFO] Routing pad 'SW23:2' at (231140000, 52070000) with pad 'D23:2' at (233680000, 59750000) using coordinate system rotated by 0 degree(s)
13:32:50: [INFO] Adding track segment (B.Cu): [(231140000, 52070000), (231140000, 57210000)]
13:32:50: [INFO] Adding track segment (B.Cu): [(231140000, 57210000), (233680000, 59750000)]
13:32:50: [INFO] Routing SW22 with D22
13:32:50: [INFO] Using internal autorouter method
13:32:50: [INFO] Routing pad 'SW22:2' at (212090000, 52070000) with pad 'D22:2' at (214630000, 59750000) using coordinate system rotated by 0 degree(s)
13:32:50: [INFO] Adding track segment (B.Cu): [(212090000, 52070000), (212090000, 57210000)]
13:32:50: [INFO] Adding track segment (B.Cu): [(212090000, 57210000), (214630000, 59750000)]
13:32:50: [INFO] Routing SW21 with D21
13:32:50: [INFO] Using internal autorouter method
13:32:50: [INFO] Routing pad 'SW21:2' at (193040000, 52070000) with pad 'D21:2' at (195580000, 59750000) using coordinate system rotated by 0 degree(s)
13:32:50: [INFO] Adding track segment (B.Cu): [(193040000, 52070000), (193040000, 57210000)]
13:32:50: [INFO] Adding track segment (B.Cu): [(193040000, 57210000), (195580000, 59750000)]
13:32:50: [INFO] Routing SW20 with D20
13:32:50: [INFO] Using internal autorouter method
13:32:50: [INFO] Routing pad 'SW20:2' at (173990000, 52070000) with pad 'D20:2' at (176530000, 59750000) using coordinate system rotated by 0 degree(s)
13:32:50: [INFO] Adding track segment (B.Cu): [(173990000, 52070000), (173990000, 57210000)]
13:32:50: [INFO] Adding track segment (B.Cu): [(173990000, 57210000), (176530000, 59750000)]
13:32:50: [INFO] Routing SW19 with D19
13:32:50: [INFO] Using internal autorouter method
13:32:50: [INFO] Routing pad 'SW19:2' at (154940000, 52070000) with pad 'D19:2' at (157480000, 59750000) using coordinate system rotated by 0 degree(s)
13:32:50: [INFO] Adding track segment (B.Cu): [(154940000, 52070000), (154940000, 57210000)]
13:32:50: [INFO] Adding track segment (B.Cu): [(154940000, 57210000), (157480000, 59750000)]
13:32:50: [INFO] Routing SW18 with D18
13:32:50: [INFO] Using internal autorouter method
13:32:50: [INFO] Routing pad 'SW18:2' at (135890000, 52070000) with pad 'D18:2' at (138430000, 59750000) using coordinate system rotated by 0 degree(s)
13:32:50: [INFO] Adding track segment (B.Cu): [(135890000, 52070000), (135890000, 57210000)]
13:32:50: [INFO] Adding track segment (B.Cu): [(135890000, 57210000), (138430000, 59750000)]
13:32:50: [INFO] Routing SW17 with D17
13:32:50: [INFO] Using internal autorouter method
13:32:50: [INFO] Routing pad 'SW17:2' at (116840000, 52070000) with pad 'D17:2' at (119380000, 59750000) using coordinate system rotated by 0 degree(s)
13:32:50: [INFO] Adding track segment (B.Cu): [(116840000, 52070000), (116840000, 57210000)]
13:32:50: [INFO] Adding track segment (B.Cu): [(116840000, 57210000), (119380000, 59750000)]
13:32:50: [INFO] Routing SW16 with D16
13:32:50: [INFO] Using internal autorouter method
13:32:50: [INFO] Routing pad 'SW16:2' at (90646250, 52070000) with pad 'D16:2' at (93186250, 59750000) using coordinate system rotated by 0 degree(s)
13:32:50: [INFO] Adding track segment (B.Cu): [(90646250, 52070000), (90646250, 57210000)]
13:32:50: [INFO] Adding track segment (B.Cu): [(90646250, 57210000), (93186250, 59750000)]
13:32:50: [INFO] Routing SW15 with D15
13:32:50: [INFO] Using internal autorouter method
13:32:50: [INFO] Routing pad 'SW15:2' at (59690000, 52070000) with pad 'D15:2' at (62230000, 59750000) using coordinate system rotated by 0 degree(s)
13:32:50: [INFO] Adding track segment (B.Cu): [(59690000, 52070000), (59690000, 57210000)]
13:32:50: [INFO] Adding track segment (B.Cu): [(59690000, 57210000), (62230000, 59750000)]
13:32:50: [INFO] Routing SW14 with D14
13:32:50: [INFO] Using internal autorouter method
13:32:50: [INFO] Routing pad 'SW14:2' at (326390000, 33020000) with pad 'D14:2' at (328930000, 40700000) using coordinate system rotated by 0 degree(s)
13:32:50: [INFO] Adding track segment (B.Cu): [(326390000, 33020000), (326390000, 38160000)]
13:32:50: [INFO] Adding track segment (B.Cu): [(326390000, 38160000), (328930000, 40700000)]
13:32:50: [INFO] Routing SW13 with D13
13:32:50: [INFO] Using internal autorouter method
13:32:50: [INFO] Routing pad 'SW13:2' at (302577500, 33020000) with pad 'D13:2' at (305117500, 40700000) using coordinate system rotated by 0 degree(s)
13:32:50: [INFO] Adding track segment (B.Cu): [(302577500, 33020000), (302577500, 38160000)]
13:32:50: [INFO] Adding track segment (B.Cu): [(302577500, 38160000), (305117500, 40700000)]
13:32:50: [INFO] Routing SW12 with D12
13:32:50: [INFO] Using internal autorouter method
13:32:50: [INFO] Routing pad 'SW12:2' at (283527500, 33020000) with pad 'D12:2' at (286067500, 40700000) using coordinate system rotated by 0 degree(s)
13:32:50: [INFO] Adding track segment (B.Cu): [(283527500, 33020000), (283527500, 38160000)]
13:32:50: [INFO] Adding track segment (B.Cu): [(283527500, 38160000), (286067500, 40700000)]
13:32:50: [INFO] Routing SW11 with D11
13:32:50: [INFO] Using internal autorouter method
13:32:50: [INFO] Routing pad 'SW11:2' at (264477500, 33020000) with pad 'D11:2' at (267017500, 40700000) using coordinate system rotated by 0 degree(s)
13:32:50: [INFO] Adding track segment (B.Cu): [(264477500, 33020000), (264477500, 38160000)]
13:32:50: [INFO] Adding track segment (B.Cu): [(264477500, 38160000), (267017500, 40700000)]
13:32:50: [INFO] Routing SW10 with D10
13:32:50: [INFO] Using internal autorouter method
13:32:50: [INFO] Routing pad 'SW10:2' at (245427500, 33020000) with pad 'D10:2' at (247967500, 40700000) using coordinate system rotated by 0 degree(s)
13:32:50: [INFO] Adding track segment (B.Cu): [(245427500, 33020000), (245427500, 38160000)]
13:32:50: [INFO] Adding track segment (B.Cu): [(245427500, 38160000), (247967500, 40700000)]
13:32:50: [INFO] Routing SW9 with D9
13:32:50: [INFO] Using internal autorouter method
13:32:50: [INFO] Routing pad 'SW9:2' at (226377500, 33020000) with pad 'D9:2' at (228917500, 40700000) using coordinate system rotated by 0 degree(s)
13:32:50: [INFO] Adding track segment (B.Cu): [(226377500, 33020000), (226377500, 38160000)]
13:32:50: [INFO] Adding track segment (B.Cu): [(226377500, 38160000), (228917500, 40700000)]
13:32:50: [INFO] Routing SW8 with D8
13:32:50: [INFO] Using internal autorouter method
13:32:50: [INFO] Routing pad 'SW8:2' at (207327500, 33020000) with pad 'D8:2' at (209867500, 40700000) using coordinate system rotated by 0 degree(s)
13:32:50: [INFO] Adding track segment (B.Cu): [(207327500, 33020000), (207327500, 38160000)]
13:32:50: [INFO] Adding track segment (B.Cu): [(207327500, 38160000), (209867500, 40700000)]
13:32:50: [INFO] Routing SW7 with D7
13:32:50: [INFO] Using internal autorouter method
13:32:50: [INFO] Routing pad 'SW7:2' at (188277500, 33020000) with pad 'D7:2' at (190817500, 40700000) using coordinate system rotated by 0 degree(s)
13:32:50: [INFO] Adding track segment (B.Cu): [(188277500, 33020000), (188277500, 38160000)]
13:32:50: [INFO] Adding track segment (B.Cu): [(188277500, 38160000), (190817500, 40700000)]
13:32:50: [INFO] Routing SW6 with D6
13:32:50: [INFO] Using internal autorouter method
13:32:50: [INFO] Routing pad 'SW6:2' at (169227500, 33020000) with pad 'D6:2' at (171767500, 40700000) using coordinate system rotated by 0 degree(s)
13:32:50: [INFO] Adding track segment (B.Cu): [(169227500, 33020000), (169227500, 38160000)]
13:32:50: [INFO] Adding track segment (B.Cu): [(169227500, 38160000), (171767500, 40700000)]
13:32:50: [INFO] Routing SW5 with D5
13:32:50: [INFO] Using internal autorouter method
13:32:50: [INFO] Routing pad 'SW5:2' at (150177500, 33020000) with pad 'D5:2' at (152717500, 40700000) using coordinate system rotated by 0 degree(s)
13:32:50: [INFO] Adding track segment (B.Cu): [(150177500, 33020000), (150177500, 38160000)]
13:32:50: [INFO] Adding track segment (B.Cu): [(150177500, 38160000), (152717500, 40700000)]
13:32:50: [INFO] Routing SW4 with D4
13:32:50: [INFO] Using internal autorouter method
13:32:50: [INFO] Routing pad 'SW4:2' at (131127500, 33020000) with pad 'D4:2' at (133667500, 40700000) using coordinate system rotated by 0 degree(s)
13:32:50: [INFO] Adding track segment (B.Cu): [(131127500, 33020000), (131127500, 38160000)]
13:32:50: [INFO] Adding track segment (B.Cu): [(131127500, 38160000), (133667500, 40700000)]
13:32:50: [INFO] Routing SW3 with D3
13:32:50: [INFO] Using internal autorouter method
13:32:50: [INFO] Routing pad 'SW3:2' at (112077500, 33020000) with pad 'D3:2' at (114617500, 40700000) using coordinate system rotated by 0 degree(s)
13:32:50: [INFO] Adding track segment (B.Cu): [(112077500, 33020000), (112077500, 38160000)]
13:32:50: [INFO] Adding track segment (B.Cu): [(112077500, 38160000), (114617500, 40700000)]
13:32:50: [INFO] Routing SW2 with D2
13:32:50: [INFO] Using internal autorouter method
13:32:50: [INFO] Routing pad 'SW2:2' at (88265000, 33020000) with pad 'D2:2' at (90805000, 40700000) using coordinate system rotated by 0 degree(s)
13:32:50: [INFO] Adding track segment (B.Cu): [(88265000, 33020000), (88265000, 38160000)]
13:32:50: [INFO] Adding track segment (B.Cu): [(88265000, 38160000), (90805000, 40700000)]
13:32:50: [INFO] Routing SW1a with D1
13:32:50: [INFO] Using internal autorouter method
13:32:50: [INFO] Routing pad 'SW1a:S2' at (64150000, 35600000) with pad 'D1:2' at (62230000, 40700000) using coordinate system rotated by 0 degree(s)
13:32:50: [INFO] Adding track segment (B.Cu): [(64150000, 35600000), (64150000, 38780000)]
13:32:50: [INFO] Adding track segment (B.Cu): [(64150000, 38780000), (62230000, 40700000)]
13:32:50: [INFO] Routing SW1 with D1
13:32:50: [INFO] Using internal autorouter method
13:32:50: [INFO] Routing pad 'SW1:2' at (59690000, 33020000) with pad 'D1:2' at (62230000, 40700000) using coordinate system rotated by 0 degree(s)
13:32:50: [INFO] Adding track segment (B.Cu): [(59690000, 33020000), (59690000, 38160000)]
13:32:50: [INFO] Adding track segment (B.Cu): [(59690000, 38160000), (62230000, 40700000)]
13:32:50: [INFO] Routing COL5 pads
13:32:50: [INFO] Routing pad 'SW20:1' at (167640000, 54610000) with pad 'SW6:1' at (162877500, 35560000) using coordinate system rotated by 0 degree(s)
13:32:50: [INFO] Adding track segment (F.Cu): [(167640000, 54610000), (162877500, 49847500)]
13:32:50: [INFO] Adding track segment (F.Cu): [(162877500, 49847500), (162877500, 35560000)]
13:32:50: [INFO] Routing pad 'SW33:1' at (177165000, 73660000) with pad 'SW20:1' at (167640000, 54610000) using coordinate system rotated by 0 degree(s)
13:32:50: [INFO] Adding track segment (F.Cu): [(177165000, 73660000), (167640000, 64135000)]
13:32:50: [INFO] Adding track segment (F.Cu): [(167640000, 64135000), (167640000, 54610000)]
13:32:50: [INFO] Routing pad 'SW45:1' at (155733750, 92710000) with pad 'SW33:1' at (177165000, 73660000) using coordinate system rotated by 0 degree(s)
13:32:50: [INFO] Adding track segment (F.Cu): [(155733750, 92710000), (174783750, 73660000)]
13:32:50: [INFO] Adding track segment (F.Cu): [(174783750, 73660000), (177165000, 73660000)]
13:32:50: [INFO] Routing COL12 pads
13:32:50: [INFO] Routing pad 'SW13:1' at (296227500, 35560000) with pad 'SW39:1' at (305752500, 73660000) using coordinate system rotated by 0 degree(s)
13:32:50: [INFO] Adding track segment (F.Cu): [(296227500, 35560000), (296227500, 64135000)]
13:32:50: [INFO] Adding track segment (F.Cu): [(296227500, 64135000), (305752500, 73660000)]
13:32:50: [INFO] Routing pad 'SW39:1' at (305752500, 73660000) with pad 'SW50:1' at (305752500, 92710000) using coordinate system rotated by 0 degree(s)
13:32:50: [INFO] Adding track segment (F.Cu): [(305752500, 73660000), (305752500, 92710000)]
13:32:50: [INFO] Routing COL10 pads
13:32:50: [INFO] Routing pad 'SW11:1' at (258127500, 35560000) with pad 'SW25:1' at (262890000, 54610000) using coordinate system rotated by 0 degree(s)
13:32:50: [INFO] Adding track segment (F.Cu): [(258127500, 35560000), (258127500, 49847500)]
13:32:50: [INFO] Adding track segment (F.Cu): [(258127500, 49847500), (262890000, 54610000)]
13:32:50: [INFO] Routing pad 'SW38:1' at (279558750, 73660000) with pad 'SW48:1' at (265271250, 92710000) using coordinate system rotated by 0 degree(s)
13:32:50: [INFO] Adding track segment (F.Cu): [(279558750, 73660000), (279558750, 78422500)]
13:32:50: [INFO] Adding track segment (F.Cu): [(279558750, 78422500), (265271250, 92710000)]
13:32:50: [INFO] Routing pad 'SW25:1' at (262890000, 54610000) with pad 'SW38:1' at (279558750, 73660000) using coordinate system rotated by 0 degree(s)
13:32:50: [INFO] Adding track segment (F.Cu): [(262890000, 54610000), (262890000, 56991250)]
13:32:50: [INFO] Adding track segment (F.Cu): [(262890000, 56991250), (279558750, 73660000)]
13:32:50: [INFO] Routing COL11 pads
13:32:50: [INFO] Routing pad 'SW12:1' at (277177500, 35560000) with pad 'SW26:1' at (281940000, 54610000) using coordinate system rotated by 0 degree(s)
13:32:50: [INFO] Adding track segment (F.Cu): [(277177500, 35560000), (277177500, 49847500)]
13:32:50: [INFO] Adding track segment (F.Cu): [(277177500, 49847500), (281940000, 54610000)]
13:32:50: [INFO] Routing pad 'SW26:1' at (281940000, 54610000) with pad 'SW49:1' at (286702500, 92710000) using coordinate system rotated by 0 degree(s)
13:32:50: [INFO] Routing COL2 pads
13:32:50: [INFO] Routing pad 'SW17:1' at (110490000, 54610000) with pad 'SW3:1' at (105727500, 35560000) using coordinate system rotated by 0 degree(s)
13:32:50: [INFO] Adding track segment (F.Cu): [(110490000, 54610000), (105727500, 49847500)]
13:32:50: [INFO] Adding track segment (F.Cu): [(105727500, 49847500), (105727500, 35560000)]
13:32:50: [INFO] Routing pad 'SW30:1' at (120015000, 73660000) with pad 'SW17:1' at (110490000, 54610000) using coordinate system rotated by 0 degree(s)
13:32:50: [INFO] Adding track segment (F.Cu): [(120015000, 73660000), (110490000, 64135000)]
13:32:50: [INFO] Adding track segment (F.Cu): [(110490000, 64135000), (110490000, 54610000)]
13:32:50: [INFO] Routing pad 'SW43:1' at (100965000, 92710000) with pad 'SW30:1' at (120015000, 73660000) using coordinate system rotated by 0 degree(s)
13:32:50: [INFO] Routing ROW2 pads
13:32:50: [INFO] Routing pad 'D28:1' at (62230000, 81600000) with pad 'D29:1' at (97948750, 81600000) using coordinate system rotated by 0 degree(s)
13:32:50: [INFO] Adding track segment (B.Cu): [(62230000, 81600000), (97948750, 81600000)]
13:32:50: [INFO] Routing pad 'D29:1' at (97948750, 81600000) with pad 'D30:1' at (128905000, 81600000) using coordinate system rotated by 0 degree(s)
13:32:50: [INFO] Adding track segment (B.Cu): [(97948750, 81600000), (128905000, 81600000)]
13:32:50: [INFO] Routing pad 'D30:1' at (128905000, 81600000) with pad 'D31:1' at (147955000, 81600000) using coordinate system rotated by 0 degree(s)
13:32:50: [INFO] Adding track segment (B.Cu): [(128905000, 81600000), (147955000, 81600000)]
13:32:50: [INFO] Routing pad 'D31:1' at (147955000, 81600000) with pad 'D32:1' at (167005000, 81600000) using coordinate system rotated by 0 degree(s)
13:32:50: [INFO] Adding track segment (B.Cu): [(147955000, 81600000), (167005000, 81600000)]
13:32:50: [INFO] Routing pad 'D32:1' at (167005000, 81600000) with pad 'D33:1' at (186055000, 81600000) using coordinate system rotated by 0 degree(s)
13:32:50: [INFO] Adding track segment (B.Cu): [(167005000, 81600000), (186055000, 81600000)]
13:32:50: [INFO] Routing pad 'D33:1' at (186055000, 81600000) with pad 'D34:1' at (205105000, 81600000) using coordinate system rotated by 0 degree(s)
13:32:50: [INFO] Adding track segment (B.Cu): [(186055000, 81600000), (205105000, 81600000)]
13:32:50: [INFO] Routing pad 'D34:1' at (205105000, 81600000) with pad 'D35:1' at (224155000, 81600000) using coordinate system rotated by 0 degree(s)
13:32:50: [INFO] Adding track segment (B.Cu): [(205105000, 81600000), (224155000, 81600000)]
13:32:50: [INFO] Routing pad 'D35:1' at (224155000, 81600000) with pad 'D36:1' at (243205000, 81600000) using coordinate system rotated by 0 degree(s)
13:32:50: [INFO] Adding track segment (B.Cu): [(224155000, 81600000), (243205000, 81600000)]
13:32:50: [INFO] Routing pad 'D36:1' at (243205000, 81600000) with pad 'D37:1' at (262255000, 81600000) using coordinate system rotated by 0 degree(s)
13:32:50: [INFO] Adding track segment (B.Cu): [(243205000, 81600000), (262255000, 81600000)]
13:32:50: [INFO] Routing pad 'D37:1' at (262255000, 81600000) with pad 'D38:1' at (288448750, 81600000) using coordinate system rotated by 0 degree(s)
13:32:50: [INFO] Adding track segment (B.Cu): [(262255000, 81600000), (288448750, 81600000)]
13:32:50: [INFO] Routing pad 'D38:1' at (288448750, 81600000) with pad 'D39:1' at (314642500, 81600000) using coordinate system rotated by 0 degree(s)
13:32:50: [INFO] Adding track segment (B.Cu): [(288448750, 81600000), (314642500, 81600000)]
13:32:50: [INFO] Routing pad 'D39:1' at (314642500, 81600000) with pad 'D40:1' at (333692500, 81600000) using coordinate system rotated by 0 degree(s)
13:32:50: [INFO] Adding track segment (B.Cu): [(314642500, 81600000), (333692500, 81600000)]
13:32:50: [INFO] Routing COL9 pads
13:32:50: [INFO] Routing pad 'SW10:1' at (239077500, 35560000) with pad 'SW24:1' at (243840000, 54610000) using coordinate system rotated by 0 degree(s)
13:32:50: [INFO] Adding track segment (F.Cu): [(239077500, 35560000), (239077500, 49847500)]
13:32:50: [INFO] Adding track segment (F.Cu): [(239077500, 49847500), (243840000, 54610000)]
13:32:50: [INFO] Routing pad 'SW24:1' at (243840000, 54610000) with pad 'SW37:1' at (253365000, 73660000) using coordinate system rotated by 0 degree(s)
13:32:50: [INFO] Adding track segment (F.Cu): [(243840000, 54610000), (243840000, 64135000)]
13:32:50: [INFO] Adding track segment (F.Cu): [(243840000, 64135000), (253365000, 73660000)]
13:32:50: [INFO] Routing COL1 pads
13:32:50: [INFO] Routing pad 'SW16:1' at (84296250, 54610000) with pad 'SW2:1' at (81915000, 35560000) using coordinate system rotated by 0 degree(s)
13:32:50: [INFO] Adding track segment (F.Cu): [(84296250, 54610000), (81915000, 52228750)]
13:32:50: [INFO] Adding track segment (F.Cu): [(81915000, 52228750), (81915000, 35560000)]
13:32:50: [INFO] Routing pad 'SW29:1' at (89058750, 73660000) with pad 'SW16:1' at (84296250, 54610000) using coordinate system rotated by 0 degree(s)
13:32:50: [INFO] Adding track segment (F.Cu): [(89058750, 73660000), (84296250, 68897500)]
13:32:50: [INFO] Adding track segment (F.Cu): [(84296250, 68897500), (84296250, 54610000)]
13:32:50: [INFO] Routing pad 'SW42:1' at (79533750, 92710000) with pad 'SW29:1' at (89058750, 73660000) using coordinate system rotated by 0 degree(s)
13:32:50: [INFO] Adding track segment (F.Cu): [(79533750, 92710000), (89058750, 83185000)]
13:32:50: [INFO] Adding track segment (F.Cu): [(89058750, 83185000), (89058750, 73660000)]
13:32:50: [INFO] Routing ROW3 pads
13:32:50: [INFO] Routing pad 'D41:1' at (62230000, 100650000) with pad 'D42:1' at (88423750, 100650000) using coordinate system rotated by 0 degree(s)
13:32:50: [INFO] Adding track segment (B.Cu): [(62230000, 100650000), (88423750, 100650000)]
13:32:50: [INFO] Routing pad 'D42:1' at (88423750, 100650000) with pad 'D43:1' at (109855000, 100650000) using coordinate system rotated by 0 degree(s)
13:32:50: [INFO] Adding track segment (B.Cu): [(88423750, 100650000), (109855000, 100650000)]
13:32:50: [INFO] Routing pad 'D43:1' at (109855000, 100650000) with pad 'D44:1' at (131286250, 100650000) using coordinate system rotated by 0 degree(s)
13:32:50: [INFO] Adding track segment (B.Cu): [(109855000, 100650000), (131286250, 100650000)]
13:32:50: [INFO] Routing pad 'D44:1' at (131286250, 100650000) with pad 'D45:1' at (164623750, 100650000) using coordinate system rotated by 0 degree(s)
13:32:50: [INFO] Adding track segment (B.Cu): [(131286250, 100650000), (164623750, 100650000)]
13:32:50: [INFO] Routing pad 'D45:1' at (164623750, 100650000) with pad 'D46:1' at (202723750, 100650000) using coordinate system rotated by 0 degree(s)
13:32:50: [INFO] Adding track segment (B.Cu): [(164623750, 100650000), (202723750, 100650000)]
13:32:50: [INFO] Routing pad 'D46:1' at (202723750, 100650000) with pad 'D47:1' at (236061250, 100650000) using coordinate system rotated by 0 degree(s)
13:32:50: [INFO] Adding track segment (B.Cu): [(202723750, 100650000), (236061250, 100650000)]
13:32:50: [INFO] Routing pad 'D47:1' at (236061250, 100650000) with pad 'D48:1' at (274161250, 100650000) using coordinate system rotated by 0 degree(s)
13:32:50: [INFO] Adding track segment (B.Cu): [(236061250, 100650000), (274161250, 100650000)]
13:32:50: [INFO] Routing pad 'D48:1' at (274161250, 100650000) with pad 'D49:1' at (295592500, 100650000) using coordinate system rotated by 0 degree(s)
13:32:50: [INFO] Adding track segment (B.Cu): [(274161250, 100650000), (295592500, 100650000)]
13:32:50: [INFO] Routing pad 'D49:1' at (295592500, 100650000) with pad 'D50:1' at (314642500, 100650000) using coordinate system rotated by 0 degree(s)
13:32:50: [INFO] Adding track segment (B.Cu): [(295592500, 100650000), (314642500, 100650000)]
13:32:50: [INFO] Routing pad 'D50:1' at (314642500, 100650000) with pad 'D51:1' at (333692500, 100650000) using coordinate system rotated by 0 degree(s)
13:32:50: [INFO] Adding track segment (B.Cu): [(314642500, 100650000), (333692500, 100650000)]
13:32:50: [INFO] Routing COL13 pads
13:32:50: [INFO] Routing pad 'SW27:1' at (312896250, 54610000) with pad 'SW14:1' at (320040000, 35560000) using coordinate system rotated by 0 degree(s)
13:32:50: [INFO] Adding track segment (F.Cu): [(312896250, 54610000), (320040000, 47466250)]
13:32:50: [INFO] Adding track segment (F.Cu): [(320040000, 47466250), (320040000, 35560000)]
13:32:50: [INFO] Routing pad 'SW27:1' at (312896250, 54610000) with pad 'SW40:1' at (324802500, 73660000) using coordinate system rotated by 0 degree(s)
13:32:50: [INFO] Adding track segment (F.Cu): [(312896250, 54610000), (312896250, 61753750)]
13:32:50: [INFO] Adding track segment (F.Cu): [(312896250, 61753750), (324802500, 73660000)]
13:32:50: [INFO] Routing pad 'SW40:1' at (324802500, 73660000) with pad 'SW51:1' at (324802500, 92710000) using coordinate system rotated by 0 degree(s)
13:32:50: [INFO] Adding track segment (F.Cu): [(324802500, 73660000), (324802500, 92710000)]
13:32:50: [INFO] Routing COL6 pads
13:32:50: [INFO] Routing pad 'SW7:1' at (181927500, 35560000) with pad 'SW21:1' at (186690000, 54610000) using coordinate system rotated by 0 degree(s)
13:32:50: [INFO] Adding track segment (F.Cu): [(181927500, 35560000), (181927500, 49847500)]
13:32:50: [INFO] Adding track segment (F.Cu): [(181927500, 49847500), (186690000, 54610000)]
13:32:50: [INFO] Routing pad 'SW46:1' at (193833750, 92710000) with pad 'SW46a:1' at (189071250, 92710000) using coordinate system rotated by 0 degree(s)
13:32:50: [INFO] Adding track segment (F.Cu): [(193833750, 92710000), (189071250, 92710000)]
13:32:50: [INFO] Routing pad 'SW34:1' at (196215000, 73660000) with pad 'SW46:1' at (193833750, 92710000) using coordinate system rotated by 0 degree(s)
13:32:50: [INFO] Routing pad 'SW21:1' at (186690000, 54610000) with pad 'SW34:1' at (196215000, 73660000) using coordinate system rotated by 0 degree(s)
13:32:50: [INFO] Adding track segment (F.Cu): [(186690000, 54610000), (186690000, 64135000)]
13:32:50: [INFO] Adding track segment (F.Cu): [(186690000, 64135000), (196215000, 73660000)]
13:32:50: [INFO] Routing COL3 pads
13:32:50: [INFO] Routing pad 'SW18:1' at (129540000, 54610000) with pad 'SW4:1' at (124777500, 35560000) using coordinate system rotated by 0 degree(s)
13:32:50: [INFO] Adding track segment (F.Cu): [(129540000, 54610000), (124777500, 49847500)]
13:32:50: [INFO] Adding track segment (F.Cu): [(124777500, 49847500), (124777500, 35560000)]
13:32:50: [INFO] Routing pad 'SW31:1' at (139065000, 73660000) with pad 'SW18:1' at (129540000, 54610000) using coordinate system rotated by 0 degree(s)
13:32:51: [INFO] Adding track segment (F.Cu): [(139065000, 73660000), (129540000, 64135000)]
13:32:51: [INFO] Adding track segment (F.Cu): [(129540000, 64135000), (129540000, 54610000)]
13:32:51: [INFO] Routing pad 'SW44:1' at (122396250, 92710000) with pad 'SW31:1' at (139065000, 73660000) using coordinate system rotated by 0 degree(s)
13:32:51: [INFO] Routing ROW0 pads
13:32:51: [INFO] Routing pad 'D1:1' at (62230000, 43500000) with pad 'D2:1' at (90805000, 43500000) using coordinate system rotated by 0 degree(s)
13:32:51: [INFO] Adding track segment (B.Cu): [(62230000, 43500000), (90805000, 43500000)]
13:32:51: [INFO] Routing pad 'D2:1' at (90805000, 43500000) with pad 'D3:1' at (114617500, 43500000) using coordinate system rotated by 0 degree(s)
13:32:51: [INFO] Adding track segment (B.Cu): [(90805000, 43500000), (114617500, 43500000)]
13:32:51: [INFO] Routing pad 'D3:1' at (114617500, 43500000) with pad 'D4:1' at (133667500, 43500000) using coordinate system rotated by 0 degree(s)
13:32:51: [INFO] Adding track segment (B.Cu): [(114617500, 43500000), (133667500, 43500000)]
13:32:51: [INFO] Routing pad 'D4:1' at (133667500, 43500000) with pad 'D5:1' at (152717500, 43500000) using coordinate system rotated by 0 degree(s)
13:32:51: [INFO] Adding track segment (B.Cu): [(133667500, 43500000), (152717500, 43500000)]
13:32:51: [INFO] Routing pad 'D5:1' at (152717500, 43500000) with pad 'D6:1' at (171767500, 43500000) using coordinate system rotated by 0 degree(s)
13:32:51: [INFO] Adding track segment (B.Cu): [(152717500, 43500000), (171767500, 43500000)]
13:32:51: [INFO] Routing pad 'D6:1' at (171767500, 43500000) with pad 'D7:1' at (190817500, 43500000) using coordinate system rotated by 0 degree(s)
13:32:51: [INFO] Adding track segment (B.Cu): [(171767500, 43500000), (190817500, 43500000)]
13:32:51: [INFO] Routing pad 'D7:1' at (190817500, 43500000) with pad 'D8:1' at (209867500, 43500000) using coordinate system rotated by 0 degree(s)
13:32:51: [INFO] Adding track segment (B.Cu): [(190817500, 43500000), (209867500, 43500000)]
13:32:51: [INFO] Routing pad 'D8:1' at (209867500, 43500000) with pad 'D9:1' at (228917500, 43500000) using coordinate system rotated by 0 degree(s)
13:32:51: [INFO] Adding track segment (B.Cu): [(209867500, 43500000), (228917500, 43500000)]
13:32:51: [INFO] Routing pad 'D9:1' at (228917500, 43500000) with pad 'D10:1' at (247967500, 43500000) using coordinate system rotated by 0 degree(s)
13:32:51: [INFO] Adding track segment (B.Cu): [(228917500, 43500000), (247967500, 43500000)]
13:32:51: [INFO] Routing pad 'D10:1' at (247967500, 43500000) with pad 'D11:1' at (267017500, 43500000) using coordinate system rotated by 0 degree(s)
13:32:51: [INFO] Adding track segment (B.Cu): [(247967500, 43500000), (267017500, 43500000)]
13:32:51: [INFO] Routing pad 'D11:1' at (267017500, 43500000) with pad 'D12:1' at (286067500, 43500000) using coordinate system rotated by 0 degree(s)
13:32:51: [INFO] Adding track segment (B.Cu): [(267017500, 43500000), (286067500, 43500000)]
13:32:51: [INFO] Routing pad 'D12:1' at (286067500, 43500000) with pad 'D13:1' at (305117500, 43500000) using coordinate system rotated by 0 degree(s)
13:32:51: [INFO] Adding track segment (B.Cu): [(286067500, 43500000), (305117500, 43500000)]
13:32:51: [INFO] Routing pad 'D13:1' at (305117500, 43500000) with pad 'D14:1' at (328930000, 43500000) using coordinate system rotated by 0 degree(s)
13:32:51: [INFO] Adding track segment (B.Cu): [(305117500, 43500000), (328930000, 43500000)]
13:32:51: [INFO] Routing ROW1 pads
13:32:51: [INFO] Routing pad 'D15:1' at (62230000, 62550000) with pad 'D16:1' at (93186250, 62550000) using coordinate system rotated by 0 degree(s)
13:32:51: [INFO] Adding track segment (B.Cu): [(62230000, 62550000), (93186250, 62550000)]
13:32:51: [INFO] Routing pad 'D16:1' at (93186250, 62550000) with pad 'D17:1' at (119380000, 62550000) using coordinate system rotated by 0 degree(s)
13:32:51: [INFO] Adding track segment (B.Cu): [(93186250, 62550000), (119380000, 62550000)]
13:32:51: [INFO] Routing pad 'D17:1' at (119380000, 62550000) with pad 'D18:1' at (138430000, 62550000) using coordinate system rotated by 0 degree(s)
13:32:51: [INFO] Adding track segment (B.Cu): [(119380000, 62550000), (138430000, 62550000)]
13:32:51: [INFO] Routing pad 'D18:1' at (138430000, 62550000) with pad 'D19:1' at (157480000, 62550000) using coordinate system rotated by 0 degree(s)
13:32:51: [INFO] Adding track segment (B.Cu): [(138430000, 62550000), (157480000, 62550000)]
13:32:51: [INFO] Routing pad 'D19:1' at (157480000, 62550000) with pad 'D20:1' at (176530000, 62550000) using coordinate system rotated by 0 degree(s)
13:32:51: [INFO] Adding track segment (B.Cu): [(157480000, 62550000), (176530000, 62550000)]
13:32:51: [INFO] Routing pad 'D20:1' at (176530000, 62550000) with pad 'D21:1' at (195580000, 62550000) using coordinate system rotated by 0 degree(s)
13:32:51: [INFO] Adding track segment (B.Cu): [(176530000, 62550000), (195580000, 62550000)]
13:32:51: [INFO] Routing pad 'D21:1' at (195580000, 62550000) with pad 'D22:1' at (214630000, 62550000) using coordinate system rotated by 0 degree(s)
13:32:51: [INFO] Adding track segment (B.Cu): [(195580000, 62550000), (214630000, 62550000)]
13:32:51: [INFO] Routing pad 'D22:1' at (214630000, 62550000) with pad 'D23:1' at (233680000, 62550000) using coordinate system rotated by 0 degree(s)
13:32:51: [INFO] Adding track segment (B.Cu): [(214630000, 62550000), (233680000, 62550000)]
13:32:51: [INFO] Routing pad 'D23:1' at (233680000, 62550000) with pad 'D24:1' at (252730000, 62550000) using coordinate system rotated by 0 degree(s)
13:32:51: [INFO] Adding track segment (B.Cu): [(233680000, 62550000), (252730000, 62550000)]
13:32:51: [INFO] Routing pad 'D24:1' at (252730000, 62550000) with pad 'D25:1' at (271780000, 62550000) using coordinate system rotated by 0 degree(s)
13:32:51: [INFO] Adding track segment (B.Cu): [(252730000, 62550000), (271780000, 62550000)]
13:32:51: [INFO] Routing pad 'D25:1' at (271780000, 62550000) with pad 'D26:1' at (290830000, 62550000) using coordinate system rotated by 0 degree(s)
13:32:51: [INFO] Adding track segment (B.Cu): [(271780000, 62550000), (290830000, 62550000)]
13:32:51: [INFO] Routing pad 'D26:1' at (290830000, 62550000) with pad 'D27:1' at (321786250, 62550000) using coordinate system rotated by 0 degree(s)
13:32:51: [INFO] Adding track segment (B.Cu): [(290830000, 62550000), (321786250, 62550000)]
13:32:51: [INFO] Routing COL8 pads
13:32:51: [INFO] Routing pad 'SW9:1' at (220027500, 35560000) with pad 'SW23:1' at (224790000, 54610000) using coordinate system rotated by 0 degree(s)
13:32:51: [INFO] Adding track segment (F.Cu): [(220027500, 35560000), (220027500, 49847500)]
13:32:51: [INFO] Adding track segment (F.Cu): [(220027500, 49847500), (224790000, 54610000)]
13:32:51: [INFO] Routing pad 'SW23:1' at (224790000, 54610000) with pad 'SW36:1' at (234315000, 73660000) using coordinate system rotated by 0 degree(s)
13:32:51: [INFO] Adding track segment (F.Cu): [(224790000, 54610000), (224790000, 64135000)]
13:32:51: [INFO] Adding track segment (F.Cu): [(224790000, 64135000), (234315000, 73660000)]
13:32:51: [INFO] Routing COL7 pads
13:32:51: [INFO] Routing pad 'SW8:1' at (200977500, 35560000) with pad 'SW22:1' at (205740000, 54610000) using coordinate system rotated by 0 degree(s)
13:32:51: [INFO] Adding track segment (F.Cu): [(200977500, 35560000), (200977500, 49847500)]
13:32:51: [INFO] Adding track segment (F.Cu): [(200977500, 49847500), (205740000, 54610000)]
13:32:51: [INFO] Routing pad 'SW22:1' at (205740000, 54610000) with pad 'SW35:1' at (215265000, 73660000) using coordinate system rotated by 0 degree(s)
13:32:51: [INFO] Adding track segment (F.Cu): [(205740000, 54610000), (205740000, 64135000)]
13:32:51: [INFO] Adding track segment (F.Cu): [(205740000, 64135000), (215265000, 73660000)]
13:32:51: [INFO] Routing pad 'SW35:1' at (215265000, 73660000) with pad 'SW47:1' at (227171250, 92710000) using coordinate system rotated by 0 degree(s)
13:32:51: [INFO] Adding track segment (F.Cu): [(215265000, 73660000), (215265000, 80803750)]
13:32:51: [INFO] Adding track segment (F.Cu): [(215265000, 80803750), (227171250, 92710000)]
13:32:51: [INFO] Routing COL4 pads
13:32:51: [INFO] Routing pad 'SW5:1' at (143827500, 35560000) with pad 'SW19:1' at (148590000, 54610000) using coordinate system rotated by 0 degree(s)
13:32:51: [INFO] Adding track segment (F.Cu): [(143827500, 35560000), (143827500, 49847500)]
13:32:51: [INFO] Adding track segment (F.Cu): [(143827500, 49847500), (148590000, 54610000)]
13:32:51: [INFO] Routing pad 'SW19:1' at (148590000, 54610000) with pad 'SW32:1' at (158115000, 73660000) using coordinate system rotated by 0 degree(s)
13:32:51: [INFO] Adding track segment (F.Cu): [(148590000, 54610000), (148590000, 64135000)]
13:32:51: [INFO] Adding track segment (F.Cu): [(148590000, 64135000), (158115000, 73660000)]
13:32:51: [INFO] Routing COL0 pads
13:32:51: [INFO] Routing pad 'SW1a:S1' at (64150000, 40600000) with pad 'SW15:1' at (53340000, 54610000) using coordinate system rotated by 0 degree(s)
13:32:51: [INFO] Adding track segment (F.Cu): [(64150000, 40600000), (64150000, 43800000)]
13:32:51: [INFO] Adding track segment (F.Cu): [(64150000, 43800000), (53340000, 54610000)]
13:32:51: [INFO] Routing pad 'SW15:1' at (53340000, 54610000) with pad 'SW28:1' at (53340000, 73660000) using coordinate system rotated by 0 degree(s)
13:32:51: [INFO] Adding track segment (F.Cu): [(53340000, 54610000), (53340000, 73660000)]
13:32:51: [INFO] Routing pad 'SW28:1' at (53340000, 73660000) with pad 'SW41:1' at (53340000, 92710000) using coordinate system rotated by 0 degree(s)
13:32:51: [INFO] Adding track segment (F.Cu): [(53340000, 73660000), (53340000, 92710000)]
13:32:51: [INFO] Routing pad 'SW1:1' at (53340000, 35560000) with pad 'SW1a:S1' at (64150000, 40600000) using coordinate system rotated by 0 degree(s)
13:32:51: [INFO] Removing dangling tracks
