=== kbplacer.kle_serial ===
=== layout2image.py ===
=== kbplacer ===
13:29:48: [INFO] User layout: https://editor.keyboard-tools.xyz/#share=NrDeCIA9wLgAgIwFYB0yA0dwGNZYMQCGxJ4AvpuAuggMwA6Adk0wAw3iXsIAsLzjbuAC66AFBgoeViiRJKAT2koelXPHD4A7Dt3ku6ViPGTo8Wii2K8AWhkBOeVnUFsb9-qztanOBDNwABwqSBReNABMxhL+eAiW1vB2KI5qeJokpGHgQpgQLpruHtnsUXlS8AgyPKEGdL756USZhL7gAO54ESU0fAJshg0ViCgAbD3IbdyjUzRa0abKtE7gSkky1M5NunrZ1EaiMcN0iXDJqVsa+EVunlQ0CAuxlbKn5ysFzZltnS+1WNRHuVPjdcHt0GU-McZKxwQhIeAIjQfOVfiN-vdeEMAvEIh8mi1WnCkG1ATNKID5odFvANis1mcNmkrjsdHckQcTM8RrQ3g5mQRCT84pYMUigVCQTd2RDsXh7ChltlxRLEZEhp9WfNKGiIig8crenKXpscASWjLJpRxeSsOKqVzjihWCtdfqMbyJY0rqC7rzIdzgoFsp7VZ6A2arkKdV1RSHkfwmBzjXAHPGrVhPbbwJ6HUccc7XSKMaovcc9XJsqWUVC0fES0bygXkFWaCTKKXs6W8zTEKhTQyZEWXloPQn+oxxW1PX1+FPqRAAE5xJFYAKoF1vLSvS6uaU9HizdvhbPsHvcnhjcE1+6HinoY-3GYL4aXwJi9A3pF3u0PtpI59HXXRV4xvXkfxzP9KF5QD8zwUYxhjeA9QNDsH0TRh9g1c1vlbUYMKwl9gM3LAGXeJD0VbHwiPgxDSKWfEfWlCjujQpACI4YEcNICjcQbfCJ0BJ5wGXJJ4UoAJghqN49UCAVCn3AxAlmexZiqNTHho+BghdcFtQBdBlPvVT73UrSgn1Q19LVIzfxM38zKAvBt1HeNrN5WzIPsyDHLg+AXOHOA9VctDlPMqpZHpWwHEYwULV42RWzM4QgA
13:29:48: [INFO] Labels prefixes: for rows: 'ROW', for columns: 'COL'
13:29:48: [INFO] Matrix size: 4x17
13:29:49: [WARNING] No stabilizer footprint for width 2.25u, using 2u as fallback
13:29:49: [WARNING] No stabilizer footprint for width 2.25u, using 2u as fallback
13:29:49: [WARNING] No stabilizer footprint for width 2.75u, using 2u as fallback
13:29:49: [WARNING] No stabilizer footprint for width 2.25u, using 2u as fallback
13:29:49: [WARNING] No stabilizer footprint for width 2.75u, using 2u as fallback
13:29:49: [INFO] Add COL0 net
13:29:49: [INFO] Add COL1 net
13:29:49: [INFO] Add COL10 net
13:29:49: [INFO] Add COL11 net
13:29:49: [INFO] Add COL12 net
13:29:49: [INFO] Add COL13 net
13:29:49: [INFO] Add COL14 net
13:29:49: [INFO] Add COL15 net
13:29:49: [INFO] Add COL16 net
13:29:49: [INFO] Add COL17 net
13:29:49: [INFO] Add COL2 net
13:29:49: [INFO] Add COL3 net
13:29:49: [INFO] Add COL4 net
13:29:49: [INFO] Add COL5 net
13:29:49: [INFO] Add COL6 net
13:29:49: [INFO] Add COL7 net
13:29:49: [INFO] Add COL8 net
13:29:49: [INFO] Add COL9 net
13:29:49: [INFO] Add Net-(D1-A) net
13:29:49: [INFO] Add Net-(D10-A) net
13:29:49: [INFO] Add Net-(D11-A) net
13:29:49: [INFO] Add Net-(D12-A) net
13:29:49: [INFO] Add Net-(D13-A) net
13:29:49: [INFO] Add Net-(D14-A) net
13:29:49: [INFO] Add Net-(D15-A) net
13:29:49: [INFO] Add Net-(D16-A) net
13:29:49: [INFO] Add Net-(D17-A) net
13:29:49: [INFO] Add Net-(D18-A) net
13:29:49: [INFO] Add Net-(D19-A) net
13:29:49: [INFO] Add Net-(D2-A) net
13:29:49: [INFO] Add Net-(D20-A) net
13:29:49: [INFO] Add Net-(D21-A) net
13:29:49: [INFO] Add Net-(D22-A) net
13:29:49: [INFO] Add Net-(D23-A) net
13:29:49: [INFO] Add Net-(D24-A) net
13:29:49: [INFO] Add Net-(D25-A) net
13:29:49: [INFO] Add Net-(D26-A) net
13:29:49: [INFO] Add Net-(D27-A) net
13:29:49: [INFO] Add Net-(D28-A) net
13:29:49: [INFO] Add Net-(D29-A) net
13:29:49: [INFO] Add Net-(D3-A) net
13:29:49: [INFO] Add Net-(D30-A) net
13:29:49: [INFO] Add Net-(D31-A) net
13:29:49: [INFO] Add Net-(D32-A) net
13:29:49: [INFO] Add Net-(D33-A) net
13:29:49: [INFO] Add Net-(D34-A) net
13:29:49: [INFO] Add Net-(D35-A) net
13:29:49: [INFO] Add Net-(D36-A) net
13:29:49: [INFO] Add Net-(D37-A) net
13:29:49: [INFO] Add Net-(D38-A) net
13:29:49: [INFO] Add Net-(D39-A) net
13:29:49: [INFO] Add Net-(D4-A) net
13:29:49: [INFO] Add Net-(D40-A) net
13:29:49: [INFO] Add Net-(D41-A) net
13:29:49: [INFO] Add Net-(D42-A) net
13:29:49: [INFO] Add Net-(D43-A) net
13:29:49: [INFO] Add Net-(D44-A) net
13:29:49: [INFO] Add Net-(D45-A) net
13:29:49: [INFO] Add Net-(D46-A) net
13:29:49: [INFO] Add Net-(D47-A) net
13:29:49: [INFO] Add Net-(D48-A) net
13:29:49: [INFO] Add Net-(D49-A) net
13:29:49: [INFO] Add Net-(D5-A) net
13:29:49: [INFO] Add Net-(D50-A) net
13:29:49: [INFO] Add Net-(D51-A) net
13:29:49: [INFO] Add Net-(D52-A) net
13:29:49: [INFO] Add Net-(D53-A) net
13:29:49: [INFO] Add Net-(D54-A) net
13:29:49: [INFO] Add Net-(D55-A) net
13:29:49: [INFO] Add Net-(D56-A) net
13:29:49: [INFO] Add Net-(D57-A) net
13:29:49: [INFO] Add Net-(D58-A) net
13:29:49: [INFO] Add Net-(D59-A) net
13:29:49: [INFO] Add Net-(D6-A) net
13:29:49: [INFO] Add Net-(D60-A) net
13:29:49: [INFO] Add Net-(D61-A) net
13:29:49: [INFO] Add Net-(D62-A) net
13:29:49: [INFO] Add Net-(D63-A) net
13:29:49: [INFO] Add Net-(D64-A) net
13:29:49: [INFO] Add Net-(D65-A) net
13:29:49: [INFO] Add Net-(D66-A) net
13:29:49: [INFO] Add Net-(D67-A) net
13:29:49: [INFO] Add Net-(D68-A) net
13:29:49: [INFO] Add Net-(D69-A) net
13:29:49: [INFO] Add Net-(D7-A) net
13:29:49: [INFO] Add Net-(D70-A) net
13:29:49: [INFO] Add Net-(D71-A) net
13:29:49: [INFO] Add Net-(D72-A) net
13:29:49: [INFO] Add Net-(D73-A) net
13:29:49: [INFO] Add Net-(D74-A) net
13:29:49: [INFO] Add Net-(D75-A) net
13:29:49: [INFO] Add Net-(D76-A) net
13:29:49: [INFO] Add Net-(D77-A) net
13:29:49: [INFO] Add Net-(D78-A) net
13:29:49: [INFO] Add Net-(D79-A) net
13:29:49: [INFO] Add Net-(D8-A) net
13:29:49: [INFO] Add Net-(D80-A) net
13:29:49: [INFO] Add Net-(D81-A) net
13:29:49: [INFO] Add Net-(D82-A) net
13:29:49: [INFO] Add Net-(D9-A) net
13:29:49: [INFO] Add ROW0 net
13:29:49: [INFO] Add ROW1 net
13:29:49: [INFO] Add ROW2 net
13:29:49: [INFO] Add ROW3 net
13:29:49: [INFO] Add ROW4 net
13:29:49: [INFO] Add SW1 footprint
13:29:49: [INFO] Add D1 footprint
13:29:49: [INFO] Add SW2 footprint
13:29:49: [INFO] Add D2 footprint
13:29:49: [INFO] Add SW3 footprint
13:29:49: [INFO] Add D3 footprint
13:29:49: [INFO] Add SW4 footprint
13:29:49: [INFO] Add D4 footprint
13:29:49: [INFO] Add SW5 footprint
13:29:49: [INFO] Add D5 footprint
13:29:49: [INFO] Add SW6 footprint
13:29:49: [INFO] Add D6 footprint
13:29:49: [INFO] Add SW7 footprint
13:29:49: [INFO] Add D7 footprint
13:29:49: [INFO] Add SW8 footprint
13:29:49: [INFO] Add D8 footprint
13:29:49: [INFO] Add SW9 footprint
13:29:49: [INFO] Add D9 footprint
13:29:49: [INFO] Add SW10 footprint
13:29:49: [INFO] Add D10 footprint
13:29:49: [INFO] Add SW11 footprint
13:29:50: [INFO] Add D11 footprint
13:29:50: [INFO] Add SW12 footprint
13:29:50: [INFO] Add D12 footprint
13:29:50: [INFO] Add SW13 footprint
13:29:50: [INFO] Add D13 footprint
13:29:50: [INFO] Add SW14 footprint
13:29:50: [INFO] Add D14 footprint
13:29:50: [INFO] Add SW15 footprint
13:29:50: [INFO] Add D15 footprint
13:29:50: [INFO] Add ST15 footprint
13:29:50: [INFO] Add SW15a footprint
13:29:50: [INFO] Add SW16 footprint
13:29:50: [INFO] Add D16 footprint
13:29:50: [INFO] Add SW17 footprint
13:29:50: [INFO] Add D17 footprint
13:29:50: [INFO] Add SW18 footprint
13:29:50: [INFO] Add D18 footprint
13:29:50: [INFO] Add SW19 footprint
13:29:50: [INFO] Add D19 footprint
13:29:50: [INFO] Add SW20 footprint
13:29:50: [INFO] Add D20 footprint
13:29:50: [INFO] Add SW21 footprint
13:29:50: [INFO] Add D21 footprint
13:29:50: [INFO] Add SW22 footprint
13:29:50: [INFO] Add D22 footprint
13:29:50: [INFO] Add SW23 footprint
13:29:50: [INFO] Add D23 footprint
13:29:50: [INFO] Add SW24 footprint
13:29:50: [INFO] Add D24 footprint
13:29:50: [INFO] Add SW25 footprint
13:29:50: [INFO] Add D25 footprint
13:29:50: [INFO] Add SW26 footprint
13:29:50: [INFO] Add D26 footprint
13:29:50: [INFO] Add SW27 footprint
13:29:51: [INFO] Add D27 footprint
13:29:51: [INFO] Add SW28 footprint
13:29:51: [INFO] Add D28 footprint
13:29:51: [INFO] Add SW29 footprint
13:29:51: [INFO] Add D29 footprint
13:29:51: [INFO] Add SW30 footprint
13:29:51: [INFO] Add D30 footprint
13:29:51: [INFO] Add SW31 footprint
13:29:51: [INFO] Add D31 footprint
13:29:51: [INFO] Add SW32 footprint
13:29:51: [INFO] Add D32 footprint
13:29:51: [INFO] Add SW33 footprint
13:29:51: [INFO] Add D33 footprint
13:29:51: [INFO] Add SW34 footprint
13:29:51: [INFO] Add D34 footprint
13:29:51: [INFO] Add SW35 footprint
13:29:51: [INFO] Add D35 footprint
13:29:51: [INFO] Add SW36 footprint
13:29:51: [INFO] Add D36 footprint
13:29:51: [INFO] Add SW37 footprint
13:29:51: [INFO] Add D37 footprint
13:29:51: [INFO] Add SW38 footprint
13:29:51: [INFO] Add D38 footprint
13:29:51: [INFO] Add SW39 footprint
13:29:51: [INFO] Add D39 footprint
13:29:51: [INFO] Add SW40 footprint
13:29:51: [INFO] Add D40 footprint
13:29:51: [INFO] Add SW41 footprint
13:29:51: [INFO] Add D41 footprint
13:29:51: [INFO] Add SW42 footprint
13:29:51: [INFO] Add D42 footprint
13:29:51: [INFO] Add SW43 footprint
13:29:51: [INFO] Add D43 footprint
13:29:52: [INFO] Add SW44 footprint
13:29:52: [INFO] Add D44 footprint
13:29:52: [INFO] Add SW45 footprint
13:29:52: [INFO] Add D45 footprint
13:29:52: [INFO] Add SW46 footprint
13:29:52: [INFO] Add D46 footprint
13:29:52: [INFO] Add SW47 footprint
13:29:52: [INFO] Add D47 footprint
13:29:52: [INFO] Add SW48 footprint
13:29:52: [INFO] Add D48 footprint
13:29:52: [INFO] Add SW49 footprint
13:29:52: [INFO] Add D49 footprint
13:29:52: [INFO] Add SW50 footprint
13:29:52: [INFO] Add D50 footprint
13:29:52: [INFO] Add SW51 footprint
13:29:52: [INFO] Add D51 footprint
13:29:52: [WARNING] No stabilizer footprint for width 2.25u, using 2u as fallback
13:29:52: [INFO] Add ST51 footprint
13:29:52: [INFO] Add SW52 footprint
13:29:52: [INFO] Add D52 footprint
13:29:52: [INFO] Add SW53 footprint
13:29:52: [INFO] Add D53 footprint
13:29:52: [INFO] Add SW54 footprint
13:29:52: [INFO] Add D54 footprint
13:29:52: [INFO] Add SW55 footprint
13:29:52: [INFO] Add D55 footprint
13:29:52: [WARNING] No stabilizer footprint for width 2.25u, using 2u as fallback
13:29:52: [INFO] Add ST55 footprint
13:29:52: [INFO] Add SW56 footprint
13:29:52: [INFO] Add D56 footprint
13:29:52: [INFO] Add SW57 footprint
13:29:52: [INFO] Add D57 footprint
13:29:52: [INFO] Add SW58 footprint
13:29:52: [INFO] Add D58 footprint
13:29:52: [INFO] Add SW59 footprint
13:29:52: [INFO] Add D59 footprint
13:29:52: [INFO] Add SW60 footprint
13:29:53: [INFO] Add D60 footprint
13:29:53: [INFO] Add SW61 footprint
13:29:53: [INFO] Add D61 footprint
13:29:53: [INFO] Add SW62 footprint
13:29:53: [INFO] Add D62 footprint
13:29:53: [INFO] Add SW63 footprint
13:29:53: [INFO] Add D63 footprint
13:29:53: [INFO] Add SW64 footprint
13:29:53: [INFO] Add D64 footprint
13:29:53: [INFO] Add SW65 footprint
13:29:53: [INFO] Add D65 footprint
13:29:53: [INFO] Add SW66 footprint
13:29:53: [INFO] Add D66 footprint
13:29:53: [INFO] Add SW67 footprint
13:29:53: [INFO] Add D67 footprint
13:29:53: [WARNING] No stabilizer footprint for width 2.75u, using 2u as fallback
13:29:53: [INFO] Add ST67 footprint
13:29:53: [INFO] Add SW67a footprint
13:29:53: [INFO] Add SW68 footprint
13:29:53: [INFO] Add D68 footprint
13:29:53: [INFO] Add SW69 footprint
13:29:53: [INFO] Add D69 footprint
13:29:53: [INFO] Add SW70 footprint
13:29:53: [INFO] Add D70 footprint
13:29:53: [INFO] Add SW71 footprint
13:29:53: [INFO] Add D71 footprint
13:29:53: [INFO] Add SW72 footprint
13:29:53: [INFO] Add D72 footprint
13:29:53: [INFO] Add SW73 footprint
13:29:53: [INFO] Add D73 footprint
13:29:53: [INFO] Add SW74 footprint
13:29:53: [INFO] Add D74 footprint
13:29:53: [WARNING] No stabilizer footprint for width 2.25u, using 2u as fallback
13:29:53: [INFO] Add ST74 footprint
13:29:53: [INFO] Add SW74a footprint
13:29:53: [INFO] Add ST74a footprint
13:29:53: [INFO] Add SW75 footprint
13:29:54: [INFO] Add D75 footprint
13:29:54: [INFO] Add SW75a footprint
13:29:54: [INFO] Add SW76 footprint
13:29:54: [INFO] Add D76 footprint
13:29:54: [WARNING] No stabilizer footprint for width 2.75u, using 2u as fallback
13:29:54: [INFO] Add ST76 footprint
13:29:54: [INFO] Add SW77 footprint
13:29:54: [INFO] Add D77 footprint
13:29:54: [INFO] Add SW78 footprint
13:29:54: [INFO] Add D78 footprint
13:29:54: [INFO] Add SW79 footprint
13:29:54: [INFO] Add D79 footprint
13:29:54: [INFO] Add SW80 footprint
13:29:54: [INFO] Add D80 footprint
13:29:54: [INFO] Add SW81 footprint
13:29:54: [INFO] Add D81 footprint
13:29:54: [INFO] Add SW82 footprint
13:29:54: [INFO] Add D82 footprint
13:29:54: [INFO] Detected layout convertible to matrix annotated keyboard
13:29:54: [INFO] Using key 1U distance: (19.05, 19.05) mm
13:29:54: [INFO] Layout offset: (37147500, 20955000)
13:29:54: [INFO] Diode info: [ElementInfo(annotation_format='D{}', position_option=<PositionOption.CUSTOM: 'Custom'>, position=ElementPosition(x=5.08, y=4.0, orientation=90.0, side=<Side.BACK: 'Back'>), template_path='', start_index=-1)]
13:29:54: [INFO] Placing additional elements for SW82
13:29:54: [INFO] Placing additional elements for SW81
13:29:54: [INFO] Placing additional elements for SW80
13:29:54: [INFO] Placing additional elements for SW79
13:29:54: [INFO] Placing additional elements for SW78
13:29:54: [INFO] Placing additional elements for SW77
13:29:54: [INFO] Placing additional elements for SW76
13:29:54: [INFO] Placing additional elements for SW75a
13:29:54: [INFO] Placing additional elements for SW75
13:29:54: [INFO] Placing additional elements for SW74a
13:29:54: [INFO] Placing additional elements for SW74
13:29:54: [INFO] Placing additional elements for SW73
13:29:54: [INFO] Placing additional elements for SW72
13:29:54: [INFO] Placing additional elements for SW71
13:29:54: [INFO] Placing additional elements for SW70
13:29:54: [INFO] Placing additional elements for SW69
13:29:54: [INFO] Placing additional elements for SW68
13:29:54: [INFO] Placing additional elements for SW67a
13:29:54: [INFO] Placing additional elements for SW67
13:29:54: [INFO] Placing additional elements for SW66
13:29:54: [INFO] Placing additional elements for SW65
13:29:54: [INFO] Placing additional elements for SW64
13:29:54: [INFO] Placing additional elements for SW63
13:29:54: [INFO] Placing additional elements for SW62
13:29:54: [INFO] Placing additional elements for SW61
13:29:54: [INFO] Placing additional elements for SW60
13:29:54: [INFO] Placing additional elements for SW59
13:29:54: [INFO] Placing additional elements for SW58
13:29:54: [INFO] Placing additional elements for SW57
13:29:54: [INFO] Placing additional elements for SW56
13:29:54: [INFO] Placing additional elements for SW55
13:29:54: [INFO] Placing additional elements for SW54
13:29:54: [INFO] Placing additional elements for SW53
13:29:54: [INFO] Placing additional elements for SW52
13:29:54: [INFO] Placing additional elements for SW51
13:29:54: [INFO] Placing additional elements for SW50
13:29:54: [INFO] Placing additional elements for SW49
13:29:54: [INFO] Placing additional elements for SW48
13:29:54: [INFO] Placing additional elements for SW47
13:29:54: [INFO] Placing additional elements for SW46
13:29:54: [INFO] Placing additional elements for SW45
13:29:54: [INFO] Placing additional elements for SW44
13:29:54: [INFO] Placing additional elements for SW43
13:29:54: [INFO] Placing additional elements for SW42
13:29:54: [INFO] Placing additional elements for SW41
13:29:54: [INFO] Placing additional elements for SW40
13:29:54: [INFO] Placing additional elements for SW39
13:29:54: [INFO] Placing additional elements for SW38
13:29:54: [INFO] Placing additional elements for SW37
13:29:54: [INFO] Placing additional elements for SW36
13:29:54: [INFO] Placing additional elements for SW35
13:29:54: [INFO] Placing additional elements for SW34
13:29:54: [INFO] Placing additional elements for SW33
13:29:54: [INFO] Placing additional elements for SW32
13:29:54: [INFO] Placing additional elements for SW31
13:29:54: [INFO] Placing additional elements for SW30
13:29:54: [INFO] Placing additional elements for SW29
13:29:54: [INFO] Placing additional elements for SW28
13:29:54: [INFO] Placing additional elements for SW27
13:29:54: [INFO] Placing additional elements for SW26
13:29:54: [INFO] Placing additional elements for SW25
13:29:54: [INFO] Placing additional elements for SW24
13:29:54: [INFO] Placing additional elements for SW23
13:29:54: [INFO] Placing additional elements for SW22
13:29:54: [INFO] Placing additional elements for SW21
13:29:54: [INFO] Placing additional elements for SW20
13:29:54: [INFO] Placing additional elements for SW19
13:29:54: [INFO] Placing additional elements for SW18
13:29:54: [INFO] Placing additional elements for SW17
13:29:54: [INFO] Placing additional elements for SW16
13:29:54: [INFO] Placing additional elements for SW15a
13:29:54: [INFO] Placing additional elements for SW15
13:29:54: [INFO] Placing additional elements for SW14
13:29:54: [INFO] Placing additional elements for SW13
13:29:54: [INFO] Placing additional elements for SW12
13:29:54: [INFO] Placing additional elements for SW11
13:29:54: [INFO] Placing additional elements for SW10
13:29:54: [INFO] Placing additional elements for SW9
13:29:54: [INFO] Placing additional elements for SW8
13:29:54: [INFO] Placing additional elements for SW7
13:29:54: [INFO] Placing additional elements for SW6
13:29:54: [INFO] Placing additional elements for SW5
13:29:54: [INFO] Placing additional elements for SW4
13:29:54: [INFO] Placing additional elements for SW3
13:29:54: [INFO] Placing additional elements for SW2
13:29:54: [INFO] Placing additional elements for SW1
13:29:54: [INFO] Routing SW82 with D82
13:29:54: [INFO] Using internal autorouter method
13:29:54: [INFO] Routing pad 'SW82:2' at (444500000, 130175000) with pad 'D82:2' at (447040000, 137855000) using coordinate system rotated by 0 degree(s)
13:29:54: [INFO] Adding track segment (B.Cu): [(444500000, 130175000), (444500000, 135315000)]
13:29:54: [INFO] Adding track segment (B.Cu): [(444500000, 135315000), (447040000, 137855000)]
13:29:54: [INFO] Routing SW81 with D81
13:29:54: [INFO] Using internal autorouter method
13:29:54: [INFO] Routing pad 'SW81:2' at (425450000, 130175000) with pad 'D81:2' at (427990000, 137855000) using coordinate system rotated by 0 degree(s)
13:29:54: [INFO] Adding track segment (B.Cu): [(425450000, 130175000), (425450000, 135315000)]
13:29:54: [INFO] Adding track segment (B.Cu): [(425450000, 135315000), (427990000, 137855000)]
13:29:54: [INFO] Routing SW80 with D80
13:29:54: [INFO] Using internal autorouter method
13:29:54: [INFO] Routing pad 'SW80:2' at (406400000, 130175000) with pad 'D80:2' at (408940000, 137855000) using coordinate system rotated by 0 degree(s)
13:29:54: [INFO] Adding track segment (B.Cu): [(406400000, 130175000), (406400000, 135315000)]
13:29:54: [INFO] Adding track segment (B.Cu): [(406400000, 135315000), (408940000, 137855000)]
13:29:54: [INFO] Routing SW79 with D79
13:29:54: [INFO] Using internal autorouter method
13:29:54: [INFO] Routing pad 'SW79:2' at (360680000, 130175000) with pad 'D79:2' at (363220000, 137855000) using coordinate system rotated by 0 degree(s)
13:29:54: [INFO] Adding track segment (B.Cu): [(360680000, 130175000), (360680000, 135315000)]
13:29:54: [INFO] Adding track segment (B.Cu): [(360680000, 135315000), (363220000, 137855000)]
13:29:54: [INFO] Routing SW78 with D78
13:29:54: [INFO] Using internal autorouter method
13:29:54: [INFO] Routing pad 'SW78:2' at (336867500, 130175000) with pad 'D78:2' at (339407500, 137855000) using coordinate system rotated by 0 degree(s)
13:29:54: [INFO] Adding track segment (B.Cu): [(336867500, 130175000), (336867500, 135315000)]
13:29:54: [INFO] Adding track segment (B.Cu): [(336867500, 135315000), (339407500, 137855000)]
13:29:54: [INFO] Routing SW77 with D77
13:29:54: [INFO] Using internal autorouter method
13:29:54: [INFO] Routing pad 'SW77:2' at (283396955, 131883411) with pad 'D77:2' at (287478211, 138867489) using coordinate system rotated by 348.0 degree(s)
13:29:54: [INFO] Adding track segment (B.Cu): [(283396955, 131883411), (284465620, 136911090)]
13:29:54: [INFO] Adding track segment (B.Cu): [(284465620, 136911090), (287478211, 138867489)]
13:29:54: [INFO] Routing SW76 with D76
13:29:54: [INFO] Using internal autorouter method
13:29:54: [INFO] Routing pad 'SW76:2' at (242670596, 139566286) with pad 'D76:2' at (246751852, 146550364) using coordinate system rotated by 348.0 degree(s)
13:29:54: [INFO] Adding track segment (B.Cu): [(242670596, 139566286), (243739261, 144593964)]
13:29:54: [INFO] Adding track segment (B.Cu): [(243739261, 144593964), (246751852, 146550364)]
13:29:54: [INFO] Routing SW75a with D75
13:29:54: [INFO] Using internal autorouter method
13:29:54: [INFO] Routing pad 'SW75a:2' at (192780589, 146220286) with pad 'D75:2' at (195997536, 154755644) using coordinate system rotated by 12.0 degree(s)
13:29:54: [INFO] Routing SW75 with D75
13:29:54: [INFO] Using internal autorouter method
13:29:54: [INFO] Routing pad 'SW75:2' at (195109803, 146715376) with pad 'D75:2' at (195997536, 154755644) using coordinate system rotated by 12.0 degree(s)
13:29:54: [INFO] Routing SW74a with D74
13:29:54: [INFO] Using internal autorouter method
13:29:54: [INFO] Routing pad 'SW74a:2' at (162500807, 139784120) with pad 'D74:2' at (165717754, 148319477) using coordinate system rotated by 12.0 degree(s)
13:29:54: [INFO] Routing SW74 with D74
13:29:54: [INFO] Using internal autorouter method
13:29:54: [INFO] Routing pad 'SW74:2' at (164830021, 140279209) with pad 'D74:2' at (165717754, 148319477) using coordinate system rotated by 12.0 degree(s)
13:29:54: [INFO] Routing SW73 with D73
13:29:54: [INFO] Using internal autorouter method
13:29:54: [INFO] Routing pad 'SW73:2' at (128762090, 133586513) with pad 'D73:2' at (129649823, 141626781) using coordinate system rotated by 12.0 degree(s)
13:29:54: [INFO] Adding track segment (B.Cu): [(128762090, 133586513), (127693423, 138614191)]
13:29:54: [INFO] Adding track segment (B.Cu): [(127693423, 138614191), (129649823, 141626781)]
13:29:54: [INFO] Routing SW72 with D72
13:29:54: [INFO] Using internal autorouter method
13:29:54: [INFO] Routing pad 'SW72:2' at (73977500, 130175000) with pad 'D72:2' at (76517500, 137855000) using coordinate system rotated by 0 degree(s)
13:29:54: [INFO] Adding track segment (B.Cu): [(73977500, 130175000), (73977500, 135315000)]
13:29:54: [INFO] Adding track segment (B.Cu): [(73977500, 135315000), (76517500, 137855000)]
13:29:54: [INFO] Routing SW71 with D71
13:29:54: [INFO] Using internal autorouter method
13:29:54: [INFO] Routing pad 'SW71:2' at (444500000, 111125000) with pad 'D71:2' at (447040000, 118805000) using coordinate system rotated by 0 degree(s)
13:29:54: [INFO] Adding track segment (B.Cu): [(444500000, 111125000), (444500000, 116265000)]
13:29:54: [INFO] Adding track segment (B.Cu): [(444500000, 116265000), (447040000, 118805000)]
13:29:54: [INFO] Routing SW70 with D70
13:29:54: [INFO] Using internal autorouter method
13:29:54: [INFO] Routing pad 'SW70:2' at (425450000, 111125000) with pad 'D70:2' at (427990000, 118805000) using coordinate system rotated by 0 degree(s)
13:29:54: [INFO] Adding track segment (B.Cu): [(425450000, 111125000), (425450000, 116265000)]
13:29:54: [INFO] Adding track segment (B.Cu): [(425450000, 116265000), (427990000, 118805000)]
13:29:54: [INFO] Routing SW69 with D69
13:29:54: [INFO] Using internal autorouter method
13:29:54: [INFO] Routing pad 'SW69:2' at (406400000, 111125000) with pad 'D69:2' at (408940000, 118805000) using coordinate system rotated by 0 degree(s)
13:29:54: [INFO] Adding track segment (B.Cu): [(406400000, 111125000), (406400000, 116265000)]
13:29:54: [INFO] Adding track segment (B.Cu): [(406400000, 116265000), (408940000, 118805000)]
13:29:54: [INFO] Routing SW68 with D68
13:29:54: [INFO] Using internal autorouter method
13:29:54: [INFO] Routing pad 'SW68:2' at (370205000, 111125000) with pad 'D68:2' at (372745000, 118805000) using coordinate system rotated by 0 degree(s)
13:29:54: [INFO] Adding track segment (B.Cu): [(370205000, 111125000), (370205000, 116265000)]
13:29:54: [INFO] Adding track segment (B.Cu): [(370205000, 116265000), (372745000, 118805000)]
13:29:54: [INFO] Routing SW67a with D67
13:29:54: [INFO] Using internal autorouter method
13:29:54: [INFO] Routing pad 'SW67a:2' at (344011250, 111125000) with pad 'D67:2' at (356076250, 118805000) using coordinate system rotated by 0 degree(s)
13:29:54: [INFO] Routing SW67 with D67
13:29:54: [INFO] Using internal autorouter method
13:29:54: [INFO] Routing pad 'SW67:2' at (353536250, 111125000) with pad 'D67:2' at (356076250, 118805000) using coordinate system rotated by 0 degree(s)
13:29:54: [INFO] Adding track segment (B.Cu): [(353536250, 111125000), (353536250, 116265000)]
13:29:54: [INFO] Adding track segment (B.Cu): [(353536250, 116265000), (356076250, 118805000)]
13:29:54: [INFO] Routing SW66 with D66
13:29:54: [INFO] Using internal autorouter method
13:29:54: [INFO] Routing pad 'SW66:2' at (317817500, 111125000) with pad 'D66:2' at (320357500, 118805000) using coordinate system rotated by 0 degree(s)
13:29:54: [INFO] Adding track segment (B.Cu): [(317817500, 111125000), (317817500, 116265000)]
13:29:54: [INFO] Adding track segment (B.Cu): [(317817500, 116265000), (320357500, 118805000)]
13:29:54: [INFO] Routing SW65 with D65
13:29:54: [INFO] Using internal autorouter method
13:29:54: [INFO] Routing pad 'SW65:2' at (298767500, 111125000) with pad 'D65:2' at (301307500, 118805000) using coordinate system rotated by 0 degree(s)
13:29:54: [INFO] Adding track segment (B.Cu): [(298767500, 111125000), (298767500, 116265000)]
13:29:54: [INFO] Adding track segment (B.Cu): [(298767500, 116265000), (301307500, 118805000)]
13:29:54: [INFO] Routing SW64 with D64
13:29:54: [INFO] Using internal autorouter method
13:29:54: [INFO] Routing pad 'SW64:2' at (278306516, 112516049) with pad 'D64:2' at (282387772, 119500127) using coordinate system rotated by 348.0 degree(s)
13:29:54: [INFO] Adding track segment (B.Cu): [(278306516, 112516049), (279375181, 117543727)]
13:29:54: [INFO] Adding track segment (B.Cu): [(279375181, 117543727), (282387772, 119500127)]
13:29:54: [INFO] Routing SW63 with D63
13:29:54: [INFO] Using internal autorouter method
13:29:54: [INFO] Routing pad 'SW63:2' at (259672804, 116476767) with pad 'D63:2' at (263754060, 123460845) using coordinate system rotated by 348.0 degree(s)
13:29:54: [INFO] Adding track segment (B.Cu): [(259672804, 116476767), (260741469, 121504445)]
13:29:54: [INFO] Adding track segment (B.Cu): [(260741469, 121504445), (263754060, 123460845)]
13:29:54: [INFO] Routing SW62 with D62
13:29:54: [INFO] Using internal autorouter method
13:29:54: [INFO] Routing pad 'SW62:2' at (241039093, 120437485) with pad 'D62:2' at (245120349, 127421563) using coordinate system rotated by 348.0 degree(s)
13:29:54: [INFO] Adding track segment (B.Cu): [(241039093, 120437485), (242107758, 125465164)]
13:29:54: [INFO] Adding track segment (B.Cu): [(242107758, 125465164), (245120349, 127421563)]
13:29:54: [INFO] Routing SW61 with D61
13:29:54: [INFO] Using internal autorouter method
13:29:54: [INFO] Routing pad 'SW61:2' at (222405381, 124398203) with pad 'D61:2' at (226486637, 131382281) using coordinate system rotated by 348.0 degree(s)
13:29:55: [INFO] Adding track segment (B.Cu): [(222405381, 124398203), (223474047, 129425882)]
13:29:55: [INFO] Adding track segment (B.Cu): [(223474047, 129425882), (226486637, 131382281)]
13:29:55: [INFO] Routing SW60 with D60
13:29:55: [INFO] Using internal autorouter method
13:29:55: [INFO] Routing pad 'SW60:2' at (188821979, 125903269) with pad 'D60:2' at (189709712, 133943537) using coordinate system rotated by 12.0 degree(s)
13:29:55: [INFO] Adding track segment (B.Cu): [(188821979, 125903269), (187753312, 130930947)]
13:29:55: [INFO] Adding track segment (B.Cu): [(187753312, 130930947), (189709712, 133943537)]
13:29:55: [INFO] Routing SW59 with D59
13:29:55: [INFO] Using internal autorouter method
13:29:55: [INFO] Routing pad 'SW59:2' at (170188267, 121942551) with pad 'D59:2' at (171076000, 129982819) using coordinate system rotated by 12.0 degree(s)
13:29:55: [INFO] Adding track segment (B.Cu): [(170188267, 121942551), (169119600, 126970229)]
13:29:55: [INFO] Adding track segment (B.Cu): [(169119600, 126970229), (171076000, 129982819)]
13:29:55: [INFO] Routing SW58 with D58
13:29:55: [INFO] Using internal autorouter method
13:29:55: [INFO] Routing pad 'SW58:2' at (151554555, 117981834) with pad 'D58:2' at (152442288, 126022102) using coordinate system rotated by 12.0 degree(s)
13:29:55: [INFO] Adding track segment (B.Cu): [(151554555, 117981834), (150485888, 123009510)]
13:29:55: [INFO] Adding track segment (B.Cu): [(150485888, 123009510), (152442288, 126022102)]
13:29:55: [INFO] Routing SW57 with D57
13:29:55: [INFO] Using internal autorouter method
13:29:55: [INFO] Routing pad 'SW57:2' at (132920844, 114021116) with pad 'D57:2' at (133808577, 122061384) using coordinate system rotated by 12.0 degree(s)
13:29:55: [INFO] Adding track segment (B.Cu): [(132920844, 114021116), (131852177, 119048792)]
13:29:55: [INFO] Adding track segment (B.Cu): [(131852177, 119048792), (133808577, 122061384)]
13:29:55: [INFO] Routing SW56 with D56
13:29:55: [INFO] Using internal autorouter method
13:29:55: [INFO] Routing pad 'SW56:2' at (112077500, 111125000) with pad 'D56:2' at (114617500, 118805000) using coordinate system rotated by 0 degree(s)
13:29:55: [INFO] Adding track segment (B.Cu): [(112077500, 111125000), (112077500, 116265000)]
13:29:55: [INFO] Adding track segment (B.Cu): [(112077500, 116265000), (114617500, 118805000)]
13:29:55: [INFO] Routing SW55 with D55
13:29:55: [INFO] Using internal autorouter method
13:29:55: [INFO] Routing pad 'SW55:2' at (81121250, 111125000) with pad 'D55:2' at (83661250, 118805000) using coordinate system rotated by 0 degree(s)
13:29:55: [INFO] Adding track segment (B.Cu): [(81121250, 111125000), (81121250, 116265000)]
13:29:55: [INFO] Adding track segment (B.Cu): [(81121250, 116265000), (83661250, 118805000)]
13:29:55: [INFO] Routing SW54 with D54
13:29:55: [INFO] Using internal autorouter method
13:29:55: [INFO] Routing pad 'SW54:2' at (444500000, 92075000) with pad 'D54:2' at (447040000, 99755000) using coordinate system rotated by 0 degree(s)
13:29:55: [INFO] Adding track segment (B.Cu): [(444500000, 92075000), (444500000, 97215000)]
13:29:55: [INFO] Adding track segment (B.Cu): [(444500000, 97215000), (447040000, 99755000)]
13:29:55: [INFO] Routing SW53 with D53
13:29:55: [INFO] Using internal autorouter method
13:29:55: [INFO] Routing pad 'SW53:2' at (425450000, 92075000) with pad 'D53:2' at (427990000, 99755000) using coordinate system rotated by 0 degree(s)
13:29:55: [INFO] Adding track segment (B.Cu): [(425450000, 92075000), (425450000, 97215000)]
13:29:55: [INFO] Adding track segment (B.Cu): [(425450000, 97215000), (427990000, 99755000)]
13:29:55: [INFO] Routing SW52 with D52
13:29:55: [INFO] Using internal autorouter method
13:29:55: [INFO] Routing pad 'SW52:2' at (406400000, 92075000) with pad 'D52:2' at (408940000, 99755000) using coordinate system rotated by 0 degree(s)
13:29:55: [INFO] Adding track segment (B.Cu): [(406400000, 92075000), (406400000, 97215000)]
13:29:55: [INFO] Adding track segment (B.Cu): [(406400000, 97215000), (408940000, 99755000)]
13:29:55: [INFO] Routing SW51 with D51
13:29:55: [INFO] Using internal autorouter method
13:29:55: [INFO] Routing pad 'SW51:2' at (354488750, 92075000) with pad 'D51:2' at (357028750, 99755000) using coordinate system rotated by 0 degree(s)
13:29:55: [INFO] Adding track segment (B.Cu): [(354488750, 92075000), (354488750, 97215000)]
13:29:55: [INFO] Adding track segment (B.Cu): [(354488750, 97215000), (357028750, 99755000)]
13:29:55: [INFO] Routing SW50 with D50
13:29:55: [INFO] Using internal autorouter method
13:29:55: [INFO] Routing pad 'SW50:2' at (334962500, 73025000) with pad 'D50:2' at (337502500, 80705000) using coordinate system rotated by 0 degree(s)
13:29:55: [INFO] Adding track segment (B.Cu): [(334962500, 73025000), (334962500, 78165000)]
13:29:55: [INFO] Adding track segment (B.Cu): [(334962500, 78165000), (337502500, 80705000)]
13:29:55: [INFO] Routing SW49 with D49
13:29:55: [INFO] Using internal autorouter method
13:29:55: [INFO] Routing pad 'SW49:2' at (323532500, 92075000) with pad 'D49:2' at (326072500, 99755000) using coordinate system rotated by 0 degree(s)
13:29:55: [INFO] Adding track segment (B.Cu): [(323532500, 92075000), (323532500, 97215000)]
13:29:55: [INFO] Adding track segment (B.Cu): [(323532500, 97215000), (326072500, 99755000)]
13:29:55: [INFO] Routing SW48 with D48
13:29:55: [INFO] Using internal autorouter method
13:29:55: [INFO] Routing pad 'SW48:2' at (304482500, 92075000) with pad 'D48:2' at (307022500, 99755000) using coordinate system rotated by 0 degree(s)
13:29:55: [INFO] Adding track segment (B.Cu): [(304482500, 92075000), (304482500, 97215000)]
13:29:55: [INFO] Adding track segment (B.Cu): [(304482500, 97215000), (307022500, 99755000)]
13:29:55: [INFO] Routing SW47 with D47
13:29:55: [INFO] Using internal autorouter method
13:29:55: [INFO] Routing pad 'SW47:2' at (282730969, 92100015) with pad 'D47:2' at (286812225, 99084093) using coordinate system rotated by 348.0 degree(s)
13:29:55: [INFO] Adding track segment (B.Cu): [(282730969, 92100015), (283799635, 97127694)]
13:29:55: [INFO] Adding track segment (B.Cu): [(283799635, 97127694), (286812225, 99084093)]
13:29:55: [INFO] Routing SW46 with D46
13:29:55: [INFO] Using internal autorouter method
13:29:55: [INFO] Routing pad 'SW46:2' at (264097257, 96060732) with pad 'D46:2' at (268178513, 103044810) using coordinate system rotated by 348.0 degree(s)
13:29:55: [INFO] Adding track segment (B.Cu): [(264097257, 96060732), (265165923, 101088410)]
13:29:55: [INFO] Adding track segment (B.Cu): [(265165923, 101088410), (268178513, 103044810)]
13:29:55: [INFO] Routing SW45 with D45
13:29:55: [INFO] Using internal autorouter method
13:29:55: [INFO] Routing pad 'SW45:2' at (245463545, 100021450) with pad 'D45:2' at (249544801, 107005528) using coordinate system rotated by 348.0 degree(s)
13:29:55: [INFO] Adding track segment (B.Cu): [(245463545, 100021450), (246532210, 105049127)]
13:29:55: [INFO] Adding track segment (B.Cu): [(246532210, 105049127), (249544801, 107005528)]
13:29:55: [INFO] Routing SW44 with D44
13:29:55: [INFO] Using internal autorouter method
13:29:55: [INFO] Routing pad 'SW44:2' at (226829833, 103982168) with pad 'D44:2' at (230911089, 110966246) using coordinate system rotated by 348.0 degree(s)
13:29:55: [INFO] Adding track segment (B.Cu): [(226829833, 103982168), (227898498, 109009847)]
13:29:55: [INFO] Adding track segment (B.Cu): [(227898498, 109009847), (230911089, 110966246)]
13:29:55: [INFO] Routing SW43 with D43
13:29:55: [INFO] Using internal autorouter method
13:29:55: [INFO] Routing pad 'SW43:2' at (184397526, 105487234) with pad 'D43:2' at (185285259, 113527502) using coordinate system rotated by 12.0 degree(s)
13:29:55: [INFO] Adding track segment (B.Cu): [(184397526, 105487234), (183328859, 110514911)]
13:29:55: [INFO] Adding track segment (B.Cu): [(183328859, 110514911), (185285259, 113527502)]
13:29:55: [INFO] Routing SW42 with D42
13:29:55: [INFO] Using internal autorouter method
13:29:55: [INFO] Routing pad 'SW42:2' at (165763815, 101526517) with pad 'D42:2' at (166651548, 109566785) using coordinate system rotated by 12.0 degree(s)
13:29:55: [INFO] Adding track segment (B.Cu): [(165763815, 101526517), (164695148, 106554193)]
13:29:55: [INFO] Adding track segment (B.Cu): [(164695148, 106554193), (166651548, 109566785)]
13:29:55: [INFO] Routing SW41 with D41
13:29:55: [INFO] Using internal autorouter method
13:29:55: [INFO] Routing pad 'SW41:2' at (147130103, 97565799) with pad 'D41:2' at (148017836, 105606067) using coordinate system rotated by 12.0 degree(s)
13:29:55: [INFO] Adding track segment (B.Cu): [(147130103, 97565799), (146061436, 102593475)]
13:29:55: [INFO] Adding track segment (B.Cu): [(146061436, 102593475), (148017836, 105606067)]
13:29:55: [INFO] Routing SW40 with D40
13:29:55: [INFO] Using internal autorouter method
13:29:55: [INFO] Routing pad 'SW40:2' at (128496391, 93605081) with pad 'D40:2' at (129384124, 101645349) using coordinate system rotated by 12.0 degree(s)
13:29:55: [INFO] Adding track segment (B.Cu): [(128496391, 93605081), (127427724, 98632759)]
13:29:55: [INFO] Adding track segment (B.Cu): [(127427724, 98632759), (129384124, 101645349)]
13:29:55: [INFO] Routing SW39 with D39
13:29:55: [INFO] Using internal autorouter method
13:29:55: [INFO] Routing pad 'SW39:2' at (107315000, 92075000) with pad 'D39:2' at (109855000, 99755000) using coordinate system rotated by 0 degree(s)
13:29:55: [INFO] Adding track segment (B.Cu): [(107315000, 92075000), (107315000, 97215000)]
13:29:55: [INFO] Adding track segment (B.Cu): [(107315000, 97215000), (109855000, 99755000)]
13:29:55: [INFO] Routing SW38 with D38
13:29:55: [INFO] Using internal autorouter method
13:29:55: [INFO] Routing pad 'SW38:2' at (81121250, 92075000) with pad 'D38:2' at (83661250, 99755000) using coordinate system rotated by 0 degree(s)
13:29:55: [INFO] Adding track segment (B.Cu): [(81121250, 92075000), (81121250, 97215000)]
13:29:55: [INFO] Adding track segment (B.Cu): [(81121250, 97215000), (83661250, 99755000)]
13:29:55: [INFO] Routing SW37 with D37
13:29:55: [INFO] Using internal autorouter method
13:29:55: [INFO] Routing pad 'SW37:2' at (52070000, 90170000) with pad 'D37:2' at (54610000, 97850000) using coordinate system rotated by 0 degree(s)
13:29:55: [INFO] Adding track segment (B.Cu): [(52070000, 90170000), (52070000, 95310000)]
13:29:55: [INFO] Adding track segment (B.Cu): [(52070000, 95310000), (54610000, 97850000)]
13:29:55: [INFO] Routing SW36 with D36
13:29:55: [INFO] Using internal autorouter method
13:29:55: [INFO] Routing pad 'SW36:2' at (444500000, 73025000) with pad 'D36:2' at (447040000, 80705000) using coordinate system rotated by 0 degree(s)
13:29:55: [INFO] Adding track segment (B.Cu): [(444500000, 73025000), (444500000, 78165000)]
13:29:55: [INFO] Adding track segment (B.Cu): [(444500000, 78165000), (447040000, 80705000)]
13:29:55: [INFO] Routing SW35 with D35
13:29:55: [INFO] Using internal autorouter method
13:29:55: [INFO] Routing pad 'SW35:2' at (425450000, 73025000) with pad 'D35:2' at (427990000, 80705000) using coordinate system rotated by 0 degree(s)
13:29:55: [INFO] Adding track segment (B.Cu): [(425450000, 73025000), (425450000, 78165000)]
13:29:55: [INFO] Adding track segment (B.Cu): [(425450000, 78165000), (427990000, 80705000)]
13:29:55: [INFO] Routing SW34 with D34
13:29:55: [INFO] Using internal autorouter method
13:29:55: [INFO] Routing pad 'SW34:2' at (406400000, 73025000) with pad 'D34:2' at (408940000, 80705000) using coordinate system rotated by 0 degree(s)
13:29:55: [INFO] Adding track segment (B.Cu): [(406400000, 73025000), (406400000, 78165000)]
13:29:55: [INFO] Adding track segment (B.Cu): [(406400000, 78165000), (408940000, 80705000)]
13:29:55: [INFO] Routing SW33 with D33
13:29:55: [INFO] Using internal autorouter method
13:29:55: [INFO] Routing pad 'SW33:2' at (358775000, 73025000) with pad 'D33:2' at (361315000, 80705000) using coordinate system rotated by 0 degree(s)
13:29:55: [INFO] Adding track segment (B.Cu): [(358775000, 73025000), (358775000, 78165000)]
13:29:55: [INFO] Adding track segment (B.Cu): [(358775000, 78165000), (361315000, 80705000)]
13:29:55: [INFO] Routing SW32 with D32
13:29:55: [INFO] Using internal autorouter method
13:29:55: [INFO] Routing pad 'SW32:2' at (337820000, 53975000) with pad 'D32:2' at (340360000, 61655000) using coordinate system rotated by 0 degree(s)
13:29:55: [INFO] Adding track segment (B.Cu): [(337820000, 53975000), (337820000, 59115000)]
13:29:55: [INFO] Adding track segment (B.Cu): [(337820000, 59115000), (340360000, 61655000)]
13:29:55: [INFO] Routing SW31 with D31
13:29:55: [INFO] Using internal autorouter method
13:29:55: [INFO] Routing pad 'SW31:2' at (315912500, 73025000) with pad 'D31:2' at (318452500, 80705000) using coordinate system rotated by 0 degree(s)
13:29:55: [INFO] Adding track segment (B.Cu): [(315912500, 73025000), (315912500, 78165000)]
13:29:55: [INFO] Adding track segment (B.Cu): [(315912500, 78165000), (318452500, 80705000)]
13:29:55: [INFO] Routing SW30 with D30
13:29:55: [INFO] Using internal autorouter method
13:29:55: [INFO] Routing pad 'SW30:2' at (296862500, 72072500) with pad 'D30:2' at (299402500, 79752500) using coordinate system rotated by 0 degree(s)
13:29:55: [INFO] Adding track segment (B.Cu): [(296862500, 72072500), (296862500, 77212500)]
13:29:55: [INFO] Adding track segment (B.Cu): [(296862500, 77212500), (299402500, 79752500)]
13:29:55: [INFO] Routing SW29 with D29
13:29:55: [INFO] Using internal autorouter method
13:29:55: [INFO] Routing pad 'SW29:2' at (275975194, 74060410) with pad 'D29:2' at (280056450, 81044488) using coordinate system rotated by 348.0 degree(s)
13:29:55: [INFO] Adding track segment (B.Cu): [(275975194, 74060410), (277043859, 79088088)]
13:29:55: [INFO] Adding track segment (B.Cu): [(277043859, 79088088), (280056450, 81044488)]
13:29:55: [INFO] Routing SW28 with D28
13:29:55: [INFO] Using internal autorouter method
13:29:55: [INFO] Routing pad 'SW28:2' at (257341483, 78021128) with pad 'D28:2' at (261422739, 85005206) using coordinate system rotated by 348.0 degree(s)
13:29:55: [INFO] Adding track segment (B.Cu): [(257341483, 78021128), (258410148, 83048806)]
13:29:55: [INFO] Adding track segment (B.Cu): [(258410148, 83048806), (261422739, 85005206)]
13:29:55: [INFO] Routing SW27 with D27
13:29:55: [INFO] Using internal autorouter method
13:29:55: [INFO] Routing pad 'SW27:2' at (238707771, 81981846) with pad 'D27:2' at (242789027, 88965924) using coordinate system rotated by 348.0 degree(s)
13:29:55: [INFO] Adding track segment (B.Cu): [(238707771, 81981846), (239776436, 87009525)]
13:29:55: [INFO] Adding track segment (B.Cu): [(239776436, 87009525), (242789027, 88965924)]
13:29:55: [INFO] Routing SW26 with D26
13:29:55: [INFO] Using internal autorouter method
13:29:55: [INFO] Routing pad 'SW26:2' at (220074059, 85942564) with pad 'D26:2' at (224155315, 92926642) using coordinate system rotated by 348.0 degree(s)
13:29:55: [INFO] Adding track segment (B.Cu): [(220074059, 85942564), (221142725, 90970243)]
13:29:55: [INFO] Adding track segment (B.Cu): [(221142725, 90970243), (224155315, 92926642)]
13:29:55: [INFO] Routing SW25 with D25
13:29:55: [INFO] Using internal autorouter method
13:29:55: [INFO] Routing pad 'SW25:2' at (183699816, 85863343) with pad 'D25:2' at (184587549, 93903611) using coordinate system rotated by 12.0 degree(s)
13:29:55: [INFO] Adding track segment (B.Cu): [(183699816, 85863343), (182631149, 90891021)]
13:29:55: [INFO] Adding track segment (B.Cu): [(182631149, 90891021), (184587549, 93903611)]
13:29:55: [INFO] Routing SW24 with D24
13:29:55: [INFO] Using internal autorouter method
13:29:55: [INFO] Routing pad 'SW24:2' at (165066104, 81902625) with pad 'D24:2' at (165953837, 89942893) using coordinate system rotated by 12.0 degree(s)
13:29:55: [INFO] Adding track segment (B.Cu): [(165066104, 81902625), (163997437, 86930302)]
13:29:55: [INFO] Adding track segment (B.Cu): [(163997437, 86930302), (165953837, 89942893)]
13:29:55: [INFO] Routing SW23 with D23
13:29:55: [INFO] Using internal autorouter method
13:29:55: [INFO] Routing pad 'SW23:2' at (146432393, 77941908) with pad 'D23:2' at (147320126, 85982176) using coordinate system rotated by 12.0 degree(s)
13:29:56: [INFO] Adding track segment (B.Cu): [(146432393, 77941908), (145363726, 82969584)]
13:29:56: [INFO] Adding track segment (B.Cu): [(145363726, 82969584), (147320126, 85982176)]
13:29:56: [INFO] Routing SW22 with D22
13:29:56: [INFO] Using internal autorouter method
13:29:56: [INFO] Routing pad 'SW22:2' at (127798681, 73981190) with pad 'D22:2' at (128686414, 82021458) using coordinate system rotated by 12.0 degree(s)
13:29:56: [INFO] Adding track segment (B.Cu): [(127798681, 73981190), (126730014, 79008866)]
13:29:56: [INFO] Adding track segment (B.Cu): [(126730014, 79008866), (128686414, 82021458)]
13:29:56: [INFO] Routing SW21 with D21
13:29:56: [INFO] Using internal autorouter method
13:29:56: [INFO] Routing pad 'SW21:2' at (106362500, 73025000) with pad 'D21:2' at (108902500, 80705000) using coordinate system rotated by 0 degree(s)
13:29:56: [INFO] Adding track segment (B.Cu): [(106362500, 73025000), (106362500, 78165000)]
13:29:56: [INFO] Adding track segment (B.Cu): [(106362500, 78165000), (108902500, 80705000)]
13:29:56: [INFO] Routing SW20 with D20
13:29:56: [INFO] Using internal autorouter method
13:29:56: [INFO] Routing pad 'SW20:2' at (82550000, 73025000) with pad 'D20:2' at (85090000, 80705000) using coordinate system rotated by 0 degree(s)
13:29:56: [INFO] Adding track segment (B.Cu): [(82550000, 73025000), (82550000, 78165000)]
13:29:56: [INFO] Adding track segment (B.Cu): [(82550000, 78165000), (85090000, 80705000)]
13:29:56: [INFO] Routing SW19 with D19
13:29:56: [INFO] Using internal autorouter method
13:29:56: [INFO] Routing pad 'SW19:2' at (55880000, 71120000) with pad 'D19:2' at (58420000, 78800000) using coordinate system rotated by 0 degree(s)
13:29:56: [INFO] Adding track segment (B.Cu): [(55880000, 71120000), (55880000, 76260000)]
13:29:56: [INFO] Adding track segment (B.Cu): [(55880000, 76260000), (58420000, 78800000)]
13:29:56: [INFO] Routing SW18 with D18
13:29:56: [INFO] Using internal autorouter method
13:29:56: [INFO] Routing pad 'SW18:2' at (444500000, 53975000) with pad 'D18:2' at (447040000, 61655000) using coordinate system rotated by 0 degree(s)
13:29:56: [INFO] Adding track segment (B.Cu): [(444500000, 53975000), (444500000, 59115000)]
13:29:56: [INFO] Adding track segment (B.Cu): [(444500000, 59115000), (447040000, 61655000)]
13:29:56: [INFO] Routing SW17 with D17
13:29:56: [INFO] Using internal autorouter method
13:29:56: [INFO] Routing pad 'SW17:2' at (425450000, 53975000) with pad 'D17:2' at (427990000, 61655000) using coordinate system rotated by 0 degree(s)
13:29:56: [INFO] Adding track segment (B.Cu): [(425450000, 53975000), (425450000, 59115000)]
13:29:56: [INFO] Adding track segment (B.Cu): [(425450000, 59115000), (427990000, 61655000)]
13:29:56: [INFO] Routing SW16 with D16
13:29:56: [INFO] Using internal autorouter method
13:29:56: [INFO] Routing pad 'SW16:2' at (406400000, 53975000) with pad 'D16:2' at (408940000, 61655000) using coordinate system rotated by 0 degree(s)
13:29:56: [INFO] Adding track segment (B.Cu): [(406400000, 53975000), (406400000, 59115000)]
13:29:56: [INFO] Adding track segment (B.Cu): [(406400000, 59115000), (408940000, 61655000)]
13:29:56: [INFO] Routing SW15a with D15
13:29:56: [INFO] Using internal autorouter method
13:29:56: [INFO] Routing pad 'SW15a:2' at (356870000, 53975000) with pad 'D15:2' at (349885000, 61655000) using coordinate system rotated by 0 degree(s)
13:29:56: [INFO] Routing SW15 with D15
13:29:56: [INFO] Using internal autorouter method
13:29:56: [INFO] Routing pad 'SW15:2' at (347345000, 53975000) with pad 'D15:2' at (349885000, 61655000) using coordinate system rotated by 0 degree(s)
13:29:56: [INFO] Adding track segment (B.Cu): [(347345000, 53975000), (347345000, 59115000)]
13:29:56: [INFO] Adding track segment (B.Cu): [(347345000, 59115000), (349885000, 61655000)]
13:29:56: [INFO] Routing SW14 with D14
13:29:56: [INFO] Using internal autorouter method
13:29:56: [INFO] Routing pad 'SW14:2' at (318770000, 53975000) with pad 'D14:2' at (321310000, 61655000) using coordinate system rotated by 0 degree(s)
13:29:56: [INFO] Adding track segment (B.Cu): [(318770000, 53975000), (318770000, 59115000)]
13:29:56: [INFO] Adding track segment (B.Cu): [(318770000, 59115000), (321310000, 61655000)]
13:29:56: [INFO] Routing SW13 with D13
13:29:56: [INFO] Using internal autorouter method
13:29:56: [INFO] Routing pad 'SW13:2' at (299720000, 53022500) with pad 'D13:2' at (302260000, 60702500) using coordinate system rotated by 0 degree(s)
13:29:56: [INFO] Adding track segment (B.Cu): [(299720000, 53022500), (299720000, 58162500)]
13:29:56: [INFO] Adding track segment (B.Cu): [(299720000, 58162500), (302260000, 60702500)]
13:29:56: [INFO] Routing SW12 with D12
13:29:56: [INFO] Using internal autorouter method
13:29:56: [INFO] Routing pad 'SW12:2' at (279467961, 53842412) with pad 'D12:2' at (283549217, 60826490) using coordinate system rotated by 348.0 degree(s)
13:29:56: [INFO] Adding track segment (B.Cu): [(279467961, 53842412), (280536626, 58870091)]
13:29:56: [INFO] Adding track segment (B.Cu): [(280536626, 58870091), (283549217, 60826490)]
13:29:56: [INFO] Routing SW11 with D11
13:29:56: [INFO] Using internal autorouter method
13:29:56: [INFO] Routing pad 'SW11:2' at (260834250, 57803129) with pad 'D11:2' at (264915506, 64787207) using coordinate system rotated by 348.0 degree(s)
13:29:56: [INFO] Adding track segment (B.Cu): [(260834250, 57803129), (261902915, 62830807)]
13:29:56: [INFO] Adding track segment (B.Cu): [(261902915, 62830807), (264915506, 64787207)]
13:29:56: [INFO] Routing SW10 with D10
13:29:56: [INFO] Using internal autorouter method
13:29:56: [INFO] Routing pad 'SW10:2' at (242200538, 61763847) with pad 'D10:2' at (246281794, 68747925) using coordinate system rotated by 348.0 degree(s)
13:29:56: [INFO] Adding track segment (B.Cu): [(242200538, 61763847), (243269203, 66791526)]
13:29:56: [INFO] Adding track segment (B.Cu): [(243269203, 66791526), (246281794, 68747925)]
13:29:56: [INFO] Routing SW9 with D9
13:29:56: [INFO] Using internal autorouter method
13:29:56: [INFO] Routing pad 'SW9:2' at (223566826, 65724565) with pad 'D9:2' at (227648082, 72708643) using coordinate system rotated by 348.0 degree(s)
13:29:56: [INFO] Adding track segment (B.Cu): [(223566826, 65724565), (224635492, 70752244)]
13:29:56: [INFO] Adding track segment (B.Cu): [(224635492, 70752244), (227648082, 72708643)]
13:29:56: [INFO] Routing SW8 with D8
13:29:56: [INFO] Using internal autorouter method
13:29:56: [INFO] Routing pad 'SW8:2' at (196045704, 69011954) with pad 'D8:2' at (196933437, 77052222) using coordinate system rotated by 12.0 degree(s)
13:29:56: [INFO] Adding track segment (B.Cu): [(196045704, 69011954), (194977037, 74039632)]
13:29:56: [INFO] Adding track segment (B.Cu): [(194977037, 74039632), (196933437, 77052222)]
13:29:56: [INFO] Routing SW7 with D7
13:29:56: [INFO] Using internal autorouter method
13:29:56: [INFO] Routing pad 'SW7:2' at (177411992, 65051237) with pad 'D7:2' at (178299725, 73091505) using coordinate system rotated by 12.0 degree(s)
13:29:56: [INFO] Adding track segment (B.Cu): [(177411992, 65051237), (176343325, 70078913)]
13:29:56: [INFO] Adding track segment (B.Cu): [(176343325, 70078913), (178299725, 73091505)]
13:29:56: [INFO] Routing SW6 with D6
13:29:56: [INFO] Using internal autorouter method
13:29:56: [INFO] Routing pad 'SW6:2' at (158778281, 61090519) with pad 'D6:2' at (159666014, 69130787) using coordinate system rotated by 12.0 degree(s)
13:29:56: [INFO] Adding track segment (B.Cu): [(158778281, 61090519), (157709614, 66118195)]
13:29:56: [INFO] Adding track segment (B.Cu): [(157709614, 66118195), (159666014, 69130787)]
13:29:56: [INFO] Routing SW5 with D5
13:29:56: [INFO] Using internal autorouter method
13:29:56: [INFO] Routing pad 'SW5:2' at (140144569, 57129801) with pad 'D5:2' at (141032302, 65170069) using coordinate system rotated by 12.0 degree(s)
13:29:56: [INFO] Adding track segment (B.Cu): [(140144569, 57129801), (139075902, 62157478)]
13:29:56: [INFO] Adding track segment (B.Cu): [(139075902, 62157478), (141032302, 65170069)]
13:29:56: [INFO] Routing SW4 with D4
13:29:56: [INFO] Using internal autorouter method
13:29:56: [INFO] Routing pad 'SW4:2' at (119697500, 53022500) with pad 'D4:2' at (122237500, 60702500) using coordinate system rotated by 0 degree(s)
13:29:56: [INFO] Adding track segment (B.Cu): [(119697500, 53022500), (119697500, 58162500)]
13:29:56: [INFO] Adding track segment (B.Cu): [(119697500, 58162500), (122237500, 60702500)]
13:29:56: [INFO] Routing SW3 with D3
13:29:56: [INFO] Using internal autorouter method
13:29:56: [INFO] Routing pad 'SW3:2' at (100647500, 53975000) with pad 'D3:2' at (103187500, 61655000) using coordinate system rotated by 0 degree(s)
13:29:56: [INFO] Adding track segment (B.Cu): [(100647500, 53975000), (100647500, 59115000)]
13:29:56: [INFO] Adding track segment (B.Cu): [(100647500, 59115000), (103187500, 61655000)]
13:29:56: [INFO] Routing SW2 with D2
13:29:56: [INFO] Using internal autorouter method
13:29:56: [INFO] Routing pad 'SW2:2' at (81597500, 53975000) with pad 'D2:2' at (84137500, 61655000) using coordinate system rotated by 0 degree(s)
13:29:56: [INFO] Adding track segment (B.Cu): [(81597500, 53975000), (81597500, 59115000)]
13:29:56: [INFO] Adding track segment (B.Cu): [(81597500, 59115000), (84137500, 61655000)]
13:29:56: [INFO] Routing SW1 with D1
13:29:56: [INFO] Using internal autorouter method
13:29:56: [INFO] Routing pad 'SW1:2' at (59690000, 52070000) with pad 'D1:2' at (62230000, 59750000) using coordinate system rotated by 0 degree(s)
13:29:56: [INFO] Adding track segment (B.Cu): [(59690000, 52070000), (59690000, 57210000)]
13:29:56: [INFO] Adding track segment (B.Cu): [(59690000, 57210000), (62230000, 59750000)]
13:29:56: [INFO] Routing COL1 pads
13:29:56: [INFO] Routing pad 'SW55:1' at (74771250, 113665000) with pad 'SW38:1' at (74771250, 94615000) using coordinate system rotated by 0 degree(s)
13:29:56: [INFO] Adding track segment (F.Cu): [(74771250, 113665000), (74771250, 94615000)]
13:29:56: [INFO] Routing pad 'SW72:1' at (67627500, 132715000) with pad 'SW55:1' at (74771250, 113665000) using coordinate system rotated by 0 degree(s)
13:29:56: [INFO] Adding track segment (F.Cu): [(67627500, 132715000), (74771250, 125571250)]
13:29:56: [INFO] Adding track segment (F.Cu): [(74771250, 125571250), (74771250, 113665000)]
13:29:56: [INFO] Routing pad 'SW20:1' at (76200000, 75565000) with pad 'SW2:1' at (75247500, 56515000) using coordinate system rotated by 0 degree(s)
13:29:56: [INFO] Adding track segment (F.Cu): [(76200000, 75565000), (76200000, 57467500)]
13:29:56: [INFO] Adding track segment (F.Cu): [(76200000, 57467500), (75247500, 56515000)]
13:29:56: [INFO] Routing pad 'SW38:1' at (74771250, 94615000) with pad 'SW20:1' at (76200000, 75565000) using coordinate system rotated by 0 degree(s)
13:29:56: [INFO] Adding track segment (F.Cu): [(74771250, 94615000), (76200000, 93186250)]
13:29:56: [INFO] Adding track segment (F.Cu): [(76200000, 93186250), (76200000, 75565000)]
13:29:56: [INFO] Routing ROW2 pads
13:29:56: [INFO] Routing pad 'D37:1' at (54610000, 100650000) with pad 'D38:1' at (83661250, 102555000) using coordinate system rotated by 0 degree(s)
13:29:56: [INFO] Adding track segment (B.Cu): [(54610000, 100650000), (81756250, 100650000)]
13:29:56: [INFO] Adding track segment (B.Cu): [(81756250, 100650000), (83661250, 102555000)]
13:29:56: [INFO] Routing pad 'D38:1' at (83661250, 102555000) with pad 'D39:1' at (109855000, 102555000) using coordinate system rotated by 0 degree(s)
13:29:56: [INFO] Adding track segment (B.Cu): [(83661250, 102555000), (109855000, 102555000)]
13:29:56: [WARNING] Could not route pads when parent footprints not rotated the same, footprint1: D39 at 90.0 degree(s) and footprint2: D40 at 78.0 degree(s)
13:29:56: [INFO] Routing pad 'D40:1' at (128801972, 104384163) with pad 'D41:1' at (147435684, 108344881) using coordinate system rotated by 282.0 degree(s)
13:29:56: [INFO] Adding track segment (B.Cu): [(128801972, 104384163), (147435682, 108344879)]
13:29:56: [INFO] Adding track segment (B.Cu): [(147435682, 108344879), (147435684, 108344881)]
13:29:56: [INFO] Routing pad 'D41:1' at (147435684, 108344881) with pad 'D42:1' at (166069396, 112305599) using coordinate system rotated by 282.0 degree(s)
13:29:56: [INFO] Adding track segment (B.Cu): [(147435684, 108344881), (166069395, 112305598)]
13:29:56: [INFO] Adding track segment (B.Cu): [(166069395, 112305598), (166069396, 112305599)]
13:29:56: [INFO] Routing pad 'D42:1' at (166069396, 112305599) with pad 'D43:1' at (184703107, 116266316) using coordinate system rotated by 282.0 degree(s)
13:29:56: [INFO] Adding track segment (B.Cu): [(166069396, 112305599), (184703105, 116266315)]
13:29:56: [INFO] Adding track segment (B.Cu): [(184703105, 116266315), (184703107, 116266316)]
13:29:56: [WARNING] Could not route pads when parent footprints not rotated the same, footprint1: D43 at 78.0 degree(s) and footprint2: D44 at 102.0 degree(s)
13:29:56: [INFO] Routing pad 'D44:1' at (231493241, 113705060) with pad 'D45:1' at (250126953, 109744342) using coordinate system rotated by 258.0 degree(s)
13:29:56: [INFO] Adding track segment (B.Cu): [(231493241, 113705060), (250126952, 109744341)]
13:29:56: [INFO] Adding track segment (B.Cu): [(250126952, 109744341), (250126953, 109744342)]
13:29:56: [INFO] Routing pad 'D45:1' at (250126953, 109744342) with pad 'D46:1' at (268760665, 105783624) using coordinate system rotated by 258.0 degree(s)
13:29:56: [INFO] Adding track segment (B.Cu): [(250126953, 109744342), (268760664, 105783623)]
13:29:56: [INFO] Adding track segment (B.Cu): [(268760664, 105783623), (268760665, 105783624)]
13:29:56: [INFO] Routing pad 'D46:1' at (268760665, 105783624) with pad 'D47:1' at (287394377, 101822907) using coordinate system rotated by 258.0 degree(s)
13:29:56: [INFO] Adding track segment (B.Cu): [(268760665, 105783624), (287394375, 101822906)]
13:29:56: [INFO] Adding track segment (B.Cu): [(287394375, 101822906), (287394377, 101822907)]
13:29:56: [WARNING] Could not route pads when parent footprints not rotated the same, footprint1: D47 at 102.0 degree(s) and footprint2: D48 at 90.0 degree(s)
13:29:56: [INFO] Routing pad 'D48:1' at (307022500, 102555000) with pad 'D49:1' at (326072500, 102555000) using coordinate system rotated by 0 degree(s)
13:29:56: [INFO] Adding track segment (B.Cu): [(307022500, 102555000), (326072500, 102555000)]
13:29:56: [INFO] Routing pad 'D49:1' at (326072500, 102555000) with pad 'D50:1' at (337502500, 83505000) using coordinate system rotated by 0 degree(s)
13:29:56: [INFO] Adding track segment (B.Cu): [(326072500, 102555000), (337502500, 91125000)]
13:29:56: [INFO] Adding track segment (B.Cu): [(337502500, 91125000), (337502500, 83505000)]
13:29:57: [INFO] Routing pad 'D50:1' at (337502500, 83505000) with pad 'D51:1' at (357028750, 102555000) using coordinate system rotated by 0 degree(s)
13:29:57: [INFO] Routing pad 'D51:1' at (357028750, 102555000) with pad 'D52:1' at (408940000, 102555000) using coordinate system rotated by 0 degree(s)
13:29:57: [INFO] Adding track segment (B.Cu): [(357028750, 102555000), (408940000, 102555000)]
13:29:57: [INFO] Routing pad 'D52:1' at (408940000, 102555000) with pad 'D53:1' at (427990000, 102555000) using coordinate system rotated by 0 degree(s)
13:29:57: [INFO] Adding track segment (B.Cu): [(408940000, 102555000), (427990000, 102555000)]
13:29:57: [INFO] Routing pad 'D53:1' at (427990000, 102555000) with pad 'D54:1' at (447040000, 102555000) using coordinate system rotated by 0 degree(s)
13:29:57: [INFO] Adding track segment (B.Cu): [(427990000, 102555000), (447040000, 102555000)]
13:29:57: [INFO] Routing COL3 pads
13:29:57: [WARNING] Could not route pads when parent footprints not rotated the same, footprint1: SW4 at 0.0 degree(s) and footprint2: SW22 at -12.0 degree(s)
13:29:57: [INFO] Routing pad 'SW22:1' at (121059348, 75145446) with pad 'SW40:1' at (121757058, 94769337) using coordinate system rotated by 12.0 degree(s)
13:29:57: [INFO] Adding track segment (F.Cu): [(121059348, 75145446), (118088809, 89120728)]
13:29:57: [INFO] Adding track segment (F.Cu): [(118088809, 89120728), (121757058, 94769337)]
13:29:57: [INFO] Routing pad 'SW57:1' at (126181511, 115185372) with pad 'SW73:1' at (122022757, 134750769) using coordinate system rotated by 12.0 degree(s)
13:29:57: [INFO] Adding track segment (F.Cu): [(126181511, 115185372), (122022756, 134750768)]
13:29:57: [INFO] Adding track segment (F.Cu): [(122022756, 134750768), (122022757, 134750769)]
13:29:57: [INFO] Routing pad 'SW40:1' at (121757058, 94769337) with pad 'SW57:1' at (126181511, 115185372) using coordinate system rotated by 12.0 degree(s)
13:29:57: [INFO] Adding track segment (F.Cu): [(121757058, 94769337), (119578663, 105017877)]
13:29:57: [INFO] Adding track segment (F.Cu): [(119578663, 105017877), (126181511, 115185372)]
13:29:57: [INFO] Routing COL4 pads
13:29:57: [INFO] Routing pad 'SW5:1' at (133405236, 58294057) with pad 'SW23:1' at (139693060, 79106164) using coordinate system rotated by 12.0 degree(s)
13:29:57: [INFO] Adding track segment (F.Cu): [(133405236, 58294057), (131622912, 66679227)]
13:29:57: [INFO] Adding track segment (F.Cu): [(131622912, 66679227), (139693060, 79106164)]
13:29:57: [INFO] Routing pad 'SW23:1' at (139693060, 79106164) with pad 'SW41:1' at (140390770, 98730055) using coordinate system rotated by 12.0 degree(s)
13:29:57: [INFO] Adding track segment (F.Cu): [(139693060, 79106164), (136722520, 93081447)]
13:29:57: [INFO] Adding track segment (F.Cu): [(136722520, 93081447), (140390770, 98730055)]
13:29:57: [INFO] Routing pad 'SW41:1' at (140390770, 98730055) with pad 'SW58:1' at (144815222, 119146090) using coordinate system rotated by 12.0 degree(s)
13:29:57: [INFO] Adding track segment (F.Cu): [(140390770, 98730055), (138212374, 108978597)]
13:29:57: [INFO] Adding track segment (F.Cu): [(138212374, 108978597), (144815222, 119146090)]
13:29:57: [INFO] Routing COL14 pads
13:29:57: [INFO] Routing pad 'SW33:1' at (352425000, 75565000) with pad 'SW51:1' at (348138750, 94615000) using coordinate system rotated by 0 degree(s)
13:29:57: [INFO] Adding track segment (F.Cu): [(352425000, 75565000), (352425000, 90328750)]
13:29:57: [INFO] Adding track segment (F.Cu): [(352425000, 90328750), (348138750, 94615000)]
13:29:57: [INFO] Routing pad 'SW15:1' at (340995000, 56515000) with pad 'SW15a:1' at (350520000, 56515000) using coordinate system rotated by 0 degree(s)
13:29:57: [INFO] Adding track segment (F.Cu): [(340995000, 56515000), (350520000, 56515000)]
13:29:57: [INFO] Routing pad 'SW15a:1' at (350520000, 56515000) with pad 'SW33:1' at (352425000, 75565000) using coordinate system rotated by 0 degree(s)
13:29:57: [INFO] Routing pad 'SW68:1' at (363855000, 113665000) with pad 'SW79:1' at (354330000, 132715000) using coordinate system rotated by 0 degree(s)
13:29:57: [INFO] Routing pad 'SW51:1' at (348138750, 94615000) with pad 'SW68:1' at (363855000, 113665000) using coordinate system rotated by 0 degree(s)
13:29:57: [INFO] Adding track segment (F.Cu): [(348138750, 94615000), (348138750, 97948750)]
13:29:57: [INFO] Adding track segment (F.Cu): [(348138750, 97948750), (363855000, 113665000)]
13:29:57: [INFO] Routing COL12 pads
13:29:57: [INFO] Routing pad 'SW13:1' at (293370000, 55562500) with pad 'SW31:1' at (309562500, 75565000) using coordinate system rotated by 0 degree(s)
13:29:57: [INFO] Adding track segment (F.Cu): [(293370000, 55562500), (293370000, 59372500)]
13:29:57: [INFO] Adding track segment (F.Cu): [(293370000, 59372500), (309562500, 75565000)]
13:29:57: [INFO] Routing pad 'SW49:1' at (317182500, 94615000) with pad 'SW66:1' at (311467500, 113665000) using coordinate system rotated by 0 degree(s)
13:29:57: [INFO] Adding track segment (F.Cu): [(317182500, 94615000), (317182500, 107950000)]
13:29:57: [INFO] Adding track segment (F.Cu): [(317182500, 107950000), (311467500, 113665000)]
13:29:57: [INFO] Routing pad 'SW31:1' at (309562500, 75565000) with pad 'SW49:1' at (317182500, 94615000) using coordinate system rotated by 0 degree(s)
13:29:57: [INFO] Adding track segment (F.Cu): [(309562500, 75565000), (309562500, 86995000)]
13:29:57: [INFO] Adding track segment (F.Cu): [(309562500, 86995000), (317182500, 94615000)]
13:29:57: [INFO] Routing COL17 pads
13:29:57: [INFO] Routing pad 'SW18:1' at (438150000, 56515000) with pad 'SW36:1' at (438150000, 75565000) using coordinate system rotated by 0 degree(s)
13:29:57: [INFO] Adding track segment (F.Cu): [(438150000, 56515000), (438150000, 75565000)]
13:29:57: [INFO] Routing pad 'SW36:1' at (438150000, 75565000) with pad 'SW54:1' at (438150000, 94615000) using coordinate system rotated by 0 degree(s)
13:29:57: [INFO] Adding track segment (F.Cu): [(438150000, 75565000), (438150000, 94615000)]
13:29:57: [INFO] Routing pad 'SW54:1' at (438150000, 94615000) with pad 'SW71:1' at (438150000, 113665000) using coordinate system rotated by 0 degree(s)
13:29:57: [INFO] Adding track segment (F.Cu): [(438150000, 94615000), (438150000, 113665000)]
13:29:57: [INFO] Routing pad 'SW71:1' at (438150000, 113665000) with pad 'SW82:1' at (438150000, 132715000) using coordinate system rotated by 0 degree(s)
13:29:57: [INFO] Adding track segment (F.Cu): [(438150000, 113665000), (438150000, 132715000)]
13:29:57: [INFO] Routing COL8 pads
13:29:57: [INFO] Routing pad 'SW9:1' at (217883684, 69529300) with pad 'SW27:1' at (233024629, 85786581) using coordinate system rotated by 348.0 degree(s)
13:29:57: [INFO] Adding track segment (F.Cu): [(217883684, 69529300), (219467970, 76982783)]
13:29:57: [INFO] Adding track segment (F.Cu): [(219467970, 76982783), (233024629, 85786581)]
13:29:57: [INFO] Routing pad 'SW45:1' at (239780403, 103826185) with pad 'SW62:1' at (235355951, 124242220) using coordinate system rotated by 348.0 degree(s)
13:29:57: [INFO] Adding track segment (F.Cu): [(239780403, 103826185), (241958797, 114074726)]
13:29:57: [INFO] Adding track segment (F.Cu): [(241958797, 114074726), (235355951, 124242220)]
13:29:57: [INFO] Routing pad 'SW62:1' at (235355951, 124242220) with pad 'SW76:1' at (236987454, 143371021) using coordinate system rotated by 348.0 degree(s)
13:29:57: [INFO] Adding track segment (F.Cu): [(235355951, 124242220), (238821578, 140546716)]
13:29:57: [INFO] Adding track segment (F.Cu): [(238821578, 140546716), (236987454, 143371021)]
13:29:57: [INFO] Routing pad 'SW27:1' at (233024629, 85786581) with pad 'SW45:1' at (239780403, 103826185) using coordinate system rotated by 348.0 degree(s)
13:29:57: [INFO] Adding track segment (F.Cu): [(233024629, 85786581), (236391238, 101625235)]
13:29:57: [INFO] Adding track segment (F.Cu): [(236391238, 101625235), (239780403, 103826185)]
13:29:57: [INFO] Routing COL10 pads
13:29:57: [INFO] Routing pad 'SW11:1' at (255151108, 61607864) with pad 'SW29:1' at (270292052, 77865145) using coordinate system rotated by 348.0 degree(s)
13:29:57: [INFO] Adding track segment (F.Cu): [(255151108, 61607864), (256735394, 69061348)]
13:29:57: [INFO] Adding track segment (F.Cu): [(256735394, 69061348), (270292052, 77865145)]
13:29:57: [INFO] Routing pad 'SW47:1' at (277047827, 95904750) with pad 'SW64:1' at (272623374, 116320784) using coordinate system rotated by 348.0 degree(s)
13:29:57: [INFO] Adding track segment (F.Cu): [(277047827, 95904750), (279226220, 106153290)]
13:29:57: [INFO] Adding track segment (F.Cu): [(279226220, 106153290), (272623374, 116320784)]
13:29:57: [INFO] Routing pad 'SW29:1' at (270292052, 77865145) with pad 'SW47:1' at (277047827, 95904750) using coordinate system rotated by 348.0 degree(s)
13:29:57: [INFO] Adding track segment (F.Cu): [(270292052, 77865145), (273658661, 93703800)]
13:29:57: [INFO] Adding track segment (F.Cu): [(273658661, 93703800), (277047827, 95904750)]
13:29:57: [INFO] Routing pad 'SW64:1' at (272623374, 116320784) with pad 'SW77:1' at (277713813, 135688146) using coordinate system rotated by 348.0 degree(s)
13:29:57: [INFO] Adding track segment (F.Cu): [(272623374, 116320784), (276584091, 134954495)]
13:29:57: [INFO] Adding track segment (F.Cu): [(276584091, 134954495), (277713813, 135688146)]
13:29:57: [INFO] Routing COL5 pads
13:29:57: [INFO] Routing pad 'SW74:1' at (158090688, 141443465) with pad 'SW74a:1' at (155761474, 140948376) using coordinate system rotated by 12.0 degree(s)
13:29:57: [INFO] Adding track segment (F.Cu): [(158090688, 141443465), (155761475, 140948374)]
13:29:57: [INFO] Adding track segment (F.Cu): [(155761475, 140948374), (155761474, 140948376)]
13:29:57: [INFO] Routing pad 'SW59:1' at (163448934, 123106807) with pad 'SW74:1' at (158090688, 141443465) using coordinate system rotated by 12.0 degree(s)
13:29:57: [INFO] Adding track segment (F.Cu): [(163448934, 123106807), (159785270, 140342989)]
13:29:57: [INFO] Adding track segment (F.Cu): [(159785270, 140342989), (158090688, 141443465)]
13:29:57: [INFO] Routing pad 'SW6:1' at (152038948, 62254775) with pad 'SW24:1' at (158326771, 83066881) using coordinate system rotated by 12.0 degree(s)
13:29:57: [INFO] Adding track segment (F.Cu): [(152038948, 62254775), (150256624, 70639945)]
13:29:57: [INFO] Adding track segment (F.Cu): [(150256624, 70639945), (158326771, 83066881)]
13:29:57: [INFO] Routing pad 'SW24:1' at (158326771, 83066881) with pad 'SW42:1' at (159024482, 102690773) using coordinate system rotated by 12.0 degree(s)
13:29:57: [INFO] Adding track segment (F.Cu): [(158326771, 83066881), (155356232, 97042163)]
13:29:57: [INFO] Adding track segment (F.Cu): [(155356232, 97042163), (159024482, 102690773)]
13:29:57: [INFO] Routing pad 'SW42:1' at (159024482, 102690773) with pad 'SW59:1' at (163448934, 123106807) using coordinate system rotated by 12.0 degree(s)
13:29:57: [INFO] Adding track segment (F.Cu): [(159024482, 102690773), (156846086, 112939313)]
13:29:57: [INFO] Adding track segment (F.Cu): [(156846086, 112939313), (163448934, 123106807)]
13:29:57: [INFO] Routing COL7 pads
13:29:57: [WARNING] Could not route pads when parent footprints not rotated the same, footprint1: SW8 at -12.0 degree(s) and footprint2: SW26 at 12.0 degree(s)
13:29:57: [INFO] Routing pad 'SW44:1' at (221146691, 107786903) with pad 'SW61:1' at (216722239, 128202938) using coordinate system rotated by 348.0 degree(s)
13:29:57: [INFO] Adding track segment (F.Cu): [(221146691, 107786903), (223325085, 118035445)]
13:29:57: [INFO] Adding track segment (F.Cu): [(223325085, 118035445), (216722239, 128202938)]
13:29:57: [INFO] Routing pad 'SW26:1' at (214390917, 89747299) with pad 'SW44:1' at (221146691, 107786903) using coordinate system rotated by 348.0 degree(s)
13:29:57: [INFO] Adding track segment (F.Cu): [(214390917, 89747299), (217757526, 105585954)]
13:29:57: [INFO] Adding track segment (F.Cu): [(217757526, 105585954), (221146691, 107786903)]
13:29:57: [INFO] Routing COL11 pads
13:29:57: [WARNING] Could not route pads when parent footprints not rotated the same, footprint1: SW12 at 12.0 degree(s) and footprint2: SW30 at 0.0 degree(s)
13:29:57: [INFO] Routing pad 'SW48:1' at (298132500, 94615000) with pad 'SW65:1' at (292417500, 113665000) using coordinate system rotated by 0 degree(s)
13:29:57: [INFO] Adding track segment (F.Cu): [(298132500, 94615000), (298132500, 107950000)]
13:29:57: [INFO] Adding track segment (F.Cu): [(298132500, 107950000), (292417500, 113665000)]
13:29:57: [INFO] Routing pad 'SW30:1' at (290512500, 74612500) with pad 'SW48:1' at (298132500, 94615000) using coordinate system rotated by 0 degree(s)
13:29:57: [INFO] Adding track segment (F.Cu): [(290512500, 74612500), (290512500, 86995000)]
13:29:57: [INFO] Adding track segment (F.Cu): [(290512500, 86995000), (298132500, 94615000)]
13:29:57: [INFO] Routing COL13 pads
13:29:57: [INFO] Routing pad 'SW32:1' at (331470000, 56515000) with pad 'SW50:1' at (328612500, 75565000) using coordinate system rotated by 0 degree(s)
13:29:57: [INFO] Routing pad 'SW67a:1' at (337661250, 113665000) with pad 'SW78:1' at (330517500, 132715000) using coordinate system rotated by 0 degree(s)
13:29:57: [INFO] Routing pad 'SW14:1' at (312420000, 56515000) with pad 'SW32:1' at (331470000, 56515000) using coordinate system rotated by 0 degree(s)
13:29:57: [INFO] Adding track segment (F.Cu): [(312420000, 56515000), (331470000, 56515000)]
13:29:57: [INFO] Routing pad 'SW50:1' at (328612500, 75565000) with pad 'SW67a:1' at (337661250, 113665000) using coordinate system rotated by 0 degree(s)
13:29:57: [INFO] Adding track segment (F.Cu): [(328612500, 75565000), (328612500, 104616250)]
13:29:57: [INFO] Adding track segment (F.Cu): [(328612500, 104616250), (337661250, 113665000)]
13:29:57: [INFO] Routing pad 'SW67a:1' at (337661250, 113665000) with pad 'SW67:1' at (347186250, 113665000) using coordinate system rotated by 0 degree(s)
13:29:57: [INFO] Adding track segment (F.Cu): [(337661250, 113665000), (347186250, 113665000)]
13:29:57: [INFO] Routing COL9 pads
13:29:57: [INFO] Routing pad 'SW10:1' at (236517396, 65568582) with pad 'SW28:1' at (251658341, 81825863) using coordinate system rotated by 348.0 degree(s)
13:29:57: [INFO] Adding track segment (F.Cu): [(236517396, 65568582), (238101682, 73022066)]
13:29:57: [INFO] Adding track segment (F.Cu): [(238101682, 73022066), (251658341, 81825863)]
13:29:57: [INFO] Routing pad 'SW46:1' at (258414115, 99865467) with pad 'SW63:1' at (253989662, 120281502) using coordinate system rotated by 348.0 degree(s)
13:29:57: [INFO] Adding track segment (F.Cu): [(258414115, 99865467), (260592509, 110114008)]
13:29:57: [INFO] Adding track segment (F.Cu): [(260592509, 110114008), (253989662, 120281502)]
13:29:57: [INFO] Routing pad 'SW28:1' at (251658341, 81825863) with pad 'SW46:1' at (258414115, 99865467) using coordinate system rotated by 348.0 degree(s)
13:29:57: [INFO] Adding track segment (F.Cu): [(251658341, 81825863), (255024949, 97664517)]
13:29:57: [INFO] Adding track segment (F.Cu): [(255024949, 97664517), (258414115, 99865467)]
13:29:58: [INFO] Routing COL6 pads
13:29:58: [INFO] Routing pad 'SW7:1' at (170672659, 66215493) with pad 'SW25:1' at (176960483, 87027599) using coordinate system rotated by 12.0 degree(s)
13:29:58: [INFO] Adding track segment (F.Cu): [(170672659, 66215493), (168890336, 74600661)]
13:29:58: [INFO] Adding track segment (F.Cu): [(168890336, 74600661), (176960483, 87027599)]
13:29:58: [INFO] Routing pad 'SW25:1' at (176960483, 87027599) with pad 'SW43:1' at (177658193, 106651490) using coordinate system rotated by 12.0 degree(s)
13:29:58: [INFO] Adding track segment (F.Cu): [(176960483, 87027599), (173989944, 101002882)]
13:29:58: [INFO] Adding track segment (F.Cu): [(173989944, 101002882), (177658193, 106651490)]
13:29:58: [INFO] Routing pad 'SW43:1' at (177658193, 106651490) with pad 'SW60:1' at (182082646, 127067525) using coordinate system rotated by 12.0 degree(s)
13:29:58: [INFO] Adding track segment (F.Cu): [(177658193, 106651490), (175479797, 116900029)]
13:29:58: [INFO] Adding track segment (F.Cu): [(175479797, 116900029), (182082646, 127067525)]
13:29:58: [INFO] Routing pad 'SW60:1' at (182082646, 127067525) with pad 'SW75a:1' at (186041256, 147384542) using coordinate system rotated by 12.0 degree(s)
13:29:58: [INFO] Adding track segment (F.Cu): [(182082646, 127067525), (179805233, 137781909)]
13:29:58: [INFO] Adding track segment (F.Cu): [(179805233, 137781909), (186041256, 147384542)]
13:29:58: [INFO] Routing pad 'SW75a:1' at (186041256, 147384542) with pad 'SW75:1' at (188370470, 147879632) using coordinate system rotated by 12.0 degree(s)
13:29:58: [INFO] Adding track segment (F.Cu): [(186041256, 147384542), (188370469, 147879631)]
13:29:58: [INFO] Adding track segment (F.Cu): [(188370469, 147879631), (188370470, 147879632)]
13:29:58: [INFO] Routing ROW3 pads
13:29:58: [INFO] Routing pad 'D55:1' at (83661250, 121605000) with pad 'D56:1' at (114617500, 121605000) using coordinate system rotated by 0 degree(s)
13:29:58: [INFO] Adding track segment (B.Cu): [(83661250, 121605000), (114617500, 121605000)]
13:29:58: [WARNING] Could not route pads when parent footprints not rotated the same, footprint1: D56 at 90.0 degree(s) and footprint2: D57 at 78.0 degree(s)
13:29:58: [INFO] Routing pad 'D57:1' at (133226425, 124800198) with pad 'D58:1' at (151860136, 128760916) using coordinate system rotated by 282.0 degree(s)
13:29:58: [INFO] Adding track segment (B.Cu): [(133226425, 124800198), (151860134, 128760914)]
13:29:58: [INFO] Adding track segment (B.Cu): [(151860134, 128760914), (151860136, 128760916)]
13:29:58: [INFO] Routing pad 'D58:1' at (151860136, 128760916) with pad 'D59:1' at (170493848, 132721633) using coordinate system rotated by 282.0 degree(s)
13:29:58: [INFO] Adding track segment (B.Cu): [(151860136, 128760916), (170493846, 132721633)]
13:29:58: [INFO] Adding track segment (B.Cu): [(170493846, 132721633), (170493848, 132721633)]
13:29:58: [INFO] Routing pad 'D59:1' at (170493848, 132721633) with pad 'D60:1' at (189127560, 136682351) using coordinate system rotated by 282.0 degree(s)
13:29:58: [INFO] Adding track segment (B.Cu): [(170493848, 132721633), (189127559, 136682349)]
13:29:58: [INFO] Adding track segment (B.Cu): [(189127559, 136682349), (189127560, 136682351)]
13:29:58: [WARNING] Could not route pads when parent footprints not rotated the same, footprint1: D60 at 78.0 degree(s) and footprint2: D61 at 102.0 degree(s)
13:29:58: [INFO] Routing pad 'D61:1' at (227068789, 134121095) with pad 'D62:1' at (245702501, 130160377) using coordinate system rotated by 258.0 degree(s)
13:29:58: [INFO] Adding track segment (B.Cu): [(227068789, 134121095), (245702499, 130160377)]
13:29:58: [INFO] Adding track segment (B.Cu): [(245702499, 130160377), (245702501, 130160377)]
13:29:58: [INFO] Routing pad 'D62:1' at (245702501, 130160377) with pad 'D63:1' at (264336212, 126199659) using coordinate system rotated by 258.0 degree(s)
13:29:58: [INFO] Adding track segment (B.Cu): [(245702501, 130160377), (264336211, 126199658)]
13:29:58: [INFO] Adding track segment (B.Cu): [(264336211, 126199658), (264336212, 126199659)]
13:29:58: [INFO] Routing pad 'D63:1' at (264336212, 126199659) with pad 'D64:1' at (282969924, 122238941) using coordinate system rotated by 258.0 degree(s)
13:29:58: [INFO] Adding track segment (B.Cu): [(264336212, 126199659), (282969923, 122238940)]
13:29:58: [INFO] Adding track segment (B.Cu): [(282969923, 122238940), (282969924, 122238941)]
13:29:58: [WARNING] Could not route pads when parent footprints not rotated the same, footprint1: D64 at 102.0 degree(s) and footprint2: D65 at 90.0 degree(s)
13:29:58: [INFO] Routing pad 'D65:1' at (301307500, 121605000) with pad 'D66:1' at (320357500, 121605000) using coordinate system rotated by 0 degree(s)
13:29:58: [INFO] Adding track segment (B.Cu): [(301307500, 121605000), (320357500, 121605000)]
13:29:58: [INFO] Routing pad 'D66:1' at (320357500, 121605000) with pad 'D67:1' at (356076250, 121605000) using coordinate system rotated by 0 degree(s)
13:29:58: [INFO] Adding track segment (B.Cu): [(320357500, 121605000), (356076250, 121605000)]
13:29:58: [INFO] Routing pad 'D67:1' at (356076250, 121605000) with pad 'D68:1' at (372745000, 121605000) using coordinate system rotated by 0 degree(s)
13:29:58: [INFO] Adding track segment (B.Cu): [(356076250, 121605000), (372745000, 121605000)]
13:29:58: [INFO] Routing pad 'D68:1' at (372745000, 121605000) with pad 'D69:1' at (408940000, 121605000) using coordinate system rotated by 0 degree(s)
13:29:58: [INFO] Adding track segment (B.Cu): [(372745000, 121605000), (408940000, 121605000)]
13:29:58: [INFO] Routing pad 'D69:1' at (408940000, 121605000) with pad 'D70:1' at (427990000, 121605000) using coordinate system rotated by 0 degree(s)
13:29:58: [INFO] Adding track segment (B.Cu): [(408940000, 121605000), (427990000, 121605000)]
13:29:58: [INFO] Routing pad 'D70:1' at (427990000, 121605000) with pad 'D71:1' at (447040000, 121605000) using coordinate system rotated by 0 degree(s)
13:29:58: [INFO] Adding track segment (B.Cu): [(427990000, 121605000), (447040000, 121605000)]
13:29:58: [INFO] Routing COL16 pads
13:29:58: [INFO] Routing pad 'SW17:1' at (419100000, 56515000) with pad 'SW35:1' at (419100000, 75565000) using coordinate system rotated by 0 degree(s)
13:29:58: [INFO] Adding track segment (F.Cu): [(419100000, 56515000), (419100000, 75565000)]
13:29:58: [INFO] Routing pad 'SW35:1' at (419100000, 75565000) with pad 'SW53:1' at (419100000, 94615000) using coordinate system rotated by 0 degree(s)
13:29:58: [INFO] Adding track segment (F.Cu): [(419100000, 75565000), (419100000, 94615000)]
13:29:58: [INFO] Routing pad 'SW53:1' at (419100000, 94615000) with pad 'SW70:1' at (419100000, 113665000) using coordinate system rotated by 0 degree(s)
13:29:58: [INFO] Adding track segment (F.Cu): [(419100000, 94615000), (419100000, 113665000)]
13:29:58: [INFO] Routing pad 'SW70:1' at (419100000, 113665000) with pad 'SW81:1' at (419100000, 132715000) using coordinate system rotated by 0 degree(s)
13:29:58: [INFO] Adding track segment (F.Cu): [(419100000, 113665000), (419100000, 132715000)]
13:29:58: [INFO] Routing ROW1 pads
13:29:58: [INFO] Routing pad 'D19:1' at (58420000, 81600000) with pad 'D20:1' at (85090000, 83505000) using coordinate system rotated by 0 degree(s)
13:29:58: [INFO] Adding track segment (B.Cu): [(58420000, 81600000), (83185000, 81600000)]
13:29:58: [INFO] Adding track segment (B.Cu): [(83185000, 81600000), (85090000, 83505000)]
13:29:58: [INFO] Routing pad 'D20:1' at (85090000, 83505000) with pad 'D21:1' at (108902500, 83505000) using coordinate system rotated by 0 degree(s)
13:29:58: [INFO] Adding track segment (B.Cu): [(85090000, 83505000), (108902500, 83505000)]
13:29:58: [WARNING] Could not route pads when parent footprints not rotated the same, footprint1: D21 at 90.0 degree(s) and footprint2: D22 at 78.0 degree(s)
13:29:58: [INFO] Routing pad 'D22:1' at (128104262, 84760272) with pad 'D23:1' at (146737974, 88720990) using coordinate system rotated by 282.0 degree(s)
13:29:58: [INFO] Adding track segment (B.Cu): [(128104262, 84760272), (146737973, 88720988)]
13:29:58: [INFO] Adding track segment (B.Cu): [(146737973, 88720988), (146737974, 88720990)]
13:29:58: [INFO] Routing pad 'D23:1' at (146737974, 88720990) with pad 'D24:1' at (165371685, 92681707) using coordinate system rotated by 282.0 degree(s)
13:29:58: [INFO] Adding track segment (B.Cu): [(146737974, 88720990), (165371683, 92681707)]
13:29:58: [INFO] Adding track segment (B.Cu): [(165371683, 92681707), (165371685, 92681707)]
13:29:58: [INFO] Routing pad 'D24:1' at (165371685, 92681707) with pad 'D25:1' at (184005397, 96642425) using coordinate system rotated by 282.0 degree(s)
13:29:58: [INFO] Adding track segment (B.Cu): [(165371685, 92681707), (184005396, 96642423)]
13:29:58: [INFO] Adding track segment (B.Cu): [(184005396, 96642423), (184005397, 96642425)]
13:29:58: [WARNING] Could not route pads when parent footprints not rotated the same, footprint1: D25 at 78.0 degree(s) and footprint2: D26 at 102.0 degree(s)
13:29:58: [INFO] Routing pad 'D26:1' at (224737467, 95665456) with pad 'D27:1' at (243371179, 91704738) using coordinate system rotated by 258.0 degree(s)
13:29:58: [INFO] Adding track segment (B.Cu): [(224737467, 95665456), (243371177, 91704738)]
13:29:58: [INFO] Adding track segment (B.Cu): [(243371177, 91704738), (243371179, 91704738)]
13:29:58: [INFO] Routing pad 'D27:1' at (243371179, 91704738) with pad 'D28:1' at (262004891, 87744020) using coordinate system rotated by 258.0 degree(s)
13:29:58: [INFO] Adding track segment (B.Cu): [(243371179, 91704738), (262004889, 87744019)]
13:29:58: [INFO] Adding track segment (B.Cu): [(262004889, 87744019), (262004891, 87744020)]
13:29:58: [INFO] Routing pad 'D28:1' at (262004891, 87744020) with pad 'D29:1' at (280638602, 83783302) using coordinate system rotated by 258.0 degree(s)
13:29:58: [INFO] Adding track segment (B.Cu): [(262004891, 87744020), (280638601, 83783301)]
13:29:58: [INFO] Adding track segment (B.Cu): [(280638601, 83783301), (280638602, 83783302)]
13:29:58: [WARNING] Could not route pads when parent footprints not rotated the same, footprint1: D29 at 102.0 degree(s) and footprint2: D30 at 90.0 degree(s)
13:29:58: [INFO] Routing pad 'D30:1' at (299402500, 82552500) with pad 'D31:1' at (318452500, 83505000) using coordinate system rotated by 0 degree(s)
13:29:58: [INFO] Adding track segment (B.Cu): [(299402500, 82552500), (317500000, 82552500)]
13:29:58: [INFO] Adding track segment (B.Cu): [(317500000, 82552500), (318452500, 83505000)]
13:29:58: [INFO] Routing pad 'D31:1' at (318452500, 83505000) with pad 'D32:1' at (340360000, 64455000) using coordinate system rotated by 0 degree(s)
13:29:58: [INFO] Routing pad 'D32:1' at (340360000, 64455000) with pad 'D33:1' at (361315000, 83505000) using coordinate system rotated by 0 degree(s)
13:29:58: [INFO] Routing pad 'D33:1' at (361315000, 83505000) with pad 'D34:1' at (408940000, 83505000) using coordinate system rotated by 0 degree(s)
13:29:58: [INFO] Adding track segment (B.Cu): [(361315000, 83505000), (408940000, 83505000)]
13:29:58: [INFO] Routing pad 'D34:1' at (408940000, 83505000) with pad 'D35:1' at (427990000, 83505000) using coordinate system rotated by 0 degree(s)
13:29:58: [INFO] Adding track segment (B.Cu): [(408940000, 83505000), (427990000, 83505000)]
13:29:58: [INFO] Routing pad 'D35:1' at (427990000, 83505000) with pad 'D36:1' at (447040000, 83505000) using coordinate system rotated by 0 degree(s)
13:29:58: [INFO] Adding track segment (B.Cu): [(427990000, 83505000), (447040000, 83505000)]
13:29:58: [INFO] Routing COL2 pads
13:29:58: [INFO] Routing pad 'SW3:1' at (94297500, 56515000) with pad 'SW21:1' at (100012500, 75565000) using coordinate system rotated by 0 degree(s)
13:29:58: [INFO] Adding track segment (F.Cu): [(94297500, 56515000), (94297500, 69850000)]
13:29:58: [INFO] Adding track segment (F.Cu): [(94297500, 69850000), (100012500, 75565000)]
13:29:58: [INFO] Routing pad 'SW21:1' at (100012500, 75565000) with pad 'SW39:1' at (100965000, 94615000) using coordinate system rotated by 0 degree(s)
13:29:58: [INFO] Adding track segment (F.Cu): [(100012500, 75565000), (100012500, 93662500)]
13:29:58: [INFO] Adding track segment (F.Cu): [(100012500, 93662500), (100965000, 94615000)]
13:29:58: [INFO] Routing pad 'SW39:1' at (100965000, 94615000) with pad 'SW56:1' at (105727500, 113665000) using coordinate system rotated by 0 degree(s)
13:29:58: [INFO] Adding track segment (F.Cu): [(100965000, 94615000), (100965000, 108902500)]
13:29:58: [INFO] Adding track segment (F.Cu): [(100965000, 108902500), (105727500, 113665000)]
13:29:58: [INFO] Routing COL15 pads
13:29:58: [INFO] Routing pad 'SW16:1' at (400050000, 56515000) with pad 'SW34:1' at (400050000, 75565000) using coordinate system rotated by 0 degree(s)
13:29:58: [INFO] Adding track segment (F.Cu): [(400050000, 56515000), (400050000, 75565000)]
13:29:58: [INFO] Routing pad 'SW34:1' at (400050000, 75565000) with pad 'SW52:1' at (400050000, 94615000) using coordinate system rotated by 0 degree(s)
13:29:58: [INFO] Adding track segment (F.Cu): [(400050000, 75565000), (400050000, 94615000)]
13:29:58: [INFO] Routing pad 'SW52:1' at (400050000, 94615000) with pad 'SW69:1' at (400050000, 113665000) using coordinate system rotated by 0 degree(s)
13:29:58: [INFO] Adding track segment (F.Cu): [(400050000, 94615000), (400050000, 113665000)]
13:29:58: [INFO] Routing pad 'SW69:1' at (400050000, 113665000) with pad 'SW80:1' at (400050000, 132715000) using coordinate system rotated by 0 degree(s)
13:29:58: [INFO] Adding track segment (F.Cu): [(400050000, 113665000), (400050000, 132715000)]
13:29:58: [INFO] Routing COL0 pads
13:29:58: [INFO] Routing pad 'SW37:1' at (45720000, 92710000) with pad 'SW19:1' at (49530000, 73660000) using coordinate system rotated by 0 degree(s)
13:29:58: [INFO] Adding track segment (F.Cu): [(45720000, 92710000), (49530000, 88900000)]
13:29:58: [INFO] Adding track segment (F.Cu): [(49530000, 88900000), (49530000, 73660000)]
13:29:58: [INFO] Routing pad 'SW19:1' at (49530000, 73660000) with pad 'SW1:1' at (53340000, 54610000) using coordinate system rotated by 0 degree(s)
13:29:58: [INFO] Adding track segment (F.Cu): [(49530000, 73660000), (53340000, 69850000)]
13:29:58: [INFO] Adding track segment (F.Cu): [(53340000, 69850000), (53340000, 54610000)]
13:29:58: [INFO] Routing ROW0 pads
13:29:58: [INFO] Routing pad 'D1:1' at (62230000, 62550000) with pad 'D2:1' at (84137500, 64455000) using coordinate system rotated by 0 degree(s)
13:29:58: [INFO] Adding track segment (B.Cu): [(62230000, 62550000), (82232500, 62550000)]
13:29:58: [INFO] Adding track segment (B.Cu): [(82232500, 62550000), (84137500, 64455000)]
13:29:58: [INFO] Routing pad 'D2:1' at (84137500, 64455000) with pad 'D3:1' at (103187500, 64455000) using coordinate system rotated by 0 degree(s)
13:29:58: [INFO] Adding track segment (B.Cu): [(84137500, 64455000), (103187500, 64455000)]
13:29:58: [INFO] Routing pad 'D3:1' at (103187500, 64455000) with pad 'D4:1' at (122237500, 63502500) using coordinate system rotated by 0 degree(s)
13:29:59: [INFO] Adding track segment (B.Cu): [(103187500, 64455000), (121285000, 64455000)]
13:29:59: [INFO] Adding track segment (B.Cu): [(121285000, 64455000), (122237500, 63502500)]
13:29:59: [WARNING] Could not route pads when parent footprints not rotated the same, footprint1: D4 at 90.0 degree(s) and footprint2: D5 at 78.0 degree(s)
13:29:59: [INFO] Routing pad 'D5:1' at (140450150, 67908883) with pad 'D6:1' at (159083862, 71869601) using coordinate system rotated by 282.0 degree(s)
13:29:59: [INFO] Adding track segment (B.Cu): [(140450150, 67908883), (159083861, 71869599)]
13:29:59: [INFO] Adding track segment (B.Cu): [(159083861, 71869599), (159083862, 71869601)]
13:29:59: [INFO] Routing pad 'D6:1' at (159083862, 71869601) with pad 'D7:1' at (177717573, 75830319) using coordinate system rotated by 282.0 degree(s)
13:29:59: [INFO] Adding track segment (B.Cu): [(159083862, 71869601), (177717572, 75830318)]
13:29:59: [INFO] Adding track segment (B.Cu): [(177717572, 75830318), (177717573, 75830319)]
13:29:59: [INFO] Routing pad 'D7:1' at (177717573, 75830319) with pad 'D8:1' at (196351285, 79791036) using coordinate system rotated by 282.0 degree(s)
13:29:59: [INFO] Adding track segment (B.Cu): [(177717573, 75830319), (196351283, 79791035)]
13:29:59: [INFO] Adding track segment (B.Cu): [(196351283, 79791035), (196351285, 79791036)]
13:29:59: [WARNING] Could not route pads when parent footprints not rotated the same, footprint1: D8 at 78.0 degree(s) and footprint2: D9 at 102.0 degree(s)
13:29:59: [INFO] Routing pad 'D9:1' at (228230234, 75447457) with pad 'D10:1' at (246863946, 71486739) using coordinate system rotated by 258.0 degree(s)
13:29:59: [INFO] Adding track segment (B.Cu): [(228230234, 75447457), (246863945, 71486738)]
13:29:59: [INFO] Adding track segment (B.Cu): [(246863945, 71486738), (246863946, 71486739)]
13:29:59: [INFO] Routing pad 'D10:1' at (246863946, 71486739) with pad 'D11:1' at (265497658, 67526021) using coordinate system rotated by 258.0 degree(s)
13:29:59: [INFO] Adding track segment (B.Cu): [(246863946, 71486739), (265497656, 67526020)]
13:29:59: [INFO] Adding track segment (B.Cu): [(265497656, 67526020), (265497658, 67526021)]
13:29:59: [INFO] Routing pad 'D11:1' at (265497658, 67526021) with pad 'D12:1' at (284131369, 63565304) using coordinate system rotated by 258.0 degree(s)
13:29:59: [INFO] Adding track segment (B.Cu): [(265497658, 67526021), (284131368, 63565303)]
13:29:59: [INFO] Adding track segment (B.Cu): [(284131368, 63565303), (284131369, 63565304)]
13:29:59: [WARNING] Could not route pads when parent footprints not rotated the same, footprint1: D12 at 102.0 degree(s) and footprint2: D13 at 90.0 degree(s)
13:29:59: [INFO] Routing pad 'D13:1' at (302260000, 63502500) with pad 'D14:1' at (321310000, 64455000) using coordinate system rotated by 0 degree(s)
13:29:59: [INFO] Adding track segment (B.Cu): [(302260000, 63502500), (320357500, 63502500)]
13:29:59: [INFO] Adding track segment (B.Cu): [(320357500, 63502500), (321310000, 64455000)]
13:29:59: [INFO] Routing pad 'D14:1' at (321310000, 64455000) with pad 'D15:1' at (349885000, 64455000) using coordinate system rotated by 0 degree(s)
13:29:59: [INFO] Adding track segment (B.Cu): [(321310000, 64455000), (349885000, 64455000)]
13:29:59: [INFO] Could not add track segment due to detected collision
13:29:59: [INFO] Routing pad 'D15:1' at (349885000, 64455000) with pad 'D16:1' at (408940000, 64455000) using coordinate system rotated by 0 degree(s)
13:29:59: [INFO] Adding track segment (B.Cu): [(349885000, 64455000), (408940000, 64455000)]
13:29:59: [INFO] Routing pad 'D16:1' at (408940000, 64455000) with pad 'D17:1' at (427990000, 64455000) using coordinate system rotated by 0 degree(s)
13:29:59: [INFO] Adding track segment (B.Cu): [(408940000, 64455000), (427990000, 64455000)]
13:29:59: [INFO] Routing pad 'D17:1' at (427990000, 64455000) with pad 'D18:1' at (447040000, 64455000) using coordinate system rotated by 0 degree(s)
13:29:59: [INFO] Adding track segment (B.Cu): [(427990000, 64455000), (447040000, 64455000)]
13:29:59: [INFO] Routing ROW4 pads
13:29:59: [WARNING] Could not route pads when parent footprints not rotated the same, footprint1: D72 at 90.0 degree(s) and footprint2: D73 at 78.0 degree(s)
13:29:59: [INFO] Routing pad 'D73:1' at (129067671, 144365595) with pad 'D74:1' at (165135602, 151058291) using coordinate system rotated by 282.0 degree(s)
13:29:59: [INFO] Adding track segment (B.Cu): [(129067671, 144365595), (130197391, 143631944)]
13:29:59: [INFO] Adding track segment (B.Cu): [(130197391, 143631944), (165135602, 151058291)]
13:29:59: [INFO] Routing pad 'D74:1' at (165135602, 151058291) with pad 'D75:1' at (195415384, 157494458) using coordinate system rotated by 282.0 degree(s)
13:29:59: [INFO] Adding track segment (B.Cu): [(165135602, 151058291), (195415383, 157494456)]
13:29:59: [INFO] Adding track segment (B.Cu): [(195415383, 157494456), (195415384, 157494458)]
13:29:59: [WARNING] Could not route pads when parent footprints not rotated the same, footprint1: D75 at 78.0 degree(s) and footprint2: D76 at 102.0 degree(s)
13:29:59: [INFO] Routing pad 'D76:1' at (247334004, 149289178) with pad 'D77:1' at (288060363, 141606303) using coordinate system rotated by 258.0 degree(s)
13:29:59: [INFO] Adding track segment (B.Cu): [(247334004, 149289178), (286930641, 140872652)]
13:29:59: [INFO] Adding track segment (B.Cu): [(286930641, 140872652), (288060363, 141606303)]
13:29:59: [WARNING] Could not route pads when parent footprints not rotated the same, footprint1: D77 at 102.0 degree(s) and footprint2: D78 at 90.0 degree(s)
13:29:59: [INFO] Routing pad 'D78:1' at (339407500, 140655000) with pad 'D79:1' at (363220000, 140655000) using coordinate system rotated by 0 degree(s)
13:29:59: [INFO] Adding track segment (B.Cu): [(339407500, 140655000), (363220000, 140655000)]
13:29:59: [INFO] Routing pad 'D79:1' at (363220000, 140655000) with pad 'D80:1' at (408940000, 140655000) using coordinate system rotated by 0 degree(s)
13:29:59: [INFO] Adding track segment (B.Cu): [(363220000, 140655000), (408940000, 140655000)]
13:29:59: [INFO] Routing pad 'D80:1' at (408940000, 140655000) with pad 'D81:1' at (427990000, 140655000) using coordinate system rotated by 0 degree(s)
13:29:59: [INFO] Adding track segment (B.Cu): [(408940000, 140655000), (427990000, 140655000)]
13:29:59: [INFO] Routing pad 'D81:1' at (427990000, 140655000) with pad 'D82:1' at (447040000, 140655000) using coordinate system rotated by 0 degree(s)
13:29:59: [INFO] Adding track segment (B.Cu): [(427990000, 140655000), (447040000, 140655000)]
13:29:59: [INFO] Removing dangling tracks
