=== kbplacer.kle_serial ===
=== layout2image.py ===
=== kbplacer ===
13:36:02: [INFO] User layout: https://editor.keyboard-tools.xyz/#share=NrDeCIA9wLgAgAwDoCsAaO4CetFIMwAcG4AxruAMQDstd4AviQIxoLgYTTwBMSP6TOXhVSY8YxII0PDnC65CSaiiaZ0sgLpoAUGCi5mywdlwBaZIWJCKlAIYPHkzNPacyt8RLXhpzOQrwzMgqPuj+7sKY9o4OcuAA7rg8YWjUADoAdllZrgEGQfyqJOgIOdmZfvHoGRW5aP7aeoF4AiQ48BZIzDwkUVR09D69bvIFcD1I0jYilF5izuAAbDLgTfrcE6jt5pbWHrOxcSRJhcWYrBFj-XPzi6yy7pvBRT4rV8ts+adb55-Ua10+g6cC6PT6tkGtEW+C+6xaRjamBBXSsEMOR3iPyMoRIvSuEBu83Iw1WT1wAE5jD5qGTMLSCQdolCASdkq8SLSAfDxqwZtEjnYseyBD5YYyiXcxXSWlTRSRiI9MMQJbZBcLeNSFWlyllWKMWsgTNitcq2LrMpd4sRauUrTznmyzj4ACwNfLPfDbTAmv4UuFAiAAJ0MvUwQc2LuMJCDIKMJhRRmmTNEUqkaHw8WkLqzaBQuaWgOa4y6f1YmZYaBzlfzlcLDt2HMwvQrzar8V6tbb9cD42Q8swsNb4Fh1cHefisJ7xee3sSIr+bq7hLVmNdaGnwMbaJ9hlQ68zPJDnXB4eebvDcaKJE2ZijCfMSfR0WJi3QhZKE8-Y-A6EPvdvP4Vg-TAVi7T4fxWf8Z3MKNcXpDd4lpcDaR-WloI2cwUCbcBiBA3CvzNH9iAwlozGwpF501eDwH9fMG06PgH06SxaX5Kh1SdX4fH9Q9NCAA
13:36:02: [INFO] Labels prefixes: for rows: 'ROW', for columns: 'COL'
13:36:02: [INFO] Matrix size: 9x7
13:36:03: [WARNING] No stabilizer footprint for width 2.25u, using 2u as fallback
13:36:03: [WARNING] No stabilizer footprint for width 2.25u, using 2u as fallback
13:36:03: [WARNING] No stabilizer footprint for width 2.25u, using 2u as fallback
13:36:03: [WARNING] No stabilizer footprint for width 2.75u, using 2u as fallback
13:36:03: [WARNING] No stabilizer footprint for width 2.75u, using 2u as fallback
13:36:03: [INFO] Add COL0 net
13:36:03: [INFO] Add COL1 net
13:36:03: [INFO] Add COL2 net
13:36:03: [INFO] Add COL3 net
13:36:03: [INFO] Add COL4 net
13:36:03: [INFO] Add COL5 net
13:36:03: [INFO] Add COL6 net
13:36:03: [INFO] Add COL7 net
13:36:03: [INFO] Add Net-(D1-A) net
13:36:03: [INFO] Add Net-(D10-A) net
13:36:03: [INFO] Add Net-(D11-A) net
13:36:03: [INFO] Add Net-(D12-A) net
13:36:03: [INFO] Add Net-(D13-A) net
13:36:03: [INFO] Add Net-(D14-A) net
13:36:03: [INFO] Add Net-(D15-A) net
13:36:03: [INFO] Add Net-(D16-A) net
13:36:03: [INFO] Add Net-(D17-A) net
13:36:03: [INFO] Add Net-(D18-A) net
13:36:03: [INFO] Add Net-(D19-A) net
13:36:03: [INFO] Add Net-(D2-A) net
13:36:03: [INFO] Add Net-(D20-A) net
13:36:03: [INFO] Add Net-(D21-A) net
13:36:03: [INFO] Add Net-(D22-A) net
13:36:03: [INFO] Add Net-(D23-A) net
13:36:03: [INFO] Add Net-(D24-A) net
13:36:03: [INFO] Add Net-(D25-A) net
13:36:03: [INFO] Add Net-(D26-A) net
13:36:03: [INFO] Add Net-(D27-A) net
13:36:03: [INFO] Add Net-(D28-A) net
13:36:03: [INFO] Add Net-(D29-A) net
13:36:03: [INFO] Add Net-(D3-A) net
13:36:03: [INFO] Add Net-(D30-A) net
13:36:03: [INFO] Add Net-(D31-A) net
13:36:03: [INFO] Add Net-(D32-A) net
13:36:03: [INFO] Add Net-(D33-A) net
13:36:03: [INFO] Add Net-(D34-A) net
13:36:03: [INFO] Add Net-(D35-A) net
13:36:03: [INFO] Add Net-(D36-A) net
13:36:03: [INFO] Add Net-(D37-A) net
13:36:03: [INFO] Add Net-(D38-A) net
13:36:03: [INFO] Add Net-(D39-A) net
13:36:03: [INFO] Add Net-(D4-A) net
13:36:03: [INFO] Add Net-(D40-A) net
13:36:03: [INFO] Add Net-(D41-A) net
13:36:03: [INFO] Add Net-(D42-A) net
13:36:03: [INFO] Add Net-(D43-A) net
13:36:03: [INFO] Add Net-(D44-A) net
13:36:03: [INFO] Add Net-(D45-A) net
13:36:03: [INFO] Add Net-(D46-A) net
13:36:03: [INFO] Add Net-(D47-A) net
13:36:03: [INFO] Add Net-(D48-A) net
13:36:03: [INFO] Add Net-(D49-A) net
13:36:03: [INFO] Add Net-(D5-A) net
13:36:03: [INFO] Add Net-(D50-A) net
13:36:03: [INFO] Add Net-(D51-A) net
13:36:03: [INFO] Add Net-(D52-A) net
13:36:03: [INFO] Add Net-(D53-A) net
13:36:03: [INFO] Add Net-(D54-A) net
13:36:03: [INFO] Add Net-(D55-A) net
13:36:03: [INFO] Add Net-(D56-A) net
13:36:03: [INFO] Add Net-(D57-A) net
13:36:03: [INFO] Add Net-(D58-A) net
13:36:03: [INFO] Add Net-(D59-A) net
13:36:03: [INFO] Add Net-(D6-A) net
13:36:03: [INFO] Add Net-(D60-A) net
13:36:03: [INFO] Add Net-(D61-A) net
13:36:03: [INFO] Add Net-(D62-A) net
13:36:03: [INFO] Add Net-(D63-A) net
13:36:03: [INFO] Add Net-(D64-A) net
13:36:03: [INFO] Add Net-(D65-A) net
13:36:03: [INFO] Add Net-(D66-A) net
13:36:03: [INFO] Add Net-(D7-A) net
13:36:03: [INFO] Add Net-(D8-A) net
13:36:03: [INFO] Add Net-(D9-A) net
13:36:03: [INFO] Add ROW0 net
13:36:03: [INFO] Add ROW1 net
13:36:03: [INFO] Add ROW2 net
13:36:03: [INFO] Add ROW3 net
13:36:03: [INFO] Add ROW4 net
13:36:03: [INFO] Add ROW5 net
13:36:03: [INFO] Add ROW6 net
13:36:03: [INFO] Add ROW7 net
13:36:03: [INFO] Add ROW8 net
13:36:03: [INFO] Add ROW9 net
13:36:03: [INFO] Add SW1 footprint
13:36:03: [INFO] Add D1 footprint
13:36:03: [INFO] Add SW2 footprint
13:36:03: [INFO] Add D2 footprint
13:36:03: [INFO] Add SW3 footprint
13:36:03: [INFO] Add D3 footprint
13:36:03: [INFO] Add SW4 footprint
13:36:03: [INFO] Add D4 footprint
13:36:03: [INFO] Add SW5 footprint
13:36:03: [INFO] Add D5 footprint
13:36:03: [INFO] Add SW6 footprint
13:36:04: [INFO] Add D6 footprint
13:36:04: [INFO] Add SW7 footprint
13:36:04: [INFO] Add D7 footprint
13:36:04: [INFO] Add SW8 footprint
13:36:04: [INFO] Add D8 footprint
13:36:04: [INFO] Add SW9 footprint
13:36:04: [INFO] Add D9 footprint
13:36:04: [INFO] Add SW10 footprint
13:36:04: [INFO] Add D10 footprint
13:36:04: [INFO] Add SW11 footprint
13:36:04: [INFO] Add D11 footprint
13:36:04: [INFO] Add SW12 footprint
13:36:04: [INFO] Add D12 footprint
13:36:04: [INFO] Add SW13 footprint
13:36:04: [INFO] Add D13 footprint
13:36:04: [INFO] Add SW14 footprint
13:36:04: [INFO] Add D14 footprint
13:36:04: [INFO] Add SW15 footprint
13:36:04: [INFO] Add D15 footprint
13:36:04: [INFO] Add SW16 footprint
13:36:04: [INFO] Add D16 footprint
13:36:04: [INFO] Add SW17 footprint
13:36:04: [INFO] Add D17 footprint
13:36:04: [INFO] Add SW18 footprint
13:36:04: [INFO] Add D18 footprint
13:36:04: [INFO] Add SW19 footprint
13:36:04: [INFO] Add D19 footprint
13:36:04: [INFO] Add SW20 footprint
13:36:04: [INFO] Add D20 footprint
13:36:04: [INFO] Add SW21 footprint
13:36:04: [INFO] Add D21 footprint
13:36:04: [INFO] Add SW22 footprint
13:36:04: [INFO] Add D22 footprint
13:36:04: [INFO] Add SW23 footprint
13:36:05: [INFO] Add D23 footprint
13:36:05: [WARNING] No stabilizer footprint for width 2.25u, using 2u as fallback
13:36:05: [INFO] Add ST23 footprint
13:36:05: [INFO] Add SW24 footprint
13:36:05: [INFO] Add D24 footprint
13:36:05: [INFO] Add SW25 footprint
13:36:05: [INFO] Add D25 footprint
13:36:05: [INFO] Add SW26 footprint
13:36:05: [INFO] Add D26 footprint
13:36:05: [INFO] Add SW27 footprint
13:36:05: [INFO] Add D27 footprint
13:36:05: [INFO] Add SW28 footprint
13:36:05: [INFO] Add D28 footprint
13:36:05: [INFO] Add SW29 footprint
13:36:05: [INFO] Add D29 footprint
13:36:05: [INFO] Add SW30 footprint
13:36:05: [INFO] Add D30 footprint
13:36:05: [INFO] Add SW31 footprint
13:36:05: [INFO] Add D31 footprint
13:36:05: [WARNING] No stabilizer footprint for width 2.25u, using 2u as fallback
13:36:05: [INFO] Add ST31 footprint
13:36:05: [INFO] Add SW32 footprint
13:36:05: [INFO] Add D32 footprint
13:36:05: [INFO] Add SW33 footprint
13:36:05: [INFO] Add D33 footprint
13:36:05: [INFO] Add SW34 footprint
13:36:05: [INFO] Add D34 footprint
13:36:05: [INFO] Add SW35 footprint
13:36:05: [INFO] Add D35 footprint
13:36:05: [INFO] Add SW36 footprint
13:36:05: [INFO] Add D36 footprint
13:36:05: [INFO] Add SW37 footprint
13:36:05: [INFO] Add D37 footprint
13:36:05: [INFO] Add SW38 footprint
13:36:05: [INFO] Add D38 footprint
13:36:05: [INFO] Add SW39 footprint
13:36:05: [INFO] Add D39 footprint
13:36:05: [INFO] Add SW40 footprint
13:36:05: [INFO] Add D40 footprint
13:36:05: [INFO] Add ST40 footprint
13:36:06: [INFO] Add SW40a footprint
13:36:06: [INFO] Add SW41 footprint
13:36:06: [INFO] Add D41 footprint
13:36:06: [INFO] Add SW42 footprint
13:36:06: [INFO] Add D42 footprint
13:36:06: [INFO] Add SW43 footprint
13:36:06: [INFO] Add D43 footprint
13:36:06: [INFO] Add SW44 footprint
13:36:06: [INFO] Add D44 footprint
13:36:06: [INFO] Add SW45 footprint
13:36:06: [INFO] Add D45 footprint
13:36:06: [INFO] Add SW46 footprint
13:36:06: [INFO] Add D46 footprint
13:36:06: [INFO] Add SW47 footprint
13:36:06: [INFO] Add D47 footprint
13:36:06: [INFO] Add SW48 footprint
13:36:06: [INFO] Add D48 footprint
13:36:06: [INFO] Add SW49 footprint
13:36:06: [INFO] Add D49 footprint
13:36:06: [INFO] Add SW50 footprint
13:36:06: [INFO] Add D50 footprint
13:36:06: [INFO] Add SW51 footprint
13:36:06: [INFO] Add D51 footprint
13:36:06: [INFO] Add SW52 footprint
13:36:06: [INFO] Add D52 footprint
13:36:06: [INFO] Add SW53 footprint
13:36:06: [INFO] Add D53 footprint
13:36:06: [INFO] Add SW54 footprint
13:36:06: [INFO] Add D54 footprint
13:36:06: [INFO] Add SW55 footprint
13:36:06: [INFO] Add D55 footprint
13:36:06: [WARNING] No stabilizer footprint for width 2.25u, using 2u as fallback
13:36:06: [INFO] Add ST55 footprint
13:36:06: [INFO] Add SW56 footprint
13:36:06: [INFO] Add D56 footprint
13:36:06: [INFO] Add SW57 footprint
13:36:06: [INFO] Add D57 footprint
13:36:07: [INFO] Add SW58 footprint
13:36:07: [INFO] Add D58 footprint
13:36:07: [INFO] Add SW59 footprint
13:36:07: [INFO] Add D59 footprint
13:36:07: [INFO] Add SW60 footprint
13:36:07: [INFO] Add D60 footprint
13:36:07: [INFO] Add SW61 footprint
13:36:07: [INFO] Add D61 footprint
13:36:07: [INFO] Add SW62 footprint
13:36:07: [INFO] Add D62 footprint
13:36:07: [INFO] Add SW63 footprint
13:36:07: [INFO] Add D63 footprint
13:36:07: [WARNING] No stabilizer footprint for width 2.75u, using 2u as fallback
13:36:07: [INFO] Add ST63 footprint
13:36:07: [INFO] Add SW63a footprint
13:36:07: [INFO] Add SW64 footprint
13:36:07: [INFO] Add D64 footprint
13:36:07: [INFO] Add SW65 footprint
13:36:07: [INFO] Add D65 footprint
13:36:07: [INFO] Add SW66 footprint
13:36:07: [INFO] Add D66 footprint
13:36:07: [WARNING] No stabilizer footprint for width 2.75u, using 2u as fallback
13:36:07: [INFO] Add ST66 footprint
13:36:07: [INFO] Detected layout convertible to matrix annotated keyboard
13:36:07: [INFO] Using key 1U distance: (19.05, 19.05) mm
13:36:07: [INFO] Layout offset: (38100000, 21336000)
13:36:07: [INFO] Diode info: [ElementInfo(annotation_format='D{}', position_option=<PositionOption.CUSTOM: 'Custom'>, position=ElementPosition(x=5.08, y=4.0, orientation=90.0, side=<Side.BACK: 'Back'>), template_path='', start_index=-1)]
13:36:07: [INFO] Placing additional elements for SW66
13:36:07: [INFO] Placing additional elements for SW65
13:36:07: [INFO] Placing additional elements for SW64
13:36:07: [INFO] Placing additional elements for SW63a
13:36:07: [INFO] Placing additional elements for SW63
13:36:07: [INFO] Placing additional elements for SW62
13:36:07: [INFO] Placing additional elements for SW61
13:36:07: [INFO] Placing additional elements for SW60
13:36:07: [INFO] Placing additional elements for SW59
13:36:07: [INFO] Placing additional elements for SW58
13:36:07: [INFO] Placing additional elements for SW57
13:36:07: [INFO] Placing additional elements for SW56
13:36:07: [INFO] Placing additional elements for SW55
13:36:07: [INFO] Placing additional elements for SW54
13:36:07: [INFO] Placing additional elements for SW53
13:36:07: [INFO] Placing additional elements for SW52
13:36:07: [INFO] Placing additional elements for SW51
13:36:07: [INFO] Placing additional elements for SW50
13:36:07: [INFO] Placing additional elements for SW49
13:36:07: [INFO] Placing additional elements for SW48
13:36:07: [INFO] Placing additional elements for SW47
13:36:07: [INFO] Placing additional elements for SW46
13:36:07: [INFO] Placing additional elements for SW45
13:36:07: [INFO] Placing additional elements for SW44
13:36:07: [INFO] Placing additional elements for SW43
13:36:07: [INFO] Placing additional elements for SW42
13:36:07: [INFO] Placing additional elements for SW41
13:36:07: [INFO] Placing additional elements for SW40a
13:36:07: [INFO] Placing additional elements for SW40
13:36:07: [INFO] Placing additional elements for SW39
13:36:07: [INFO] Placing additional elements for SW38
13:36:07: [INFO] Placing additional elements for SW37
13:36:07: [INFO] Placing additional elements for SW36
13:36:07: [INFO] Placing additional elements for SW35
13:36:07: [INFO] Placing additional elements for SW34
13:36:07: [INFO] Placing additional elements for SW33
13:36:07: [INFO] Placing additional elements for SW32
13:36:07: [INFO] Placing additional elements for SW31
13:36:07: [INFO] Placing additional elements for SW30
13:36:07: [INFO] Placing additional elements for SW29
13:36:07: [INFO] Placing additional elements for SW28
13:36:07: [INFO] Placing additional elements for SW27
13:36:07: [INFO] Placing additional elements for SW26
13:36:07: [INFO] Placing additional elements for SW25
13:36:07: [INFO] Placing additional elements for SW24
13:36:07: [INFO] Placing additional elements for SW23
13:36:07: [INFO] Placing additional elements for SW22
13:36:07: [INFO] Placing additional elements for SW21
13:36:07: [INFO] Placing additional elements for SW20
13:36:07: [INFO] Placing additional elements for SW19
13:36:07: [INFO] Placing additional elements for SW18
13:36:07: [INFO] Placing additional elements for SW17
13:36:07: [INFO] Placing additional elements for SW16
13:36:07: [INFO] Placing additional elements for SW15
13:36:07: [INFO] Placing additional elements for SW14
13:36:07: [INFO] Placing additional elements for SW13
13:36:07: [INFO] Placing additional elements for SW12
13:36:07: [INFO] Placing additional elements for SW11
13:36:07: [INFO] Placing additional elements for SW10
13:36:07: [INFO] Placing additional elements for SW9
13:36:07: [INFO] Placing additional elements for SW8
13:36:07: [INFO] Placing additional elements for SW7
13:36:07: [INFO] Placing additional elements for SW6
13:36:07: [INFO] Placing additional elements for SW5
13:36:07: [INFO] Placing additional elements for SW4
13:36:07: [INFO] Placing additional elements for SW3
13:36:07: [INFO] Placing additional elements for SW2
13:36:07: [INFO] Placing additional elements for SW1
13:36:07: [INFO] Routing SW66 with D66
13:36:07: [INFO] Using internal autorouter method
13:36:07: [INFO] Routing pad 'SW66:2' at (247885183, 120217186) with pad 'D66:2' at (251966439, 127201264) using coordinate system rotated by 348.0 degree(s)
13:36:07: [INFO] Adding track segment (B.Cu): [(247885183, 120217186), (248953848, 125244865)]
13:36:07: [INFO] Adding track segment (B.Cu): [(248953848, 125244865), (251966439, 127201264)]
13:36:07: [INFO] Routing SW65 with D65
13:36:07: [INFO] Using internal autorouter method
13:36:07: [INFO] Routing pad 'SW65:2' at (287996714, 114223044) with pad 'D65:2' at (292077970, 121207122) using coordinate system rotated by 348.0 degree(s)
13:36:07: [INFO] Adding track segment (B.Cu): [(287996714, 114223044), (289065379, 119250723)]
13:36:07: [INFO] Adding track segment (B.Cu): [(289065379, 119250723), (292077970, 121207122)]
13:36:07: [INFO] Routing SW64 with D64
13:36:07: [INFO] Using internal autorouter method
13:36:07: [INFO] Routing pad 'SW64:2' at (359727500, 111506000) with pad 'D64:2' at (362267500, 119186000) using coordinate system rotated by 0 degree(s)
13:36:07: [INFO] Adding track segment (B.Cu): [(359727500, 111506000), (359727500, 116646000)]
13:36:07: [INFO] Adding track segment (B.Cu): [(359727500, 116646000), (362267500, 119186000)]
13:36:07: [INFO] Routing SW63a with D63
13:36:07: [INFO] Using internal autorouter method
13:36:07: [INFO] Routing pad 'SW63a:2' at (378777500, 92456000) with pad 'D63:2' at (364648750, 100136000) using coordinate system rotated by 0 degree(s)
13:36:07: [INFO] Adding track segment (B.Cu): [(378777500, 92456000), (372328750, 92456000)]
13:36:07: [INFO] Adding track segment (B.Cu): [(372328750, 92456000), (364648750, 100136000)]
13:36:07: [INFO] Routing SW63 with D63
13:36:07: [INFO] Using internal autorouter method
13:36:07: [INFO] Routing pad 'SW63:2' at (362108750, 92456000) with pad 'D63:2' at (364648750, 100136000) using coordinate system rotated by 0 degree(s)
13:36:07: [INFO] Adding track segment (B.Cu): [(362108750, 92456000), (362108750, 97596000)]
13:36:07: [INFO] Adding track segment (B.Cu): [(362108750, 97596000), (364648750, 100136000)]
13:36:07: [INFO] Routing SW62 with D62
13:36:07: [INFO] Using internal autorouter method
13:36:07: [INFO] Routing pad 'SW62:2' at (227619967, 105049103) with pad 'D62:2' at (231701223, 112033181) using coordinate system rotated by 348.0 degree(s)
13:36:07: [INFO] Adding track segment (B.Cu): [(227619967, 105049103), (228688632, 110076781)]
13:36:07: [INFO] Adding track segment (B.Cu): [(228688632, 110076781), (231701223, 112033181)]
13:36:07: [INFO] Routing SW61 with D61
13:36:07: [INFO] Using internal autorouter method
13:36:07: [INFO] Routing pad 'SW61:2' at (246253679, 101088385) with pad 'D61:2' at (250334935, 108072463) using coordinate system rotated by 348.0 degree(s)
13:36:07: [INFO] Adding track segment (B.Cu): [(246253679, 101088385), (247322344, 106116063)]
13:36:07: [INFO] Adding track segment (B.Cu): [(247322344, 106116063), (250334935, 108072463)]
13:36:07: [INFO] Routing SW60 with D60
13:36:07: [INFO] Using internal autorouter method
13:36:07: [INFO] Routing pad 'SW60:2' at (264887391, 97127667) with pad 'D60:2' at (268968647, 104111745) using coordinate system rotated by 348.0 degree(s)
13:36:07: [INFO] Adding track segment (B.Cu): [(264887391, 97127667), (265956056, 102155345)]
13:36:07: [INFO] Adding track segment (B.Cu): [(265956056, 102155345), (268968647, 104111745)]
13:36:07: [INFO] Routing SW59 with D59
13:36:07: [INFO] Using internal autorouter method
13:36:07: [INFO] Routing pad 'SW59:2' at (283521103, 93166949) with pad 'D59:2' at (287602359, 100151027) using coordinate system rotated by 348.0 degree(s)
13:36:07: [INFO] Adding track segment (B.Cu): [(283521103, 93166949), (284589768, 98194627)]
13:36:07: [INFO] Adding track segment (B.Cu): [(284589768, 98194627), (287602359, 100151027)]
13:36:07: [INFO] Routing SW58 with D58
13:36:07: [INFO] Using internal autorouter method
13:36:07: [INFO] Routing pad 'SW58:2' at (307340000, 92456000) with pad 'D58:2' at (309880000, 100136000) using coordinate system rotated by 0 degree(s)
13:36:07: [INFO] Adding track segment (B.Cu): [(307340000, 92456000), (307340000, 97596000)]
13:36:07: [INFO] Adding track segment (B.Cu): [(307340000, 97596000), (309880000, 100136000)]
13:36:07: [INFO] Routing SW57 with D57
13:36:07: [INFO] Using internal autorouter method
13:36:07: [INFO] Routing pad 'SW57:2' at (326390000, 92456000) with pad 'D57:2' at (328930000, 100136000) using coordinate system rotated by 0 degree(s)
13:36:07: [INFO] Adding track segment (B.Cu): [(326390000, 92456000), (326390000, 97596000)]
13:36:07: [INFO] Adding track segment (B.Cu): [(326390000, 97596000), (328930000, 100136000)]
13:36:07: [INFO] Routing SW56 with D56
13:36:07: [INFO] Using internal autorouter method
13:36:07: [INFO] Routing pad 'SW56:2' at (352583750, 92456000) with pad 'D56:2' at (355123750, 100136000) using coordinate system rotated by 0 degree(s)
13:36:07: [INFO] Adding track segment (B.Cu): [(352583750, 92456000), (352583750, 97596000)]
13:36:07: [INFO] Adding track segment (B.Cu): [(352583750, 97596000), (355123750, 100136000)]
13:36:07: [INFO] Routing SW55 with D55
13:36:07: [INFO] Using internal autorouter method
13:36:07: [INFO] Routing pad 'SW55:2' at (362108750, 73406000) with pad 'D55:2' at (364648750, 81086000) using coordinate system rotated by 0 degree(s)
13:36:07: [INFO] Adding track segment (B.Cu): [(362108750, 73406000), (362108750, 78546000)]
13:36:07: [INFO] Adding track segment (B.Cu): [(362108750, 78546000), (364648750, 81086000)]
13:36:07: [INFO] Routing SW54 with D54
13:36:07: [INFO] Using internal autorouter method
13:36:07: [INFO] Routing pad 'SW54:2' at (232976105, 84435032) with pad 'D54:2' at (237057361, 91419110) using coordinate system rotated by 348.0 degree(s)
13:36:07: [INFO] Adding track segment (B.Cu): [(232976105, 84435032), (234044770, 89462709)]
13:36:07: [INFO] Adding track segment (B.Cu): [(234044770, 89462709), (237057361, 91419110)]
13:36:07: [INFO] Routing SW53 with D53
13:36:07: [INFO] Using internal autorouter method
13:36:07: [INFO] Routing pad 'SW53:2' at (251609817, 80474314) with pad 'D53:2' at (255691073, 87458392) using coordinate system rotated by 348.0 degree(s)
13:36:07: [INFO] Adding track segment (B.Cu): [(251609817, 80474314), (252678483, 85501993)]
13:36:07: [INFO] Adding track segment (B.Cu): [(252678483, 85501993), (255691073, 87458392)]
13:36:07: [INFO] Routing SW52 with D52
13:36:07: [INFO] Using internal autorouter method
13:36:07: [INFO] Routing pad 'SW52:2' at (270243529, 76513597) with pad 'D52:2' at (274324785, 83497675) using coordinate system rotated by 348.0 degree(s)
13:36:07: [INFO] Adding track segment (B.Cu): [(270243529, 76513597), (271312195, 81541276)]
13:36:07: [INFO] Adding track segment (B.Cu): [(271312195, 81541276), (274324785, 83497675)]
13:36:07: [INFO] Routing SW51 with D51
13:36:07: [INFO] Using internal autorouter method
13:36:07: [INFO] Routing pad 'SW51:2' at (288877241, 72552879) with pad 'D51:2' at (292958497, 79536957) using coordinate system rotated by 348.0 degree(s)
13:36:07: [INFO] Adding track segment (B.Cu): [(288877241, 72552879), (289945906, 77580558)]
13:36:07: [INFO] Adding track segment (B.Cu): [(289945906, 77580558), (292958497, 79536957)]
13:36:07: [INFO] Routing SW50 with D50
13:36:07: [INFO] Using internal autorouter method
13:36:07: [INFO] Routing pad 'SW50:2' at (312102500, 73406000) with pad 'D50:2' at (314642500, 81086000) using coordinate system rotated by 0 degree(s)
13:36:07: [INFO] Adding track segment (B.Cu): [(312102500, 73406000), (312102500, 78546000)]
13:36:07: [INFO] Adding track segment (B.Cu): [(312102500, 78546000), (314642500, 81086000)]
13:36:07: [INFO] Routing SW49 with D49
13:36:07: [INFO] Using internal autorouter method
13:36:07: [INFO] Routing pad 'SW49:2' at (331152500, 73406000) with pad 'D49:2' at (333692500, 81086000) using coordinate system rotated by 0 degree(s)
13:36:07: [INFO] Adding track segment (B.Cu): [(331152500, 73406000), (331152500, 78546000)]
13:36:07: [INFO] Adding track segment (B.Cu): [(331152500, 78546000), (333692500, 81086000)]
13:36:07: [INFO] Routing SW48 with D48
13:36:07: [INFO] Using internal autorouter method
13:36:07: [INFO] Routing pad 'SW48:2' at (364490000, 54356000) with pad 'D48:2' at (367030000, 62036000) using coordinate system rotated by 0 degree(s)
13:36:07: [INFO] Adding track segment (B.Cu): [(364490000, 54356000), (364490000, 59496000)]
13:36:07: [INFO] Adding track segment (B.Cu): [(364490000, 59496000), (367030000, 62036000)]
13:36:07: [INFO] Routing SW47 with D47
13:36:07: [INFO] Using internal autorouter method
13:36:07: [INFO] Routing pad 'SW47:2' at (224356960, 66791500) with pad 'D47:2' at (228438216, 73775578) using coordinate system rotated by 348.0 degree(s)
13:36:07: [INFO] Adding track segment (B.Cu): [(224356960, 66791500), (225425625, 71819179)]
13:36:07: [INFO] Adding track segment (B.Cu): [(225425625, 71819179), (228438216, 73775578)]
13:36:07: [INFO] Routing SW46 with D46
13:36:07: [INFO] Using internal autorouter method
13:36:07: [INFO] Routing pad 'SW46:2' at (242990672, 62830782) with pad 'D46:2' at (247071928, 69814860) using coordinate system rotated by 348.0 degree(s)
13:36:08: [INFO] Adding track segment (B.Cu): [(242990672, 62830782), (244059337, 67858461)]
13:36:08: [INFO] Adding track segment (B.Cu): [(244059337, 67858461), (247071928, 69814860)]
13:36:08: [INFO] Routing SW45 with D45
13:36:08: [INFO] Using internal autorouter method
13:36:08: [INFO] Routing pad 'SW45:2' at (261624383, 58870064) with pad 'D45:2' at (265705639, 65854142) using coordinate system rotated by 348.0 degree(s)
13:36:08: [INFO] Adding track segment (B.Cu): [(261624383, 58870064), (262693047, 63897742)]
13:36:08: [INFO] Adding track segment (B.Cu): [(262693047, 63897742), (265705639, 65854142)]
13:36:08: [INFO] Routing SW44 with D44
13:36:08: [INFO] Using internal autorouter method
13:36:08: [INFO] Routing pad 'SW44:2' at (280258095, 54909346) with pad 'D44:2' at (284339351, 61893424) using coordinate system rotated by 348.0 degree(s)
13:36:08: [INFO] Adding track segment (B.Cu): [(280258095, 54909346), (281326760, 59937025)]
13:36:08: [INFO] Adding track segment (B.Cu): [(281326760, 59937025), (284339351, 61893424)]
13:36:08: [INFO] Routing SW43 with D43
13:36:08: [INFO] Using internal autorouter method
13:36:08: [INFO] Routing pad 'SW43:2' at (302577500, 52070000) with pad 'D43:2' at (305117500, 59750000) using coordinate system rotated by 0 degree(s)
13:36:08: [INFO] Adding track segment (B.Cu): [(302577500, 52070000), (302577500, 57210000)]
13:36:08: [INFO] Adding track segment (B.Cu): [(302577500, 57210000), (305117500, 59750000)]
13:36:08: [INFO] Routing SW42 with D42
13:36:08: [INFO] Using internal autorouter method
13:36:08: [INFO] Routing pad 'SW42:2' at (321627500, 54356000) with pad 'D42:2' at (324167500, 62036000) using coordinate system rotated by 0 degree(s)
13:36:08: [INFO] Adding track segment (B.Cu): [(321627500, 54356000), (321627500, 59496000)]
13:36:08: [INFO] Adding track segment (B.Cu): [(321627500, 59496000), (324167500, 62036000)]
13:36:08: [INFO] Routing SW41 with D41
13:36:08: [INFO] Using internal autorouter method
13:36:08: [INFO] Routing pad 'SW41:2' at (340677500, 54356000) with pad 'D41:2' at (343217500, 62036000) using coordinate system rotated by 0 degree(s)
13:36:08: [INFO] Adding track segment (B.Cu): [(340677500, 54356000), (340677500, 59496000)]
13:36:08: [INFO] Adding track segment (B.Cu): [(340677500, 59496000), (343217500, 62036000)]
13:36:08: [INFO] Routing SW40a with D40
13:36:08: [INFO] Using internal autorouter method
13:36:08: [INFO] Routing pad 'SW40a:2' at (364490000, 35306000) with pad 'D40:2' at (357505000, 42986000) using coordinate system rotated by 0 degree(s)
13:36:08: [INFO] Routing SW40 with D40
13:36:08: [INFO] Using internal autorouter method
13:36:08: [INFO] Routing pad 'SW40:2' at (354965000, 35306000) with pad 'D40:2' at (357505000, 42986000) using coordinate system rotated by 0 degree(s)
13:36:08: [INFO] Adding track segment (B.Cu): [(354965000, 35306000), (354965000, 40446000)]
13:36:08: [INFO] Adding track segment (B.Cu): [(354965000, 40446000), (357505000, 42986000)]
13:36:08: [INFO] Routing SW39 with D39
13:36:08: [INFO] Using internal autorouter method
13:36:08: [INFO] Routing pad 'SW39:2' at (229713098, 46177429) with pad 'D39:2' at (233794354, 53161507) using coordinate system rotated by 348.0 degree(s)
13:36:08: [INFO] Adding track segment (B.Cu): [(229713098, 46177429), (230781763, 51205107)]
13:36:08: [INFO] Adding track segment (B.Cu): [(230781763, 51205107), (233794354, 53161507)]
13:36:08: [INFO] Routing SW38 with D38
13:36:08: [INFO] Using internal autorouter method
13:36:08: [INFO] Routing pad 'SW38:2' at (248346810, 42216711) with pad 'D38:2' at (252428066, 49200789) using coordinate system rotated by 348.0 degree(s)
13:36:08: [INFO] Adding track segment (B.Cu): [(248346810, 42216711), (249415475, 47244390)]
13:36:08: [INFO] Adding track segment (B.Cu): [(249415475, 47244390), (252428066, 49200789)]
13:36:08: [INFO] Routing SW37 with D37
13:36:08: [INFO] Using internal autorouter method
13:36:08: [INFO] Routing pad 'SW37:2' at (266980522, 38255994) with pad 'D37:2' at (271061778, 45240072) using coordinate system rotated by 348.0 degree(s)
13:36:08: [INFO] Adding track segment (B.Cu): [(266980522, 38255994), (268049187, 43283673)]
13:36:08: [INFO] Adding track segment (B.Cu): [(268049187, 43283673), (271061778, 45240072)]
13:36:08: [INFO] Routing SW36 with D36
13:36:08: [INFO] Using internal autorouter method
13:36:08: [INFO] Routing pad 'SW36:2' at (285614233, 34295276) with pad 'D36:2' at (289695489, 41279354) using coordinate system rotated by 348.0 degree(s)
13:36:08: [INFO] Adding track segment (B.Cu): [(285614233, 34295276), (286682898, 39322954)]
13:36:08: [INFO] Adding track segment (B.Cu): [(286682898, 39322954), (289695489, 41279354)]
13:36:08: [INFO] Routing SW35 with D35
13:36:08: [INFO] Using internal autorouter method
13:36:08: [INFO] Routing pad 'SW35:2' at (307340000, 33020000) with pad 'D35:2' at (309880000, 40700000) using coordinate system rotated by 0 degree(s)
13:36:08: [INFO] Adding track segment (B.Cu): [(307340000, 33020000), (307340000, 38160000)]
13:36:08: [INFO] Adding track segment (B.Cu): [(307340000, 38160000), (309880000, 40700000)]
13:36:08: [INFO] Routing SW34 with D34
13:36:08: [INFO] Using internal autorouter method
13:36:08: [INFO] Routing pad 'SW34:2' at (326390000, 35306000) with pad 'D34:2' at (328930000, 42986000) using coordinate system rotated by 0 degree(s)
13:36:08: [INFO] Adding track segment (B.Cu): [(326390000, 35306000), (326390000, 40446000)]
13:36:08: [INFO] Adding track segment (B.Cu): [(326390000, 40446000), (328930000, 42986000)]
13:36:08: [INFO] Routing SW33 with D33
13:36:08: [INFO] Using internal autorouter method
13:36:08: [INFO] Routing pad 'SW33:2' at (345440000, 35306000) with pad 'D33:2' at (347980000, 42986000) using coordinate system rotated by 0 degree(s)
13:36:08: [INFO] Adding track segment (B.Cu): [(345440000, 35306000), (345440000, 40446000)]
13:36:08: [INFO] Adding track segment (B.Cu): [(345440000, 40446000), (347980000, 42986000)]
13:36:08: [INFO] Routing SW32 with D32
13:36:08: [INFO] Using internal autorouter method
13:36:08: [INFO] Routing pad 'SW32:2' at (197458949, 127521148) with pad 'D32:2' at (198346682, 135561416) using coordinate system rotated by 12.0 degree(s)
13:36:08: [INFO] Adding track segment (B.Cu): [(197458949, 127521148), (196390282, 132548824)]
13:36:08: [INFO] Adding track segment (B.Cu): [(196390282, 132548824), (198346682, 135561416)]
13:36:08: [INFO] Routing SW31 with D31
13:36:08: [INFO] Using internal autorouter method
13:36:08: [INFO] Routing pad 'SW31:2' at (167179167, 121084981) with pad 'D31:2' at (168066900, 129125249) using coordinate system rotated by 12.0 degree(s)
13:36:08: [INFO] Adding track segment (B.Cu): [(167179167, 121084981), (166110500, 126112659)]
13:36:08: [INFO] Adding track segment (B.Cu): [(166110500, 126112659), (168066900, 129125249)]
13:36:08: [INFO] Routing SW30 with D30
13:36:08: [INFO] Using internal autorouter method
13:36:08: [INFO] Routing pad 'SW30:2' at (131765672, 115894681) with pad 'D30:2' at (132653405, 123934949) using coordinate system rotated by 12.0 degree(s)
13:36:08: [INFO] Adding track segment (B.Cu): [(131765672, 115894681), (130697006, 120922359)]
13:36:08: [INFO] Adding track segment (B.Cu): [(130697006, 120922359), (132653405, 123934949)]
13:36:08: [INFO] Routing SW29 with D29
13:36:08: [INFO] Using internal autorouter method
13:36:08: [INFO] Routing pad 'SW29:2' at (73977500, 111506000) with pad 'D29:2' at (76517500, 119186000) using coordinate system rotated by 0 degree(s)
13:36:08: [INFO] Adding track segment (B.Cu): [(73977500, 111506000), (73977500, 116646000)]
13:36:08: [INFO] Adding track segment (B.Cu): [(73977500, 116646000), (76517500, 119186000)]
13:36:08: [INFO] Routing SW28 with D28
13:36:08: [INFO] Using internal autorouter method
13:36:08: [INFO] Routing pad 'SW28:2' at (192102811, 106907077) with pad 'D28:2' at (192990544, 114947345) using coordinate system rotated by 12.0 degree(s)
13:36:08: [INFO] Adding track segment (B.Cu): [(192102811, 106907077), (191034144, 111934753)]
13:36:08: [INFO] Adding track segment (B.Cu): [(191034144, 111934753), (192990544, 114947345)]
13:36:08: [INFO] Routing SW27 with D27
13:36:08: [INFO] Using internal autorouter method
13:36:08: [INFO] Routing pad 'SW27:2' at (173469099, 102946359) with pad 'D27:2' at (174356832, 110986627) using coordinate system rotated by 12.0 degree(s)
13:36:08: [INFO] Adding track segment (B.Cu): [(173469099, 102946359), (172400432, 107974036)]
13:36:08: [INFO] Adding track segment (B.Cu): [(172400432, 107974036), (174356832, 110986627)]
13:36:08: [INFO] Routing SW26 with D26
13:36:08: [INFO] Using internal autorouter method
13:36:08: [INFO] Routing pad 'SW26:2' at (154835387, 98985641) with pad 'D26:2' at (155723120, 107025909) using coordinate system rotated by 12.0 degree(s)
13:36:08: [INFO] Adding track segment (B.Cu): [(154835387, 98985641), (153766720, 104013318)]
13:36:08: [INFO] Adding track segment (B.Cu): [(153766720, 104013318), (155723120, 107025909)]
13:36:08: [INFO] Routing SW25 with D25
13:36:08: [INFO] Using internal autorouter method
13:36:08: [INFO] Routing pad 'SW25:2' at (136201676, 95024924) with pad 'D25:2' at (137089409, 103065192) using coordinate system rotated by 12.0 degree(s)
13:36:08: [INFO] Adding track segment (B.Cu): [(136201676, 95024924), (135133009, 100052601)]
13:36:08: [INFO] Adding track segment (B.Cu): [(135133009, 100052601), (137089409, 103065192)]
13:36:08: [INFO] Routing SW24 with D24
13:36:08: [INFO] Using internal autorouter method
13:36:08: [INFO] Routing pad 'SW24:2' at (112077500, 92456000) with pad 'D24:2' at (114617500, 100136000) using coordinate system rotated by 0 degree(s)
13:36:08: [INFO] Adding track segment (B.Cu): [(112077500, 92456000), (112077500, 97596000)]
13:36:08: [INFO] Adding track segment (B.Cu): [(112077500, 97596000), (114617500, 100136000)]
13:36:08: [INFO] Routing SW23 with D23
13:36:08: [INFO] Using internal autorouter method
13:36:08: [INFO] Routing pad 'SW23:2' at (81121250, 92456000) with pad 'D23:2' at (83661250, 100136000) using coordinate system rotated by 0 degree(s)
13:36:08: [INFO] Adding track segment (B.Cu): [(81121250, 92456000), (81121250, 97596000)]
13:36:08: [INFO] Adding track segment (B.Cu): [(81121250, 97596000), (83661250, 100136000)]
13:36:08: [INFO] Routing SW22 with D22
13:36:08: [INFO] Using internal autorouter method
13:36:08: [INFO] Routing pad 'SW22:2' at (50165000, 71120000) with pad 'D22:2' at (52705000, 78800000) using coordinate system rotated by 0 degree(s)
13:36:08: [INFO] Adding track segment (B.Cu): [(50165000, 71120000), (50165000, 76260000)]
13:36:08: [INFO] Adding track segment (B.Cu): [(50165000, 76260000), (52705000, 78800000)]
13:36:08: [INFO] Routing SW21 with D21
13:36:08: [INFO] Using internal autorouter method
13:36:08: [INFO] Routing pad 'SW21:2' at (186746673, 86293006) with pad 'D21:2' at (187634406, 94333274) using coordinate system rotated by 12.0 degree(s)
13:36:08: [INFO] Adding track segment (B.Cu): [(186746673, 86293006), (185678006, 91320683)]
13:36:08: [INFO] Adding track segment (B.Cu): [(185678006, 91320683), (187634406, 94333274)]
13:36:08: [INFO] Routing SW20 with D20
13:36:08: [INFO] Using internal autorouter method
13:36:08: [INFO] Routing pad 'SW20:2' at (168112961, 82332289) with pad 'D20:2' at (169000694, 90372557) using coordinate system rotated by 12.0 degree(s)
13:36:08: [INFO] Adding track segment (B.Cu): [(168112961, 82332289), (167044294, 87359965)]
13:36:08: [INFO] Adding track segment (B.Cu): [(167044294, 87359965), (169000694, 90372557)]
13:36:08: [INFO] Routing SW19 with D19
13:36:08: [INFO] Using internal autorouter method
13:36:08: [INFO] Routing pad 'SW19:2' at (149479249, 78371571) with pad 'D19:2' at (150366982, 86411839) using coordinate system rotated by 12.0 degree(s)
13:36:08: [INFO] Adding track segment (B.Cu): [(149479249, 78371571), (148410582, 83399247)]
13:36:08: [INFO] Adding track segment (B.Cu): [(148410582, 83399247), (150366982, 86411839)]
13:36:08: [INFO] Routing SW18 with D18
13:36:08: [INFO] Using internal autorouter method
13:36:08: [INFO] Routing pad 'SW18:2' at (130845537, 74410853) with pad 'D18:2' at (131733270, 82451121) using coordinate system rotated by 12.0 degree(s)
13:36:08: [INFO] Adding track segment (B.Cu): [(130845537, 74410853), (129776870, 79438531)]
13:36:08: [INFO] Adding track segment (B.Cu): [(129776870, 79438531), (131733270, 82451121)]
13:36:08: [INFO] Routing SW17 with D17
13:36:08: [INFO] Using internal autorouter method
13:36:08: [INFO] Routing pad 'SW17:2' at (107315000, 73406000) with pad 'D17:2' at (109855000, 81086000) using coordinate system rotated by 0 degree(s)
13:36:08: [INFO] Adding track segment (B.Cu): [(107315000, 73406000), (107315000, 78546000)]
13:36:08: [INFO] Adding track segment (B.Cu): [(107315000, 78546000), (109855000, 81086000)]
13:36:08: [INFO] Routing SW16 with D16
13:36:08: [INFO] Using internal autorouter method
13:36:08: [INFO] Routing pad 'SW16:2' at (81121250, 73406000) with pad 'D16:2' at (83661250, 81086000) using coordinate system rotated by 0 degree(s)
13:36:08: [INFO] Adding track segment (B.Cu): [(81121250, 73406000), (81121250, 78546000)]
13:36:08: [INFO] Adding track segment (B.Cu): [(81121250, 78546000), (83661250, 81086000)]
13:36:08: [INFO] Routing SW15 with D15
13:36:08: [INFO] Using internal autorouter method
13:36:08: [INFO] Routing pad 'SW15:2' at (54927500, 52070000) with pad 'D15:2' at (57467500, 59750000) using coordinate system rotated by 0 degree(s)
13:36:08: [INFO] Adding track segment (B.Cu): [(54927500, 52070000), (54927500, 57210000)]
13:36:08: [INFO] Adding track segment (B.Cu): [(54927500, 57210000), (57467500, 59750000)]
13:36:08: [INFO] Routing SW14 with D14
13:36:08: [INFO] Using internal autorouter method
13:36:08: [INFO] Routing pad 'SW14:2' at (186048963, 66669115) with pad 'D14:2' at (186936696, 74709383) using coordinate system rotated by 12.0 degree(s)
13:36:08: [INFO] Adding track segment (B.Cu): [(186048963, 66669115), (184980296, 71696793)]
13:36:08: [INFO] Adding track segment (B.Cu): [(184980296, 71696793), (186936696, 74709383)]
13:36:08: [INFO] Routing SW13 with D13
13:36:08: [INFO] Using internal autorouter method
13:36:08: [INFO] Routing pad 'SW13:2' at (167415251, 62708397) with pad 'D13:2' at (168302984, 70748665) using coordinate system rotated by 12.0 degree(s)
13:36:08: [INFO] Adding track segment (B.Cu): [(167415251, 62708397), (166346584, 67736073)]
13:36:08: [INFO] Adding track segment (B.Cu): [(166346584, 67736073), (168302984, 70748665)]
13:36:08: [INFO] Routing SW12 with D12
13:36:08: [INFO] Using internal autorouter method
13:36:08: [INFO] Routing pad 'SW12:2' at (148781539, 58747680) with pad 'D12:2' at (149669272, 66787948) using coordinate system rotated by 12.0 degree(s)
13:36:08: [INFO] Adding track segment (B.Cu): [(148781539, 58747680), (147712872, 63775356)]
13:36:08: [INFO] Adding track segment (B.Cu): [(147712872, 63775356), (149669272, 66787948)]
13:36:08: [INFO] Routing SW11 with D11
13:36:08: [INFO] Using internal autorouter method
13:36:08: [INFO] Routing pad 'SW11:2' at (130147827, 54786962) with pad 'D11:2' at (131035560, 62827230) using coordinate system rotated by 12.0 degree(s)
13:36:08: [INFO] Adding track segment (B.Cu): [(130147827, 54786962), (129079160, 59814638)]
13:36:08: [INFO] Adding track segment (B.Cu): [(129079160, 59814638), (131035560, 62827230)]
13:36:08: [INFO] Routing SW10 with D10
13:36:08: [INFO] Using internal autorouter method
13:36:08: [INFO] Routing pad 'SW10:2' at (107315000, 54356000) with pad 'D10:2' at (109855000, 62036000) using coordinate system rotated by 0 degree(s)
13:36:08: [INFO] Adding track segment (B.Cu): [(107315000, 54356000), (107315000, 59496000)]
13:36:08: [INFO] Adding track segment (B.Cu): [(107315000, 59496000), (109855000, 62036000)]
13:36:08: [INFO] Routing SW9 with D9
13:36:08: [INFO] Using internal autorouter method
13:36:08: [INFO] Routing pad 'SW9:2' at (83502500, 54356000) with pad 'D9:2' at (86042500, 62036000) using coordinate system rotated by 0 degree(s)
13:36:08: [INFO] Adding track segment (B.Cu): [(83502500, 54356000), (83502500, 59496000)]
13:36:08: [INFO] Adding track segment (B.Cu): [(83502500, 59496000), (86042500, 62036000)]
13:36:08: [INFO] Routing SW8 with D8
13:36:08: [INFO] Using internal autorouter method
13:36:08: [INFO] Routing pad 'SW8:2' at (59690000, 33020000) with pad 'D8:2' at (62230000, 40700000) using coordinate system rotated by 0 degree(s)
13:36:08: [INFO] Adding track segment (B.Cu): [(59690000, 33020000), (59690000, 38160000)]
13:36:08: [INFO] Adding track segment (B.Cu): [(59690000, 38160000), (62230000, 40700000)]
13:36:08: [INFO] Routing SW7 with D7
13:36:08: [INFO] Using internal autorouter method
13:36:08: [INFO] Routing pad 'SW7:2' at (199326536, 50015762) with pad 'D7:2' at (200214269, 58056030) using coordinate system rotated by 12.0 degree(s)
13:36:08: [INFO] Adding track segment (B.Cu): [(199326536, 50015762), (198257869, 55043439)]
13:36:08: [INFO] Adding track segment (B.Cu): [(198257869, 55043439), (200214269, 58056030)]
13:36:08: [INFO] Routing SW6 with D6
13:36:08: [INFO] Using internal autorouter method
13:36:08: [INFO] Routing pad 'SW6:2' at (180692824, 46055044) with pad 'D6:2' at (181580557, 54095312) using coordinate system rotated by 12.0 degree(s)
13:36:08: [INFO] Adding track segment (B.Cu): [(180692824, 46055044), (179624157, 51082722)]
13:36:08: [INFO] Adding track segment (B.Cu): [(179624157, 51082722), (181580557, 54095312)]
13:36:08: [INFO] Routing SW5 with D5
13:36:08: [INFO] Using internal autorouter method
13:36:08: [INFO] Routing pad 'SW5:2' at (162059113, 42094327) with pad 'D5:2' at (162946846, 50134595) using coordinate system rotated by 12.0 degree(s)
13:36:08: [INFO] Adding track segment (B.Cu): [(162059113, 42094327), (160990446, 47122004)]
13:36:08: [INFO] Adding track segment (B.Cu): [(160990446, 47122004), (162946846, 50134595)]
13:36:08: [INFO] Routing SW4 with D4
13:36:08: [INFO] Using internal autorouter method
13:36:08: [INFO] Routing pad 'SW4:2' at (143425401, 38133609) with pad 'D4:2' at (144313134, 46173877) using coordinate system rotated by 12.0 degree(s)
13:36:08: [INFO] Adding track segment (B.Cu): [(143425401, 38133609), (142356734, 43161285)]
13:36:08: [INFO] Adding track segment (B.Cu): [(142356734, 43161285), (144313134, 46173877)]
13:36:08: [INFO] Routing SW3 with D3
13:36:08: [INFO] Using internal autorouter method
13:36:08: [INFO] Routing pad 'SW3:2' at (121602500, 33020000) with pad 'D3:2' at (124142500, 40700000) using coordinate system rotated by 0 degree(s)
13:36:08: [INFO] Adding track segment (B.Cu): [(121602500, 33020000), (121602500, 38160000)]
13:36:08: [INFO] Adding track segment (B.Cu): [(121602500, 38160000), (124142500, 40700000)]
13:36:08: [INFO] Routing SW2 with D2
13:36:08: [INFO] Using internal autorouter method
13:36:08: [INFO] Routing pad 'SW2:2' at (102552500, 35306000) with pad 'D2:2' at (105092500, 42986000) using coordinate system rotated by 0 degree(s)
13:36:08: [INFO] Adding track segment (B.Cu): [(102552500, 35306000), (102552500, 40446000)]
13:36:08: [INFO] Adding track segment (B.Cu): [(102552500, 40446000), (105092500, 42986000)]
13:36:08: [INFO] Routing SW1 with D1
13:36:08: [INFO] Using internal autorouter method
13:36:08: [INFO] Routing pad 'SW1:2' at (83502500, 35306000) with pad 'D1:2' at (86042500, 42986000) using coordinate system rotated by 0 degree(s)
13:36:08: [INFO] Adding track segment (B.Cu): [(83502500, 35306000), (83502500, 40446000)]
13:36:08: [INFO] Adding track segment (B.Cu): [(83502500, 40446000), (86042500, 42986000)]
13:36:08: [INFO] Routing ROW4 pads
13:36:08: [WARNING] Could not route pads when parent footprints not rotated the same, footprint1: D29 at 90.0 degree(s) and footprint2: D30 at 78.0 degree(s)
13:36:08: [INFO] Routing pad 'D30:1' at (132071253, 126673763) with pad 'D31:1' at (167484748, 131864063) using coordinate system rotated by 282.0 degree(s)
13:36:08: [INFO] Adding track segment (B.Cu): [(132071253, 126673763), (134782584, 124913002)]
13:36:08: [INFO] Adding track segment (B.Cu): [(134782584, 124913002), (167484748, 131864063)]
13:36:08: [INFO] Routing pad 'D31:1' at (167484748, 131864063) with pad 'D32:1' at (197764530, 138300230) using coordinate system rotated by 282.0 degree(s)
13:36:08: [INFO] Adding track segment (B.Cu): [(167484748, 131864063), (197764529, 138300228)]
13:36:08: [INFO] Adding track segment (B.Cu): [(197764529, 138300228), (197764530, 138300230)]
13:36:08: [INFO] Routing ROW6 pads
13:36:08: [INFO] Routing pad 'D47:1' at (229020368, 76514392) with pad 'D46:1' at (247654080, 72553674) using coordinate system rotated by 258.0 degree(s)
13:36:08: [INFO] Adding track segment (B.Cu): [(229020368, 76514392), (247654079, 72553673)]
13:36:08: [INFO] Adding track segment (B.Cu): [(247654079, 72553673), (247654080, 72553674)]
13:36:08: [INFO] Routing pad 'D46:1' at (247654080, 72553674) with pad 'D45:1' at (266287791, 68592956) using coordinate system rotated by 258.0 degree(s)
13:36:08: [INFO] Adding track segment (B.Cu): [(247654080, 72553674), (266287790, 68592955)]
13:36:08: [INFO] Adding track segment (B.Cu): [(266287790, 68592955), (266287791, 68592956)]
13:36:08: [INFO] Routing pad 'D45:1' at (266287791, 68592956) with pad 'D44:1' at (284921503, 64632238) using coordinate system rotated by 258.0 degree(s)
13:36:08: [INFO] Adding track segment (B.Cu): [(266287791, 68592956), (284921501, 64632238)]
13:36:08: [INFO] Adding track segment (B.Cu): [(284921501, 64632238), (284921503, 64632238)]
13:36:08: [WARNING] Could not route pads when parent footprints not rotated the same, footprint1: D44 at 102.0 degree(s) and footprint2: D43 at 90.0 degree(s)
13:36:08: [INFO] Routing pad 'D43:1' at (305117500, 62550000) with pad 'D42:1' at (324167500, 64836000) using coordinate system rotated by 0 degree(s)
13:36:08: [INFO] Adding track segment (B.Cu): [(305117500, 62550000), (321881500, 62550000)]
13:36:08: [INFO] Adding track segment (B.Cu): [(321881500, 62550000), (324167500, 64836000)]
13:36:08: [INFO] Routing pad 'D42:1' at (324167500, 64836000) with pad 'D41:1' at (343217500, 64836000) using coordinate system rotated by 0 degree(s)
13:36:08: [INFO] Adding track segment (B.Cu): [(324167500, 64836000), (343217500, 64836000)]
13:36:08: [INFO] Routing pad 'D41:1' at (343217500, 64836000) with pad 'D48:1' at (367030000, 64836000) using coordinate system rotated by 0 degree(s)
13:36:08: [INFO] Adding track segment (B.Cu): [(343217500, 64836000), (367030000, 64836000)]
13:36:08: [INFO] Routing ROW5 pads
13:36:08: [INFO] Routing pad 'D39:1' at (234376506, 55900321) with pad 'D38:1' at (253010218, 51939603) using coordinate system rotated by 258.0 degree(s)
13:36:08: [INFO] Adding track segment (B.Cu): [(234376506, 55900321), (253010217, 51939602)]
13:36:09: [INFO] Adding track segment (B.Cu): [(253010217, 51939602), (253010218, 51939603)]
13:36:09: [INFO] Routing pad 'D38:1' at (253010218, 51939603) with pad 'D37:1' at (271643930, 47978886) using coordinate system rotated by 258.0 degree(s)
13:36:09: [INFO] Adding track segment (B.Cu): [(253010218, 51939603), (271643928, 47978885)]
13:36:09: [INFO] Adding track segment (B.Cu): [(271643928, 47978885), (271643930, 47978886)]
13:36:09: [INFO] Routing pad 'D37:1' at (271643930, 47978886) with pad 'D36:1' at (290277641, 44018168) using coordinate system rotated by 258.0 degree(s)
13:36:09: [INFO] Adding track segment (B.Cu): [(271643930, 47978886), (290277639, 44018168)]
13:36:09: [INFO] Adding track segment (B.Cu): [(290277639, 44018168), (290277641, 44018168)]
13:36:09: [WARNING] Could not route pads when parent footprints not rotated the same, footprint1: D36 at 102.0 degree(s) and footprint2: D35 at 90.0 degree(s)
13:36:09: [INFO] Routing pad 'D35:1' at (309880000, 43500000) with pad 'D34:1' at (328930000, 45786000) using coordinate system rotated by 0 degree(s)
13:36:09: [INFO] Adding track segment (B.Cu): [(309880000, 43500000), (326644000, 43500000)]
13:36:09: [INFO] Adding track segment (B.Cu): [(326644000, 43500000), (328930000, 45786000)]
13:36:09: [INFO] Routing pad 'D34:1' at (328930000, 45786000) with pad 'D33:1' at (347980000, 45786000) using coordinate system rotated by 0 degree(s)
13:36:09: [INFO] Adding track segment (B.Cu): [(328930000, 45786000), (347980000, 45786000)]
13:36:09: [INFO] Routing pad 'D33:1' at (347980000, 45786000) with pad 'D40:1' at (357505000, 45786000) using coordinate system rotated by 0 degree(s)
13:36:09: [INFO] Adding track segment (B.Cu): [(347980000, 45786000), (357505000, 45786000)]
13:36:09: [INFO] Routing ROW9 pads
13:36:09: [INFO] Routing pad 'D66:1' at (252548591, 129940078) with pad 'D65:1' at (292660122, 123945936) using coordinate system rotated by 258.0 degree(s)
13:36:09: [INFO] Adding track segment (B.Cu): [(252548591, 129940078), (289722845, 122038446)]
13:36:09: [INFO] Adding track segment (B.Cu): [(289722845, 122038446), (292660122, 123945936)]
13:36:09: [WARNING] Could not route pads when parent footprints not rotated the same, footprint1: D65 at 102.0 degree(s) and footprint2: D64 at 90.0 degree(s)
13:36:09: [INFO] Routing ROW2 pads
13:36:09: [INFO] Routing pad 'D15:1' at (57467500, 62550000) with pad 'D16:1' at (83661250, 83886000) using coordinate system rotated by 0 degree(s)
13:36:09: [INFO] Routing pad 'D16:1' at (83661250, 83886000) with pad 'D17:1' at (109855000, 83886000) using coordinate system rotated by 0 degree(s)
13:36:09: [INFO] Adding track segment (B.Cu): [(83661250, 83886000), (109855000, 83886000)]
13:36:09: [WARNING] Could not route pads when parent footprints not rotated the same, footprint1: D17 at 90.0 degree(s) and footprint2: D18 at 78.0 degree(s)
13:36:09: [INFO] Routing pad 'D18:1' at (131151118, 85189935) with pad 'D19:1' at (149784830, 89150653) using coordinate system rotated by 282.0 degree(s)
13:36:09: [INFO] Adding track segment (B.Cu): [(131151118, 85189935), (149784829, 89150651)]
13:36:09: [INFO] Adding track segment (B.Cu): [(149784829, 89150651), (149784830, 89150653)]
13:36:09: [INFO] Routing pad 'D19:1' at (149784830, 89150653) with pad 'D20:1' at (168418542, 93111371) using coordinate system rotated by 282.0 degree(s)
13:36:09: [INFO] Adding track segment (B.Cu): [(149784830, 89150653), (168418541, 93111370)]
13:36:09: [INFO] Adding track segment (B.Cu): [(168418541, 93111370), (168418542, 93111371)]
13:36:09: [INFO] Routing pad 'D20:1' at (168418542, 93111371) with pad 'D21:1' at (187052254, 97072088) using coordinate system rotated by 282.0 degree(s)
13:36:09: [INFO] Adding track segment (B.Cu): [(168418542, 93111371), (187052252, 97072088)]
13:36:09: [INFO] Adding track segment (B.Cu): [(187052252, 97072088), (187052254, 97072088)]
13:36:09: [INFO] Routing COL5 pads
13:36:09: [INFO] Routing pad 'SW20:1' at (161373628, 83496545) with pad 'SW13:1' at (160675918, 63872653) using coordinate system rotated by 12.0 degree(s)
13:36:09: [INFO] Adding track segment (F.Cu): [(161373628, 83496545), (157705378, 77847937)]
13:36:09: [INFO] Adding track segment (F.Cu): [(157705378, 77847937), (160675918, 63872653)]
13:36:09: [INFO] Routing pad 'SW27:1' at (166729766, 104110615) with pad 'SW20:1' at (161373628, 83496545) using coordinate system rotated by 12.0 degree(s)
13:36:09: [INFO] Adding track segment (F.Cu): [(166729766, 104110615), (159393268, 92813399)]
13:36:09: [INFO] Adding track segment (F.Cu): [(159393268, 92813399), (161373628, 83496545)]
13:36:09: [INFO] Routing pad 'SW31:1' at (160439834, 122249237) with pad 'SW27:1' at (166729766, 104110615) using coordinate system rotated by 12.0 degree(s)
13:36:09: [INFO] Adding track segment (F.Cu): [(160439834, 122249237), (163264137, 120415112)]
13:36:09: [INFO] Adding track segment (F.Cu): [(163264137, 120415112), (166729766, 104110615)]
13:36:09: [INFO] Routing pad 'SW13:1' at (160675918, 63872653) with pad 'SW6:1' at (173953491, 47219300) using coordinate system rotated by 12.0 degree(s)
13:36:09: [INFO] Adding track segment (F.Cu): [(160675918, 63872653), (171973131, 56536155)]
13:36:09: [INFO] Adding track segment (F.Cu): [(171973131, 56536155), (173953491, 47219300)]
13:36:09: [WARNING] Could not route pads when parent footprints not rotated the same, footprint1: SW6 at -12.0 degree(s) and footprint2: SW46 at 12.0 degree(s)
13:36:09: [INFO] Routing pad 'SW53:1' at (245926675, 84279049) with pad 'SW61:1' at (240570537, 104893120) using coordinate system rotated by 348.0 degree(s)
13:36:09: [INFO] Adding track segment (F.Cu): [(245926675, 84279049), (247907033, 93595904)]
13:36:09: [INFO] Adding track segment (F.Cu): [(247907033, 93595904), (240570537, 104893120)]
13:36:09: [INFO] Routing pad 'SW61:1' at (240570537, 104893120) with pad 'SW66:1' at (242202041, 124021921) using coordinate system rotated by 348.0 degree(s)
13:36:09: [INFO] Adding track segment (F.Cu): [(240570537, 104893120), (244036164, 121197618)]
13:36:09: [INFO] Adding track segment (F.Cu): [(244036164, 121197618), (242202041, 124021921)]
13:36:09: [INFO] Routing pad 'SW46:1' at (237307530, 66635517) with pad 'SW38:1' at (242663668, 46021446) using coordinate system rotated by 348.0 degree(s)
13:36:09: [INFO] Adding track segment (F.Cu): [(237307530, 66635517), (244644025, 55338302)]
13:36:09: [INFO] Adding track segment (F.Cu): [(244644025, 55338302), (242663668, 46021446)]
13:36:09: [INFO] Routing pad 'SW46:1' at (237307530, 66635517) with pad 'SW53:1' at (245926675, 84279049) using coordinate system rotated by 348.0 degree(s)
13:36:09: [INFO] Adding track segment (F.Cu): [(237307530, 66635517), (240278068, 80610800)]
13:36:09: [INFO] Adding track segment (F.Cu): [(240278068, 80610800), (245926675, 84279049)]
13:36:09: [INFO] Routing COL6 pads
13:36:09: [INFO] Routing pad 'SW14:1' at (179309630, 67833371) with pad 'SW21:1' at (180007340, 87457262) using coordinate system rotated by 12.0 degree(s)
13:36:09: [INFO] Adding track segment (F.Cu): [(179309630, 67833371), (176339091, 81808655)]
13:36:09: [INFO] Adding track segment (F.Cu): [(176339091, 81808655), (180007340, 87457262)]
13:36:09: [INFO] Routing pad 'SW21:1' at (180007340, 87457262) with pad 'SW28:1' at (185363478, 108071333) using coordinate system rotated by 12.0 degree(s)
13:36:09: [INFO] Adding track segment (F.Cu): [(180007340, 87457262), (178026980, 96774117)]
13:36:09: [INFO] Adding track segment (F.Cu): [(178026980, 96774117), (185363478, 108071333)]
13:36:09: [INFO] Routing pad 'SW28:1' at (185363478, 108071333) with pad 'SW32:1' at (190719616, 128685404) using coordinate system rotated by 12.0 degree(s)
13:36:09: [INFO] Adding track segment (F.Cu): [(185363478, 108071333), (183383118, 117388188)]
13:36:09: [INFO] Adding track segment (F.Cu): [(183383118, 117388188), (190719616, 128685404)]
13:36:09: [INFO] Routing pad 'SW14:1' at (179309630, 67833371) with pad 'SW7:1' at (192587203, 51180018) using coordinate system rotated by 12.0 degree(s)
13:36:09: [INFO] Adding track segment (F.Cu): [(179309630, 67833371), (190606843, 60496873)]
13:36:09: [INFO] Adding track segment (F.Cu): [(190606843, 60496873), (192587203, 51180018)]
13:36:09: [INFO] Routing pad 'SW39:1' at (224029956, 49982164) with pad 'SW47:1' at (218673818, 70596235) using coordinate system rotated by 348.0 degree(s)
13:36:09: [INFO] Adding track segment (F.Cu): [(224029956, 49982164), (226010314, 59299020)]
13:36:09: [INFO] Adding track segment (F.Cu): [(226010314, 59299020), (218673818, 70596235)]
13:36:09: [INFO] Routing pad 'SW54:1' at (227292963, 88239767) with pad 'SW62:1' at (221936825, 108853838) using coordinate system rotated by 348.0 degree(s)
13:36:09: [INFO] Adding track segment (F.Cu): [(227292963, 88239767), (229273321, 97556623)]
13:36:09: [INFO] Adding track segment (F.Cu): [(229273321, 97556623), (221936825, 108853838)]
13:36:09: [WARNING] Could not route pads when parent footprints not rotated the same, footprint1: SW7 at -12.0 degree(s) and footprint2: SW39 at 12.0 degree(s)
13:36:09: [INFO] Routing pad 'SW47:1' at (218673818, 70596235) with pad 'SW54:1' at (227292963, 88239767) using coordinate system rotated by 348.0 degree(s)
13:36:09: [INFO] Adding track segment (F.Cu): [(218673818, 70596235), (221644355, 84571517)]
13:36:09: [INFO] Adding track segment (F.Cu): [(221644355, 84571517), (227292963, 88239767)]
13:36:09: [INFO] Routing COL3 pads
13:36:09: [INFO] Routing pad 'SW11:1' at (123408494, 55951218) with pad 'SW18:1' at (124106204, 75575109) using coordinate system rotated by 12.0 degree(s)
13:36:09: [INFO] Adding track segment (F.Cu): [(123408494, 55951218), (120437955, 69926500)]
13:36:09: [INFO] Adding track segment (F.Cu): [(120437955, 69926500), (124106204, 75575109)]
13:36:09: [INFO] Routing pad 'SW25:1' at (129462343, 96189180) with pad 'SW30:1' at (125026339, 117058937) using coordinate system rotated by 12.0 degree(s)
13:36:09: [INFO] Adding track segment (F.Cu): [(129462343, 96189180), (125026339, 117058936)]
13:36:09: [INFO] Adding track segment (F.Cu): [(125026339, 117058936), (125026339, 117058937)]
13:36:09: [INFO] Routing pad 'SW18:1' at (124106204, 75575109) with pad 'SW25:1' at (129462343, 96189180) using coordinate system rotated by 12.0 degree(s)
13:36:09: [INFO] Adding track segment (F.Cu): [(124106204, 75575109), (122125844, 84891964)]
13:36:09: [INFO] Adding track segment (F.Cu): [(122125844, 84891964), (129462343, 96189180)]
13:36:09: [INFO] Routing pad 'SW11:1' at (123408494, 55951218) with pad 'SW4:1' at (136686068, 39297865) using coordinate system rotated by 12.0 degree(s)
13:36:09: [INFO] Adding track segment (F.Cu): [(123408494, 55951218), (134705709, 48614719)]
13:36:09: [INFO] Adding track segment (F.Cu): [(134705709, 48614719), (136686068, 39297865)]
13:36:09: [WARNING] Could not route pads when parent footprints not rotated the same, footprint1: SW4 at -12.0 degree(s) and footprint2: SW44 at 12.0 degree(s)
13:36:09: [INFO] Routing pad 'SW51:1' at (283194099, 76357614) with pad 'SW59:1' at (277837961, 96971684) using coordinate system rotated by 348.0 degree(s)
13:36:09: [INFO] Adding track segment (F.Cu): [(283194099, 76357614), (285174457, 85674470)]
13:36:09: [INFO] Adding track segment (F.Cu): [(285174457, 85674470), (277837961, 96971684)]
13:36:09: [INFO] Routing pad 'SW44:1' at (274574953, 58714081) with pad 'SW36:1' at (279931091, 38100011) using coordinate system rotated by 348.0 degree(s)
13:36:09: [INFO] Adding track segment (F.Cu): [(274574953, 58714081), (281911449, 47416866)]
13:36:09: [INFO] Adding track segment (F.Cu): [(281911449, 47416866), (279931091, 38100011)]
13:36:09: [INFO] Routing pad 'SW59:1' at (277837961, 96971684) with pad 'SW65:1' at (282313572, 118027779) using coordinate system rotated by 348.0 degree(s)
13:36:09: [INFO] Adding track segment (F.Cu): [(277837961, 96971684), (282313571, 118027778)]
13:36:09: [INFO] Adding track segment (F.Cu): [(282313571, 118027778), (282313572, 118027779)]
13:36:09: [INFO] Routing pad 'SW44:1' at (274574953, 58714081) with pad 'SW51:1' at (283194099, 76357614) using coordinate system rotated by 348.0 degree(s)
13:36:09: [INFO] Adding track segment (F.Cu): [(274574953, 58714081), (277545490, 72689364)]
13:36:09: [INFO] Adding track segment (F.Cu): [(277545490, 72689364), (283194099, 76357614)]
13:36:09: [INFO] Routing COL0 pads
13:36:09: [INFO] Routing pad 'SW22:1' at (43815000, 73660000) with pad 'SW15:1' at (48577500, 54610000) using coordinate system rotated by 0 degree(s)
13:36:09: [INFO] Adding track segment (F.Cu): [(43815000, 73660000), (48577500, 68897500)]
13:36:09: [INFO] Adding track segment (F.Cu): [(48577500, 68897500), (48577500, 54610000)]
13:36:09: [INFO] Routing pad 'SW15:1' at (48577500, 54610000) with pad 'SW8:1' at (53340000, 35560000) using coordinate system rotated by 0 degree(s)
13:36:09: [INFO] Adding track segment (F.Cu): [(48577500, 54610000), (53340000, 49847500)]
13:36:09: [INFO] Adding track segment (F.Cu): [(53340000, 49847500), (53340000, 35560000)]
13:36:09: [INFO] Routing pad 'SW8:1' at (53340000, 35560000) with pad 'SW1:1' at (77152500, 37846000) using coordinate system rotated by 0 degree(s)
13:36:09: [INFO] Adding track segment (F.Cu): [(53340000, 35560000), (74866500, 35560000)]
13:36:09: [INFO] Adding track segment (F.Cu): [(74866500, 35560000), (77152500, 37846000)]
13:36:09: [INFO] Routing pad 'SW1:1' at (77152500, 37846000) with pad 'SW41:1' at (334327500, 56896000) using coordinate system rotated by 0 degree(s)
13:36:09: [INFO] Routing pad 'SW41:1' at (334327500, 56896000) with pad 'SW33:1' at (339090000, 37846000) using coordinate system rotated by 0 degree(s)
13:36:09: [INFO] Routing pad 'SW41:1' at (334327500, 56896000) with pad 'SW56:1' at (346233750, 94996000) using coordinate system rotated by 0 degree(s)
13:36:09: [INFO] Routing pad 'SW56:1' at (346233750, 94996000) with pad 'SW64:1' at (353377500, 114046000) using coordinate system rotated by 0 degree(s)
13:36:09: [INFO] Routing COL7 pads
13:36:09: [INFO] Routing pad 'SW48:1' at (358140000, 56896000) with pad 'SW55:1' at (355758750, 75946000) using coordinate system rotated by 0 degree(s)
13:36:09: [INFO] Adding track segment (F.Cu): [(358140000, 56896000), (358140000, 73564750)]
13:36:09: [INFO] Adding track segment (F.Cu): [(358140000, 73564750), (355758750, 75946000)]
13:36:09: [INFO] Routing pad 'SW55:1' at (355758750, 75946000) with pad 'SW63:1' at (355758750, 94996000) using coordinate system rotated by 0 degree(s)
13:36:09: [INFO] Adding track segment (F.Cu): [(355758750, 75946000), (355758750, 94996000)]
13:36:09: [INFO] Routing pad 'SW40:1' at (348615000, 37846000) with pad 'SW40a:1' at (358140000, 37846000) using coordinate system rotated by 0 degree(s)
13:36:09: [INFO] Adding track segment (F.Cu): [(348615000, 37846000), (358140000, 37846000)]
13:36:09: [INFO] Routing pad 'SW40a:1' at (358140000, 37846000) with pad 'SW48:1' at (358140000, 56896000) using coordinate system rotated by 0 degree(s)
13:36:09: [INFO] Adding track segment (F.Cu): [(358140000, 37846000), (358140000, 56896000)]
13:36:09: [INFO] Could not add track segment due to detected collision
13:36:09: [INFO] Routing pad 'SW63:1' at (355758750, 94996000) with pad 'SW63a:1' at (372427500, 94996000) using coordinate system rotated by 0 degree(s)
13:36:09: [INFO] Adding track segment (F.Cu): [(355758750, 94996000), (372427500, 94996000)]
13:36:09: [INFO] Routing COL2 pads
13:36:09: [INFO] Routing pad 'SW10:1' at (100965000, 56896000) with pad 'SW17:1' at (100965000, 75946000) using coordinate system rotated by 0 degree(s)
13:36:09: [INFO] Adding track segment (F.Cu): [(100965000, 56896000), (100965000, 75946000)]
13:36:09: [INFO] Routing pad 'SW17:1' at (100965000, 75946000) with pad 'SW24:1' at (105727500, 94996000) using coordinate system rotated by 0 degree(s)
13:36:09: [INFO] Adding track segment (F.Cu): [(100965000, 75946000), (100965000, 90233500)]
13:36:09: [INFO] Adding track segment (F.Cu): [(100965000, 90233500), (105727500, 94996000)]
13:36:10: [INFO] Routing pad 'SW10:1' at (100965000, 56896000) with pad 'SW3:1' at (115252500, 35560000) using coordinate system rotated by 0 degree(s)
13:36:10: [INFO] Adding track segment (F.Cu): [(100965000, 56896000), (115252500, 42608500)]
13:36:10: [INFO] Adding track segment (F.Cu): [(115252500, 42608500), (115252500, 35560000)]
13:36:10: [INFO] Routing pad 'SW3:1' at (115252500, 35560000) with pad 'SW43:1' at (296227500, 54610000) using coordinate system rotated by 0 degree(s)
13:36:10: [INFO] Routing pad 'SW43:1' at (296227500, 54610000) with pad 'SW35:1' at (300990000, 35560000) using coordinate system rotated by 0 degree(s)
13:36:10: [INFO] Adding track segment (F.Cu): [(296227500, 54610000), (300990000, 49847500)]
13:36:10: [INFO] Adding track segment (F.Cu): [(300990000, 49847500), (300990000, 35560000)]
13:36:10: [INFO] Routing pad 'SW50:1' at (305752500, 75946000) with pad 'SW58:1' at (300990000, 94996000) using coordinate system rotated by 0 degree(s)
13:36:10: [INFO] Adding track segment (F.Cu): [(305752500, 75946000), (305752500, 90233500)]
13:36:10: [INFO] Adding track segment (F.Cu): [(305752500, 90233500), (300990000, 94996000)]
13:36:10: [INFO] Routing pad 'SW43:1' at (296227500, 54610000) with pad 'SW50:1' at (305752500, 75946000) using coordinate system rotated by 0 degree(s)
13:36:10: [INFO] Adding track segment (F.Cu): [(296227500, 54610000), (296227500, 66421000)]
13:36:10: [INFO] Adding track segment (F.Cu): [(296227500, 66421000), (305752500, 75946000)]
13:36:10: [INFO] Routing ROW0 pads
13:36:10: [INFO] Routing pad 'D1:1' at (86042500, 45786000) with pad 'D2:1' at (105092500, 45786000) using coordinate system rotated by 0 degree(s)
13:36:10: [INFO] Adding track segment (B.Cu): [(86042500, 45786000), (105092500, 45786000)]
13:36:10: [INFO] Routing pad 'D2:1' at (105092500, 45786000) with pad 'D3:1' at (124142500, 43500000) using coordinate system rotated by 0 degree(s)
13:36:10: [INFO] Adding track segment (B.Cu): [(105092500, 45786000), (121856500, 45786000)]
13:36:10: [INFO] Adding track segment (B.Cu): [(121856500, 45786000), (124142500, 43500000)]
13:36:10: [WARNING] Could not route pads when parent footprints not rotated the same, footprint1: D3 at 90.0 degree(s) and footprint2: D4 at 78.0 degree(s)
13:36:10: [INFO] Routing pad 'D4:1' at (143730982, 48912691) with pad 'D5:1' at (162364694, 52873409) using coordinate system rotated by 282.0 degree(s)
13:36:10: [INFO] Adding track segment (B.Cu): [(143730982, 48912691), (162364692, 52873407)]
13:36:10: [INFO] Adding track segment (B.Cu): [(162364692, 52873407), (162364694, 52873409)]
13:36:10: [INFO] Routing pad 'D5:1' at (162364694, 52873409) with pad 'D6:1' at (180998405, 56834126) using coordinate system rotated by 282.0 degree(s)
13:36:10: [INFO] Adding track segment (B.Cu): [(162364694, 52873409), (180998403, 56834126)]
13:36:10: [INFO] Adding track segment (B.Cu): [(180998403, 56834126), (180998405, 56834126)]
13:36:10: [INFO] Routing pad 'D6:1' at (180998405, 56834126) with pad 'D7:1' at (199632117, 60794844) using coordinate system rotated by 282.0 degree(s)
13:36:10: [INFO] Adding track segment (B.Cu): [(180998405, 56834126), (199632117, 60794843)]
13:36:10: [INFO] Adding track segment (B.Cu): [(199632117, 60794843), (199632117, 60794844)]
13:36:10: [INFO] Routing COL4 pads
13:36:10: [INFO] Routing pad 'SW12:1' at (142042206, 59911936) with pad 'SW19:1' at (142739916, 79535827) using coordinate system rotated by 12.0 degree(s)
13:36:10: [INFO] Adding track segment (F.Cu): [(142042206, 59911936), (139071666, 73887219)]
13:36:10: [INFO] Adding track segment (F.Cu): [(139071666, 73887219), (142739916, 79535827)]
13:36:10: [INFO] Routing pad 'SW19:1' at (142739916, 79535827) with pad 'SW26:1' at (148096054, 100149897) using coordinate system rotated by 12.0 degree(s)
13:36:10: [INFO] Adding track segment (F.Cu): [(142739916, 79535827), (140759556, 88852681)]
13:36:10: [INFO] Adding track segment (F.Cu): [(140759556, 88852681), (148096054, 100149897)]
13:36:10: [INFO] Routing pad 'SW12:1' at (142042206, 59911936) with pad 'SW5:1' at (155319780, 43258583) using coordinate system rotated by 12.0 degree(s)
13:36:10: [INFO] Adding track segment (F.Cu): [(142042206, 59911936), (153339421, 52575437)]
13:36:10: [INFO] Adding track segment (F.Cu): [(153339421, 52575437), (155319780, 43258583)]
13:36:10: [WARNING] Could not route pads when parent footprints not rotated the same, footprint1: SW5 at -12.0 degree(s) and footprint2: SW45 at 12.0 degree(s)
13:36:10: [INFO] Routing pad 'SW52:1' at (264560387, 80318332) with pad 'SW60:1' at (259204249, 100932402) using coordinate system rotated by 348.0 degree(s)
13:36:10: [INFO] Adding track segment (F.Cu): [(264560387, 80318332), (266540745, 89635186)]
13:36:10: [INFO] Adding track segment (F.Cu): [(266540745, 89635186), (259204249, 100932402)]
13:36:10: [INFO] Routing pad 'SW45:1' at (255941241, 62674799) with pad 'SW37:1' at (261297380, 42060729) using coordinate system rotated by 348.0 degree(s)
13:36:10: [INFO] Adding track segment (F.Cu): [(255941241, 62674799), (263277738, 51377582)]
13:36:10: [INFO] Adding track segment (F.Cu): [(263277738, 51377582), (261297380, 42060729)]
13:36:10: [INFO] Routing pad 'SW45:1' at (255941241, 62674799) with pad 'SW52:1' at (264560387, 80318332) using coordinate system rotated by 348.0 degree(s)
13:36:10: [INFO] Adding track segment (F.Cu): [(255941241, 62674799), (258911779, 76650083)]
13:36:10: [INFO] Adding track segment (F.Cu): [(258911779, 76650083), (264560387, 80318332)]
13:36:10: [INFO] Routing COL1 pads
13:36:10: [INFO] Routing pad 'SW23:1' at (74771250, 94996000) with pad 'SW16:1' at (74771250, 75946000) using coordinate system rotated by 0 degree(s)
13:36:10: [INFO] Adding track segment (F.Cu): [(74771250, 94996000), (74771250, 75946000)]
13:36:10: [INFO] Routing pad 'SW29:1' at (67627500, 114046000) with pad 'SW23:1' at (74771250, 94996000) using coordinate system rotated by 0 degree(s)
13:36:10: [INFO] Adding track segment (F.Cu): [(67627500, 114046000), (74771250, 106902250)]
13:36:10: [INFO] Adding track segment (F.Cu): [(74771250, 106902250), (74771250, 94996000)]
13:36:10: [INFO] Routing pad 'SW16:1' at (74771250, 75946000) with pad 'SW9:1' at (77152500, 56896000) using coordinate system rotated by 0 degree(s)
13:36:10: [INFO] Adding track segment (F.Cu): [(74771250, 75946000), (77152500, 73564750)]
13:36:10: [INFO] Adding track segment (F.Cu): [(77152500, 73564750), (77152500, 56896000)]
13:36:10: [INFO] Routing pad 'SW9:1' at (77152500, 56896000) with pad 'SW2:1' at (96202500, 37846000) using coordinate system rotated by 0 degree(s)
13:36:10: [INFO] Routing pad 'SW2:1' at (96202500, 37846000) with pad 'SW42:1' at (315277500, 56896000) using coordinate system rotated by 0 degree(s)
13:36:10: [INFO] Routing pad 'SW42:1' at (315277500, 56896000) with pad 'SW34:1' at (320040000, 37846000) using coordinate system rotated by 0 degree(s)
13:36:10: [INFO] Adding track segment (F.Cu): [(315277500, 56896000), (320040000, 52133500)]
13:36:10: [INFO] Adding track segment (F.Cu): [(320040000, 52133500), (320040000, 37846000)]
13:36:10: [INFO] Routing pad 'SW49:1' at (324802500, 75946000) with pad 'SW57:1' at (320040000, 94996000) using coordinate system rotated by 0 degree(s)
13:36:10: [INFO] Adding track segment (F.Cu): [(324802500, 75946000), (324802500, 90233500)]
13:36:10: [INFO] Adding track segment (F.Cu): [(324802500, 90233500), (320040000, 94996000)]
13:36:10: [INFO] Routing pad 'SW42:1' at (315277500, 56896000) with pad 'SW49:1' at (324802500, 75946000) using coordinate system rotated by 0 degree(s)
13:36:10: [INFO] Adding track segment (F.Cu): [(315277500, 56896000), (315277500, 66421000)]
13:36:10: [INFO] Adding track segment (F.Cu): [(315277500, 66421000), (324802500, 75946000)]
13:36:10: [INFO] Routing ROW7 pads
13:36:10: [INFO] Routing pad 'D54:1' at (237639513, 94157924) with pad 'D53:1' at (256273225, 90197206) using coordinate system rotated by 258.0 degree(s)
13:36:10: [INFO] Adding track segment (B.Cu): [(237639513, 94157924), (256273224, 90197205)]
13:36:10: [INFO] Adding track segment (B.Cu): [(256273224, 90197205), (256273225, 90197206)]
13:36:10: [INFO] Routing pad 'D53:1' at (256273225, 90197206) with pad 'D52:1' at (274906937, 86236489) using coordinate system rotated by 258.0 degree(s)
13:36:10: [INFO] Adding track segment (B.Cu): [(256273225, 90197206), (274906936, 86236488)]
13:36:10: [INFO] Adding track segment (B.Cu): [(274906936, 86236488), (274906937, 86236489)]
13:36:10: [INFO] Routing pad 'D52:1' at (274906937, 86236489) with pad 'D51:1' at (293540649, 82275771) using coordinate system rotated by 258.0 degree(s)
13:36:10: [INFO] Adding track segment (B.Cu): [(274906937, 86236489), (293540648, 82275770)]
13:36:10: [INFO] Adding track segment (B.Cu): [(293540648, 82275770), (293540649, 82275771)]
13:36:10: [WARNING] Could not route pads when parent footprints not rotated the same, footprint1: D51 at 102.0 degree(s) and footprint2: D50 at 90.0 degree(s)
13:36:10: [INFO] Routing pad 'D50:1' at (314642500, 83886000) with pad 'D49:1' at (333692500, 83886000) using coordinate system rotated by 0 degree(s)
13:36:10: [INFO] Adding track segment (B.Cu): [(314642500, 83886000), (333692500, 83886000)]
13:36:10: [INFO] Routing pad 'D49:1' at (333692500, 83886000) with pad 'D55:1' at (364648750, 83886000) using coordinate system rotated by 0 degree(s)
13:36:10: [INFO] Adding track segment (B.Cu): [(333692500, 83886000), (364648750, 83886000)]
13:36:10: [INFO] Routing ROW3 pads
13:36:10: [INFO] Routing pad 'D22:1' at (52705000, 81600000) with pad 'D23:1' at (83661250, 102936000) using coordinate system rotated by 0 degree(s)
13:36:10: [INFO] Adding track segment (B.Cu): [(52705000, 81600000), (74041000, 102936000)]
13:36:10: [INFO] Adding track segment (B.Cu): [(74041000, 102936000), (83661250, 102936000)]
13:36:10: [INFO] Routing pad 'D23:1' at (83661250, 102936000) with pad 'D24:1' at (114617500, 102936000) using coordinate system rotated by 0 degree(s)
13:36:10: [INFO] Adding track segment (B.Cu): [(83661250, 102936000), (114617500, 102936000)]
13:36:10: [WARNING] Could not route pads when parent footprints not rotated the same, footprint1: D24 at 90.0 degree(s) and footprint2: D25 at 78.0 degree(s)
13:36:10: [INFO] Routing pad 'D25:1' at (136507257, 105804006) with pad 'D26:1' at (155140968, 109764723) using coordinate system rotated by 282.0 degree(s)
13:36:10: [INFO] Adding track segment (B.Cu): [(136507257, 105804006), (155140966, 109764723)]
13:36:10: [INFO] Adding track segment (B.Cu): [(155140966, 109764723), (155140968, 109764723)]
13:36:10: [INFO] Routing pad 'D26:1' at (155140968, 109764723) with pad 'D27:1' at (173774680, 113725441) using coordinate system rotated by 282.0 degree(s)
13:36:10: [INFO] Adding track segment (B.Cu): [(155140968, 109764723), (173774680, 113725440)]
13:36:10: [INFO] Adding track segment (B.Cu): [(173774680, 113725440), (173774680, 113725441)]
13:36:10: [INFO] Routing pad 'D27:1' at (173774680, 113725441) with pad 'D28:1' at (192408392, 117686159) using coordinate system rotated by 282.0 degree(s)
13:36:10: [INFO] Adding track segment (B.Cu): [(173774680, 113725441), (192408391, 117686158)]
13:36:10: [INFO] Adding track segment (B.Cu): [(192408391, 117686158), (192408392, 117686159)]
13:36:10: [INFO] Routing ROW8 pads
13:36:10: [INFO] Routing pad 'D62:1' at (232283375, 114771995) with pad 'D61:1' at (250917087, 110811277) using coordinate system rotated by 258.0 degree(s)
13:36:10: [INFO] Adding track segment (B.Cu): [(232283375, 114771995), (250917086, 110811276)]
13:36:10: [INFO] Adding track segment (B.Cu): [(250917086, 110811276), (250917087, 110811277)]
13:36:10: [INFO] Routing pad 'D61:1' at (250917087, 110811277) with pad 'D60:1' at (269550799, 106850559) using coordinate system rotated by 258.0 degree(s)
13:36:10: [INFO] Adding track segment (B.Cu): [(250917087, 110811277), (269550798, 106850558)]
13:36:10: [INFO] Adding track segment (B.Cu): [(269550798, 106850558), (269550799, 106850559)]
13:36:10: [INFO] Routing pad 'D60:1' at (269550799, 106850559) with pad 'D59:1' at (288184511, 102889841) using coordinate system rotated by 258.0 degree(s)
13:36:10: [INFO] Adding track segment (B.Cu): [(269550799, 106850559), (288184510, 102889840)]
13:36:10: [INFO] Adding track segment (B.Cu): [(288184510, 102889840), (288184511, 102889841)]
13:36:10: [WARNING] Could not route pads when parent footprints not rotated the same, footprint1: D59 at 102.0 degree(s) and footprint2: D58 at 90.0 degree(s)
13:36:10: [INFO] Routing pad 'D58:1' at (309880000, 102936000) with pad 'D57:1' at (328930000, 102936000) using coordinate system rotated by 0 degree(s)
13:36:10: [INFO] Adding track segment (B.Cu): [(309880000, 102936000), (328930000, 102936000)]
13:36:10: [INFO] Routing pad 'D57:1' at (328930000, 102936000) with pad 'D56:1' at (355123750, 102936000) using coordinate system rotated by 0 degree(s)
13:36:10: [INFO] Adding track segment (B.Cu): [(328930000, 102936000), (355123750, 102936000)]
13:36:10: [INFO] Routing pad 'D56:1' at (355123750, 102936000) with pad 'D63:1' at (364648750, 102936000) using coordinate system rotated by 0 degree(s)
13:36:10: [INFO] Adding track segment (B.Cu): [(355123750, 102936000), (364648750, 102936000)]
13:36:10: [INFO] Routing ROW1 pads
13:36:10: [INFO] Routing pad 'D8:1' at (62230000, 43500000) with pad 'D9:1' at (86042500, 64836000) using coordinate system rotated by 0 degree(s)
13:36:10: [INFO] Routing pad 'D9:1' at (86042500, 64836000) with pad 'D10:1' at (109855000, 64836000) using coordinate system rotated by 0 degree(s)
13:36:10: [INFO] Adding track segment (B.Cu): [(86042500, 64836000), (109855000, 64836000)]
13:36:10: [WARNING] Could not route pads when parent footprints not rotated the same, footprint1: D10 at 90.0 degree(s) and footprint2: D11 at 78.0 degree(s)
13:36:10: [INFO] Routing pad 'D11:1' at (130453408, 65566044) with pad 'D12:1' at (149087120, 69526762) using coordinate system rotated by 282.0 degree(s)
13:36:10: [INFO] Adding track segment (B.Cu): [(130453408, 65566044), (149087118, 69526760)]
13:36:10: [INFO] Adding track segment (B.Cu): [(149087118, 69526760), (149087120, 69526762)]
13:36:10: [INFO] Routing pad 'D12:1' at (149087120, 69526762) with pad 'D13:1' at (167720832, 73487479) using coordinate system rotated by 282.0 degree(s)
13:36:10: [INFO] Adding track segment (B.Cu): [(149087120, 69526762), (167720830, 73487479)]
13:36:10: [INFO] Adding track segment (B.Cu): [(167720830, 73487479), (167720832, 73487479)]
13:36:10: [INFO] Routing pad 'D13:1' at (167720832, 73487479) with pad 'D14:1' at (186354544, 77448197) using coordinate system rotated by 282.0 degree(s)
13:36:10: [INFO] Adding track segment (B.Cu): [(167720832, 73487479), (186354543, 77448196)]
13:36:10: [INFO] Adding track segment (B.Cu): [(186354543, 77448196), (186354544, 77448197)]
13:36:10: [INFO] Removing dangling tracks
