=== kbplacer.kle_serial ===
=== layout2image.py ===
=== kbplacer ===
14:24:15: [INFO] User layout: https://editor.keyboard-tools.xyz/#share=NrDeCIGNwLgAnAYgIareANAgzgW1ggE4D2ALgPoCmkAjDeAL5bgAMGLAOgHbe8-99ulFpjgQAHgQBMTBGwDMggcr6V6AXQwAoMOACeBFgDoArM2jwkkazdHg8BcI2Y12d1-RcYp7jPPCaOuBSbswhngghPmF+AepAA
14:24:15: [INFO] Labels prefixes: for rows: 'ROW', for columns: 'COL'
14:24:15: [INFO] Matrix size: 2x3
14:24:15: [INFO] Add COL0 net
14:24:15: [INFO] Add COL1 net
14:24:15: [INFO] Add COL2 net
14:24:15: [INFO] Add COL3 net
14:24:15: [INFO] Add Net-(D1-A) net
14:24:15: [INFO] Add Net-(D10-A) net
14:24:15: [INFO] Add Net-(D2-A) net
14:24:15: [INFO] Add Net-(D3-A) net
14:24:15: [INFO] Add Net-(D4-A) net
14:24:15: [INFO] Add Net-(D5-A) net
14:24:15: [INFO] Add Net-(D6-A) net
14:24:15: [INFO] Add Net-(D7-A) net
14:24:15: [INFO] Add Net-(D8-A) net
14:24:15: [INFO] Add Net-(D9-A) net
14:24:15: [INFO] Add ROW0 net
14:24:15: [INFO] Add ROW1 net
14:24:15: [INFO] Add ROW2 net
14:24:15: [INFO] Add SW1 footprint
14:24:15: [INFO] Add D1 footprint
14:24:15: [INFO] Add SW2 footprint
14:24:15: [INFO] Add D2 footprint
14:24:15: [INFO] Add SW3 footprint
14:24:15: [INFO] Add D3 footprint
14:24:15: [INFO] Add SW4 footprint
14:24:15: [INFO] Add D4 footprint
14:24:15: [INFO] Add SW5 footprint
14:24:15: [INFO] Add D5 footprint
14:24:15: [INFO] Add SW6 footprint
14:24:15: [INFO] Add D6 footprint
14:24:15: [INFO] Add SW7 footprint
14:24:15: [INFO] Add D7 footprint
14:24:15: [INFO] Add SW8 footprint
14:24:15: [INFO] Add D8 footprint
14:24:15: [INFO] Add SW9 footprint
14:24:15: [INFO] Add D9 footprint
14:24:15: [INFO] Add SW10 footprint
14:24:15: [INFO] Add D10 footprint
14:24:15: [INFO] Detected layout convertible to matrix annotated keyboard
14:24:15: [INFO] Using key 1U distance: (19.05, 19.05) mm
14:24:15: [INFO] Layout offset: (28575000, 28575000)
14:24:15: [INFO] Diode info: [ElementInfo(annotation_format='D{}', position_option=<PositionOption.CUSTOM: 'Custom'>, position=ElementPosition(x=5.08, y=4.0, orientation=90.0, side=<Side.BACK: 'Back'>), template_path='', start_index=-1)]
14:24:15: [INFO] Placing additional elements for SW10
14:24:15: [INFO] Placing additional elements for SW9
14:24:15: [INFO] Placing additional elements for SW8
14:24:15: [INFO] Placing additional elements for SW7
14:24:15: [INFO] Placing additional elements for SW6
14:24:15: [INFO] Placing additional elements for SW5
14:24:15: [INFO] Placing additional elements for SW4
14:24:15: [INFO] Placing additional elements for SW3
14:24:15: [INFO] Placing additional elements for SW2
14:24:15: [INFO] Placing additional elements for SW1
14:24:15: [INFO] Routing SW10 with D10
14:24:15: [INFO] Using internal autorouter method
14:24:15: [INFO] Routing pad 'SW10:2' at (97790000, 80645000) with pad 'D10:2' at (100330000, 88325000) using coordinate system rotated by 0 degree(s)
14:24:15: [INFO] Adding track segment (B.Cu): [(97790000, 80645000), (97790000, 85785000)]
14:24:15: [INFO] Adding track segment (B.Cu): [(97790000, 85785000), (100330000, 88325000)]
14:24:15: [INFO] Routing SW9 with D9
14:24:15: [INFO] Using internal autorouter method
14:24:15: [INFO] Routing pad 'SW9:2' at (78740000, 80645000) with pad 'D9:2' at (81280000, 88325000) using coordinate system rotated by 0 degree(s)
14:24:15: [INFO] Adding track segment (B.Cu): [(78740000, 80645000), (78740000, 85785000)]
14:24:15: [INFO] Adding track segment (B.Cu): [(78740000, 85785000), (81280000, 88325000)]
14:24:15: [INFO] Routing SW8 with D8
14:24:15: [INFO] Using internal autorouter method
14:24:15: [INFO] Routing pad 'SW8:2' at (59690000, 80645000) with pad 'D8:2' at (62230000, 88325000) using coordinate system rotated by 0 degree(s)
14:24:15: [INFO] Adding track segment (B.Cu): [(59690000, 80645000), (59690000, 85785000)]
14:24:15: [INFO] Adding track segment (B.Cu): [(59690000, 85785000), (62230000, 88325000)]
14:24:15: [INFO] Routing SW7 with D7
14:24:15: [INFO] Using internal autorouter method
14:24:15: [INFO] Routing pad 'SW7:2' at (40640000, 80645000) with pad 'D7:2' at (43180000, 88325000) using coordinate system rotated by 0 degree(s)
14:24:15: [INFO] Adding track segment (B.Cu): [(40640000, 80645000), (40640000, 85785000)]
14:24:15: [INFO] Adding track segment (B.Cu): [(40640000, 85785000), (43180000, 88325000)]
14:24:15: [INFO] Routing SW6 with D6
14:24:15: [INFO] Using internal autorouter method
14:24:15: [INFO] Routing pad 'SW6:2' at (97790000, 61595000) with pad 'D6:2' at (100330000, 69275000) using coordinate system rotated by 0 degree(s)
14:24:15: [INFO] Adding track segment (B.Cu): [(97790000, 61595000), (97790000, 66735000)]
14:24:15: [INFO] Adding track segment (B.Cu): [(97790000, 66735000), (100330000, 69275000)]
14:24:15: [INFO] Routing SW5 with D5
14:24:15: [INFO] Using internal autorouter method
14:24:15: [INFO] Routing pad 'SW5:2' at (78740000, 61595000) with pad 'D5:2' at (81280000, 69275000) using coordinate system rotated by 0 degree(s)
14:24:15: [INFO] Adding track segment (B.Cu): [(78740000, 61595000), (78740000, 66735000)]
14:24:15: [INFO] Adding track segment (B.Cu): [(78740000, 66735000), (81280000, 69275000)]
14:24:15: [INFO] Routing SW4 with D4
14:24:15: [INFO] Using internal autorouter method
14:24:15: [INFO] Routing pad 'SW4:2' at (59690000, 61595000) with pad 'D4:2' at (62230000, 69275000) using coordinate system rotated by 0 degree(s)
14:24:15: [INFO] Adding track segment (B.Cu): [(59690000, 61595000), (59690000, 66735000)]
14:24:15: [INFO] Adding track segment (B.Cu): [(59690000, 66735000), (62230000, 69275000)]
14:24:15: [INFO] Routing SW3 with D3
14:24:15: [INFO] Using internal autorouter method
14:24:15: [INFO] Routing pad 'SW3:2' at (40640000, 61595000) with pad 'D3:2' at (43180000, 69275000) using coordinate system rotated by 0 degree(s)
14:24:15: [INFO] Adding track segment (B.Cu): [(40640000, 61595000), (40640000, 66735000)]
14:24:15: [INFO] Adding track segment (B.Cu): [(40640000, 66735000), (43180000, 69275000)]
14:24:15: [INFO] Routing SW2 with D2
14:24:15: [INFO] Using internal autorouter method
14:24:15: [INFO] Routing pad 'SW2:S2' at (102250000, 35600000) with pad 'D2:2' at (92830000, 38200000) using coordinate system rotated by 0 degree(s)
14:24:15: [INFO] Adding track segment (B.Cu): [(102250000, 35600000), (95430000, 35600000)]
14:24:15: [INFO] Adding track segment (B.Cu): [(95430000, 35600000), (92830000, 38200000)]
14:24:15: [INFO] Routing SW1 with D1
14:24:15: [INFO] Using internal autorouter method
14:24:15: [INFO] Routing pad 'SW1:S2' at (45100000, 35600000) with pad 'D1:2' at (35680000, 38200000) using coordinate system rotated by 0 degree(s)
14:24:15: [INFO] Adding track segment (B.Cu): [(45100000, 35600000), (38280000, 35600000)]
14:24:15: [INFO] Adding track segment (B.Cu): [(38280000, 35600000), (35680000, 38200000)]
14:24:15: [INFO] Routing ROW1 pads
14:24:15: [INFO] Routing pad 'D3:1' at (43180000, 72075000) with pad 'D4:1' at (62230000, 72075000) using coordinate system rotated by 0 degree(s)
14:24:15: [INFO] Adding track segment (B.Cu): [(43180000, 72075000), (62230000, 72075000)]
14:24:15: [INFO] Routing pad 'D4:1' at (62230000, 72075000) with pad 'D5:1' at (81280000, 72075000) using coordinate system rotated by 0 degree(s)
14:24:15: [INFO] Adding track segment (B.Cu): [(62230000, 72075000), (81280000, 72075000)]
14:24:15: [INFO] Routing pad 'D5:1' at (81280000, 72075000) with pad 'D6:1' at (100330000, 72075000) using coordinate system rotated by 0 degree(s)
14:24:15: [INFO] Adding track segment (B.Cu): [(81280000, 72075000), (100330000, 72075000)]
14:24:15: [INFO] Routing COL3 pads
14:24:15: [INFO] Routing pad 'SW6:1' at (91440000, 64135000) with pad 'SW10:1' at (91440000, 83185000) using coordinate system rotated by 0 degree(s)
14:24:15: [INFO] Adding track segment (F.Cu): [(91440000, 64135000), (91440000, 83185000)]
14:24:15: [INFO] Routing pad 'SW6:1' at (91440000, 64135000) with pad 'SW2:S1' at (102250000, 40600000) using coordinate system rotated by 0 degree(s)
14:24:15: [INFO] Adding track segment (F.Cu): [(91440000, 64135000), (91440000, 51410000)]
14:24:15: [INFO] Adding track segment (F.Cu): [(91440000, 51410000), (102250000, 40600000)]
14:24:15: [INFO] Routing COL2 pads
14:24:15: [INFO] Routing pad 'SW5:1' at (72390000, 64135000) with pad 'SW9:1' at (72390000, 83185000) using coordinate system rotated by 0 degree(s)
14:24:15: [INFO] Adding track segment (F.Cu): [(72390000, 64135000), (72390000, 83185000)]
14:24:15: [INFO] Routing ROW2 pads
14:24:15: [INFO] Routing pad 'D7:1' at (43180000, 91125000) with pad 'D8:1' at (62230000, 91125000) using coordinate system rotated by 0 degree(s)
14:24:15: [INFO] Adding track segment (B.Cu): [(43180000, 91125000), (62230000, 91125000)]
14:24:15: [INFO] Routing pad 'D8:1' at (62230000, 91125000) with pad 'D9:1' at (81280000, 91125000) using coordinate system rotated by 0 degree(s)
14:24:15: [INFO] Adding track segment (B.Cu): [(62230000, 91125000), (81280000, 91125000)]
14:24:15: [INFO] Routing pad 'D9:1' at (81280000, 91125000) with pad 'D10:1' at (100330000, 91125000) using coordinate system rotated by 0 degree(s)
14:24:15: [INFO] Adding track segment (B.Cu): [(81280000, 91125000), (100330000, 91125000)]
14:24:15: [INFO] Routing ROW0 pads
14:24:15: [INFO] Routing pad 'D1:1' at (35680000, 41000000) with pad 'D2:1' at (92830000, 41000000) using coordinate system rotated by 0 degree(s)
14:24:15: [INFO] Adding track segment (B.Cu): [(35680000, 41000000), (92830000, 41000000)]
14:24:15: [INFO] Could not add track segment due to detected collision
14:24:15: [INFO] Routing COL0 pads
14:24:15: [INFO] Routing pad 'SW3:1' at (34290000, 64135000) with pad 'SW7:1' at (34290000, 83185000) using coordinate system rotated by 0 degree(s)
14:24:15: [INFO] Adding track segment (F.Cu): [(34290000, 64135000), (34290000, 83185000)]
14:24:15: [INFO] Routing pad 'SW3:1' at (34290000, 64135000) with pad 'SW1:S1' at (45100000, 40600000) using coordinate system rotated by 0 degree(s)
14:24:15: [INFO] Adding track segment (F.Cu): [(34290000, 64135000), (34290000, 51410000)]
14:24:15: [INFO] Adding track segment (F.Cu): [(34290000, 51410000), (45100000, 40600000)]
14:24:15: [INFO] Routing COL1 pads
14:24:15: [INFO] Routing pad 'SW4:1' at (53340000, 64135000) with pad 'SW8:1' at (53340000, 83185000) using coordinate system rotated by 0 degree(s)
14:24:15: [INFO] Adding track segment (F.Cu): [(53340000, 64135000), (53340000, 83185000)]
14:24:15: [INFO] Removing dangling tracks
