=== kbplacer.kle_serial ===
=== layout2image.py ===
=== kbplacer ===
14:22:47: [INFO] User layout: https://editor.keyboard-tools.xyz/#share=NrBEAYBp1SAIDeoAeoBccBMA6AHAFgF94JIBmUAXUgChgkAndOARgFYSHUMXOBPZrzigBGALQtiwqCyq16oJuPaducMnnwk1E7FGGi4EqaUxVKQA
14:22:47: [INFO] Labels prefixes: for rows: 'ROW', for columns: 'COL'
14:22:47: [INFO] Matrix size: 0x3
14:22:47: [INFO] Add COL0 net
14:22:47: [INFO] Add COL1 net
14:22:47: [INFO] Add COL2 net
14:22:47: [INFO] Add COL3 net
14:22:47: [INFO] Add Net-(D1-A) net
14:22:47: [INFO] Add Net-(D2-A) net
14:22:47: [INFO] Add Net-(D3-A) net
14:22:47: [INFO] Add Net-(D4-A) net
14:22:47: [INFO] Add ROW0 net
14:22:47: [INFO] Add SW1 footprint
14:22:47: [INFO] Add D1 footprint
14:22:47: [INFO] Add SW2 footprint
14:22:47: [INFO] Add D2 footprint
14:22:47: [INFO] Add SW3 footprint
14:22:48: [INFO] Add D3 footprint
14:22:48: [INFO] Add SW4 footprint
14:22:48: [INFO] Add D4 footprint
14:22:48: [INFO] Detected layout convertible to matrix annotated keyboard
14:22:48: [INFO] Using key 1U distance: (19.05, 19.05) mm
14:22:48: [INFO] Layout offset: (28575000, 28575000)
14:22:48: [INFO] Diode info: [ElementInfo(annotation_format='D{}', position_option=<PositionOption.CUSTOM: 'Custom'>, position=ElementPosition(x=5.08, y=4.0, orientation=90.0, side=<Side.BACK: 'Back'>), template_path='', start_index=-1)]
14:22:48: [INFO] Placing additional elements for SW4
14:22:48: [INFO] Placing additional elements for SW3
14:22:48: [INFO] Placing additional elements for SW2
14:22:48: [INFO] Placing additional elements for SW1
14:22:48: [INFO] Routing SW4 with D4
14:22:48: [INFO] Using internal autorouter method
14:22:48: [INFO] Routing pad 'SW4:2' at (113792000, 33020000) with pad 'D4:2' at (116332000, 40700000) using coordinate system rotated by 0 degree(s)
14:22:48: [INFO] Adding track segment (B.Cu): [(113792000, 33020000), (113792000, 38160000)]
14:22:48: [INFO] Adding track segment (B.Cu): [(113792000, 38160000), (116332000, 40700000)]
14:22:48: [INFO] Routing SW3 with D3
14:22:48: [INFO] Using internal autorouter method
14:22:48: [INFO] Routing pad 'SW3:2' at (91199956, 35325504) with pad 'D3:2' at (95641137, 42086414) using coordinate system rotated by 345.0 degree(s)
14:22:48: [INFO] Adding track segment (B.Cu): [(91199956, 35325504), (92530285, 40290362)]
14:22:48: [INFO] Adding track segment (B.Cu): [(92530285, 40290362), (95641137, 42086414)]
14:22:48: [INFO] Routing SW2 with D2
14:22:48: [INFO] Using internal autorouter method
14:22:48: [INFO] Routing pad 'SW2:2' at (63058947, 36640305) with pad 'D2:2' at (63524669, 44716016) using coordinate system rotated by 15.0 degree(s)
14:22:48: [INFO] Adding track segment (B.Cu): [(63058947, 36640305), (61728616, 41605163)]
14:22:48: [INFO] Adding track segment (B.Cu): [(61728616, 41605163), (63524669, 44716016)]
14:22:48: [INFO] Routing SW1 with D1
14:22:48: [INFO] Using internal autorouter method
14:22:48: [INFO] Routing pad 'SW1:2' at (40640000, 33020000) with pad 'D1:2' at (43180000, 40700000) using coordinate system rotated by 0 degree(s)
14:22:48: [INFO] Adding track segment (B.Cu): [(40640000, 33020000), (40640000, 38160000)]
14:22:48: [INFO] Adding track segment (B.Cu): [(40640000, 38160000), (43180000, 40700000)]
14:22:48: [INFO] Routing COL0 pads
14:22:48: [INFO] Routing ROW0 pads
14:22:48: [WARNING] Could not route pads when parent footprints not rotated the same, footprint1: D1 at 90.0 degree(s) and footprint2: D2 at 75.0 degree(s)
14:22:48: [WARNING] Could not route pads when parent footprints not rotated the same, footprint1: D2 at 75.0 degree(s) and footprint2: D3 at 105.0 degree(s)
14:22:48: [WARNING] Could not route pads when parent footprints not rotated the same, footprint1: D3 at 105.0 degree(s) and footprint2: D4 at 90.0 degree(s)
14:22:48: [INFO] Routing COL3 pads
14:22:48: [INFO] Routing COL1 pads
14:22:48: [INFO] Routing COL2 pads
14:22:48: [INFO] Removing dangling tracks
