=== kbplacer.kle_serial ===
=== layout2image.py ===
=== kbplacer ===
14:37:05: [INFO] User layout: https://editor.keyboard-tools.xyz/#share=NrDeCIGNwLgAnAYgOyreANAg7rOBmLcAEzwBcAnAVwFMBfIgHQDsWWAGDdzOCXeAEwMEndm1bNRPPnkIJS8SrWHhxHLuAC6GAFBhwATzzsAdAICsRaPCSQ79nuH5xTl+eWr0mE9QEZpTnjIKqJqkhj+WDLwrkQKcEpeCGGc-tp6EEYxZm6B2QCccR7K3uKcAgHOAGw5IVwpGBVReS4mABxFip4qDRXp+lmtFp0J3aUSnPiVeFV1Yj7hU83xiT0Lk1q6A8Y5RM4CJrkrY8nrGAAs0-D4cw2XzfuHI6vj6pf9mTvDOHgHR8VJVRncwBawIRAAQyh0Mcj2Q5luwNBeFs9jssN+T3cXRKpzKGBBH0MX1yzjkJABa3xVWRNkh0KhGMEtSIoTONOaYNRaKZBGeJyB1M2GWJ2W+LXJx1xgomGGQtPBDMZezwvhM8MR+PlnJRiDR6JV1350oa8qJg1M4rJu2xoxNZzaCqQSohvLVCNZ9QdTr1+t5+BtFJxgIajvNJMNBEDUpDZ3yPpdbpZIi9+PjOrp+ugkYD4pjVNl8fDYtJsixQbtsfxvm4nvm1drvAl5fzr3CNeF2xLVl1aHQOeNVdlvkiTYAHr8e5m-QPbS88cO0lsIBQ8ABafKcBAT+Br3y5QZ7tXwqfgvuoJPigAWk5wFXg7qIV-vcF8RDHL7Xlo9Kfri60mhAA
14:37:05: [INFO] Labels prefixes: for rows: 'ROW', for columns: 'COL'
14:37:05: [INFO] Matrix size: 0x0
14:37:05: [WARNING] No stabilizer footprint for width 2.75u, using 2u as fallback
14:37:05: [WARNING] No stabilizer footprint for width 2.25u, using 2u as fallback
14:37:05: [INFO] Add COL0 net
14:37:05: [INFO] Add Net-(D1-A) net
14:37:05: [INFO] Add ROW0 net
14:37:05: [INFO] Add SW1 footprint
14:37:05: [INFO] Add D1 footprint
14:37:05: [INFO] Add ST1 footprint
14:37:05: [INFO] Add SW1a footprint
14:37:05: [INFO] Add ST1a footprint
14:37:05: [INFO] Add SW1b footprint
14:37:05: [WARNING] No stabilizer footprint for width 2.75u, using 2u as fallback
14:37:05: [INFO] Add ST1b footprint
14:37:05: [INFO] Add SW1c footprint
14:37:05: [WARNING] No stabilizer footprint for width 2.25u, using 2u as fallback
14:37:05: [INFO] Add ST1c footprint
14:37:05: [INFO] Add SW1d footprint
14:37:05: [INFO] Add ST1d footprint
14:37:05: [INFO] Detected layout convertible to matrix annotated keyboard
14:37:05: [INFO] Using key 1U distance: (19.05, 19.05) mm
14:37:05: [INFO] Layout offset: (38100000, 28575000)
14:37:05: [INFO] Diode info: [ElementInfo(annotation_format='D{}', position_option=<PositionOption.CUSTOM: 'Custom'>, position=ElementPosition(x=5.08, y=4.0, orientation=90.0, side=<Side.BACK: 'Back'>), template_path='', start_index=-1)]
14:37:05: [INFO] Placing additional elements for SW1d
14:37:05: [INFO] Placing additional elements for SW1c
14:37:05: [INFO] Placing additional elements for SW1b
14:37:05: [INFO] Placing additional elements for SW1a
14:37:05: [INFO] Placing additional elements for SW1
14:37:05: [INFO] Routing SW1d with D1
14:37:05: [INFO] Using internal autorouter method
14:37:05: [INFO] Routing pad 'SW1d:2' at (52070000, 14128750) with pad 'D1:2' at (119380000, 40700000) using coordinate system rotated by 0 degree(s)
14:37:05: [INFO] Routing SW1c with D1
14:37:05: [INFO] Using internal autorouter method
14:37:05: [INFO] Routing pad 'SW1c:2' at (119221250, 33020000) with pad 'D1:2' at (119380000, 40700000) using coordinate system rotated by 0 degree(s)
14:37:05: [INFO] Routing SW1b with D1
14:37:05: [INFO] Using internal autorouter method
14:37:05: [INFO] Routing pad 'SW1b:2' at (114458750, 33020000) with pad 'D1:2' at (119380000, 40700000) using coordinate system rotated by 0 degree(s)
14:37:05: [INFO] Routing SW1a with D1
14:37:05: [INFO] Using internal autorouter method
14:37:05: [INFO] Routing pad 'SW1a:2' at (117316250, 33020000) with pad 'D1:2' at (119380000, 40700000) using coordinate system rotated by 0 degree(s)
14:37:05: [INFO] Routing SW1 with D1
14:37:05: [INFO] Using internal autorouter method
14:37:05: [INFO] Routing pad 'SW1:2' at (116840000, 33020000) with pad 'D1:2' at (119380000, 40700000) using coordinate system rotated by 0 degree(s)
14:37:05: [INFO] Routing COL0 pads
14:37:05: [INFO] Routing pad 'SW1d:1' at (54610000, 20478750) with pad 'SW1b:1' at (108108750, 35560000) using coordinate system rotated by 0 degree(s)
14:37:05: [INFO] Routing pad 'SW1b:1' at (108108750, 35560000) with pad 'SW1:1' at (110490000, 35560000) using coordinate system rotated by 0 degree(s)
14:37:05: [INFO] Adding track segment (F.Cu): [(108108750, 35560000), (110490000, 35560000)]
14:37:05: [INFO] Routing pad 'SW1:1' at (110490000, 35560000) with pad 'SW1a:1' at (110966250, 35560000) using coordinate system rotated by 0 degree(s)
14:37:05: [INFO] Adding track segment (F.Cu): [(110490000, 35560000), (110966250, 35560000)]
14:37:05: [INFO] Routing pad 'SW1a:1' at (110966250, 35560000) with pad 'SW1c:1' at (112871250, 35560000) using coordinate system rotated by 0 degree(s)
14:37:05: [INFO] Adding track segment (F.Cu): [(110966250, 35560000), (112871250, 35560000)]
14:37:05: [INFO] Routing ROW0 pads
14:37:05: [INFO] Removing dangling tracks
