=== kbplacer.kle_serial ===
=== layout2image.py ===
=== kbplacer ===
13:36:43: [INFO] User layout: https://editor.keyboard-tools.xyz/#share=NrDeCIA9wLgAgMwDoDsBWANHcBPWcAGJBADgF8twCMAmcLCaeEpNC7agRk-rkf2Q1M2AMb5wAYhTSZ4duE4ZOAFnABdDACgwUfJ1TDc+ALRESJSmPiSAhnftzK1ArwhXsEkV++OOS17rwnERsTkp0DODutvZ2vlRKCLwJKupaOkxwnCgGlHjwpkicNJbiUjLS8SWpGtr8Qax5JmYWomWxcZQA7nqs8ooukdGe3l7xijyRmcFIBP1Kk9gTEXzgPQ2hS4lpdYFZrUYFRMWl1uUV8QhKqrUZvUJNR0jmpx4dNsnrWQbyJYOrw1GY1+-im+AAnH1KNV-uBqos3GUKpVuvgaEghCDijs7kFXjFYp80RjNuArv9EWcgWJ5FcEXtIehaUoKVF2h0iQ0mZQ6TxbvUsihHnBCtzsHSkvy9opsPkRUQHtgvvpScoMC4pdMAGzC0Wq8LJNWcJKUI03dIQABOehK2EtmWUuTtcpVuv01DaVKB8WoJr8qjCaGS1C1OIFhVJihWCgwfpjAa2Qc1zRJIOjJTjJQTcIwSYtewVpKu0aucau2aued2mUL+Ik705331K0pHmpjZo8jVCdbBIcXdzYfA1oKJzt02QhkyxkdisOIvddfb8moKGDGBI6-B6+CQ+njrFMdDlEUa5PG+Sim3593yYKjtJJWP2BKZ5fF+hGG3d5FB8MLtmVF4HRQ81TfXt6w5ICmwHb980tAD0Eoac0BJYV9CQz0229AdnzJDA8KuN98M3Hkv3UNQgA
13:36:43: [INFO] Labels prefixes: for rows: 'ROW', for columns: 'COL'
13:36:43: [INFO] Matrix size: 4x14
13:36:44: [WARNING] No stabilizer footprint for width 2.25u, using 2u as fallback
13:36:44: [WARNING] No stabilizer footprint for width 2.25u, using 2u as fallback
13:36:44: [WARNING] No stabilizer footprint for width 2.75u, using 2u as fallback
13:36:44: [INFO] Add COL0 net
13:36:44: [INFO] Add COL1 net
13:36:44: [INFO] Add COL10 net
13:36:44: [INFO] Add COL11 net
13:36:44: [INFO] Add COL12 net
13:36:44: [INFO] Add COL13 net
13:36:44: [INFO] Add COL14 net
13:36:44: [INFO] Add COL2 net
13:36:44: [INFO] Add COL3 net
13:36:44: [INFO] Add COL4 net
13:36:44: [INFO] Add COL5 net
13:36:44: [INFO] Add COL6 net
13:36:44: [INFO] Add COL7 net
13:36:44: [INFO] Add COL8 net
13:36:44: [INFO] Add COL9 net
13:36:44: [INFO] Add Net-(D1-A) net
13:36:44: [INFO] Add Net-(D10-A) net
13:36:44: [INFO] Add Net-(D11-A) net
13:36:44: [INFO] Add Net-(D12-A) net
13:36:44: [INFO] Add Net-(D13-A) net
13:36:44: [INFO] Add Net-(D14-A) net
13:36:44: [INFO] Add Net-(D15-A) net
13:36:44: [INFO] Add Net-(D16-A) net
13:36:44: [INFO] Add Net-(D17-A) net
13:36:44: [INFO] Add Net-(D18-A) net
13:36:44: [INFO] Add Net-(D19-A) net
13:36:44: [INFO] Add Net-(D2-A) net
13:36:44: [INFO] Add Net-(D20-A) net
13:36:44: [INFO] Add Net-(D21-A) net
13:36:44: [INFO] Add Net-(D22-A) net
13:36:44: [INFO] Add Net-(D23-A) net
13:36:44: [INFO] Add Net-(D24-A) net
13:36:44: [INFO] Add Net-(D25-A) net
13:36:44: [INFO] Add Net-(D26-A) net
13:36:44: [INFO] Add Net-(D27-A) net
13:36:44: [INFO] Add Net-(D28-A) net
13:36:44: [INFO] Add Net-(D29-A) net
13:36:44: [INFO] Add Net-(D3-A) net
13:36:44: [INFO] Add Net-(D30-A) net
13:36:44: [INFO] Add Net-(D31-A) net
13:36:44: [INFO] Add Net-(D32-A) net
13:36:44: [INFO] Add Net-(D33-A) net
13:36:44: [INFO] Add Net-(D34-A) net
13:36:44: [INFO] Add Net-(D35-A) net
13:36:44: [INFO] Add Net-(D36-A) net
13:36:44: [INFO] Add Net-(D37-A) net
13:36:44: [INFO] Add Net-(D38-A) net
13:36:44: [INFO] Add Net-(D39-A) net
13:36:44: [INFO] Add Net-(D4-A) net
13:36:44: [INFO] Add Net-(D40-A) net
13:36:44: [INFO] Add Net-(D41-A) net
13:36:44: [INFO] Add Net-(D42-A) net
13:36:44: [INFO] Add Net-(D43-A) net
13:36:44: [INFO] Add Net-(D44-A) net
13:36:44: [INFO] Add Net-(D45-A) net
13:36:44: [INFO] Add Net-(D46-A) net
13:36:44: [INFO] Add Net-(D47-A) net
13:36:44: [INFO] Add Net-(D48-A) net
13:36:44: [INFO] Add Net-(D49-A) net
13:36:44: [INFO] Add Net-(D5-A) net
13:36:44: [INFO] Add Net-(D50-A) net
13:36:44: [INFO] Add Net-(D51-A) net
13:36:44: [INFO] Add Net-(D52-A) net
13:36:44: [INFO] Add Net-(D53-A) net
13:36:44: [INFO] Add Net-(D54-A) net
13:36:44: [INFO] Add Net-(D55-A) net
13:36:44: [INFO] Add Net-(D56-A) net
13:36:44: [INFO] Add Net-(D57-A) net
13:36:44: [INFO] Add Net-(D58-A) net
13:36:44: [INFO] Add Net-(D59-A) net
13:36:44: [INFO] Add Net-(D6-A) net
13:36:44: [INFO] Add Net-(D60-A) net
13:36:44: [INFO] Add Net-(D61-A) net
13:36:44: [INFO] Add Net-(D62-A) net
13:36:44: [INFO] Add Net-(D63-A) net
13:36:44: [INFO] Add Net-(D64-A) net
13:36:44: [INFO] Add Net-(D65-A) net
13:36:44: [INFO] Add Net-(D66-A) net
13:36:44: [INFO] Add Net-(D67-A) net
13:36:44: [INFO] Add Net-(D68-A) net
13:36:44: [INFO] Add Net-(D7-A) net
13:36:44: [INFO] Add Net-(D8-A) net
13:36:44: [INFO] Add Net-(D9-A) net
13:36:44: [INFO] Add ROW0 net
13:36:44: [INFO] Add ROW1 net
13:36:44: [INFO] Add ROW2 net
13:36:44: [INFO] Add ROW3 net
13:36:44: [INFO] Add ROW4 net
13:36:44: [INFO] Add SW1 footprint
13:36:44: [INFO] Add D1 footprint
13:36:44: [INFO] Add SW2 footprint
13:36:44: [INFO] Add D2 footprint
13:36:44: [INFO] Add SW3 footprint
13:36:44: [INFO] Add D3 footprint
13:36:44: [INFO] Add SW4 footprint
13:36:44: [INFO] Add D4 footprint
13:36:44: [INFO] Add SW5 footprint
13:36:44: [INFO] Add D5 footprint
13:36:44: [INFO] Add SW6 footprint
13:36:44: [INFO] Add D6 footprint
13:36:45: [INFO] Add SW7 footprint
13:36:45: [INFO] Add D7 footprint
13:36:45: [INFO] Add SW8 footprint
13:36:45: [INFO] Add D8 footprint
13:36:45: [INFO] Add SW9 footprint
13:36:45: [INFO] Add D9 footprint
13:36:45: [INFO] Add SW10 footprint
13:36:45: [INFO] Add D10 footprint
13:36:45: [INFO] Add SW11 footprint
13:36:45: [INFO] Add D11 footprint
13:36:45: [INFO] Add SW12 footprint
13:36:45: [INFO] Add D12 footprint
13:36:45: [INFO] Add SW13 footprint
13:36:45: [INFO] Add D13 footprint
13:36:45: [INFO] Add SW14 footprint
13:36:45: [INFO] Add D14 footprint
13:36:45: [INFO] Add SW15 footprint
13:36:45: [INFO] Add D15 footprint
13:36:45: [INFO] Add SW16 footprint
13:36:45: [INFO] Add D16 footprint
13:36:45: [INFO] Add SW17 footprint
13:36:45: [INFO] Add D17 footprint
13:36:45: [INFO] Add SW18 footprint
13:36:45: [INFO] Add D18 footprint
13:36:45: [INFO] Add SW19 footprint
13:36:45: [INFO] Add D19 footprint
13:36:45: [INFO] Add SW20 footprint
13:36:45: [INFO] Add D20 footprint
13:36:45: [INFO] Add SW21 footprint
13:36:45: [INFO] Add D21 footprint
13:36:45: [INFO] Add SW22 footprint
13:36:45: [INFO] Add D22 footprint
13:36:45: [INFO] Add SW23 footprint
13:36:46: [INFO] Add D23 footprint
13:36:46: [INFO] Add SW24 footprint
13:36:46: [INFO] Add D24 footprint
13:36:46: [INFO] Add SW25 footprint
13:36:46: [INFO] Add D25 footprint
13:36:46: [INFO] Add SW26 footprint
13:36:46: [INFO] Add D26 footprint
13:36:46: [INFO] Add SW27 footprint
13:36:46: [INFO] Add D27 footprint
13:36:46: [INFO] Add SW28 footprint
13:36:46: [INFO] Add D28 footprint
13:36:46: [INFO] Add SW29 footprint
13:36:46: [INFO] Add D29 footprint
13:36:46: [INFO] Add SW30 footprint
13:36:46: [INFO] Add D30 footprint
13:36:46: [INFO] Add SW31 footprint
13:36:46: [INFO] Add D31 footprint
13:36:46: [INFO] Add SW32 footprint
13:36:46: [INFO] Add D32 footprint
13:36:46: [INFO] Add SW33 footprint
13:36:46: [INFO] Add D33 footprint
13:36:46: [INFO] Add SW34 footprint
13:36:46: [INFO] Add D34 footprint
13:36:46: [INFO] Add SW35 footprint
13:36:46: [INFO] Add D35 footprint
13:36:46: [INFO] Add SW36 footprint
13:36:46: [INFO] Add D36 footprint
13:36:46: [INFO] Add SW37 footprint
13:36:46: [INFO] Add D37 footprint
13:36:46: [INFO] Add SW38 footprint
13:36:46: [INFO] Add D38 footprint
13:36:47: [INFO] Add SW39 footprint
13:36:47: [INFO] Add D39 footprint
13:36:47: [INFO] Add SW40 footprint
13:36:47: [INFO] Add D40 footprint
13:36:47: [INFO] Add SW41 footprint
13:36:47: [INFO] Add D41 footprint
13:36:47: [INFO] Add SW42 footprint
13:36:47: [INFO] Add D42 footprint
13:36:47: [INFO] Add SW43 footprint
13:36:47: [INFO] Add D43 footprint
13:36:47: [WARNING] No stabilizer footprint for width 2.25u, using 2u as fallback
13:36:47: [INFO] Add ST43 footprint
13:36:47: [INFO] Add SW44 footprint
13:36:47: [INFO] Add D44 footprint
13:36:47: [INFO] Add SW45 footprint
13:36:47: [INFO] Add D45 footprint
13:36:47: [WARNING] No stabilizer footprint for width 2.25u, using 2u as fallback
13:36:47: [INFO] Add ST45 footprint
13:36:47: [INFO] Add SW46 footprint
13:36:47: [INFO] Add D46 footprint
13:36:47: [INFO] Add SW47 footprint
13:36:47: [INFO] Add D47 footprint
13:36:47: [INFO] Add SW48 footprint
13:36:47: [INFO] Add D48 footprint
13:36:47: [INFO] Add SW49 footprint
13:36:47: [INFO] Add D49 footprint
13:36:47: [INFO] Add SW50 footprint
13:36:47: [INFO] Add D50 footprint
13:36:47: [INFO] Add SW51 footprint
13:36:47: [INFO] Add D51 footprint
13:36:47: [INFO] Add SW52 footprint
13:36:47: [INFO] Add D52 footprint
13:36:47: [INFO] Add SW53 footprint
13:36:47: [INFO] Add D53 footprint
13:36:47: [INFO] Add SW54 footprint
13:36:47: [INFO] Add D54 footprint
13:36:48: [INFO] Add SW55 footprint
13:36:48: [INFO] Add D55 footprint
13:36:48: [INFO] Add SW56 footprint
13:36:48: [INFO] Add D56 footprint
13:36:48: [INFO] Add SW57 footprint
13:36:48: [INFO] Add D57 footprint
13:36:48: [INFO] Add SW58 footprint
13:36:48: [INFO] Add D58 footprint
13:36:48: [INFO] Add SW59 footprint
13:36:48: [INFO] Add D59 footprint
13:36:48: [INFO] Add SW60 footprint
13:36:48: [INFO] Add D60 footprint
13:36:48: [INFO] Add SW61 footprint
13:36:48: [INFO] Add D61 footprint
13:36:48: [INFO] Add ST61 footprint
13:36:48: [INFO] Add SW62 footprint
13:36:48: [INFO] Add D62 footprint
13:36:48: [INFO] Add SW63 footprint
13:36:48: [INFO] Add D63 footprint
13:36:48: [INFO] Add SW64 footprint
13:36:48: [INFO] Add D64 footprint
13:36:48: [WARNING] No stabilizer footprint for width 2.75u, using 2u as fallback
13:36:48: [INFO] Add ST64 footprint
13:36:48: [INFO] Add SW65 footprint
13:36:48: [INFO] Add D65 footprint
13:36:48: [INFO] Add SW66 footprint
13:36:48: [INFO] Add D66 footprint
13:36:48: [INFO] Add SW67 footprint
13:36:48: [INFO] Add D67 footprint
13:36:48: [INFO] Add SW68 footprint
13:36:48: [INFO] Add D68 footprint
13:36:49: [INFO] Detected layout convertible to matrix annotated keyboard
13:36:49: [INFO] Using key 1U distance: (19.05, 19.05) mm
13:36:49: [INFO] Layout offset: (33337500, 21336000)
13:36:49: [INFO] Diode info: [ElementInfo(annotation_format='D{}', position_option=<PositionOption.CUSTOM: 'Custom'>, position=ElementPosition(x=5.08, y=4.0, orientation=90.0, side=<Side.BACK: 'Back'>), template_path='', start_index=-1)]
13:36:49: [INFO] Placing additional elements for SW68
13:36:49: [INFO] Placing additional elements for SW67
13:36:49: [INFO] Placing additional elements for SW66
13:36:49: [INFO] Placing additional elements for SW65
13:36:49: [INFO] Placing additional elements for SW64
13:36:49: [INFO] Placing additional elements for SW63
13:36:49: [INFO] Placing additional elements for SW62
13:36:49: [INFO] Placing additional elements for SW61
13:36:49: [INFO] Placing additional elements for SW60
13:36:49: [INFO] Placing additional elements for SW59
13:36:49: [INFO] Placing additional elements for SW58
13:36:49: [INFO] Placing additional elements for SW57
13:36:49: [INFO] Placing additional elements for SW56
13:36:49: [INFO] Placing additional elements for SW55
13:36:49: [INFO] Placing additional elements for SW54
13:36:49: [INFO] Placing additional elements for SW53
13:36:49: [INFO] Placing additional elements for SW52
13:36:49: [INFO] Placing additional elements for SW51
13:36:49: [INFO] Placing additional elements for SW50
13:36:49: [INFO] Placing additional elements for SW49
13:36:49: [INFO] Placing additional elements for SW48
13:36:49: [INFO] Placing additional elements for SW47
13:36:49: [INFO] Placing additional elements for SW46
13:36:49: [INFO] Placing additional elements for SW45
13:36:49: [INFO] Placing additional elements for SW44
13:36:49: [INFO] Placing additional elements for SW43
13:36:49: [INFO] Placing additional elements for SW42
13:36:49: [INFO] Placing additional elements for SW41
13:36:49: [INFO] Placing additional elements for SW40
13:36:49: [INFO] Placing additional elements for SW39
13:36:49: [INFO] Placing additional elements for SW38
13:36:49: [INFO] Placing additional elements for SW37
13:36:49: [INFO] Placing additional elements for SW36
13:36:49: [INFO] Placing additional elements for SW35
13:36:49: [INFO] Placing additional elements for SW34
13:36:49: [INFO] Placing additional elements for SW33
13:36:49: [INFO] Placing additional elements for SW32
13:36:49: [INFO] Placing additional elements for SW31
13:36:49: [INFO] Placing additional elements for SW30
13:36:49: [INFO] Placing additional elements for SW29
13:36:49: [INFO] Placing additional elements for SW28
13:36:49: [INFO] Placing additional elements for SW27
13:36:49: [INFO] Placing additional elements for SW26
13:36:49: [INFO] Placing additional elements for SW25
13:36:49: [INFO] Placing additional elements for SW24
13:36:49: [INFO] Placing additional elements for SW23
13:36:49: [INFO] Placing additional elements for SW22
13:36:49: [INFO] Placing additional elements for SW21
13:36:49: [INFO] Placing additional elements for SW20
13:36:49: [INFO] Placing additional elements for SW19
13:36:49: [INFO] Placing additional elements for SW18
13:36:49: [INFO] Placing additional elements for SW17
13:36:49: [INFO] Placing additional elements for SW16
13:36:49: [INFO] Placing additional elements for SW15
13:36:49: [INFO] Placing additional elements for SW14
13:36:49: [INFO] Placing additional elements for SW13
13:36:49: [INFO] Placing additional elements for SW12
13:36:49: [INFO] Placing additional elements for SW11
13:36:49: [INFO] Placing additional elements for SW10
13:36:49: [INFO] Placing additional elements for SW9
13:36:49: [INFO] Placing additional elements for SW8
13:36:49: [INFO] Placing additional elements for SW7
13:36:49: [INFO] Placing additional elements for SW6
13:36:49: [INFO] Placing additional elements for SW5
13:36:49: [INFO] Placing additional elements for SW4
13:36:49: [INFO] Placing additional elements for SW3
13:36:49: [INFO] Placing additional elements for SW2
13:36:49: [INFO] Placing additional elements for SW1
13:36:49: [INFO] Routing SW68 with D68
13:36:49: [INFO] Using internal autorouter method
13:36:49: [INFO] Routing pad 'SW68:2' at (388302500, 116268500) with pad 'D68:2' at (390842500, 123948500) using coordinate system rotated by 0 degree(s)
13:36:49: [INFO] Adding track segment (B.Cu): [(388302500, 116268500), (388302500, 121408500)]
13:36:49: [INFO] Adding track segment (B.Cu): [(388302500, 121408500), (390842500, 123948500)]
13:36:49: [INFO] Routing SW67 with D67
13:36:49: [INFO] Using internal autorouter method
13:36:49: [INFO] Routing pad 'SW67:2' at (369252500, 116268500) with pad 'D67:2' at (371792500, 123948500) using coordinate system rotated by 0 degree(s)
13:36:49: [INFO] Adding track segment (B.Cu): [(369252500, 116268500), (369252500, 121408500)]
13:36:49: [INFO] Adding track segment (B.Cu): [(369252500, 121408500), (371792500, 123948500)]
13:36:49: [INFO] Routing SW66 with D66
13:36:49: [INFO] Using internal autorouter method
13:36:49: [INFO] Routing pad 'SW66:2' at (350202500, 116268500) with pad 'D66:2' at (352742500, 123948500) using coordinate system rotated by 0 degree(s)
13:36:49: [INFO] Adding track segment (B.Cu): [(350202500, 116268500), (350202500, 121408500)]
13:36:49: [INFO] Adding track segment (B.Cu): [(350202500, 121408500), (352742500, 123948500)]
13:36:49: [INFO] Routing SW65 with D65
13:36:49: [INFO] Using internal autorouter method
13:36:49: [INFO] Routing pad 'SW65:2' at (282511176, 114582802) with pad 'D65:2' at (286592432, 121566880) using coordinate system rotated by 348.0 degree(s)
13:36:49: [INFO] Adding track segment (B.Cu): [(282511176, 114582802), (283579841, 119610480)]
13:36:49: [INFO] Adding track segment (B.Cu): [(283579841, 119610480), (286592432, 121566880)]
13:36:49: [INFO] Routing SW64 with D64
13:36:49: [INFO] Using internal autorouter method
13:36:49: [INFO] Routing pad 'SW64:2' at (242914539, 122999328) with pad 'D64:2' at (246995795, 129983406) using coordinate system rotated by 348.0 degree(s)
13:36:49: [INFO] Adding track segment (B.Cu): [(242914539, 122999328), (243983205, 128027007)]
13:36:49: [INFO] Adding track segment (B.Cu): [(243983205, 128027007), (246995795, 129983406)]
13:36:49: [INFO] Routing SW63 with D63
13:36:49: [INFO] Using internal autorouter method
13:36:49: [INFO] Routing pad 'SW63:2' at (212342288, 109915675) with pad 'D63:2' at (216423544, 116899753) using coordinate system rotated by 348.0 degree(s)
13:36:49: [INFO] Adding track segment (B.Cu): [(212342288, 109915675), (213410953, 114943352)]
13:36:49: [INFO] Adding track segment (B.Cu): [(213410953, 114943352), (216423544, 116899753)]
13:36:49: [INFO] Routing SW62 with D62
13:36:49: [INFO] Using internal autorouter method
13:36:49: [INFO] Routing pad 'SW62:2' at (192696449, 127521148) with pad 'D62:2' at (193584182, 135561416) using coordinate system rotated by 12.0 degree(s)
13:36:49: [INFO] Adding track segment (B.Cu): [(192696449, 127521148), (191627782, 132548825)]
13:36:49: [INFO] Adding track segment (B.Cu): [(191627782, 132548825), (193584182, 135561416)]
13:36:49: [INFO] Routing SW61 with D61
13:36:49: [INFO] Using internal autorouter method
13:36:49: [INFO] Routing pad 'SW61:2' at (164745881, 121580071) with pad 'D61:2' at (165633614, 129620339) using coordinate system rotated by 12.0 degree(s)
13:36:49: [INFO] Adding track segment (B.Cu): [(164745881, 121580071), (163677214, 126607748)]
13:36:49: [INFO] Adding track segment (B.Cu): [(163677214, 126607748), (165633614, 129620339)]
13:36:49: [INFO] Routing SW60 with D60
13:36:49: [INFO] Using internal autorouter method
13:36:49: [INFO] Routing pad 'SW60:2' at (132136886, 114648815) with pad 'D60:2' at (133024619, 122689083) using coordinate system rotated by 12.0 degree(s)
13:36:49: [INFO] Adding track segment (B.Cu): [(132136886, 114648815), (131068219, 119676491)]
13:36:49: [INFO] Adding track segment (B.Cu): [(131068219, 119676491), (133024619, 122689083)]
13:36:49: [INFO] Routing SW59 with D59
13:36:49: [INFO] Using internal autorouter method
13:36:49: [INFO] Routing pad 'SW59:2' at (69215000, 111506000) with pad 'D59:2' at (71755000, 119186000) using coordinate system rotated by 0 degree(s)
13:36:49: [INFO] Adding track segment (B.Cu): [(69215000, 111506000), (69215000, 116646000)]
13:36:49: [INFO] Adding track segment (B.Cu): [(69215000, 116646000), (71755000, 119186000)]
13:36:49: [INFO] Routing SW58 with D58
13:36:49: [INFO] Using internal autorouter method
13:36:49: [INFO] Routing pad 'SW58:2' at (388302500, 71120000) with pad 'D58:2' at (390842500, 78800000) using coordinate system rotated by 0 degree(s)
13:36:49: [INFO] Adding track segment (B.Cu): [(388302500, 71120000), (388302500, 76260000)]
13:36:49: [INFO] Adding track segment (B.Cu): [(388302500, 76260000), (390842500, 78800000)]
13:36:49: [INFO] Routing SW57 with D57
13:36:49: [INFO] Using internal autorouter method
13:36:49: [INFO] Routing pad 'SW57:2' at (369252500, 97218500) with pad 'D57:2' at (371792500, 104898500) using coordinate system rotated by 0 degree(s)
13:36:49: [INFO] Adding track segment (B.Cu): [(369252500, 97218500), (369252500, 102358500)]
13:36:49: [INFO] Adding track segment (B.Cu): [(369252500, 102358500), (371792500, 104898500)]
13:36:49: [INFO] Routing SW56 with D56
13:36:49: [INFO] Using internal autorouter method
13:36:49: [INFO] Routing pad 'SW56:2' at (338296250, 92456000) with pad 'D56:2' at (340836250, 100136000) using coordinate system rotated by 0 degree(s)
13:36:49: [INFO] Adding track segment (B.Cu): [(338296250, 92456000), (338296250, 97596000)]
13:36:49: [INFO] Adding track segment (B.Cu): [(338296250, 97596000), (340836250, 100136000)]
13:36:49: [INFO] Routing SW55 with D55
13:36:49: [INFO] Using internal autorouter method
13:36:49: [INFO] Routing pad 'SW55:2' at (312102500, 92456000) with pad 'D55:2' at (314642500, 100136000) using coordinate system rotated by 0 degree(s)
13:36:49: [INFO] Adding track segment (B.Cu): [(312102500, 92456000), (312102500, 97596000)]
13:36:49: [INFO] Adding track segment (B.Cu): [(312102500, 97596000), (314642500, 100136000)]
13:36:49: [INFO] Routing SW54 with D54
13:36:49: [INFO] Using internal autorouter method
13:36:49: [INFO] Routing pad 'SW54:2' at (286877135, 94072804) with pad 'D54:2' at (290958391, 101056882) using coordinate system rotated by 348.0 degree(s)
13:36:49: [INFO] Adding track segment (B.Cu): [(286877135, 94072804), (287945800, 99100483)]
13:36:49: [INFO] Adding track segment (B.Cu): [(287945800, 99100483), (290958391, 101056882)]
13:36:49: [INFO] Routing SW53 with D53
13:36:49: [INFO] Using internal autorouter method
13:36:49: [INFO] Routing pad 'SW53:2' at (268243423, 98033522) with pad 'D53:2' at (272324679, 105017600) using coordinate system rotated by 348.0 degree(s)
13:36:49: [INFO] Adding track segment (B.Cu): [(268243423, 98033522), (269312088, 103061200)]
13:36:49: [INFO] Adding track segment (B.Cu): [(269312088, 103061200), (272324679, 105017600)]
13:36:49: [INFO] Routing SW52 with D52
13:36:49: [INFO] Using internal autorouter method
13:36:49: [INFO] Routing pad 'SW52:2' at (249609711, 101994239) with pad 'D52:2' at (253690967, 108978317) using coordinate system rotated by 348.0 degree(s)
13:36:49: [INFO] Adding track segment (B.Cu): [(249609711, 101994239), (250678377, 107021918)]
13:36:49: [INFO] Adding track segment (B.Cu): [(250678377, 107021918), (253690967, 108978317)]
13:36:49: [INFO] Routing SW51 with D51
13:36:49: [INFO] Using internal autorouter method
13:36:49: [INFO] Routing pad 'SW51:2' at (230976000, 105954957) with pad 'D51:2' at (235057256, 112939035) using coordinate system rotated by 348.0 degree(s)
13:36:49: [INFO] Adding track segment (B.Cu): [(230976000, 105954957), (232044665, 110982635)]
13:36:49: [INFO] Adding track segment (B.Cu): [(232044665, 110982635), (235057256, 112939035)]
13:36:49: [INFO] Routing SW50 with D50
13:36:49: [INFO] Using internal autorouter method
13:36:49: [INFO] Routing pad 'SW50:2' at (187340311, 106907077) with pad 'D50:2' at (188228044, 114947345) using coordinate system rotated by 12.0 degree(s)
13:36:49: [INFO] Adding track segment (B.Cu): [(187340311, 106907077), (186271644, 111934753)]
13:36:49: [INFO] Adding track segment (B.Cu): [(186271644, 111934753), (188228044, 114947345)]
13:36:49: [INFO] Routing SW49 with D49
13:36:49: [INFO] Using internal autorouter method
13:36:49: [INFO] Routing pad 'SW49:2' at (168706599, 102946359) with pad 'D49:2' at (169594332, 110986627) using coordinate system rotated by 12.0 degree(s)
13:36:49: [INFO] Adding track segment (B.Cu): [(168706599, 102946359), (167637932, 107974035)]
13:36:49: [INFO] Adding track segment (B.Cu): [(167637932, 107974035), (169594332, 110986627)]
13:36:49: [INFO] Routing SW48 with D48
13:36:49: [INFO] Using internal autorouter method
13:36:49: [INFO] Routing pad 'SW48:2' at (150072887, 98985641) with pad 'D48:2' at (150960620, 107025909) using coordinate system rotated by 12.0 degree(s)
13:36:49: [INFO] Adding track segment (B.Cu): [(150072887, 98985641), (149004220, 104013319)]
13:36:49: [INFO] Adding track segment (B.Cu): [(149004220, 104013319), (150960620, 107025909)]
13:36:49: [INFO] Routing SW47 with D47
13:36:49: [INFO] Using internal autorouter method
13:36:49: [INFO] Routing pad 'SW47:2' at (131439176, 95024924) with pad 'D47:2' at (132326909, 103065192) using coordinate system rotated by 12.0 degree(s)
13:36:49: [INFO] Adding track segment (B.Cu): [(131439176, 95024924), (130370509, 100052601)]
13:36:49: [INFO] Adding track segment (B.Cu): [(130370509, 100052601), (132326909, 103065192)]
13:36:49: [INFO] Routing SW46 with D46
13:36:49: [INFO] Using internal autorouter method
13:36:49: [INFO] Routing pad 'SW46:2' at (107315000, 92456000) with pad 'D46:2' at (109855000, 100136000) using coordinate system rotated by 0 degree(s)
13:36:49: [INFO] Adding track segment (B.Cu): [(107315000, 92456000), (107315000, 97596000)]
13:36:49: [INFO] Adding track segment (B.Cu): [(107315000, 97596000), (109855000, 100136000)]
13:36:49: [INFO] Routing SW45 with D45
13:36:49: [INFO] Using internal autorouter method
13:36:49: [INFO] Routing pad 'SW45:2' at (76358750, 92456000) with pad 'D45:2' at (78898750, 100136000) using coordinate system rotated by 0 degree(s)
13:36:49: [INFO] Adding track segment (B.Cu): [(76358750, 92456000), (76358750, 97596000)]
13:36:49: [INFO] Adding track segment (B.Cu): [(76358750, 97596000), (78898750, 100136000)]
13:36:49: [INFO] Routing SW44 with D44
13:36:49: [INFO] Using internal autorouter method
13:36:49: [INFO] Routing pad 'SW44:2' at (383540000, 52070000) with pad 'D44:2' at (386080000, 59750000) using coordinate system rotated by 0 degree(s)
13:36:49: [INFO] Adding track segment (B.Cu): [(383540000, 52070000), (383540000, 57210000)]
13:36:49: [INFO] Adding track segment (B.Cu): [(383540000, 57210000), (386080000, 59750000)]
13:36:49: [INFO] Routing SW43 with D43
13:36:49: [INFO] Using internal autorouter method
13:36:49: [INFO] Routing pad 'SW43:2' at (352583750, 73406000) with pad 'D43:2' at (355123750, 81086000) using coordinate system rotated by 0 degree(s)
13:36:49: [INFO] Adding track segment (B.Cu): [(352583750, 73406000), (352583750, 78546000)]
13:36:49: [INFO] Adding track segment (B.Cu): [(352583750, 78546000), (355123750, 81086000)]
13:36:49: [INFO] Routing SW42 with D42
13:36:49: [INFO] Using internal autorouter method
13:36:49: [INFO] Routing pad 'SW42:2' at (321627500, 73406000) with pad 'D42:2' at (324167500, 81086000) using coordinate system rotated by 0 degree(s)
13:36:49: [INFO] Adding track segment (B.Cu): [(321627500, 73406000), (321627500, 78546000)]
13:36:49: [INFO] Adding track segment (B.Cu): [(321627500, 78546000), (324167500, 81086000)]
13:36:49: [INFO] Routing SW41 with D41
13:36:49: [INFO] Using internal autorouter method
13:36:49: [INFO] Routing pad 'SW41:2' at (302577500, 73406000) with pad 'D41:2' at (305117500, 81086000) using coordinate system rotated by 0 degree(s)
13:36:49: [INFO] Adding track segment (B.Cu): [(302577500, 73406000), (302577500, 78546000)]
13:36:49: [INFO] Adding track segment (B.Cu): [(302577500, 78546000), (305117500, 81086000)]
13:36:49: [INFO] Routing SW40 with D40
13:36:49: [INFO] Using internal autorouter method
13:36:49: [INFO] Routing pad 'SW40:2' at (279248169, 76325199) with pad 'D40:2' at (283329425, 83309277) using coordinate system rotated by 348.0 degree(s)
13:36:49: [INFO] Adding track segment (B.Cu): [(279248169, 76325199), (280316834, 81352878)]
13:36:49: [INFO] Adding track segment (B.Cu): [(280316834, 81352878), (283329425, 83309277)]
13:36:49: [INFO] Routing SW39 with D39
13:36:49: [INFO] Using internal autorouter method
13:36:49: [INFO] Routing pad 'SW39:2' at (260614457, 80285917) with pad 'D39:2' at (264695713, 87269995) using coordinate system rotated by 348.0 degree(s)
13:36:49: [INFO] Adding track segment (B.Cu): [(260614457, 80285917), (261683123, 85313596)]
13:36:49: [INFO] Adding track segment (B.Cu): [(261683123, 85313596), (264695713, 87269995)]
13:36:49: [INFO] Routing SW38 with D38
13:36:49: [INFO] Using internal autorouter method
13:36:49: [INFO] Routing pad 'SW38:2' at (241980745, 84246635) with pad 'D38:2' at (246062001, 91230713) using coordinate system rotated by 348.0 degree(s)
13:36:49: [INFO] Adding track segment (B.Cu): [(241980745, 84246635), (243049410, 89274313)]
13:36:49: [INFO] Adding track segment (B.Cu): [(243049410, 89274313), (246062001, 91230713)]
13:36:49: [INFO] Routing SW37 with D37
13:36:49: [INFO] Using internal autorouter method
13:36:49: [INFO] Routing pad 'SW37:2' at (223347033, 88207353) with pad 'D37:2' at (227428289, 95191431) using coordinate system rotated by 348.0 degree(s)
13:36:49: [INFO] Adding track segment (B.Cu): [(223347033, 88207353), (224415698, 93235031)]
13:36:49: [INFO] Adding track segment (B.Cu): [(224415698, 93235031), (227428289, 95191431)]
13:36:49: [INFO] Routing SW36 with D36
13:36:49: [INFO] Using internal autorouter method
13:36:49: [INFO] Routing pad 'SW36:2' at (181984173, 86293006) with pad 'D36:2' at (182871906, 94333274) using coordinate system rotated by 12.0 degree(s)
13:36:49: [INFO] Adding track segment (B.Cu): [(181984173, 86293006), (180915506, 91320682)]
13:36:49: [INFO] Adding track segment (B.Cu): [(180915506, 91320682), (182871906, 94333274)]
13:36:49: [INFO] Routing SW35 with D35
13:36:49: [INFO] Using internal autorouter method
13:36:49: [INFO] Routing pad 'SW35:2' at (163350461, 82332289) with pad 'D35:2' at (164238194, 90372557) using coordinate system rotated by 12.0 degree(s)
13:36:49: [INFO] Adding track segment (B.Cu): [(163350461, 82332289), (162281794, 87359966)]
13:36:49: [INFO] Adding track segment (B.Cu): [(162281794, 87359966), (164238194, 90372557)]
13:36:49: [INFO] Routing SW34 with D34
13:36:49: [INFO] Using internal autorouter method
13:36:49: [INFO] Routing pad 'SW34:2' at (144716749, 78371571) with pad 'D34:2' at (145604482, 86411839) using coordinate system rotated by 12.0 degree(s)
13:36:49: [INFO] Adding track segment (B.Cu): [(144716749, 78371571), (143648082, 83399247)]
13:36:49: [INFO] Adding track segment (B.Cu): [(143648082, 83399247), (145604482, 86411839)]
13:36:49: [INFO] Routing SW33 with D33
13:36:49: [INFO] Using internal autorouter method
13:36:49: [INFO] Routing pad 'SW33:2' at (126083037, 74410853) with pad 'D33:2' at (126970770, 82451121) using coordinate system rotated by 12.0 degree(s)
13:36:49: [INFO] Adding track segment (B.Cu): [(126083037, 74410853), (125014370, 79438529)]
13:36:49: [INFO] Adding track segment (B.Cu): [(125014370, 79438529), (126970770, 82451121)]
13:36:49: [INFO] Routing SW32 with D32
13:36:49: [INFO] Using internal autorouter method
13:36:49: [INFO] Routing pad 'SW32:2' at (102552500, 73406000) with pad 'D32:2' at (105092500, 81086000) using coordinate system rotated by 0 degree(s)
13:36:49: [INFO] Adding track segment (B.Cu): [(102552500, 73406000), (102552500, 78546000)]
13:36:49: [INFO] Adding track segment (B.Cu): [(102552500, 78546000), (105092500, 81086000)]
13:36:49: [INFO] Routing SW31 with D31
13:36:49: [INFO] Using internal autorouter method
13:36:49: [INFO] Routing pad 'SW31:2' at (76358750, 73406000) with pad 'D31:2' at (78898750, 81086000) using coordinate system rotated by 0 degree(s)
13:36:49: [INFO] Adding track segment (B.Cu): [(76358750, 73406000), (76358750, 78546000)]
13:36:49: [INFO] Adding track segment (B.Cu): [(76358750, 78546000), (78898750, 81086000)]
13:36:49: [INFO] Routing SW30 with D30
13:36:49: [INFO] Using internal autorouter method
13:36:49: [INFO] Routing pad 'SW30:2' at (378777500, 33020000) with pad 'D30:2' at (381317500, 40700000) using coordinate system rotated by 0 degree(s)
13:36:49: [INFO] Adding track segment (B.Cu): [(378777500, 33020000), (378777500, 38160000)]
13:36:49: [INFO] Adding track segment (B.Cu): [(378777500, 38160000), (381317500, 40700000)]
13:36:49: [INFO] Routing SW29 with D29
13:36:49: [INFO] Using internal autorouter method
13:36:49: [INFO] Routing pad 'SW29:2' at (354965000, 54356000) with pad 'D29:2' at (357505000, 62036000) using coordinate system rotated by 0 degree(s)
13:36:49: [INFO] Adding track segment (B.Cu): [(354965000, 54356000), (354965000, 59496000)]
13:36:49: [INFO] Adding track segment (B.Cu): [(354965000, 59496000), (357505000, 62036000)]
13:36:49: [INFO] Routing SW28 with D28
13:36:49: [INFO] Using internal autorouter method
13:36:49: [INFO] Routing pad 'SW28:2' at (331152500, 54356000) with pad 'D28:2' at (333692500, 62036000) using coordinate system rotated by 0 degree(s)
13:36:49: [INFO] Adding track segment (B.Cu): [(331152500, 54356000), (331152500, 59496000)]
13:36:49: [INFO] Adding track segment (B.Cu): [(331152500, 59496000), (333692500, 62036000)]
13:36:49: [INFO] Routing SW27 with D27
13:36:49: [INFO] Using internal autorouter method
13:36:49: [INFO] Routing pad 'SW27:2' at (312102500, 54356000) with pad 'D27:2' at (314642500, 62036000) using coordinate system rotated by 0 degree(s)
13:36:49: [INFO] Adding track segment (B.Cu): [(312102500, 54356000), (312102500, 59496000)]
13:36:49: [INFO] Adding track segment (B.Cu): [(312102500, 59496000), (314642500, 62036000)]
13:36:49: [INFO] Routing SW26 with D26
13:36:49: [INFO] Using internal autorouter method
13:36:49: [INFO] Routing pad 'SW26:2' at (289262735, 54720949) with pad 'D26:2' at (293343991, 61705027) using coordinate system rotated by 348.0 degree(s)
13:36:49: [INFO] Adding track segment (B.Cu): [(289262735, 54720949), (290331401, 59748628)]
13:36:49: [INFO] Adding track segment (B.Cu): [(290331401, 59748628), (293343991, 61705027)]
13:36:49: [INFO] Routing SW25 with D25
13:36:49: [INFO] Using internal autorouter method
13:36:49: [INFO] Routing pad 'SW25:2' at (270629023, 58681667) with pad 'D25:2' at (274710279, 65665745) using coordinate system rotated by 348.0 degree(s)
13:36:49: [INFO] Adding track segment (B.Cu): [(270629023, 58681667), (271697688, 63709345)]
13:36:49: [INFO] Adding track segment (B.Cu): [(271697688, 63709345), (274710279, 65665745)]
13:36:49: [INFO] Routing SW24 with D24
13:36:49: [INFO] Using internal autorouter method
13:36:49: [INFO] Routing pad 'SW24:2' at (251995311, 62642385) with pad 'D24:2' at (256076567, 69626463) using coordinate system rotated by 348.0 degree(s)
13:36:49: [INFO] Adding track segment (B.Cu): [(251995311, 62642385), (253063976, 67670064)]
13:36:49: [INFO] Adding track segment (B.Cu): [(253063976, 67670064), (256076567, 69626463)]
13:36:49: [INFO] Routing SW23 with D23
13:36:49: [INFO] Using internal autorouter method
13:36:49: [INFO] Routing pad 'SW23:2' at (233361600, 66603102) with pad 'D23:2' at (237442856, 73587180) using coordinate system rotated by 348.0 degree(s)
13:36:49: [INFO] Adding track segment (B.Cu): [(233361600, 66603102), (234430265, 71630781)]
13:36:49: [INFO] Adding track segment (B.Cu): [(234430265, 71630781), (237442856, 73587180)]
13:36:49: [INFO] Routing SW22 with D22
13:36:49: [INFO] Using internal autorouter method
13:36:49: [INFO] Routing pad 'SW22:2' at (214727888, 70563820) with pad 'D22:2' at (218809144, 77547898) using coordinate system rotated by 348.0 degree(s)
13:36:49: [INFO] Adding track segment (B.Cu): [(214727888, 70563820), (215796553, 75591499)]
13:36:49: [INFO] Adding track segment (B.Cu): [(215796553, 75591499), (218809144, 77547898)]
13:36:49: [INFO] Routing SW21 with D21
13:36:49: [INFO] Using internal autorouter method
13:36:49: [INFO] Routing pad 'SW21:2' at (181286463, 66669115) with pad 'D21:2' at (182174196, 74709383) using coordinate system rotated by 12.0 degree(s)
13:36:49: [INFO] Adding track segment (B.Cu): [(181286463, 66669115), (180217796, 71696792)]
13:36:49: [INFO] Adding track segment (B.Cu): [(180217796, 71696792), (182174196, 74709383)]
13:36:49: [INFO] Routing SW20 with D20
13:36:49: [INFO] Using internal autorouter method
13:36:49: [INFO] Routing pad 'SW20:2' at (162652751, 62708397) with pad 'D20:2' at (163540484, 70748665) using coordinate system rotated by 12.0 degree(s)
13:36:49: [INFO] Adding track segment (B.Cu): [(162652751, 62708397), (161584084, 67736073)]
13:36:49: [INFO] Adding track segment (B.Cu): [(161584084, 67736073), (163540484, 70748665)]
13:36:49: [INFO] Routing SW19 with D19
13:36:49: [INFO] Using internal autorouter method
13:36:49: [INFO] Routing pad 'SW19:2' at (144019039, 58747680) with pad 'D19:2' at (144906772, 66787948) using coordinate system rotated by 12.0 degree(s)
13:36:49: [INFO] Adding track segment (B.Cu): [(144019039, 58747680), (142950372, 63775357)]
13:36:49: [INFO] Adding track segment (B.Cu): [(142950372, 63775357), (144906772, 66787948)]
13:36:49: [INFO] Routing SW18 with D18
13:36:49: [INFO] Using internal autorouter method
13:36:49: [INFO] Routing pad 'SW18:2' at (125385327, 54786962) with pad 'D18:2' at (126273060, 62827230) using coordinate system rotated by 12.0 degree(s)
13:36:49: [INFO] Adding track segment (B.Cu): [(125385327, 54786962), (124316660, 59814638)]
13:36:49: [INFO] Adding track segment (B.Cu): [(124316660, 59814638), (126273060, 62827230)]
13:36:49: [INFO] Routing SW17 with D17
13:36:49: [INFO] Using internal autorouter method
13:36:49: [INFO] Routing pad 'SW17:2' at (102552500, 54356000) with pad 'D17:2' at (105092500, 62036000) using coordinate system rotated by 0 degree(s)
13:36:49: [INFO] Adding track segment (B.Cu): [(102552500, 54356000), (102552500, 59496000)]
13:36:49: [INFO] Adding track segment (B.Cu): [(102552500, 59496000), (105092500, 62036000)]
13:36:49: [INFO] Routing SW16 with D16
13:36:49: [INFO] Using internal autorouter method
13:36:49: [INFO] Routing pad 'SW16:2' at (78740000, 54356000) with pad 'D16:2' at (81280000, 62036000) using coordinate system rotated by 0 degree(s)
13:36:49: [INFO] Adding track segment (B.Cu): [(78740000, 54356000), (78740000, 59496000)]
13:36:49: [INFO] Adding track segment (B.Cu): [(78740000, 59496000), (81280000, 62036000)]
13:36:49: [INFO] Routing SW15 with D15
13:36:49: [INFO] Using internal autorouter method
13:36:49: [INFO] Routing pad 'SW15:2' at (354965000, 35306000) with pad 'D15:2' at (357505000, 42986000) using coordinate system rotated by 0 degree(s)
13:36:49: [INFO] Adding track segment (B.Cu): [(354965000, 35306000), (354965000, 40446000)]
13:36:49: [INFO] Adding track segment (B.Cu): [(354965000, 40446000), (357505000, 42986000)]
13:36:49: [INFO] Routing SW14 with D14
13:36:49: [INFO] Using internal autorouter method
13:36:49: [INFO] Routing pad 'SW14:2' at (335915000, 35306000) with pad 'D14:2' at (338455000, 42986000) using coordinate system rotated by 0 degree(s)
13:36:49: [INFO] Adding track segment (B.Cu): [(335915000, 35306000), (335915000, 40446000)]
13:36:49: [INFO] Adding track segment (B.Cu): [(335915000, 40446000), (338455000, 42986000)]
13:36:49: [INFO] Routing SW13 with D13
13:36:49: [INFO] Using internal autorouter method
13:36:49: [INFO] Routing pad 'SW13:2' at (316865000, 35306000) with pad 'D13:2' at (319405000, 42986000) using coordinate system rotated by 0 degree(s)
13:36:49: [INFO] Adding track segment (B.Cu): [(316865000, 35306000), (316865000, 40446000)]
13:36:49: [INFO] Adding track segment (B.Cu): [(316865000, 40446000), (319405000, 42986000)]
13:36:49: [INFO] Routing SW12 with D12
13:36:49: [INFO] Using internal autorouter method
13:36:49: [INFO] Routing pad 'SW12:2' at (297815000, 33020000) with pad 'D12:2' at (300355000, 40700000) using coordinate system rotated by 0 degree(s)
13:36:49: [INFO] Adding track segment (B.Cu): [(297815000, 33020000), (297815000, 38160000)]
13:36:49: [INFO] Adding track segment (B.Cu): [(297815000, 38160000), (300355000, 40700000)]
13:36:49: [INFO] Routing SW11 with D11
13:36:49: [INFO] Using internal autorouter method
13:36:49: [INFO] Routing pad 'SW11:2' at (275985161, 38067596) with pad 'D11:2' at (280066417, 45051674) using coordinate system rotated by 348.0 degree(s)
13:36:49: [INFO] Adding track segment (B.Cu): [(275985161, 38067596), (277053826, 43095274)]
13:36:50: [INFO] Adding track segment (B.Cu): [(277053826, 43095274), (280066417, 45051674)]
13:36:50: [INFO] Routing SW10 with D10
13:36:50: [INFO] Using internal autorouter method
13:36:50: [INFO] Routing pad 'SW10:2' at (257351450, 42028314) with pad 'D10:2' at (261432706, 49012392) using coordinate system rotated by 348.0 degree(s)
13:36:50: [INFO] Adding track segment (B.Cu): [(257351450, 42028314), (258420115, 47055993)]
13:36:50: [INFO] Adding track segment (B.Cu): [(258420115, 47055993), (261432706, 49012392)]
13:36:50: [INFO] Routing SW9 with D9
13:36:50: [INFO] Using internal autorouter method
13:36:50: [INFO] Routing pad 'SW9:2' at (238717738, 45989032) with pad 'D9:2' at (242798994, 52973110) using coordinate system rotated by 348.0 degree(s)
13:36:50: [INFO] Adding track segment (B.Cu): [(238717738, 45989032), (239786403, 51016710)]
13:36:50: [INFO] Adding track segment (B.Cu): [(239786403, 51016710), (242798994, 52973110)]
13:36:50: [INFO] Routing SW8 with D8
13:36:50: [INFO] Using internal autorouter method
13:36:50: [INFO] Routing pad 'SW8:2' at (220084026, 49949750) with pad 'D8:2' at (224165282, 56933828) using coordinate system rotated by 348.0 degree(s)
13:36:50: [INFO] Adding track segment (B.Cu): [(220084026, 49949750), (221152692, 54977429)]
13:36:50: [INFO] Adding track segment (B.Cu): [(221152692, 54977429), (224165282, 56933828)]
13:36:50: [INFO] Routing SW7 with D7
13:36:50: [INFO] Using internal autorouter method
13:36:50: [INFO] Routing pad 'SW7:2' at (194564036, 50015762) with pad 'D7:2' at (195451769, 58056030) using coordinate system rotated by 12.0 degree(s)
13:36:50: [INFO] Adding track segment (B.Cu): [(194564036, 50015762), (193495369, 55043438)]
13:36:50: [INFO] Adding track segment (B.Cu): [(193495369, 55043438), (195451769, 58056030)]
13:36:50: [INFO] Routing SW6 with D6
13:36:50: [INFO] Using internal autorouter method
13:36:50: [INFO] Routing pad 'SW6:2' at (175930324, 46055044) with pad 'D6:2' at (176818057, 54095312) using coordinate system rotated by 12.0 degree(s)
13:36:50: [INFO] Adding track segment (B.Cu): [(175930324, 46055044), (174861657, 51082720)]
13:36:50: [INFO] Adding track segment (B.Cu): [(174861657, 51082720), (176818057, 54095312)]
13:36:50: [INFO] Routing SW5 with D5
13:36:50: [INFO] Using internal autorouter method
13:36:50: [INFO] Routing pad 'SW5:2' at (157296613, 42094327) with pad 'D5:2' at (158184346, 50134595) using coordinate system rotated by 12.0 degree(s)
13:36:50: [INFO] Adding track segment (B.Cu): [(157296613, 42094327), (156227946, 47122004)]
13:36:50: [INFO] Adding track segment (B.Cu): [(156227946, 47122004), (158184346, 50134595)]
13:36:50: [INFO] Routing SW4 with D4
13:36:50: [INFO] Using internal autorouter method
13:36:50: [INFO] Routing pad 'SW4:2' at (138662901, 38133609) with pad 'D4:2' at (139550634, 46173877) using coordinate system rotated by 12.0 degree(s)
13:36:50: [INFO] Adding track segment (B.Cu): [(138662901, 38133609), (137594235, 43161286)]
13:36:50: [INFO] Adding track segment (B.Cu): [(137594235, 43161286), (139550634, 46173877)]
13:36:50: [INFO] Routing SW3 with D3
13:36:50: [INFO] Using internal autorouter method
13:36:50: [INFO] Routing pad 'SW3:2' at (116840000, 33020000) with pad 'D3:2' at (119380000, 40700000) using coordinate system rotated by 0 degree(s)
13:36:50: [INFO] Adding track segment (B.Cu): [(116840000, 33020000), (116840000, 38160000)]
13:36:50: [INFO] Adding track segment (B.Cu): [(116840000, 38160000), (119380000, 40700000)]
13:36:50: [INFO] Routing SW2 with D2
13:36:50: [INFO] Using internal autorouter method
13:36:50: [INFO] Routing pad 'SW2:2' at (97790000, 35306000) with pad 'D2:2' at (100330000, 42986000) using coordinate system rotated by 0 degree(s)
13:36:50: [INFO] Adding track segment (B.Cu): [(97790000, 35306000), (97790000, 40446000)]
13:36:50: [INFO] Adding track segment (B.Cu): [(97790000, 40446000), (100330000, 42986000)]
13:36:50: [INFO] Routing SW1 with D1
13:36:50: [INFO] Using internal autorouter method
13:36:50: [INFO] Routing pad 'SW1:2' at (78740000, 35306000) with pad 'D1:2' at (81280000, 42986000) using coordinate system rotated by 0 degree(s)
13:36:50: [INFO] Adding track segment (B.Cu): [(78740000, 35306000), (78740000, 40446000)]
13:36:50: [INFO] Adding track segment (B.Cu): [(78740000, 40446000), (81280000, 42986000)]
13:36:50: [INFO] Routing ROW3 pads
13:36:50: [INFO] Routing pad 'D45:1' at (78898750, 102936000) with pad 'D46:1' at (109855000, 102936000) using coordinate system rotated by 0 degree(s)
13:36:50: [INFO] Adding track segment (B.Cu): [(78898750, 102936000), (109855000, 102936000)]
13:36:50: [WARNING] Could not route pads when parent footprints not rotated the same, footprint1: D46 at 90.0 degree(s) and footprint2: D47 at 78.0 degree(s)
13:36:50: [INFO] Routing pad 'D47:1' at (131744757, 105804006) with pad 'D48:1' at (150378468, 109764723) using coordinate system rotated by 282.0 degree(s)
13:36:50: [INFO] Adding track segment (B.Cu): [(131744757, 105804006), (150378466, 109764722)]
13:36:50: [INFO] Adding track segment (B.Cu): [(150378466, 109764722), (150378468, 109764723)]
13:36:50: [INFO] Routing pad 'D48:1' at (150378468, 109764723) with pad 'D49:1' at (169012180, 113725441) using coordinate system rotated by 282.0 degree(s)
13:36:50: [INFO] Adding track segment (B.Cu): [(150378468, 109764723), (169012179, 113725439)]
13:36:50: [INFO] Adding track segment (B.Cu): [(169012179, 113725439), (169012180, 113725441)]
13:36:50: [INFO] Routing pad 'D49:1' at (169012180, 113725441) with pad 'D50:1' at (187645892, 117686159) using coordinate system rotated by 282.0 degree(s)
13:36:50: [INFO] Adding track segment (B.Cu): [(169012180, 113725441), (187645891, 117686158)]
13:36:50: [INFO] Adding track segment (B.Cu): [(187645891, 117686158), (187645892, 117686159)]
13:36:50: [WARNING] Could not route pads when parent footprints not rotated the same, footprint1: D50 at 78.0 degree(s) and footprint2: D51 at 102.0 degree(s)
13:36:50: [INFO] Routing pad 'D51:1' at (235639408, 115677849) with pad 'D52:1' at (254273119, 111717131) using coordinate system rotated by 258.0 degree(s)
13:36:50: [INFO] Adding track segment (B.Cu): [(235639408, 115677849), (254273117, 111717131)]
13:36:50: [INFO] Adding track segment (B.Cu): [(254273117, 111717131), (254273119, 111717131)]
13:36:50: [INFO] Routing pad 'D52:1' at (254273119, 111717131) with pad 'D53:1' at (272906831, 107756414) using coordinate system rotated by 258.0 degree(s)
13:36:50: [INFO] Adding track segment (B.Cu): [(254273119, 111717131), (272906828, 107756412)]
13:36:50: [INFO] Adding track segment (B.Cu): [(272906828, 107756412), (272906831, 107756414)]
13:36:50: [INFO] Routing pad 'D53:1' at (272906831, 107756414) with pad 'D54:1' at (291540543, 103795696) using coordinate system rotated by 258.0 degree(s)
13:36:50: [INFO] Adding track segment (B.Cu): [(272906831, 107756414), (291540541, 103795695)]
13:36:50: [INFO] Adding track segment (B.Cu): [(291540541, 103795695), (291540543, 103795696)]
13:36:50: [WARNING] Could not route pads when parent footprints not rotated the same, footprint1: D54 at 102.0 degree(s) and footprint2: D55 at 90.0 degree(s)
13:36:50: [INFO] Routing pad 'D55:1' at (314642500, 102936000) with pad 'D56:1' at (340836250, 102936000) using coordinate system rotated by 0 degree(s)
13:36:50: [INFO] Adding track segment (B.Cu): [(314642500, 102936000), (340836250, 102936000)]
13:36:50: [INFO] Routing pad 'D56:1' at (340836250, 102936000) with pad 'D57:1' at (371792500, 107698500) using coordinate system rotated by 0 degree(s)
13:36:50: [INFO] Adding track segment (B.Cu): [(340836250, 102936000), (345598750, 107698500)]
13:36:50: [INFO] Adding track segment (B.Cu): [(345598750, 107698500), (371792500, 107698500)]
13:36:50: [INFO] Routing pad 'D57:1' at (371792500, 107698500) with pad 'D58:1' at (390842500, 81600000) using coordinate system rotated by 0 degree(s)
13:36:50: [INFO] Adding track segment (B.Cu): [(371792500, 107698500), (390842500, 88648500)]
13:36:50: [INFO] Adding track segment (B.Cu): [(390842500, 88648500), (390842500, 81600000)]
13:36:50: [INFO] Routing COL2 pads
13:36:50: [WARNING] Could not route pads when parent footprints not rotated the same, footprint1: SW3 at 0.0 degree(s) and footprint2: SW18 at -12.0 degree(s)
13:36:50: [INFO] Routing pad 'SW18:1' at (118645994, 55951218) with pad 'SW33:1' at (119343704, 75575109) using coordinate system rotated by 12.0 degree(s)
13:36:50: [INFO] Adding track segment (F.Cu): [(118645994, 55951218), (115675455, 69926501)]
13:36:50: [INFO] Adding track segment (F.Cu): [(115675455, 69926501), (119343704, 75575109)]
13:36:50: [INFO] Routing pad 'SW33:1' at (119343704, 75575109) with pad 'SW47:1' at (124699843, 96189180) using coordinate system rotated by 12.0 degree(s)
13:36:50: [INFO] Adding track segment (F.Cu): [(119343704, 75575109), (117363344, 84891963)]
13:36:50: [INFO] Adding track segment (F.Cu): [(117363344, 84891963), (124699843, 96189180)]
13:36:50: [INFO] Routing pad 'SW47:1' at (124699843, 96189180) with pad 'SW60:1' at (125397553, 115813071) using coordinate system rotated by 12.0 degree(s)
13:36:50: [INFO] Adding track segment (F.Cu): [(124699843, 96189180), (121729304, 110164463)]
13:36:50: [INFO] Adding track segment (F.Cu): [(121729304, 110164463), (125397553, 115813071)]
13:36:50: [INFO] Routing COL4 pads
13:36:50: [INFO] Routing pad 'SW5:1' at (150557280, 43258583) with pad 'SW20:1' at (155913418, 63872653) using coordinate system rotated by 12.0 degree(s)
13:36:50: [INFO] Adding track segment (F.Cu): [(150557280, 43258583), (148576921, 52575437)]
13:36:50: [INFO] Adding track segment (F.Cu): [(148576921, 52575437), (155913418, 63872653)]
13:36:50: [INFO] Routing pad 'SW20:1' at (155913418, 63872653) with pad 'SW35:1' at (156611128, 83496545) using coordinate system rotated by 12.0 degree(s)
13:36:50: [INFO] Adding track segment (F.Cu): [(155913418, 63872653), (152942879, 77847937)]
13:36:50: [INFO] Adding track segment (F.Cu): [(152942879, 77847937), (156611128, 83496545)]
13:36:50: [INFO] Routing pad 'SW49:1' at (161967266, 104110615) with pad 'SW61:1' at (158006548, 122744327) using coordinate system rotated by 12.0 degree(s)
13:36:50: [INFO] Adding track segment (F.Cu): [(161967266, 104110615), (158006547, 122744326)]
13:36:50: [INFO] Adding track segment (F.Cu): [(158006547, 122744326), (158006548, 122744327)]
13:36:50: [INFO] Routing pad 'SW35:1' at (156611128, 83496545) with pad 'SW49:1' at (161967266, 104110615) using coordinate system rotated by 12.0 degree(s)
13:36:50: [INFO] Adding track segment (F.Cu): [(156611128, 83496545), (154630768, 92813399)]
13:36:50: [INFO] Adding track segment (F.Cu): [(154630768, 92813399), (161967266, 104110615)]
13:36:50: [INFO] Routing ROW0 pads
13:36:50: [INFO] Routing pad 'D1:1' at (81280000, 45786000) with pad 'D2:1' at (100330000, 45786000) using coordinate system rotated by 0 degree(s)
13:36:50: [INFO] Adding track segment (B.Cu): [(81280000, 45786000), (100330000, 45786000)]
13:36:50: [INFO] Routing pad 'D2:1' at (100330000, 45786000) with pad 'D3:1' at (119380000, 43500000) using coordinate system rotated by 0 degree(s)
13:36:50: [INFO] Adding track segment (B.Cu): [(100330000, 45786000), (117094000, 45786000)]
13:36:50: [INFO] Adding track segment (B.Cu): [(117094000, 45786000), (119380000, 43500000)]
13:36:50: [WARNING] Could not route pads when parent footprints not rotated the same, footprint1: D3 at 90.0 degree(s) and footprint2: D4 at 78.0 degree(s)
13:36:50: [INFO] Routing pad 'D4:1' at (138968482, 48912691) with pad 'D5:1' at (157602194, 52873409) using coordinate system rotated by 282.0 degree(s)
13:36:50: [INFO] Adding track segment (B.Cu): [(138968482, 48912691), (157602193, 52873408)]
13:36:50: [INFO] Adding track segment (B.Cu): [(157602193, 52873408), (157602194, 52873409)]
13:36:50: [INFO] Routing pad 'D5:1' at (157602194, 52873409) with pad 'D6:1' at (176235905, 56834126) using coordinate system rotated by 282.0 degree(s)
13:36:50: [INFO] Adding track segment (B.Cu): [(157602194, 52873409), (176235903, 56834125)]
13:36:50: [INFO] Adding track segment (B.Cu): [(176235903, 56834125), (176235905, 56834126)]
13:36:50: [INFO] Routing pad 'D6:1' at (176235905, 56834126) with pad 'D7:1' at (194869617, 60794844) using coordinate system rotated by 282.0 degree(s)
13:36:50: [INFO] Adding track segment (B.Cu): [(176235905, 56834126), (194869616, 60794842)]
13:36:50: [INFO] Adding track segment (B.Cu): [(194869616, 60794842), (194869617, 60794844)]
13:36:50: [WARNING] Could not route pads when parent footprints not rotated the same, footprint1: D7 at 78.0 degree(s) and footprint2: D8 at 102.0 degree(s)
13:36:50: [INFO] Routing pad 'D8:1' at (224747434, 59672642) with pad 'D9:1' at (243381146, 55711924) using coordinate system rotated by 258.0 degree(s)
13:36:50: [INFO] Adding track segment (B.Cu): [(224747434, 59672642), (243381145, 55711923)]
13:36:50: [INFO] Adding track segment (B.Cu): [(243381145, 55711923), (243381146, 55711924)]
13:36:50: [INFO] Routing pad 'D9:1' at (243381146, 55711924) with pad 'D10:1' at (262014858, 51751206) using coordinate system rotated by 258.0 degree(s)
13:36:50: [INFO] Adding track segment (B.Cu): [(243381146, 55711924), (262014857, 51751206)]
13:36:50: [INFO] Adding track segment (B.Cu): [(262014857, 51751206), (262014858, 51751206)]
13:36:50: [INFO] Routing pad 'D10:1' at (262014858, 51751206) with pad 'D11:1' at (280648569, 47790488) using coordinate system rotated by 258.0 degree(s)
13:36:50: [INFO] Adding track segment (B.Cu): [(262014858, 51751206), (280648567, 47790488)]
13:36:50: [INFO] Adding track segment (B.Cu): [(280648567, 47790488), (280648569, 47790488)]
13:36:50: [WARNING] Could not route pads when parent footprints not rotated the same, footprint1: D11 at 102.0 degree(s) and footprint2: D12 at 90.0 degree(s)
13:36:50: [INFO] Routing pad 'D12:1' at (300355000, 43500000) with pad 'D13:1' at (319405000, 45786000) using coordinate system rotated by 0 degree(s)
13:36:50: [INFO] Adding track segment (B.Cu): [(300355000, 43500000), (317119000, 43500000)]
13:36:50: [INFO] Adding track segment (B.Cu): [(317119000, 43500000), (319405000, 45786000)]
13:36:50: [INFO] Routing pad 'D13:1' at (319405000, 45786000) with pad 'D14:1' at (338455000, 45786000) using coordinate system rotated by 0 degree(s)
13:36:50: [INFO] Adding track segment (B.Cu): [(319405000, 45786000), (338455000, 45786000)]
13:36:50: [INFO] Routing pad 'D14:1' at (338455000, 45786000) with pad 'D15:1' at (357505000, 45786000) using coordinate system rotated by 0 degree(s)
13:36:50: [INFO] Adding track segment (B.Cu): [(338455000, 45786000), (357505000, 45786000)]
13:36:50: [INFO] Routing COL8 pads
13:36:50: [INFO] Routing pad 'SW9:1' at (233034596, 49793767) with pad 'SW24:1' at (246312169, 66447120) using coordinate system rotated by 348.0 degree(s)
13:36:50: [INFO] Adding track segment (F.Cu): [(233034596, 49793767), (235014954, 59110622)]
13:36:50: [INFO] Adding track segment (F.Cu): [(235014954, 59110622), (246312169, 66447120)]
13:36:50: [INFO] Routing pad 'SW24:1' at (246312169, 66447120) with pad 'SW39:1' at (254931315, 84090652) using coordinate system rotated by 348.0 degree(s)
13:36:50: [INFO] Adding track segment (F.Cu): [(246312169, 66447120), (249282707, 80422403)]
13:36:50: [INFO] Adding track segment (F.Cu): [(249282707, 80422403), (254931315, 84090652)]
13:36:50: [INFO] Routing pad 'SW39:1' at (254931315, 84090652) with pad 'SW53:1' at (262560281, 101838257) using coordinate system rotated by 348.0 degree(s)
13:36:50: [INFO] Adding track segment (F.Cu): [(254931315, 84090652), (258086084, 98932680)]
13:36:50: [INFO] Adding track segment (F.Cu): [(258086084, 98932680), (262560281, 101838257)]
13:36:50: [INFO] Routing COL5 pads
13:36:50: [INFO] Routing pad 'SW6:1' at (169190991, 47219300) with pad 'SW21:1' at (174547130, 67833371) using coordinate system rotated by 12.0 degree(s)
13:36:50: [INFO] Adding track segment (F.Cu): [(169190991, 47219300), (167210631, 56536154)]
13:36:50: [INFO] Adding track segment (F.Cu): [(167210631, 56536154), (174547130, 67833371)]
13:36:50: [INFO] Routing pad 'SW21:1' at (174547130, 67833371) with pad 'SW36:1' at (175244840, 87457262) using coordinate system rotated by 12.0 degree(s)
13:36:50: [INFO] Adding track segment (F.Cu): [(174547130, 67833371), (171576591, 81808654)]
13:36:50: [INFO] Adding track segment (F.Cu): [(171576591, 81808654), (175244840, 87457262)]
13:36:50: [INFO] Routing pad 'SW36:1' at (175244840, 87457262) with pad 'SW50:1' at (180600978, 108071333) using coordinate system rotated by 12.0 degree(s)
13:36:50: [INFO] Adding track segment (F.Cu): [(175244840, 87457262), (173264480, 96774118)]
13:36:50: [INFO] Adding track segment (F.Cu): [(173264480, 96774118), (180600978, 108071333)]
13:36:50: [INFO] Routing pad 'SW50:1' at (180600978, 108071333) with pad 'SW62:1' at (185957116, 128685404) using coordinate system rotated by 12.0 degree(s)
13:36:50: [INFO] Adding track segment (F.Cu): [(180600978, 108071333), (178620618, 117388188)]
13:36:50: [INFO] Adding track segment (F.Cu): [(178620618, 117388188), (185957116, 128685404)]
13:36:50: [INFO] Routing COL9 pads
13:36:50: [INFO] Routing pad 'SW10:1' at (251668308, 45833049) with pad 'SW25:1' at (264945881, 62486402) using coordinate system rotated by 348.0 degree(s)
13:36:50: [INFO] Adding track segment (F.Cu): [(251668308, 45833049), (253648665, 55149904)]
13:36:50: [INFO] Adding track segment (F.Cu): [(253648665, 55149904), (264945881, 62486402)]
13:36:50: [INFO] Routing pad 'SW25:1' at (264945881, 62486402) with pad 'SW40:1' at (273565027, 80129934) using coordinate system rotated by 348.0 degree(s)
13:36:50: [INFO] Adding track segment (F.Cu): [(264945881, 62486402), (267916418, 76461685)]
13:36:50: [INFO] Adding track segment (F.Cu): [(267916418, 76461685), (273565027, 80129934)]
13:36:50: [INFO] Routing pad 'SW54:1' at (281193993, 97877539) with pad 'SW65:1' at (276828034, 118387537) using coordinate system rotated by 348.0 degree(s)
13:36:50: [INFO] Adding track segment (F.Cu): [(281193993, 97877539), (283401858, 108264733)]
13:36:50: [INFO] Adding track segment (F.Cu): [(283401858, 108264733), (276828034, 118387537)]
13:36:50: [INFO] Routing pad 'SW40:1' at (273565027, 80129934) with pad 'SW54:1' at (281193993, 97877539) using coordinate system rotated by 348.0 degree(s)
13:36:50: [INFO] Adding track segment (F.Cu): [(273565027, 80129934), (276719796, 94971962)]
13:36:50: [INFO] Adding track segment (F.Cu): [(276719796, 94971962), (281193993, 97877539)]
13:36:50: [INFO] Routing COL10 pads
13:36:50: [INFO] Routing pad 'SW11:1' at (270302019, 41872331) with pad 'SW26:1' at (283579593, 58525684) using coordinate system rotated by 348.0 degree(s)
13:36:50: [INFO] Adding track segment (F.Cu): [(270302019, 41872331), (272282377, 51189187)]
13:36:50: [INFO] Adding track segment (F.Cu): [(272282377, 51189187), (283579593, 58525684)]
13:36:50: [WARNING] Could not route pads when parent footprints not rotated the same, footprint1: SW26 at 12.0 degree(s) and footprint2: SW41 at 0.0 degree(s)
13:36:50: [INFO] Routing pad 'SW41:1' at (296227500, 75946000) with pad 'SW55:1' at (305752500, 94996000) using coordinate system rotated by 0 degree(s)
13:36:50: [INFO] Adding track segment (F.Cu): [(296227500, 75946000), (296227500, 85471000)]
13:36:50: [INFO] Adding track segment (F.Cu): [(296227500, 85471000), (305752500, 94996000)]
13:36:50: [INFO] Routing ROW4 pads
13:36:50: [WARNING] Could not route pads when parent footprints not rotated the same, footprint1: D59 at 90.0 degree(s) and footprint2: D60 at 78.0 degree(s)
13:36:50: [INFO] Routing pad 'D60:1' at (132442467, 125427897) with pad 'D61:1' at (165051462, 132359153) using coordinate system rotated by 282.0 degree(s)
13:36:50: [INFO] Adding track segment (B.Cu): [(132442467, 125427897), (165051461, 132359152)]
13:36:50: [INFO] Adding track segment (B.Cu): [(165051461, 132359152), (165051462, 132359153)]
13:36:50: [INFO] Routing pad 'D61:1' at (165051462, 132359153) with pad 'D62:1' at (193002030, 138300230) using coordinate system rotated by 282.0 degree(s)
13:36:50: [INFO] Adding track segment (B.Cu): [(165051462, 132359153), (193002029, 138300229)]
13:36:50: [INFO] Adding track segment (B.Cu): [(193002029, 138300229), (193002030, 138300230)]
13:36:50: [WARNING] Could not route pads when parent footprints not rotated the same, footprint1: D62 at 78.0 degree(s) and footprint2: D63 at 102.0 degree(s)
13:36:50: [INFO] Routing pad 'D63:1' at (217005696, 119638567) with pad 'D64:1' at (247577947, 132722220) using coordinate system rotated by 258.0 degree(s)
13:36:50: [INFO] Adding track segment (B.Cu): [(217005696, 119638567), (239723560, 134391720)]
13:36:50: [INFO] Adding track segment (B.Cu): [(239723560, 134391720), (247577947, 132722220)]
13:36:50: [INFO] Routing pad 'D64:1' at (247577947, 132722220) with pad 'D65:1' at (287174584, 124305694) using coordinate system rotated by 258.0 degree(s)
13:36:50: [INFO] Adding track segment (B.Cu): [(247577947, 132722220), (287174582, 124305694)]
13:36:50: [INFO] Adding track segment (B.Cu): [(287174582, 124305694), (287174584, 124305694)]
13:36:50: [WARNING] Could not route pads when parent footprints not rotated the same, footprint1: D65 at 102.0 degree(s) and footprint2: D66 at 90.0 degree(s)
13:36:50: [INFO] Routing pad 'D66:1' at (352742500, 126748500) with pad 'D67:1' at (371792500, 126748500) using coordinate system rotated by 0 degree(s)
13:36:50: [INFO] Adding track segment (B.Cu): [(352742500, 126748500), (371792500, 126748500)]
13:36:50: [INFO] Routing pad 'D67:1' at (371792500, 126748500) with pad 'D68:1' at (390842500, 126748500) using coordinate system rotated by 0 degree(s)
13:36:50: [INFO] Adding track segment (B.Cu): [(371792500, 126748500), (390842500, 126748500)]
13:36:50: [INFO] Routing COL3 pads
13:36:50: [INFO] Routing pad 'SW4:1' at (131923568, 39297865) with pad 'SW19:1' at (137279706, 59911936) using coordinate system rotated by 12.0 degree(s)
13:36:50: [INFO] Adding track segment (F.Cu): [(131923568, 39297865), (129943208, 48614721)]
13:36:50: [INFO] Adding track segment (F.Cu): [(129943208, 48614721), (137279706, 59911936)]
13:36:50: [INFO] Routing pad 'SW19:1' at (137279706, 59911936) with pad 'SW34:1' at (137977416, 79535827) using coordinate system rotated by 12.0 degree(s)
13:36:51: [INFO] Adding track segment (F.Cu): [(137279706, 59911936), (134309166, 73887218)]
13:36:51: [INFO] Adding track segment (F.Cu): [(134309166, 73887218), (137977416, 79535827)]
13:36:51: [INFO] Routing pad 'SW34:1' at (137977416, 79535827) with pad 'SW48:1' at (143333554, 100149897) using coordinate system rotated by 12.0 degree(s)
13:36:51: [INFO] Adding track segment (F.Cu): [(137977416, 79535827), (135997056, 88852681)]
13:36:51: [INFO] Adding track segment (F.Cu): [(135997056, 88852681), (143333554, 100149897)]
13:36:51: [INFO] Routing COL13 pads
13:36:51: [INFO] Routing pad 'SW14:1' at (329565000, 37846000) with pad 'SW29:1' at (348615000, 56896000) using coordinate system rotated by 0 degree(s)
13:36:51: [INFO] Routing pad 'SW29:1' at (348615000, 56896000) with pad 'SW57:1' at (362902500, 99758500) using coordinate system rotated by 0 degree(s)
13:36:51: [INFO] Routing pad 'SW57:1' at (362902500, 99758500) with pad 'SW67:1' at (362902500, 118808500) using coordinate system rotated by 0 degree(s)
13:36:51: [INFO] Adding track segment (F.Cu): [(362902500, 99758500), (362902500, 118808500)]
13:36:51: [INFO] Routing COL1 pads
13:36:51: [INFO] Routing pad 'SW2:1' at (91440000, 37846000) with pad 'SW17:1' at (96202500, 56896000) using coordinate system rotated by 0 degree(s)
13:36:51: [INFO] Adding track segment (F.Cu): [(91440000, 37846000), (91440000, 52133500)]
13:36:51: [INFO] Adding track segment (F.Cu): [(91440000, 52133500), (96202500, 56896000)]
13:36:51: [INFO] Routing pad 'SW17:1' at (96202500, 56896000) with pad 'SW32:1' at (96202500, 75946000) using coordinate system rotated by 0 degree(s)
13:36:51: [INFO] Adding track segment (F.Cu): [(96202500, 56896000), (96202500, 75946000)]
13:36:51: [INFO] Routing pad 'SW32:1' at (96202500, 75946000) with pad 'SW46:1' at (100965000, 94996000) using coordinate system rotated by 0 degree(s)
13:36:51: [INFO] Adding track segment (F.Cu): [(96202500, 75946000), (96202500, 90233500)]
13:36:51: [INFO] Adding track segment (F.Cu): [(96202500, 90233500), (100965000, 94996000)]
13:36:51: [INFO] Routing COL0 pads
13:36:51: [INFO] Routing pad 'SW45:1' at (70008750, 94996000) with pad 'SW31:1' at (70008750, 75946000) using coordinate system rotated by 0 degree(s)
13:36:51: [INFO] Adding track segment (F.Cu): [(70008750, 94996000), (70008750, 75946000)]
13:36:51: [INFO] Routing pad 'SW59:1' at (62865000, 114046000) with pad 'SW45:1' at (70008750, 94996000) using coordinate system rotated by 0 degree(s)
13:36:51: [INFO] Adding track segment (F.Cu): [(62865000, 114046000), (70008750, 106902250)]
13:36:51: [INFO] Adding track segment (F.Cu): [(70008750, 106902250), (70008750, 94996000)]
13:36:51: [INFO] Routing pad 'SW16:1' at (72390000, 56896000) with pad 'SW1:1' at (72390000, 37846000) using coordinate system rotated by 0 degree(s)
13:36:51: [INFO] Adding track segment (F.Cu): [(72390000, 56896000), (72390000, 37846000)]
13:36:51: [INFO] Routing pad 'SW31:1' at (70008750, 75946000) with pad 'SW16:1' at (72390000, 56896000) using coordinate system rotated by 0 degree(s)
13:36:51: [INFO] Adding track segment (F.Cu): [(70008750, 75946000), (72390000, 73564750)]
13:36:51: [INFO] Adding track segment (F.Cu): [(72390000, 73564750), (72390000, 56896000)]
13:36:51: [INFO] Routing COL6 pads
13:36:51: [INFO] Routing pad 'SW51:1' at (225292858, 109759692) with pad 'SW63:1' at (206659146, 113720410) using coordinate system rotated by 348.0 degree(s)
13:36:51: [INFO] Adding track segment (F.Cu): [(225292858, 109759692), (206659145, 113720409)]
13:36:51: [INFO] Adding track segment (F.Cu): [(206659145, 113720409), (206659146, 113720410)]
13:36:51: [WARNING] Could not route pads when parent footprints not rotated the same, footprint1: SW7 at -12.0 degree(s) and footprint2: SW22 at 12.0 degree(s)
13:36:51: [INFO] Routing pad 'SW22:1' at (209044746, 74368555) with pad 'SW37:1' at (217663891, 92012088) using coordinate system rotated by 348.0 degree(s)
13:36:51: [INFO] Adding track segment (F.Cu): [(209044746, 74368555), (212015283, 88343839)]
13:36:51: [INFO] Adding track segment (F.Cu): [(212015283, 88343839), (217663891, 92012088)]
13:36:51: [INFO] Routing pad 'SW37:1' at (217663891, 92012088) with pad 'SW51:1' at (225292858, 109759692) using coordinate system rotated by 348.0 degree(s)
13:36:51: [INFO] Adding track segment (F.Cu): [(217663891, 92012088), (220818659, 106854113)]
13:36:51: [INFO] Adding track segment (F.Cu): [(220818659, 106854113), (225292858, 109759692)]
13:36:51: [INFO] Routing ROW1 pads
13:36:51: [INFO] Routing pad 'D16:1' at (81280000, 64836000) with pad 'D17:1' at (105092500, 64836000) using coordinate system rotated by 0 degree(s)
13:36:51: [INFO] Adding track segment (B.Cu): [(81280000, 64836000), (105092500, 64836000)]
13:36:51: [WARNING] Could not route pads when parent footprints not rotated the same, footprint1: D17 at 90.0 degree(s) and footprint2: D18 at 78.0 degree(s)
13:36:51: [INFO] Routing pad 'D18:1' at (125690908, 65566044) with pad 'D19:1' at (144324620, 69526762) using coordinate system rotated by 282.0 degree(s)
13:36:51: [INFO] Adding track segment (B.Cu): [(125690908, 65566044), (144324619, 69526761)]
13:36:51: [INFO] Adding track segment (B.Cu): [(144324619, 69526761), (144324620, 69526762)]
13:36:51: [INFO] Routing pad 'D19:1' at (144324620, 69526762) with pad 'D20:1' at (162958332, 73487479) using coordinate system rotated by 282.0 degree(s)
13:36:51: [INFO] Adding track segment (B.Cu): [(144324620, 69526762), (162958330, 73487478)]
13:36:51: [INFO] Adding track segment (B.Cu): [(162958330, 73487478), (162958332, 73487479)]
13:36:51: [INFO] Routing pad 'D20:1' at (162958332, 73487479) with pad 'D21:1' at (181592044, 77448197) using coordinate system rotated by 282.0 degree(s)
13:36:51: [INFO] Adding track segment (B.Cu): [(162958332, 73487479), (181592042, 77448195)]
13:36:51: [INFO] Adding track segment (B.Cu): [(181592042, 77448195), (181592044, 77448197)]
13:36:51: [WARNING] Could not route pads when parent footprints not rotated the same, footprint1: D21 at 78.0 degree(s) and footprint2: D22 at 102.0 degree(s)
13:36:51: [INFO] Routing pad 'D22:1' at (219391296, 80286712) with pad 'D23:1' at (238025008, 76325994) using coordinate system rotated by 258.0 degree(s)
13:36:51: [INFO] Adding track segment (B.Cu): [(219391296, 80286712), (238025007, 76325994)]
13:36:51: [INFO] Adding track segment (B.Cu): [(238025007, 76325994), (238025008, 76325994)]
13:36:51: [INFO] Routing pad 'D23:1' at (238025008, 76325994) with pad 'D24:1' at (256658719, 72365277) using coordinate system rotated by 258.0 degree(s)
13:36:51: [INFO] Adding track segment (B.Cu): [(238025008, 76325994), (256658717, 72365275)]
13:36:51: [INFO] Adding track segment (B.Cu): [(256658717, 72365275), (256658719, 72365277)]
13:36:51: [INFO] Routing pad 'D24:1' at (256658719, 72365277) with pad 'D25:1' at (275292431, 68404559) using coordinate system rotated by 258.0 degree(s)
13:36:51: [INFO] Adding track segment (B.Cu): [(256658719, 72365277), (275292430, 68404559)]
13:36:51: [INFO] Adding track segment (B.Cu): [(275292430, 68404559), (275292431, 68404559)]
13:36:51: [INFO] Routing pad 'D25:1' at (275292431, 68404559) with pad 'D26:1' at (293926143, 64443841) using coordinate system rotated by 258.0 degree(s)
13:36:51: [INFO] Adding track segment (B.Cu): [(275292431, 68404559), (293926141, 64443841)]
13:36:51: [INFO] Adding track segment (B.Cu): [(293926141, 64443841), (293926143, 64443841)]
13:36:51: [WARNING] Could not route pads when parent footprints not rotated the same, footprint1: D26 at 102.0 degree(s) and footprint2: D27 at 90.0 degree(s)
13:36:51: [INFO] Routing pad 'D27:1' at (314642500, 64836000) with pad 'D28:1' at (333692500, 64836000) using coordinate system rotated by 0 degree(s)
13:36:51: [INFO] Adding track segment (B.Cu): [(314642500, 64836000), (333692500, 64836000)]
13:36:51: [INFO] Routing pad 'D28:1' at (333692500, 64836000) with pad 'D29:1' at (357505000, 64836000) using coordinate system rotated by 0 degree(s)
13:36:51: [INFO] Adding track segment (B.Cu): [(333692500, 64836000), (357505000, 64836000)]
13:36:51: [INFO] Routing pad 'D29:1' at (357505000, 64836000) with pad 'D30:1' at (381317500, 43500000) using coordinate system rotated by 0 degree(s)
13:36:51: [INFO] Adding track segment (B.Cu): [(357505000, 64836000), (359981500, 64836000)]
13:36:51: [INFO] Adding track segment (B.Cu): [(359981500, 64836000), (381317500, 43500000)]
13:36:51: [INFO] Routing ROW2 pads
13:36:51: [INFO] Routing pad 'D31:1' at (78898750, 83886000) with pad 'D32:1' at (105092500, 83886000) using coordinate system rotated by 0 degree(s)
13:36:51: [INFO] Adding track segment (B.Cu): [(78898750, 83886000), (105092500, 83886000)]
13:36:51: [WARNING] Could not route pads when parent footprints not rotated the same, footprint1: D32 at 90.0 degree(s) and footprint2: D33 at 78.0 degree(s)
13:36:51: [INFO] Routing pad 'D33:1' at (126388618, 85189935) with pad 'D34:1' at (145022330, 89150653) using coordinate system rotated by 282.0 degree(s)
13:36:51: [INFO] Adding track segment (B.Cu): [(126388618, 85189935), (145022329, 89150652)]
13:36:51: [INFO] Adding track segment (B.Cu): [(145022329, 89150652), (145022330, 89150653)]
13:36:51: [INFO] Routing pad 'D34:1' at (145022330, 89150653) with pad 'D35:1' at (163656042, 93111371) using coordinate system rotated by 282.0 degree(s)
13:36:51: [INFO] Adding track segment (B.Cu): [(145022330, 89150653), (163656041, 93111370)]
13:36:51: [INFO] Adding track segment (B.Cu): [(163656041, 93111370), (163656042, 93111371)]
13:36:51: [INFO] Routing pad 'D35:1' at (163656042, 93111371) with pad 'D36:1' at (182289754, 97072088) using coordinate system rotated by 282.0 degree(s)
13:36:51: [INFO] Adding track segment (B.Cu): [(163656042, 93111371), (182289753, 97072087)]
13:36:51: [INFO] Adding track segment (B.Cu): [(182289753, 97072087), (182289754, 97072088)]
13:36:51: [WARNING] Could not route pads when parent footprints not rotated the same, footprint1: D36 at 78.0 degree(s) and footprint2: D37 at 102.0 degree(s)
13:36:51: [INFO] Routing pad 'D37:1' at (228010441, 97930245) with pad 'D38:1' at (246644153, 93969527) using coordinate system rotated by 258.0 degree(s)
13:36:51: [INFO] Adding track segment (B.Cu): [(228010441, 97930245), (246644152, 93969526)]
13:36:51: [INFO] Adding track segment (B.Cu): [(246644152, 93969526), (246644153, 93969527)]
13:36:51: [INFO] Routing pad 'D38:1' at (246644153, 93969527) with pad 'D39:1' at (265277865, 90008809) using coordinate system rotated by 258.0 degree(s)
13:36:51: [INFO] Adding track segment (B.Cu): [(246644153, 93969527), (265277864, 90008809)]
13:36:51: [INFO] Adding track segment (B.Cu): [(265277864, 90008809), (265277865, 90008809)]
13:36:51: [INFO] Routing pad 'D39:1' at (265277865, 90008809) with pad 'D40:1' at (283911577, 86048091) using coordinate system rotated by 258.0 degree(s)
13:36:51: [INFO] Adding track segment (B.Cu): [(265277865, 90008809), (283911575, 86048091)]
13:36:51: [INFO] Adding track segment (B.Cu): [(283911575, 86048091), (283911577, 86048091)]
13:36:51: [WARNING] Could not route pads when parent footprints not rotated the same, footprint1: D40 at 102.0 degree(s) and footprint2: D41 at 90.0 degree(s)
13:36:51: [INFO] Routing pad 'D41:1' at (305117500, 83886000) with pad 'D42:1' at (324167500, 83886000) using coordinate system rotated by 0 degree(s)
13:36:51: [INFO] Adding track segment (B.Cu): [(305117500, 83886000), (324167500, 83886000)]
13:36:51: [INFO] Routing pad 'D42:1' at (324167500, 83886000) with pad 'D43:1' at (355123750, 83886000) using coordinate system rotated by 0 degree(s)
13:36:51: [INFO] Adding track segment (B.Cu): [(324167500, 83886000), (355123750, 83886000)]
13:36:51: [INFO] Routing pad 'D43:1' at (355123750, 83886000) with pad 'D44:1' at (386080000, 62550000) using coordinate system rotated by 0 degree(s)
13:36:51: [INFO] Adding track segment (B.Cu): [(355123750, 83886000), (364744000, 83886000)]
13:36:51: [INFO] Adding track segment (B.Cu): [(364744000, 83886000), (386080000, 62550000)]
13:36:51: [INFO] Routing COL12 pads
13:36:51: [INFO] Routing pad 'SW13:1' at (310515000, 37846000) with pad 'SW28:1' at (324802500, 56896000) using coordinate system rotated by 0 degree(s)
13:36:51: [INFO] Adding track segment (F.Cu): [(310515000, 37846000), (310515000, 42608500)]
13:36:51: [INFO] Adding track segment (F.Cu): [(310515000, 42608500), (324802500, 56896000)]
13:36:51: [INFO] Routing pad 'SW43:1' at (346233750, 75946000) with pad 'SW66:1' at (343852500, 118808500) using coordinate system rotated by 0 degree(s)
13:36:51: [INFO] Adding track segment (F.Cu): [(346233750, 75946000), (346233750, 116427250)]
13:36:51: [INFO] Adding track segment (F.Cu): [(346233750, 116427250), (343852500, 118808500)]
13:36:51: [INFO] Routing pad 'SW28:1' at (324802500, 56896000) with pad 'SW43:1' at (346233750, 75946000) using coordinate system rotated by 0 degree(s)
13:36:51: [INFO] Routing COL7 pads
13:36:51: [INFO] Routing pad 'SW8:1' at (214400884, 53754485) with pad 'SW23:1' at (227678458, 70407837) using coordinate system rotated by 348.0 degree(s)
13:36:51: [INFO] Adding track segment (F.Cu): [(214400884, 53754485), (216381242, 63071339)]
13:36:51: [INFO] Adding track segment (F.Cu): [(216381242, 63071339), (227678458, 70407837)]
13:36:51: [INFO] Routing pad 'SW23:1' at (227678458, 70407837) with pad 'SW38:1' at (236297603, 88051370) using coordinate system rotated by 348.0 degree(s)
13:36:51: [INFO] Adding track segment (F.Cu): [(227678458, 70407837), (230648995, 84383121)]
13:36:51: [INFO] Adding track segment (F.Cu): [(230648995, 84383121), (236297603, 88051370)]
13:36:51: [INFO] Routing pad 'SW52:1' at (243926569, 105798974) with pad 'SW64:1' at (237231397, 126804063) using coordinate system rotated by 348.0 degree(s)
13:36:51: [INFO] Adding track segment (F.Cu): [(243926569, 105798974), (245639345, 113856956)]
13:36:51: [INFO] Adding track segment (F.Cu): [(245639345, 113856956), (237231397, 126804063)]
13:36:51: [INFO] Routing pad 'SW38:1' at (236297603, 88051370) with pad 'SW52:1' at (243926569, 105798974) using coordinate system rotated by 348.0 degree(s)
13:36:51: [INFO] Adding track segment (F.Cu): [(236297603, 88051370), (239452372, 102893396)]
13:36:51: [INFO] Adding track segment (F.Cu): [(239452372, 102893396), (243926569, 105798974)]
13:36:51: [INFO] Routing COL14 pads
13:36:51: [INFO] Routing pad 'SW15:1' at (348615000, 37846000) with pad 'SW30:1' at (372427500, 35560000) using coordinate system rotated by 0 degree(s)
13:36:51: [INFO] Routing pad 'SW30:1' at (372427500, 35560000) with pad 'SW44:1' at (377190000, 54610000) using coordinate system rotated by 0 degree(s)
13:36:51: [INFO] Adding track segment (F.Cu): [(372427500, 35560000), (372427500, 49847500)]
13:36:51: [INFO] Adding track segment (F.Cu): [(372427500, 49847500), (377190000, 54610000)]
13:36:51: [INFO] Routing pad 'SW44:1' at (377190000, 54610000) with pad 'SW58:1' at (381952500, 73660000) using coordinate system rotated by 0 degree(s)
13:36:51: [INFO] Adding track segment (F.Cu): [(377190000, 54610000), (377190000, 68897500)]
13:36:51: [INFO] Adding track segment (F.Cu): [(377190000, 68897500), (381952500, 73660000)]
13:36:51: [INFO] Routing pad 'SW58:1' at (381952500, 73660000) with pad 'SW68:1' at (381952500, 118808500) using coordinate system rotated by 0 degree(s)
13:36:51: [INFO] Adding track segment (F.Cu): [(381952500, 73660000), (381952500, 118808500)]
13:36:51: [INFO] Routing COL11 pads
13:36:51: [INFO] Routing pad 'SW12:1' at (291465000, 35560000) with pad 'SW27:1' at (305752500, 56896000) using coordinate system rotated by 0 degree(s)
13:36:51: [INFO] Adding track segment (F.Cu): [(291465000, 35560000), (291465000, 42608500)]
13:36:51: [INFO] Adding track segment (F.Cu): [(291465000, 42608500), (305752500, 56896000)]
13:36:51: [INFO] Routing pad 'SW27:1' at (305752500, 56896000) with pad 'SW42:1' at (315277500, 75946000) using coordinate system rotated by 0 degree(s)
13:36:51: [INFO] Adding track segment (F.Cu): [(305752500, 56896000), (305752500, 66421000)]
13:36:51: [INFO] Adding track segment (F.Cu): [(305752500, 66421000), (315277500, 75946000)]
13:36:51: [INFO] Routing pad 'SW42:1' at (315277500, 75946000) with pad 'SW56:1' at (331946250, 94996000) using coordinate system rotated by 0 degree(s)
13:36:51: [INFO] Adding track segment (F.Cu): [(315277500, 75946000), (315277500, 78327250)]
13:36:51: [INFO] Adding track segment (F.Cu): [(315277500, 78327250), (331946250, 94996000)]
13:36:52: [INFO] Removing dangling tracks
