=== kbplacer.kle_serial ===
=== layout2image.py ===
=== kbplacer ===
13:33:59: [INFO] User layout: https://editor.keyboard-tools.xyz/#share=NrDeCIA9wLgAgMwF8A0dwAYUPGi14A2AOgHYBWVdAFm3AF0UAoMKWOAJjXAE92BaDMQAcpKphQdccfOwCM4rNWmz41MpW60peNvDnEM42ssYtVcctz7xBI4YpTkVezhuMo5DZqxtw7otwAxuzgAMQAhlHR4I4YLiHw4UEpqbHcWF66BHByQhQezrqJ6JHRUek0KITe5q6E1gJCwsLBoWGpaY412ez5mlXxZqw5CI22QgPgcnS9RO7cVjjDFlzofgFi3DM6Mq4K2yjKc3DqBYuSLjkGRhemPhZW60324jNFezkcC+hWXiu8F6BdAlcLlCpvFDxYrtTopSrTTxXeT9cRWD4QUFlcoIqw1AE5BrPCb2NpJDpwhEzHqfPo-cBWIYPVxjYn+SbiLg4E4kc7oBrLZlfcbskRbdBcXYWA4So7ItT0hpS-aGcQNe51HJPQEklqcpzytx88ANf7MjbNUhk0rgiIIrjQvZYuEhfVZWn6VHcBoY8BY20Ihr4oXsIk60Uta3JSn6mkWL38qG1Ebsb6kGZsuwIK0g9oB8RjbkeuCkYgIajiK2CuoAJ3Y2prOXUHAbfgQGm4OTs5DW4e7AE4C3KAXX9N8G1riK32LR0F38mGLcRCLO-e1SBvNwixs4R6ne43Q1PuDW-M3tfOO5nJqy1+T89wxsHawIOAecsJiC3Oy9v9ep8g3BWkyL62HI44njk-ZftOag-iSHC3kuK5RmEm5bpWSJ7rYE4ojBJ5tlerh2G+Irdjmd42uCCJWlI9D0EAA
13:33:59: [INFO] Labels prefixes: for rows: 'ROW', for columns: 'COL'
13:33:59: [INFO] Matrix size: 7x6
13:34:00: [INFO] Add COL0 net
13:34:00: [INFO] Add COL1 net
13:34:00: [INFO] Add COL2 net
13:34:00: [INFO] Add COL3 net
13:34:00: [INFO] Add COL4 net
13:34:00: [INFO] Add COL5 net
13:34:00: [INFO] Add COL6 net
13:34:00: [INFO] Add Net-(D1-A) net
13:34:00: [INFO] Add Net-(D10-A) net
13:34:00: [INFO] Add Net-(D11-A) net
13:34:00: [INFO] Add Net-(D12-A) net
13:34:00: [INFO] Add Net-(D13-A) net
13:34:00: [INFO] Add Net-(D14-A) net
13:34:00: [INFO] Add Net-(D15-A) net
13:34:00: [INFO] Add Net-(D16-A) net
13:34:00: [INFO] Add Net-(D17-A) net
13:34:00: [INFO] Add Net-(D18-A) net
13:34:00: [INFO] Add Net-(D19-A) net
13:34:00: [INFO] Add Net-(D2-A) net
13:34:00: [INFO] Add Net-(D20-A) net
13:34:00: [INFO] Add Net-(D21-A) net
13:34:00: [INFO] Add Net-(D22-A) net
13:34:00: [INFO] Add Net-(D23-A) net
13:34:00: [INFO] Add Net-(D24-A) net
13:34:00: [INFO] Add Net-(D25-A) net
13:34:00: [INFO] Add Net-(D26-A) net
13:34:00: [INFO] Add Net-(D27-A) net
13:34:00: [INFO] Add Net-(D28-A) net
13:34:00: [INFO] Add Net-(D29-A) net
13:34:00: [INFO] Add Net-(D3-A) net
13:34:00: [INFO] Add Net-(D30-A) net
13:34:00: [INFO] Add Net-(D31-A) net
13:34:00: [INFO] Add Net-(D32-A) net
13:34:00: [INFO] Add Net-(D33-A) net
13:34:00: [INFO] Add Net-(D34-A) net
13:34:00: [INFO] Add Net-(D35-A) net
13:34:00: [INFO] Add Net-(D36-A) net
13:34:00: [INFO] Add Net-(D37-A) net
13:34:00: [INFO] Add Net-(D38-A) net
13:34:00: [INFO] Add Net-(D39-A) net
13:34:00: [INFO] Add Net-(D4-A) net
13:34:00: [INFO] Add Net-(D40-A) net
13:34:00: [INFO] Add Net-(D41-A) net
13:34:00: [INFO] Add Net-(D42-A) net
13:34:00: [INFO] Add Net-(D43-A) net
13:34:00: [INFO] Add Net-(D44-A) net
13:34:00: [INFO] Add Net-(D45-A) net
13:34:00: [INFO] Add Net-(D46-A) net
13:34:00: [INFO] Add Net-(D47-A) net
13:34:00: [INFO] Add Net-(D48-A) net
13:34:00: [INFO] Add Net-(D49-A) net
13:34:00: [INFO] Add Net-(D5-A) net
13:34:00: [INFO] Add Net-(D50-A) net
13:34:00: [INFO] Add Net-(D6-A) net
13:34:00: [INFO] Add Net-(D7-A) net
13:34:00: [INFO] Add Net-(D8-A) net
13:34:00: [INFO] Add Net-(D9-A) net
13:34:00: [INFO] Add ROW0 net
13:34:00: [INFO] Add ROW1 net
13:34:00: [INFO] Add ROW2 net
13:34:00: [INFO] Add ROW3 net
13:34:00: [INFO] Add ROW4 net
13:34:00: [INFO] Add ROW5 net
13:34:00: [INFO] Add ROW6 net
13:34:00: [INFO] Add ROW7 net
13:34:00: [INFO] Add SW1 footprint
13:34:00: [INFO] Add D1 footprint
13:34:00: [INFO] Add SW2 footprint
13:34:00: [INFO] Add D2 footprint
13:34:00: [INFO] Add SW3 footprint
13:34:00: [INFO] Add D3 footprint
13:34:00: [INFO] Add SW4 footprint
13:34:00: [INFO] Add D4 footprint
13:34:00: [INFO] Add SW5 footprint
13:34:00: [INFO] Add D5 footprint
13:34:00: [INFO] Add SW6 footprint
13:34:00: [INFO] Add D6 footprint
13:34:00: [INFO] Add SW7 footprint
13:34:00: [INFO] Add D7 footprint
13:34:00: [INFO] Add SW8 footprint
13:34:00: [INFO] Add D8 footprint
13:34:00: [INFO] Add SW9 footprint
13:34:00: [INFO] Add D9 footprint
13:34:00: [INFO] Add SW10 footprint
13:34:00: [INFO] Add D10 footprint
13:34:00: [INFO] Add SW11 footprint
13:34:01: [INFO] Add D11 footprint
13:34:01: [INFO] Add SW12 footprint
13:34:01: [INFO] Add D12 footprint
13:34:01: [INFO] Add SW13 footprint
13:34:01: [INFO] Add D13 footprint
13:34:01: [INFO] Add SW14 footprint
13:34:01: [INFO] Add D14 footprint
13:34:01: [INFO] Add SW15 footprint
13:34:01: [INFO] Add D15 footprint
13:34:01: [INFO] Add SW16 footprint
13:34:01: [INFO] Add D16 footprint
13:34:01: [INFO] Add SW17 footprint
13:34:01: [INFO] Add D17 footprint
13:34:01: [INFO] Add SW18 footprint
13:34:01: [INFO] Add D18 footprint
13:34:01: [INFO] Add SW19 footprint
13:34:01: [INFO] Add D19 footprint
13:34:01: [INFO] Add SW20 footprint
13:34:01: [INFO] Add D20 footprint
13:34:01: [INFO] Add SW21 footprint
13:34:01: [INFO] Add D21 footprint
13:34:01: [INFO] Add SW22 footprint
13:34:01: [INFO] Add D22 footprint
13:34:01: [INFO] Add SW23 footprint
13:34:01: [INFO] Add D23 footprint
13:34:01: [INFO] Add SW24 footprint
13:34:01: [INFO] Add D24 footprint
13:34:01: [INFO] Add SW25 footprint
13:34:01: [INFO] Add D25 footprint
13:34:01: [INFO] Add SW26 footprint
13:34:01: [INFO] Add D26 footprint
13:34:01: [INFO] Add SW27 footprint
13:34:01: [INFO] Add D27 footprint
13:34:01: [INFO] Add SW28 footprint
13:34:01: [INFO] Add D28 footprint
13:34:01: [INFO] Add SW29 footprint
13:34:01: [INFO] Add D29 footprint
13:34:02: [INFO] Add SW30 footprint
13:34:02: [INFO] Add D30 footprint
13:34:02: [INFO] Add SW31 footprint
13:34:02: [INFO] Add D31 footprint
13:34:02: [INFO] Add SW32 footprint
13:34:02: [INFO] Add D32 footprint
13:34:02: [INFO] Add SW33 footprint
13:34:02: [INFO] Add D33 footprint
13:34:02: [INFO] Add SW34 footprint
13:34:02: [INFO] Add D34 footprint
13:34:02: [INFO] Add SW35 footprint
13:34:02: [INFO] Add D35 footprint
13:34:02: [INFO] Add SW36 footprint
13:34:02: [INFO] Add D36 footprint
13:34:02: [INFO] Add SW37 footprint
13:34:02: [INFO] Add D37 footprint
13:34:02: [INFO] Add SW38 footprint
13:34:02: [INFO] Add D38 footprint
13:34:02: [INFO] Add SW39 footprint
13:34:02: [INFO] Add D39 footprint
13:34:02: [INFO] Add SW40 footprint
13:34:02: [INFO] Add D40 footprint
13:34:02: [INFO] Add SW41 footprint
13:34:02: [INFO] Add D41 footprint
13:34:02: [INFO] Add SW42 footprint
13:34:02: [INFO] Add D42 footprint
13:34:02: [INFO] Add SW43 footprint
13:34:02: [INFO] Add D43 footprint
13:34:02: [INFO] Add SW44 footprint
13:34:02: [INFO] Add D44 footprint
13:34:02: [INFO] Add SW45 footprint
13:34:02: [INFO] Add D45 footprint
13:34:02: [INFO] Add SW46 footprint
13:34:02: [INFO] Add D46 footprint
13:34:03: [INFO] Add SW47 footprint
13:34:03: [INFO] Add D47 footprint
13:34:03: [INFO] Add SW48 footprint
13:34:03: [INFO] Add D48 footprint
13:34:03: [INFO] Add SW49 footprint
13:34:03: [INFO] Add D49 footprint
13:34:03: [INFO] Add SW50 footprint
13:34:03: [INFO] Add D50 footprint
13:34:03: [INFO] Detected layout convertible to matrix annotated keyboard
13:34:03: [INFO] Using key 1U distance: (19.05, 19.05) mm
13:34:03: [INFO] Layout offset: (28575000, 28575000)
13:34:03: [INFO] Diode info: [ElementInfo(annotation_format='D{}', position_option=<PositionOption.CUSTOM: 'Custom'>, position=ElementPosition(x=5.08, y=4.0, orientation=90.0, side=<Side.BACK: 'Back'>), template_path='', start_index=-1)]
13:34:03: [INFO] Placing additional elements for SW50
13:34:03: [INFO] Placing additional elements for SW49
13:34:03: [INFO] Placing additional elements for SW48
13:34:03: [INFO] Placing additional elements for SW47
13:34:03: [INFO] Placing additional elements for SW46
13:34:03: [INFO] Placing additional elements for SW45
13:34:03: [INFO] Placing additional elements for SW44
13:34:03: [INFO] Placing additional elements for SW43
13:34:03: [INFO] Placing additional elements for SW42
13:34:03: [INFO] Placing additional elements for SW41
13:34:03: [INFO] Placing additional elements for SW40
13:34:03: [INFO] Placing additional elements for SW39
13:34:03: [INFO] Placing additional elements for SW38
13:34:03: [INFO] Placing additional elements for SW37
13:34:03: [INFO] Placing additional elements for SW36
13:34:03: [INFO] Placing additional elements for SW35
13:34:03: [INFO] Placing additional elements for SW34
13:34:03: [INFO] Placing additional elements for SW33
13:34:03: [INFO] Placing additional elements for SW32
13:34:03: [INFO] Placing additional elements for SW31
13:34:03: [INFO] Placing additional elements for SW30
13:34:03: [INFO] Placing additional elements for SW29
13:34:03: [INFO] Placing additional elements for SW28
13:34:03: [INFO] Placing additional elements for SW27
13:34:03: [INFO] Placing additional elements for SW26
13:34:03: [INFO] Placing additional elements for SW25
13:34:03: [INFO] Placing additional elements for SW24
13:34:03: [INFO] Placing additional elements for SW23
13:34:03: [INFO] Placing additional elements for SW22
13:34:03: [INFO] Placing additional elements for SW21
13:34:03: [INFO] Placing additional elements for SW20
13:34:03: [INFO] Placing additional elements for SW19
13:34:03: [INFO] Placing additional elements for SW18
13:34:03: [INFO] Placing additional elements for SW17
13:34:03: [INFO] Placing additional elements for SW16
13:34:03: [INFO] Placing additional elements for SW15
13:34:03: [INFO] Placing additional elements for SW14
13:34:03: [INFO] Placing additional elements for SW13
13:34:03: [INFO] Placing additional elements for SW12
13:34:03: [INFO] Placing additional elements for SW11
13:34:03: [INFO] Placing additional elements for SW10
13:34:03: [INFO] Placing additional elements for SW9
13:34:03: [INFO] Placing additional elements for SW8
13:34:03: [INFO] Placing additional elements for SW7
13:34:03: [INFO] Placing additional elements for SW6
13:34:03: [INFO] Placing additional elements for SW5
13:34:03: [INFO] Placing additional elements for SW4
13:34:03: [INFO] Placing additional elements for SW3
13:34:03: [INFO] Placing additional elements for SW2
13:34:03: [INFO] Placing additional elements for SW1
13:34:03: [INFO] Routing SW50 with D50
13:34:03: [INFO] Using internal autorouter method
13:34:03: [INFO] Routing pad 'SW50:2' at (251142500, 92646500) with pad 'D50:2' at (253682500, 100326500) using coordinate system rotated by 0 degree(s)
13:34:03: [INFO] Adding track segment (B.Cu): [(251142500, 92646500), (251142500, 97786500)]
13:34:03: [INFO] Adding track segment (B.Cu): [(251142500, 97786500), (253682500, 100326500)]
13:34:03: [INFO] Routing SW49 with D49
13:34:03: [INFO] Using internal autorouter method
13:34:03: [INFO] Routing pad 'SW49:2' at (231122563, 92937141) with pad 'D49:2' at (234322254, 100366540) using coordinate system rotated by 355.0 degree(s)
13:34:03: [INFO] Adding track segment (B.Cu): [(231122563, 92937141), (231570543, 98057581)]
13:34:03: [INFO] Adding track segment (B.Cu): [(231570543, 98057581), (234322254, 100366540)]
13:34:03: [INFO] Routing SW48 with D48
13:34:03: [INFO] Using internal autorouter method
13:34:03: [INFO] Routing pad 'SW48:2' at (210612113, 95548621) with pad 'D48:2' at (214754161, 102496817) using coordinate system rotated by 347.5 degree(s)
13:34:03: [INFO] Adding track segment (B.Cu): [(210612113, 95548621), (211724611, 100566780)]
13:34:03: [INFO] Adding track segment (B.Cu): [(211724611, 100566780), (214754161, 102496817)]
13:34:03: [INFO] Routing SW47 with D47
13:34:03: [INFO] Using internal autorouter method
13:34:03: [INFO] Routing pad 'SW47:2' at (190391170, 101561956) with pad 'D47:2' at (195623196, 107731227) using coordinate system rotated by 338.0 degree(s)
13:34:03: [INFO] Adding track segment (B.Cu): [(190391170, 101561956), (192316647, 106327680)]
13:34:03: [INFO] Adding track segment (B.Cu): [(192316647, 106327680), (195623196, 107731227)]
13:34:03: [INFO] Routing SW46 with D46
13:34:03: [INFO] Using internal autorouter method
13:34:03: [INFO] Routing pad 'SW46:2' at (302577500, 78359000) with pad 'D46:2' at (305117500, 86039000) using coordinate system rotated by 0 degree(s)
13:34:03: [INFO] Adding track segment (B.Cu): [(302577500, 78359000), (302577500, 83499000)]
13:34:03: [INFO] Adding track segment (B.Cu): [(302577500, 83499000), (305117500, 86039000)]
13:34:03: [INFO] Routing SW45 with D45
13:34:03: [INFO] Using internal autorouter method
13:34:03: [INFO] Routing pad 'SW45:2' at (283527500, 78359000) with pad 'D45:2' at (286067500, 86039000) using coordinate system rotated by 0 degree(s)
13:34:03: [INFO] Adding track segment (B.Cu): [(283527500, 78359000), (283527500, 83499000)]
13:34:03: [INFO] Adding track segment (B.Cu): [(283527500, 83499000), (286067500, 86039000)]
13:34:03: [INFO] Routing SW44 with D44
13:34:03: [INFO] Using internal autorouter method
13:34:03: [INFO] Routing pad 'SW44:2' at (264477500, 73596500) with pad 'D44:2' at (267017500, 81276500) using coordinate system rotated by 0 degree(s)
13:34:03: [INFO] Adding track segment (B.Cu): [(264477500, 73596500), (264477500, 78736500)]
13:34:03: [INFO] Adding track segment (B.Cu): [(264477500, 78736500), (267017500, 81276500)]
13:34:03: [INFO] Routing SW43 with D43
13:34:03: [INFO] Using internal autorouter method
13:34:03: [INFO] Routing pad 'SW43:2' at (245427500, 71120000) with pad 'D43:2' at (247967500, 78800000) using coordinate system rotated by 0 degree(s)
13:34:03: [INFO] Adding track segment (B.Cu): [(245427500, 71120000), (245427500, 76260000)]
13:34:03: [INFO] Adding track segment (B.Cu): [(245427500, 76260000), (247967500, 78800000)]
13:34:03: [INFO] Routing SW42 with D42
13:34:03: [INFO] Using internal autorouter method
13:34:03: [INFO] Routing pad 'SW42:2' at (226377500, 73596500) with pad 'D42:2' at (228917500, 81276500) using coordinate system rotated by 0 degree(s)
13:34:03: [INFO] Adding track segment (B.Cu): [(226377500, 73596500), (226377500, 78736500)]
13:34:03: [INFO] Adding track segment (B.Cu): [(226377500, 78736500), (228917500, 81276500)]
13:34:03: [INFO] Routing SW41 with D41
13:34:03: [INFO] Using internal autorouter method
13:34:03: [INFO] Routing pad 'SW41:2' at (207327500, 75882500) with pad 'D41:2' at (209867500, 83562500) using coordinate system rotated by 0 degree(s)
13:34:03: [INFO] Adding track segment (B.Cu): [(207327500, 75882500), (207327500, 81022500)]
13:34:03: [INFO] Adding track segment (B.Cu): [(207327500, 81022500), (209867500, 83562500)]
13:34:03: [INFO] Routing SW40 with D40
13:34:03: [INFO] Using internal autorouter method
13:34:03: [INFO] Routing pad 'SW40:2' at (188277500, 80645000) with pad 'D40:2' at (190817500, 88325000) using coordinate system rotated by 0 degree(s)
13:34:03: [INFO] Adding track segment (B.Cu): [(188277500, 80645000), (188277500, 85785000)]
13:34:03: [INFO] Adding track segment (B.Cu): [(188277500, 85785000), (190817500, 88325000)]
13:34:03: [INFO] Routing SW39 with D39
13:34:03: [INFO] Using internal autorouter method
13:34:03: [INFO] Routing pad 'SW39:2' at (302577500, 59309000) with pad 'D39:2' at (305117500, 66989000) using coordinate system rotated by 0 degree(s)
13:34:03: [INFO] Adding track segment (B.Cu): [(302577500, 59309000), (302577500, 64449000)]
13:34:03: [INFO] Adding track segment (B.Cu): [(302577500, 64449000), (305117500, 66989000)]
13:34:03: [INFO] Routing SW38 with D38
13:34:03: [INFO] Using internal autorouter method
13:34:03: [INFO] Routing pad 'SW38:2' at (283527500, 59309000) with pad 'D38:2' at (286067500, 66989000) using coordinate system rotated by 0 degree(s)
13:34:03: [INFO] Adding track segment (B.Cu): [(283527500, 59309000), (283527500, 64449000)]
13:34:03: [INFO] Adding track segment (B.Cu): [(283527500, 64449000), (286067500, 66989000)]
13:34:03: [INFO] Routing SW37 with D37
13:34:03: [INFO] Using internal autorouter method
13:34:03: [INFO] Routing pad 'SW37:2' at (264477500, 54546499) with pad 'D37:2' at (267017500, 62226499) using coordinate system rotated by 0 degree(s)
13:34:03: [INFO] Adding track segment (B.Cu): [(264477500, 54546499), (264477500, 59686499)]
13:34:03: [INFO] Adding track segment (B.Cu): [(264477500, 59686499), (267017500, 62226499)]
13:34:03: [INFO] Routing SW36 with D36
13:34:03: [INFO] Using internal autorouter method
13:34:03: [INFO] Routing pad 'SW36:2' at (245427500, 52070000) with pad 'D36:2' at (247967500, 59750000) using coordinate system rotated by 0 degree(s)
13:34:03: [INFO] Adding track segment (B.Cu): [(245427500, 52070000), (245427500, 57210000)]
13:34:03: [INFO] Adding track segment (B.Cu): [(245427500, 57210000), (247967500, 59750000)]
13:34:03: [INFO] Routing SW35 with D35
13:34:03: [INFO] Using internal autorouter method
13:34:03: [INFO] Routing pad 'SW35:2' at (226377500, 54546499) with pad 'D35:2' at (228917500, 62226499) using coordinate system rotated by 0 degree(s)
13:34:03: [INFO] Adding track segment (B.Cu): [(226377500, 54546499), (226377500, 59686499)]
13:34:03: [INFO] Adding track segment (B.Cu): [(226377500, 59686499), (228917500, 62226499)]
13:34:03: [INFO] Routing SW34 with D34
13:34:03: [INFO] Using internal autorouter method
13:34:03: [INFO] Routing pad 'SW34:2' at (207327500, 56832500) with pad 'D34:2' at (209867500, 64512500) using coordinate system rotated by 0 degree(s)
13:34:03: [INFO] Adding track segment (B.Cu): [(207327500, 56832500), (207327500, 61972500)]
13:34:03: [INFO] Adding track segment (B.Cu): [(207327500, 61972500), (209867500, 64512500)]
13:34:03: [INFO] Routing SW33 with D33
13:34:03: [INFO] Using internal autorouter method
13:34:03: [INFO] Routing pad 'SW33:2' at (188277500, 61595000) with pad 'D33:2' at (190817500, 69275000) using coordinate system rotated by 0 degree(s)
13:34:03: [INFO] Adding track segment (B.Cu): [(188277500, 61595000), (188277500, 66735000)]
13:34:03: [INFO] Adding track segment (B.Cu): [(188277500, 66735000), (190817500, 69275000)]
13:34:03: [INFO] Routing SW32 with D32
13:34:03: [INFO] Using internal autorouter method
13:34:03: [INFO] Routing pad 'SW32:2' at (302577500, 40259000) with pad 'D32:2' at (305117500, 47939000) using coordinate system rotated by 0 degree(s)
13:34:03: [INFO] Adding track segment (B.Cu): [(302577500, 40259000), (302577500, 45399000)]
13:34:03: [INFO] Adding track segment (B.Cu): [(302577500, 45399000), (305117500, 47939000)]
13:34:03: [INFO] Routing SW31 with D31
13:34:03: [INFO] Using internal autorouter method
13:34:03: [INFO] Routing pad 'SW31:2' at (283527500, 40259000) with pad 'D31:2' at (286067500, 47939000) using coordinate system rotated by 0 degree(s)
13:34:03: [INFO] Adding track segment (B.Cu): [(283527500, 40259000), (283527500, 45399000)]
13:34:03: [INFO] Adding track segment (B.Cu): [(283527500, 45399000), (286067500, 47939000)]
13:34:03: [INFO] Routing SW30 with D30
13:34:03: [INFO] Using internal autorouter method
13:34:03: [INFO] Routing pad 'SW30:2' at (264477500, 35496500) with pad 'D30:2' at (267017500, 43176500) using coordinate system rotated by 0 degree(s)
13:34:03: [INFO] Adding track segment (B.Cu): [(264477500, 35496500), (264477500, 40636500)]
13:34:03: [INFO] Adding track segment (B.Cu): [(264477500, 40636500), (267017500, 43176500)]
13:34:03: [INFO] Routing SW29 with D29
13:34:03: [INFO] Using internal autorouter method
13:34:03: [INFO] Routing pad 'SW29:2' at (245427500, 33020000) with pad 'D29:2' at (247967500, 40700000) using coordinate system rotated by 0 degree(s)
13:34:03: [INFO] Adding track segment (B.Cu): [(245427500, 33020000), (245427500, 38160000)]
13:34:03: [INFO] Adding track segment (B.Cu): [(245427500, 38160000), (247967500, 40700000)]
13:34:03: [INFO] Routing SW28 with D28
13:34:03: [INFO] Using internal autorouter method
13:34:03: [INFO] Routing pad 'SW28:2' at (226377500, 35496500) with pad 'D28:2' at (228917500, 43176500) using coordinate system rotated by 0 degree(s)
13:34:03: [INFO] Adding track segment (B.Cu): [(226377500, 35496500), (226377500, 40636500)]
13:34:03: [INFO] Adding track segment (B.Cu): [(226377500, 40636500), (228917500, 43176500)]
13:34:03: [INFO] Routing SW27 with D27
13:34:03: [INFO] Using internal autorouter method
13:34:03: [INFO] Routing pad 'SW27:2' at (207327500, 37782500) with pad 'D27:2' at (209867500, 45462500) using coordinate system rotated by 0 degree(s)
13:34:03: [INFO] Adding track segment (B.Cu): [(207327500, 37782500), (207327500, 42922500)]
13:34:03: [INFO] Adding track segment (B.Cu): [(207327500, 42922500), (209867500, 45462500)]
13:34:03: [INFO] Routing SW26 with D26
13:34:03: [INFO] Using internal autorouter method
13:34:03: [INFO] Routing pad 'SW26:2' at (188277500, 42545000) with pad 'D26:2' at (190817500, 50225000) using coordinate system rotated by 0 degree(s)
13:34:03: [INFO] Adding track segment (B.Cu): [(188277500, 42545000), (188277500, 47685000)]
13:34:03: [INFO] Adding track segment (B.Cu): [(188277500, 47685000), (190817500, 50225000)]
13:34:03: [INFO] Routing SW25 with D25
13:34:03: [INFO] Using internal autorouter method
13:34:03: [INFO] Routing pad 'SW25:2' at (152456423, 103464958) with pad 'D25:2' at (151934491, 111537230) using coordinate system rotated by 22.0 degree(s)
13:34:03: [INFO] Adding track segment (B.Cu): [(152456423, 103464958), (150530944, 108230682)]
13:34:03: [INFO] Adding track segment (B.Cu): [(150530944, 108230682), (151934491, 111537230)]
13:34:03: [INFO] Routing SW24 with D24
13:34:03: [INFO] Using internal autorouter method
13:34:03: [INFO] Routing pad 'SW24:2' at (132670955, 96689366) with pad 'D24:2' at (133488490, 104737076) using coordinate system rotated by 12.5 degree(s)
13:34:03: [INFO] Adding track segment (B.Cu): [(132670955, 96689366), (131558454, 101707526)]
13:34:03: [INFO] Adding track segment (B.Cu): [(131558454, 101707526), (133488490, 104737076)]
13:34:03: [INFO] Routing SW23 with D23
13:34:03: [INFO] Using internal autorouter method
13:34:03: [INFO] Routing pad 'SW23:2' at (112280464, 93432025) with pad 'D23:2' at (114141442, 101304174) using coordinate system rotated by 5.0 degree(s)
13:34:03: [INFO] Adding track segment (B.Cu): [(112280464, 93432025), (111832483, 98552464)]
13:34:03: [INFO] Adding track segment (B.Cu): [(111832483, 98552464), (114141442, 101304174)]
13:34:03: [INFO] Routing SW22 with D22
13:34:03: [INFO] Using internal autorouter method
13:34:03: [INFO] Routing pad 'SW22:2' at (92265500, 92646500) with pad 'D22:2' at (94805500, 100326500) using coordinate system rotated by 0 degree(s)
13:34:03: [INFO] Adding track segment (B.Cu): [(92265500, 92646500), (92265500, 97786500)]
13:34:03: [INFO] Adding track segment (B.Cu): [(92265500, 97786500), (94805500, 100326500)]
13:34:03: [INFO] Routing SW21 with D21
13:34:03: [INFO] Using internal autorouter method
13:34:03: [INFO] Routing pad 'SW21:2' at (154940000, 80645000) with pad 'D21:2' at (157480000, 88325000) using coordinate system rotated by 0 degree(s)
13:34:03: [INFO] Adding track segment (B.Cu): [(154940000, 80645000), (154940000, 85785000)]
13:34:03: [INFO] Adding track segment (B.Cu): [(154940000, 85785000), (157480000, 88325000)]
13:34:03: [INFO] Routing SW20 with D20
13:34:03: [INFO] Using internal autorouter method
13:34:03: [INFO] Routing pad 'SW20:2' at (135890000, 75882500) with pad 'D20:2' at (138430000, 83562500) using coordinate system rotated by 0 degree(s)
13:34:03: [INFO] Adding track segment (B.Cu): [(135890000, 75882500), (135890000, 81022500)]
13:34:03: [INFO] Adding track segment (B.Cu): [(135890000, 81022500), (138430000, 83562500)]
13:34:03: [INFO] Routing SW19 with D19
13:34:03: [INFO] Using internal autorouter method
13:34:03: [INFO] Routing pad 'SW19:2' at (116840000, 73596500) with pad 'D19:2' at (119380000, 81276500) using coordinate system rotated by 0 degree(s)
13:34:03: [INFO] Adding track segment (B.Cu): [(116840000, 73596500), (116840000, 78736500)]
13:34:03: [INFO] Adding track segment (B.Cu): [(116840000, 78736500), (119380000, 81276500)]
13:34:03: [INFO] Routing SW18 with D18
13:34:03: [INFO] Using internal autorouter method
13:34:03: [INFO] Routing pad 'SW18:2' at (97790000, 71120000) with pad 'D18:2' at (100330000, 78800000) using coordinate system rotated by 0 degree(s)
13:34:03: [INFO] Adding track segment (B.Cu): [(97790000, 71120000), (97790000, 76260000)]
13:34:03: [INFO] Adding track segment (B.Cu): [(97790000, 76260000), (100330000, 78800000)]
13:34:03: [INFO] Routing SW17 with D17
13:34:03: [INFO] Using internal autorouter method
13:34:03: [INFO] Routing pad 'SW17:2' at (78740000, 73596500) with pad 'D17:2' at (81280000, 81276500) using coordinate system rotated by 0 degree(s)
13:34:03: [INFO] Adding track segment (B.Cu): [(78740000, 73596500), (78740000, 78736500)]
13:34:03: [INFO] Adding track segment (B.Cu): [(78740000, 78736500), (81280000, 81276500)]
13:34:03: [INFO] Routing SW16 with D16
13:34:03: [INFO] Using internal autorouter method
13:34:03: [INFO] Routing pad 'SW16:2' at (59690000, 78359000) with pad 'D16:2' at (62230000, 86039000) using coordinate system rotated by 0 degree(s)
13:34:03: [INFO] Adding track segment (B.Cu): [(59690000, 78359000), (59690000, 83499000)]
13:34:03: [INFO] Adding track segment (B.Cu): [(59690000, 83499000), (62230000, 86039000)]
13:34:03: [INFO] Routing SW15 with D15
13:34:03: [INFO] Using internal autorouter method
13:34:03: [INFO] Routing pad 'SW15:2' at (40640000, 78359000) with pad 'D15:2' at (43180000, 86039000) using coordinate system rotated by 0 degree(s)
13:34:03: [INFO] Adding track segment (B.Cu): [(40640000, 78359000), (40640000, 83499000)]
13:34:03: [INFO] Adding track segment (B.Cu): [(40640000, 83499000), (43180000, 86039000)]
13:34:03: [INFO] Routing SW14 with D14
13:34:03: [INFO] Using internal autorouter method
13:34:03: [INFO] Routing pad 'SW14:2' at (154940000, 61595000) with pad 'D14:2' at (157480000, 69275000) using coordinate system rotated by 0 degree(s)
13:34:03: [INFO] Adding track segment (B.Cu): [(154940000, 61595000), (154940000, 66735000)]
13:34:03: [INFO] Adding track segment (B.Cu): [(154940000, 66735000), (157480000, 69275000)]
13:34:03: [INFO] Routing SW13 with D13
13:34:03: [INFO] Using internal autorouter method
13:34:03: [INFO] Routing pad 'SW13:2' at (135890000, 56832500) with pad 'D13:2' at (138430000, 64512500) using coordinate system rotated by 0 degree(s)
13:34:03: [INFO] Adding track segment (B.Cu): [(135890000, 56832500), (135890000, 61972500)]
13:34:03: [INFO] Adding track segment (B.Cu): [(135890000, 61972500), (138430000, 64512500)]
13:34:03: [INFO] Routing SW12 with D12
13:34:03: [INFO] Using internal autorouter method
13:34:03: [INFO] Routing pad 'SW12:2' at (116840000, 54546499) with pad 'D12:2' at (119380000, 62226499) using coordinate system rotated by 0 degree(s)
13:34:03: [INFO] Adding track segment (B.Cu): [(116840000, 54546499), (116840000, 59686499)]
13:34:03: [INFO] Adding track segment (B.Cu): [(116840000, 59686499), (119380000, 62226499)]
13:34:03: [INFO] Routing SW11 with D11
13:34:03: [INFO] Using internal autorouter method
13:34:03: [INFO] Routing pad 'SW11:2' at (97790000, 52070000) with pad 'D11:2' at (100330000, 59750000) using coordinate system rotated by 0 degree(s)
13:34:03: [INFO] Adding track segment (B.Cu): [(97790000, 52070000), (97790000, 57210000)]
13:34:03: [INFO] Adding track segment (B.Cu): [(97790000, 57210000), (100330000, 59750000)]
13:34:03: [INFO] Routing SW10 with D10
13:34:03: [INFO] Using internal autorouter method
13:34:03: [INFO] Routing pad 'SW10:2' at (78740000, 54546499) with pad 'D10:2' at (81280000, 62226499) using coordinate system rotated by 0 degree(s)
13:34:03: [INFO] Adding track segment (B.Cu): [(78740000, 54546499), (78740000, 59686499)]
13:34:03: [INFO] Adding track segment (B.Cu): [(78740000, 59686499), (81280000, 62226499)]
13:34:03: [INFO] Routing SW9 with D9
13:34:03: [INFO] Using internal autorouter method
13:34:03: [INFO] Routing pad 'SW9:2' at (59690000, 59309000) with pad 'D9:2' at (62230000, 66989000) using coordinate system rotated by 0 degree(s)
13:34:03: [INFO] Adding track segment (B.Cu): [(59690000, 59309000), (59690000, 64449000)]
13:34:03: [INFO] Adding track segment (B.Cu): [(59690000, 64449000), (62230000, 66989000)]
13:34:03: [INFO] Routing SW8 with D8
13:34:03: [INFO] Using internal autorouter method
13:34:03: [INFO] Routing pad 'SW8:2' at (40640000, 59309000) with pad 'D8:2' at (43180000, 66989000) using coordinate system rotated by 0 degree(s)
13:34:03: [INFO] Adding track segment (B.Cu): [(40640000, 59309000), (40640000, 64449000)]
13:34:03: [INFO] Adding track segment (B.Cu): [(40640000, 64449000), (43180000, 66989000)]
13:34:03: [INFO] Routing SW7 with D7
13:34:03: [INFO] Using internal autorouter method
13:34:03: [INFO] Routing pad 'SW7:2' at (154940000, 42545000) with pad 'D7:2' at (157480000, 50225000) using coordinate system rotated by 0 degree(s)
13:34:03: [INFO] Adding track segment (B.Cu): [(154940000, 42545000), (154940000, 47685000)]
13:34:03: [INFO] Adding track segment (B.Cu): [(154940000, 47685000), (157480000, 50225000)]
13:34:03: [INFO] Routing SW6 with D6
13:34:03: [INFO] Using internal autorouter method
13:34:03: [INFO] Routing pad 'SW6:2' at (135890000, 37782500) with pad 'D6:2' at (138430000, 45462500) using coordinate system rotated by 0 degree(s)
13:34:03: [INFO] Adding track segment (B.Cu): [(135890000, 37782500), (135890000, 42922500)]
13:34:03: [INFO] Adding track segment (B.Cu): [(135890000, 42922500), (138430000, 45462500)]
13:34:03: [INFO] Routing SW5 with D5
13:34:03: [INFO] Using internal autorouter method
13:34:03: [INFO] Routing pad 'SW5:2' at (116840000, 35496500) with pad 'D5:2' at (119380000, 43176500) using coordinate system rotated by 0 degree(s)
13:34:03: [INFO] Adding track segment (B.Cu): [(116840000, 35496500), (116840000, 40636500)]
13:34:03: [INFO] Adding track segment (B.Cu): [(116840000, 40636500), (119380000, 43176500)]
13:34:03: [INFO] Routing SW4 with D4
13:34:03: [INFO] Using internal autorouter method
13:34:03: [INFO] Routing pad 'SW4:2' at (97790000, 33020000) with pad 'D4:2' at (100330000, 40700000) using coordinate system rotated by 0 degree(s)
13:34:03: [INFO] Adding track segment (B.Cu): [(97790000, 33020000), (97790000, 38160000)]
13:34:03: [INFO] Adding track segment (B.Cu): [(97790000, 38160000), (100330000, 40700000)]
13:34:03: [INFO] Routing SW3 with D3
13:34:03: [INFO] Using internal autorouter method
13:34:03: [INFO] Routing pad 'SW3:2' at (78740000, 35496500) with pad 'D3:2' at (81280000, 43176500) using coordinate system rotated by 0 degree(s)
13:34:03: [INFO] Adding track segment (B.Cu): [(78740000, 35496500), (78740000, 40636500)]
13:34:03: [INFO] Adding track segment (B.Cu): [(78740000, 40636500), (81280000, 43176500)]
13:34:03: [INFO] Routing SW2 with D2
13:34:03: [INFO] Using internal autorouter method
13:34:03: [INFO] Routing pad 'SW2:2' at (59690000, 40259000) with pad 'D2:2' at (62230000, 47939000) using coordinate system rotated by 0 degree(s)
13:34:03: [INFO] Adding track segment (B.Cu): [(59690000, 40259000), (59690000, 45399000)]
13:34:03: [INFO] Adding track segment (B.Cu): [(59690000, 45399000), (62230000, 47939000)]
13:34:03: [INFO] Routing SW1 with D1
13:34:03: [INFO] Using internal autorouter method
13:34:03: [INFO] Routing pad 'SW1:2' at (40640000, 40259000) with pad 'D1:2' at (43180000, 47939000) using coordinate system rotated by 0 degree(s)
13:34:03: [INFO] Adding track segment (B.Cu): [(40640000, 40259000), (40640000, 45399000)]
13:34:03: [INFO] Adding track segment (B.Cu): [(40640000, 45399000), (43180000, 47939000)]
13:34:03: [INFO] Routing ROW7 pads
13:34:03: [WARNING] Could not route pads when parent footprints not rotated the same, footprint1: D47 at 112.0 degree(s) and footprint2: D48 at 102.5 degree(s)
13:34:03: [WARNING] Could not route pads when parent footprints not rotated the same, footprint1: D48 at 102.5 degree(s) and footprint2: D49 at 95.0 degree(s)
13:34:03: [WARNING] Could not route pads when parent footprints not rotated the same, footprint1: D49 at 95.0 degree(s) and footprint2: D50 at 90.0 degree(s)
13:34:03: [INFO] Routing COL1 pads
13:34:03: [INFO] Routing pad 'SW2:1' at (53340000, 42799000) with pad 'SW9:1' at (53340000, 61849000) using coordinate system rotated by 0 degree(s)
13:34:03: [INFO] Adding track segment (F.Cu): [(53340000, 42799000), (53340000, 61849000)]
13:34:03: [INFO] Routing pad 'SW9:1' at (53340000, 61849000) with pad 'SW16:1' at (53340000, 80899000) using coordinate system rotated by 0 degree(s)
13:34:03: [INFO] Adding track segment (F.Cu): [(53340000, 61849000), (53340000, 80899000)]
13:34:04: [INFO] Routing pad 'SW2:1' at (53340000, 42799000) with pad 'SW27:1' at (200977500, 40322500) using coordinate system rotated by 0 degree(s)
13:34:04: [INFO] Routing pad 'SW27:1' at (200977500, 40322500) with pad 'SW34:1' at (200977500, 59372500) using coordinate system rotated by 0 degree(s)
13:34:04: [INFO] Adding track segment (F.Cu): [(200977500, 40322500), (200977500, 59372500)]
13:34:04: [INFO] Routing pad 'SW34:1' at (200977500, 59372500) with pad 'SW41:1' at (200977500, 78422500) using coordinate system rotated by 0 degree(s)
13:34:04: [INFO] Adding track segment (F.Cu): [(200977500, 59372500), (200977500, 78422500)]
13:34:04: [WARNING] Could not route pads when parent footprints not rotated the same, footprint1: SW41 at 0.0 degree(s) and footprint2: SW48 at 12.5 degree(s)
13:34:04: [INFO] Routing ROW0 pads
13:34:04: [INFO] Routing pad 'D1:1' at (43180000, 50739000) with pad 'D2:1' at (62230000, 50739000) using coordinate system rotated by 0 degree(s)
13:34:04: [INFO] Adding track segment (B.Cu): [(43180000, 50739000), (62230000, 50739000)]
13:34:04: [INFO] Routing pad 'D2:1' at (62230000, 50739000) with pad 'D3:1' at (81280000, 45976500) using coordinate system rotated by 0 degree(s)
13:34:04: [INFO] Adding track segment (B.Cu): [(62230000, 50739000), (76517500, 50739000)]
13:34:04: [INFO] Adding track segment (B.Cu): [(76517500, 50739000), (81280000, 45976500)]
13:34:04: [INFO] Routing pad 'D3:1' at (81280000, 45976500) with pad 'D4:1' at (100330000, 43500000) using coordinate system rotated by 0 degree(s)
13:34:04: [INFO] Adding track segment (B.Cu): [(81280000, 45976500), (97853500, 45976500)]
13:34:04: [INFO] Adding track segment (B.Cu): [(97853500, 45976500), (100330000, 43500000)]
13:34:04: [INFO] Routing pad 'D4:1' at (100330000, 43500000) with pad 'D5:1' at (119380000, 45976500) using coordinate system rotated by 0 degree(s)
13:34:04: [INFO] Adding track segment (B.Cu): [(100330000, 43500000), (116903500, 43500000)]
13:34:04: [INFO] Adding track segment (B.Cu): [(116903500, 43500000), (119380000, 45976500)]
13:34:04: [INFO] Routing pad 'D5:1' at (119380000, 45976500) with pad 'D6:1' at (138430000, 48262500) using coordinate system rotated by 0 degree(s)
13:34:04: [INFO] Adding track segment (B.Cu): [(119380000, 45976500), (136144000, 45976500)]
13:34:04: [INFO] Adding track segment (B.Cu): [(136144000, 45976500), (138430000, 48262500)]
13:34:04: [INFO] Routing pad 'D6:1' at (138430000, 48262500) with pad 'D7:1' at (157480000, 53025000) using coordinate system rotated by 0 degree(s)
13:34:04: [INFO] Adding track segment (B.Cu): [(138430000, 48262500), (143192500, 53025000)]
13:34:04: [INFO] Adding track segment (B.Cu): [(143192500, 53025000), (157480000, 53025000)]
13:34:04: [INFO] Routing COL0 pads
13:34:04: [INFO] Routing pad 'SW1:1' at (34290000, 42799000) with pad 'SW8:1' at (34290000, 61849000) using coordinate system rotated by 0 degree(s)
13:34:04: [INFO] Adding track segment (F.Cu): [(34290000, 42799000), (34290000, 61849000)]
13:34:04: [INFO] Routing pad 'SW8:1' at (34290000, 61849000) with pad 'SW15:1' at (34290000, 80899000) using coordinate system rotated by 0 degree(s)
13:34:04: [INFO] Adding track segment (F.Cu): [(34290000, 61849000), (34290000, 80899000)]
13:34:04: [INFO] Routing pad 'SW1:1' at (34290000, 42799000) with pad 'SW26:1' at (181927500, 45085000) using coordinate system rotated by 0 degree(s)
13:34:04: [INFO] Routing pad 'SW26:1' at (181927500, 45085000) with pad 'SW33:1' at (181927500, 64135000) using coordinate system rotated by 0 degree(s)
13:34:04: [INFO] Adding track segment (F.Cu): [(181927500, 45085000), (181927500, 64135000)]
13:34:04: [INFO] Routing pad 'SW33:1' at (181927500, 64135000) with pad 'SW40:1' at (181927500, 83185000) using coordinate system rotated by 0 degree(s)
13:34:04: [INFO] Adding track segment (F.Cu): [(181927500, 64135000), (181927500, 83185000)]
13:34:04: [WARNING] Could not route pads when parent footprints not rotated the same, footprint1: SW40 at 0.0 degree(s) and footprint2: SW47 at 22.0 degree(s)
13:34:04: [INFO] Routing COL3 pads
13:34:04: [INFO] Routing pad 'SW11:1' at (91440000, 54610000) with pad 'SW4:1' at (91440000, 35560000) using coordinate system rotated by 0 degree(s)
13:34:04: [INFO] Adding track segment (F.Cu): [(91440000, 54610000), (91440000, 35560000)]
13:34:04: [INFO] Routing pad 'SW18:1' at (91440000, 73660000) with pad 'SW11:1' at (91440000, 54610000) using coordinate system rotated by 0 degree(s)
13:34:04: [INFO] Adding track segment (F.Cu): [(91440000, 73660000), (91440000, 54610000)]
13:34:04: [INFO] Routing pad 'SW22:1' at (85915500, 95186500) with pad 'SW18:1' at (91440000, 73660000) using coordinate system rotated by 0 degree(s)
13:34:04: [INFO] Adding track segment (F.Cu): [(85915500, 95186500), (91440000, 89662000)]
13:34:04: [INFO] Adding track segment (F.Cu): [(91440000, 89662000), (91440000, 73660000)]
13:34:04: [INFO] Routing pad 'SW4:1' at (91440000, 35560000) with pad 'SW29:1' at (239077500, 35560000) using coordinate system rotated by 0 degree(s)
13:34:04: [INFO] Adding track segment (F.Cu): [(91440000, 35560000), (239077500, 35560000)]
13:34:04: [INFO] Could not add track segment due to detected collision
13:34:04: [INFO] Routing pad 'SW29:1' at (239077500, 35560000) with pad 'SW36:1' at (239077500, 54610000) using coordinate system rotated by 0 degree(s)
13:34:04: [INFO] Adding track segment (F.Cu): [(239077500, 35560000), (239077500, 54610000)]
13:34:04: [INFO] Routing pad 'SW36:1' at (239077500, 54610000) with pad 'SW43:1' at (239077500, 73660000) using coordinate system rotated by 0 degree(s)
13:34:04: [INFO] Adding track segment (F.Cu): [(239077500, 54610000), (239077500, 73660000)]
13:34:04: [INFO] Routing pad 'SW43:1' at (239077500, 73660000) with pad 'SW50:1' at (244792500, 95186500) using coordinate system rotated by 0 degree(s)
13:34:04: [INFO] Adding track segment (F.Cu): [(239077500, 73660000), (239077500, 89471500)]
13:34:04: [INFO] Adding track segment (F.Cu): [(239077500, 89471500), (244792500, 95186500)]
13:34:04: [INFO] Routing COL2 pads
13:34:04: [INFO] Routing pad 'SW3:1' at (72390000, 38036500) with pad 'SW10:1' at (72390000, 57086499) using coordinate system rotated by 0 degree(s)
13:34:04: [INFO] Adding track segment (F.Cu): [(72390000, 38036500), (72390000, 57086499)]
13:34:04: [INFO] Routing pad 'SW10:1' at (72390000, 57086499) with pad 'SW17:1' at (72390000, 76136500) using coordinate system rotated by 0 degree(s)
13:34:04: [INFO] Adding track segment (F.Cu): [(72390000, 57086499), (72390000, 76136500)]
13:34:04: [INFO] Routing pad 'SW3:1' at (72390000, 38036500) with pad 'SW28:1' at (220027500, 38036500) using coordinate system rotated by 0 degree(s)
13:34:04: [INFO] Adding track segment (F.Cu): [(72390000, 38036500), (220027500, 38036500)]
13:34:04: [INFO] Could not add track segment due to detected collision
13:34:04: [INFO] Routing pad 'SW28:1' at (220027500, 38036500) with pad 'SW35:1' at (220027500, 57086499) using coordinate system rotated by 0 degree(s)
13:34:04: [INFO] Adding track segment (F.Cu): [(220027500, 38036500), (220027500, 57086499)]
13:34:04: [INFO] Routing pad 'SW35:1' at (220027500, 57086499) with pad 'SW42:1' at (220027500, 76136500) using coordinate system rotated by 0 degree(s)
13:34:04: [INFO] Adding track segment (F.Cu): [(220027500, 57086499), (220027500, 76136500)]
13:34:04: [WARNING] Could not route pads when parent footprints not rotated the same, footprint1: SW42 at 0.0 degree(s) and footprint2: SW49 at 5.0 degree(s)
13:34:04: [INFO] Routing COL5 pads
13:34:04: [INFO] Routing pad 'SW13:1' at (129540000, 59372500) with pad 'SW6:1' at (129540000, 40322500) using coordinate system rotated by 0 degree(s)
13:34:04: [INFO] Adding track segment (F.Cu): [(129540000, 59372500), (129540000, 40322500)]
13:34:04: [INFO] Routing pad 'SW20:1' at (129540000, 78422500) with pad 'SW13:1' at (129540000, 59372500) using coordinate system rotated by 0 degree(s)
13:34:04: [INFO] Adding track segment (F.Cu): [(129540000, 78422500), (129540000, 59372500)]
13:34:04: [WARNING] Could not route pads when parent footprints not rotated the same, footprint1: SW24 at -12.5 degree(s) and footprint2: SW20 at 0.0 degree(s)
13:34:04: [INFO] Routing pad 'SW6:1' at (129540000, 40322500) with pad 'SW31:1' at (277177500, 42799000) using coordinate system rotated by 0 degree(s)
13:34:04: [INFO] Routing pad 'SW31:1' at (277177500, 42799000) with pad 'SW38:1' at (277177500, 61849000) using coordinate system rotated by 0 degree(s)
13:34:04: [INFO] Adding track segment (F.Cu): [(277177500, 42799000), (277177500, 61849000)]
13:34:04: [INFO] Routing pad 'SW38:1' at (277177500, 61849000) with pad 'SW45:1' at (277177500, 80899000) using coordinate system rotated by 0 degree(s)
13:34:04: [INFO] Adding track segment (F.Cu): [(277177500, 61849000), (277177500, 80899000)]
13:34:04: [INFO] Routing ROW2 pads
13:34:04: [INFO] Routing pad 'D15:1' at (43180000, 88839000) with pad 'D16:1' at (62230000, 88839000) using coordinate system rotated by 0 degree(s)
13:34:04: [INFO] Adding track segment (B.Cu): [(43180000, 88839000), (62230000, 88839000)]
13:34:04: [INFO] Routing pad 'D16:1' at (62230000, 88839000) with pad 'D17:1' at (81280000, 84076500) using coordinate system rotated by 0 degree(s)
13:34:04: [INFO] Adding track segment (B.Cu): [(62230000, 88839000), (76517500, 88839000)]
13:34:04: [INFO] Adding track segment (B.Cu): [(76517500, 88839000), (81280000, 84076500)]
13:34:04: [INFO] Routing pad 'D17:1' at (81280000, 84076500) with pad 'D18:1' at (100330000, 81600000) using coordinate system rotated by 0 degree(s)
13:34:04: [INFO] Adding track segment (B.Cu): [(81280000, 84076500), (97853500, 84076500)]
13:34:04: [INFO] Adding track segment (B.Cu): [(97853500, 84076500), (100330000, 81600000)]
13:34:04: [INFO] Routing pad 'D18:1' at (100330000, 81600000) with pad 'D19:1' at (119380000, 84076500) using coordinate system rotated by 0 degree(s)
13:34:04: [INFO] Adding track segment (B.Cu): [(100330000, 81600000), (116903500, 81600000)]
13:34:04: [INFO] Adding track segment (B.Cu): [(116903500, 81600000), (119380000, 84076500)]
13:34:04: [INFO] Routing pad 'D19:1' at (119380000, 84076500) with pad 'D20:1' at (138430000, 86362500) using coordinate system rotated by 0 degree(s)
13:34:04: [INFO] Adding track segment (B.Cu): [(119380000, 84076500), (136144000, 84076500)]
13:34:04: [INFO] Adding track segment (B.Cu): [(136144000, 84076500), (138430000, 86362500)]
13:34:04: [INFO] Routing pad 'D20:1' at (138430000, 86362500) with pad 'D21:1' at (157480000, 91125000) using coordinate system rotated by 0 degree(s)
13:34:04: [INFO] Adding track segment (B.Cu): [(138430000, 86362500), (143192500, 91125000)]
13:34:04: [INFO] Adding track segment (B.Cu): [(143192500, 91125000), (157480000, 91125000)]
13:34:04: [INFO] Routing ROW3 pads
13:34:04: [WARNING] Could not route pads when parent footprints not rotated the same, footprint1: D22 at 90.0 degree(s) and footprint2: D23 at 85.0 degree(s)
13:34:04: [WARNING] Could not route pads when parent footprints not rotated the same, footprint1: D23 at 85.0 degree(s) and footprint2: D24 at 77.5 degree(s)
13:34:04: [WARNING] Could not route pads when parent footprints not rotated the same, footprint1: D24 at 77.5 degree(s) and footprint2: D25 at 68.0 degree(s)
13:34:04: [INFO] Routing ROW6 pads
13:34:04: [INFO] Routing pad 'D40:1' at (190817500, 91125000) with pad 'D41:1' at (209867500, 86362500) using coordinate system rotated by 0 degree(s)
13:34:04: [INFO] Adding track segment (B.Cu): [(190817500, 91125000), (205105000, 91125000)]
13:34:04: [INFO] Adding track segment (B.Cu): [(205105000, 91125000), (209867500, 86362500)]
13:34:04: [INFO] Routing pad 'D41:1' at (209867500, 86362500) with pad 'D42:1' at (228917500, 84076500) using coordinate system rotated by 0 degree(s)
13:34:04: [INFO] Adding track segment (B.Cu): [(209867500, 86362500), (226631500, 86362500)]
13:34:04: [INFO] Adding track segment (B.Cu): [(226631500, 86362500), (228917500, 84076500)]
13:34:04: [INFO] Routing pad 'D42:1' at (228917500, 84076500) with pad 'D43:1' at (247967500, 81600000) using coordinate system rotated by 0 degree(s)
13:34:04: [INFO] Adding track segment (B.Cu): [(228917500, 84076500), (245491000, 84076500)]
13:34:04: [INFO] Adding track segment (B.Cu): [(245491000, 84076500), (247967500, 81600000)]
13:34:04: [INFO] Routing pad 'D43:1' at (247967500, 81600000) with pad 'D44:1' at (267017500, 84076500) using coordinate system rotated by 0 degree(s)
13:34:04: [INFO] Adding track segment (B.Cu): [(247967500, 81600000), (264541000, 81600000)]
13:34:04: [INFO] Adding track segment (B.Cu): [(264541000, 81600000), (267017500, 84076500)]
13:34:04: [INFO] Routing pad 'D44:1' at (267017500, 84076500) with pad 'D45:1' at (286067500, 88839000) using coordinate system rotated by 0 degree(s)
13:34:04: [INFO] Adding track segment (B.Cu): [(267017500, 84076500), (271780000, 88839000)]
13:34:04: [INFO] Adding track segment (B.Cu): [(271780000, 88839000), (286067500, 88839000)]
13:34:04: [INFO] Routing pad 'D45:1' at (286067500, 88839000) with pad 'D46:1' at (305117500, 88839000) using coordinate system rotated by 0 degree(s)
13:34:04: [INFO] Adding track segment (B.Cu): [(286067500, 88839000), (305117500, 88839000)]
13:34:04: [INFO] Routing ROW5 pads
13:34:04: [INFO] Routing pad 'D33:1' at (190817500, 72075000) with pad 'D34:1' at (209867500, 67312500) using coordinate system rotated by 0 degree(s)
13:34:04: [INFO] Adding track segment (B.Cu): [(190817500, 72075000), (205105000, 72075000)]
13:34:04: [INFO] Adding track segment (B.Cu): [(205105000, 72075000), (209867500, 67312500)]
13:34:04: [INFO] Routing pad 'D34:1' at (209867500, 67312500) with pad 'D35:1' at (228917500, 65026499) using coordinate system rotated by 0 degree(s)
13:34:04: [INFO] Adding track segment (B.Cu): [(209867500, 67312500), (226631499, 67312500)]
13:34:04: [INFO] Adding track segment (B.Cu): [(226631499, 67312500), (228917500, 65026499)]
13:34:04: [INFO] Routing pad 'D35:1' at (228917500, 65026499) with pad 'D36:1' at (247967500, 62550000) using coordinate system rotated by 0 degree(s)
13:34:04: [INFO] Adding track segment (B.Cu): [(228917500, 65026499), (245491001, 65026499)]
13:34:04: [INFO] Adding track segment (B.Cu): [(245491001, 65026499), (247967500, 62550000)]
13:34:04: [INFO] Routing pad 'D36:1' at (247967500, 62550000) with pad 'D37:1' at (267017500, 65026499) using coordinate system rotated by 0 degree(s)
13:34:04: [INFO] Adding track segment (B.Cu): [(247967500, 62550000), (264541001, 62550000)]
13:34:04: [INFO] Adding track segment (B.Cu): [(264541001, 62550000), (267017500, 65026499)]
13:34:04: [INFO] Routing pad 'D37:1' at (267017500, 65026499) with pad 'D38:1' at (286067500, 69789000) using coordinate system rotated by 0 degree(s)
13:34:04: [INFO] Adding track segment (B.Cu): [(267017500, 65026499), (271780001, 69789000)]
13:34:04: [INFO] Adding track segment (B.Cu): [(271780001, 69789000), (286067500, 69789000)]
13:34:04: [INFO] Routing pad 'D38:1' at (286067500, 69789000) with pad 'D39:1' at (305117500, 69789000) using coordinate system rotated by 0 degree(s)
13:34:04: [INFO] Adding track segment (B.Cu): [(286067500, 69789000), (305117500, 69789000)]
13:34:04: [INFO] Routing ROW4 pads
13:34:04: [INFO] Routing pad 'D26:1' at (190817500, 53025000) with pad 'D27:1' at (209867500, 48262500) using coordinate system rotated by 0 degree(s)
13:34:04: [INFO] Adding track segment (B.Cu): [(190817500, 53025000), (205105000, 53025000)]
13:34:04: [INFO] Adding track segment (B.Cu): [(205105000, 53025000), (209867500, 48262500)]
13:34:04: [INFO] Routing pad 'D27:1' at (209867500, 48262500) with pad 'D28:1' at (228917500, 45976500) using coordinate system rotated by 0 degree(s)
13:34:04: [INFO] Adding track segment (B.Cu): [(209867500, 48262500), (226631500, 48262500)]
13:34:04: [INFO] Adding track segment (B.Cu): [(226631500, 48262500), (228917500, 45976500)]
13:34:04: [INFO] Routing pad 'D28:1' at (228917500, 45976500) with pad 'D29:1' at (247967500, 43500000) using coordinate system rotated by 0 degree(s)
13:34:04: [INFO] Adding track segment (B.Cu): [(228917500, 45976500), (245491000, 45976500)]
13:34:04: [INFO] Adding track segment (B.Cu): [(245491000, 45976500), (247967500, 43500000)]
13:34:04: [INFO] Routing pad 'D29:1' at (247967500, 43500000) with pad 'D30:1' at (267017500, 45976500) using coordinate system rotated by 0 degree(s)
13:34:04: [INFO] Adding track segment (B.Cu): [(247967500, 43500000), (264541000, 43500000)]
13:34:04: [INFO] Adding track segment (B.Cu): [(264541000, 43500000), (267017500, 45976500)]
13:34:04: [INFO] Routing pad 'D30:1' at (267017500, 45976500) with pad 'D31:1' at (286067500, 50739000) using coordinate system rotated by 0 degree(s)
13:34:04: [INFO] Adding track segment (B.Cu): [(267017500, 45976500), (271780000, 50739000)]
13:34:04: [INFO] Adding track segment (B.Cu): [(271780000, 50739000), (286067500, 50739000)]
13:34:04: [INFO] Routing pad 'D31:1' at (286067500, 50739000) with pad 'D32:1' at (305117500, 50739000) using coordinate system rotated by 0 degree(s)
13:34:04: [INFO] Adding track segment (B.Cu): [(286067500, 50739000), (305117500, 50739000)]
13:34:04: [INFO] Routing COL6 pads
13:34:04: [INFO] Routing pad 'SW14:1' at (148590000, 64135000) with pad 'SW7:1' at (148590000, 45085000) using coordinate system rotated by 0 degree(s)
13:34:04: [INFO] Adding track segment (F.Cu): [(148590000, 64135000), (148590000, 45085000)]
13:34:04: [INFO] Routing pad 'SW21:1' at (148590000, 83185000) with pad 'SW14:1' at (148590000, 64135000) using coordinate system rotated by 0 degree(s)
13:34:04: [INFO] Adding track segment (F.Cu): [(148590000, 83185000), (148590000, 64135000)]
13:34:04: [WARNING] Could not route pads when parent footprints not rotated the same, footprint1: SW25 at -22.0 degree(s) and footprint2: SW21 at 0.0 degree(s)
13:34:04: [INFO] Routing pad 'SW7:1' at (148590000, 45085000) with pad 'SW32:1' at (296227500, 42799000) using coordinate system rotated by 0 degree(s)
13:34:04: [INFO] Routing pad 'SW32:1' at (296227500, 42799000) with pad 'SW39:1' at (296227500, 61849000) using coordinate system rotated by 0 degree(s)
13:34:04: [INFO] Adding track segment (F.Cu): [(296227500, 42799000), (296227500, 61849000)]
13:34:04: [INFO] Routing pad 'SW39:1' at (296227500, 61849000) with pad 'SW46:1' at (296227500, 80899000) using coordinate system rotated by 0 degree(s)
13:34:04: [INFO] Adding track segment (F.Cu): [(296227500, 61849000), (296227500, 80899000)]
13:34:04: [INFO] Routing COL4 pads
13:34:04: [INFO] Routing pad 'SW12:1' at (110490000, 57086499) with pad 'SW5:1' at (110490000, 38036500) using coordinate system rotated by 0 degree(s)
13:34:04: [INFO] Adding track segment (F.Cu): [(110490000, 57086499), (110490000, 38036500)]
13:34:04: [INFO] Routing pad 'SW19:1' at (110490000, 76136500) with pad 'SW12:1' at (110490000, 57086499) using coordinate system rotated by 0 degree(s)
13:34:04: [INFO] Adding track segment (F.Cu): [(110490000, 76136500), (110490000, 57086499)]
13:34:04: [WARNING] Could not route pads when parent footprints not rotated the same, footprint1: SW23 at -5.0 degree(s) and footprint2: SW19 at 0.0 degree(s)
13:34:04: [INFO] Routing pad 'SW5:1' at (110490000, 38036500) with pad 'SW30:1' at (258127500, 38036500) using coordinate system rotated by 0 degree(s)
13:34:04: [INFO] Adding track segment (F.Cu): [(110490000, 38036500), (258127500, 38036500)]
13:34:04: [INFO] Could not add track segment due to detected collision
13:34:04: [INFO] Routing pad 'SW30:1' at (258127500, 38036500) with pad 'SW37:1' at (258127500, 57086499) using coordinate system rotated by 0 degree(s)
13:34:04: [INFO] Adding track segment (F.Cu): [(258127500, 38036500), (258127500, 57086499)]
13:34:04: [INFO] Routing pad 'SW37:1' at (258127500, 57086499) with pad 'SW44:1' at (258127500, 76136500) using coordinate system rotated by 0 degree(s)
13:34:04: [INFO] Adding track segment (F.Cu): [(258127500, 57086499), (258127500, 76136500)]
13:34:04: [INFO] Routing ROW1 pads
13:34:04: [INFO] Routing pad 'D8:1' at (43180000, 69789000) with pad 'D9:1' at (62230000, 69789000) using coordinate system rotated by 0 degree(s)
13:34:04: [INFO] Adding track segment (B.Cu): [(43180000, 69789000), (62230000, 69789000)]
13:34:04: [INFO] Routing pad 'D9:1' at (62230000, 69789000) with pad 'D10:1' at (81280000, 65026499) using coordinate system rotated by 0 degree(s)
13:34:04: [INFO] Adding track segment (B.Cu): [(62230000, 69789000), (76517499, 69789000)]
13:34:04: [INFO] Adding track segment (B.Cu): [(76517499, 69789000), (81280000, 65026499)]
13:34:04: [INFO] Routing pad 'D10:1' at (81280000, 65026499) with pad 'D11:1' at (100330000, 62550000) using coordinate system rotated by 0 degree(s)
13:34:04: [INFO] Adding track segment (B.Cu): [(81280000, 65026499), (97853501, 65026499)]
13:34:04: [INFO] Adding track segment (B.Cu): [(97853501, 65026499), (100330000, 62550000)]
13:34:04: [INFO] Routing pad 'D11:1' at (100330000, 62550000) with pad 'D12:1' at (119380000, 65026499) using coordinate system rotated by 0 degree(s)
13:34:04: [INFO] Adding track segment (B.Cu): [(100330000, 62550000), (116903501, 62550000)]
13:34:04: [INFO] Adding track segment (B.Cu): [(116903501, 62550000), (119380000, 65026499)]
13:34:04: [INFO] Routing pad 'D12:1' at (119380000, 65026499) with pad 'D13:1' at (138430000, 67312500) using coordinate system rotated by 0 degree(s)
13:34:04: [INFO] Adding track segment (B.Cu): [(119380000, 65026499), (136143999, 65026499)]
13:34:04: [INFO] Adding track segment (B.Cu): [(136143999, 65026499), (138430000, 67312500)]
13:34:04: [INFO] Routing pad 'D13:1' at (138430000, 67312500) with pad 'D14:1' at (157480000, 72075000) using coordinate system rotated by 0 degree(s)
13:34:04: [INFO] Adding track segment (B.Cu): [(138430000, 67312500), (143192500, 72075000)]
13:34:04: [INFO] Adding track segment (B.Cu): [(143192500, 72075000), (157480000, 72075000)]
13:34:04: [INFO] Removing dangling tracks
