=== kbplacer.kle_serial ===
=== layout2image.py ===
=== kbplacer ===
13:33:00: [INFO] User layout: https://editor.keyboard-tools.xyz/#share=NrDeCIA9wLgAgMwDoCsBfANHcAGDDwsJp4AOVTbFfcAXQwCgwpY4AmVLcAT1YFocSUgHZ0XPG0JxirAIxIclXBgAsUmfABsFLtTVEW8eYt0ZJ9JhrgpO2XvAFDRSvCnWG4KnVQxuLzEjh5ajt+QRExbDxZd0DZDkjwahj-K0EQnjCnDIBjVnAAYmFikvAXDBxYuS9c-IKchsay00rUj2QM+zhHRNkaA0DyRM0aNsCEri7HCKU+yQG5BVnVKq1vcBH9aQ9jJRHzRgDWG06sma4+twX4Gr3fOkOrYMmz5wuMGOughLuUx490i8HOFRFw8vBCgBDaEw5rYPqVL6yGpguqNJp3Vr-QIdIHddJKNj9baDdbCUbY1gTULA7KEsyrIJLLhErZWbSJclsnbM7Dkg6WDwnPHTN7YIlXEmsW5ccl+SlGWyZWnncUfRnxMnqsasQE0-HZVEQgow2H0xFSowo7Dg7D1dF5JTkrGCwIckWCMXgFT3L4-LgATnuOvguP1ji9CGJViGSlIFNdVKVUxBiSj80tTJM2Cj3Ld63jecW2fA8YFR3gwvDqaUUclVhl2Hj8sTitOKsj6qR-qb2oVcD1yoNESNdtN0Lh4CjFqejdLFQercQHqQCC9Pr+S591aQAfXDK+wnWQYz4CDm4r1hXAaUPoIX0HtsKJVKXAAFotEj6i-BqeAP22ShBj+A5Kk+JrjpOQYELQtBAA
13:33:00: [INFO] Labels prefixes: for rows: 'ROW', for columns: 'COL'
13:33:00: [INFO] Matrix size: 9x5
13:33:01: [INFO] Add COL0 net
13:33:01: [INFO] Add COL1 net
13:33:01: [INFO] Add COL2 net
13:33:01: [INFO] Add COL3 net
13:33:01: [INFO] Add COL4 net
13:33:01: [INFO] Add COL5 net
13:33:01: [INFO] Add Net-(D1-A) net
13:33:01: [INFO] Add Net-(D10-A) net
13:33:01: [INFO] Add Net-(D11-A) net
13:33:01: [INFO] Add Net-(D12-A) net
13:33:01: [INFO] Add Net-(D13-A) net
13:33:01: [INFO] Add Net-(D14-A) net
13:33:01: [INFO] Add Net-(D15-A) net
13:33:01: [INFO] Add Net-(D16-A) net
13:33:01: [INFO] Add Net-(D17-A) net
13:33:01: [INFO] Add Net-(D18-A) net
13:33:01: [INFO] Add Net-(D19-A) net
13:33:01: [INFO] Add Net-(D2-A) net
13:33:01: [INFO] Add Net-(D20-A) net
13:33:01: [INFO] Add Net-(D21-A) net
13:33:01: [INFO] Add Net-(D22-A) net
13:33:01: [INFO] Add Net-(D23-A) net
13:33:01: [INFO] Add Net-(D24-A) net
13:33:01: [INFO] Add Net-(D25-A) net
13:33:01: [INFO] Add Net-(D26-A) net
13:33:01: [INFO] Add Net-(D27-A) net
13:33:01: [INFO] Add Net-(D28-A) net
13:33:01: [INFO] Add Net-(D29-A) net
13:33:01: [INFO] Add Net-(D3-A) net
13:33:01: [INFO] Add Net-(D30-A) net
13:33:01: [INFO] Add Net-(D31-A) net
13:33:01: [INFO] Add Net-(D32-A) net
13:33:01: [INFO] Add Net-(D33-A) net
13:33:01: [INFO] Add Net-(D34-A) net
13:33:01: [INFO] Add Net-(D35-A) net
13:33:01: [INFO] Add Net-(D36-A) net
13:33:01: [INFO] Add Net-(D37-A) net
13:33:01: [INFO] Add Net-(D38-A) net
13:33:01: [INFO] Add Net-(D39-A) net
13:33:01: [INFO] Add Net-(D4-A) net
13:33:01: [INFO] Add Net-(D40-A) net
13:33:01: [INFO] Add Net-(D41-A) net
13:33:01: [INFO] Add Net-(D42-A) net
13:33:01: [INFO] Add Net-(D43-A) net
13:33:01: [INFO] Add Net-(D44-A) net
13:33:01: [INFO] Add Net-(D45-A) net
13:33:01: [INFO] Add Net-(D46-A) net
13:33:01: [INFO] Add Net-(D47-A) net
13:33:01: [INFO] Add Net-(D48-A) net
13:33:01: [INFO] Add Net-(D49-A) net
13:33:01: [INFO] Add Net-(D5-A) net
13:33:01: [INFO] Add Net-(D50-A) net
13:33:01: [INFO] Add Net-(D51-A) net
13:33:01: [INFO] Add Net-(D52-A) net
13:33:01: [INFO] Add Net-(D53-A) net
13:33:01: [INFO] Add Net-(D54-A) net
13:33:01: [INFO] Add Net-(D55-A) net
13:33:01: [INFO] Add Net-(D56-A) net
13:33:01: [INFO] Add Net-(D57-A) net
13:33:01: [INFO] Add Net-(D58-A) net
13:33:01: [INFO] Add Net-(D6-A) net
13:33:01: [INFO] Add Net-(D7-A) net
13:33:01: [INFO] Add Net-(D8-A) net
13:33:01: [INFO] Add Net-(D9-A) net
13:33:01: [INFO] Add ROW0 net
13:33:01: [INFO] Add ROW1 net
13:33:01: [INFO] Add ROW2 net
13:33:01: [INFO] Add ROW3 net
13:33:01: [INFO] Add ROW4 net
13:33:01: [INFO] Add ROW5 net
13:33:01: [INFO] Add ROW6 net
13:33:01: [INFO] Add ROW7 net
13:33:01: [INFO] Add ROW8 net
13:33:01: [INFO] Add ROW9 net
13:33:01: [INFO] Add SW1 footprint
13:33:01: [INFO] Add D1 footprint
13:33:01: [INFO] Add SW2 footprint
13:33:01: [INFO] Add D2 footprint
13:33:01: [INFO] Add SW3 footprint
13:33:01: [INFO] Add D3 footprint
13:33:01: [INFO] Add SW4 footprint
13:33:01: [INFO] Add D4 footprint
13:33:01: [INFO] Add SW5 footprint
13:33:01: [INFO] Add D5 footprint
13:33:01: [INFO] Add SW6 footprint
13:33:01: [INFO] Add D6 footprint
13:33:01: [INFO] Add SW7 footprint
13:33:01: [INFO] Add D7 footprint
13:33:01: [INFO] Add SW8 footprint
13:33:01: [INFO] Add D8 footprint
13:33:01: [INFO] Add SW9 footprint
13:33:01: [INFO] Add D9 footprint
13:33:01: [INFO] Add SW10 footprint
13:33:01: [INFO] Add D10 footprint
13:33:01: [INFO] Add SW11 footprint
13:33:01: [INFO] Add D11 footprint
13:33:01: [INFO] Add SW12 footprint
13:33:01: [INFO] Add D12 footprint
13:33:01: [INFO] Add SW13 footprint
13:33:01: [INFO] Add D13 footprint
13:33:01: [INFO] Add SW14 footprint
13:33:01: [INFO] Add D14 footprint
13:33:01: [INFO] Add SW15 footprint
13:33:01: [INFO] Add D15 footprint
13:33:01: [INFO] Add SW16 footprint
13:33:02: [INFO] Add D16 footprint
13:33:02: [INFO] Add SW17 footprint
13:33:02: [INFO] Add D17 footprint
13:33:02: [INFO] Add SW18 footprint
13:33:02: [INFO] Add D18 footprint
13:33:02: [INFO] Add SW19 footprint
13:33:02: [INFO] Add D19 footprint
13:33:02: [INFO] Add SW20 footprint
13:33:02: [INFO] Add D20 footprint
13:33:02: [INFO] Add SW21 footprint
13:33:02: [INFO] Add D21 footprint
13:33:02: [INFO] Add SW22 footprint
13:33:02: [INFO] Add D22 footprint
13:33:02: [INFO] Add SW23 footprint
13:33:02: [INFO] Add D23 footprint
13:33:02: [INFO] Add SW24 footprint
13:33:02: [INFO] Add D24 footprint
13:33:02: [INFO] Add SW25 footprint
13:33:02: [INFO] Add D25 footprint
13:33:02: [INFO] Add SW26 footprint
13:33:02: [INFO] Add D26 footprint
13:33:02: [INFO] Add SW27 footprint
13:33:02: [INFO] Add D27 footprint
13:33:02: [INFO] Add SW28 footprint
13:33:02: [INFO] Add D28 footprint
13:33:02: [INFO] Add SW29 footprint
13:33:02: [INFO] Add D29 footprint
13:33:02: [INFO] Add SW30 footprint
13:33:02: [INFO] Add D30 footprint
13:33:02: [INFO] Add SW31 footprint
13:33:02: [INFO] Add D31 footprint
13:33:02: [INFO] Add SW32 footprint
13:33:02: [INFO] Add D32 footprint
13:33:03: [INFO] Add SW33 footprint
13:33:03: [INFO] Add D33 footprint
13:33:03: [INFO] Add SW34 footprint
13:33:03: [INFO] Add D34 footprint
13:33:03: [INFO] Add SW35 footprint
13:33:03: [INFO] Add D35 footprint
13:33:03: [INFO] Add SW36 footprint
13:33:03: [INFO] Add D36 footprint
13:33:03: [INFO] Add SW37 footprint
13:33:03: [INFO] Add D37 footprint
13:33:03: [INFO] Add SW38 footprint
13:33:03: [INFO] Add D38 footprint
13:33:03: [INFO] Add SW39 footprint
13:33:03: [INFO] Add D39 footprint
13:33:03: [INFO] Add SW40 footprint
13:33:03: [INFO] Add D40 footprint
13:33:03: [INFO] Add SW41 footprint
13:33:03: [INFO] Add D41 footprint
13:33:03: [INFO] Add SW42 footprint
13:33:03: [INFO] Add D42 footprint
13:33:03: [INFO] Add SW43 footprint
13:33:03: [INFO] Add D43 footprint
13:33:03: [INFO] Add SW44 footprint
13:33:03: [INFO] Add D44 footprint
13:33:03: [INFO] Add SW45 footprint
13:33:03: [INFO] Add D45 footprint
13:33:03: [INFO] Add SW46 footprint
13:33:03: [INFO] Add D46 footprint
13:33:03: [INFO] Add SW47 footprint
13:33:03: [INFO] Add D47 footprint
13:33:03: [INFO] Add SW48 footprint
13:33:03: [INFO] Add D48 footprint
13:33:03: [INFO] Add SW49 footprint
13:33:04: [INFO] Add D49 footprint
13:33:04: [INFO] Add SW50 footprint
13:33:04: [INFO] Add D50 footprint
13:33:04: [INFO] Add SW51 footprint
13:33:04: [INFO] Add D51 footprint
13:33:04: [INFO] Add SW52 footprint
13:33:04: [INFO] Add D52 footprint
13:33:04: [INFO] Add SW53 footprint
13:33:04: [INFO] Add D53 footprint
13:33:04: [INFO] Add SW54 footprint
13:33:04: [INFO] Add D54 footprint
13:33:04: [INFO] Add SW55 footprint
13:33:04: [INFO] Add D55 footprint
13:33:04: [INFO] Add SW56 footprint
13:33:04: [INFO] Add D56 footprint
13:33:04: [INFO] Add SW57 footprint
13:33:04: [INFO] Add D57 footprint
13:33:04: [INFO] Add SW58 footprint
13:33:04: [INFO] Add D58 footprint
13:33:04: [INFO] Detected layout convertible to matrix annotated keyboard
13:33:04: [INFO] Using key 1U distance: (19.05, 19.05) mm
13:33:04: [INFO] Layout offset: (38100000, 28575000)
13:33:04: [INFO] Diode info: [ElementInfo(annotation_format='D{}', position_option=<PositionOption.CUSTOM: 'Custom'>, position=ElementPosition(x=5.08, y=4.0, orientation=90.0, side=<Side.BACK: 'Back'>), template_path='', start_index=-1)]
13:33:04: [INFO] Placing additional elements for SW58
13:33:04: [INFO] Placing additional elements for SW57
13:33:04: [INFO] Placing additional elements for SW56
13:33:04: [INFO] Placing additional elements for SW55
13:33:04: [INFO] Placing additional elements for SW54
13:33:04: [INFO] Placing additional elements for SW53
13:33:04: [INFO] Placing additional elements for SW52
13:33:04: [INFO] Placing additional elements for SW51
13:33:04: [INFO] Placing additional elements for SW50
13:33:04: [INFO] Placing additional elements for SW49
13:33:04: [INFO] Placing additional elements for SW48
13:33:04: [INFO] Placing additional elements for SW47
13:33:04: [INFO] Placing additional elements for SW46
13:33:04: [INFO] Placing additional elements for SW45
13:33:04: [INFO] Placing additional elements for SW44
13:33:04: [INFO] Placing additional elements for SW43
13:33:04: [INFO] Placing additional elements for SW42
13:33:04: [INFO] Placing additional elements for SW41
13:33:04: [INFO] Placing additional elements for SW40
13:33:04: [INFO] Placing additional elements for SW39
13:33:04: [INFO] Placing additional elements for SW38
13:33:04: [INFO] Placing additional elements for SW37
13:33:04: [INFO] Placing additional elements for SW36
13:33:04: [INFO] Placing additional elements for SW35
13:33:04: [INFO] Placing additional elements for SW34
13:33:04: [INFO] Placing additional elements for SW33
13:33:04: [INFO] Placing additional elements for SW32
13:33:04: [INFO] Placing additional elements for SW31
13:33:04: [INFO] Placing additional elements for SW30
13:33:04: [INFO] Placing additional elements for SW29
13:33:04: [INFO] Placing additional elements for SW28
13:33:04: [INFO] Placing additional elements for SW27
13:33:04: [INFO] Placing additional elements for SW26
13:33:04: [INFO] Placing additional elements for SW25
13:33:04: [INFO] Placing additional elements for SW24
13:33:04: [INFO] Placing additional elements for SW23
13:33:04: [INFO] Placing additional elements for SW22
13:33:04: [INFO] Placing additional elements for SW21
13:33:04: [INFO] Placing additional elements for SW20
13:33:04: [INFO] Placing additional elements for SW19
13:33:04: [INFO] Placing additional elements for SW18
13:33:04: [INFO] Placing additional elements for SW17
13:33:04: [INFO] Placing additional elements for SW16
13:33:04: [INFO] Placing additional elements for SW15
13:33:04: [INFO] Placing additional elements for SW14
13:33:04: [INFO] Placing additional elements for SW13
13:33:04: [INFO] Placing additional elements for SW12
13:33:04: [INFO] Placing additional elements for SW11
13:33:04: [INFO] Placing additional elements for SW10
13:33:04: [INFO] Placing additional elements for SW9
13:33:04: [INFO] Placing additional elements for SW8
13:33:04: [INFO] Placing additional elements for SW7
13:33:04: [INFO] Placing additional elements for SW6
13:33:04: [INFO] Placing additional elements for SW5
13:33:04: [INFO] Placing additional elements for SW4
13:33:04: [INFO] Placing additional elements for SW3
13:33:04: [INFO] Placing additional elements for SW2
13:33:04: [INFO] Placing additional elements for SW1
13:33:04: [INFO] Routing SW58 with D58
13:33:04: [INFO] Using internal autorouter method
13:33:04: [INFO] Routing pad 'SW58:2' at (240665000, 85407500) with pad 'D58:2' at (243205000, 93087500) using coordinate system rotated by 0 degree(s)
13:33:04: [INFO] Adding track segment (B.Cu): [(240665000, 85407500), (240665000, 90547500)]
13:33:04: [INFO] Adding track segment (B.Cu): [(240665000, 90547500), (243205000, 93087500)]
13:33:04: [INFO] Routing SW57 with D57
13:33:04: [INFO] Using internal autorouter method
13:33:04: [INFO] Routing pad 'SW57:2' at (240665000, 118745000) with pad 'D57:2' at (243205000, 126425000) using coordinate system rotated by 0 degree(s)
13:33:04: [INFO] Adding track segment (B.Cu): [(240665000, 118745000), (240665000, 123885000)]
13:33:04: [INFO] Adding track segment (B.Cu): [(240665000, 123885000), (243205000, 126425000)]
13:33:04: [INFO] Routing SW56 with D56
13:33:04: [INFO] Using internal autorouter method
13:33:04: [INFO] Routing pad 'SW56:2' at (269240000, 113982500) with pad 'D56:2' at (271780000, 121662500) using coordinate system rotated by 0 degree(s)
13:33:04: [INFO] Adding track segment (B.Cu): [(269240000, 113982500), (269240000, 119122500)]
13:33:04: [INFO] Adding track segment (B.Cu): [(269240000, 119122500), (271780000, 121662500)]
13:33:04: [INFO] Routing SW55 with D55
13:33:04: [INFO] Using internal autorouter method
13:33:04: [INFO] Routing pad 'SW55:2' at (288290000, 112077500) with pad 'D55:2' at (290830000, 119757500) using coordinate system rotated by 0 degree(s)
13:33:04: [INFO] Adding track segment (B.Cu): [(288290000, 112077500), (288290000, 117217500)]
13:33:04: [INFO] Adding track segment (B.Cu): [(288290000, 117217500), (290830000, 119757500)]
13:33:04: [INFO] Routing SW54 with D54
13:33:04: [INFO] Using internal autorouter method
13:33:04: [INFO] Routing pad 'SW54:2' at (307340000, 112077500) with pad 'D54:2' at (309880000, 119757500) using coordinate system rotated by 0 degree(s)
13:33:04: [INFO] Adding track segment (B.Cu): [(307340000, 112077500), (307340000, 117217500)]
13:33:04: [INFO] Adding track segment (B.Cu): [(307340000, 117217500), (309880000, 119757500)]
13:33:04: [INFO] Routing SW53 with D53
13:33:04: [INFO] Using internal autorouter method
13:33:04: [INFO] Routing pad 'SW53:2' at (259715000, 94932500) with pad 'D53:2' at (262255000, 102612500) using coordinate system rotated by 0 degree(s)
13:33:04: [INFO] Adding track segment (B.Cu): [(259715000, 94932500), (259715000, 100072500)]
13:33:04: [INFO] Adding track segment (B.Cu): [(259715000, 100072500), (262255000, 102612500)]
13:33:04: [INFO] Routing SW52 with D52
13:33:04: [INFO] Using internal autorouter method
13:33:04: [INFO] Routing pad 'SW52:2' at (278765000, 92551250) with pad 'D52:2' at (281305000, 100231250) using coordinate system rotated by 0 degree(s)
13:33:04: [INFO] Adding track segment (B.Cu): [(278765000, 92551250), (278765000, 97691250)]
13:33:04: [INFO] Adding track segment (B.Cu): [(278765000, 97691250), (281305000, 100231250)]
13:33:04: [INFO] Routing SW51 with D51
13:33:04: [INFO] Using internal autorouter method
13:33:04: [INFO] Routing pad 'SW51:2' at (297815000, 90170000) with pad 'D51:2' at (300355000, 97850000) using coordinate system rotated by 0 degree(s)
13:33:04: [INFO] Adding track segment (B.Cu): [(297815000, 90170000), (297815000, 95310000)]
13:33:04: [INFO] Adding track segment (B.Cu): [(297815000, 95310000), (300355000, 97850000)]
13:33:04: [INFO] Routing SW50 with D50
13:33:04: [INFO] Using internal autorouter method
13:33:04: [INFO] Routing pad 'SW50:2' at (316865000, 92551250) with pad 'D50:2' at (319405000, 100231250) using coordinate system rotated by 0 degree(s)
13:33:04: [INFO] Adding track segment (B.Cu): [(316865000, 92551250), (316865000, 97691250)]
13:33:04: [INFO] Adding track segment (B.Cu): [(316865000, 97691250), (319405000, 100231250)]
13:33:04: [INFO] Routing SW49 with D49
13:33:04: [INFO] Using internal autorouter method
13:33:04: [INFO] Routing pad 'SW49:2' at (335915000, 97313750) with pad 'D49:2' at (338455000, 104993750) using coordinate system rotated by 0 degree(s)
13:33:04: [INFO] Adding track segment (B.Cu): [(335915000, 97313750), (335915000, 102453750)]
13:33:04: [INFO] Adding track segment (B.Cu): [(335915000, 102453750), (338455000, 104993750)]
13:33:04: [INFO] Routing SW48 with D48
13:33:04: [INFO] Using internal autorouter method
13:33:04: [INFO] Routing pad 'SW48:2' at (354965000, 99695000) with pad 'D48:2' at (357505000, 107375000) using coordinate system rotated by 0 degree(s)
13:33:04: [INFO] Adding track segment (B.Cu): [(354965000, 99695000), (354965000, 104835000)]
13:33:04: [INFO] Adding track segment (B.Cu): [(354965000, 104835000), (357505000, 107375000)]
13:33:04: [INFO] Routing SW47 with D47
13:33:04: [INFO] Using internal autorouter method
13:33:04: [INFO] Routing pad 'SW47:2' at (259715000, 75882500) with pad 'D47:2' at (262255000, 83562500) using coordinate system rotated by 0 degree(s)
13:33:04: [INFO] Adding track segment (B.Cu): [(259715000, 75882500), (259715000, 81022500)]
13:33:04: [INFO] Adding track segment (B.Cu): [(259715000, 81022500), (262255000, 83562500)]
13:33:04: [INFO] Routing SW46 with D46
13:33:04: [INFO] Using internal autorouter method
13:33:04: [INFO] Routing pad 'SW46:2' at (278765000, 73501250) with pad 'D46:2' at (281305000, 81181250) using coordinate system rotated by 0 degree(s)
13:33:04: [INFO] Adding track segment (B.Cu): [(278765000, 73501250), (278765000, 78641250)]
13:33:04: [INFO] Adding track segment (B.Cu): [(278765000, 78641250), (281305000, 81181250)]
13:33:04: [INFO] Routing SW45 with D45
13:33:04: [INFO] Using internal autorouter method
13:33:04: [INFO] Routing pad 'SW45:2' at (297815000, 71120000) with pad 'D45:2' at (300355000, 78800000) using coordinate system rotated by 0 degree(s)
13:33:04: [INFO] Adding track segment (B.Cu): [(297815000, 71120000), (297815000, 76260000)]
13:33:04: [INFO] Adding track segment (B.Cu): [(297815000, 76260000), (300355000, 78800000)]
13:33:04: [INFO] Routing SW44 with D44
13:33:04: [INFO] Using internal autorouter method
13:33:04: [INFO] Routing pad 'SW44:2' at (316865000, 73501250) with pad 'D44:2' at (319405000, 81181250) using coordinate system rotated by 0 degree(s)
13:33:04: [INFO] Adding track segment (B.Cu): [(316865000, 73501250), (316865000, 78641250)]
13:33:04: [INFO] Adding track segment (B.Cu): [(316865000, 78641250), (319405000, 81181250)]
13:33:04: [INFO] Routing SW43 with D43
13:33:04: [INFO] Using internal autorouter method
13:33:04: [INFO] Routing pad 'SW43:2' at (335915000, 78263750) with pad 'D43:2' at (338455000, 85943750) using coordinate system rotated by 0 degree(s)
13:33:04: [INFO] Adding track segment (B.Cu): [(335915000, 78263750), (335915000, 83403750)]
13:33:04: [INFO] Adding track segment (B.Cu): [(335915000, 83403750), (338455000, 85943750)]
13:33:04: [INFO] Routing SW42 with D42
13:33:04: [INFO] Using internal autorouter method
13:33:04: [INFO] Routing pad 'SW42:2' at (354965000, 80645000) with pad 'D42:2' at (357505000, 88325000) using coordinate system rotated by 0 degree(s)
13:33:04: [INFO] Adding track segment (B.Cu): [(354965000, 80645000), (354965000, 85785000)]
13:33:04: [INFO] Adding track segment (B.Cu): [(354965000, 85785000), (357505000, 88325000)]
13:33:04: [INFO] Routing SW41 with D41
13:33:04: [INFO] Using internal autorouter method
13:33:04: [INFO] Routing pad 'SW41:2' at (259715000, 56832500) with pad 'D41:2' at (262255000, 64512500) using coordinate system rotated by 0 degree(s)
13:33:04: [INFO] Adding track segment (B.Cu): [(259715000, 56832500), (259715000, 61972500)]
13:33:04: [INFO] Adding track segment (B.Cu): [(259715000, 61972500), (262255000, 64512500)]
13:33:04: [INFO] Routing SW40 with D40
13:33:04: [INFO] Using internal autorouter method
13:33:04: [INFO] Routing pad 'SW40:2' at (278765000, 54451250) with pad 'D40:2' at (281305000, 62131250) using coordinate system rotated by 0 degree(s)
13:33:04: [INFO] Adding track segment (B.Cu): [(278765000, 54451250), (278765000, 59591250)]
13:33:04: [INFO] Adding track segment (B.Cu): [(278765000, 59591250), (281305000, 62131250)]
13:33:04: [INFO] Routing SW39 with D39
13:33:04: [INFO] Using internal autorouter method
13:33:04: [INFO] Routing pad 'SW39:2' at (297815000, 52070000) with pad 'D39:2' at (300355000, 59750000) using coordinate system rotated by 0 degree(s)
13:33:04: [INFO] Adding track segment (B.Cu): [(297815000, 52070000), (297815000, 57210000)]
13:33:04: [INFO] Adding track segment (B.Cu): [(297815000, 57210000), (300355000, 59750000)]
13:33:04: [INFO] Routing SW38 with D38
13:33:04: [INFO] Using internal autorouter method
13:33:04: [INFO] Routing pad 'SW38:2' at (316865000, 54451250) with pad 'D38:2' at (319405000, 62131250) using coordinate system rotated by 0 degree(s)
13:33:04: [INFO] Adding track segment (B.Cu): [(316865000, 54451250), (316865000, 59591250)]
13:33:04: [INFO] Adding track segment (B.Cu): [(316865000, 59591250), (319405000, 62131250)]
13:33:04: [INFO] Routing SW37 with D37
13:33:04: [INFO] Using internal autorouter method
13:33:04: [INFO] Routing pad 'SW37:2' at (335915000, 59213750) with pad 'D37:2' at (338455000, 66893750) using coordinate system rotated by 0 degree(s)
13:33:04: [INFO] Adding track segment (B.Cu): [(335915000, 59213750), (335915000, 64353750)]
13:33:04: [INFO] Adding track segment (B.Cu): [(335915000, 64353750), (338455000, 66893750)]
13:33:04: [INFO] Routing SW36 with D36
13:33:04: [INFO] Using internal autorouter method
13:33:04: [INFO] Routing pad 'SW36:2' at (354965000, 61595000) with pad 'D36:2' at (357505000, 69275000) using coordinate system rotated by 0 degree(s)
13:33:04: [INFO] Adding track segment (B.Cu): [(354965000, 61595000), (354965000, 66735000)]
13:33:04: [INFO] Adding track segment (B.Cu): [(354965000, 66735000), (357505000, 69275000)]
13:33:04: [INFO] Routing SW35 with D35
13:33:04: [INFO] Using internal autorouter method
13:33:04: [INFO] Routing pad 'SW35:2' at (259715000, 37782500) with pad 'D35:2' at (262255000, 45462500) using coordinate system rotated by 0 degree(s)
13:33:04: [INFO] Adding track segment (B.Cu): [(259715000, 37782500), (259715000, 42922500)]
13:33:04: [INFO] Adding track segment (B.Cu): [(259715000, 42922500), (262255000, 45462500)]
13:33:04: [INFO] Routing SW34 with D34
13:33:04: [INFO] Using internal autorouter method
13:33:04: [INFO] Routing pad 'SW34:2' at (278765000, 35401250) with pad 'D34:2' at (281305000, 43081250) using coordinate system rotated by 0 degree(s)
13:33:04: [INFO] Adding track segment (B.Cu): [(278765000, 35401250), (278765000, 40541250)]
13:33:04: [INFO] Adding track segment (B.Cu): [(278765000, 40541250), (281305000, 43081250)]
13:33:04: [INFO] Routing SW33 with D33
13:33:04: [INFO] Using internal autorouter method
13:33:04: [INFO] Routing pad 'SW33:2' at (297815000, 33020000) with pad 'D33:2' at (300355000, 40700000) using coordinate system rotated by 0 degree(s)
13:33:04: [INFO] Adding track segment (B.Cu): [(297815000, 33020000), (297815000, 38160000)]
13:33:04: [INFO] Adding track segment (B.Cu): [(297815000, 38160000), (300355000, 40700000)]
13:33:04: [INFO] Routing SW32 with D32
13:33:04: [INFO] Using internal autorouter method
13:33:04: [INFO] Routing pad 'SW32:2' at (316865000, 35401250) with pad 'D32:2' at (319405000, 43081250) using coordinate system rotated by 0 degree(s)
13:33:05: [INFO] Adding track segment (B.Cu): [(316865000, 35401250), (316865000, 40541250)]
13:33:05: [INFO] Adding track segment (B.Cu): [(316865000, 40541250), (319405000, 43081250)]
13:33:05: [INFO] Routing SW31 with D31
13:33:05: [INFO] Using internal autorouter method
13:33:05: [INFO] Routing pad 'SW31:2' at (335915000, 40163750) with pad 'D31:2' at (338455000, 47843750) using coordinate system rotated by 0 degree(s)
13:33:05: [INFO] Adding track segment (B.Cu): [(335915000, 40163750), (335915000, 45303750)]
13:33:05: [INFO] Adding track segment (B.Cu): [(335915000, 45303750), (338455000, 47843750)]
13:33:05: [INFO] Routing SW30 with D30
13:33:05: [INFO] Using internal autorouter method
13:33:05: [INFO] Routing pad 'SW30:2' at (354965000, 42545000) with pad 'D30:2' at (357505000, 50225000) using coordinate system rotated by 0 degree(s)
13:33:05: [INFO] Adding track segment (B.Cu): [(354965000, 42545000), (354965000, 47685000)]
13:33:05: [INFO] Adding track segment (B.Cu): [(354965000, 47685000), (357505000, 50225000)]
13:33:05: [INFO] Routing SW29 with D29
13:33:05: [INFO] Using internal autorouter method
13:33:05: [INFO] Routing pad 'SW29:2' at (173990000, 85407500) with pad 'D29:2' at (176530000, 93087500) using coordinate system rotated by 0 degree(s)
13:33:05: [INFO] Adding track segment (B.Cu): [(173990000, 85407500), (173990000, 90547500)]
13:33:05: [INFO] Adding track segment (B.Cu): [(173990000, 90547500), (176530000, 93087500)]
13:33:05: [INFO] Routing SW28 with D28
13:33:05: [INFO] Using internal autorouter method
13:33:05: [INFO] Routing pad 'SW28:2' at (173990000, 118745000) with pad 'D28:2' at (176530000, 126425000) using coordinate system rotated by 0 degree(s)
13:33:05: [INFO] Adding track segment (B.Cu): [(173990000, 118745000), (173990000, 123885000)]
13:33:05: [INFO] Adding track segment (B.Cu): [(173990000, 123885000), (176530000, 126425000)]
13:33:05: [INFO] Routing SW27 with D27
13:33:05: [INFO] Using internal autorouter method
13:33:05: [INFO] Routing pad 'SW27:2' at (145415000, 113982500) with pad 'D27:2' at (147955000, 121662500) using coordinate system rotated by 0 degree(s)
13:33:05: [INFO] Adding track segment (B.Cu): [(145415000, 113982500), (145415000, 119122500)]
13:33:05: [INFO] Adding track segment (B.Cu): [(145415000, 119122500), (147955000, 121662500)]
13:33:05: [INFO] Routing SW26 with D26
13:33:05: [INFO] Using internal autorouter method
13:33:05: [INFO] Routing pad 'SW26:2' at (126365000, 112077500) with pad 'D26:2' at (128905000, 119757500) using coordinate system rotated by 0 degree(s)
13:33:05: [INFO] Adding track segment (B.Cu): [(126365000, 112077500), (126365000, 117217500)]
13:33:05: [INFO] Adding track segment (B.Cu): [(126365000, 117217500), (128905000, 119757500)]
13:33:05: [INFO] Routing SW25 with D25
13:33:05: [INFO] Using internal autorouter method
13:33:05: [INFO] Routing pad 'SW25:2' at (107315000, 111601250) with pad 'D25:2' at (109855000, 119281250) using coordinate system rotated by 0 degree(s)
13:33:05: [INFO] Adding track segment (B.Cu): [(107315000, 111601250), (107315000, 116741250)]
13:33:05: [INFO] Adding track segment (B.Cu): [(107315000, 116741250), (109855000, 119281250)]
13:33:05: [INFO] Routing SW24 with D24
13:33:05: [INFO] Using internal autorouter method
13:33:05: [INFO] Routing pad 'SW24:2' at (154940000, 94932500) with pad 'D24:2' at (157480000, 102612500) using coordinate system rotated by 0 degree(s)
13:33:05: [INFO] Adding track segment (B.Cu): [(154940000, 94932500), (154940000, 100072500)]
13:33:05: [INFO] Adding track segment (B.Cu): [(154940000, 100072500), (157480000, 102612500)]
13:33:05: [INFO] Routing SW23 with D23
13:33:05: [INFO] Using internal autorouter method
13:33:05: [INFO] Routing pad 'SW23:2' at (135890000, 92551250) with pad 'D23:2' at (138430000, 100231250) using coordinate system rotated by 0 degree(s)
13:33:05: [INFO] Adding track segment (B.Cu): [(135890000, 92551250), (135890000, 97691250)]
13:33:05: [INFO] Adding track segment (B.Cu): [(135890000, 97691250), (138430000, 100231250)]
13:33:05: [INFO] Routing SW22 with D22
13:33:05: [INFO] Using internal autorouter method
13:33:05: [INFO] Routing pad 'SW22:2' at (116840000, 90170000) with pad 'D22:2' at (119380000, 97850000) using coordinate system rotated by 0 degree(s)
13:33:05: [INFO] Adding track segment (B.Cu): [(116840000, 90170000), (116840000, 95310000)]
13:33:05: [INFO] Adding track segment (B.Cu): [(116840000, 95310000), (119380000, 97850000)]
13:33:05: [INFO] Routing SW21 with D21
13:33:05: [INFO] Using internal autorouter method
13:33:05: [INFO] Routing pad 'SW21:2' at (97790000, 92551250) with pad 'D21:2' at (100330000, 100231250) using coordinate system rotated by 0 degree(s)
13:33:05: [INFO] Adding track segment (B.Cu): [(97790000, 92551250), (97790000, 97691250)]
13:33:05: [INFO] Adding track segment (B.Cu): [(97790000, 97691250), (100330000, 100231250)]
13:33:05: [INFO] Routing SW20 with D20
13:33:05: [INFO] Using internal autorouter method
13:33:05: [INFO] Routing pad 'SW20:2' at (78740000, 97313750) with pad 'D20:2' at (81280000, 104993750) using coordinate system rotated by 0 degree(s)
13:33:05: [INFO] Adding track segment (B.Cu): [(78740000, 97313750), (78740000, 102453750)]
13:33:05: [INFO] Adding track segment (B.Cu): [(78740000, 102453750), (81280000, 104993750)]
13:33:05: [INFO] Routing SW19 with D19
13:33:05: [INFO] Using internal autorouter method
13:33:05: [INFO] Routing pad 'SW19:2' at (59690000, 99695000) with pad 'D19:2' at (62230000, 107375000) using coordinate system rotated by 0 degree(s)
13:33:05: [INFO] Adding track segment (B.Cu): [(59690000, 99695000), (59690000, 104835000)]
13:33:05: [INFO] Adding track segment (B.Cu): [(59690000, 104835000), (62230000, 107375000)]
13:33:05: [INFO] Routing SW18 with D18
13:33:05: [INFO] Using internal autorouter method
13:33:05: [INFO] Routing pad 'SW18:2' at (154940000, 75882500) with pad 'D18:2' at (157480000, 83562500) using coordinate system rotated by 0 degree(s)
13:33:05: [INFO] Adding track segment (B.Cu): [(154940000, 75882500), (154940000, 81022500)]
13:33:05: [INFO] Adding track segment (B.Cu): [(154940000, 81022500), (157480000, 83562500)]
13:33:05: [INFO] Routing SW17 with D17
13:33:05: [INFO] Using internal autorouter method
13:33:05: [INFO] Routing pad 'SW17:2' at (135890000, 73501250) with pad 'D17:2' at (138430000, 81181250) using coordinate system rotated by 0 degree(s)
13:33:05: [INFO] Adding track segment (B.Cu): [(135890000, 73501250), (135890000, 78641250)]
13:33:05: [INFO] Adding track segment (B.Cu): [(135890000, 78641250), (138430000, 81181250)]
13:33:05: [INFO] Routing SW16 with D16
13:33:05: [INFO] Using internal autorouter method
13:33:05: [INFO] Routing pad 'SW16:2' at (116840000, 71120000) with pad 'D16:2' at (119380000, 78800000) using coordinate system rotated by 0 degree(s)
13:33:05: [INFO] Adding track segment (B.Cu): [(116840000, 71120000), (116840000, 76260000)]
13:33:05: [INFO] Adding track segment (B.Cu): [(116840000, 76260000), (119380000, 78800000)]
13:33:05: [INFO] Routing SW15 with D15
13:33:05: [INFO] Using internal autorouter method
13:33:05: [INFO] Routing pad 'SW15:2' at (97790000, 73501250) with pad 'D15:2' at (100330000, 81181250) using coordinate system rotated by 0 degree(s)
13:33:05: [INFO] Adding track segment (B.Cu): [(97790000, 73501250), (97790000, 78641250)]
13:33:05: [INFO] Adding track segment (B.Cu): [(97790000, 78641250), (100330000, 81181250)]
13:33:05: [INFO] Routing SW14 with D14
13:33:05: [INFO] Using internal autorouter method
13:33:05: [INFO] Routing pad 'SW14:2' at (78740000, 78263750) with pad 'D14:2' at (81280000, 85943750) using coordinate system rotated by 0 degree(s)
13:33:05: [INFO] Adding track segment (B.Cu): [(78740000, 78263750), (78740000, 83403750)]
13:33:05: [INFO] Adding track segment (B.Cu): [(78740000, 83403750), (81280000, 85943750)]
13:33:05: [INFO] Routing SW13 with D13
13:33:05: [INFO] Using internal autorouter method
13:33:05: [INFO] Routing pad 'SW13:2' at (59690000, 80645000) with pad 'D13:2' at (62230000, 88325000) using coordinate system rotated by 0 degree(s)
13:33:05: [INFO] Adding track segment (B.Cu): [(59690000, 80645000), (59690000, 85785000)]
13:33:05: [INFO] Adding track segment (B.Cu): [(59690000, 85785000), (62230000, 88325000)]
13:33:05: [INFO] Routing SW12 with D12
13:33:05: [INFO] Using internal autorouter method
13:33:05: [INFO] Routing pad 'SW12:2' at (154940000, 56832500) with pad 'D12:2' at (157480000, 64512500) using coordinate system rotated by 0 degree(s)
13:33:05: [INFO] Adding track segment (B.Cu): [(154940000, 56832500), (154940000, 61972500)]
13:33:05: [INFO] Adding track segment (B.Cu): [(154940000, 61972500), (157480000, 64512500)]
13:33:05: [INFO] Routing SW11 with D11
13:33:05: [INFO] Using internal autorouter method
13:33:05: [INFO] Routing pad 'SW11:2' at (135890000, 54451250) with pad 'D11:2' at (138430000, 62131250) using coordinate system rotated by 0 degree(s)
13:33:05: [INFO] Adding track segment (B.Cu): [(135890000, 54451250), (135890000, 59591250)]
13:33:05: [INFO] Adding track segment (B.Cu): [(135890000, 59591250), (138430000, 62131250)]
13:33:05: [INFO] Routing SW10 with D10
13:33:05: [INFO] Using internal autorouter method
13:33:05: [INFO] Routing pad 'SW10:2' at (116840000, 52070000) with pad 'D10:2' at (119380000, 59750000) using coordinate system rotated by 0 degree(s)
13:33:05: [INFO] Adding track segment (B.Cu): [(116840000, 52070000), (116840000, 57210000)]
13:33:05: [INFO] Adding track segment (B.Cu): [(116840000, 57210000), (119380000, 59750000)]
13:33:05: [INFO] Routing SW9 with D9
13:33:05: [INFO] Using internal autorouter method
13:33:05: [INFO] Routing pad 'SW9:2' at (97790000, 54451250) with pad 'D9:2' at (100330000, 62131250) using coordinate system rotated by 0 degree(s)
13:33:05: [INFO] Adding track segment (B.Cu): [(97790000, 54451250), (97790000, 59591250)]
13:33:05: [INFO] Adding track segment (B.Cu): [(97790000, 59591250), (100330000, 62131250)]
13:33:05: [INFO] Routing SW8 with D8
13:33:05: [INFO] Using internal autorouter method
13:33:05: [INFO] Routing pad 'SW8:2' at (78740000, 59213750) with pad 'D8:2' at (81280000, 66893750) using coordinate system rotated by 0 degree(s)
13:33:05: [INFO] Adding track segment (B.Cu): [(78740000, 59213750), (78740000, 64353750)]
13:33:05: [INFO] Adding track segment (B.Cu): [(78740000, 64353750), (81280000, 66893750)]
13:33:05: [INFO] Routing SW7 with D7
13:33:05: [INFO] Using internal autorouter method
13:33:05: [INFO] Routing pad 'SW7:2' at (59690000, 61595000) with pad 'D7:2' at (62230000, 69275000) using coordinate system rotated by 0 degree(s)
13:33:05: [INFO] Adding track segment (B.Cu): [(59690000, 61595000), (59690000, 66735000)]
13:33:05: [INFO] Adding track segment (B.Cu): [(59690000, 66735000), (62230000, 69275000)]
13:33:05: [INFO] Routing SW6 with D6
13:33:05: [INFO] Using internal autorouter method
13:33:05: [INFO] Routing pad 'SW6:2' at (154940000, 37782500) with pad 'D6:2' at (157480000, 45462500) using coordinate system rotated by 0 degree(s)
13:33:05: [INFO] Adding track segment (B.Cu): [(154940000, 37782500), (154940000, 42922500)]
13:33:05: [INFO] Adding track segment (B.Cu): [(154940000, 42922500), (157480000, 45462500)]
13:33:05: [INFO] Routing SW5 with D5
13:33:05: [INFO] Using internal autorouter method
13:33:05: [INFO] Routing pad 'SW5:2' at (135890000, 35401250) with pad 'D5:2' at (138430000, 43081250) using coordinate system rotated by 0 degree(s)
13:33:05: [INFO] Adding track segment (B.Cu): [(135890000, 35401250), (135890000, 40541250)]
13:33:05: [INFO] Adding track segment (B.Cu): [(135890000, 40541250), (138430000, 43081250)]
13:33:05: [INFO] Routing SW4 with D4
13:33:05: [INFO] Using internal autorouter method
13:33:05: [INFO] Routing pad 'SW4:2' at (116840000, 33020000) with pad 'D4:2' at (119380000, 40700000) using coordinate system rotated by 0 degree(s)
13:33:05: [INFO] Adding track segment (B.Cu): [(116840000, 33020000), (116840000, 38160000)]
13:33:05: [INFO] Adding track segment (B.Cu): [(116840000, 38160000), (119380000, 40700000)]
13:33:05: [INFO] Routing SW3 with D3
13:33:05: [INFO] Using internal autorouter method
13:33:05: [INFO] Routing pad 'SW3:2' at (97790000, 35401250) with pad 'D3:2' at (100330000, 43081250) using coordinate system rotated by 0 degree(s)
13:33:05: [INFO] Adding track segment (B.Cu): [(97790000, 35401250), (97790000, 40541250)]
13:33:05: [INFO] Adding track segment (B.Cu): [(97790000, 40541250), (100330000, 43081250)]
13:33:05: [INFO] Routing SW2 with D2
13:33:05: [INFO] Using internal autorouter method
13:33:05: [INFO] Routing pad 'SW2:2' at (78740000, 40163750) with pad 'D2:2' at (81280000, 47843750) using coordinate system rotated by 0 degree(s)
13:33:05: [INFO] Adding track segment (B.Cu): [(78740000, 40163750), (78740000, 45303750)]
13:33:05: [INFO] Adding track segment (B.Cu): [(78740000, 45303750), (81280000, 47843750)]
13:33:05: [INFO] Routing SW1 with D1
13:33:05: [INFO] Using internal autorouter method
13:33:05: [INFO] Routing pad 'SW1:2' at (59690000, 42545000) with pad 'D1:2' at (62230000, 50225000) using coordinate system rotated by 0 degree(s)
13:33:05: [INFO] Adding track segment (B.Cu): [(59690000, 42545000), (59690000, 47685000)]
13:33:05: [INFO] Adding track segment (B.Cu): [(59690000, 47685000), (62230000, 50225000)]
13:33:05: [INFO] Routing ROW7 pads
13:33:05: [INFO] Routing pad 'D47:1' at (262255000, 86362500) with pad 'D46:1' at (281305000, 83981250) using coordinate system rotated by 0 degree(s)
13:33:05: [INFO] Adding track segment (B.Cu): [(262255000, 86362500), (278923750, 86362500)]
13:33:05: [INFO] Adding track segment (B.Cu): [(278923750, 86362500), (281305000, 83981250)]
13:33:05: [INFO] Routing pad 'D46:1' at (281305000, 83981250) with pad 'D45:1' at (300355000, 81600000) using coordinate system rotated by 0 degree(s)
13:33:05: [INFO] Adding track segment (B.Cu): [(281305000, 83981250), (297973750, 83981250)]
13:33:05: [INFO] Adding track segment (B.Cu): [(297973750, 83981250), (300355000, 81600000)]
13:33:05: [INFO] Routing pad 'D45:1' at (300355000, 81600000) with pad 'D44:1' at (319405000, 83981250) using coordinate system rotated by 0 degree(s)
13:33:05: [INFO] Adding track segment (B.Cu): [(300355000, 81600000), (317023750, 81600000)]
13:33:05: [INFO] Adding track segment (B.Cu): [(317023750, 81600000), (319405000, 83981250)]
13:33:05: [INFO] Routing pad 'D44:1' at (319405000, 83981250) with pad 'D43:1' at (338455000, 88743750) using coordinate system rotated by 0 degree(s)
13:33:05: [INFO] Adding track segment (B.Cu): [(319405000, 83981250), (324167500, 88743750)]
13:33:05: [INFO] Adding track segment (B.Cu): [(324167500, 88743750), (338455000, 88743750)]
13:33:05: [INFO] Routing pad 'D43:1' at (338455000, 88743750) with pad 'D42:1' at (357505000, 91125000) using coordinate system rotated by 0 degree(s)
13:33:05: [INFO] Adding track segment (B.Cu): [(338455000, 88743750), (355123750, 88743750)]
13:33:05: [INFO] Adding track segment (B.Cu): [(355123750, 88743750), (357505000, 91125000)]
13:33:05: [INFO] Routing COL1 pads
13:33:05: [INFO] Routing pad 'SW2:1' at (72390000, 42703750) with pad 'SW8:1' at (72390000, 61753750) using coordinate system rotated by 0 degree(s)
13:33:05: [INFO] Adding track segment (F.Cu): [(72390000, 42703750), (72390000, 61753750)]
13:33:05: [INFO] Routing pad 'SW8:1' at (72390000, 61753750) with pad 'SW14:1' at (72390000, 80803750) using coordinate system rotated by 0 degree(s)
13:33:05: [INFO] Adding track segment (F.Cu): [(72390000, 61753750), (72390000, 80803750)]
13:33:05: [INFO] Routing pad 'SW14:1' at (72390000, 80803750) with pad 'SW20:1' at (72390000, 99853750) using coordinate system rotated by 0 degree(s)
13:33:05: [INFO] Adding track segment (F.Cu): [(72390000, 80803750), (72390000, 99853750)]
13:33:05: [INFO] Routing pad 'SW20:1' at (72390000, 99853750) with pad 'SW25:1' at (100965000, 114141250) using coordinate system rotated by 0 degree(s)
13:33:05: [INFO] Adding track segment (F.Cu): [(72390000, 99853750), (86677500, 99853750)]
13:33:05: [INFO] Adding track segment (F.Cu): [(86677500, 99853750), (100965000, 114141250)]
13:33:05: [INFO] Routing pad 'SW25:1' at (100965000, 114141250) with pad 'SW54:1' at (300990000, 114617500) using coordinate system rotated by 0 degree(s)
13:33:05: [INFO] Routing pad 'SW37:1' at (329565000, 61753750) with pad 'SW31:1' at (329565000, 42703750) using coordinate system rotated by 0 degree(s)
13:33:05: [INFO] Adding track segment (F.Cu): [(329565000, 61753750), (329565000, 42703750)]
13:33:05: [INFO] Routing pad 'SW43:1' at (329565000, 80803750) with pad 'SW37:1' at (329565000, 61753750) using coordinate system rotated by 0 degree(s)
13:33:05: [INFO] Adding track segment (F.Cu): [(329565000, 80803750), (329565000, 61753750)]
13:33:05: [INFO] Routing pad 'SW49:1' at (329565000, 99853750) with pad 'SW43:1' at (329565000, 80803750) using coordinate system rotated by 0 degree(s)
13:33:05: [INFO] Adding track segment (F.Cu): [(329565000, 99853750), (329565000, 80803750)]
13:33:05: [INFO] Routing pad 'SW54:1' at (300990000, 114617500) with pad 'SW49:1' at (329565000, 99853750) using coordinate system rotated by 0 degree(s)
13:33:05: [INFO] Adding track segment (F.Cu): [(300990000, 114617500), (315753750, 99853750)]
13:33:05: [INFO] Adding track segment (F.Cu): [(315753750, 99853750), (329565000, 99853750)]
13:33:05: [INFO] Routing ROW4 pads
13:33:05: [INFO] Routing pad 'D25:1' at (109855000, 122081250) with pad 'D26:1' at (128905000, 122557500) using coordinate system rotated by 0 degree(s)
13:33:05: [INFO] Adding track segment (B.Cu): [(109855000, 122081250), (128428750, 122081250)]
13:33:05: [INFO] Adding track segment (B.Cu): [(128428750, 122081250), (128905000, 122557500)]
13:33:05: [INFO] Routing pad 'D26:1' at (128905000, 122557500) with pad 'D27:1' at (147955000, 124462500) using coordinate system rotated by 0 degree(s)
13:33:05: [INFO] Adding track segment (B.Cu): [(128905000, 122557500), (146050000, 122557500)]
13:33:05: [INFO] Adding track segment (B.Cu): [(146050000, 122557500), (147955000, 124462500)]
13:33:05: [INFO] Routing pad 'D28:1' at (176530000, 129225000) with pad 'D29:1' at (176530000, 95887500) using coordinate system rotated by 0 degree(s)
13:33:05: [INFO] Adding track segment (B.Cu): [(176530000, 129225000), (176530000, 95887500)]
13:33:05: [INFO] Could not add track segment due to detected collision
13:33:05: [INFO] Routing pad 'D27:1' at (147955000, 124462500) with pad 'D28:1' at (176530000, 129225000) using coordinate system rotated by 0 degree(s)
13:33:05: [INFO] Adding track segment (B.Cu): [(147955000, 124462500), (152717500, 129225000)]
13:33:05: [INFO] Adding track segment (B.Cu): [(152717500, 129225000), (176530000, 129225000)]
13:33:05: [INFO] Routing ROW2 pads
13:33:05: [INFO] Routing pad 'D13:1' at (62230000, 91125000) with pad 'D14:1' at (81280000, 88743750) using coordinate system rotated by 0 degree(s)
13:33:05: [INFO] Adding track segment (B.Cu): [(62230000, 91125000), (78898750, 91125000)]
13:33:05: [INFO] Adding track segment (B.Cu): [(78898750, 91125000), (81280000, 88743750)]
13:33:05: [INFO] Routing pad 'D14:1' at (81280000, 88743750) with pad 'D15:1' at (100330000, 83981250) using coordinate system rotated by 0 degree(s)
13:33:05: [INFO] Adding track segment (B.Cu): [(81280000, 88743750), (95567500, 88743750)]
13:33:05: [INFO] Adding track segment (B.Cu): [(95567500, 88743750), (100330000, 83981250)]
13:33:05: [INFO] Routing pad 'D15:1' at (100330000, 83981250) with pad 'D16:1' at (119380000, 81600000) using coordinate system rotated by 0 degree(s)
13:33:05: [INFO] Adding track segment (B.Cu): [(100330000, 83981250), (116998750, 83981250)]
13:33:05: [INFO] Adding track segment (B.Cu): [(116998750, 83981250), (119380000, 81600000)]
13:33:05: [INFO] Routing pad 'D16:1' at (119380000, 81600000) with pad 'D17:1' at (138430000, 83981250) using coordinate system rotated by 0 degree(s)
13:33:05: [INFO] Adding track segment (B.Cu): [(119380000, 81600000), (136048750, 81600000)]
13:33:05: [INFO] Adding track segment (B.Cu): [(136048750, 81600000), (138430000, 83981250)]
13:33:05: [INFO] Routing pad 'D17:1' at (138430000, 83981250) with pad 'D18:1' at (157480000, 86362500) using coordinate system rotated by 0 degree(s)
13:33:05: [INFO] Adding track segment (B.Cu): [(138430000, 83981250), (155098750, 83981250)]
13:33:05: [INFO] Adding track segment (B.Cu): [(155098750, 83981250), (157480000, 86362500)]
13:33:05: [INFO] Routing COL3 pads
13:33:05: [INFO] Routing pad 'SW4:1' at (110490000, 35560000) with pad 'SW10:1' at (110490000, 54610000) using coordinate system rotated by 0 degree(s)
13:33:05: [INFO] Adding track segment (F.Cu): [(110490000, 35560000), (110490000, 54610000)]
13:33:05: [INFO] Routing pad 'SW10:1' at (110490000, 54610000) with pad 'SW16:1' at (110490000, 73660000) using coordinate system rotated by 0 degree(s)
13:33:05: [INFO] Adding track segment (F.Cu): [(110490000, 54610000), (110490000, 73660000)]
13:33:05: [INFO] Routing pad 'SW16:1' at (110490000, 73660000) with pad 'SW22:1' at (110490000, 92710000) using coordinate system rotated by 0 degree(s)
13:33:05: [INFO] Adding track segment (F.Cu): [(110490000, 73660000), (110490000, 92710000)]
13:33:05: [INFO] Routing pad 'SW22:1' at (110490000, 92710000) with pad 'SW27:1' at (139065000, 116522500) using coordinate system rotated by 0 degree(s)
13:33:05: [INFO] Adding track segment (F.Cu): [(110490000, 92710000), (115252500, 92710000)]
13:33:05: [INFO] Adding track segment (F.Cu): [(115252500, 92710000), (139065000, 116522500)]
13:33:05: [INFO] Routing pad 'SW27:1' at (139065000, 116522500) with pad 'SW56:1' at (262890000, 116522500) using coordinate system rotated by 0 degree(s)
13:33:05: [INFO] Adding track segment (F.Cu): [(139065000, 116522500), (262890000, 116522500)]
13:33:05: [INFO] Routing pad 'SW39:1' at (291465000, 54610000) with pad 'SW33:1' at (291465000, 35560000) using coordinate system rotated by 0 degree(s)
13:33:05: [INFO] Adding track segment (F.Cu): [(291465000, 54610000), (291465000, 35560000)]
13:33:05: [INFO] Routing pad 'SW45:1' at (291465000, 73660000) with pad 'SW39:1' at (291465000, 54610000) using coordinate system rotated by 0 degree(s)
13:33:05: [INFO] Adding track segment (F.Cu): [(291465000, 73660000), (291465000, 54610000)]
13:33:05: [INFO] Routing pad 'SW51:1' at (291465000, 92710000) with pad 'SW45:1' at (291465000, 73660000) using coordinate system rotated by 0 degree(s)
13:33:05: [INFO] Adding track segment (F.Cu): [(291465000, 92710000), (291465000, 73660000)]
13:33:05: [INFO] Routing pad 'SW56:1' at (262890000, 116522500) with pad 'SW51:1' at (291465000, 92710000) using coordinate system rotated by 0 degree(s)
13:33:05: [INFO] Routing COL4 pads
13:33:05: [INFO] Routing pad 'SW5:1' at (129540000, 37941250) with pad 'SW11:1' at (129540000, 56991250) using coordinate system rotated by 0 degree(s)
13:33:05: [INFO] Adding track segment (F.Cu): [(129540000, 37941250), (129540000, 56991250)]
13:33:05: [INFO] Routing pad 'SW11:1' at (129540000, 56991250) with pad 'SW17:1' at (129540000, 76041250) using coordinate system rotated by 0 degree(s)
13:33:05: [INFO] Adding track segment (F.Cu): [(129540000, 56991250), (129540000, 76041250)]
13:33:05: [INFO] Routing pad 'SW17:1' at (129540000, 76041250) with pad 'SW23:1' at (129540000, 95091250) using coordinate system rotated by 0 degree(s)
13:33:05: [INFO] Adding track segment (F.Cu): [(129540000, 76041250), (129540000, 95091250)]
13:33:05: [INFO] Routing pad 'SW23:1' at (129540000, 95091250) with pad 'SW28:1' at (167640000, 121285000) using coordinate system rotated by 0 degree(s)
13:33:05: [INFO] Routing pad 'SW28:1' at (167640000, 121285000) with pad 'SW57:1' at (234315000, 121285000) using coordinate system rotated by 0 degree(s)
13:33:05: [INFO] Adding track segment (F.Cu): [(167640000, 121285000), (234315000, 121285000)]
13:33:05: [INFO] Routing pad 'SW40:1' at (272415000, 56991250) with pad 'SW34:1' at (272415000, 37941250) using coordinate system rotated by 0 degree(s)
13:33:05: [INFO] Adding track segment (F.Cu): [(272415000, 56991250), (272415000, 37941250)]
13:33:05: [INFO] Routing pad 'SW46:1' at (272415000, 76041250) with pad 'SW40:1' at (272415000, 56991250) using coordinate system rotated by 0 degree(s)
13:33:05: [INFO] Adding track segment (F.Cu): [(272415000, 76041250), (272415000, 56991250)]
13:33:05: [INFO] Routing pad 'SW52:1' at (272415000, 95091250) with pad 'SW46:1' at (272415000, 76041250) using coordinate system rotated by 0 degree(s)
13:33:05: [INFO] Adding track segment (F.Cu): [(272415000, 95091250), (272415000, 76041250)]
13:33:05: [INFO] Routing pad 'SW57:1' at (234315000, 121285000) with pad 'SW52:1' at (272415000, 95091250) using coordinate system rotated by 0 degree(s)
13:33:05: [INFO] Routing COL2 pads
13:33:05: [INFO] Routing pad 'SW3:1' at (91440000, 37941250) with pad 'SW9:1' at (91440000, 56991250) using coordinate system rotated by 0 degree(s)
13:33:05: [INFO] Adding track segment (F.Cu): [(91440000, 37941250), (91440000, 56991250)]
13:33:05: [INFO] Routing pad 'SW9:1' at (91440000, 56991250) with pad 'SW15:1' at (91440000, 76041250) using coordinate system rotated by 0 degree(s)
13:33:05: [INFO] Adding track segment (F.Cu): [(91440000, 56991250), (91440000, 76041250)]
13:33:05: [INFO] Routing pad 'SW15:1' at (91440000, 76041250) with pad 'SW21:1' at (91440000, 95091250) using coordinate system rotated by 0 degree(s)
13:33:05: [INFO] Adding track segment (F.Cu): [(91440000, 76041250), (91440000, 95091250)]
13:33:05: [INFO] Routing pad 'SW21:1' at (91440000, 95091250) with pad 'SW26:1' at (120015000, 114617500) using coordinate system rotated by 0 degree(s)
13:33:05: [INFO] Adding track segment (F.Cu): [(91440000, 95091250), (100488750, 95091250)]
13:33:05: [INFO] Adding track segment (F.Cu): [(100488750, 95091250), (120015000, 114617500)]
13:33:05: [INFO] Routing pad 'SW26:1' at (120015000, 114617500) with pad 'SW55:1' at (281940000, 114617500) using coordinate system rotated by 0 degree(s)
13:33:05: [INFO] Adding track segment (F.Cu): [(120015000, 114617500), (281940000, 114617500)]
13:33:05: [INFO] Could not add track segment due to detected collision
13:33:05: [INFO] Routing pad 'SW38:1' at (310515000, 56991250) with pad 'SW32:1' at (310515000, 37941250) using coordinate system rotated by 0 degree(s)
13:33:05: [INFO] Adding track segment (F.Cu): [(310515000, 56991250), (310515000, 37941250)]
13:33:05: [INFO] Routing pad 'SW44:1' at (310515000, 76041250) with pad 'SW38:1' at (310515000, 56991250) using coordinate system rotated by 0 degree(s)
13:33:05: [INFO] Adding track segment (F.Cu): [(310515000, 76041250), (310515000, 56991250)]
13:33:05: [INFO] Routing pad 'SW50:1' at (310515000, 95091250) with pad 'SW44:1' at (310515000, 76041250) using coordinate system rotated by 0 degree(s)
13:33:05: [INFO] Adding track segment (F.Cu): [(310515000, 95091250), (310515000, 76041250)]
13:33:05: [INFO] Routing pad 'SW55:1' at (281940000, 114617500) with pad 'SW50:1' at (310515000, 95091250) using coordinate system rotated by 0 degree(s)
13:33:05: [INFO] Routing ROW1 pads
13:33:05: [INFO] Routing pad 'D7:1' at (62230000, 72075000) with pad 'D8:1' at (81280000, 69693750) using coordinate system rotated by 0 degree(s)
13:33:05: [INFO] Adding track segment (B.Cu): [(62230000, 72075000), (78898750, 72075000)]
13:33:05: [INFO] Adding track segment (B.Cu): [(78898750, 72075000), (81280000, 69693750)]
13:33:05: [INFO] Routing pad 'D8:1' at (81280000, 69693750) with pad 'D9:1' at (100330000, 64931250) using coordinate system rotated by 0 degree(s)
13:33:06: [INFO] Adding track segment (B.Cu): [(81280000, 69693750), (95567500, 69693750)]
13:33:06: [INFO] Adding track segment (B.Cu): [(95567500, 69693750), (100330000, 64931250)]
13:33:06: [INFO] Routing pad 'D9:1' at (100330000, 64931250) with pad 'D10:1' at (119380000, 62550000) using coordinate system rotated by 0 degree(s)
13:33:06: [INFO] Adding track segment (B.Cu): [(100330000, 64931250), (116998750, 64931250)]
13:33:06: [INFO] Adding track segment (B.Cu): [(116998750, 64931250), (119380000, 62550000)]
13:33:06: [INFO] Routing pad 'D10:1' at (119380000, 62550000) with pad 'D11:1' at (138430000, 64931250) using coordinate system rotated by 0 degree(s)
13:33:06: [INFO] Adding track segment (B.Cu): [(119380000, 62550000), (136048750, 62550000)]
13:33:06: [INFO] Adding track segment (B.Cu): [(136048750, 62550000), (138430000, 64931250)]
13:33:06: [INFO] Routing pad 'D11:1' at (138430000, 64931250) with pad 'D12:1' at (157480000, 67312500) using coordinate system rotated by 0 degree(s)
13:33:06: [INFO] Adding track segment (B.Cu): [(138430000, 64931250), (155098750, 64931250)]
13:33:06: [INFO] Adding track segment (B.Cu): [(155098750, 64931250), (157480000, 67312500)]
13:33:06: [INFO] Routing ROW6 pads
13:33:06: [INFO] Routing pad 'D41:1' at (262255000, 67312500) with pad 'D40:1' at (281305000, 64931250) using coordinate system rotated by 0 degree(s)
13:33:06: [INFO] Adding track segment (B.Cu): [(262255000, 67312500), (278923750, 67312500)]
13:33:06: [INFO] Adding track segment (B.Cu): [(278923750, 67312500), (281305000, 64931250)]
13:33:06: [INFO] Routing pad 'D40:1' at (281305000, 64931250) with pad 'D39:1' at (300355000, 62550000) using coordinate system rotated by 0 degree(s)
13:33:06: [INFO] Adding track segment (B.Cu): [(281305000, 64931250), (297973750, 64931250)]
13:33:06: [INFO] Adding track segment (B.Cu): [(297973750, 64931250), (300355000, 62550000)]
13:33:06: [INFO] Routing pad 'D39:1' at (300355000, 62550000) with pad 'D38:1' at (319405000, 64931250) using coordinate system rotated by 0 degree(s)
13:33:06: [INFO] Adding track segment (B.Cu): [(300355000, 62550000), (317023750, 62550000)]
13:33:06: [INFO] Adding track segment (B.Cu): [(317023750, 62550000), (319405000, 64931250)]
13:33:06: [INFO] Routing pad 'D38:1' at (319405000, 64931250) with pad 'D37:1' at (338455000, 69693750) using coordinate system rotated by 0 degree(s)
13:33:06: [INFO] Adding track segment (B.Cu): [(319405000, 64931250), (324167500, 69693750)]
13:33:06: [INFO] Adding track segment (B.Cu): [(324167500, 69693750), (338455000, 69693750)]
13:33:06: [INFO] Routing pad 'D37:1' at (338455000, 69693750) with pad 'D36:1' at (357505000, 72075000) using coordinate system rotated by 0 degree(s)
13:33:06: [INFO] Adding track segment (B.Cu): [(338455000, 69693750), (355123750, 69693750)]
13:33:06: [INFO] Adding track segment (B.Cu): [(355123750, 69693750), (357505000, 72075000)]
13:33:06: [INFO] Routing ROW5 pads
13:33:06: [INFO] Routing pad 'D35:1' at (262255000, 48262500) with pad 'D34:1' at (281305000, 45881250) using coordinate system rotated by 0 degree(s)
13:33:06: [INFO] Adding track segment (B.Cu): [(262255000, 48262500), (278923750, 48262500)]
13:33:06: [INFO] Adding track segment (B.Cu): [(278923750, 48262500), (281305000, 45881250)]
13:33:06: [INFO] Routing pad 'D34:1' at (281305000, 45881250) with pad 'D33:1' at (300355000, 43500000) using coordinate system rotated by 0 degree(s)
13:33:06: [INFO] Adding track segment (B.Cu): [(281305000, 45881250), (297973750, 45881250)]
13:33:06: [INFO] Adding track segment (B.Cu): [(297973750, 45881250), (300355000, 43500000)]
13:33:06: [INFO] Routing pad 'D33:1' at (300355000, 43500000) with pad 'D32:1' at (319405000, 45881250) using coordinate system rotated by 0 degree(s)
13:33:06: [INFO] Adding track segment (B.Cu): [(300355000, 43500000), (317023750, 43500000)]
13:33:06: [INFO] Adding track segment (B.Cu): [(317023750, 43500000), (319405000, 45881250)]
13:33:06: [INFO] Routing pad 'D32:1' at (319405000, 45881250) with pad 'D31:1' at (338455000, 50643750) using coordinate system rotated by 0 degree(s)
13:33:06: [INFO] Adding track segment (B.Cu): [(319405000, 45881250), (324167500, 50643750)]
13:33:06: [INFO] Adding track segment (B.Cu): [(324167500, 50643750), (338455000, 50643750)]
13:33:06: [INFO] Routing pad 'D31:1' at (338455000, 50643750) with pad 'D30:1' at (357505000, 53025000) using coordinate system rotated by 0 degree(s)
13:33:06: [INFO] Adding track segment (B.Cu): [(338455000, 50643750), (355123750, 50643750)]
13:33:06: [INFO] Adding track segment (B.Cu): [(355123750, 50643750), (357505000, 53025000)]
13:33:06: [INFO] Routing ROW3 pads
13:33:06: [INFO] Routing pad 'D19:1' at (62230000, 110175000) with pad 'D20:1' at (81280000, 107793750) using coordinate system rotated by 0 degree(s)
13:33:06: [INFO] Adding track segment (B.Cu): [(62230000, 110175000), (78898750, 110175000)]
13:33:06: [INFO] Adding track segment (B.Cu): [(78898750, 110175000), (81280000, 107793750)]
13:33:06: [INFO] Routing pad 'D20:1' at (81280000, 107793750) with pad 'D21:1' at (100330000, 103031250) using coordinate system rotated by 0 degree(s)
13:33:06: [INFO] Adding track segment (B.Cu): [(81280000, 107793750), (95567500, 107793750)]
13:33:06: [INFO] Adding track segment (B.Cu): [(95567500, 107793750), (100330000, 103031250)]
13:33:06: [INFO] Routing pad 'D21:1' at (100330000, 103031250) with pad 'D22:1' at (119380000, 100650000) using coordinate system rotated by 0 degree(s)
13:33:06: [INFO] Adding track segment (B.Cu): [(100330000, 103031250), (116998750, 103031250)]
13:33:06: [INFO] Adding track segment (B.Cu): [(116998750, 103031250), (119380000, 100650000)]
13:33:06: [INFO] Routing pad 'D22:1' at (119380000, 100650000) with pad 'D23:1' at (138430000, 103031250) using coordinate system rotated by 0 degree(s)
13:33:06: [INFO] Adding track segment (B.Cu): [(119380000, 100650000), (136048750, 100650000)]
13:33:06: [INFO] Adding track segment (B.Cu): [(136048750, 100650000), (138430000, 103031250)]
13:33:06: [INFO] Routing pad 'D23:1' at (138430000, 103031250) with pad 'D24:1' at (157480000, 105412500) using coordinate system rotated by 0 degree(s)
13:33:06: [INFO] Adding track segment (B.Cu): [(138430000, 103031250), (155098750, 103031250)]
13:33:06: [INFO] Adding track segment (B.Cu): [(155098750, 103031250), (157480000, 105412500)]
13:33:06: [INFO] Routing ROW9 pads
13:33:06: [INFO] Routing pad 'D58:1' at (243205000, 95887500) with pad 'D57:1' at (243205000, 129225000) using coordinate system rotated by 0 degree(s)
13:33:06: [INFO] Adding track segment (B.Cu): [(243205000, 95887500), (243205000, 129225000)]
13:33:06: [INFO] Could not add track segment due to detected collision
13:33:06: [INFO] Routing pad 'D57:1' at (243205000, 129225000) with pad 'D56:1' at (271780000, 124462500) using coordinate system rotated by 0 degree(s)
13:33:06: [INFO] Adding track segment (B.Cu): [(243205000, 129225000), (267017500, 129225000)]
13:33:06: [INFO] Adding track segment (B.Cu): [(267017500, 129225000), (271780000, 124462500)]
13:33:06: [INFO] Routing pad 'D56:1' at (271780000, 124462500) with pad 'D55:1' at (290830000, 122557500) using coordinate system rotated by 0 degree(s)
13:33:06: [INFO] Adding track segment (B.Cu): [(271780000, 124462500), (288925000, 124462500)]
13:33:06: [INFO] Adding track segment (B.Cu): [(288925000, 124462500), (290830000, 122557500)]
13:33:06: [INFO] Routing pad 'D55:1' at (290830000, 122557500) with pad 'D54:1' at (309880000, 122557500) using coordinate system rotated by 0 degree(s)
13:33:06: [INFO] Adding track segment (B.Cu): [(290830000, 122557500), (309880000, 122557500)]
13:33:06: [INFO] Routing ROW0 pads
13:33:06: [INFO] Routing pad 'D1:1' at (62230000, 53025000) with pad 'D2:1' at (81280000, 50643750) using coordinate system rotated by 0 degree(s)
13:33:06: [INFO] Adding track segment (B.Cu): [(62230000, 53025000), (78898750, 53025000)]
13:33:06: [INFO] Adding track segment (B.Cu): [(78898750, 53025000), (81280000, 50643750)]
13:33:06: [INFO] Routing pad 'D2:1' at (81280000, 50643750) with pad 'D3:1' at (100330000, 45881250) using coordinate system rotated by 0 degree(s)
13:33:06: [INFO] Adding track segment (B.Cu): [(81280000, 50643750), (95567500, 50643750)]
13:33:06: [INFO] Adding track segment (B.Cu): [(95567500, 50643750), (100330000, 45881250)]
13:33:06: [INFO] Routing pad 'D3:1' at (100330000, 45881250) with pad 'D4:1' at (119380000, 43500000) using coordinate system rotated by 0 degree(s)
13:33:06: [INFO] Adding track segment (B.Cu): [(100330000, 45881250), (116998750, 45881250)]
13:33:06: [INFO] Adding track segment (B.Cu): [(116998750, 45881250), (119380000, 43500000)]
13:33:06: [INFO] Routing pad 'D4:1' at (119380000, 43500000) with pad 'D5:1' at (138430000, 45881250) using coordinate system rotated by 0 degree(s)
13:33:06: [INFO] Adding track segment (B.Cu): [(119380000, 43500000), (136048750, 43500000)]
13:33:06: [INFO] Adding track segment (B.Cu): [(136048750, 43500000), (138430000, 45881250)]
13:33:06: [INFO] Routing pad 'D5:1' at (138430000, 45881250) with pad 'D6:1' at (157480000, 48262500) using coordinate system rotated by 0 degree(s)
13:33:06: [INFO] Adding track segment (B.Cu): [(138430000, 45881250), (155098750, 45881250)]
13:33:06: [INFO] Adding track segment (B.Cu): [(155098750, 45881250), (157480000, 48262500)]
13:33:06: [INFO] Routing COL0 pads
13:33:06: [INFO] Routing pad 'SW1:1' at (53340000, 45085000) with pad 'SW7:1' at (53340000, 64135000) using coordinate system rotated by 0 degree(s)
13:33:06: [INFO] Adding track segment (F.Cu): [(53340000, 45085000), (53340000, 64135000)]
13:33:06: [INFO] Routing pad 'SW7:1' at (53340000, 64135000) with pad 'SW13:1' at (53340000, 83185000) using coordinate system rotated by 0 degree(s)
13:33:06: [INFO] Adding track segment (F.Cu): [(53340000, 64135000), (53340000, 83185000)]
13:33:06: [INFO] Routing pad 'SW13:1' at (53340000, 83185000) with pad 'SW19:1' at (53340000, 102235000) using coordinate system rotated by 0 degree(s)
13:33:06: [INFO] Adding track segment (F.Cu): [(53340000, 83185000), (53340000, 102235000)]
13:33:06: [INFO] Routing pad 'SW1:1' at (53340000, 45085000) with pad 'SW30:1' at (348615000, 45085000) using coordinate system rotated by 0 degree(s)
13:33:06: [INFO] Adding track segment (F.Cu): [(53340000, 45085000), (348615000, 45085000)]
13:33:06: [INFO] Could not add track segment due to detected collision
13:33:06: [INFO] Routing pad 'SW30:1' at (348615000, 45085000) with pad 'SW36:1' at (348615000, 64135000) using coordinate system rotated by 0 degree(s)
13:33:06: [INFO] Adding track segment (F.Cu): [(348615000, 45085000), (348615000, 64135000)]
13:33:06: [INFO] Routing pad 'SW36:1' at (348615000, 64135000) with pad 'SW42:1' at (348615000, 83185000) using coordinate system rotated by 0 degree(s)
13:33:06: [INFO] Adding track segment (F.Cu): [(348615000, 64135000), (348615000, 83185000)]
13:33:06: [INFO] Routing pad 'SW42:1' at (348615000, 83185000) with pad 'SW48:1' at (348615000, 102235000) using coordinate system rotated by 0 degree(s)
13:33:06: [INFO] Adding track segment (F.Cu): [(348615000, 83185000), (348615000, 102235000)]
13:33:06: [INFO] Routing COL5 pads
13:33:06: [INFO] Routing pad 'SW6:1' at (148590000, 40322500) with pad 'SW12:1' at (148590000, 59372500) using coordinate system rotated by 0 degree(s)
13:33:06: [INFO] Adding track segment (F.Cu): [(148590000, 40322500), (148590000, 59372500)]
13:33:06: [INFO] Routing pad 'SW12:1' at (148590000, 59372500) with pad 'SW18:1' at (148590000, 78422500) using coordinate system rotated by 0 degree(s)
13:33:06: [INFO] Adding track segment (F.Cu): [(148590000, 59372500), (148590000, 78422500)]
13:33:06: [INFO] Routing pad 'SW18:1' at (148590000, 78422500) with pad 'SW24:1' at (148590000, 97472500) using coordinate system rotated by 0 degree(s)
13:33:06: [INFO] Adding track segment (F.Cu): [(148590000, 78422500), (148590000, 97472500)]
13:33:06: [INFO] Routing pad 'SW18:1' at (148590000, 78422500) with pad 'SW29:1' at (167640000, 87947500) using coordinate system rotated by 0 degree(s)
13:33:06: [INFO] Adding track segment (F.Cu): [(148590000, 78422500), (158115000, 78422500)]
13:33:06: [INFO] Adding track segment (F.Cu): [(158115000, 78422500), (167640000, 87947500)]
13:33:06: [INFO] Routing pad 'SW29:1' at (167640000, 87947500) with pad 'SW58:1' at (234315000, 87947500) using coordinate system rotated by 0 degree(s)
13:33:06: [INFO] Adding track segment (F.Cu): [(167640000, 87947500), (234315000, 87947500)]
13:33:06: [INFO] Routing pad 'SW41:1' at (253365000, 59372500) with pad 'SW35:1' at (253365000, 40322500) using coordinate system rotated by 0 degree(s)
13:33:06: [INFO] Adding track segment (F.Cu): [(253365000, 59372500), (253365000, 40322500)]
13:33:06: [INFO] Routing pad 'SW47:1' at (253365000, 78422500) with pad 'SW41:1' at (253365000, 59372500) using coordinate system rotated by 0 degree(s)
13:33:06: [INFO] Adding track segment (F.Cu): [(253365000, 78422500), (253365000, 59372500)]
13:33:06: [INFO] Routing pad 'SW58:1' at (234315000, 87947500) with pad 'SW47:1' at (253365000, 78422500) using coordinate system rotated by 0 degree(s)
13:33:06: [INFO] Adding track segment (F.Cu): [(234315000, 87947500), (243840000, 78422500)]
13:33:06: [INFO] Adding track segment (F.Cu): [(243840000, 78422500), (253365000, 78422500)]
13:33:06: [INFO] Routing pad 'SW47:1' at (253365000, 78422500) with pad 'SW53:1' at (253365000, 97472500) using coordinate system rotated by 0 degree(s)
13:33:06: [INFO] Adding track segment (F.Cu): [(253365000, 78422500), (253365000, 97472500)]
13:33:06: [INFO] Routing ROW8 pads
13:33:06: [INFO] Routing pad 'D53:1' at (262255000, 105412500) with pad 'D52:1' at (281305000, 103031250) using coordinate system rotated by 0 degree(s)
13:33:06: [INFO] Adding track segment (B.Cu): [(262255000, 105412500), (278923750, 105412500)]
13:33:06: [INFO] Adding track segment (B.Cu): [(278923750, 105412500), (281305000, 103031250)]
13:33:06: [INFO] Routing pad 'D52:1' at (281305000, 103031250) with pad 'D51:1' at (300355000, 100650000) using coordinate system rotated by 0 degree(s)
13:33:06: [INFO] Adding track segment (B.Cu): [(281305000, 103031250), (297973750, 103031250)]
13:33:06: [INFO] Adding track segment (B.Cu): [(297973750, 103031250), (300355000, 100650000)]
13:33:06: [INFO] Routing pad 'D51:1' at (300355000, 100650000) with pad 'D50:1' at (319405000, 103031250) using coordinate system rotated by 0 degree(s)
13:33:06: [INFO] Adding track segment (B.Cu): [(300355000, 100650000), (317023750, 100650000)]
13:33:06: [INFO] Adding track segment (B.Cu): [(317023750, 100650000), (319405000, 103031250)]
13:33:06: [INFO] Routing pad 'D50:1' at (319405000, 103031250) with pad 'D49:1' at (338455000, 107793750) using coordinate system rotated by 0 degree(s)
13:33:06: [INFO] Adding track segment (B.Cu): [(319405000, 103031250), (324167500, 107793750)]
13:33:06: [INFO] Adding track segment (B.Cu): [(324167500, 107793750), (338455000, 107793750)]
13:33:06: [INFO] Routing pad 'D49:1' at (338455000, 107793750) with pad 'D48:1' at (357505000, 110175000) using coordinate system rotated by 0 degree(s)
13:33:06: [INFO] Adding track segment (B.Cu): [(338455000, 107793750), (355123750, 107793750)]
13:33:06: [INFO] Adding track segment (B.Cu): [(355123750, 107793750), (357505000, 110175000)]
13:33:06: [INFO] Removing dangling tracks
