=== kbplacer.kle_serial ===
=== layout2image.py ===
=== kbplacer ===
13:37:49: [INFO] User layout: https://editor.keyboard-tools.xyz/#share=NrDeCIA9wLgAgIwDYA0dwE9ZwAwDoAmAVjXAGNtwBiAQzvvAF9SSkAdAO085xQXBYoAHNy4de-ALooAUGHKUqAdhWqmpXjgFwI0eAlIV41eg2boJ2iEfRUy9h+osoCVqNgQ5z4EgBZtPihEbjYmpjQBAO7YBN4kSqI8KFrScuAGWmi62PhKJOjR+nhE3gb8WQrGdg72TukubnpwAJzF3qj+pKjBXShIIYrhEaSFiG29SuCpwOAEyY05eEj54KMIeHnec+U6lbY1tVsNFU2tSt5KKJ3olz27ocqqKlExhCWkl-3T1oPhdQDM8xOixWowIb28gJ2PyqBwokOOu1OeC8pCEVwC6LuMNsQxe8HBmzRKASYk4GQW8HwxBGHg273Q6PYZI4ZUxwkSrL4U1kM18QKRizytKKxG8-OhqzpYtI-NcwP01NB0oZ4GaiIgawhpHV-wC6v833AACcPLx0MamoCLVh4L43qQmrkVra4ABaf4O9APOF1Xh6jQYwN3cC8fqByZGprrGXoAwBuNBxMhgxfXnZIqquYJ2ZJ3MhuZpuQZuCxUiAnOA67gQEhwFF+RNcE072-Ux1fkJnHUX0i0v08VBTlzFLp9zwT0rB54we+Yfcio+g74sZE9D85mibY84sm7BuzykS0ecErJpu5su-eE1UkTLoEg7QLyh8oPVR68D3r38CoJ+oF9fzfHdG0-VVLh-S4n0uQDLnfMdz09VFGQFcB0SfdFAPReDd3PG8+0vbx1XvbtaD+IjuUkSQgA
13:37:49: [INFO] Labels prefixes: for rows: 'ROW', for columns: 'COL'
13:37:49: [INFO] Matrix size: 9x8
13:37:50: [WARNING] No stabilizer footprint for width 2.25u, using 2u as fallback
13:37:50: [WARNING] No stabilizer footprint for width 2.75u, using 2u as fallback
13:37:50: [WARNING] No stabilizer footprint for width 2.25u, using 2u as fallback
13:37:50: [WARNING] No stabilizer footprint for width 2.75u, using 2u as fallback
13:37:50: [WARNING] No stabilizer footprint for width 2.25u, using 2u as fallback
13:37:50: [INFO] Add COL0 net
13:37:50: [INFO] Add COL1 net
13:37:50: [INFO] Add COL2 net
13:37:50: [INFO] Add COL3 net
13:37:50: [INFO] Add COL4 net
13:37:50: [INFO] Add COL5 net
13:37:50: [INFO] Add COL6 net
13:37:50: [INFO] Add COL7 net
13:37:50: [INFO] Add COL8 net
13:37:50: [INFO] Add Net-(D1-A) net
13:37:50: [INFO] Add Net-(D10-A) net
13:37:50: [INFO] Add Net-(D11-A) net
13:37:50: [INFO] Add Net-(D12-A) net
13:37:50: [INFO] Add Net-(D13-A) net
13:37:50: [INFO] Add Net-(D14-A) net
13:37:50: [INFO] Add Net-(D15-A) net
13:37:50: [INFO] Add Net-(D16-A) net
13:37:50: [INFO] Add Net-(D17-A) net
13:37:50: [INFO] Add Net-(D18-A) net
13:37:50: [INFO] Add Net-(D19-A) net
13:37:50: [INFO] Add Net-(D2-A) net
13:37:50: [INFO] Add Net-(D20-A) net
13:37:50: [INFO] Add Net-(D21-A) net
13:37:50: [INFO] Add Net-(D22-A) net
13:37:50: [INFO] Add Net-(D23-A) net
13:37:50: [INFO] Add Net-(D24-A) net
13:37:50: [INFO] Add Net-(D25-A) net
13:37:50: [INFO] Add Net-(D26-A) net
13:37:50: [INFO] Add Net-(D27-A) net
13:37:50: [INFO] Add Net-(D28-A) net
13:37:50: [INFO] Add Net-(D29-A) net
13:37:50: [INFO] Add Net-(D3-A) net
13:37:50: [INFO] Add Net-(D30-A) net
13:37:50: [INFO] Add Net-(D31-A) net
13:37:50: [INFO] Add Net-(D32-A) net
13:37:50: [INFO] Add Net-(D33-A) net
13:37:50: [INFO] Add Net-(D34-A) net
13:37:50: [INFO] Add Net-(D35-A) net
13:37:50: [INFO] Add Net-(D36-A) net
13:37:50: [INFO] Add Net-(D37-A) net
13:37:50: [INFO] Add Net-(D38-A) net
13:37:50: [INFO] Add Net-(D39-A) net
13:37:50: [INFO] Add Net-(D4-A) net
13:37:50: [INFO] Add Net-(D40-A) net
13:37:50: [INFO] Add Net-(D41-A) net
13:37:50: [INFO] Add Net-(D42-A) net
13:37:50: [INFO] Add Net-(D43-A) net
13:37:50: [INFO] Add Net-(D44-A) net
13:37:50: [INFO] Add Net-(D45-A) net
13:37:50: [INFO] Add Net-(D46-A) net
13:37:50: [INFO] Add Net-(D47-A) net
13:37:50: [INFO] Add Net-(D48-A) net
13:37:50: [INFO] Add Net-(D49-A) net
13:37:50: [INFO] Add Net-(D5-A) net
13:37:50: [INFO] Add Net-(D50-A) net
13:37:50: [INFO] Add Net-(D51-A) net
13:37:50: [INFO] Add Net-(D52-A) net
13:37:50: [INFO] Add Net-(D53-A) net
13:37:50: [INFO] Add Net-(D54-A) net
13:37:50: [INFO] Add Net-(D55-A) net
13:37:50: [INFO] Add Net-(D56-A) net
13:37:50: [INFO] Add Net-(D57-A) net
13:37:50: [INFO] Add Net-(D58-A) net
13:37:50: [INFO] Add Net-(D59-A) net
13:37:50: [INFO] Add Net-(D6-A) net
13:37:50: [INFO] Add Net-(D60-A) net
13:37:50: [INFO] Add Net-(D61-A) net
13:37:50: [INFO] Add Net-(D62-A) net
13:37:50: [INFO] Add Net-(D63-A) net
13:37:50: [INFO] Add Net-(D64-A) net
13:37:50: [INFO] Add Net-(D65-A) net
13:37:50: [INFO] Add Net-(D66-A) net
13:37:50: [INFO] Add Net-(D67-A) net
13:37:50: [INFO] Add Net-(D68-A) net
13:37:50: [INFO] Add Net-(D69-A) net
13:37:50: [INFO] Add Net-(D7-A) net
13:37:50: [INFO] Add Net-(D70-A) net
13:37:50: [INFO] Add Net-(D71-A) net
13:37:50: [INFO] Add Net-(D72-A) net
13:37:50: [INFO] Add Net-(D73-A) net
13:37:50: [INFO] Add Net-(D74-A) net
13:37:50: [INFO] Add Net-(D8-A) net
13:37:50: [INFO] Add Net-(D9-A) net
13:37:50: [INFO] Add ROW0 net
13:37:50: [INFO] Add ROW1 net
13:37:50: [INFO] Add ROW2 net
13:37:50: [INFO] Add ROW3 net
13:37:50: [INFO] Add ROW4 net
13:37:50: [INFO] Add ROW5 net
13:37:50: [INFO] Add ROW6 net
13:37:50: [INFO] Add ROW7 net
13:37:50: [INFO] Add ROW8 net
13:37:50: [INFO] Add ROW9 net
13:37:50: [INFO] Add SW1 footprint
13:37:50: [INFO] Add D1 footprint
13:37:50: [INFO] Add SW2 footprint
13:37:50: [INFO] Add D2 footprint
13:37:50: [INFO] Add SW3 footprint
13:37:50: [INFO] Add D3 footprint
13:37:50: [INFO] Add SW4 footprint
13:37:50: [INFO] Add D4 footprint
13:37:50: [INFO] Add SW5 footprint
13:37:50: [INFO] Add D5 footprint
13:37:50: [INFO] Add SW6 footprint
13:37:50: [INFO] Add D6 footprint
13:37:50: [INFO] Add SW7 footprint
13:37:50: [INFO] Add D7 footprint
13:37:50: [INFO] Add SW8 footprint
13:37:50: [INFO] Add D8 footprint
13:37:50: [INFO] Add SW9 footprint
13:37:50: [INFO] Add D9 footprint
13:37:51: [INFO] Add SW10 footprint
13:37:51: [INFO] Add D10 footprint
13:37:51: [INFO] Add SW11 footprint
13:37:51: [INFO] Add D11 footprint
13:37:51: [INFO] Add SW12 footprint
13:37:51: [INFO] Add D12 footprint
13:37:51: [INFO] Add SW13 footprint
13:37:51: [INFO] Add D13 footprint
13:37:51: [INFO] Add SW14 footprint
13:37:51: [INFO] Add D14 footprint
13:37:51: [INFO] Add SW15 footprint
13:37:51: [INFO] Add D15 footprint
13:37:51: [INFO] Add SW16 footprint
13:37:51: [INFO] Add D16 footprint
13:37:51: [INFO] Add SW17 footprint
13:37:51: [INFO] Add D17 footprint
13:37:51: [INFO] Add SW18 footprint
13:37:51: [INFO] Add D18 footprint
13:37:51: [INFO] Add SW19 footprint
13:37:51: [INFO] Add D19 footprint
13:37:51: [INFO] Add SW20 footprint
13:37:51: [INFO] Add D20 footprint
13:37:51: [INFO] Add SW21 footprint
13:37:51: [INFO] Add D21 footprint
13:37:51: [INFO] Add SW22 footprint
13:37:51: [INFO] Add D22 footprint
13:37:51: [INFO] Add SW23 footprint
13:37:51: [INFO] Add D23 footprint
13:37:51: [INFO] Add SW24 footprint
13:37:51: [INFO] Add D24 footprint
13:37:51: [WARNING] No stabilizer footprint for width 2.25u, using 2u as fallback
13:37:51: [INFO] Add ST24 footprint
13:37:51: [INFO] Add SW25 footprint
13:37:51: [INFO] Add D25 footprint
13:37:51: [INFO] Add SW26 footprint
13:37:51: [INFO] Add D26 footprint
13:37:51: [INFO] Add SW27 footprint
13:37:52: [INFO] Add D27 footprint
13:37:52: [INFO] Add SW28 footprint
13:37:52: [INFO] Add D28 footprint
13:37:52: [INFO] Add SW29 footprint
13:37:52: [INFO] Add D29 footprint
13:37:52: [INFO] Add SW30 footprint
13:37:52: [INFO] Add D30 footprint
13:37:52: [INFO] Add SW31 footprint
13:37:52: [INFO] Add D31 footprint
13:37:52: [INFO] Add SW32 footprint
13:37:52: [INFO] Add D32 footprint
13:37:52: [INFO] Add SW33 footprint
13:37:52: [INFO] Add D33 footprint
13:37:52: [INFO] Add SW34 footprint
13:37:52: [INFO] Add D34 footprint
13:37:52: [INFO] Add SW35 footprint
13:37:52: [INFO] Add D35 footprint
13:37:52: [WARNING] No stabilizer footprint for width 2.75u, using 2u as fallback
13:37:52: [INFO] Add ST35 footprint
13:37:52: [INFO] Add SW36 footprint
13:37:52: [INFO] Add D36 footprint
13:37:52: [INFO] Add SW37 footprint
13:37:52: [INFO] Add D37 footprint
13:37:52: [INFO] Add SW38 footprint
13:37:52: [INFO] Add D38 footprint
13:37:52: [INFO] Add SW39 footprint
13:37:52: [INFO] Add D39 footprint
13:37:52: [INFO] Add SW40 footprint
13:37:52: [INFO] Add D40 footprint
13:37:52: [INFO] Add SW41 footprint
13:37:52: [INFO] Add D41 footprint
13:37:52: [INFO] Add SW42 footprint
13:37:52: [INFO] Add D42 footprint
13:37:52: [INFO] Add SW43 footprint
13:37:52: [INFO] Add D43 footprint
13:37:52: [INFO] Add SW44 footprint
13:37:52: [INFO] Add D44 footprint
13:37:52: [INFO] Add ST44 footprint
13:37:53: [INFO] Add SW45 footprint
13:37:53: [INFO] Add D45 footprint
13:37:53: [INFO] Add SW46 footprint
13:37:53: [INFO] Add D46 footprint
13:37:53: [INFO] Add SW47 footprint
13:37:53: [INFO] Add D47 footprint
13:37:53: [INFO] Add SW48 footprint
13:37:53: [INFO] Add D48 footprint
13:37:53: [INFO] Add SW49 footprint
13:37:53: [INFO] Add D49 footprint
13:37:53: [INFO] Add SW50 footprint
13:37:53: [INFO] Add D50 footprint
13:37:53: [INFO] Add SW51 footprint
13:37:53: [INFO] Add D51 footprint
13:37:53: [INFO] Add SW52 footprint
13:37:53: [INFO] Add D52 footprint
13:37:53: [INFO] Add SW53 footprint
13:37:53: [INFO] Add D53 footprint
13:37:53: [INFO] Add SW54 footprint
13:37:53: [INFO] Add D54 footprint
13:37:53: [INFO] Add SW55 footprint
13:37:53: [INFO] Add D55 footprint
13:37:53: [INFO] Add SW56 footprint
13:37:53: [INFO] Add D56 footprint
13:37:53: [INFO] Add SW57 footprint
13:37:53: [INFO] Add D57 footprint
13:37:53: [INFO] Add SW58 footprint
13:37:53: [INFO] Add D58 footprint
13:37:53: [INFO] Add SW59 footprint
13:37:53: [INFO] Add D59 footprint
13:37:53: [INFO] Add SW60 footprint
13:37:53: [INFO] Add D60 footprint
13:37:53: [WARNING] No stabilizer footprint for width 2.25u, using 2u as fallback
13:37:53: [INFO] Add ST60 footprint
13:37:53: [INFO] Add SW61 footprint
13:37:53: [INFO] Add D61 footprint
13:37:53: [INFO] Add SW62 footprint
13:37:54: [INFO] Add D62 footprint
13:37:54: [INFO] Add SW63 footprint
13:37:54: [INFO] Add D63 footprint
13:37:54: [INFO] Add SW64 footprint
13:37:54: [INFO] Add D64 footprint
13:37:54: [INFO] Add SW65 footprint
13:37:54: [INFO] Add D65 footprint
13:37:54: [INFO] Add SW66 footprint
13:37:54: [INFO] Add D66 footprint
13:37:54: [INFO] Add SW67 footprint
13:37:54: [INFO] Add D67 footprint
13:37:54: [INFO] Add SW68 footprint
13:37:54: [INFO] Add D68 footprint
13:37:54: [WARNING] No stabilizer footprint for width 2.75u, using 2u as fallback
13:37:54: [INFO] Add ST68 footprint
13:37:54: [INFO] Add SW69 footprint
13:37:54: [INFO] Add D69 footprint
13:37:54: [INFO] Add SW70 footprint
13:37:54: [INFO] Add D70 footprint
13:37:54: [WARNING] No stabilizer footprint for width 2.25u, using 2u as fallback
13:37:54: [INFO] Add ST70 footprint
13:37:54: [INFO] Add SW71 footprint
13:37:54: [INFO] Add D71 footprint
13:37:54: [INFO] Add SW72 footprint
13:37:54: [INFO] Add D72 footprint
13:37:54: [INFO] Add SW73 footprint
13:37:54: [INFO] Add D73 footprint
13:37:54: [INFO] Add SW74 footprint
13:37:54: [INFO] Add D74 footprint
13:37:54: [INFO] Detected layout convertible to matrix annotated keyboard
13:37:54: [INFO] Using key 1U distance: (19.05, 19.05) mm
13:37:54: [INFO] Layout offset: (28575000, 23812500)
13:37:54: [INFO] Diode info: [ElementInfo(annotation_format='D{}', position_option=<PositionOption.CUSTOM: 'Custom'>, position=ElementPosition(x=5.08, y=4.0, orientation=90.0, side=<Side.BACK: 'Back'>), template_path='', start_index=-1)]
13:37:54: [INFO] Placing additional elements for SW74
13:37:54: [INFO] Placing additional elements for SW73
13:37:54: [INFO] Placing additional elements for SW72
13:37:54: [INFO] Placing additional elements for SW71
13:37:54: [INFO] Placing additional elements for SW70
13:37:54: [INFO] Placing additional elements for SW69
13:37:54: [INFO] Placing additional elements for SW68
13:37:54: [INFO] Placing additional elements for SW67
13:37:54: [INFO] Placing additional elements for SW66
13:37:54: [INFO] Placing additional elements for SW65
13:37:54: [INFO] Placing additional elements for SW64
13:37:54: [INFO] Placing additional elements for SW63
13:37:54: [INFO] Placing additional elements for SW62
13:37:54: [INFO] Placing additional elements for SW61
13:37:54: [INFO] Placing additional elements for SW60
13:37:54: [INFO] Placing additional elements for SW59
13:37:54: [INFO] Placing additional elements for SW58
13:37:54: [INFO] Placing additional elements for SW57
13:37:54: [INFO] Placing additional elements for SW56
13:37:54: [INFO] Placing additional elements for SW55
13:37:54: [INFO] Placing additional elements for SW54
13:37:54: [INFO] Placing additional elements for SW53
13:37:54: [INFO] Placing additional elements for SW52
13:37:54: [INFO] Placing additional elements for SW51
13:37:54: [INFO] Placing additional elements for SW50
13:37:54: [INFO] Placing additional elements for SW49
13:37:54: [INFO] Placing additional elements for SW48
13:37:54: [INFO] Placing additional elements for SW47
13:37:54: [INFO] Placing additional elements for SW46
13:37:54: [INFO] Placing additional elements for SW45
13:37:54: [INFO] Placing additional elements for SW44
13:37:54: [INFO] Placing additional elements for SW43
13:37:54: [INFO] Placing additional elements for SW42
13:37:54: [INFO] Placing additional elements for SW41
13:37:54: [INFO] Placing additional elements for SW40
13:37:54: [INFO] Placing additional elements for SW39
13:37:54: [INFO] Placing additional elements for SW38
13:37:54: [INFO] Placing additional elements for SW37
13:37:54: [INFO] Placing additional elements for SW36
13:37:54: [INFO] Placing additional elements for SW35
13:37:54: [INFO] Placing additional elements for SW34
13:37:54: [INFO] Placing additional elements for SW33
13:37:54: [INFO] Placing additional elements for SW32
13:37:54: [INFO] Placing additional elements for SW31
13:37:54: [INFO] Placing additional elements for SW30
13:37:54: [INFO] Placing additional elements for SW29
13:37:54: [INFO] Placing additional elements for SW28
13:37:54: [INFO] Placing additional elements for SW27
13:37:54: [INFO] Placing additional elements for SW26
13:37:54: [INFO] Placing additional elements for SW25
13:37:54: [INFO] Placing additional elements for SW24
13:37:54: [INFO] Placing additional elements for SW23
13:37:54: [INFO] Placing additional elements for SW22
13:37:54: [INFO] Placing additional elements for SW21
13:37:54: [INFO] Placing additional elements for SW20
13:37:54: [INFO] Placing additional elements for SW19
13:37:54: [INFO] Placing additional elements for SW18
13:37:54: [INFO] Placing additional elements for SW17
13:37:54: [INFO] Placing additional elements for SW16
13:37:54: [INFO] Placing additional elements for SW15
13:37:54: [INFO] Placing additional elements for SW14
13:37:54: [INFO] Placing additional elements for SW13
13:37:54: [INFO] Placing additional elements for SW12
13:37:54: [INFO] Placing additional elements for SW11
13:37:54: [INFO] Placing additional elements for SW10
13:37:54: [INFO] Placing additional elements for SW9
13:37:54: [INFO] Placing additional elements for SW8
13:37:54: [INFO] Placing additional elements for SW7
13:37:54: [INFO] Placing additional elements for SW6
13:37:54: [INFO] Placing additional elements for SW5
13:37:54: [INFO] Placing additional elements for SW4
13:37:54: [INFO] Placing additional elements for SW3
13:37:54: [INFO] Placing additional elements for SW2
13:37:54: [INFO] Placing additional elements for SW1
13:37:54: [INFO] Routing SW74 with D74
13:37:54: [INFO] Using internal autorouter method
13:37:54: [INFO] Routing pad 'SW74:2' at (364490000, 128270000) with pad 'D74:2' at (367030000, 135950000) using coordinate system rotated by 0 degree(s)
13:37:54: [INFO] Adding track segment (B.Cu): [(364490000, 128270000), (364490000, 133410000)]
13:37:54: [INFO] Adding track segment (B.Cu): [(364490000, 133410000), (367030000, 135950000)]
13:37:54: [INFO] Routing SW73 with D73
13:37:54: [INFO] Using internal autorouter method
13:37:54: [INFO] Routing pad 'SW73:2' at (343058750, 128270000) with pad 'D73:2' at (345598750, 135950000) using coordinate system rotated by 0 degree(s)
13:37:54: [INFO] Adding track segment (B.Cu): [(343058750, 128270000), (343058750, 133410000)]
13:37:54: [INFO] Adding track segment (B.Cu): [(343058750, 133410000), (345598750, 135950000)]
13:37:54: [INFO] Routing SW72 with D72
13:37:54: [INFO] Using internal autorouter method
13:37:54: [INFO] Routing pad 'SW72:2' at (319246250, 128270000) with pad 'D72:2' at (321786250, 135950000) using coordinate system rotated by 0 degree(s)
13:37:54: [INFO] Adding track segment (B.Cu): [(319246250, 128270000), (319246250, 133410000)]
13:37:54: [INFO] Adding track segment (B.Cu): [(319246250, 133410000), (321786250, 135950000)]
13:37:54: [INFO] Routing SW71 with D71
13:37:54: [INFO] Using internal autorouter method
13:37:54: [INFO] Routing pad 'SW71:2' at (274108275, 132162138) with pad 'D71:2' at (277943305, 139284395) using coordinate system rotated by 350.0 degree(s)
13:37:54: [INFO] Adding track segment (B.Cu): [(274108275, 132162138), (275000825, 137224048)]
13:37:54: [INFO] Adding track segment (B.Cu): [(275000825, 137224048), (277943305, 139284395)]
13:37:54: [INFO] Routing SW70 with D70
13:37:54: [INFO] Using internal autorouter method
13:37:54: [INFO] Routing pad 'SW70:2' at (243622320, 137537635) with pad 'D70:2' at (247457350, 144659892) using coordinate system rotated by 350.0 degree(s)
13:37:54: [INFO] Adding track segment (B.Cu): [(243622320, 137537635), (244514870, 142599545)]
13:37:54: [INFO] Adding track segment (B.Cu): [(244514870, 142599545), (247457350, 144659892)]
13:37:54: [INFO] Routing SW69 with D69
13:37:54: [INFO] Using internal autorouter method
13:37:54: [INFO] Routing pad 'SW69:2' at (374015000, 109220000) with pad 'D69:2' at (376555000, 116900000) using coordinate system rotated by 0 degree(s)
13:37:54: [INFO] Adding track segment (B.Cu): [(374015000, 109220000), (374015000, 114360000)]
13:37:54: [INFO] Adding track segment (B.Cu): [(374015000, 114360000), (376555000, 116900000)]
13:37:54: [INFO] Routing SW68 with D68
13:37:54: [INFO] Using internal autorouter method
13:37:54: [INFO] Routing pad 'SW68:2' at (357346250, 109220000) with pad 'D68:2' at (359886250, 116900000) using coordinate system rotated by 0 degree(s)
13:37:54: [INFO] Adding track segment (B.Cu): [(357346250, 109220000), (357346250, 114360000)]
13:37:54: [INFO] Adding track segment (B.Cu): [(357346250, 114360000), (359886250, 116900000)]
13:37:54: [INFO] Routing SW67 with D67
13:37:54: [INFO] Using internal autorouter method
13:37:54: [INFO] Routing pad 'SW67:2' at (347821250, 109220000) with pad 'D67:2' at (350361250, 116900000) using coordinate system rotated by 0 degree(s)
13:37:54: [INFO] Adding track segment (B.Cu): [(347821250, 109220000), (347821250, 114360000)]
13:37:54: [INFO] Adding track segment (B.Cu): [(347821250, 114360000), (350361250, 116900000)]
13:37:54: [INFO] Routing SW66 with D66
13:37:54: [INFO] Using internal autorouter method
13:37:54: [INFO] Routing pad 'SW66:2' at (321627500, 109220000) with pad 'D66:2' at (324167500, 116900000) using coordinate system rotated by 0 degree(s)
13:37:54: [INFO] Adding track segment (B.Cu): [(321627500, 109220000), (321627500, 114360000)]
13:37:54: [INFO] Adding track segment (B.Cu): [(321627500, 114360000), (324167500, 116900000)]
13:37:54: [INFO] Routing SW65 with D65
13:37:54: [INFO] Using internal autorouter method
13:37:54: [INFO] Routing pad 'SW65:2' at (302577500, 109220000) with pad 'D65:2' at (305117500, 116900000) using coordinate system rotated by 0 degree(s)
13:37:54: [INFO] Adding track segment (B.Cu): [(302577500, 109220000), (302577500, 114360000)]
13:37:54: [INFO] Adding track segment (B.Cu): [(302577500, 114360000), (305117500, 116900000)]
13:37:54: [INFO] Routing SW64 with D64
13:37:54: [INFO] Using internal autorouter method
13:37:54: [INFO] Routing pad 'SW64:2' at (280180571, 111747552) with pad 'D64:2' at (284015601, 118869809) using coordinate system rotated by 350.0 degree(s)
13:37:55: [INFO] Adding track segment (B.Cu): [(280180571, 111747552), (281073121, 116809462)]
13:37:55: [INFO] Adding track segment (B.Cu): [(281073121, 116809462), (284015601, 118869809)]
13:37:55: [INFO] Routing SW63 with D63
13:37:55: [INFO] Using internal autorouter method
13:37:55: [INFO] Routing pad 'SW63:2' at (261419983, 115055550) with pad 'D63:2' at (265255013, 122177807) using coordinate system rotated by 350.0 degree(s)
13:37:55: [INFO] Adding track segment (B.Cu): [(261419983, 115055550), (262312534, 120117461)]
13:37:55: [INFO] Adding track segment (B.Cu): [(262312534, 120117461), (265255013, 122177807)]
13:37:55: [INFO] Routing SW62 with D62
13:37:55: [INFO] Using internal autorouter method
13:37:55: [INFO] Routing pad 'SW62:2' at (242659396, 118363547) with pad 'D62:2' at (246494426, 125485804) using coordinate system rotated by 350.0 degree(s)
13:37:55: [INFO] Adding track segment (B.Cu): [(242659396, 118363547), (243551947, 123425458)]
13:37:55: [INFO] Adding track segment (B.Cu): [(243551947, 123425458), (246494426, 125485804)]
13:37:55: [INFO] Routing SW61 with D61
13:37:55: [INFO] Using internal autorouter method
13:37:55: [INFO] Routing pad 'SW61:2' at (223898808, 121671545) with pad 'D61:2' at (227733838, 128793802) using coordinate system rotated by 350.0 degree(s)
13:37:55: [INFO] Adding track segment (B.Cu): [(223898808, 121671545), (224791358, 126733455)]
13:37:55: [INFO] Adding track segment (B.Cu): [(224791358, 126733455), (227733838, 128793802)]
13:37:55: [INFO] Routing SW60 with D60
13:37:55: [INFO] Using internal autorouter method
13:37:55: [INFO] Routing pad 'SW60:2' at (359251250, 90170000) with pad 'D60:2' at (361791250, 97850000) using coordinate system rotated by 0 degree(s)
13:37:55: [INFO] Adding track segment (B.Cu): [(359251250, 90170000), (359251250, 95310000)]
13:37:55: [INFO] Adding track segment (B.Cu): [(359251250, 95310000), (361791250, 97850000)]
13:37:55: [INFO] Routing SW59 with D59
13:37:55: [INFO] Using internal autorouter method
13:37:55: [INFO] Routing pad 'SW59:2' at (328295000, 90170000) with pad 'D59:2' at (330835000, 97850000) using coordinate system rotated by 0 degree(s)
13:37:55: [INFO] Adding track segment (B.Cu): [(328295000, 90170000), (328295000, 95310000)]
13:37:55: [INFO] Adding track segment (B.Cu): [(328295000, 95310000), (330835000, 97850000)]
13:37:55: [INFO] Routing SW58 with D58
13:37:55: [INFO] Using internal autorouter method
13:37:55: [INFO] Routing pad 'SW58:2' at (309245000, 90170000) with pad 'D58:2' at (311785000, 97850000) using coordinate system rotated by 0 degree(s)
13:37:55: [INFO] Adding track segment (B.Cu): [(309245000, 90170000), (309245000, 95310000)]
13:37:55: [INFO] Adding track segment (B.Cu): [(309245000, 95310000), (311785000, 97850000)]
13:37:55: [INFO] Routing SW57 with D57
13:37:55: [INFO] Using internal autorouter method
13:37:55: [INFO] Routing pad 'SW57:2' at (286252867, 91332965) with pad 'D57:2' at (290087897, 98455222) using coordinate system rotated by 350.0 degree(s)
13:37:55: [INFO] Adding track segment (B.Cu): [(286252867, 91332965), (287145417, 96394875)]
13:37:55: [INFO] Adding track segment (B.Cu): [(287145417, 96394875), (290087897, 98455222)]
13:37:55: [INFO] Routing SW56 with D56
13:37:55: [INFO] Using internal autorouter method
13:37:55: [INFO] Routing pad 'SW56:2' at (267492280, 94640963) with pad 'D56:2' at (271327310, 101763220) using coordinate system rotated by 350.0 degree(s)
13:37:55: [INFO] Adding track segment (B.Cu): [(267492280, 94640963), (268384830, 99702873)]
13:37:55: [INFO] Adding track segment (B.Cu): [(268384830, 99702873), (271327310, 101763220)]
13:37:55: [INFO] Routing SW55 with D55
13:37:55: [INFO] Using internal autorouter method
13:37:55: [INFO] Routing pad 'SW55:2' at (248731692, 97948961) with pad 'D55:2' at (252566722, 105071218) using coordinate system rotated by 350.0 degree(s)
13:37:55: [INFO] Adding track segment (B.Cu): [(248731692, 97948961), (249624243, 103010872)]
13:37:55: [INFO] Adding track segment (B.Cu): [(249624243, 103010872), (252566722, 105071218)]
13:37:55: [INFO] Routing SW54 with D54
13:37:55: [INFO] Using internal autorouter method
13:37:55: [INFO] Routing pad 'SW54:2' at (229971104, 101256959) with pad 'D54:2' at (233806134, 108379216) using coordinate system rotated by 350.0 degree(s)
13:37:55: [INFO] Adding track segment (B.Cu): [(229971104, 101256959), (230863654, 106318869)]
13:37:55: [INFO] Adding track segment (B.Cu): [(230863654, 106318869), (233806134, 108379216)]
13:37:55: [INFO] Routing SW53 with D53
13:37:55: [INFO] Using internal autorouter method
13:37:55: [INFO] Routing pad 'SW53:2' at (364490000, 71120000) with pad 'D53:2' at (367030000, 78800000) using coordinate system rotated by 0 degree(s)
13:37:55: [INFO] Adding track segment (B.Cu): [(364490000, 71120000), (364490000, 76260000)]
13:37:55: [INFO] Adding track segment (B.Cu): [(364490000, 76260000), (367030000, 78800000)]
13:37:55: [INFO] Routing SW52 with D52
13:37:55: [INFO] Using internal autorouter method
13:37:55: [INFO] Routing pad 'SW52:2' at (340677500, 71120000) with pad 'D52:2' at (343217500, 78800000) using coordinate system rotated by 0 degree(s)
13:37:55: [INFO] Adding track segment (B.Cu): [(340677500, 71120000), (340677500, 76260000)]
13:37:55: [INFO] Adding track segment (B.Cu): [(340677500, 76260000), (343217500, 78800000)]
13:37:55: [INFO] Routing SW51 with D51
13:37:55: [INFO] Using internal autorouter method
13:37:55: [INFO] Routing pad 'SW51:2' at (321627500, 71120000) with pad 'D51:2' at (324167500, 78800000) using coordinate system rotated by 0 degree(s)
13:37:55: [INFO] Adding track segment (B.Cu): [(321627500, 71120000), (321627500, 76260000)]
13:37:55: [INFO] Adding track segment (B.Cu): [(321627500, 76260000), (324167500, 78800000)]
13:37:55: [INFO] Routing SW50 with D50
13:37:55: [INFO] Using internal autorouter method
13:37:55: [INFO] Routing pad 'SW50:2' at (302577500, 71120000) with pad 'D50:2' at (305117500, 78800000) using coordinate system rotated by 0 degree(s)
13:37:55: [INFO] Adding track segment (B.Cu): [(302577500, 71120000), (302577500, 76260000)]
13:37:55: [INFO] Adding track segment (B.Cu): [(302577500, 76260000), (305117500, 78800000)]
13:37:55: [INFO] Routing SW49 with D49
13:37:55: [INFO] Using internal autorouter method
13:37:55: [INFO] Routing pad 'SW49:2' at (278254723, 73399377) with pad 'D49:2' at (282089753, 80521634) using coordinate system rotated by 350.0 degree(s)
13:37:55: [INFO] Adding track segment (B.Cu): [(278254723, 73399377), (279147273, 78461287)]
13:37:55: [INFO] Adding track segment (B.Cu): [(279147273, 78461287), (282089753, 80521634)]
13:37:55: [INFO] Routing SW48 with D48
13:37:55: [INFO] Using internal autorouter method
13:37:55: [INFO] Routing pad 'SW48:2' at (259494135, 76707375) with pad 'D48:2' at (263329165, 83829632) using coordinate system rotated by 350.0 degree(s)
13:37:55: [INFO] Adding track segment (B.Cu): [(259494135, 76707375), (260386686, 81769286)]
13:37:55: [INFO] Adding track segment (B.Cu): [(260386686, 81769286), (263329165, 83829632)]
13:37:55: [INFO] Routing SW47 with D47
13:37:55: [INFO] Using internal autorouter method
13:37:55: [INFO] Routing pad 'SW47:2' at (240733547, 80015373) with pad 'D47:2' at (244568577, 87137630) using coordinate system rotated by 350.0 degree(s)
13:37:55: [INFO] Adding track segment (B.Cu): [(240733547, 80015373), (241626097, 85077283)]
13:37:55: [INFO] Adding track segment (B.Cu): [(241626097, 85077283), (244568577, 87137630)]
13:37:55: [INFO] Routing SW46 with D46
13:37:55: [INFO] Using internal autorouter method
13:37:55: [INFO] Routing pad 'SW46:2' at (221972959, 83323370) with pad 'D46:2' at (225807989, 90445627) using coordinate system rotated by 350.0 degree(s)
13:37:55: [INFO] Adding track segment (B.Cu): [(221972959, 83323370), (222865509, 88385281)]
13:37:55: [INFO] Adding track segment (B.Cu): [(222865509, 88385281), (225807989, 90445627)]
13:37:55: [INFO] Routing SW45 with D45
13:37:55: [INFO] Using internal autorouter method
13:37:55: [INFO] Routing pad 'SW45:2' at (364490000, 52070000) with pad 'D45:2' at (367030000, 59750000) using coordinate system rotated by 0 degree(s)
13:37:55: [INFO] Adding track segment (B.Cu): [(364490000, 52070000), (364490000, 57210000)]
13:37:55: [INFO] Adding track segment (B.Cu): [(364490000, 57210000), (367030000, 59750000)]
13:37:55: [INFO] Routing SW44 with D44
13:37:55: [INFO] Using internal autorouter method
13:37:55: [INFO] Routing pad 'SW44:2' at (354965000, 52070000) with pad 'D44:2' at (357505000, 59750000) using coordinate system rotated by 0 degree(s)
13:37:55: [INFO] Adding track segment (B.Cu): [(354965000, 52070000), (354965000, 57210000)]
13:37:55: [INFO] Adding track segment (B.Cu): [(354965000, 57210000), (357505000, 59750000)]
13:37:55: [INFO] Routing SW43 with D43
13:37:55: [INFO] Using internal autorouter method
13:37:55: [INFO] Routing pad 'SW43:2' at (345440000, 52070000) with pad 'D43:2' at (347980000, 59750000) using coordinate system rotated by 0 degree(s)
13:37:55: [INFO] Adding track segment (B.Cu): [(345440000, 52070000), (345440000, 57210000)]
13:37:55: [INFO] Adding track segment (B.Cu): [(345440000, 57210000), (347980000, 59750000)]
13:37:55: [INFO] Routing SW42 with D42
13:37:55: [INFO] Using internal autorouter method
13:37:55: [INFO] Routing pad 'SW42:2' at (326390000, 52070000) with pad 'D42:2' at (328930000, 59750000) using coordinate system rotated by 0 degree(s)
13:37:55: [INFO] Adding track segment (B.Cu): [(326390000, 52070000), (326390000, 57210000)]
13:37:55: [INFO] Adding track segment (B.Cu): [(326390000, 57210000), (328930000, 59750000)]
13:37:55: [INFO] Routing SW41 with D41
13:37:55: [INFO] Using internal autorouter method
13:37:55: [INFO] Routing pad 'SW41:2' at (307340000, 52070000) with pad 'D41:2' at (309880000, 59750000) using coordinate system rotated by 0 degree(s)
13:37:55: [INFO] Adding track segment (B.Cu): [(307340000, 52070000), (307340000, 57210000)]
13:37:55: [INFO] Adding track segment (B.Cu): [(307340000, 57210000), (309880000, 59750000)]
13:37:55: [INFO] Routing SW40 with D40
13:37:55: [INFO] Using internal autorouter method
13:37:55: [INFO] Routing pad 'SW40:2' at (284327019, 52984790) with pad 'D40:2' at (288162049, 60107047) using coordinate system rotated by 350.0 degree(s)
13:37:55: [INFO] Adding track segment (B.Cu): [(284327019, 52984790), (285219570, 58046701)]
13:37:55: [INFO] Adding track segment (B.Cu): [(285219570, 58046701), (288162049, 60107047)]
13:37:55: [INFO] Routing SW39 with D39
13:37:55: [INFO] Using internal autorouter method
13:37:55: [INFO] Routing pad 'SW39:2' at (265566431, 56292788) with pad 'D39:2' at (269401461, 63415045) using coordinate system rotated by 350.0 degree(s)
13:37:55: [INFO] Adding track segment (B.Cu): [(265566431, 56292788), (266458982, 61354699)]
13:37:55: [INFO] Adding track segment (B.Cu): [(266458982, 61354699), (269401461, 63415045)]
13:37:55: [INFO] Routing SW38 with D38
13:37:55: [INFO] Using internal autorouter method
13:37:55: [INFO] Routing pad 'SW38:2' at (246805843, 59600786) with pad 'D38:2' at (250640873, 66723043) using coordinate system rotated by 350.0 degree(s)
13:37:55: [INFO] Adding track segment (B.Cu): [(246805843, 59600786), (247698393, 64662696)]
13:37:55: [INFO] Adding track segment (B.Cu): [(247698393, 64662696), (250640873, 66723043)]
13:37:55: [INFO] Routing SW37 with D37
13:37:55: [INFO] Using internal autorouter method
13:37:55: [INFO] Routing pad 'SW37:2' at (228045256, 62908784) with pad 'D37:2' at (231880286, 70031041) using coordinate system rotated by 350.0 degree(s)
13:37:55: [INFO] Adding track segment (B.Cu): [(228045256, 62908784), (228937807, 67970695)]
13:37:55: [INFO] Adding track segment (B.Cu): [(228937807, 67970695), (231880286, 70031041)]
13:37:55: [INFO] Routing SW36 with D36
13:37:55: [INFO] Using internal autorouter method
13:37:55: [INFO] Routing pad 'SW36:2' at (181121559, 140617466) with pad 'D36:2' at (182289352, 148621855) using coordinate system rotated by 10.0 degree(s)
13:37:55: [INFO] Adding track segment (B.Cu): [(181121559, 140617466), (180229007, 145679377)]
13:37:55: [INFO] Adding track segment (B.Cu): [(180229007, 145679377), (182289352, 148621855)]
13:37:55: [INFO] Routing SW35 with D35
13:37:55: [INFO] Using internal autorouter method
13:37:55: [INFO] Routing pad 'SW35:2' at (171741265, 138963467) with pad 'D35:2' at (172909058, 146967856) using coordinate system rotated by 10.0 degree(s)
13:37:55: [INFO] Adding track segment (B.Cu): [(171741265, 138963467), (170848713, 144025378)]
13:37:55: [INFO] Adding track segment (B.Cu): [(170848713, 144025378), (172909058, 146967856)]
13:37:55: [INFO] Routing SW34 with D34
13:37:55: [INFO] Using internal autorouter method
13:37:55: [INFO] Routing pad 'SW34:2' at (155325751, 136068969) with pad 'D34:2' at (156493544, 144073358) using coordinate system rotated by 10.0 degree(s)
13:37:55: [INFO] Adding track segment (B.Cu): [(155325751, 136068969), (154433199, 141130880)]
13:37:55: [INFO] Adding track segment (B.Cu): [(154433199, 141130880), (156493544, 144073358)]
13:37:55: [INFO] Routing SW33 with D33
13:37:55: [INFO] Using internal autorouter method
13:37:55: [INFO] Routing pad 'SW33:2' at (136565163, 132760972) with pad 'D33:2' at (137732956, 140765361) using coordinate system rotated by 10.0 degree(s)
13:37:55: [INFO] Adding track segment (B.Cu): [(136565163, 132760972), (135672611, 137822883)]
13:37:55: [INFO] Adding track segment (B.Cu): [(135672611, 137822883), (137732956, 140765361)]
13:37:55: [INFO] Routing SW32 with D32
13:37:55: [INFO] Using internal autorouter method
13:37:55: [INFO] Routing pad 'SW32:2' at (100171250, 128270000) with pad 'D32:2' at (102711250, 135950000) using coordinate system rotated by 0 degree(s)
13:37:55: [INFO] Adding track segment (B.Cu): [(100171250, 128270000), (100171250, 133410000)]
13:37:55: [INFO] Adding track segment (B.Cu): [(100171250, 133410000), (102711250, 135950000)]
13:37:55: [INFO] Routing SW31 with D31
13:37:55: [INFO] Using internal autorouter method
13:37:55: [INFO] Routing pad 'SW31:2' at (76358750, 128270000) with pad 'D31:2' at (78898750, 135950000) using coordinate system rotated by 0 degree(s)
13:37:55: [INFO] Adding track segment (B.Cu): [(76358750, 128270000), (76358750, 133410000)]
13:37:55: [INFO] Adding track segment (B.Cu): [(76358750, 133410000), (78898750, 135950000)]
13:37:55: [INFO] Routing SW30 with D30
13:37:55: [INFO] Using internal autorouter method
13:37:55: [INFO] Routing pad 'SW30:2' at (40640000, 128270000) with pad 'D30:2' at (43180000, 135950000) using coordinate system rotated by 0 degree(s)
13:37:55: [INFO] Adding track segment (B.Cu): [(40640000, 128270000), (40640000, 133410000)]
13:37:55: [INFO] Adding track segment (B.Cu): [(40640000, 133410000), (43180000, 135950000)]
13:37:55: [INFO] Routing SW29 with D29
13:37:55: [INFO] Using internal autorouter method
13:37:55: [INFO] Routing pad 'SW29:2' at (191464777, 123097378) with pad 'D29:2' at (192632570, 131101767) using coordinate system rotated by 10.0 degree(s)
13:37:55: [INFO] Adding track segment (B.Cu): [(191464777, 123097378), (190572225, 128159289)]
13:37:55: [INFO] Adding track segment (B.Cu): [(190572225, 128159289), (192632570, 131101767)]
13:37:55: [INFO] Routing SW28 with D28
13:37:55: [INFO] Using internal autorouter method
13:37:55: [INFO] Routing pad 'SW28:2' at (172704189, 119789380) with pad 'D28:2' at (173871982, 127793769) using coordinate system rotated by 10.0 degree(s)
13:37:55: [INFO] Adding track segment (B.Cu): [(172704189, 119789380), (171811636, 124851290)]
13:37:55: [INFO] Adding track segment (B.Cu): [(171811636, 124851290), (173871982, 127793769)]
13:37:55: [INFO] Routing SW27 with D27
13:37:55: [INFO] Using internal autorouter method
13:37:55: [INFO] Routing pad 'SW27:2' at (153943601, 116481382) with pad 'D27:2' at (155111394, 124485771) using coordinate system rotated by 10.0 degree(s)
13:37:55: [INFO] Adding track segment (B.Cu): [(153943601, 116481382), (153051048, 121543293)]
13:37:55: [INFO] Adding track segment (B.Cu): [(153051048, 121543293), (155111394, 124485771)]
13:37:55: [INFO] Routing SW26 with D26
13:37:55: [INFO] Using internal autorouter method
13:37:55: [INFO] Routing pad 'SW26:2' at (135183014, 113173384) with pad 'D26:2' at (136350807, 121177773) using coordinate system rotated by 10.0 degree(s)
13:37:55: [INFO] Adding track segment (B.Cu): [(135183014, 113173384), (134290462, 118235295)]
13:37:55: [INFO] Adding track segment (B.Cu): [(134290462, 118235295), (136350807, 121177773)]
13:37:55: [INFO] Routing SW25 with D25
13:37:55: [INFO] Using internal autorouter method
13:37:55: [INFO] Routing pad 'SW25:2' at (112077500, 109220000) with pad 'D25:2' at (114617500, 116900000) using coordinate system rotated by 0 degree(s)
13:37:55: [INFO] Adding track segment (B.Cu): [(112077500, 109220000), (112077500, 114360000)]
13:37:55: [INFO] Adding track segment (B.Cu): [(112077500, 114360000), (114617500, 116900000)]
13:37:55: [INFO] Routing SW24 with D24
13:37:55: [INFO] Using internal autorouter method
13:37:55: [INFO] Routing pad 'SW24:2' at (81121250, 109220000) with pad 'D24:2' at (83661250, 116900000) using coordinate system rotated by 0 degree(s)
13:37:55: [INFO] Adding track segment (B.Cu): [(81121250, 109220000), (81121250, 114360000)]
13:37:55: [INFO] Adding track segment (B.Cu): [(81121250, 114360000), (83661250, 116900000)]
13:37:55: [INFO] Routing SW23 with D23
13:37:55: [INFO] Using internal autorouter method
13:37:55: [INFO] Routing pad 'SW23:2' at (40640000, 109220000) with pad 'D23:2' at (43180000, 116900000) using coordinate system rotated by 0 degree(s)
13:37:55: [INFO] Adding track segment (B.Cu): [(40640000, 109220000), (40640000, 114360000)]
13:37:55: [INFO] Adding track segment (B.Cu): [(40640000, 114360000), (43180000, 116900000)]
13:37:55: [INFO] Routing SW22 with D22
13:37:55: [INFO] Using internal autorouter method
13:37:55: [INFO] Routing pad 'SW22:2' at (185392481, 102682791) with pad 'D22:2' at (186560274, 110687180) using coordinate system rotated by 10.0 degree(s)
13:37:55: [INFO] Adding track segment (B.Cu): [(185392481, 102682791), (184499929, 107744702)]
13:37:55: [INFO] Adding track segment (B.Cu): [(184499929, 107744702), (186560274, 110687180)]
13:37:55: [INFO] Routing SW21 with D21
13:37:55: [INFO] Using internal autorouter method
13:37:55: [INFO] Routing pad 'SW21:2' at (166631893, 99374793) with pad 'D21:2' at (167799686, 107379182) using coordinate system rotated by 10.0 degree(s)
13:37:55: [INFO] Adding track segment (B.Cu): [(166631893, 99374793), (165739340, 104436704)]
13:37:55: [INFO] Adding track segment (B.Cu): [(165739340, 104436704), (167799686, 107379182)]
13:37:55: [INFO] Routing SW20 with D20
13:37:55: [INFO] Using internal autorouter method
13:37:55: [INFO] Routing pad 'SW20:2' at (147871305, 96066796) with pad 'D20:2' at (149039098, 104071185) using coordinate system rotated by 10.0 degree(s)
13:37:55: [INFO] Adding track segment (B.Cu): [(147871305, 96066796), (146978752, 101128707)]
13:37:55: [INFO] Adding track segment (B.Cu): [(146978752, 101128707), (149039098, 104071185)]
13:37:55: [INFO] Routing SW19 with D19
13:37:55: [INFO] Using internal autorouter method
13:37:55: [INFO] Routing pad 'SW19:2' at (129110718, 92758798) with pad 'D19:2' at (130278511, 100763187) using coordinate system rotated by 10.0 degree(s)
13:37:55: [INFO] Adding track segment (B.Cu): [(129110718, 92758798), (128218166, 97820709)]
13:37:55: [INFO] Adding track segment (B.Cu): [(128218166, 97820709), (130278511, 100763187)]
13:37:55: [INFO] Routing SW18 with D18
13:37:55: [INFO] Using internal autorouter method
13:37:55: [INFO] Routing pad 'SW18:2' at (105410000, 90170000) with pad 'D18:2' at (107950000, 97850000) using coordinate system rotated by 0 degree(s)
13:37:55: [INFO] Adding track segment (B.Cu): [(105410000, 90170000), (105410000, 95310000)]
13:37:55: [INFO] Adding track segment (B.Cu): [(105410000, 95310000), (107950000, 97850000)]
13:37:55: [INFO] Routing SW17 with D17
13:37:55: [INFO] Using internal autorouter method
13:37:55: [INFO] Routing pad 'SW17:2' at (79216250, 90170000) with pad 'D17:2' at (81756250, 97850000) using coordinate system rotated by 0 degree(s)
13:37:55: [INFO] Adding track segment (B.Cu): [(79216250, 90170000), (79216250, 95310000)]
13:37:55: [INFO] Adding track segment (B.Cu): [(79216250, 95310000), (81756250, 97850000)]
13:37:55: [INFO] Routing SW16 with D16
13:37:55: [INFO] Using internal autorouter method
13:37:55: [INFO] Routing pad 'SW16:2' at (40640000, 90170000) with pad 'D16:2' at (43180000, 97850000) using coordinate system rotated by 0 degree(s)
13:37:55: [INFO] Adding track segment (B.Cu): [(40640000, 90170000), (40640000, 95310000)]
13:37:55: [INFO] Adding track segment (B.Cu): [(40640000, 95310000), (43180000, 97850000)]
13:37:55: [INFO] Routing SW15 with D15
13:37:55: [INFO] Using internal autorouter method
13:37:55: [INFO] Routing pad 'SW15:2' at (184010332, 83095204) with pad 'D15:2' at (185178125, 91099593) using coordinate system rotated by 10.0 degree(s)
13:37:55: [INFO] Adding track segment (B.Cu): [(184010332, 83095204), (183117780, 88157115)]
13:37:55: [INFO] Adding track segment (B.Cu): [(183117780, 88157115), (185178125, 91099593)]
13:37:55: [INFO] Routing SW14 with D14
13:37:55: [INFO] Using internal autorouter method
13:37:55: [INFO] Routing pad 'SW14:2' at (165249744, 79787206) with pad 'D14:2' at (166417537, 87791595) using coordinate system rotated by 10.0 degree(s)
13:37:55: [INFO] Adding track segment (B.Cu): [(165249744, 79787206), (164357191, 84849116)]
13:37:55: [INFO] Adding track segment (B.Cu): [(164357191, 84849116), (166417537, 87791595)]
13:37:55: [INFO] Routing SW13 with D13
13:37:55: [INFO] Using internal autorouter method
13:37:55: [INFO] Routing pad 'SW13:2' at (146489156, 76479208) with pad 'D13:2' at (147656949, 84483597) using coordinate system rotated by 10.0 degree(s)
13:37:55: [INFO] Adding track segment (B.Cu): [(146489156, 76479208), (145596603, 81541119)]
13:37:55: [INFO] Adding track segment (B.Cu): [(145596603, 81541119), (147656949, 84483597)]
13:37:55: [INFO] Routing SW12 with D12
13:37:55: [INFO] Using internal autorouter method
13:37:55: [INFO] Routing pad 'SW12:2' at (127728569, 73171211) with pad 'D12:2' at (128896362, 81175600) using coordinate system rotated by 10.0 degree(s)
13:37:55: [INFO] Adding track segment (B.Cu): [(127728569, 73171211), (126836017, 78233122)]
13:37:56: [INFO] Adding track segment (B.Cu): [(126836017, 78233122), (128896362, 81175600)]
13:37:56: [INFO] Routing SW11 with D11
13:37:56: [INFO] Using internal autorouter method
13:37:56: [INFO] Routing pad 'SW11:2' at (102552500, 71120000) with pad 'D11:2' at (105092500, 78800000) using coordinate system rotated by 0 degree(s)
13:37:56: [INFO] Adding track segment (B.Cu): [(102552500, 71120000), (102552500, 76260000)]
13:37:56: [INFO] Adding track segment (B.Cu): [(102552500, 76260000), (105092500, 78800000)]
13:37:56: [INFO] Routing SW10 with D10
13:37:56: [INFO] Using internal autorouter method
13:37:56: [INFO] Routing pad 'SW10:2' at (78740000, 71120000) with pad 'D10:2' at (81280000, 78800000) using coordinate system rotated by 0 degree(s)
13:37:56: [INFO] Adding track segment (B.Cu): [(78740000, 71120000), (78740000, 76260000)]
13:37:56: [INFO] Adding track segment (B.Cu): [(78740000, 76260000), (81280000, 78800000)]
13:37:56: [INFO] Routing SW9 with D9
13:37:56: [INFO] Using internal autorouter method
13:37:56: [INFO] Routing pad 'SW9:2' at (40640000, 71120000) with pad 'D9:2' at (43180000, 78800000) using coordinate system rotated by 0 degree(s)
13:37:56: [INFO] Adding track segment (B.Cu): [(40640000, 71120000), (40640000, 76260000)]
13:37:56: [INFO] Adding track segment (B.Cu): [(40640000, 76260000), (43180000, 78800000)]
13:37:56: [INFO] Routing SW8 with D8
13:37:56: [INFO] Using internal autorouter method
13:37:56: [INFO] Routing pad 'SW8:2' at (196698623, 65988615) with pad 'D8:2' at (197866416, 73993004) using coordinate system rotated by 10.0 degree(s)
13:37:56: [INFO] Adding track segment (B.Cu): [(196698623, 65988615), (195806070, 71050526)]
13:37:56: [INFO] Adding track segment (B.Cu): [(195806070, 71050526), (197866416, 73993004)]
13:37:56: [INFO] Routing SW7 with D7
13:37:56: [INFO] Using internal autorouter method
13:37:56: [INFO] Routing pad 'SW7:2' at (177938036, 62680617) with pad 'D7:2' at (179105829, 70685006) using coordinate system rotated by 10.0 degree(s)
13:37:56: [INFO] Adding track segment (B.Cu): [(177938036, 62680617), (177045484, 67742528)]
13:37:56: [INFO] Adding track segment (B.Cu): [(177045484, 67742528), (179105829, 70685006)]
13:37:56: [INFO] Routing SW6 with D6
13:37:56: [INFO] Using internal autorouter method
13:37:56: [INFO] Routing pad 'SW6:2' at (159177448, 59372620) with pad 'D6:2' at (160345241, 67377009) using coordinate system rotated by 10.0 degree(s)
13:37:56: [INFO] Adding track segment (B.Cu): [(159177448, 59372620), (158284896, 64434531)]
13:37:56: [INFO] Adding track segment (B.Cu): [(158284896, 64434531), (160345241, 67377009)]
13:37:56: [INFO] Routing SW5 with D5
13:37:56: [INFO] Using internal autorouter method
13:37:56: [INFO] Routing pad 'SW5:2' at (140416860, 56064622) with pad 'D5:2' at (141584653, 64069011) using coordinate system rotated by 10.0 degree(s)
13:37:56: [INFO] Adding track segment (B.Cu): [(140416860, 56064622), (139524307, 61126533)]
13:37:56: [INFO] Adding track segment (B.Cu): [(139524307, 61126533), (141584653, 64069011)]
13:37:56: [INFO] Routing SW4 with D4
13:37:56: [INFO] Using internal autorouter method
13:37:56: [INFO] Routing pad 'SW4:2' at (121656273, 52756624) with pad 'D4:2' at (122824066, 60761013) using coordinate system rotated by 10.0 degree(s)
13:37:56: [INFO] Adding track segment (B.Cu): [(121656273, 52756624), (120763720, 57818535)]
13:37:56: [INFO] Adding track segment (B.Cu): [(120763720, 57818535), (122824066, 60761013)]
13:37:56: [INFO] Routing SW3 with D3
13:37:56: [INFO] Using internal autorouter method
13:37:56: [INFO] Routing pad 'SW3:2' at (97790000, 52070000) with pad 'D3:2' at (100330000, 59750000) using coordinate system rotated by 0 degree(s)
13:37:56: [INFO] Adding track segment (B.Cu): [(97790000, 52070000), (97790000, 57210000)]
13:37:56: [INFO] Adding track segment (B.Cu): [(97790000, 57210000), (100330000, 59750000)]
13:37:56: [INFO] Routing SW2 with D2
13:37:56: [INFO] Using internal autorouter method
13:37:56: [INFO] Routing pad 'SW2:2' at (78740000, 52070000) with pad 'D2:2' at (81280000, 59750000) using coordinate system rotated by 0 degree(s)
13:37:56: [INFO] Adding track segment (B.Cu): [(78740000, 52070000), (78740000, 57210000)]
13:37:56: [INFO] Adding track segment (B.Cu): [(78740000, 57210000), (81280000, 59750000)]
13:37:56: [INFO] Routing SW1 with D1
13:37:56: [INFO] Using internal autorouter method
13:37:56: [INFO] Routing pad 'SW1:2' at (40640000, 52070000) with pad 'D1:2' at (43180000, 59750000) using coordinate system rotated by 0 degree(s)
13:37:56: [INFO] Adding track segment (B.Cu): [(40640000, 52070000), (40640000, 57210000)]
13:37:56: [INFO] Adding track segment (B.Cu): [(40640000, 57210000), (43180000, 59750000)]
13:37:56: [INFO] Routing ROW0 pads
13:37:56: [INFO] Routing pad 'D1:1' at (43180000, 62550000) with pad 'D2:1' at (81280000, 62550000) using coordinate system rotated by 0 degree(s)
13:37:56: [INFO] Adding track segment (B.Cu): [(43180000, 62550000), (81280000, 62550000)]
13:37:56: [INFO] Routing pad 'D2:1' at (81280000, 62550000) with pad 'D3:1' at (100330000, 62550000) using coordinate system rotated by 0 degree(s)
13:37:56: [INFO] Adding track segment (B.Cu): [(81280000, 62550000), (100330000, 62550000)]
13:37:56: [WARNING] Could not route pads when parent footprints not rotated the same, footprint1: D3 at 90.0 degree(s) and footprint2: D4 at 80.0 degree(s)
13:37:56: [INFO] Routing pad 'D4:1' at (122337852, 63518475) with pad 'D5:1' at (141098439, 66826473) using coordinate system rotated by 280.0 degree(s)
13:37:56: [INFO] Adding track segment (B.Cu): [(122337852, 63518475), (141098438, 66826471)]
13:37:56: [INFO] Adding track segment (B.Cu): [(141098438, 66826471), (141098439, 66826473)]
13:37:56: [INFO] Routing pad 'D5:1' at (141098439, 66826473) with pad 'D6:1' at (159859027, 70134471) using coordinate system rotated by 280.0 degree(s)
13:37:56: [INFO] Adding track segment (B.Cu): [(141098439, 66826473), (159859025, 70134469)]
13:37:56: [INFO] Adding track segment (B.Cu): [(159859025, 70134469), (159859027, 70134471)]
13:37:56: [INFO] Routing pad 'D6:1' at (159859027, 70134471) with pad 'D7:1' at (178619615, 73442468) using coordinate system rotated by 280.0 degree(s)
13:37:56: [INFO] Adding track segment (B.Cu): [(159859027, 70134471), (178619613, 73442468)]
13:37:56: [INFO] Adding track segment (B.Cu): [(178619613, 73442468), (178619615, 73442468)]
13:37:56: [INFO] Routing pad 'D7:1' at (178619615, 73442468) with pad 'D8:1' at (197380202, 76750466) using coordinate system rotated by 280.0 degree(s)
13:37:56: [INFO] Adding track segment (B.Cu): [(178619615, 73442468), (197380201, 76750465)]
13:37:56: [INFO] Adding track segment (B.Cu): [(197380201, 76750465), (197380202, 76750466)]
13:37:56: [INFO] Routing ROW1 pads
13:37:56: [INFO] Routing pad 'D9:1' at (43180000, 81600000) with pad 'D10:1' at (81280000, 81600000) using coordinate system rotated by 0 degree(s)
13:37:56: [INFO] Adding track segment (B.Cu): [(43180000, 81600000), (81280000, 81600000)]
13:37:56: [INFO] Routing pad 'D10:1' at (81280000, 81600000) with pad 'D11:1' at (105092500, 81600000) using coordinate system rotated by 0 degree(s)
13:37:56: [INFO] Adding track segment (B.Cu): [(81280000, 81600000), (105092500, 81600000)]
13:37:56: [WARNING] Could not route pads when parent footprints not rotated the same, footprint1: D11 at 90.0 degree(s) and footprint2: D12 at 80.0 degree(s)
13:37:56: [INFO] Routing pad 'D12:1' at (128410148, 83933062) with pad 'D13:1' at (147170735, 87241059) using coordinate system rotated by 280.0 degree(s)
13:37:56: [INFO] Adding track segment (B.Cu): [(128410148, 83933062), (147170734, 87241058)]
13:37:56: [INFO] Adding track segment (B.Cu): [(147170734, 87241058), (147170735, 87241059)]
13:37:56: [INFO] Routing pad 'D13:1' at (147170735, 87241059) with pad 'D14:1' at (165931323, 90549057) using coordinate system rotated by 280.0 degree(s)
13:37:56: [INFO] Adding track segment (B.Cu): [(147170735, 87241059), (165931322, 90549056)]
13:37:56: [INFO] Adding track segment (B.Cu): [(165931322, 90549056), (165931323, 90549057)]
13:37:56: [INFO] Routing pad 'D14:1' at (165931323, 90549057) with pad 'D15:1' at (184691911, 93857055) using coordinate system rotated by 280.0 degree(s)
13:37:56: [INFO] Adding track segment (B.Cu): [(165931323, 90549057), (184691910, 93857054)]
13:37:56: [INFO] Adding track segment (B.Cu): [(184691910, 93857054), (184691911, 93857055)]
13:37:56: [INFO] Routing COL7 pads
13:37:56: [WARNING] Could not route pads when parent footprints not rotated the same, footprint1: SW8 at -10.0 degree(s) and footprint2: SW44 at 0.0 degree(s)
13:37:56: [INFO] Routing pad 'SW53:1' at (358140000, 73660000) with pad 'SW68:1' at (350996250, 111760000) using coordinate system rotated by 0 degree(s)
13:37:56: [INFO] Routing pad 'SW44:1' at (348615000, 54610000) with pad 'SW53:1' at (358140000, 73660000) using coordinate system rotated by 0 degree(s)
13:37:56: [INFO] Routing COL4 pads
13:37:56: [INFO] Routing pad 'SW5:1' at (133722265, 57463368) with pad 'SW13:1' at (139794561, 77877954) using coordinate system rotated by 10.0 degree(s)
13:37:56: [INFO] Adding track segment (F.Cu): [(133722265, 57463368), (132068265, 66843661)]
13:37:56: [INFO] Adding track segment (F.Cu): [(132068265, 66843661), (139794561, 77877954)]
13:37:56: [INFO] Routing pad 'SW13:1' at (139794561, 77877954) with pad 'SW20:1' at (141176710, 97465542) using coordinate system rotated by 10.0 degree(s)
13:37:56: [INFO] Adding track segment (F.Cu): [(139794561, 77877954), (137313562, 91948394)]
13:37:56: [INFO] Adding track segment (F.Cu): [(137313562, 91948394), (141176710, 97465542)]
13:37:56: [INFO] Routing pad 'SW20:1' at (141176710, 97465542) with pad 'SW27:1' at (147249006, 117880128) using coordinate system rotated by 10.0 degree(s)
13:37:56: [INFO] Adding track segment (F.Cu): [(141176710, 97465542), (139522710, 106845834)]
13:37:56: [INFO] Adding track segment (F.Cu): [(139522710, 106845834), (147249006, 117880128)]
13:37:56: [INFO] Routing pad 'SW27:1' at (147249006, 117880128) with pad 'SW34:1' at (148631156, 137467715) using coordinate system rotated by 10.0 degree(s)
13:37:56: [INFO] Adding track segment (F.Cu): [(147249006, 117880128), (144768007, 131950568)]
13:37:56: [INFO] Adding track segment (F.Cu): [(144768007, 131950568), (148631156, 137467715)]
13:37:56: [INFO] Routing pad 'SW58:1' at (302895000, 92710000) with pad 'SW50:1' at (296227500, 73660000) using coordinate system rotated by 0 degree(s)
13:37:56: [INFO] Adding track segment (F.Cu): [(302895000, 92710000), (296227500, 86042500)]
13:37:56: [INFO] Adding track segment (F.Cu): [(296227500, 86042500), (296227500, 73660000)]
13:37:56: [WARNING] Could not route pads when parent footprints not rotated the same, footprint1: SW27 at -10.0 degree(s) and footprint2: SW65 at 0.0 degree(s)
13:37:56: [INFO] Routing pad 'SW50:1' at (296227500, 73660000) with pad 'SW41:1' at (300990000, 54610000) using coordinate system rotated by 0 degree(s)
13:37:56: [INFO] Adding track segment (F.Cu): [(296227500, 73660000), (300990000, 68897500)]
13:37:56: [INFO] Adding track segment (F.Cu): [(300990000, 68897500), (300990000, 54610000)]
13:37:56: [INFO] Routing pad 'SW65:1' at (296227500, 111760000) with pad 'SW58:1' at (302895000, 92710000) using coordinate system rotated by 0 degree(s)
13:37:56: [INFO] Adding track segment (F.Cu): [(296227500, 111760000), (302895000, 105092500)]
13:37:56: [INFO] Adding track segment (F.Cu): [(302895000, 105092500), (302895000, 92710000)]
13:37:56: [INFO] Routing pad 'SW65:1' at (296227500, 111760000) with pad 'SW74:1' at (358140000, 130810000) using coordinate system rotated by 0 degree(s)
13:37:56: [INFO] Routing ROW3 pads
13:37:56: [INFO] Routing pad 'D23:1' at (43180000, 119700000) with pad 'D24:1' at (83661250, 119700000) using coordinate system rotated by 0 degree(s)
13:37:56: [INFO] Adding track segment (B.Cu): [(43180000, 119700000), (83661250, 119700000)]
13:37:56: [INFO] Routing pad 'D24:1' at (83661250, 119700000) with pad 'D25:1' at (114617500, 119700000) using coordinate system rotated by 0 degree(s)
13:37:56: [INFO] Adding track segment (B.Cu): [(83661250, 119700000), (114617500, 119700000)]
13:37:56: [WARNING] Could not route pads when parent footprints not rotated the same, footprint1: D25 at 90.0 degree(s) and footprint2: D26 at 80.0 degree(s)
13:37:56: [INFO] Routing pad 'D26:1' at (135864593, 123935235) with pad 'D27:1' at (154625180, 127243233) using coordinate system rotated by 280.0 degree(s)
13:37:56: [INFO] Adding track segment (B.Cu): [(135864593, 123935235), (154625179, 127243232)]
13:37:56: [INFO] Adding track segment (B.Cu): [(154625179, 127243232), (154625180, 127243233)]
13:37:56: [INFO] Routing pad 'D27:1' at (154625180, 127243233) with pad 'D28:1' at (173385768, 130551231) using coordinate system rotated by 280.0 degree(s)
13:37:56: [INFO] Adding track segment (B.Cu): [(154625180, 127243233), (173385767, 130551230)]
13:37:56: [INFO] Adding track segment (B.Cu): [(173385767, 130551230), (173385768, 130551231)]
13:37:56: [INFO] Routing pad 'D28:1' at (173385768, 130551231) with pad 'D29:1' at (192146356, 133859229) using coordinate system rotated by 280.0 degree(s)
13:37:56: [INFO] Adding track segment (B.Cu): [(173385768, 130551231), (192146355, 133859227)]
13:37:56: [INFO] Adding track segment (B.Cu): [(192146355, 133859227), (192146356, 133859229)]
13:37:56: [INFO] Routing COL0 pads
13:37:56: [INFO] Routing pad 'SW1:1' at (34290000, 54610000) with pad 'SW9:1' at (34290000, 73660000) using coordinate system rotated by 0 degree(s)
13:37:56: [INFO] Adding track segment (F.Cu): [(34290000, 54610000), (34290000, 73660000)]
13:37:56: [INFO] Routing pad 'SW9:1' at (34290000, 73660000) with pad 'SW16:1' at (34290000, 92710000) using coordinate system rotated by 0 degree(s)
13:37:56: [INFO] Adding track segment (F.Cu): [(34290000, 73660000), (34290000, 92710000)]
13:37:56: [INFO] Routing pad 'SW16:1' at (34290000, 92710000) with pad 'SW23:1' at (34290000, 111760000) using coordinate system rotated by 0 degree(s)
13:37:56: [INFO] Adding track segment (F.Cu): [(34290000, 92710000), (34290000, 111760000)]
13:37:56: [INFO] Routing pad 'SW23:1' at (34290000, 111760000) with pad 'SW30:1' at (34290000, 130810000) using coordinate system rotated by 0 degree(s)
13:37:56: [INFO] Adding track segment (F.Cu): [(34290000, 111760000), (34290000, 130810000)]
13:37:56: [WARNING] Could not route pads when parent footprints not rotated the same, footprint1: SW16 at 0.0 degree(s) and footprint2: SW46 at 10.0 degree(s)
13:37:56: [INFO] Routing pad 'SW54:1' at (224158641, 104861037) with pad 'SW61:1' at (218086345, 125275623) using coordinate system rotated by 350.0 degree(s)
13:37:56: [INFO] Adding track segment (F.Cu): [(224158641, 104861037), (225812639, 114241330)]
13:37:56: [INFO] Adding track segment (F.Cu): [(225812639, 114241330), (218086345, 125275623)]
13:37:56: [INFO] Routing pad 'SW46:1' at (216160496, 86927448) with pad 'SW37:1' at (222232793, 66512862) using coordinate system rotated by 350.0 degree(s)
13:37:56: [INFO] Adding track segment (F.Cu): [(216160496, 86927448), (223886791, 75893153)]
13:37:56: [INFO] Adding track segment (F.Cu): [(223886791, 75893153), (222232793, 66512862)]
13:37:56: [INFO] Routing pad 'SW46:1' at (216160496, 86927448) with pad 'SW54:1' at (224158641, 104861037) using coordinate system rotated by 350.0 degree(s)
13:37:56: [INFO] Adding track segment (F.Cu): [(216160496, 86927448), (218641493, 100997888)]
13:37:56: [INFO] Adding track segment (F.Cu): [(218641493, 100997888), (224158641, 104861037)]
13:37:56: [INFO] Routing pad 'SW61:1' at (218086345, 125275623) with pad 'SW70:1' at (237809857, 141141713) using coordinate system rotated by 350.0 degree(s)
13:37:56: [INFO] Adding track segment (F.Cu): [(218086345, 125275623), (218499843, 127620696)]
13:37:56: [INFO] Adding track segment (F.Cu): [(218499843, 127620696), (237809857, 141141713)]
13:37:56: [INFO] Routing ROW8 pads
13:37:56: [INFO] Routing pad 'D61:1' at (228220052, 131551264) with pad 'D62:1' at (246980640, 128243266) using coordinate system rotated by 260.0 degree(s)
13:37:56: [INFO] Adding track segment (B.Cu): [(228220052, 131551264), (246980639, 128243265)]
13:37:56: [INFO] Adding track segment (B.Cu): [(246980639, 128243265), (246980640, 128243266)]
13:37:56: [INFO] Routing pad 'D62:1' at (246980640, 128243266) with pad 'D63:1' at (265741227, 124935269) using coordinate system rotated by 260.0 degree(s)
13:37:56: [INFO] Adding track segment (B.Cu): [(246980640, 128243266), (265741224, 124935268)]
13:37:56: [INFO] Adding track segment (B.Cu): [(265741224, 124935268), (265741227, 124935269)]
13:37:56: [INFO] Routing pad 'D63:1' at (265741227, 124935269) with pad 'D64:1' at (284501815, 121627271) using coordinate system rotated by 260.0 degree(s)
13:37:56: [INFO] Adding track segment (B.Cu): [(265741227, 124935269), (284501814, 121627270)]
13:37:56: [INFO] Adding track segment (B.Cu): [(284501814, 121627270), (284501815, 121627271)]
13:37:56: [WARNING] Could not route pads when parent footprints not rotated the same, footprint1: D64 at 100.0 degree(s) and footprint2: D65 at 90.0 degree(s)
13:37:56: [INFO] Routing pad 'D65:1' at (305117500, 119700000) with pad 'D66:1' at (324167500, 119700000) using coordinate system rotated by 0 degree(s)
13:37:56: [INFO] Adding track segment (B.Cu): [(305117500, 119700000), (324167500, 119700000)]
13:37:56: [INFO] Routing pad 'D66:1' at (324167500, 119700000) with pad 'D67:1' at (350361250, 119700000) using coordinate system rotated by 0 degree(s)
13:37:56: [INFO] Adding track segment (B.Cu): [(324167500, 119700000), (350361250, 119700000)]
13:37:56: [INFO] Routing pad 'D67:1' at (350361250, 119700000) with pad 'D68:1' at (359886250, 119700000) using coordinate system rotated by 0 degree(s)
13:37:56: [INFO] Adding track segment (B.Cu): [(350361250, 119700000), (359886250, 119700000)]
13:37:56: [INFO] Routing pad 'D68:1' at (359886250, 119700000) with pad 'D69:1' at (376555000, 119700000) using coordinate system rotated by 0 degree(s)
13:37:56: [INFO] Adding track segment (B.Cu): [(359886250, 119700000), (376555000, 119700000)]
13:37:57: [INFO] Routing COL5 pads
13:37:57: [INFO] Routing pad 'SW6:1' at (152482853, 60771366) with pad 'SW14:1' at (158555149, 81185952) using coordinate system rotated by 10.0 degree(s)
13:37:57: [INFO] Adding track segment (F.Cu): [(152482853, 60771366), (150828853, 70151658)]
13:37:57: [INFO] Adding track segment (F.Cu): [(150828853, 70151658), (158555149, 81185952)]
13:37:57: [INFO] Routing pad 'SW14:1' at (158555149, 81185952) with pad 'SW21:1' at (159937298, 100773539) using coordinate system rotated by 10.0 degree(s)
13:37:57: [INFO] Adding track segment (F.Cu): [(158555149, 81185952), (156074150, 95256392)]
13:37:57: [INFO] Adding track segment (F.Cu): [(156074150, 95256392), (159937298, 100773539)]
13:37:57: [INFO] Routing pad 'SW28:1' at (166009594, 121188126) with pad 'SW35:1' at (165046670, 140362213) using coordinate system rotated by 10.0 degree(s)
13:37:57: [INFO] Adding track segment (F.Cu): [(166009594, 121188126), (163115095, 137603639)]
13:37:57: [INFO] Adding track segment (F.Cu): [(163115095, 137603639), (165046670, 140362213)]
13:37:57: [INFO] Routing pad 'SW21:1' at (159937298, 100773539) with pad 'SW28:1' at (166009594, 121188126) using coordinate system rotated by 10.0 degree(s)
13:37:57: [INFO] Adding track segment (F.Cu): [(159937298, 100773539), (158283298, 110153832)]
13:37:57: [INFO] Adding track segment (F.Cu): [(158283298, 110153832), (166009594, 121188126)]
13:37:57: [INFO] Routing pad 'SW59:1' at (321945000, 92710000) with pad 'SW51:1' at (315277500, 73660000) using coordinate system rotated by 0 degree(s)
13:37:57: [INFO] Adding track segment (F.Cu): [(321945000, 92710000), (315277500, 86042500)]
13:37:57: [INFO] Adding track segment (F.Cu): [(315277500, 86042500), (315277500, 73660000)]
13:37:57: [WARNING] Could not route pads when parent footprints not rotated the same, footprint1: SW28 at -10.0 degree(s) and footprint2: SW66 at 0.0 degree(s)
13:37:57: [INFO] Routing pad 'SW51:1' at (315277500, 73660000) with pad 'SW42:1' at (320040000, 54610000) using coordinate system rotated by 0 degree(s)
13:37:57: [INFO] Adding track segment (F.Cu): [(315277500, 73660000), (320040000, 68897500)]
13:37:57: [INFO] Adding track segment (F.Cu): [(320040000, 68897500), (320040000, 54610000)]
13:37:57: [INFO] Routing pad 'SW66:1' at (315277500, 111760000) with pad 'SW59:1' at (321945000, 92710000) using coordinate system rotated by 0 degree(s)
13:37:57: [INFO] Adding track segment (F.Cu): [(315277500, 111760000), (321945000, 105092500)]
13:37:57: [INFO] Adding track segment (F.Cu): [(321945000, 105092500), (321945000, 92710000)]
13:37:57: [INFO] Routing ROW7 pads
13:37:57: [INFO] Routing pad 'D54:1' at (234292348, 111136678) with pad 'D55:1' at (253052936, 107828680) using coordinate system rotated by 260.0 degree(s)
13:37:57: [INFO] Adding track segment (B.Cu): [(234292348, 111136678), (253052935, 107828679)]
13:37:57: [INFO] Adding track segment (B.Cu): [(253052935, 107828679), (253052936, 107828680)]
13:37:57: [INFO] Routing pad 'D55:1' at (253052936, 107828680) with pad 'D56:1' at (271813524, 104520682) using coordinate system rotated by 260.0 degree(s)
13:37:57: [INFO] Adding track segment (B.Cu): [(253052936, 107828680), (271813523, 104520682)]
13:37:57: [INFO] Adding track segment (B.Cu): [(271813523, 104520682), (271813524, 104520682)]
13:37:57: [INFO] Routing pad 'D56:1' at (271813524, 104520682) with pad 'D57:1' at (290574111, 101212684) using coordinate system rotated by 260.0 degree(s)
13:37:57: [INFO] Adding track segment (B.Cu): [(271813524, 104520682), (290574109, 101212684)]
13:37:57: [INFO] Adding track segment (B.Cu): [(290574109, 101212684), (290574111, 101212684)]
13:37:57: [WARNING] Could not route pads when parent footprints not rotated the same, footprint1: D57 at 100.0 degree(s) and footprint2: D58 at 90.0 degree(s)
13:37:57: [INFO] Routing pad 'D58:1' at (311785000, 100650000) with pad 'D59:1' at (330835000, 100650000) using coordinate system rotated by 0 degree(s)
13:37:57: [INFO] Adding track segment (B.Cu): [(311785000, 100650000), (330835000, 100650000)]
13:37:57: [INFO] Routing pad 'D59:1' at (330835000, 100650000) with pad 'D60:1' at (361791250, 100650000) using coordinate system rotated by 0 degree(s)
13:37:57: [INFO] Adding track segment (B.Cu): [(330835000, 100650000), (361791250, 100650000)]
13:37:57: [INFO] Routing ROW2 pads
13:37:57: [INFO] Routing pad 'D16:1' at (43180000, 100650000) with pad 'D17:1' at (81756250, 100650000) using coordinate system rotated by 0 degree(s)
13:37:57: [INFO] Adding track segment (B.Cu): [(43180000, 100650000), (81756250, 100650000)]
13:37:57: [INFO] Routing pad 'D17:1' at (81756250, 100650000) with pad 'D18:1' at (107950000, 100650000) using coordinate system rotated by 0 degree(s)
13:37:57: [INFO] Adding track segment (B.Cu): [(81756250, 100650000), (107950000, 100650000)]
13:37:57: [WARNING] Could not route pads when parent footprints not rotated the same, footprint1: D18 at 90.0 degree(s) and footprint2: D19 at 80.0 degree(s)
13:37:57: [INFO] Routing pad 'D19:1' at (129792297, 103520649) with pad 'D20:1' at (148552884, 106828647) using coordinate system rotated by 280.0 degree(s)
13:37:57: [INFO] Adding track segment (B.Cu): [(129792297, 103520649), (148552882, 106828645)]
13:37:57: [INFO] Adding track segment (B.Cu): [(148552882, 106828645), (148552884, 106828647)]
13:37:57: [INFO] Routing pad 'D20:1' at (148552884, 106828647) with pad 'D21:1' at (167313472, 110136644) using coordinate system rotated by 280.0 degree(s)
13:37:57: [INFO] Adding track segment (B.Cu): [(148552884, 106828647), (167313469, 110136644)]
13:37:57: [INFO] Adding track segment (B.Cu): [(167313469, 110136644), (167313472, 110136644)]
13:37:57: [INFO] Routing pad 'D21:1' at (167313472, 110136644) with pad 'D22:1' at (186074060, 113444642) using coordinate system rotated by 280.0 degree(s)
13:37:57: [INFO] Adding track segment (B.Cu): [(167313472, 110136644), (186074059, 113444641)]
13:37:57: [INFO] Adding track segment (B.Cu): [(186074059, 113444641), (186074060, 113444642)]
13:37:57: [INFO] Routing ROW6 pads
13:37:57: [INFO] Routing pad 'D46:1' at (226294203, 93203089) with pad 'D47:1' at (245054791, 89895092) using coordinate system rotated by 260.0 degree(s)
13:37:57: [INFO] Adding track segment (B.Cu): [(226294203, 93203089), (245054789, 89895090)]
13:37:57: [INFO] Adding track segment (B.Cu): [(245054789, 89895090), (245054791, 89895092)]
13:37:57: [INFO] Routing pad 'D47:1' at (245054791, 89895092) with pad 'D48:1' at (263815379, 86587094) using coordinate system rotated by 260.0 degree(s)
13:37:57: [INFO] Adding track segment (B.Cu): [(245054791, 89895092), (263815378, 86587093)]
13:37:57: [INFO] Adding track segment (B.Cu): [(263815378, 86587093), (263815379, 86587094)]
13:37:57: [INFO] Routing pad 'D48:1' at (263815379, 86587094) with pad 'D49:1' at (282575967, 83279096) using coordinate system rotated by 260.0 degree(s)
13:37:57: [INFO] Adding track segment (B.Cu): [(263815379, 86587094), (282575966, 83279096)]
13:37:57: [INFO] Adding track segment (B.Cu): [(282575966, 83279096), (282575967, 83279096)]
13:37:57: [WARNING] Could not route pads when parent footprints not rotated the same, footprint1: D49 at 100.0 degree(s) and footprint2: D50 at 90.0 degree(s)
13:37:57: [INFO] Routing pad 'D50:1' at (305117500, 81600000) with pad 'D51:1' at (324167500, 81600000) using coordinate system rotated by 0 degree(s)
13:37:57: [INFO] Adding track segment (B.Cu): [(305117500, 81600000), (324167500, 81600000)]
13:37:57: [INFO] Routing pad 'D51:1' at (324167500, 81600000) with pad 'D52:1' at (343217500, 81600000) using coordinate system rotated by 0 degree(s)
13:37:57: [INFO] Adding track segment (B.Cu): [(324167500, 81600000), (343217500, 81600000)]
13:37:57: [INFO] Routing pad 'D52:1' at (343217500, 81600000) with pad 'D53:1' at (367030000, 81600000) using coordinate system rotated by 0 degree(s)
13:37:57: [INFO] Adding track segment (B.Cu): [(343217500, 81600000), (367030000, 81600000)]
13:37:57: [INFO] Routing COL2 pads
13:37:57: [INFO] Routing pad 'SW25:1' at (105727500, 111760000) with pad 'SW32:1' at (93821250, 130810000) using coordinate system rotated by 0 degree(s)
13:37:57: [INFO] Adding track segment (F.Cu): [(105727500, 111760000), (105727500, 118903750)]
13:37:57: [INFO] Adding track segment (F.Cu): [(105727500, 118903750), (93821250, 130810000)]
13:37:57: [INFO] Routing pad 'SW3:1' at (91440000, 54610000) with pad 'SW11:1' at (96202500, 73660000) using coordinate system rotated by 0 degree(s)
13:37:57: [INFO] Adding track segment (F.Cu): [(91440000, 54610000), (91440000, 68897500)]
13:37:57: [INFO] Adding track segment (F.Cu): [(91440000, 68897500), (96202500, 73660000)]
13:37:57: [INFO] Routing pad 'SW11:1' at (96202500, 73660000) with pad 'SW18:1' at (99060000, 92710000) using coordinate system rotated by 0 degree(s)
13:37:57: [INFO] Adding track segment (F.Cu): [(96202500, 73660000), (96202500, 89852500)]
13:37:57: [INFO] Adding track segment (F.Cu): [(96202500, 89852500), (99060000, 92710000)]
13:37:57: [INFO] Routing pad 'SW18:1' at (99060000, 92710000) with pad 'SW25:1' at (105727500, 111760000) using coordinate system rotated by 0 degree(s)
13:37:57: [INFO] Adding track segment (F.Cu): [(99060000, 92710000), (99060000, 105092500)]
13:37:57: [INFO] Adding track segment (F.Cu): [(99060000, 105092500), (105727500, 111760000)]
13:37:57: [INFO] Routing pad 'SW56:1' at (261679817, 98245041) with pad 'SW48:1' at (253681672, 80311453) using coordinate system rotated by 350.0 degree(s)
13:37:57: [INFO] Adding track segment (F.Cu): [(261679817, 98245041), (256162669, 94381892)]
13:37:57: [INFO] Adding track segment (F.Cu): [(256162669, 94381892), (253681672, 80311453)]
13:37:57: [WARNING] Could not route pads when parent footprints not rotated the same, footprint1: SW25 at 0.0 degree(s) and footprint2: SW63 at 10.0 degree(s)
13:37:57: [INFO] Routing pad 'SW48:1' at (253681672, 80311453) with pad 'SW39:1' at (259753968, 59896866) using coordinate system rotated by 350.0 degree(s)
13:37:57: [INFO] Adding track segment (F.Cu): [(253681672, 80311453), (261407965, 69277159)]
13:37:57: [INFO] Adding track segment (F.Cu): [(261407965, 69277159), (259753968, 59896866)]
13:37:57: [INFO] Routing pad 'SW63:1' at (255607520, 118659628) with pad 'SW56:1' at (261679817, 98245041) using coordinate system rotated by 350.0 degree(s)
13:37:57: [INFO] Adding track segment (F.Cu): [(255607520, 118659628), (263333815, 107625333)]
13:37:57: [INFO] Adding track segment (F.Cu): [(263333815, 107625333), (261679817, 98245041)]
13:37:57: [WARNING] Could not route pads when parent footprints not rotated the same, footprint1: SW63 at 10.0 degree(s) and footprint2: SW72 at 0.0 degree(s)
13:37:57: [INFO] Routing COL3 pads
13:37:57: [INFO] Routing pad 'SW4:1' at (114961678, 54155370) with pad 'SW12:1' at (121033974, 74569957) using coordinate system rotated by 10.0 degree(s)
13:37:57: [INFO] Adding track segment (F.Cu): [(114961678, 54155370), (113307679, 63535663)]
13:37:57: [INFO] Adding track segment (F.Cu): [(113307679, 63535663), (121033974, 74569957)]
13:37:57: [INFO] Routing pad 'SW12:1' at (121033974, 74569957) with pad 'SW19:1' at (122416123, 94157544) using coordinate system rotated by 10.0 degree(s)
13:37:57: [INFO] Adding track segment (F.Cu): [(121033974, 74569957), (118552975, 88640397)]
13:37:57: [INFO] Adding track segment (F.Cu): [(118552975, 88640397), (122416123, 94157544)]
13:37:57: [INFO] Routing pad 'SW19:1' at (122416123, 94157544) with pad 'SW26:1' at (128488419, 114572130) using coordinate system rotated by 10.0 degree(s)
13:37:57: [INFO] Adding track segment (F.Cu): [(122416123, 94157544), (120762123, 103537837)]
13:37:57: [INFO] Adding track segment (F.Cu): [(120762123, 103537837), (128488419, 114572130)]
13:37:57: [INFO] Routing pad 'SW26:1' at (128488419, 114572130) with pad 'SW33:1' at (129870568, 134159718) using coordinate system rotated by 10.0 degree(s)
13:37:57: [INFO] Adding track segment (F.Cu): [(128488419, 114572130), (126007419, 128642570)]
13:37:57: [INFO] Adding track segment (F.Cu): [(126007419, 128642570), (129870568, 134159718)]
13:37:57: [INFO] Routing pad 'SW57:1' at (280440404, 94937043) with pad 'SW49:1' at (272442260, 77003455) using coordinate system rotated by 350.0 degree(s)
13:37:57: [INFO] Adding track segment (F.Cu): [(280440404, 94937043), (274923258, 91073896)]
13:37:57: [INFO] Adding track segment (F.Cu): [(274923258, 91073896), (272442260, 77003455)]
13:37:57: [WARNING] Could not route pads when parent footprints not rotated the same, footprint1: SW33 at -10.0 degree(s) and footprint2: SW64 at 10.0 degree(s)
13:37:57: [INFO] Routing pad 'SW49:1' at (272442260, 77003455) with pad 'SW40:1' at (278514556, 56588868) using coordinate system rotated by 350.0 degree(s)
13:37:57: [INFO] Adding track segment (F.Cu): [(272442260, 77003455), (280168554, 65969161)]
13:37:57: [INFO] Adding track segment (F.Cu): [(280168554, 65969161), (278514556, 56588868)]
13:37:57: [INFO] Routing pad 'SW64:1' at (274368108, 115351630) with pad 'SW57:1' at (280440404, 94937043) using coordinate system rotated by 350.0 degree(s)
13:37:57: [INFO] Adding track segment (F.Cu): [(274368108, 115351630), (282094402, 104317336)]
13:37:57: [INFO] Adding track segment (F.Cu): [(282094402, 104317336), (280440404, 94937043)]
13:37:57: [WARNING] Could not route pads when parent footprints not rotated the same, footprint1: SW64 at 10.0 degree(s) and footprint2: SW73 at 0.0 degree(s)
13:37:57: [INFO] Routing ROW9 pads
13:37:57: [INFO] Routing pad 'D70:1' at (247943564, 147417354) with pad 'D71:1' at (278429519, 142041857) using coordinate system rotated by 260.0 degree(s)
13:37:57: [INFO] Adding track segment (B.Cu): [(247943564, 147417354), (278429517, 142041857)]
13:37:57: [INFO] Adding track segment (B.Cu): [(278429517, 142041857), (278429519, 142041857)]
13:37:57: [WARNING] Could not route pads when parent footprints not rotated the same, footprint1: D71 at 100.0 degree(s) and footprint2: D72 at 90.0 degree(s)
13:37:57: [INFO] Routing pad 'D72:1' at (321786250, 138750000) with pad 'D73:1' at (345598750, 138750000) using coordinate system rotated by 0 degree(s)
13:37:57: [INFO] Adding track segment (B.Cu): [(321786250, 138750000), (345598750, 138750000)]
13:37:57: [INFO] Routing pad 'D73:1' at (345598750, 138750000) with pad 'D74:1' at (367030000, 138750000) using coordinate system rotated by 0 degree(s)
13:37:57: [INFO] Adding track segment (B.Cu): [(345598750, 138750000), (367030000, 138750000)]
13:37:57: [INFO] Routing COL6 pads
13:37:57: [INFO] Routing pad 'SW29:1' at (184770182, 124496124) with pad 'SW36:1' at (174426964, 142016212) using coordinate system rotated by 10.0 degree(s)
13:37:57: [INFO] Routing pad 'SW7:1' at (171243441, 64079363) with pad 'SW15:1' at (177315737, 84493950) using coordinate system rotated by 10.0 degree(s)
13:37:57: [INFO] Adding track segment (F.Cu): [(171243441, 64079363), (169589441, 73459656)]
13:37:57: [INFO] Adding track segment (F.Cu): [(169589441, 73459656), (177315737, 84493950)]
13:37:57: [INFO] Routing pad 'SW15:1' at (177315737, 84493950) with pad 'SW22:1' at (178697886, 104081537) using coordinate system rotated by 10.0 degree(s)
13:37:57: [INFO] Adding track segment (F.Cu): [(177315737, 84493950), (174834737, 98564390)]
13:37:57: [INFO] Adding track segment (F.Cu): [(174834737, 98564390), (178697886, 104081537)]
13:37:57: [INFO] Routing pad 'SW22:1' at (178697886, 104081537) with pad 'SW29:1' at (184770182, 124496124) using coordinate system rotated by 10.0 degree(s)
13:37:57: [INFO] Adding track segment (F.Cu): [(178697886, 104081537), (177043886, 113461830)]
13:37:57: [INFO] Adding track segment (F.Cu): [(177043886, 113461830), (184770182, 124496124)]
13:37:57: [INFO] Routing pad 'SW60:1' at (352901250, 92710000) with pad 'SW52:1' at (334327500, 73660000) using coordinate system rotated by 0 degree(s)
13:37:57: [INFO] Routing pad 'SW52:1' at (334327500, 73660000) with pad 'SW43:1' at (339090000, 54610000) using coordinate system rotated by 0 degree(s)
13:37:58: [WARNING] Could not route pads when parent footprints not rotated the same, footprint1: SW29 at -10.0 degree(s) and footprint2: SW67 at 0.0 degree(s)
13:37:58: [INFO] Routing pad 'SW67:1' at (341471250, 111760000) with pad 'SW60:1' at (352901250, 92710000) using coordinate system rotated by 0 degree(s)
13:37:58: [INFO] Adding track segment (F.Cu): [(341471250, 111760000), (352901250, 100330000)]
13:37:58: [INFO] Adding track segment (F.Cu): [(352901250, 100330000), (352901250, 92710000)]
13:37:58: [INFO] Routing COL8 pads
13:37:58: [INFO] Routing pad 'SW45:1' at (358140000, 54610000) with pad 'SW69:1' at (367665000, 111760000) using coordinate system rotated by 0 degree(s)
13:37:58: [INFO] Routing ROW5 pads
13:37:58: [INFO] Routing pad 'D37:1' at (232366500, 72788503) with pad 'D38:1' at (251127087, 69480505) using coordinate system rotated by 260.0 degree(s)
13:37:58: [INFO] Adding track segment (B.Cu): [(232366500, 72788503), (251127086, 69480505)]
13:37:58: [INFO] Adding track segment (B.Cu): [(251127086, 69480505), (251127087, 69480505)]
13:37:58: [INFO] Routing pad 'D38:1' at (251127087, 69480505) with pad 'D39:1' at (269887675, 66172507) using coordinate system rotated by 260.0 degree(s)
13:37:58: [INFO] Adding track segment (B.Cu): [(251127087, 69480505), (269887673, 66172507)]
13:37:58: [INFO] Adding track segment (B.Cu): [(269887673, 66172507), (269887675, 66172507)]
13:37:58: [INFO] Routing pad 'D39:1' at (269887675, 66172507) with pad 'D40:1' at (288648263, 62864509) using coordinate system rotated by 260.0 degree(s)
13:37:58: [INFO] Adding track segment (B.Cu): [(269887675, 66172507), (288648262, 62864508)]
13:37:58: [INFO] Adding track segment (B.Cu): [(288648262, 62864508), (288648263, 62864509)]
13:37:58: [WARNING] Could not route pads when parent footprints not rotated the same, footprint1: D40 at 100.0 degree(s) and footprint2: D41 at 90.0 degree(s)
13:37:58: [INFO] Routing pad 'D41:1' at (309880000, 62550000) with pad 'D42:1' at (328930000, 62550000) using coordinate system rotated by 0 degree(s)
13:37:58: [INFO] Adding track segment (B.Cu): [(309880000, 62550000), (328930000, 62550000)]
13:37:58: [INFO] Routing pad 'D42:1' at (328930000, 62550000) with pad 'D43:1' at (347980000, 62550000) using coordinate system rotated by 0 degree(s)
13:37:58: [INFO] Adding track segment (B.Cu): [(328930000, 62550000), (347980000, 62550000)]
13:37:58: [INFO] Routing pad 'D43:1' at (347980000, 62550000) with pad 'D44:1' at (357505000, 62550000) using coordinate system rotated by 0 degree(s)
13:37:58: [INFO] Adding track segment (B.Cu): [(347980000, 62550000), (357505000, 62550000)]
13:37:58: [INFO] Routing pad 'D44:1' at (357505000, 62550000) with pad 'D45:1' at (367030000, 62550000) using coordinate system rotated by 0 degree(s)
13:37:58: [INFO] Adding track segment (B.Cu): [(357505000, 62550000), (367030000, 62550000)]
13:37:58: [INFO] Routing ROW4 pads
13:37:58: [INFO] Routing pad 'D30:1' at (43180000, 138750000) with pad 'D31:1' at (78898750, 138750000) using coordinate system rotated by 0 degree(s)
13:37:58: [INFO] Adding track segment (B.Cu): [(43180000, 138750000), (78898750, 138750000)]
13:37:58: [INFO] Routing pad 'D31:1' at (78898750, 138750000) with pad 'D32:1' at (102711250, 138750000) using coordinate system rotated by 0 degree(s)
13:37:58: [INFO] Adding track segment (B.Cu): [(78898750, 138750000), (102711250, 138750000)]
13:37:58: [WARNING] Could not route pads when parent footprints not rotated the same, footprint1: D32 at 90.0 degree(s) and footprint2: D33 at 80.0 degree(s)
13:37:58: [INFO] Routing pad 'D33:1' at (137246742, 143522823) with pad 'D34:1' at (156007330, 146830820) using coordinate system rotated by 280.0 degree(s)
13:37:58: [INFO] Adding track segment (B.Cu): [(137246742, 143522823), (156007328, 146830820)]
13:37:58: [INFO] Adding track segment (B.Cu): [(156007328, 146830820), (156007330, 146830820)]
13:37:58: [INFO] Routing pad 'D34:1' at (156007330, 146830820) with pad 'D35:1' at (172422844, 149725318) using coordinate system rotated by 280.0 degree(s)
13:37:58: [INFO] Adding track segment (B.Cu): [(156007330, 146830820), (172422843, 149725317)]
13:37:58: [INFO] Adding track segment (B.Cu): [(172422843, 149725317), (172422844, 149725318)]
13:37:58: [INFO] Routing pad 'D35:1' at (172422844, 149725318) with pad 'D36:1' at (181803138, 151379317) using coordinate system rotated by 280.0 degree(s)
13:37:58: [INFO] Adding track segment (B.Cu): [(172422844, 149725318), (181803137, 151379316)]
13:37:58: [INFO] Adding track segment (B.Cu): [(181803137, 151379316), (181803138, 151379317)]
13:37:58: [INFO] Routing COL1 pads
13:37:58: [INFO] Routing pad 'SW10:1' at (72390000, 73660000) with pad 'SW2:1' at (72390000, 54610000) using coordinate system rotated by 0 degree(s)
13:37:58: [INFO] Adding track segment (F.Cu): [(72390000, 73660000), (72390000, 54610000)]
13:37:58: [INFO] Routing pad 'SW17:1' at (72866250, 92710000) with pad 'SW10:1' at (72390000, 73660000) using coordinate system rotated by 0 degree(s)
13:37:58: [INFO] Adding track segment (F.Cu): [(72866250, 92710000), (72866250, 74136250)]
13:37:58: [INFO] Adding track segment (F.Cu): [(72866250, 74136250), (72390000, 73660000)]
13:37:58: [INFO] Routing pad 'SW24:1' at (74771250, 111760000) with pad 'SW17:1' at (72866250, 92710000) using coordinate system rotated by 0 degree(s)
13:37:58: [INFO] Adding track segment (F.Cu): [(74771250, 111760000), (72866250, 109855000)]
13:37:58: [INFO] Adding track segment (F.Cu): [(72866250, 109855000), (72866250, 92710000)]
13:37:58: [INFO] Routing pad 'SW31:1' at (70008750, 130810000) with pad 'SW24:1' at (74771250, 111760000) using coordinate system rotated by 0 degree(s)
13:37:58: [INFO] Adding track segment (F.Cu): [(70008750, 130810000), (74771250, 126047500)]
13:37:58: [INFO] Adding track segment (F.Cu): [(74771250, 126047500), (74771250, 111760000)]
13:37:58: [WARNING] Could not route pads when parent footprints not rotated the same, footprint1: SW17 at 0.0 degree(s) and footprint2: SW47 at 10.0 degree(s)
13:37:58: [INFO] Routing pad 'SW55:1' at (242919229, 101553039) with pad 'SW62:1' at (236846933, 121967625) using coordinate system rotated by 350.0 degree(s)
13:37:58: [INFO] Adding track segment (F.Cu): [(242919229, 101553039), (244573227, 110933333)]
13:37:58: [INFO] Adding track segment (F.Cu): [(244573227, 110933333), (236846933, 121967625)]
13:37:58: [INFO] Routing pad 'SW47:1' at (234921084, 83619451) with pad 'SW38:1' at (240993380, 63204864) using coordinate system rotated by 350.0 degree(s)
13:37:58: [INFO] Adding track segment (F.Cu): [(234921084, 83619451), (242647378, 72585157)]
13:37:58: [INFO] Adding track segment (F.Cu): [(242647378, 72585157), (240993380, 63204864)]
13:37:58: [INFO] Routing pad 'SW47:1' at (234921084, 83619451) with pad 'SW55:1' at (242919229, 101553039) using coordinate system rotated by 350.0 degree(s)
13:37:58: [INFO] Adding track segment (F.Cu): [(234921084, 83619451), (237402081, 97689891)]
13:37:58: [INFO] Adding track segment (F.Cu): [(237402081, 97689891), (242919229, 101553039)]
13:37:58: [INFO] Routing pad 'SW62:1' at (236846933, 121967625) with pad 'SW71:1' at (268295812, 135766216) using coordinate system rotated by 350.0 degree(s)
13:37:58: [INFO] Adding track segment (F.Cu): [(236846933, 121967625), (246227226, 120313626)]
13:37:58: [INFO] Adding track segment (F.Cu): [(246227226, 120313626), (268295812, 135766216)]
13:37:58: [INFO] Removing dangling tracks
