=== kbplacer.kle_serial ===
=== layout2image.py ===
=== kbplacer ===
13:32:41: [INFO] User layout: https://editor.keyboard-tools.xyz/#share=NrDeCIA9wLgAgEwF8A0dwAYUPGi14BWAOkNXSwHZwBdFAKDCljgEY1wBPFgWg2MpkOWVrjj4WrcphQBmMTIAsYifH4Ih6WSgAcK5muIbpWQgqwA2fQTbEMJ3bQZNu8PgM0yM1lgE5SDr5OjKqIHK5w7p7sOHgGcCTRKNR0IfHs6BHugtLsonE2Uhzs8sUoygWSAWVmZVaV8Kx2uY6pLrz8OWXeDXD+SUFtoQjhHdXoI7Hi8YnSIynOoRlcY10TKPnThXNyCiMVW1WeI7Xr9YeNzRwjekMrbp3HKD0XfePgI4OL6R6jD0aEDgAYxY4AAxABDKHQhQAdyqxg42imEHh8GQSPKPkugPQaMQ0m0p1RCM82hSNCAA
13:32:41: [INFO] Labels prefixes: for rows: 'ROW', for columns: 'COL'
13:32:41: [INFO] Matrix size: 3x9
13:32:41: [INFO] Add COL0 net
13:32:41: [INFO] Add COL1 net
13:32:41: [INFO] Add COL2 net
13:32:41: [INFO] Add COL3 net
13:32:41: [INFO] Add COL4 net
13:32:41: [INFO] Add COL5 net
13:32:41: [INFO] Add COL6 net
13:32:41: [INFO] Add COL7 net
13:32:41: [INFO] Add COL8 net
13:32:41: [INFO] Add COL9 net
13:32:41: [INFO] Add Net-(D1-A) net
13:32:41: [INFO] Add Net-(D10-A) net
13:32:41: [INFO] Add Net-(D11-A) net
13:32:41: [INFO] Add Net-(D12-A) net
13:32:41: [INFO] Add Net-(D13-A) net
13:32:41: [INFO] Add Net-(D14-A) net
13:32:41: [INFO] Add Net-(D15-A) net
13:32:41: [INFO] Add Net-(D16-A) net
13:32:41: [INFO] Add Net-(D17-A) net
13:32:41: [INFO] Add Net-(D18-A) net
13:32:41: [INFO] Add Net-(D19-A) net
13:32:41: [INFO] Add Net-(D2-A) net
13:32:41: [INFO] Add Net-(D20-A) net
13:32:41: [INFO] Add Net-(D21-A) net
13:32:41: [INFO] Add Net-(D22-A) net
13:32:41: [INFO] Add Net-(D23-A) net
13:32:41: [INFO] Add Net-(D24-A) net
13:32:41: [INFO] Add Net-(D25-A) net
13:32:41: [INFO] Add Net-(D26-A) net
13:32:41: [INFO] Add Net-(D27-A) net
13:32:41: [INFO] Add Net-(D28-A) net
13:32:41: [INFO] Add Net-(D29-A) net
13:32:41: [INFO] Add Net-(D3-A) net
13:32:41: [INFO] Add Net-(D30-A) net
13:32:41: [INFO] Add Net-(D31-A) net
13:32:41: [INFO] Add Net-(D32-A) net
13:32:41: [INFO] Add Net-(D33-A) net
13:32:41: [INFO] Add Net-(D34-A) net
13:32:41: [INFO] Add Net-(D35-A) net
13:32:41: [INFO] Add Net-(D4-A) net
13:32:41: [INFO] Add Net-(D5-A) net
13:32:41: [INFO] Add Net-(D6-A) net
13:32:41: [INFO] Add Net-(D7-A) net
13:32:41: [INFO] Add Net-(D8-A) net
13:32:41: [INFO] Add Net-(D9-A) net
13:32:41: [INFO] Add ROW0 net
13:32:41: [INFO] Add ROW1 net
13:32:41: [INFO] Add ROW2 net
13:32:41: [INFO] Add ROW3 net
13:32:41: [INFO] Add SW1 footprint
13:32:41: [INFO] Add D1 footprint
13:32:41: [INFO] Add SW2 footprint
13:32:41: [INFO] Add D2 footprint
13:32:41: [INFO] Add SW3 footprint
13:32:41: [INFO] Add D3 footprint
13:32:41: [INFO] Add SW4 footprint
13:32:41: [INFO] Add D4 footprint
13:32:41: [INFO] Add SW5 footprint
13:32:41: [INFO] Add D5 footprint
13:32:41: [INFO] Add SW6 footprint
13:32:42: [INFO] Add D6 footprint
13:32:42: [INFO] Add SW7 footprint
13:32:42: [INFO] Add D7 footprint
13:32:42: [INFO] Add SW8 footprint
13:32:42: [INFO] Add D8 footprint
13:32:42: [INFO] Add SW9 footprint
13:32:42: [INFO] Add D9 footprint
13:32:42: [INFO] Add SW10 footprint
13:32:42: [INFO] Add D10 footprint
13:32:42: [INFO] Add SW11 footprint
13:32:42: [INFO] Add D11 footprint
13:32:42: [INFO] Add SW12 footprint
13:32:42: [INFO] Add D12 footprint
13:32:42: [INFO] Add SW13 footprint
13:32:42: [INFO] Add D13 footprint
13:32:42: [INFO] Add SW14 footprint
13:32:42: [INFO] Add D14 footprint
13:32:42: [INFO] Add SW15 footprint
13:32:42: [INFO] Add D15 footprint
13:32:42: [INFO] Add SW16 footprint
13:32:42: [INFO] Add D16 footprint
13:32:42: [INFO] Add SW17 footprint
13:32:42: [INFO] Add D17 footprint
13:32:42: [INFO] Add SW18 footprint
13:32:42: [INFO] Add D18 footprint
13:32:42: [INFO] Add SW19 footprint
13:32:42: [INFO] Add D19 footprint
13:32:42: [INFO] Add SW20 footprint
13:32:42: [INFO] Add D20 footprint
13:32:42: [INFO] Add SW21 footprint
13:32:42: [INFO] Add D21 footprint
13:32:42: [INFO] Add SW22 footprint
13:32:42: [INFO] Add D22 footprint
13:32:42: [INFO] Add SW23 footprint
13:32:43: [INFO] Add D23 footprint
13:32:43: [INFO] Add SW24 footprint
13:32:43: [INFO] Add D24 footprint
13:32:43: [INFO] Add SW25 footprint
13:32:43: [INFO] Add D25 footprint
13:32:43: [INFO] Add SW26 footprint
13:32:43: [INFO] Add D26 footprint
13:32:43: [INFO] Add SW27 footprint
13:32:43: [INFO] Add D27 footprint
13:32:43: [INFO] Add SW28 footprint
13:32:43: [INFO] Add D28 footprint
13:32:43: [INFO] Add SW29 footprint
13:32:43: [INFO] Add D29 footprint
13:32:43: [INFO] Add SW30 footprint
13:32:43: [INFO] Add D30 footprint
13:32:43: [INFO] Add SW31 footprint
13:32:43: [INFO] Add D31 footprint
13:32:43: [INFO] Add SW32 footprint
13:32:43: [INFO] Add D32 footprint
13:32:43: [INFO] Add ST32 footprint
13:32:43: [INFO] Add SW33 footprint
13:32:43: [INFO] Add D33 footprint
13:32:43: [INFO] Add ST33 footprint
13:32:43: [INFO] Add SW34 footprint
13:32:43: [INFO] Add D34 footprint
13:32:43: [INFO] Add SW35 footprint
13:32:43: [INFO] Add D35 footprint
13:32:43: [INFO] Detected layout convertible to matrix annotated keyboard
13:32:43: [INFO] Using key 1U distance: (19.05, 19.05) mm
13:32:43: [INFO] Layout offset: (28575000, 28575000)
13:32:43: [INFO] Diode info: [ElementInfo(annotation_format='D{}', position_option=<PositionOption.CUSTOM: 'Custom'>, position=ElementPosition(x=5.08, y=4.0, orientation=90.0, side=<Side.BACK: 'Back'>), template_path='', start_index=-1)]
13:32:43: [INFO] Placing additional elements for SW35
13:32:43: [INFO] Placing additional elements for SW34
13:32:43: [INFO] Placing additional elements for SW33
13:32:43: [INFO] Placing additional elements for SW32
13:32:43: [INFO] Placing additional elements for SW31
13:32:43: [INFO] Placing additional elements for SW30
13:32:43: [INFO] Placing additional elements for SW29
13:32:43: [INFO] Placing additional elements for SW28
13:32:43: [INFO] Placing additional elements for SW27
13:32:43: [INFO] Placing additional elements for SW26
13:32:43: [INFO] Placing additional elements for SW25
13:32:43: [INFO] Placing additional elements for SW24
13:32:43: [INFO] Placing additional elements for SW23
13:32:43: [INFO] Placing additional elements for SW22
13:32:43: [INFO] Placing additional elements for SW21
13:32:43: [INFO] Placing additional elements for SW20
13:32:43: [INFO] Placing additional elements for SW19
13:32:43: [INFO] Placing additional elements for SW18
13:32:43: [INFO] Placing additional elements for SW17
13:32:43: [INFO] Placing additional elements for SW16
13:32:43: [INFO] Placing additional elements for SW15
13:32:43: [INFO] Placing additional elements for SW14
13:32:43: [INFO] Placing additional elements for SW13
13:32:43: [INFO] Placing additional elements for SW12
13:32:43: [INFO] Placing additional elements for SW11
13:32:43: [INFO] Placing additional elements for SW10
13:32:43: [INFO] Placing additional elements for SW9
13:32:43: [INFO] Placing additional elements for SW8
13:32:43: [INFO] Placing additional elements for SW7
13:32:43: [INFO] Placing additional elements for SW6
13:32:43: [INFO] Placing additional elements for SW5
13:32:43: [INFO] Placing additional elements for SW4
13:32:43: [INFO] Placing additional elements for SW3
13:32:43: [INFO] Placing additional elements for SW2
13:32:43: [INFO] Placing additional elements for SW1
13:32:43: [INFO] Routing SW35 with D35
13:32:43: [INFO] Using internal autorouter method
13:32:43: [INFO] Routing pad 'SW35:2' at (140652500, 37782500) with pad 'D35:2' at (143192500, 45462500) using coordinate system rotated by 0 degree(s)
13:32:43: [INFO] Adding track segment (B.Cu): [(140652500, 37782500), (140652500, 42922500)]
13:32:43: [INFO] Adding track segment (B.Cu): [(140652500, 42922500), (143192500, 45462500)]
13:32:43: [INFO] Routing SW34 with D34
13:32:43: [INFO] Using internal autorouter method
13:32:43: [INFO] Routing pad 'SW34:2' at (204946250, 94932500) with pad 'D34:2' at (207486250, 102612500) using coordinate system rotated by 0 degree(s)
13:32:43: [INFO] Adding track segment (B.Cu): [(204946250, 94932500), (204946250, 100072500)]
13:32:43: [INFO] Adding track segment (B.Cu): [(204946250, 100072500), (207486250, 102612500)]
13:32:43: [INFO] Routing SW33 with D33
13:32:43: [INFO] Using internal autorouter method
13:32:43: [INFO] Routing pad 'SW33:2' at (173990000, 94932500) with pad 'D33:2' at (176530000, 102612500) using coordinate system rotated by 0 degree(s)
13:32:43: [INFO] Adding track segment (B.Cu): [(173990000, 94932500), (173990000, 100072500)]
13:32:43: [INFO] Adding track segment (B.Cu): [(173990000, 100072500), (176530000, 102612500)]
13:32:43: [INFO] Routing SW32 with D32
13:32:43: [INFO] Using internal autorouter method
13:32:43: [INFO] Routing pad 'SW32:2' at (107315000, 94932500) with pad 'D32:2' at (109855000, 102612500) using coordinate system rotated by 0 degree(s)
13:32:43: [INFO] Adding track segment (B.Cu): [(107315000, 94932500), (107315000, 100072500)]
13:32:43: [INFO] Adding track segment (B.Cu): [(107315000, 100072500), (109855000, 102612500)]
13:32:43: [INFO] Routing SW31 with D31
13:32:43: [INFO] Using internal autorouter method
13:32:43: [INFO] Routing pad 'SW31:2' at (76358750, 94932500) with pad 'D31:2' at (78898750, 102612500) using coordinate system rotated by 0 degree(s)
13:32:43: [INFO] Adding track segment (B.Cu): [(76358750, 94932500), (76358750, 100072500)]
13:32:43: [INFO] Adding track segment (B.Cu): [(76358750, 100072500), (78898750, 102612500)]
13:32:43: [INFO] Routing SW30 with D30
13:32:43: [INFO] Using internal autorouter method
13:32:43: [INFO] Routing pad 'SW30:2' at (240665000, 80645000) with pad 'D30:2' at (243205000, 88325000) using coordinate system rotated by 0 degree(s)
13:32:43: [INFO] Adding track segment (B.Cu): [(240665000, 80645000), (240665000, 85785000)]
13:32:43: [INFO] Adding track segment (B.Cu): [(240665000, 85785000), (243205000, 88325000)]
13:32:43: [INFO] Routing SW29 with D29
13:32:43: [INFO] Using internal autorouter method
13:32:43: [INFO] Routing pad 'SW29:2' at (221615000, 75882500) with pad 'D29:2' at (224155000, 83562500) using coordinate system rotated by 0 degree(s)
13:32:43: [INFO] Adding track segment (B.Cu): [(221615000, 75882500), (221615000, 81022500)]
13:32:43: [INFO] Adding track segment (B.Cu): [(221615000, 81022500), (224155000, 83562500)]
13:32:43: [INFO] Routing SW28 with D28
13:32:43: [INFO] Using internal autorouter method
13:32:43: [INFO] Routing pad 'SW28:2' at (202565000, 71120000) with pad 'D28:2' at (205105000, 78800000) using coordinate system rotated by 0 degree(s)
13:32:43: [INFO] Adding track segment (B.Cu): [(202565000, 71120000), (202565000, 76260000)]
13:32:43: [INFO] Adding track segment (B.Cu): [(202565000, 76260000), (205105000, 78800000)]
13:32:43: [INFO] Routing SW27 with D27
13:32:43: [INFO] Using internal autorouter method
13:32:43: [INFO] Routing pad 'SW27:2' at (183515000, 75882500) with pad 'D27:2' at (186055000, 83562500) using coordinate system rotated by 0 degree(s)
13:32:43: [INFO] Adding track segment (B.Cu): [(183515000, 75882500), (183515000, 81022500)]
13:32:43: [INFO] Adding track segment (B.Cu): [(183515000, 81022500), (186055000, 83562500)]
13:32:43: [INFO] Routing SW26 with D26
13:32:43: [INFO] Using internal autorouter method
13:32:43: [INFO] Routing pad 'SW26:2' at (164465000, 75882500) with pad 'D26:2' at (167005000, 83562500) using coordinate system rotated by 0 degree(s)
13:32:43: [INFO] Adding track segment (B.Cu): [(164465000, 75882500), (164465000, 81022500)]
13:32:43: [INFO] Adding track segment (B.Cu): [(164465000, 81022500), (167005000, 83562500)]
13:32:43: [INFO] Routing SW25 with D25
13:32:43: [INFO] Using internal autorouter method
13:32:43: [INFO] Routing pad 'SW25:2' at (116840000, 75882500) with pad 'D25:2' at (119380000, 83562500) using coordinate system rotated by 0 degree(s)
13:32:43: [INFO] Adding track segment (B.Cu): [(116840000, 75882500), (116840000, 81022500)]
13:32:43: [INFO] Adding track segment (B.Cu): [(116840000, 81022500), (119380000, 83562500)]
13:32:43: [INFO] Routing SW24 with D24
13:32:43: [INFO] Using internal autorouter method
13:32:43: [INFO] Routing pad 'SW24:2' at (97790000, 75882500) with pad 'D24:2' at (100330000, 83562500) using coordinate system rotated by 0 degree(s)
13:32:43: [INFO] Adding track segment (B.Cu): [(97790000, 75882500), (97790000, 81022500)]
13:32:43: [INFO] Adding track segment (B.Cu): [(97790000, 81022500), (100330000, 83562500)]
13:32:43: [INFO] Routing SW23 with D23
13:32:43: [INFO] Using internal autorouter method
13:32:43: [INFO] Routing pad 'SW23:2' at (78740000, 71120000) with pad 'D23:2' at (81280000, 78800000) using coordinate system rotated by 0 degree(s)
13:32:43: [INFO] Adding track segment (B.Cu): [(78740000, 71120000), (78740000, 76260000)]
13:32:43: [INFO] Adding track segment (B.Cu): [(78740000, 76260000), (81280000, 78800000)]
13:32:43: [INFO] Routing SW22 with D22
13:32:43: [INFO] Using internal autorouter method
13:32:43: [INFO] Routing pad 'SW22:2' at (59690000, 75882500) with pad 'D22:2' at (62230000, 83562500) using coordinate system rotated by 0 degree(s)
13:32:43: [INFO] Adding track segment (B.Cu): [(59690000, 75882500), (59690000, 81022500)]
13:32:43: [INFO] Adding track segment (B.Cu): [(59690000, 81022500), (62230000, 83562500)]
13:32:43: [INFO] Routing SW21 with D21
13:32:43: [INFO] Using internal autorouter method
13:32:43: [INFO] Routing pad 'SW21:2' at (40640000, 80645000) with pad 'D21:2' at (43180000, 88325000) using coordinate system rotated by 0 degree(s)
13:32:43: [INFO] Adding track segment (B.Cu): [(40640000, 80645000), (40640000, 85785000)]
13:32:43: [INFO] Adding track segment (B.Cu): [(40640000, 85785000), (43180000, 88325000)]
13:32:43: [INFO] Routing SW20 with D20
13:32:43: [INFO] Using internal autorouter method
13:32:43: [INFO] Routing pad 'SW20:2' at (240665000, 61595000) with pad 'D20:2' at (243205000, 69275000) using coordinate system rotated by 0 degree(s)
13:32:43: [INFO] Adding track segment (B.Cu): [(240665000, 61595000), (240665000, 66735000)]
13:32:43: [INFO] Adding track segment (B.Cu): [(240665000, 66735000), (243205000, 69275000)]
13:32:43: [INFO] Routing SW19 with D19
13:32:43: [INFO] Using internal autorouter method
13:32:43: [INFO] Routing pad 'SW19:2' at (221615000, 56832500) with pad 'D19:2' at (224155000, 64512500) using coordinate system rotated by 0 degree(s)
13:32:43: [INFO] Adding track segment (B.Cu): [(221615000, 56832500), (221615000, 61972500)]
13:32:43: [INFO] Adding track segment (B.Cu): [(221615000, 61972500), (224155000, 64512500)]
13:32:43: [INFO] Routing SW18 with D18
13:32:43: [INFO] Using internal autorouter method
13:32:43: [INFO] Routing pad 'SW18:2' at (202565000, 52070000) with pad 'D18:2' at (205105000, 59750000) using coordinate system rotated by 0 degree(s)
13:32:43: [INFO] Adding track segment (B.Cu): [(202565000, 52070000), (202565000, 57210000)]
13:32:43: [INFO] Adding track segment (B.Cu): [(202565000, 57210000), (205105000, 59750000)]
13:32:43: [INFO] Routing SW17 with D17
13:32:43: [INFO] Using internal autorouter method
13:32:43: [INFO] Routing pad 'SW17:2' at (183515000, 56832500) with pad 'D17:2' at (186055000, 64512500) using coordinate system rotated by 0 degree(s)
13:32:43: [INFO] Adding track segment (B.Cu): [(183515000, 56832500), (183515000, 61972500)]
13:32:43: [INFO] Adding track segment (B.Cu): [(183515000, 61972500), (186055000, 64512500)]
13:32:43: [INFO] Routing SW16 with D16
13:32:43: [INFO] Using internal autorouter method
13:32:44: [INFO] Routing pad 'SW16:2' at (164465000, 56832500) with pad 'D16:2' at (167005000, 64512500) using coordinate system rotated by 0 degree(s)
13:32:44: [INFO] Adding track segment (B.Cu): [(164465000, 56832500), (164465000, 61972500)]
13:32:44: [INFO] Adding track segment (B.Cu): [(164465000, 61972500), (167005000, 64512500)]
13:32:44: [INFO] Routing SW15 with D15
13:32:44: [INFO] Using internal autorouter method
13:32:44: [INFO] Routing pad 'SW15:2' at (116840000, 56832500) with pad 'D15:2' at (119380000, 64512500) using coordinate system rotated by 0 degree(s)
13:32:44: [INFO] Adding track segment (B.Cu): [(116840000, 56832500), (116840000, 61972500)]
13:32:44: [INFO] Adding track segment (B.Cu): [(116840000, 61972500), (119380000, 64512500)]
13:32:44: [INFO] Routing SW14 with D14
13:32:44: [INFO] Using internal autorouter method
13:32:44: [INFO] Routing pad 'SW14:2' at (97790000, 56832500) with pad 'D14:2' at (100330000, 64512500) using coordinate system rotated by 0 degree(s)
13:32:44: [INFO] Adding track segment (B.Cu): [(97790000, 56832500), (97790000, 61972500)]
13:32:44: [INFO] Adding track segment (B.Cu): [(97790000, 61972500), (100330000, 64512500)]
13:32:44: [INFO] Routing SW13 with D13
13:32:44: [INFO] Using internal autorouter method
13:32:44: [INFO] Routing pad 'SW13:2' at (78740000, 52070000) with pad 'D13:2' at (81280000, 59750000) using coordinate system rotated by 0 degree(s)
13:32:44: [INFO] Adding track segment (B.Cu): [(78740000, 52070000), (78740000, 57210000)]
13:32:44: [INFO] Adding track segment (B.Cu): [(78740000, 57210000), (81280000, 59750000)]
13:32:44: [INFO] Routing SW12 with D12
13:32:44: [INFO] Using internal autorouter method
13:32:44: [INFO] Routing pad 'SW12:2' at (59690000, 56832500) with pad 'D12:2' at (62230000, 64512500) using coordinate system rotated by 0 degree(s)
13:32:44: [INFO] Adding track segment (B.Cu): [(59690000, 56832500), (59690000, 61972500)]
13:32:44: [INFO] Adding track segment (B.Cu): [(59690000, 61972500), (62230000, 64512500)]
13:32:44: [INFO] Routing SW11 with D11
13:32:44: [INFO] Using internal autorouter method
13:32:44: [INFO] Routing pad 'SW11:2' at (40640000, 61595000) with pad 'D11:2' at (43180000, 69275000) using coordinate system rotated by 0 degree(s)
13:32:44: [INFO] Adding track segment (B.Cu): [(40640000, 61595000), (40640000, 66735000)]
13:32:44: [INFO] Adding track segment (B.Cu): [(40640000, 66735000), (43180000, 69275000)]
13:32:44: [INFO] Routing SW10 with D10
13:32:44: [INFO] Using internal autorouter method
13:32:44: [INFO] Routing pad 'SW10:2' at (240665000, 42545000) with pad 'D10:2' at (243205000, 50225000) using coordinate system rotated by 0 degree(s)
13:32:44: [INFO] Adding track segment (B.Cu): [(240665000, 42545000), (240665000, 47685000)]
13:32:44: [INFO] Adding track segment (B.Cu): [(240665000, 47685000), (243205000, 50225000)]
13:32:44: [INFO] Routing SW9 with D9
13:32:44: [INFO] Using internal autorouter method
13:32:44: [INFO] Routing pad 'SW9:2' at (221615000, 37782500) with pad 'D9:2' at (224155000, 45462500) using coordinate system rotated by 0 degree(s)
13:32:44: [INFO] Adding track segment (B.Cu): [(221615000, 37782500), (221615000, 42922500)]
13:32:44: [INFO] Adding track segment (B.Cu): [(221615000, 42922500), (224155000, 45462500)]
13:32:44: [INFO] Routing SW8 with D8
13:32:44: [INFO] Using internal autorouter method
13:32:44: [INFO] Routing pad 'SW8:2' at (202565000, 33020000) with pad 'D8:2' at (205105000, 40700000) using coordinate system rotated by 0 degree(s)
13:32:44: [INFO] Adding track segment (B.Cu): [(202565000, 33020000), (202565000, 38160000)]
13:32:44: [INFO] Adding track segment (B.Cu): [(202565000, 38160000), (205105000, 40700000)]
13:32:44: [INFO] Routing SW7 with D7
13:32:44: [INFO] Using internal autorouter method
13:32:44: [INFO] Routing pad 'SW7:2' at (183515000, 37782500) with pad 'D7:2' at (186055000, 45462500) using coordinate system rotated by 0 degree(s)
13:32:44: [INFO] Adding track segment (B.Cu): [(183515000, 37782500), (183515000, 42922500)]
13:32:44: [INFO] Adding track segment (B.Cu): [(183515000, 42922500), (186055000, 45462500)]
13:32:44: [INFO] Routing SW6 with D6
13:32:44: [INFO] Using internal autorouter method
13:32:44: [INFO] Routing pad 'SW6:2' at (164465000, 37782500) with pad 'D6:2' at (167005000, 45462500) using coordinate system rotated by 0 degree(s)
13:32:44: [INFO] Adding track segment (B.Cu): [(164465000, 37782500), (164465000, 42922500)]
13:32:44: [INFO] Adding track segment (B.Cu): [(164465000, 42922500), (167005000, 45462500)]
13:32:44: [INFO] Routing SW5 with D5
13:32:44: [INFO] Using internal autorouter method
13:32:44: [INFO] Routing pad 'SW5:2' at (116840000, 37782500) with pad 'D5:2' at (119380000, 45462500) using coordinate system rotated by 0 degree(s)
13:32:44: [INFO] Adding track segment (B.Cu): [(116840000, 37782500), (116840000, 42922500)]
13:32:44: [INFO] Adding track segment (B.Cu): [(116840000, 42922500), (119380000, 45462500)]
13:32:44: [INFO] Routing SW4 with D4
13:32:44: [INFO] Using internal autorouter method
13:32:44: [INFO] Routing pad 'SW4:2' at (97790000, 37782500) with pad 'D4:2' at (100330000, 45462500) using coordinate system rotated by 0 degree(s)
13:32:44: [INFO] Adding track segment (B.Cu): [(97790000, 37782500), (97790000, 42922500)]
13:32:44: [INFO] Adding track segment (B.Cu): [(97790000, 42922500), (100330000, 45462500)]
13:32:44: [INFO] Routing SW3 with D3
13:32:44: [INFO] Using internal autorouter method
13:32:44: [INFO] Routing pad 'SW3:2' at (78740000, 33020000) with pad 'D3:2' at (81280000, 40700000) using coordinate system rotated by 0 degree(s)
13:32:44: [INFO] Adding track segment (B.Cu): [(78740000, 33020000), (78740000, 38160000)]
13:32:44: [INFO] Adding track segment (B.Cu): [(78740000, 38160000), (81280000, 40700000)]
13:32:44: [INFO] Routing SW2 with D2
13:32:44: [INFO] Using internal autorouter method
13:32:44: [INFO] Routing pad 'SW2:2' at (59690000, 37782500) with pad 'D2:2' at (62230000, 45462500) using coordinate system rotated by 0 degree(s)
13:32:44: [INFO] Adding track segment (B.Cu): [(59690000, 37782500), (59690000, 42922500)]
13:32:44: [INFO] Adding track segment (B.Cu): [(59690000, 42922500), (62230000, 45462500)]
13:32:44: [INFO] Routing SW1 with D1
13:32:44: [INFO] Using internal autorouter method
13:32:44: [INFO] Routing pad 'SW1:2' at (40640000, 42545000) with pad 'D1:2' at (43180000, 50225000) using coordinate system rotated by 0 degree(s)
13:32:44: [INFO] Adding track segment (B.Cu): [(40640000, 42545000), (40640000, 47685000)]
13:32:44: [INFO] Adding track segment (B.Cu): [(40640000, 47685000), (43180000, 50225000)]
13:32:44: [INFO] Routing COL3 pads
13:32:44: [INFO] Routing pad 'SW4:1' at (91440000, 40322500) with pad 'SW14:1' at (91440000, 59372500) using coordinate system rotated by 0 degree(s)
13:32:44: [INFO] Adding track segment (F.Cu): [(91440000, 40322500), (91440000, 59372500)]
13:32:44: [INFO] Routing pad 'SW14:1' at (91440000, 59372500) with pad 'SW24:1' at (91440000, 78422500) using coordinate system rotated by 0 degree(s)
13:32:44: [INFO] Adding track segment (F.Cu): [(91440000, 59372500), (91440000, 78422500)]
13:32:44: [INFO] Routing COL4 pads
13:32:44: [INFO] Routing pad 'SW15:1' at (110490000, 59372500) with pad 'SW5:1' at (110490000, 40322500) using coordinate system rotated by 0 degree(s)
13:32:44: [INFO] Adding track segment (F.Cu): [(110490000, 59372500), (110490000, 40322500)]
13:32:44: [INFO] Routing pad 'SW25:1' at (110490000, 78422500) with pad 'SW15:1' at (110490000, 59372500) using coordinate system rotated by 0 degree(s)
13:32:44: [INFO] Adding track segment (F.Cu): [(110490000, 78422500), (110490000, 59372500)]
13:32:44: [INFO] Routing pad 'SW32:1' at (100965000, 97472500) with pad 'SW25:1' at (110490000, 78422500) using coordinate system rotated by 0 degree(s)
13:32:44: [INFO] Adding track segment (F.Cu): [(100965000, 97472500), (110490000, 87947500)]
13:32:44: [INFO] Adding track segment (F.Cu): [(110490000, 87947500), (110490000, 78422500)]
13:32:44: [INFO] Routing ROW1 pads
13:32:44: [INFO] Routing pad 'D11:1' at (43180000, 72075000) with pad 'D12:1' at (62230000, 67312500) using coordinate system rotated by 0 degree(s)
13:32:44: [INFO] Adding track segment (B.Cu): [(43180000, 72075000), (57467500, 72075000)]
13:32:44: [INFO] Adding track segment (B.Cu): [(57467500, 72075000), (62230000, 67312500)]
13:32:44: [INFO] Routing pad 'D12:1' at (62230000, 67312500) with pad 'D13:1' at (81280000, 62550000) using coordinate system rotated by 0 degree(s)
13:32:44: [INFO] Adding track segment (B.Cu): [(62230000, 67312500), (76517500, 67312500)]
13:32:44: [INFO] Adding track segment (B.Cu): [(76517500, 67312500), (81280000, 62550000)]
13:32:44: [INFO] Routing pad 'D13:1' at (81280000, 62550000) with pad 'D14:1' at (100330000, 67312500) using coordinate system rotated by 0 degree(s)
13:32:44: [INFO] Adding track segment (B.Cu): [(81280000, 62550000), (86042500, 67312500)]
13:32:44: [INFO] Adding track segment (B.Cu): [(86042500, 67312500), (100330000, 67312500)]
13:32:44: [INFO] Routing pad 'D14:1' at (100330000, 67312500) with pad 'D15:1' at (119380000, 67312500) using coordinate system rotated by 0 degree(s)
13:32:44: [INFO] Adding track segment (B.Cu): [(100330000, 67312500), (119380000, 67312500)]
13:32:44: [INFO] Routing pad 'D15:1' at (119380000, 67312500) with pad 'D16:1' at (167005000, 67312500) using coordinate system rotated by 0 degree(s)
13:32:44: [INFO] Adding track segment (B.Cu): [(119380000, 67312500), (167005000, 67312500)]
13:32:44: [INFO] Routing pad 'D16:1' at (167005000, 67312500) with pad 'D17:1' at (186055000, 67312500) using coordinate system rotated by 0 degree(s)
13:32:44: [INFO] Adding track segment (B.Cu): [(167005000, 67312500), (186055000, 67312500)]
13:32:44: [INFO] Routing pad 'D17:1' at (186055000, 67312500) with pad 'D18:1' at (205105000, 62550000) using coordinate system rotated by 0 degree(s)
13:32:44: [INFO] Adding track segment (B.Cu): [(186055000, 67312500), (200342500, 67312500)]
13:32:44: [INFO] Adding track segment (B.Cu): [(200342500, 67312500), (205105000, 62550000)]
13:32:44: [INFO] Routing pad 'D18:1' at (205105000, 62550000) with pad 'D19:1' at (224155000, 67312500) using coordinate system rotated by 0 degree(s)
13:32:44: [INFO] Adding track segment (B.Cu): [(205105000, 62550000), (209867500, 67312500)]
13:32:44: [INFO] Adding track segment (B.Cu): [(209867500, 67312500), (224155000, 67312500)]
13:32:44: [INFO] Routing pad 'D19:1' at (224155000, 67312500) with pad 'D20:1' at (243205000, 72075000) using coordinate system rotated by 0 degree(s)
13:32:44: [INFO] Adding track segment (B.Cu): [(224155000, 67312500), (228917500, 72075000)]
13:32:44: [INFO] Adding track segment (B.Cu): [(228917500, 72075000), (243205000, 72075000)]
13:32:44: [INFO] Routing COL7 pads
13:32:44: [INFO] Routing pad 'SW8:1' at (196215000, 35560000) with pad 'SW18:1' at (196215000, 54610000) using coordinate system rotated by 0 degree(s)
13:32:44: [INFO] Adding track segment (F.Cu): [(196215000, 35560000), (196215000, 54610000)]
13:32:44: [INFO] Routing pad 'SW18:1' at (196215000, 54610000) with pad 'SW28:1' at (196215000, 73660000) using coordinate system rotated by 0 degree(s)
13:32:44: [INFO] Adding track segment (F.Cu): [(196215000, 54610000), (196215000, 73660000)]
13:32:44: [INFO] Routing pad 'SW28:1' at (196215000, 73660000) with pad 'SW34:1' at (198596250, 97472500) using coordinate system rotated by 0 degree(s)
13:32:44: [INFO] Adding track segment (F.Cu): [(196215000, 73660000), (196215000, 95091250)]
13:32:44: [INFO] Adding track segment (F.Cu): [(196215000, 95091250), (198596250, 97472500)]
13:32:44: [INFO] Routing COL2 pads
13:32:44: [INFO] Routing pad 'SW13:1' at (72390000, 54610000) with pad 'SW3:1' at (72390000, 35560000) using coordinate system rotated by 0 degree(s)
13:32:44: [INFO] Adding track segment (F.Cu): [(72390000, 54610000), (72390000, 35560000)]
13:32:44: [INFO] Routing pad 'SW23:1' at (72390000, 73660000) with pad 'SW13:1' at (72390000, 54610000) using coordinate system rotated by 0 degree(s)
13:32:44: [INFO] Adding track segment (F.Cu): [(72390000, 73660000), (72390000, 54610000)]
13:32:44: [INFO] Routing pad 'SW31:1' at (70008750, 97472500) with pad 'SW23:1' at (72390000, 73660000) using coordinate system rotated by 0 degree(s)
13:32:44: [INFO] Adding track segment (F.Cu): [(70008750, 97472500), (72390000, 95091250)]
13:32:44: [INFO] Adding track segment (F.Cu): [(72390000, 95091250), (72390000, 73660000)]
13:32:44: [INFO] Routing COL1 pads
13:32:44: [INFO] Routing pad 'SW2:1' at (53340000, 40322500) with pad 'SW12:1' at (53340000, 59372500) using coordinate system rotated by 0 degree(s)
13:32:44: [INFO] Adding track segment (F.Cu): [(53340000, 40322500), (53340000, 59372500)]
13:32:44: [INFO] Routing pad 'SW12:1' at (53340000, 59372500) with pad 'SW22:1' at (53340000, 78422500) using coordinate system rotated by 0 degree(s)
13:32:44: [INFO] Adding track segment (F.Cu): [(53340000, 59372500), (53340000, 78422500)]
13:32:44: [INFO] Routing COL9 pads
13:32:44: [INFO] Routing pad 'SW10:1' at (234315000, 45085000) with pad 'SW20:1' at (234315000, 64135000) using coordinate system rotated by 0 degree(s)
13:32:44: [INFO] Adding track segment (F.Cu): [(234315000, 45085000), (234315000, 64135000)]
13:32:44: [INFO] Routing pad 'SW20:1' at (234315000, 64135000) with pad 'SW30:1' at (234315000, 83185000) using coordinate system rotated by 0 degree(s)
13:32:44: [INFO] Adding track segment (F.Cu): [(234315000, 64135000), (234315000, 83185000)]
13:32:44: [INFO] Routing ROW0 pads
13:32:44: [INFO] Routing pad 'D1:1' at (43180000, 53025000) with pad 'D2:1' at (62230000, 48262500) using coordinate system rotated by 0 degree(s)
13:32:44: [INFO] Adding track segment (B.Cu): [(43180000, 53025000), (57467500, 53025000)]
13:32:44: [INFO] Adding track segment (B.Cu): [(57467500, 53025000), (62230000, 48262500)]
13:32:44: [INFO] Routing pad 'D2:1' at (62230000, 48262500) with pad 'D3:1' at (81280000, 43500000) using coordinate system rotated by 0 degree(s)
13:32:44: [INFO] Adding track segment (B.Cu): [(62230000, 48262500), (76517500, 48262500)]
13:32:44: [INFO] Adding track segment (B.Cu): [(76517500, 48262500), (81280000, 43500000)]
13:32:44: [INFO] Routing pad 'D3:1' at (81280000, 43500000) with pad 'D4:1' at (100330000, 48262500) using coordinate system rotated by 0 degree(s)
13:32:44: [INFO] Adding track segment (B.Cu): [(81280000, 43500000), (86042500, 48262500)]
13:32:44: [INFO] Adding track segment (B.Cu): [(86042500, 48262500), (100330000, 48262500)]
13:32:44: [INFO] Routing pad 'D4:1' at (100330000, 48262500) with pad 'D5:1' at (119380000, 48262500) using coordinate system rotated by 0 degree(s)
13:32:44: [INFO] Adding track segment (B.Cu): [(100330000, 48262500), (119380000, 48262500)]
13:32:44: [INFO] Routing pad 'D5:1' at (119380000, 48262500) with pad 'D6:1' at (167005000, 48262500) using coordinate system rotated by 0 degree(s)
13:32:44: [INFO] Adding track segment (B.Cu): [(119380000, 48262500), (167005000, 48262500)]
13:32:44: [INFO] Could not add track segment due to detected collision
13:32:44: [INFO] Routing pad 'D6:1' at (167005000, 48262500) with pad 'D7:1' at (186055000, 48262500) using coordinate system rotated by 0 degree(s)
13:32:44: [INFO] Adding track segment (B.Cu): [(167005000, 48262500), (186055000, 48262500)]
13:32:44: [INFO] Routing pad 'D7:1' at (186055000, 48262500) with pad 'D8:1' at (205105000, 43500000) using coordinate system rotated by 0 degree(s)
13:32:44: [INFO] Adding track segment (B.Cu): [(186055000, 48262500), (200342500, 48262500)]
13:32:44: [INFO] Adding track segment (B.Cu): [(200342500, 48262500), (205105000, 43500000)]
13:32:44: [INFO] Routing pad 'D8:1' at (205105000, 43500000) with pad 'D9:1' at (224155000, 48262500) using coordinate system rotated by 0 degree(s)
13:32:44: [INFO] Adding track segment (B.Cu): [(205105000, 43500000), (209867500, 48262500)]
13:32:44: [INFO] Adding track segment (B.Cu): [(209867500, 48262500), (224155000, 48262500)]
13:32:44: [INFO] Routing pad 'D9:1' at (224155000, 48262500) with pad 'D10:1' at (243205000, 53025000) using coordinate system rotated by 0 degree(s)
13:32:44: [INFO] Adding track segment (B.Cu): [(224155000, 48262500), (228917500, 53025000)]
13:32:44: [INFO] Adding track segment (B.Cu): [(228917500, 53025000), (243205000, 53025000)]
13:32:44: [INFO] Routing COL5 pads
13:32:44: [INFO] Routing pad 'SW6:1' at (158115000, 40322500) with pad 'SW16:1' at (158115000, 59372500) using coordinate system rotated by 0 degree(s)
13:32:44: [INFO] Adding track segment (F.Cu): [(158115000, 40322500), (158115000, 59372500)]
13:32:44: [INFO] Routing pad 'SW16:1' at (158115000, 59372500) with pad 'SW26:1' at (158115000, 78422500) using coordinate system rotated by 0 degree(s)
13:32:44: [INFO] Adding track segment (F.Cu): [(158115000, 59372500), (158115000, 78422500)]
13:32:44: [INFO] Routing pad 'SW26:1' at (158115000, 78422500) with pad 'SW33:1' at (167640000, 97472500) using coordinate system rotated by 0 degree(s)
13:32:44: [INFO] Adding track segment (F.Cu): [(158115000, 78422500), (158115000, 87947500)]
13:32:44: [INFO] Adding track segment (F.Cu): [(158115000, 87947500), (167640000, 97472500)]
13:32:44: [INFO] Routing COL6 pads
13:32:44: [INFO] Routing pad 'SW7:1' at (177165000, 40322500) with pad 'SW17:1' at (177165000, 59372500) using coordinate system rotated by 0 degree(s)
13:32:44: [INFO] Adding track segment (F.Cu): [(177165000, 40322500), (177165000, 59372500)]
13:32:44: [INFO] Routing pad 'SW17:1' at (177165000, 59372500) with pad 'SW27:1' at (177165000, 78422500) using coordinate system rotated by 0 degree(s)
13:32:44: [INFO] Adding track segment (F.Cu): [(177165000, 59372500), (177165000, 78422500)]
13:32:44: [INFO] Routing ROW2 pads
13:32:44: [INFO] Routing pad 'D21:1' at (43180000, 91125000) with pad 'D22:1' at (62230000, 86362500) using coordinate system rotated by 0 degree(s)
13:32:44: [INFO] Adding track segment (B.Cu): [(43180000, 91125000), (57467500, 91125000)]
13:32:44: [INFO] Adding track segment (B.Cu): [(57467500, 91125000), (62230000, 86362500)]
13:32:44: [INFO] Routing pad 'D22:1' at (62230000, 86362500) with pad 'D23:1' at (81280000, 81600000) using coordinate system rotated by 0 degree(s)
13:32:44: [INFO] Adding track segment (B.Cu): [(62230000, 86362500), (76517500, 86362500)]
13:32:44: [INFO] Adding track segment (B.Cu): [(76517500, 86362500), (81280000, 81600000)]
13:32:44: [INFO] Routing pad 'D23:1' at (81280000, 81600000) with pad 'D24:1' at (100330000, 86362500) using coordinate system rotated by 0 degree(s)
13:32:44: [INFO] Adding track segment (B.Cu): [(81280000, 81600000), (86042500, 86362500)]
13:32:44: [INFO] Adding track segment (B.Cu): [(86042500, 86362500), (100330000, 86362500)]
13:32:44: [INFO] Routing pad 'D24:1' at (100330000, 86362500) with pad 'D25:1' at (119380000, 86362500) using coordinate system rotated by 0 degree(s)
13:32:44: [INFO] Adding track segment (B.Cu): [(100330000, 86362500), (119380000, 86362500)]
13:32:44: [INFO] Routing pad 'D25:1' at (119380000, 86362500) with pad 'D26:1' at (167005000, 86362500) using coordinate system rotated by 0 degree(s)
13:32:44: [INFO] Adding track segment (B.Cu): [(119380000, 86362500), (167005000, 86362500)]
13:32:44: [INFO] Routing pad 'D26:1' at (167005000, 86362500) with pad 'D27:1' at (186055000, 86362500) using coordinate system rotated by 0 degree(s)
13:32:44: [INFO] Adding track segment (B.Cu): [(167005000, 86362500), (186055000, 86362500)]
13:32:44: [INFO] Routing pad 'D27:1' at (186055000, 86362500) with pad 'D28:1' at (205105000, 81600000) using coordinate system rotated by 0 degree(s)
13:32:44: [INFO] Adding track segment (B.Cu): [(186055000, 86362500), (200342500, 86362500)]
13:32:44: [INFO] Adding track segment (B.Cu): [(200342500, 86362500), (205105000, 81600000)]
13:32:44: [INFO] Routing pad 'D28:1' at (205105000, 81600000) with pad 'D29:1' at (224155000, 86362500) using coordinate system rotated by 0 degree(s)
13:32:44: [INFO] Adding track segment (B.Cu): [(205105000, 81600000), (209867500, 86362500)]
13:32:44: [INFO] Adding track segment (B.Cu): [(209867500, 86362500), (224155000, 86362500)]
13:32:44: [INFO] Routing pad 'D29:1' at (224155000, 86362500) with pad 'D30:1' at (243205000, 91125000) using coordinate system rotated by 0 degree(s)
13:32:44: [INFO] Adding track segment (B.Cu): [(224155000, 86362500), (228917500, 91125000)]
13:32:44: [INFO] Adding track segment (B.Cu): [(228917500, 91125000), (243205000, 91125000)]
13:32:44: [INFO] Routing COL8 pads
13:32:44: [INFO] Routing pad 'SW35:1' at (134302500, 40322500) with pad 'SW9:1' at (215265000, 40322500) using coordinate system rotated by 0 degree(s)
13:32:44: [INFO] Adding track segment (F.Cu): [(134302500, 40322500), (215265000, 40322500)]
13:32:44: [INFO] Could not add track segment due to detected collision
13:32:44: [INFO] Routing pad 'SW9:1' at (215265000, 40322500) with pad 'SW19:1' at (215265000, 59372500) using coordinate system rotated by 0 degree(s)
13:32:44: [INFO] Adding track segment (F.Cu): [(215265000, 40322500), (215265000, 59372500)]
13:32:44: [INFO] Routing pad 'SW19:1' at (215265000, 59372500) with pad 'SW29:1' at (215265000, 78422500) using coordinate system rotated by 0 degree(s)
13:32:44: [INFO] Adding track segment (F.Cu): [(215265000, 59372500), (215265000, 78422500)]
13:32:44: [INFO] Routing COL0 pads
13:32:44: [INFO] Routing pad 'SW1:1' at (34290000, 45085000) with pad 'SW11:1' at (34290000, 64135000) using coordinate system rotated by 0 degree(s)
13:32:44: [INFO] Adding track segment (F.Cu): [(34290000, 45085000), (34290000, 64135000)]
13:32:44: [INFO] Routing pad 'SW11:1' at (34290000, 64135000) with pad 'SW21:1' at (34290000, 83185000) using coordinate system rotated by 0 degree(s)
13:32:44: [INFO] Adding track segment (F.Cu): [(34290000, 64135000), (34290000, 83185000)]
13:32:44: [INFO] Routing ROW3 pads
13:32:44: [INFO] Routing pad 'D31:1' at (78898750, 105412500) with pad 'D32:1' at (109855000, 105412500) using coordinate system rotated by 0 degree(s)
13:32:44: [INFO] Adding track segment (B.Cu): [(78898750, 105412500), (109855000, 105412500)]
13:32:44: [INFO] Routing pad 'D32:1' at (109855000, 105412500) with pad 'D35:1' at (143192500, 48262500) using coordinate system rotated by 0 degree(s)
13:32:44: [INFO] Routing pad 'D35:1' at (143192500, 48262500) with pad 'D33:1' at (176530000, 105412500) using coordinate system rotated by 0 degree(s)
13:32:44: [INFO] Routing pad 'D33:1' at (176530000, 105412500) with pad 'D34:1' at (207486250, 105412500) using coordinate system rotated by 0 degree(s)
13:32:44: [INFO] Adding track segment (B.Cu): [(176530000, 105412500), (207486250, 105412500)]
13:32:44: [INFO] Removing dangling tracks
