=== kbplacer.kle_serial ===
=== layout2image.py ===
=== kbplacer ===
13:30:02: [INFO] User layout: https://editor.keyboard-tools.xyz/#share=NrDeCIGNwLgAnAYgOyreANAgLrBAGcAXy3Hw3wB0A7AUQGUBhTOCADzwEZTp4lIBg4qXIAmFmQwBmCeQAssjAFYW7PPgB0SkgQwA2RckUAORQE5V4DvE3aRGToXudOizuOcysam1tIBnAFs8cAAnAHtsAH0AU0gXYV1OJRpU6jSM9OoYwgBdDAAoMHAAT3UNfCUA4L5E8G4nBG5XUm4PJukJbgVW5S79fqNe016LXsd+hPH2iF4ERABDJeWJAHc8UQ1ROw7OL1YrcuQd+ocFfKKIMt9K0nX4Tg1jnXBRCks5-kEBOreWhDe7VenVIbx6AL6oIGUKGEJGELGEImUKmSJm4HucEeJz++x8cE0xx4IUWyyWvzO4AuxWuBIqVQQmNELyk728UBJ3x+LIcElZQNZ+3ArPBwshCFZBlIrNhYvhYsRYuREoc-1mJLQ6DuGy2J1Ze0s1jpRIQn1JZLq+vOhRp5VujJ1JzkbIOZq50BezqBzqFztFzpUpGdUoQztlzvlzsVzuV4Bjao5fHNK21DyeToc6KNtmJSc1qDqMbxh1821z8zJ5M9lOpVztDIxXC0LyqjQgmMe2xbvPZHd13fRbq5azwem7IfVScrCzqVUVVWV7abXdIC4T2d15aQ+aM3fchvKK4QC+LG6P4AX51yQA
13:30:02: [INFO] Labels prefixes: for rows: 'ROW', for columns: 'COL'
13:30:02: [INFO] Matrix size: 5x15
13:30:03: [WARNING] No stabilizer footprint for width 2.25u, using 2u as fallback
13:30:03: [WARNING] No stabilizer footprint for width 2.25u, using 2u as fallback
13:30:03: [WARNING] No stabilizer footprint for width 2.5u, using 2u as fallback
13:30:03: [INFO] Add COL0 net
13:30:03: [INFO] Add COL1 net
13:30:03: [INFO] Add COL10 net
13:30:03: [INFO] Add COL11 net
13:30:03: [INFO] Add COL12 net
13:30:03: [INFO] Add COL13 net
13:30:03: [INFO] Add COL14 net
13:30:03: [INFO] Add COL15 net
13:30:03: [INFO] Add COL2 net
13:30:03: [INFO] Add COL3 net
13:30:03: [INFO] Add COL4 net
13:30:03: [INFO] Add COL5 net
13:30:03: [INFO] Add COL6 net
13:30:03: [INFO] Add COL7 net
13:30:03: [INFO] Add COL8 net
13:30:03: [INFO] Add COL9 net
13:30:03: [INFO] Add Net-(D1-A) net
13:30:03: [INFO] Add Net-(D10-A) net
13:30:03: [INFO] Add Net-(D11-A) net
13:30:03: [INFO] Add Net-(D12-A) net
13:30:03: [INFO] Add Net-(D13-A) net
13:30:03: [INFO] Add Net-(D14-A) net
13:30:03: [INFO] Add Net-(D15-A) net
13:30:03: [INFO] Add Net-(D16-A) net
13:30:03: [INFO] Add Net-(D17-A) net
13:30:03: [INFO] Add Net-(D18-A) net
13:30:03: [INFO] Add Net-(D19-A) net
13:30:03: [INFO] Add Net-(D2-A) net
13:30:03: [INFO] Add Net-(D20-A) net
13:30:03: [INFO] Add Net-(D21-A) net
13:30:03: [INFO] Add Net-(D22-A) net
13:30:03: [INFO] Add Net-(D23-A) net
13:30:03: [INFO] Add Net-(D24-A) net
13:30:03: [INFO] Add Net-(D25-A) net
13:30:03: [INFO] Add Net-(D26-A) net
13:30:03: [INFO] Add Net-(D27-A) net
13:30:03: [INFO] Add Net-(D28-A) net
13:30:03: [INFO] Add Net-(D29-A) net
13:30:03: [INFO] Add Net-(D3-A) net
13:30:03: [INFO] Add Net-(D30-A) net
13:30:03: [INFO] Add Net-(D31-A) net
13:30:03: [INFO] Add Net-(D32-A) net
13:30:03: [INFO] Add Net-(D33-A) net
13:30:03: [INFO] Add Net-(D34-A) net
13:30:03: [INFO] Add Net-(D35-A) net
13:30:03: [INFO] Add Net-(D36-A) net
13:30:03: [INFO] Add Net-(D37-A) net
13:30:03: [INFO] Add Net-(D38-A) net
13:30:03: [INFO] Add Net-(D39-A) net
13:30:03: [INFO] Add Net-(D4-A) net
13:30:03: [INFO] Add Net-(D40-A) net
13:30:03: [INFO] Add Net-(D41-A) net
13:30:03: [INFO] Add Net-(D42-A) net
13:30:03: [INFO] Add Net-(D43-A) net
13:30:03: [INFO] Add Net-(D44-A) net
13:30:03: [INFO] Add Net-(D45-A) net
13:30:03: [INFO] Add Net-(D46-A) net
13:30:03: [INFO] Add Net-(D47-A) net
13:30:03: [INFO] Add Net-(D48-A) net
13:30:03: [INFO] Add Net-(D49-A) net
13:30:03: [INFO] Add Net-(D5-A) net
13:30:03: [INFO] Add Net-(D50-A) net
13:30:03: [INFO] Add Net-(D51-A) net
13:30:03: [INFO] Add Net-(D52-A) net
13:30:03: [INFO] Add Net-(D53-A) net
13:30:03: [INFO] Add Net-(D54-A) net
13:30:03: [INFO] Add Net-(D55-A) net
13:30:03: [INFO] Add Net-(D56-A) net
13:30:03: [INFO] Add Net-(D57-A) net
13:30:03: [INFO] Add Net-(D58-A) net
13:30:03: [INFO] Add Net-(D59-A) net
13:30:03: [INFO] Add Net-(D6-A) net
13:30:03: [INFO] Add Net-(D60-A) net
13:30:03: [INFO] Add Net-(D61-A) net
13:30:03: [INFO] Add Net-(D62-A) net
13:30:03: [INFO] Add Net-(D63-A) net
13:30:03: [INFO] Add Net-(D64-A) net
13:30:03: [INFO] Add Net-(D65-A) net
13:30:03: [INFO] Add Net-(D66-A) net
13:30:03: [INFO] Add Net-(D67-A) net
13:30:03: [INFO] Add Net-(D68-A) net
13:30:03: [INFO] Add Net-(D69-A) net
13:30:03: [INFO] Add Net-(D7-A) net
13:30:03: [INFO] Add Net-(D70-A) net
13:30:03: [INFO] Add Net-(D71-A) net
13:30:03: [INFO] Add Net-(D72-A) net
13:30:03: [INFO] Add Net-(D73-A) net
13:30:03: [INFO] Add Net-(D74-A) net
13:30:03: [INFO] Add Net-(D75-A) net
13:30:03: [INFO] Add Net-(D76-A) net
13:30:03: [INFO] Add Net-(D77-A) net
13:30:03: [INFO] Add Net-(D78-A) net
13:30:03: [INFO] Add Net-(D79-A) net
13:30:03: [INFO] Add Net-(D8-A) net
13:30:03: [INFO] Add Net-(D80-A) net
13:30:03: [INFO] Add Net-(D81-A) net
13:30:03: [INFO] Add Net-(D82-A) net
13:30:03: [INFO] Add Net-(D9-A) net
13:30:03: [INFO] Add ROW0 net
13:30:03: [INFO] Add ROW1 net
13:30:03: [INFO] Add ROW2 net
13:30:03: [INFO] Add ROW3 net
13:30:03: [INFO] Add ROW4 net
13:30:03: [INFO] Add ROW5 net
13:30:03: [INFO] Add SW1 footprint
13:30:03: [INFO] Add D1 footprint
13:30:03: [INFO] Add SW2 footprint
13:30:03: [INFO] Add D2 footprint
13:30:03: [INFO] Add SW3 footprint
13:30:03: [INFO] Add D3 footprint
13:30:03: [INFO] Add SW4 footprint
13:30:03: [INFO] Add D4 footprint
13:30:03: [INFO] Add SW5 footprint
13:30:03: [INFO] Add D5 footprint
13:30:03: [INFO] Add SW6 footprint
13:30:03: [INFO] Add D6 footprint
13:30:03: [INFO] Add SW7 footprint
13:30:03: [INFO] Add D7 footprint
13:30:03: [INFO] Add SW8 footprint
13:30:04: [INFO] Add D8 footprint
13:30:04: [INFO] Add SW9 footprint
13:30:04: [INFO] Add D9 footprint
13:30:04: [INFO] Add SW10 footprint
13:30:04: [INFO] Add D10 footprint
13:30:04: [INFO] Add SW11 footprint
13:30:04: [INFO] Add D11 footprint
13:30:04: [INFO] Add SW12 footprint
13:30:04: [INFO] Add D12 footprint
13:30:04: [INFO] Add SW13 footprint
13:30:04: [INFO] Add D13 footprint
13:30:04: [INFO] Add SW14 footprint
13:30:04: [INFO] Add D14 footprint
13:30:04: [INFO] Add SW15 footprint
13:30:04: [INFO] Add D15 footprint
13:30:04: [INFO] Add SW16 footprint
13:30:04: [INFO] Add D16 footprint
13:30:04: [INFO] Add SW17 footprint
13:30:04: [INFO] Add D17 footprint
13:30:04: [INFO] Add SW18 footprint
13:30:04: [INFO] Add D18 footprint
13:30:04: [INFO] Add SW19 footprint
13:30:04: [INFO] Add D19 footprint
13:30:04: [INFO] Add SW20 footprint
13:30:04: [INFO] Add D20 footprint
13:30:04: [INFO] Add SW21 footprint
13:30:04: [INFO] Add D21 footprint
13:30:04: [INFO] Add SW22 footprint
13:30:04: [INFO] Add D22 footprint
13:30:04: [INFO] Add SW23 footprint
13:30:04: [INFO] Add D23 footprint
13:30:04: [INFO] Add SW24 footprint
13:30:04: [INFO] Add D24 footprint
13:30:04: [INFO] Add SW25 footprint
13:30:04: [INFO] Add D25 footprint
13:30:04: [INFO] Add SW26 footprint
13:30:04: [INFO] Add D26 footprint
13:30:04: [INFO] Add SW27 footprint
13:30:05: [INFO] Add D27 footprint
13:30:05: [INFO] Add SW28 footprint
13:30:05: [INFO] Add D28 footprint
13:30:05: [WARNING] No stabilizer footprint for width 2.25u, using 2u as fallback
13:30:05: [INFO] Add ST28 footprint
13:30:05: [INFO] Add SW29 footprint
13:30:05: [INFO] Add D29 footprint
13:30:05: [INFO] Add SW30 footprint
13:30:05: [INFO] Add D30 footprint
13:30:05: [INFO] Add SW31 footprint
13:30:05: [INFO] Add D31 footprint
13:30:05: [INFO] Add SW32 footprint
13:30:05: [INFO] Add D32 footprint
13:30:05: [INFO] Add SW33 footprint
13:30:05: [INFO] Add D33 footprint
13:30:05: [INFO] Add SW34 footprint
13:30:05: [INFO] Add D34 footprint
13:30:05: [INFO] Add SW35 footprint
13:30:05: [INFO] Add D35 footprint
13:30:05: [INFO] Add SW36 footprint
13:30:05: [INFO] Add D36 footprint
13:30:05: [INFO] Add SW37 footprint
13:30:05: [INFO] Add D37 footprint
13:30:05: [INFO] Add SW38 footprint
13:30:05: [INFO] Add D38 footprint
13:30:05: [INFO] Add SW39 footprint
13:30:05: [INFO] Add D39 footprint
13:30:05: [INFO] Add SW40 footprint
13:30:05: [INFO] Add D40 footprint
13:30:05: [INFO] Add SW41 footprint
13:30:05: [INFO] Add D41 footprint
13:30:05: [INFO] Add SW42 footprint
13:30:05: [INFO] Add D42 footprint
13:30:05: [INFO] Add SW43 footprint
13:30:05: [INFO] Add D43 footprint
13:30:05: [INFO] Add SW44 footprint
13:30:05: [INFO] Add D44 footprint
13:30:05: [INFO] Add SW45 footprint
13:30:06: [INFO] Add D45 footprint
13:30:06: [INFO] Add ST45 footprint
13:30:06: [INFO] Add SW46 footprint
13:30:06: [INFO] Add D46 footprint
13:30:06: [INFO] Add SW47 footprint
13:30:06: [INFO] Add D47 footprint
13:30:06: [INFO] Add SW48 footprint
13:30:06: [INFO] Add D48 footprint
13:30:06: [INFO] Add SW49 footprint
13:30:06: [INFO] Add D49 footprint
13:30:06: [INFO] Add SW50 footprint
13:30:06: [INFO] Add D50 footprint
13:30:06: [INFO] Add SW51 footprint
13:30:06: [INFO] Add D51 footprint
13:30:06: [INFO] Add SW52 footprint
13:30:06: [INFO] Add D52 footprint
13:30:06: [INFO] Add SW53 footprint
13:30:06: [INFO] Add D53 footprint
13:30:06: [INFO] Add SW54 footprint
13:30:06: [INFO] Add D54 footprint
13:30:06: [INFO] Add SW55 footprint
13:30:06: [INFO] Add D55 footprint
13:30:06: [INFO] Add SW56 footprint
13:30:06: [INFO] Add D56 footprint
13:30:06: [INFO] Add SW57 footprint
13:30:06: [INFO] Add D57 footprint
13:30:06: [WARNING] No stabilizer footprint for width 2.25u, using 2u as fallback
13:30:06: [INFO] Add ST57 footprint
13:30:06: [INFO] Add SW58 footprint
13:30:06: [INFO] Add D58 footprint
13:30:06: [INFO] Add SW59 footprint
13:30:06: [INFO] Add D59 footprint
13:30:06: [WARNING] No stabilizer footprint for width 2.5u, using 2u as fallback
13:30:06: [INFO] Add ST59 footprint
13:30:06: [INFO] Add SW60 footprint
13:30:06: [INFO] Add D60 footprint
13:30:06: [INFO] Add SW61 footprint
13:30:06: [INFO] Add D61 footprint
13:30:06: [INFO] Add SW62 footprint
13:30:06: [INFO] Add D62 footprint
13:30:07: [INFO] Add SW63 footprint
13:30:07: [INFO] Add D63 footprint
13:30:07: [INFO] Add SW64 footprint
13:30:07: [INFO] Add D64 footprint
13:30:07: [INFO] Add SW65 footprint
13:30:07: [INFO] Add D65 footprint
13:30:07: [INFO] Add SW66 footprint
13:30:07: [INFO] Add D66 footprint
13:30:07: [INFO] Add SW67 footprint
13:30:07: [INFO] Add D67 footprint
13:30:07: [INFO] Add SW68 footprint
13:30:07: [INFO] Add D68 footprint
13:30:07: [INFO] Add SW69 footprint
13:30:07: [INFO] Add D69 footprint
13:30:07: [INFO] Add SW70 footprint
13:30:07: [INFO] Add D70 footprint
13:30:07: [INFO] Add SW71 footprint
13:30:07: [INFO] Add D71 footprint
13:30:07: [INFO] Add SW72 footprint
13:30:07: [INFO] Add D72 footprint
13:30:07: [INFO] Add SW73 footprint
13:30:07: [INFO] Add D73 footprint
13:30:07: [INFO] Add SW74 footprint
13:30:07: [INFO] Add D74 footprint
13:30:07: [INFO] Add SW75 footprint
13:30:07: [INFO] Add D75 footprint
13:30:07: [INFO] Add SW76 footprint
13:30:07: [INFO] Add D76 footprint
13:30:07: [INFO] Add ST76 footprint
13:30:07: [INFO] Add SW77 footprint
13:30:07: [INFO] Add D77 footprint
13:30:07: [INFO] Add SW78 footprint
13:30:07: [INFO] Add D78 footprint
13:30:07: [INFO] Add SW79 footprint
13:30:07: [INFO] Add D79 footprint
13:30:07: [INFO] Add SW80 footprint
13:30:07: [INFO] Add D80 footprint
13:30:07: [INFO] Add SW81 footprint
13:30:08: [INFO] Add D81 footprint
13:30:08: [INFO] Add SW82 footprint
13:30:08: [INFO] Add D82 footprint
13:30:08: [INFO] Detected layout convertible to matrix annotated keyboard
13:30:08: [INFO] Using key 1U distance: (19.05, 19.05) mm
13:30:08: [INFO] Layout offset: (28575000, 28575000)
13:30:08: [INFO] Diode info: [ElementInfo(annotation_format='D{}', position_option=<PositionOption.CUSTOM: 'Custom'>, position=ElementPosition(x=5.08, y=4.0, orientation=90.0, side=<Side.BACK: 'Back'>), template_path='', start_index=-1)]
13:30:08: [INFO] Placing additional elements for SW82
13:30:08: [INFO] Placing additional elements for SW81
13:30:08: [INFO] Placing additional elements for SW80
13:30:08: [INFO] Placing additional elements for SW79
13:30:08: [INFO] Placing additional elements for SW78
13:30:08: [INFO] Placing additional elements for SW77
13:30:08: [INFO] Placing additional elements for SW76
13:30:08: [INFO] Placing additional elements for SW75
13:30:08: [INFO] Placing additional elements for SW74
13:30:08: [INFO] Placing additional elements for SW73
13:30:08: [INFO] Placing additional elements for SW72
13:30:08: [INFO] Placing additional elements for SW71
13:30:08: [INFO] Placing additional elements for SW70
13:30:08: [INFO] Placing additional elements for SW69
13:30:08: [INFO] Placing additional elements for SW68
13:30:08: [INFO] Placing additional elements for SW67
13:30:08: [INFO] Placing additional elements for SW66
13:30:08: [INFO] Placing additional elements for SW65
13:30:08: [INFO] Placing additional elements for SW64
13:30:08: [INFO] Placing additional elements for SW63
13:30:08: [INFO] Placing additional elements for SW62
13:30:08: [INFO] Placing additional elements for SW61
13:30:08: [INFO] Placing additional elements for SW60
13:30:08: [INFO] Placing additional elements for SW59
13:30:08: [INFO] Placing additional elements for SW58
13:30:08: [INFO] Placing additional elements for SW57
13:30:08: [INFO] Placing additional elements for SW56
13:30:08: [INFO] Placing additional elements for SW55
13:30:08: [INFO] Placing additional elements for SW54
13:30:08: [INFO] Placing additional elements for SW53
13:30:08: [INFO] Placing additional elements for SW52
13:30:08: [INFO] Placing additional elements for SW51
13:30:08: [INFO] Placing additional elements for SW50
13:30:08: [INFO] Placing additional elements for SW49
13:30:08: [INFO] Placing additional elements for SW48
13:30:08: [INFO] Placing additional elements for SW47
13:30:08: [INFO] Placing additional elements for SW46
13:30:08: [INFO] Placing additional elements for SW45
13:30:08: [INFO] Placing additional elements for SW44
13:30:08: [INFO] Placing additional elements for SW43
13:30:08: [INFO] Placing additional elements for SW42
13:30:08: [INFO] Placing additional elements for SW41
13:30:08: [INFO] Placing additional elements for SW40
13:30:08: [INFO] Placing additional elements for SW39
13:30:08: [INFO] Placing additional elements for SW38
13:30:08: [INFO] Placing additional elements for SW37
13:30:08: [INFO] Placing additional elements for SW36
13:30:08: [INFO] Placing additional elements for SW35
13:30:08: [INFO] Placing additional elements for SW34
13:30:08: [INFO] Placing additional elements for SW33
13:30:08: [INFO] Placing additional elements for SW32
13:30:08: [INFO] Placing additional elements for SW31
13:30:08: [INFO] Placing additional elements for SW30
13:30:08: [INFO] Placing additional elements for SW29
13:30:08: [INFO] Placing additional elements for SW28
13:30:08: [INFO] Placing additional elements for SW27
13:30:08: [INFO] Placing additional elements for SW26
13:30:08: [INFO] Placing additional elements for SW25
13:30:08: [INFO] Placing additional elements for SW24
13:30:08: [INFO] Placing additional elements for SW23
13:30:08: [INFO] Placing additional elements for SW22
13:30:08: [INFO] Placing additional elements for SW21
13:30:08: [INFO] Placing additional elements for SW20
13:30:08: [INFO] Placing additional elements for SW19
13:30:08: [INFO] Placing additional elements for SW18
13:30:08: [INFO] Placing additional elements for SW17
13:30:08: [INFO] Placing additional elements for SW16
13:30:08: [INFO] Placing additional elements for SW15
13:30:08: [INFO] Placing additional elements for SW14
13:30:08: [INFO] Placing additional elements for SW13
13:30:08: [INFO] Placing additional elements for SW12
13:30:08: [INFO] Placing additional elements for SW11
13:30:08: [INFO] Placing additional elements for SW10
13:30:08: [INFO] Placing additional elements for SW9
13:30:08: [INFO] Placing additional elements for SW8
13:30:08: [INFO] Placing additional elements for SW7
13:30:08: [INFO] Placing additional elements for SW6
13:30:08: [INFO] Placing additional elements for SW5
13:30:08: [INFO] Placing additional elements for SW4
13:30:08: [INFO] Placing additional elements for SW3
13:30:08: [INFO] Placing additional elements for SW2
13:30:08: [INFO] Placing additional elements for SW1
13:30:08: [INFO] Routing SW82 with D82
13:30:08: [INFO] Using internal autorouter method
13:30:08: [INFO] Routing pad 'SW82:2' at (345440000, 133032500) with pad 'D82:2' at (347980000, 140712500) using coordinate system rotated by 0 degree(s)
13:30:08: [INFO] Adding track segment (B.Cu): [(345440000, 133032500), (345440000, 138172500)]
13:30:08: [INFO] Adding track segment (B.Cu): [(345440000, 138172500), (347980000, 140712500)]
13:30:08: [INFO] Routing SW81 with D81
13:30:08: [INFO] Using internal autorouter method
13:30:08: [INFO] Routing pad 'SW81:2' at (321627500, 133032500) with pad 'D81:2' at (324167500, 140712500) using coordinate system rotated by 0 degree(s)
13:30:08: [INFO] Adding track segment (B.Cu): [(321627500, 133032500), (321627500, 138172500)]
13:30:08: [INFO] Adding track segment (B.Cu): [(321627500, 138172500), (324167500, 140712500)]
13:30:08: [INFO] Routing SW80 with D80
13:30:08: [INFO] Using internal autorouter method
13:30:08: [INFO] Routing pad 'SW80:2' at (297815000, 133032500) with pad 'D80:2' at (300355000, 140712500) using coordinate system rotated by 0 degree(s)
13:30:08: [INFO] Adding track segment (B.Cu): [(297815000, 133032500), (297815000, 138172500)]
13:30:08: [INFO] Adding track segment (B.Cu): [(297815000, 138172500), (300355000, 140712500)]
13:30:08: [INFO] Routing SW79 with D79
13:30:08: [INFO] Using internal autorouter method
13:30:08: [INFO] Routing pad 'SW79:2' at (271621250, 133032500) with pad 'D79:2' at (274161250, 140712500) using coordinate system rotated by 0 degree(s)
13:30:08: [INFO] Adding track segment (B.Cu): [(271621250, 133032500), (271621250, 138172500)]
13:30:08: [INFO] Adding track segment (B.Cu): [(271621250, 138172500), (274161250, 140712500)]
13:30:08: [INFO] Routing SW78 with D78
13:30:08: [INFO] Using internal autorouter method
13:30:08: [INFO] Routing pad 'SW78:2' at (250190000, 133032500) with pad 'D78:2' at (252730000, 140712500) using coordinate system rotated by 0 degree(s)
13:30:08: [INFO] Adding track segment (B.Cu): [(250190000, 133032500), (250190000, 138172500)]
13:30:08: [INFO] Adding track segment (B.Cu): [(250190000, 138172500), (252730000, 140712500)]
13:30:08: [INFO] Routing SW77 with D77
13:30:08: [INFO] Using internal autorouter method
13:30:08: [INFO] Routing pad 'SW77:2' at (231140000, 133032500) with pad 'D77:2' at (233680000, 140712500) using coordinate system rotated by 0 degree(s)
13:30:08: [INFO] Adding track segment (B.Cu): [(231140000, 133032500), (231140000, 138172500)]
13:30:08: [INFO] Adding track segment (B.Cu): [(231140000, 138172500), (233680000, 140712500)]
13:30:08: [INFO] Routing SW76 with D76
13:30:08: [INFO] Using internal autorouter method
13:30:08: [INFO] Routing pad 'SW76:2' at (164465000, 133032500) with pad 'D76:2' at (167005000, 140712500) using coordinate system rotated by 0 degree(s)
13:30:08: [INFO] Adding track segment (B.Cu): [(164465000, 133032500), (164465000, 138172500)]
13:30:08: [INFO] Adding track segment (B.Cu): [(164465000, 138172500), (167005000, 140712500)]
13:30:08: [INFO] Routing SW75 with D75
13:30:08: [INFO] Using internal autorouter method
13:30:08: [INFO] Routing pad 'SW75:2' at (95408750, 133032500) with pad 'D75:2' at (97948750, 140712500) using coordinate system rotated by 0 degree(s)
13:30:08: [INFO] Adding track segment (B.Cu): [(95408750, 133032500), (95408750, 138172500)]
13:30:08: [INFO] Adding track segment (B.Cu): [(95408750, 138172500), (97948750, 140712500)]
13:30:08: [INFO] Routing SW74 with D74
13:30:08: [INFO] Using internal autorouter method
13:30:08: [INFO] Routing pad 'SW74:2' at (71596250, 133032500) with pad 'D74:2' at (74136250, 140712500) using coordinate system rotated by 0 degree(s)
13:30:08: [INFO] Adding track segment (B.Cu): [(71596250, 133032500), (71596250, 138172500)]
13:30:08: [INFO] Adding track segment (B.Cu): [(71596250, 138172500), (74136250, 140712500)]
13:30:08: [INFO] Routing SW73 with D73
13:30:08: [INFO] Using internal autorouter method
13:30:08: [INFO] Routing pad 'SW73:2' at (45402500, 133032500) with pad 'D73:2' at (47942500, 140712500) using coordinate system rotated by 0 degree(s)
13:30:08: [INFO] Adding track segment (B.Cu): [(45402500, 133032500), (45402500, 138172500)]
13:30:08: [INFO] Adding track segment (B.Cu): [(45402500, 138172500), (47942500, 140712500)]
13:30:08: [INFO] Routing SW72 with D72
13:30:08: [INFO] Using internal autorouter method
13:30:08: [INFO] Routing pad 'SW72:2' at (345440000, 113030000) with pad 'D72:2' at (347980000, 120710000) using coordinate system rotated by 0 degree(s)
13:30:08: [INFO] Adding track segment (B.Cu): [(345440000, 113030000), (345440000, 118170000)]
13:30:08: [INFO] Adding track segment (B.Cu): [(345440000, 118170000), (347980000, 120710000)]
13:30:08: [INFO] Routing SW71 with D71
13:30:08: [INFO] Using internal autorouter method
13:30:08: [INFO] Routing pad 'SW71:2' at (321627500, 113030000) with pad 'D71:2' at (324167500, 120710000) using coordinate system rotated by 0 degree(s)
13:30:08: [INFO] Adding track segment (B.Cu): [(321627500, 113030000), (321627500, 118170000)]
13:30:08: [INFO] Adding track segment (B.Cu): [(321627500, 118170000), (324167500, 120710000)]
13:30:08: [INFO] Routing SW70 with D70
13:30:08: [INFO] Using internal autorouter method
13:30:08: [INFO] Routing pad 'SW70:2' at (285908750, 113030000) with pad 'D70:2' at (288448750, 120710000) using coordinate system rotated by 0 degree(s)
13:30:08: [INFO] Adding track segment (B.Cu): [(285908750, 113030000), (285908750, 118170000)]
13:30:08: [INFO] Adding track segment (B.Cu): [(285908750, 118170000), (288448750, 120710000)]
13:30:08: [INFO] Routing SW69 with D69
13:30:08: [INFO] Using internal autorouter method
13:30:08: [INFO] Routing pad 'SW69:2' at (259715000, 113030000) with pad 'D69:2' at (262255000, 120710000) using coordinate system rotated by 0 degree(s)
13:30:08: [INFO] Adding track segment (B.Cu): [(259715000, 113030000), (259715000, 118170000)]
13:30:08: [INFO] Adding track segment (B.Cu): [(259715000, 118170000), (262255000, 120710000)]
13:30:08: [INFO] Routing SW68 with D68
13:30:08: [INFO] Using internal autorouter method
13:30:08: [INFO] Routing pad 'SW68:2' at (240665000, 113030000) with pad 'D68:2' at (243205000, 120710000) using coordinate system rotated by 0 degree(s)
13:30:08: [INFO] Adding track segment (B.Cu): [(240665000, 113030000), (240665000, 118170000)]
13:30:08: [INFO] Adding track segment (B.Cu): [(240665000, 118170000), (243205000, 120710000)]
13:30:08: [INFO] Routing SW67 with D67
13:30:08: [INFO] Using internal autorouter method
13:30:08: [INFO] Routing pad 'SW67:2' at (221615000, 113030000) with pad 'D67:2' at (224155000, 120710000) using coordinate system rotated by 0 degree(s)
13:30:08: [INFO] Adding track segment (B.Cu): [(221615000, 113030000), (221615000, 118170000)]
13:30:08: [INFO] Adding track segment (B.Cu): [(221615000, 118170000), (224155000, 120710000)]
13:30:08: [INFO] Routing SW66 with D66
13:30:08: [INFO] Using internal autorouter method
13:30:08: [INFO] Routing pad 'SW66:2' at (202565000, 113030000) with pad 'D66:2' at (205105000, 120710000) using coordinate system rotated by 0 degree(s)
13:30:08: [INFO] Adding track segment (B.Cu): [(202565000, 113030000), (202565000, 118170000)]
13:30:08: [INFO] Adding track segment (B.Cu): [(202565000, 118170000), (205105000, 120710000)]
13:30:08: [INFO] Routing SW65 with D65
13:30:08: [INFO] Using internal autorouter method
13:30:08: [INFO] Routing pad 'SW65:2' at (183515000, 113030000) with pad 'D65:2' at (186055000, 120710000) using coordinate system rotated by 0 degree(s)
13:30:08: [INFO] Adding track segment (B.Cu): [(183515000, 113030000), (183515000, 118170000)]
13:30:08: [INFO] Adding track segment (B.Cu): [(183515000, 118170000), (186055000, 120710000)]
13:30:08: [INFO] Routing SW64 with D64
13:30:08: [INFO] Using internal autorouter method
13:30:08: [INFO] Routing pad 'SW64:2' at (164465000, 113030000) with pad 'D64:2' at (167005000, 120710000) using coordinate system rotated by 0 degree(s)
13:30:08: [INFO] Adding track segment (B.Cu): [(164465000, 113030000), (164465000, 118170000)]
13:30:08: [INFO] Adding track segment (B.Cu): [(164465000, 118170000), (167005000, 120710000)]
13:30:08: [INFO] Routing SW63 with D63
13:30:08: [INFO] Using internal autorouter method
13:30:08: [INFO] Routing pad 'SW63:2' at (145415000, 113030000) with pad 'D63:2' at (147955000, 120710000) using coordinate system rotated by 0 degree(s)
13:30:08: [INFO] Adding track segment (B.Cu): [(145415000, 113030000), (145415000, 118170000)]
13:30:08: [INFO] Adding track segment (B.Cu): [(145415000, 118170000), (147955000, 120710000)]
13:30:08: [INFO] Routing SW62 with D62
13:30:08: [INFO] Using internal autorouter method
13:30:08: [INFO] Routing pad 'SW62:2' at (126365000, 113030000) with pad 'D62:2' at (128905000, 120710000) using coordinate system rotated by 0 degree(s)
13:30:08: [INFO] Adding track segment (B.Cu): [(126365000, 113030000), (126365000, 118170000)]
13:30:08: [INFO] Adding track segment (B.Cu): [(126365000, 118170000), (128905000, 120710000)]
13:30:08: [INFO] Routing SW61 with D61
13:30:08: [INFO] Using internal autorouter method
13:30:08: [INFO] Routing pad 'SW61:2' at (107315000, 113030000) with pad 'D61:2' at (109855000, 120710000) using coordinate system rotated by 0 degree(s)
13:30:08: [INFO] Adding track segment (B.Cu): [(107315000, 113030000), (107315000, 118170000)]
13:30:08: [INFO] Adding track segment (B.Cu): [(107315000, 118170000), (109855000, 120710000)]
13:30:08: [INFO] Routing SW60 with D60
13:30:08: [INFO] Using internal autorouter method
13:30:08: [INFO] Routing pad 'SW60:2' at (88265000, 113030000) with pad 'D60:2' at (90805000, 120710000) using coordinate system rotated by 0 degree(s)
13:30:08: [INFO] Adding track segment (B.Cu): [(88265000, 113030000), (88265000, 118170000)]
13:30:08: [INFO] Adding track segment (B.Cu): [(88265000, 118170000), (90805000, 120710000)]
13:30:08: [INFO] Routing SW59 with D59
13:30:08: [INFO] Using internal autorouter method
13:30:08: [INFO] Routing pad 'SW59:2' at (54927500, 113030000) with pad 'D59:2' at (57467500, 120710000) using coordinate system rotated by 0 degree(s)
13:30:08: [INFO] Adding track segment (B.Cu): [(54927500, 113030000), (54927500, 118170000)]
13:30:08: [INFO] Adding track segment (B.Cu): [(54927500, 118170000), (57467500, 120710000)]
13:30:08: [INFO] Routing SW58 with D58
13:30:08: [INFO] Using internal autorouter method
13:30:08: [INFO] Routing pad 'SW58:2' at (345440000, 93027500) with pad 'D58:2' at (347980000, 100707500) using coordinate system rotated by 0 degree(s)
13:30:08: [INFO] Adding track segment (B.Cu): [(345440000, 93027500), (345440000, 98167500)]
13:30:08: [INFO] Adding track segment (B.Cu): [(345440000, 98167500), (347980000, 100707500)]
13:30:08: [INFO] Routing SW57 with D57
13:30:08: [INFO] Using internal autorouter method
13:30:08: [INFO] Routing pad 'SW57:2' at (300196250, 93027500) with pad 'D57:2' at (302736250, 100707500) using coordinate system rotated by 0 degree(s)
13:30:08: [INFO] Adding track segment (B.Cu): [(300196250, 93027500), (300196250, 98167500)]
13:30:08: [INFO] Adding track segment (B.Cu): [(300196250, 98167500), (302736250, 100707500)]
13:30:08: [INFO] Routing SW56 with D56
13:30:08: [INFO] Using internal autorouter method
13:30:08: [INFO] Routing pad 'SW56:2' at (269240000, 93027500) with pad 'D56:2' at (271780000, 100707500) using coordinate system rotated by 0 degree(s)
13:30:08: [INFO] Adding track segment (B.Cu): [(269240000, 93027500), (269240000, 98167500)]
13:30:08: [INFO] Adding track segment (B.Cu): [(269240000, 98167500), (271780000, 100707500)]
13:30:08: [INFO] Routing SW55 with D55
13:30:08: [INFO] Using internal autorouter method
13:30:08: [INFO] Routing pad 'SW55:2' at (250190000, 93027500) with pad 'D55:2' at (252730000, 100707500) using coordinate system rotated by 0 degree(s)
13:30:08: [INFO] Adding track segment (B.Cu): [(250190000, 93027500), (250190000, 98167500)]
13:30:08: [INFO] Adding track segment (B.Cu): [(250190000, 98167500), (252730000, 100707500)]
13:30:08: [INFO] Routing SW54 with D54
13:30:08: [INFO] Using internal autorouter method
13:30:08: [INFO] Routing pad 'SW54:2' at (231140000, 93027500) with pad 'D54:2' at (233680000, 100707500) using coordinate system rotated by 0 degree(s)
13:30:08: [INFO] Adding track segment (B.Cu): [(231140000, 93027500), (231140000, 98167500)]
13:30:08: [INFO] Adding track segment (B.Cu): [(231140000, 98167500), (233680000, 100707500)]
13:30:08: [INFO] Routing SW53 with D53
13:30:08: [INFO] Using internal autorouter method
13:30:08: [INFO] Routing pad 'SW53:2' at (212090000, 93027500) with pad 'D53:2' at (214630000, 100707500) using coordinate system rotated by 0 degree(s)
13:30:08: [INFO] Adding track segment (B.Cu): [(212090000, 93027500), (212090000, 98167500)]
13:30:08: [INFO] Adding track segment (B.Cu): [(212090000, 98167500), (214630000, 100707500)]
13:30:08: [INFO] Routing SW52 with D52
13:30:08: [INFO] Using internal autorouter method
13:30:08: [INFO] Routing pad 'SW52:2' at (193040000, 93027500) with pad 'D52:2' at (195580000, 100707500) using coordinate system rotated by 0 degree(s)
13:30:08: [INFO] Adding track segment (B.Cu): [(193040000, 93027500), (193040000, 98167500)]
13:30:08: [INFO] Adding track segment (B.Cu): [(193040000, 98167500), (195580000, 100707500)]
13:30:08: [INFO] Routing SW51 with D51
13:30:08: [INFO] Using internal autorouter method
13:30:08: [INFO] Routing pad 'SW51:2' at (173990000, 93027500) with pad 'D51:2' at (176530000, 100707500) using coordinate system rotated by 0 degree(s)
13:30:08: [INFO] Adding track segment (B.Cu): [(173990000, 93027500), (173990000, 98167500)]
13:30:08: [INFO] Adding track segment (B.Cu): [(173990000, 98167500), (176530000, 100707500)]
13:30:08: [INFO] Routing SW50 with D50
13:30:08: [INFO] Using internal autorouter method
13:30:08: [INFO] Routing pad 'SW50:2' at (154940000, 93027500) with pad 'D50:2' at (157480000, 100707500) using coordinate system rotated by 0 degree(s)
13:30:08: [INFO] Adding track segment (B.Cu): [(154940000, 93027500), (154940000, 98167500)]
13:30:08: [INFO] Adding track segment (B.Cu): [(154940000, 98167500), (157480000, 100707500)]
13:30:08: [INFO] Routing SW49 with D49
13:30:08: [INFO] Using internal autorouter method
13:30:08: [INFO] Routing pad 'SW49:2' at (135890000, 93027500) with pad 'D49:2' at (138430000, 100707500) using coordinate system rotated by 0 degree(s)
13:30:08: [INFO] Adding track segment (B.Cu): [(135890000, 93027500), (135890000, 98167500)]
13:30:08: [INFO] Adding track segment (B.Cu): [(135890000, 98167500), (138430000, 100707500)]
13:30:08: [INFO] Routing SW48 with D48
13:30:08: [INFO] Using internal autorouter method
13:30:08: [INFO] Routing pad 'SW48:2' at (116840000, 93027500) with pad 'D48:2' at (119380000, 100707500) using coordinate system rotated by 0 degree(s)
13:30:08: [INFO] Adding track segment (B.Cu): [(116840000, 93027500), (116840000, 98167500)]
13:30:08: [INFO] Adding track segment (B.Cu): [(116840000, 98167500), (119380000, 100707500)]
13:30:08: [INFO] Routing SW47 with D47
13:30:08: [INFO] Using internal autorouter method
13:30:08: [INFO] Routing pad 'SW47:2' at (97790000, 93027500) with pad 'D47:2' at (100330000, 100707500) using coordinate system rotated by 0 degree(s)
13:30:08: [INFO] Adding track segment (B.Cu): [(97790000, 93027500), (97790000, 98167500)]
13:30:08: [INFO] Adding track segment (B.Cu): [(97790000, 98167500), (100330000, 100707500)]
13:30:08: [INFO] Routing SW46 with D46
13:30:08: [INFO] Using internal autorouter method
13:30:08: [INFO] Routing pad 'SW46:2' at (78740000, 93027500) with pad 'D46:2' at (81280000, 100707500) using coordinate system rotated by 0 degree(s)
13:30:08: [INFO] Adding track segment (B.Cu): [(78740000, 93027500), (78740000, 98167500)]
13:30:08: [INFO] Adding track segment (B.Cu): [(78740000, 98167500), (81280000, 100707500)]
13:30:08: [INFO] Routing SW45 with D45
13:30:08: [INFO] Using internal autorouter method
13:30:08: [INFO] Routing pad 'SW45:2' at (50165000, 93027500) with pad 'D45:2' at (52705000, 100707500) using coordinate system rotated by 0 degree(s)
13:30:08: [INFO] Adding track segment (B.Cu): [(50165000, 93027500), (50165000, 98167500)]
13:30:08: [INFO] Adding track segment (B.Cu): [(50165000, 98167500), (52705000, 100707500)]
13:30:08: [INFO] Routing SW44 with D44
13:30:08: [INFO] Using internal autorouter method
13:30:08: [INFO] Routing pad 'SW44:2' at (345440000, 73025000) with pad 'D44:2' at (347980000, 80705000) using coordinate system rotated by 0 degree(s)
13:30:08: [INFO] Adding track segment (B.Cu): [(345440000, 73025000), (345440000, 78165000)]
13:30:08: [INFO] Adding track segment (B.Cu): [(345440000, 78165000), (347980000, 80705000)]
13:30:08: [INFO] Routing SW43 with D43
13:30:08: [INFO] Using internal autorouter method
13:30:08: [INFO] Routing pad 'SW43:2' at (307340000, 73025000) with pad 'D43:2' at (309880000, 80705000) using coordinate system rotated by 0 degree(s)
13:30:08: [INFO] Adding track segment (B.Cu): [(307340000, 73025000), (307340000, 78165000)]
13:30:08: [INFO] Adding track segment (B.Cu): [(307340000, 78165000), (309880000, 80705000)]
13:30:08: [INFO] Routing SW42 with D42
13:30:08: [INFO] Using internal autorouter method
13:30:08: [INFO] Routing pad 'SW42:2' at (283527500, 73025000) with pad 'D42:2' at (286067500, 80705000) using coordinate system rotated by 0 degree(s)
13:30:08: [INFO] Adding track segment (B.Cu): [(283527500, 73025000), (283527500, 78165000)]
13:30:08: [INFO] Adding track segment (B.Cu): [(283527500, 78165000), (286067500, 80705000)]
13:30:08: [INFO] Routing SW41 with D41
13:30:08: [INFO] Using internal autorouter method
13:30:08: [INFO] Routing pad 'SW41:2' at (264477500, 73025000) with pad 'D41:2' at (267017500, 80705000) using coordinate system rotated by 0 degree(s)
13:30:08: [INFO] Adding track segment (B.Cu): [(264477500, 73025000), (264477500, 78165000)]
13:30:08: [INFO] Adding track segment (B.Cu): [(264477500, 78165000), (267017500, 80705000)]
13:30:08: [INFO] Routing SW40 with D40
13:30:08: [INFO] Using internal autorouter method
13:30:08: [INFO] Routing pad 'SW40:2' at (245427500, 73025000) with pad 'D40:2' at (247967500, 80705000) using coordinate system rotated by 0 degree(s)
13:30:08: [INFO] Adding track segment (B.Cu): [(245427500, 73025000), (245427500, 78165000)]
13:30:08: [INFO] Adding track segment (B.Cu): [(245427500, 78165000), (247967500, 80705000)]
13:30:08: [INFO] Routing SW39 with D39
13:30:08: [INFO] Using internal autorouter method
13:30:08: [INFO] Routing pad 'SW39:2' at (226377500, 73025000) with pad 'D39:2' at (228917500, 80705000) using coordinate system rotated by 0 degree(s)
13:30:08: [INFO] Adding track segment (B.Cu): [(226377500, 73025000), (226377500, 78165000)]
13:30:08: [INFO] Adding track segment (B.Cu): [(226377500, 78165000), (228917500, 80705000)]
13:30:08: [INFO] Routing SW38 with D38
13:30:08: [INFO] Using internal autorouter method
13:30:08: [INFO] Routing pad 'SW38:2' at (207327500, 73025000) with pad 'D38:2' at (209867500, 80705000) using coordinate system rotated by 0 degree(s)
13:30:08: [INFO] Adding track segment (B.Cu): [(207327500, 73025000), (207327500, 78165000)]
13:30:08: [INFO] Adding track segment (B.Cu): [(207327500, 78165000), (209867500, 80705000)]
13:30:08: [INFO] Routing SW37 with D37
13:30:08: [INFO] Using internal autorouter method
13:30:08: [INFO] Routing pad 'SW37:2' at (188277500, 73025000) with pad 'D37:2' at (190817500, 80705000) using coordinate system rotated by 0 degree(s)
13:30:08: [INFO] Adding track segment (B.Cu): [(188277500, 73025000), (188277500, 78165000)]
13:30:08: [INFO] Adding track segment (B.Cu): [(188277500, 78165000), (190817500, 80705000)]
13:30:08: [INFO] Routing SW36 with D36
13:30:08: [INFO] Using internal autorouter method
13:30:08: [INFO] Routing pad 'SW36:2' at (169227500, 73025000) with pad 'D36:2' at (171767500, 80705000) using coordinate system rotated by 0 degree(s)
13:30:08: [INFO] Adding track segment (B.Cu): [(169227500, 73025000), (169227500, 78165000)]
13:30:08: [INFO] Adding track segment (B.Cu): [(169227500, 78165000), (171767500, 80705000)]
13:30:08: [INFO] Routing SW35 with D35
13:30:08: [INFO] Using internal autorouter method
13:30:08: [INFO] Routing pad 'SW35:2' at (150177500, 73025000) with pad 'D35:2' at (152717500, 80705000) using coordinate system rotated by 0 degree(s)
13:30:08: [INFO] Adding track segment (B.Cu): [(150177500, 73025000), (150177500, 78165000)]
13:30:08: [INFO] Adding track segment (B.Cu): [(150177500, 78165000), (152717500, 80705000)]
13:30:09: [INFO] Routing SW34 with D34
13:30:09: [INFO] Using internal autorouter method
13:30:09: [INFO] Routing pad 'SW34:2' at (131127500, 73025000) with pad 'D34:2' at (133667500, 80705000) using coordinate system rotated by 0 degree(s)
13:30:09: [INFO] Adding track segment (B.Cu): [(131127500, 73025000), (131127500, 78165000)]
13:30:09: [INFO] Adding track segment (B.Cu): [(131127500, 78165000), (133667500, 80705000)]
13:30:09: [INFO] Routing SW33 with D33
13:30:09: [INFO] Using internal autorouter method
13:30:09: [INFO] Routing pad 'SW33:2' at (112077500, 73025000) with pad 'D33:2' at (114617500, 80705000) using coordinate system rotated by 0 degree(s)
13:30:09: [INFO] Adding track segment (B.Cu): [(112077500, 73025000), (112077500, 78165000)]
13:30:09: [INFO] Adding track segment (B.Cu): [(112077500, 78165000), (114617500, 80705000)]
13:30:09: [INFO] Routing SW32 with D32
13:30:09: [INFO] Using internal autorouter method
13:30:09: [INFO] Routing pad 'SW32:2' at (93027500, 73025000) with pad 'D32:2' at (95567500, 80705000) using coordinate system rotated by 0 degree(s)
13:30:09: [INFO] Adding track segment (B.Cu): [(93027500, 73025000), (93027500, 78165000)]
13:30:09: [INFO] Adding track segment (B.Cu): [(93027500, 78165000), (95567500, 80705000)]
13:30:09: [INFO] Routing SW31 with D31
13:30:09: [INFO] Using internal autorouter method
13:30:09: [INFO] Routing pad 'SW31:2' at (73977500, 73025000) with pad 'D31:2' at (76517500, 80705000) using coordinate system rotated by 0 degree(s)
13:30:09: [INFO] Adding track segment (B.Cu): [(73977500, 73025000), (73977500, 78165000)]
13:30:09: [INFO] Adding track segment (B.Cu): [(73977500, 78165000), (76517500, 80705000)]
13:30:09: [INFO] Routing SW30 with D30
13:30:09: [INFO] Using internal autorouter method
13:30:09: [INFO] Routing pad 'SW30:2' at (47783750, 73025000) with pad 'D30:2' at (50323750, 80705000) using coordinate system rotated by 0 degree(s)
13:30:09: [INFO] Adding track segment (B.Cu): [(47783750, 73025000), (47783750, 78165000)]
13:30:09: [INFO] Adding track segment (B.Cu): [(47783750, 78165000), (50323750, 80705000)]
13:30:09: [INFO] Routing SW29 with D29
13:30:09: [INFO] Using internal autorouter method
13:30:09: [INFO] Routing pad 'SW29:2' at (345440000, 53022500) with pad 'D29:2' at (347980000, 60702500) using coordinate system rotated by 0 degree(s)
13:30:09: [INFO] Adding track segment (B.Cu): [(345440000, 53022500), (345440000, 58162500)]
13:30:09: [INFO] Adding track segment (B.Cu): [(345440000, 58162500), (347980000, 60702500)]
13:30:09: [INFO] Routing SW28 with D28
13:30:09: [INFO] Using internal autorouter method
13:30:09: [INFO] Routing pad 'SW28:2' at (300196250, 53022500) with pad 'D28:2' at (302736250, 60702500) using coordinate system rotated by 0 degree(s)
13:30:09: [INFO] Adding track segment (B.Cu): [(300196250, 53022500), (300196250, 58162500)]
13:30:09: [INFO] Adding track segment (B.Cu): [(300196250, 58162500), (302736250, 60702500)]
13:30:09: [INFO] Routing SW27 with D27
13:30:09: [INFO] Using internal autorouter method
13:30:09: [INFO] Routing pad 'SW27:2' at (269240000, 53022500) with pad 'D27:2' at (271780000, 60702500) using coordinate system rotated by 0 degree(s)
13:30:09: [INFO] Adding track segment (B.Cu): [(269240000, 53022500), (269240000, 58162500)]
13:30:09: [INFO] Adding track segment (B.Cu): [(269240000, 58162500), (271780000, 60702500)]
13:30:09: [INFO] Routing SW26 with D26
13:30:09: [INFO] Using internal autorouter method
13:30:09: [INFO] Routing pad 'SW26:2' at (250190000, 53022500) with pad 'D26:2' at (252730000, 60702500) using coordinate system rotated by 0 degree(s)
13:30:09: [INFO] Adding track segment (B.Cu): [(250190000, 53022500), (250190000, 58162500)]
13:30:09: [INFO] Adding track segment (B.Cu): [(250190000, 58162500), (252730000, 60702500)]
13:30:09: [INFO] Routing SW25 with D25
13:30:09: [INFO] Using internal autorouter method
13:30:09: [INFO] Routing pad 'SW25:2' at (231140000, 53022500) with pad 'D25:2' at (233680000, 60702500) using coordinate system rotated by 0 degree(s)
13:30:09: [INFO] Adding track segment (B.Cu): [(231140000, 53022500), (231140000, 58162500)]
13:30:09: [INFO] Adding track segment (B.Cu): [(231140000, 58162500), (233680000, 60702500)]
13:30:09: [INFO] Routing SW24 with D24
13:30:09: [INFO] Using internal autorouter method
13:30:09: [INFO] Routing pad 'SW24:2' at (212090000, 53022500) with pad 'D24:2' at (214630000, 60702500) using coordinate system rotated by 0 degree(s)
13:30:09: [INFO] Adding track segment (B.Cu): [(212090000, 53022500), (212090000, 58162500)]
13:30:09: [INFO] Adding track segment (B.Cu): [(212090000, 58162500), (214630000, 60702500)]
13:30:09: [INFO] Routing SW23 with D23
13:30:09: [INFO] Using internal autorouter method
13:30:09: [INFO] Routing pad 'SW23:2' at (193040000, 53022500) with pad 'D23:2' at (195580000, 60702500) using coordinate system rotated by 0 degree(s)
13:30:09: [INFO] Adding track segment (B.Cu): [(193040000, 53022500), (193040000, 58162500)]
13:30:09: [INFO] Adding track segment (B.Cu): [(193040000, 58162500), (195580000, 60702500)]
13:30:09: [INFO] Routing SW22 with D22
13:30:09: [INFO] Using internal autorouter method
13:30:09: [INFO] Routing pad 'SW22:2' at (173990000, 53022500) with pad 'D22:2' at (176530000, 60702500) using coordinate system rotated by 0 degree(s)
13:30:09: [INFO] Adding track segment (B.Cu): [(173990000, 53022500), (173990000, 58162500)]
13:30:09: [INFO] Adding track segment (B.Cu): [(173990000, 58162500), (176530000, 60702500)]
13:30:09: [INFO] Routing SW21 with D21
13:30:09: [INFO] Using internal autorouter method
13:30:09: [INFO] Routing pad 'SW21:2' at (154940000, 53022500) with pad 'D21:2' at (157480000, 60702500) using coordinate system rotated by 0 degree(s)
13:30:09: [INFO] Adding track segment (B.Cu): [(154940000, 53022500), (154940000, 58162500)]
13:30:09: [INFO] Adding track segment (B.Cu): [(154940000, 58162500), (157480000, 60702500)]
13:30:09: [INFO] Routing SW20 with D20
13:30:09: [INFO] Using internal autorouter method
13:30:09: [INFO] Routing pad 'SW20:2' at (135890000, 53022500) with pad 'D20:2' at (138430000, 60702500) using coordinate system rotated by 0 degree(s)
13:30:09: [INFO] Adding track segment (B.Cu): [(135890000, 53022500), (135890000, 58162500)]
13:30:09: [INFO] Adding track segment (B.Cu): [(135890000, 58162500), (138430000, 60702500)]
13:30:09: [INFO] Routing SW19 with D19
13:30:09: [INFO] Using internal autorouter method
13:30:09: [INFO] Routing pad 'SW19:2' at (116840000, 53022500) with pad 'D19:2' at (119380000, 60702500) using coordinate system rotated by 0 degree(s)
13:30:09: [INFO] Adding track segment (B.Cu): [(116840000, 53022500), (116840000, 58162500)]
13:30:09: [INFO] Adding track segment (B.Cu): [(116840000, 58162500), (119380000, 60702500)]
13:30:09: [INFO] Routing SW18 with D18
13:30:09: [INFO] Using internal autorouter method
13:30:09: [INFO] Routing pad 'SW18:2' at (97790000, 53022500) with pad 'D18:2' at (100330000, 60702500) using coordinate system rotated by 0 degree(s)
13:30:09: [INFO] Adding track segment (B.Cu): [(97790000, 53022500), (97790000, 58162500)]
13:30:09: [INFO] Adding track segment (B.Cu): [(97790000, 58162500), (100330000, 60702500)]
13:30:09: [INFO] Routing SW17 with D17
13:30:09: [INFO] Using internal autorouter method
13:30:09: [INFO] Routing pad 'SW17:2' at (78740000, 53022500) with pad 'D17:2' at (81280000, 60702500) using coordinate system rotated by 0 degree(s)
13:30:09: [INFO] Adding track segment (B.Cu): [(78740000, 53022500), (78740000, 58162500)]
13:30:09: [INFO] Adding track segment (B.Cu): [(78740000, 58162500), (81280000, 60702500)]
13:30:09: [INFO] Routing SW16 with D16
13:30:09: [INFO] Using internal autorouter method
13:30:09: [INFO] Routing pad 'SW16:2' at (59690000, 53022500) with pad 'D16:2' at (62230000, 60702500) using coordinate system rotated by 0 degree(s)
13:30:09: [INFO] Adding track segment (B.Cu): [(59690000, 53022500), (59690000, 58162500)]
13:30:09: [INFO] Adding track segment (B.Cu): [(59690000, 58162500), (62230000, 60702500)]
13:30:09: [INFO] Routing SW15 with D15
13:30:09: [INFO] Using internal autorouter method
13:30:09: [INFO] Routing pad 'SW15:2' at (40640000, 53022500) with pad 'D15:2' at (43180000, 60702500) using coordinate system rotated by 0 degree(s)
13:30:09: [INFO] Adding track segment (B.Cu): [(40640000, 53022500), (40640000, 58162500)]
13:30:09: [INFO] Adding track segment (B.Cu): [(40640000, 58162500), (43180000, 60702500)]
13:30:09: [INFO] Routing SW14 with D14
13:30:09: [INFO] Using internal autorouter method
13:30:09: [INFO] Routing pad 'SW14:S2' at (340375000, 35600000) with pad 'D14:2' at (330955000, 38200000) using coordinate system rotated by 0 degree(s)
13:30:09: [INFO] Adding track segment (B.Cu): [(340375000, 35600000), (333555000, 35600000)]
13:30:09: [INFO] Adding track segment (B.Cu): [(333555000, 35600000), (330955000, 38200000)]
13:30:09: [INFO] Routing SW13 with D13
13:30:09: [INFO] Using internal autorouter method
13:30:09: [INFO] Routing pad 'SW13:2' at (307340000, 33020000) with pad 'D13:2' at (309880000, 40700000) using coordinate system rotated by 0 degree(s)
13:30:09: [INFO] Adding track segment (B.Cu): [(307340000, 33020000), (307340000, 38160000)]
13:30:09: [INFO] Adding track segment (B.Cu): [(307340000, 38160000), (309880000, 40700000)]
13:30:09: [INFO] Routing SW12 with D12
13:30:09: [INFO] Using internal autorouter method
13:30:09: [INFO] Routing pad 'SW12:2' at (288290000, 33020000) with pad 'D12:2' at (290830000, 40700000) using coordinate system rotated by 0 degree(s)
13:30:09: [INFO] Adding track segment (B.Cu): [(288290000, 33020000), (288290000, 38160000)]
13:30:09: [INFO] Adding track segment (B.Cu): [(288290000, 38160000), (290830000, 40700000)]
13:30:09: [INFO] Routing SW11 with D11
13:30:09: [INFO] Using internal autorouter method
13:30:09: [INFO] Routing pad 'SW11:2' at (269240000, 33020000) with pad 'D11:2' at (271780000, 40700000) using coordinate system rotated by 0 degree(s)
13:30:09: [INFO] Adding track segment (B.Cu): [(269240000, 33020000), (269240000, 38160000)]
13:30:09: [INFO] Adding track segment (B.Cu): [(269240000, 38160000), (271780000, 40700000)]
13:30:09: [INFO] Routing SW10 with D10
13:30:09: [INFO] Using internal autorouter method
13:30:09: [INFO] Routing pad 'SW10:2' at (250190000, 33020000) with pad 'D10:2' at (252730000, 40700000) using coordinate system rotated by 0 degree(s)
13:30:09: [INFO] Adding track segment (B.Cu): [(250190000, 33020000), (250190000, 38160000)]
13:30:09: [INFO] Adding track segment (B.Cu): [(250190000, 38160000), (252730000, 40700000)]
13:30:09: [INFO] Routing SW9 with D9
13:30:09: [INFO] Using internal autorouter method
13:30:09: [INFO] Routing pad 'SW9:2' at (221615000, 33020000) with pad 'D9:2' at (224155000, 40700000) using coordinate system rotated by 0 degree(s)
13:30:09: [INFO] Adding track segment (B.Cu): [(221615000, 33020000), (221615000, 38160000)]
13:30:09: [INFO] Adding track segment (B.Cu): [(221615000, 38160000), (224155000, 40700000)]
13:30:09: [INFO] Routing SW8 with D8
13:30:09: [INFO] Using internal autorouter method
13:30:09: [INFO] Routing pad 'SW8:2' at (202565000, 33020000) with pad 'D8:2' at (205105000, 40700000) using coordinate system rotated by 0 degree(s)
13:30:09: [INFO] Adding track segment (B.Cu): [(202565000, 33020000), (202565000, 38160000)]
13:30:09: [INFO] Adding track segment (B.Cu): [(202565000, 38160000), (205105000, 40700000)]
13:30:09: [INFO] Routing SW7 with D7
13:30:09: [INFO] Using internal autorouter method
13:30:09: [INFO] Routing pad 'SW7:2' at (183515000, 33020000) with pad 'D7:2' at (186055000, 40700000) using coordinate system rotated by 0 degree(s)
13:30:09: [INFO] Adding track segment (B.Cu): [(183515000, 33020000), (183515000, 38160000)]
13:30:09: [INFO] Adding track segment (B.Cu): [(183515000, 38160000), (186055000, 40700000)]
13:30:09: [INFO] Routing SW6 with D6
13:30:09: [INFO] Using internal autorouter method
13:30:09: [INFO] Routing pad 'SW6:2' at (164465000, 33020000) with pad 'D6:2' at (167005000, 40700000) using coordinate system rotated by 0 degree(s)
13:30:09: [INFO] Adding track segment (B.Cu): [(164465000, 33020000), (164465000, 38160000)]
13:30:09: [INFO] Adding track segment (B.Cu): [(164465000, 38160000), (167005000, 40700000)]
13:30:09: [INFO] Routing SW5 with D5
13:30:09: [INFO] Using internal autorouter method
13:30:09: [INFO] Routing pad 'SW5:2' at (135890000, 33020000) with pad 'D5:2' at (138430000, 40700000) using coordinate system rotated by 0 degree(s)
13:30:09: [INFO] Adding track segment (B.Cu): [(135890000, 33020000), (135890000, 38160000)]
13:30:09: [INFO] Adding track segment (B.Cu): [(135890000, 38160000), (138430000, 40700000)]
13:30:09: [INFO] Routing SW4 with D4
13:30:09: [INFO] Using internal autorouter method
13:30:09: [INFO] Routing pad 'SW4:2' at (116840000, 33020000) with pad 'D4:2' at (119380000, 40700000) using coordinate system rotated by 0 degree(s)
13:30:09: [INFO] Adding track segment (B.Cu): [(116840000, 33020000), (116840000, 38160000)]
13:30:09: [INFO] Adding track segment (B.Cu): [(116840000, 38160000), (119380000, 40700000)]
13:30:09: [INFO] Routing SW3 with D3
13:30:09: [INFO] Using internal autorouter method
13:30:09: [INFO] Routing pad 'SW3:2' at (97790000, 33020000) with pad 'D3:2' at (100330000, 40700000) using coordinate system rotated by 0 degree(s)
13:30:09: [INFO] Adding track segment (B.Cu): [(97790000, 33020000), (97790000, 38160000)]
13:30:09: [INFO] Adding track segment (B.Cu): [(97790000, 38160000), (100330000, 40700000)]
13:30:09: [INFO] Routing SW2 with D2
13:30:09: [INFO] Using internal autorouter method
13:30:09: [INFO] Routing pad 'SW2:2' at (78740000, 33020000) with pad 'D2:2' at (81280000, 40700000) using coordinate system rotated by 0 degree(s)
13:30:09: [INFO] Adding track segment (B.Cu): [(78740000, 33020000), (78740000, 38160000)]
13:30:09: [INFO] Adding track segment (B.Cu): [(78740000, 38160000), (81280000, 40700000)]
13:30:09: [INFO] Routing SW1 with D1
13:30:09: [INFO] Using internal autorouter method
13:30:09: [INFO] Routing pad 'SW1:2' at (40640000, 33020000) with pad 'D1:2' at (43180000, 40700000) using coordinate system rotated by 0 degree(s)
13:30:09: [INFO] Adding track segment (B.Cu): [(40640000, 33020000), (40640000, 38160000)]
13:30:09: [INFO] Adding track segment (B.Cu): [(40640000, 38160000), (43180000, 40700000)]
13:30:09: [INFO] Routing COL10 pads
13:30:09: [INFO] Routing pad 'SW55:1' at (243840000, 95567500) with pad 'SW68:1' at (234315000, 115570000) using coordinate system rotated by 0 degree(s)
13:30:09: [INFO] Adding track segment (F.Cu): [(243840000, 95567500), (243840000, 106045000)]
13:30:09: [INFO] Adding track segment (F.Cu): [(243840000, 106045000), (234315000, 115570000)]
13:30:09: [INFO] Routing pad 'SW25:1' at (224790000, 55562500) with pad 'SW40:1' at (239077500, 75565000) using coordinate system rotated by 0 degree(s)
13:30:09: [INFO] Adding track segment (F.Cu): [(224790000, 55562500), (224790000, 61277500)]
13:30:09: [INFO] Adding track segment (F.Cu): [(224790000, 61277500), (239077500, 75565000)]
13:30:09: [INFO] Routing pad 'SW25:1' at (224790000, 55562500) with pad 'SW10:1' at (243840000, 35560000) using coordinate system rotated by 0 degree(s)
13:30:09: [INFO] Routing pad 'SW40:1' at (239077500, 75565000) with pad 'SW55:1' at (243840000, 95567500) using coordinate system rotated by 0 degree(s)
13:30:09: [INFO] Adding track segment (F.Cu): [(239077500, 75565000), (239077500, 90805000)]
13:30:09: [INFO] Adding track segment (F.Cu): [(239077500, 90805000), (243840000, 95567500)]
13:30:09: [INFO] Routing pad 'SW68:1' at (234315000, 115570000) with pad 'SW78:1' at (243840000, 135572500) using coordinate system rotated by 0 degree(s)
13:30:09: [INFO] Adding track segment (F.Cu): [(234315000, 115570000), (234315000, 126047500)]
13:30:09: [INFO] Adding track segment (F.Cu): [(234315000, 126047500), (243840000, 135572500)]
13:30:09: [INFO] Routing ROW2 pads
13:30:09: [INFO] Routing pad 'D30:1' at (50323750, 83505000) with pad 'D31:1' at (76517500, 83505000) using coordinate system rotated by 0 degree(s)
13:30:09: [INFO] Adding track segment (B.Cu): [(50323750, 83505000), (76517500, 83505000)]
13:30:09: [INFO] Routing pad 'D31:1' at (76517500, 83505000) with pad 'D32:1' at (95567500, 83505000) using coordinate system rotated by 0 degree(s)
13:30:09: [INFO] Adding track segment (B.Cu): [(76517500, 83505000), (95567500, 83505000)]
13:30:09: [INFO] Routing pad 'D32:1' at (95567500, 83505000) with pad 'D33:1' at (114617500, 83505000) using coordinate system rotated by 0 degree(s)
13:30:09: [INFO] Adding track segment (B.Cu): [(95567500, 83505000), (114617500, 83505000)]
13:30:09: [INFO] Routing pad 'D33:1' at (114617500, 83505000) with pad 'D34:1' at (133667500, 83505000) using coordinate system rotated by 0 degree(s)
13:30:09: [INFO] Adding track segment (B.Cu): [(114617500, 83505000), (133667500, 83505000)]
13:30:09: [INFO] Routing pad 'D34:1' at (133667500, 83505000) with pad 'D35:1' at (152717500, 83505000) using coordinate system rotated by 0 degree(s)
13:30:09: [INFO] Adding track segment (B.Cu): [(133667500, 83505000), (152717500, 83505000)]
13:30:09: [INFO] Routing pad 'D35:1' at (152717500, 83505000) with pad 'D36:1' at (171767500, 83505000) using coordinate system rotated by 0 degree(s)
13:30:09: [INFO] Adding track segment (B.Cu): [(152717500, 83505000), (171767500, 83505000)]
13:30:09: [INFO] Routing pad 'D36:1' at (171767500, 83505000) with pad 'D37:1' at (190817500, 83505000) using coordinate system rotated by 0 degree(s)
13:30:09: [INFO] Adding track segment (B.Cu): [(171767500, 83505000), (190817500, 83505000)]
13:30:09: [INFO] Routing pad 'D37:1' at (190817500, 83505000) with pad 'D38:1' at (209867500, 83505000) using coordinate system rotated by 0 degree(s)
13:30:09: [INFO] Adding track segment (B.Cu): [(190817500, 83505000), (209867500, 83505000)]
13:30:09: [INFO] Routing pad 'D38:1' at (209867500, 83505000) with pad 'D39:1' at (228917500, 83505000) using coordinate system rotated by 0 degree(s)
13:30:09: [INFO] Adding track segment (B.Cu): [(209867500, 83505000), (228917500, 83505000)]
13:30:09: [INFO] Routing pad 'D39:1' at (228917500, 83505000) with pad 'D40:1' at (247967500, 83505000) using coordinate system rotated by 0 degree(s)
13:30:09: [INFO] Adding track segment (B.Cu): [(228917500, 83505000), (247967500, 83505000)]
13:30:09: [INFO] Routing pad 'D40:1' at (247967500, 83505000) with pad 'D41:1' at (267017500, 83505000) using coordinate system rotated by 0 degree(s)
13:30:09: [INFO] Adding track segment (B.Cu): [(247967500, 83505000), (267017500, 83505000)]
13:30:09: [INFO] Routing pad 'D41:1' at (267017500, 83505000) with pad 'D42:1' at (286067500, 83505000) using coordinate system rotated by 0 degree(s)
13:30:09: [INFO] Adding track segment (B.Cu): [(267017500, 83505000), (286067500, 83505000)]
13:30:09: [INFO] Routing pad 'D42:1' at (286067500, 83505000) with pad 'D43:1' at (309880000, 83505000) using coordinate system rotated by 0 degree(s)
13:30:09: [INFO] Adding track segment (B.Cu): [(286067500, 83505000), (309880000, 83505000)]
13:30:09: [INFO] Routing pad 'D43:1' at (309880000, 83505000) with pad 'D44:1' at (347980000, 83505000) using coordinate system rotated by 0 degree(s)
13:30:09: [INFO] Adding track segment (B.Cu): [(309880000, 83505000), (347980000, 83505000)]
13:30:09: [INFO] Routing COL14 pads
13:30:09: [INFO] Routing pad 'SW29:1' at (339090000, 55562500) with pad 'SW44:1' at (339090000, 75565000) using coordinate system rotated by 0 degree(s)
13:30:09: [INFO] Adding track segment (F.Cu): [(339090000, 55562500), (339090000, 75565000)]
13:30:09: [INFO] Routing pad 'SW44:1' at (339090000, 75565000) with pad 'SW58:1' at (339090000, 95567500) using coordinate system rotated by 0 degree(s)
13:30:09: [INFO] Adding track segment (F.Cu): [(339090000, 75565000), (339090000, 95567500)]
13:30:09: [INFO] Routing pad 'SW58:1' at (339090000, 95567500) with pad 'SW72:1' at (339090000, 115570000) using coordinate system rotated by 0 degree(s)
13:30:09: [INFO] Adding track segment (F.Cu): [(339090000, 95567500), (339090000, 115570000)]
13:30:09: [INFO] Routing pad 'SW72:1' at (339090000, 115570000) with pad 'SW82:1' at (339090000, 135572500) using coordinate system rotated by 0 degree(s)
13:30:09: [INFO] Adding track segment (F.Cu): [(339090000, 115570000), (339090000, 135572500)]
13:30:09: [INFO] Routing ROW5 pads
13:30:09: [INFO] Routing pad 'D73:1' at (47942500, 143512500) with pad 'D74:1' at (74136250, 143512500) using coordinate system rotated by 0 degree(s)
13:30:09: [INFO] Adding track segment (B.Cu): [(47942500, 143512500), (74136250, 143512500)]
13:30:09: [INFO] Routing pad 'D74:1' at (74136250, 143512500) with pad 'D75:1' at (97948750, 143512500) using coordinate system rotated by 0 degree(s)
13:30:09: [INFO] Adding track segment (B.Cu): [(74136250, 143512500), (97948750, 143512500)]
13:30:09: [INFO] Routing pad 'D75:1' at (97948750, 143512500) with pad 'D76:1' at (167005000, 143512500) using coordinate system rotated by 0 degree(s)
13:30:09: [INFO] Adding track segment (B.Cu): [(97948750, 143512500), (167005000, 143512500)]
13:30:09: [INFO] Routing pad 'D76:1' at (167005000, 143512500) with pad 'D77:1' at (233680000, 143512500) using coordinate system rotated by 0 degree(s)
13:30:09: [INFO] Adding track segment (B.Cu): [(167005000, 143512500), (233680000, 143512500)]
13:30:09: [INFO] Routing pad 'D77:1' at (233680000, 143512500) with pad 'D78:1' at (252730000, 143512500) using coordinate system rotated by 0 degree(s)
13:30:09: [INFO] Adding track segment (B.Cu): [(233680000, 143512500), (252730000, 143512500)]
13:30:09: [INFO] Routing pad 'D78:1' at (252730000, 143512500) with pad 'D79:1' at (274161250, 143512500) using coordinate system rotated by 0 degree(s)
13:30:09: [INFO] Adding track segment (B.Cu): [(252730000, 143512500), (274161250, 143512500)]
13:30:10: [INFO] Routing pad 'D79:1' at (274161250, 143512500) with pad 'D80:1' at (300355000, 143512500) using coordinate system rotated by 0 degree(s)
13:30:10: [INFO] Adding track segment (B.Cu): [(274161250, 143512500), (300355000, 143512500)]
13:30:10: [INFO] Routing pad 'D80:1' at (300355000, 143512500) with pad 'D81:1' at (324167500, 143512500) using coordinate system rotated by 0 degree(s)
13:30:10: [INFO] Adding track segment (B.Cu): [(300355000, 143512500), (324167500, 143512500)]
13:30:10: [INFO] Routing pad 'D81:1' at (324167500, 143512500) with pad 'D82:1' at (347980000, 143512500) using coordinate system rotated by 0 degree(s)
13:30:10: [INFO] Adding track segment (B.Cu): [(324167500, 143512500), (347980000, 143512500)]
13:30:10: [INFO] Routing COL13 pads
13:30:10: [INFO] Routing pad 'SW43:1' at (300990000, 75565000) with pad 'SW57:1' at (293846250, 95567500) using coordinate system rotated by 0 degree(s)
13:30:10: [INFO] Adding track segment (F.Cu): [(300990000, 75565000), (300990000, 88423750)]
13:30:10: [INFO] Adding track segment (F.Cu): [(300990000, 88423750), (293846250, 95567500)]
13:30:10: [INFO] Routing pad 'SW28:1' at (293846250, 55562500) with pad 'SW13:1' at (300990000, 35560000) using coordinate system rotated by 0 degree(s)
13:30:10: [INFO] Adding track segment (F.Cu): [(293846250, 55562500), (300990000, 48418750)]
13:30:10: [INFO] Adding track segment (F.Cu): [(300990000, 48418750), (300990000, 35560000)]
13:30:10: [INFO] Routing pad 'SW28:1' at (293846250, 55562500) with pad 'SW43:1' at (300990000, 75565000) using coordinate system rotated by 0 degree(s)
13:30:10: [INFO] Adding track segment (F.Cu): [(293846250, 55562500), (293846250, 68421250)]
13:30:10: [INFO] Adding track segment (F.Cu): [(293846250, 68421250), (300990000, 75565000)]
13:30:10: [INFO] Routing pad 'SW57:1' at (293846250, 95567500) with pad 'SW71:1' at (315277500, 115570000) using coordinate system rotated by 0 degree(s)
13:30:10: [INFO] Routing pad 'SW71:1' at (315277500, 115570000) with pad 'SW81:1' at (315277500, 135572500) using coordinate system rotated by 0 degree(s)
13:30:10: [INFO] Adding track segment (F.Cu): [(315277500, 115570000), (315277500, 135572500)]
13:30:10: [INFO] Routing ROW1 pads
13:30:10: [INFO] Routing pad 'D15:1' at (43180000, 63502500) with pad 'D16:1' at (62230000, 63502500) using coordinate system rotated by 0 degree(s)
13:30:10: [INFO] Adding track segment (B.Cu): [(43180000, 63502500), (62230000, 63502500)]
13:30:10: [INFO] Routing pad 'D16:1' at (62230000, 63502500) with pad 'D17:1' at (81280000, 63502500) using coordinate system rotated by 0 degree(s)
13:30:10: [INFO] Adding track segment (B.Cu): [(62230000, 63502500), (81280000, 63502500)]
13:30:10: [INFO] Routing pad 'D17:1' at (81280000, 63502500) with pad 'D18:1' at (100330000, 63502500) using coordinate system rotated by 0 degree(s)
13:30:10: [INFO] Adding track segment (B.Cu): [(81280000, 63502500), (100330000, 63502500)]
13:30:10: [INFO] Routing pad 'D18:1' at (100330000, 63502500) with pad 'D19:1' at (119380000, 63502500) using coordinate system rotated by 0 degree(s)
13:30:10: [INFO] Adding track segment (B.Cu): [(100330000, 63502500), (119380000, 63502500)]
13:30:10: [INFO] Routing pad 'D19:1' at (119380000, 63502500) with pad 'D20:1' at (138430000, 63502500) using coordinate system rotated by 0 degree(s)
13:30:10: [INFO] Adding track segment (B.Cu): [(119380000, 63502500), (138430000, 63502500)]
13:30:10: [INFO] Routing pad 'D20:1' at (138430000, 63502500) with pad 'D21:1' at (157480000, 63502500) using coordinate system rotated by 0 degree(s)
13:30:10: [INFO] Adding track segment (B.Cu): [(138430000, 63502500), (157480000, 63502500)]
13:30:10: [INFO] Routing pad 'D21:1' at (157480000, 63502500) with pad 'D22:1' at (176530000, 63502500) using coordinate system rotated by 0 degree(s)
13:30:10: [INFO] Adding track segment (B.Cu): [(157480000, 63502500), (176530000, 63502500)]
13:30:10: [INFO] Routing pad 'D22:1' at (176530000, 63502500) with pad 'D23:1' at (195580000, 63502500) using coordinate system rotated by 0 degree(s)
13:30:10: [INFO] Adding track segment (B.Cu): [(176530000, 63502500), (195580000, 63502500)]
13:30:10: [INFO] Routing pad 'D23:1' at (195580000, 63502500) with pad 'D24:1' at (214630000, 63502500) using coordinate system rotated by 0 degree(s)
13:30:10: [INFO] Adding track segment (B.Cu): [(195580000, 63502500), (214630000, 63502500)]
13:30:10: [INFO] Routing pad 'D24:1' at (214630000, 63502500) with pad 'D25:1' at (233680000, 63502500) using coordinate system rotated by 0 degree(s)
13:30:10: [INFO] Adding track segment (B.Cu): [(214630000, 63502500), (233680000, 63502500)]
13:30:10: [INFO] Routing pad 'D25:1' at (233680000, 63502500) with pad 'D26:1' at (252730000, 63502500) using coordinate system rotated by 0 degree(s)
13:30:10: [INFO] Adding track segment (B.Cu): [(233680000, 63502500), (252730000, 63502500)]
13:30:10: [INFO] Routing pad 'D26:1' at (252730000, 63502500) with pad 'D27:1' at (271780000, 63502500) using coordinate system rotated by 0 degree(s)
13:30:10: [INFO] Adding track segment (B.Cu): [(252730000, 63502500), (271780000, 63502500)]
13:30:10: [INFO] Routing pad 'D27:1' at (271780000, 63502500) with pad 'D28:1' at (302736250, 63502500) using coordinate system rotated by 0 degree(s)
13:30:10: [INFO] Adding track segment (B.Cu): [(271780000, 63502500), (302736250, 63502500)]
13:30:10: [INFO] Routing pad 'D28:1' at (302736250, 63502500) with pad 'D29:1' at (347980000, 63502500) using coordinate system rotated by 0 degree(s)
13:30:10: [INFO] Adding track segment (B.Cu): [(302736250, 63502500), (347980000, 63502500)]
13:30:10: [INFO] Routing COL7 pads
13:30:10: [INFO] Routing pad 'SW22:1' at (167640000, 55562500) with pad 'SW7:1' at (177165000, 35560000) using coordinate system rotated by 0 degree(s)
13:30:10: [INFO] Adding track segment (F.Cu): [(167640000, 55562500), (177165000, 46037500)]
13:30:10: [INFO] Adding track segment (F.Cu): [(177165000, 46037500), (177165000, 35560000)]
13:30:10: [INFO] Routing pad 'SW52:1' at (186690000, 95567500) with pad 'SW65:1' at (177165000, 115570000) using coordinate system rotated by 0 degree(s)
13:30:10: [INFO] Adding track segment (F.Cu): [(186690000, 95567500), (186690000, 106045000)]
13:30:10: [INFO] Adding track segment (F.Cu): [(186690000, 106045000), (177165000, 115570000)]
13:30:10: [INFO] Routing pad 'SW22:1' at (167640000, 55562500) with pad 'SW37:1' at (181927500, 75565000) using coordinate system rotated by 0 degree(s)
13:30:10: [INFO] Adding track segment (F.Cu): [(167640000, 55562500), (167640000, 61277500)]
13:30:10: [INFO] Adding track segment (F.Cu): [(167640000, 61277500), (181927500, 75565000)]
13:30:10: [INFO] Routing pad 'SW37:1' at (181927500, 75565000) with pad 'SW52:1' at (186690000, 95567500) using coordinate system rotated by 0 degree(s)
13:30:10: [INFO] Adding track segment (F.Cu): [(181927500, 75565000), (181927500, 90805000)]
13:30:10: [INFO] Adding track segment (F.Cu): [(181927500, 90805000), (186690000, 95567500)]
13:30:10: [INFO] Routing COL15 pads
13:30:10: [INFO] Routing COL6 pads
13:30:10: [INFO] Routing pad 'SW21:1' at (148590000, 55562500) with pad 'SW6:1' at (158115000, 35560000) using coordinate system rotated by 0 degree(s)
13:30:10: [INFO] Adding track segment (F.Cu): [(148590000, 55562500), (158115000, 46037500)]
13:30:10: [INFO] Adding track segment (F.Cu): [(158115000, 46037500), (158115000, 35560000)]
13:30:10: [INFO] Routing pad 'SW51:1' at (167640000, 95567500) with pad 'SW64:1' at (158115000, 115570000) using coordinate system rotated by 0 degree(s)
13:30:10: [INFO] Adding track segment (F.Cu): [(167640000, 95567500), (167640000, 106045000)]
13:30:10: [INFO] Adding track segment (F.Cu): [(167640000, 106045000), (158115000, 115570000)]
13:30:10: [INFO] Routing pad 'SW64:1' at (158115000, 115570000) with pad 'SW76:1' at (158115000, 135572500) using coordinate system rotated by 0 degree(s)
13:30:10: [INFO] Adding track segment (F.Cu): [(158115000, 115570000), (158115000, 135572500)]
13:30:10: [INFO] Routing pad 'SW21:1' at (148590000, 55562500) with pad 'SW36:1' at (162877500, 75565000) using coordinate system rotated by 0 degree(s)
13:30:10: [INFO] Adding track segment (F.Cu): [(148590000, 55562500), (148590000, 61277500)]
13:30:10: [INFO] Adding track segment (F.Cu): [(148590000, 61277500), (162877500, 75565000)]
13:30:10: [INFO] Routing pad 'SW36:1' at (162877500, 75565000) with pad 'SW51:1' at (167640000, 95567500) using coordinate system rotated by 0 degree(s)
13:30:10: [INFO] Adding track segment (F.Cu): [(162877500, 75565000), (162877500, 90805000)]
13:30:10: [INFO] Adding track segment (F.Cu): [(162877500, 90805000), (167640000, 95567500)]
13:30:10: [INFO] Routing COL5 pads
13:30:10: [INFO] Routing pad 'SW5:1' at (129540000, 35560000) with pad 'SW20:1' at (129540000, 55562500) using coordinate system rotated by 0 degree(s)
13:30:10: [INFO] Adding track segment (F.Cu): [(129540000, 35560000), (129540000, 55562500)]
13:30:10: [INFO] Routing pad 'SW50:1' at (148590000, 95567500) with pad 'SW63:1' at (139065000, 115570000) using coordinate system rotated by 0 degree(s)
13:30:10: [INFO] Adding track segment (F.Cu): [(148590000, 95567500), (148590000, 106045000)]
13:30:10: [INFO] Adding track segment (F.Cu): [(148590000, 106045000), (139065000, 115570000)]
13:30:10: [INFO] Routing pad 'SW20:1' at (129540000, 55562500) with pad 'SW35:1' at (143827500, 75565000) using coordinate system rotated by 0 degree(s)
13:30:10: [INFO] Adding track segment (F.Cu): [(129540000, 55562500), (129540000, 61277500)]
13:30:10: [INFO] Adding track segment (F.Cu): [(129540000, 61277500), (143827500, 75565000)]
13:30:10: [INFO] Routing pad 'SW35:1' at (143827500, 75565000) with pad 'SW50:1' at (148590000, 95567500) using coordinate system rotated by 0 degree(s)
13:30:10: [INFO] Adding track segment (F.Cu): [(143827500, 75565000), (143827500, 90805000)]
13:30:10: [INFO] Adding track segment (F.Cu): [(143827500, 90805000), (148590000, 95567500)]
13:30:10: [INFO] Routing COL8 pads
13:30:10: [INFO] Routing pad 'SW23:1' at (186690000, 55562500) with pad 'SW8:1' at (196215000, 35560000) using coordinate system rotated by 0 degree(s)
13:30:10: [INFO] Adding track segment (F.Cu): [(186690000, 55562500), (196215000, 46037500)]
13:30:10: [INFO] Adding track segment (F.Cu): [(196215000, 46037500), (196215000, 35560000)]
13:30:10: [INFO] Routing pad 'SW53:1' at (205740000, 95567500) with pad 'SW66:1' at (196215000, 115570000) using coordinate system rotated by 0 degree(s)
13:30:10: [INFO] Adding track segment (F.Cu): [(205740000, 95567500), (205740000, 106045000)]
13:30:10: [INFO] Adding track segment (F.Cu): [(205740000, 106045000), (196215000, 115570000)]
13:30:10: [INFO] Routing pad 'SW23:1' at (186690000, 55562500) with pad 'SW38:1' at (200977500, 75565000) using coordinate system rotated by 0 degree(s)
13:30:10: [INFO] Adding track segment (F.Cu): [(186690000, 55562500), (186690000, 61277500)]
13:30:10: [INFO] Adding track segment (F.Cu): [(186690000, 61277500), (200977500, 75565000)]
13:30:10: [INFO] Routing pad 'SW38:1' at (200977500, 75565000) with pad 'SW53:1' at (205740000, 95567500) using coordinate system rotated by 0 degree(s)
13:30:10: [INFO] Adding track segment (F.Cu): [(200977500, 75565000), (200977500, 90805000)]
13:30:10: [INFO] Adding track segment (F.Cu): [(200977500, 90805000), (205740000, 95567500)]
13:30:10: [INFO] Routing ROW4 pads
13:30:10: [INFO] Routing pad 'D59:1' at (57467500, 123510000) with pad 'D60:1' at (90805000, 123510000) using coordinate system rotated by 0 degree(s)
13:30:10: [INFO] Adding track segment (B.Cu): [(57467500, 123510000), (90805000, 123510000)]
13:30:10: [INFO] Routing pad 'D60:1' at (90805000, 123510000) with pad 'D61:1' at (109855000, 123510000) using coordinate system rotated by 0 degree(s)
13:30:10: [INFO] Adding track segment (B.Cu): [(90805000, 123510000), (109855000, 123510000)]
13:30:10: [INFO] Routing pad 'D61:1' at (109855000, 123510000) with pad 'D62:1' at (128905000, 123510000) using coordinate system rotated by 0 degree(s)
13:30:10: [INFO] Adding track segment (B.Cu): [(109855000, 123510000), (128905000, 123510000)]
13:30:10: [INFO] Routing pad 'D62:1' at (128905000, 123510000) with pad 'D63:1' at (147955000, 123510000) using coordinate system rotated by 0 degree(s)
13:30:10: [INFO] Adding track segment (B.Cu): [(128905000, 123510000), (147955000, 123510000)]
13:30:10: [INFO] Routing pad 'D63:1' at (147955000, 123510000) with pad 'D64:1' at (167005000, 123510000) using coordinate system rotated by 0 degree(s)
13:30:10: [INFO] Adding track segment (B.Cu): [(147955000, 123510000), (167005000, 123510000)]
13:30:10: [INFO] Routing pad 'D64:1' at (167005000, 123510000) with pad 'D65:1' at (186055000, 123510000) using coordinate system rotated by 0 degree(s)
13:30:10: [INFO] Adding track segment (B.Cu): [(167005000, 123510000), (186055000, 123510000)]
13:30:10: [INFO] Routing pad 'D65:1' at (186055000, 123510000) with pad 'D66:1' at (205105000, 123510000) using coordinate system rotated by 0 degree(s)
13:30:10: [INFO] Adding track segment (B.Cu): [(186055000, 123510000), (205105000, 123510000)]
13:30:10: [INFO] Routing pad 'D66:1' at (205105000, 123510000) with pad 'D67:1' at (224155000, 123510000) using coordinate system rotated by 0 degree(s)
13:30:10: [INFO] Adding track segment (B.Cu): [(205105000, 123510000), (224155000, 123510000)]
13:30:10: [INFO] Routing pad 'D67:1' at (224155000, 123510000) with pad 'D68:1' at (243205000, 123510000) using coordinate system rotated by 0 degree(s)
13:30:10: [INFO] Adding track segment (B.Cu): [(224155000, 123510000), (243205000, 123510000)]
13:30:10: [INFO] Routing pad 'D68:1' at (243205000, 123510000) with pad 'D69:1' at (262255000, 123510000) using coordinate system rotated by 0 degree(s)
13:30:10: [INFO] Adding track segment (B.Cu): [(243205000, 123510000), (262255000, 123510000)]
13:30:10: [INFO] Routing pad 'D69:1' at (262255000, 123510000) with pad 'D70:1' at (288448750, 123510000) using coordinate system rotated by 0 degree(s)
13:30:10: [INFO] Adding track segment (B.Cu): [(262255000, 123510000), (288448750, 123510000)]
13:30:10: [INFO] Routing pad 'D70:1' at (288448750, 123510000) with pad 'D71:1' at (324167500, 123510000) using coordinate system rotated by 0 degree(s)
13:30:10: [INFO] Adding track segment (B.Cu): [(288448750, 123510000), (324167500, 123510000)]
13:30:10: [INFO] Routing pad 'D71:1' at (324167500, 123510000) with pad 'D72:1' at (347980000, 123510000) using coordinate system rotated by 0 degree(s)
13:30:10: [INFO] Adding track segment (B.Cu): [(324167500, 123510000), (347980000, 123510000)]
13:30:10: [INFO] Routing COL1 pads
13:30:10: [INFO] Routing pad 'SW46:1' at (72390000, 95567500) with pad 'SW74:1' at (65246250, 135572500) using coordinate system rotated by 0 degree(s)
13:30:10: [INFO] Adding track segment (F.Cu): [(72390000, 95567500), (72390000, 128428750)]
13:30:10: [INFO] Adding track segment (F.Cu): [(72390000, 128428750), (65246250, 135572500)]
13:30:10: [INFO] Routing pad 'SW16:1' at (53340000, 55562500) with pad 'SW31:1' at (67627500, 75565000) using coordinate system rotated by 0 degree(s)
13:30:10: [INFO] Adding track segment (F.Cu): [(53340000, 55562500), (53340000, 61277500)]
13:30:10: [INFO] Adding track segment (F.Cu): [(53340000, 61277500), (67627500, 75565000)]
13:30:10: [INFO] Routing pad 'SW31:1' at (67627500, 75565000) with pad 'SW46:1' at (72390000, 95567500) using coordinate system rotated by 0 degree(s)
13:30:10: [INFO] Adding track segment (F.Cu): [(67627500, 75565000), (67627500, 90805000)]
13:30:10: [INFO] Adding track segment (F.Cu): [(67627500, 90805000), (72390000, 95567500)]
13:30:10: [INFO] Routing COL9 pads
13:30:10: [INFO] Routing pad 'SW24:1' at (205740000, 55562500) with pad 'SW9:1' at (215265000, 35560000) using coordinate system rotated by 0 degree(s)
13:30:10: [INFO] Adding track segment (F.Cu): [(205740000, 55562500), (215265000, 46037500)]
13:30:10: [INFO] Adding track segment (F.Cu): [(215265000, 46037500), (215265000, 35560000)]
13:30:10: [INFO] Routing pad 'SW54:1' at (224790000, 95567500) with pad 'SW67:1' at (215265000, 115570000) using coordinate system rotated by 0 degree(s)
13:30:10: [INFO] Adding track segment (F.Cu): [(224790000, 95567500), (224790000, 106045000)]
13:30:10: [INFO] Adding track segment (F.Cu): [(224790000, 106045000), (215265000, 115570000)]
13:30:10: [INFO] Routing pad 'SW24:1' at (205740000, 55562500) with pad 'SW39:1' at (220027500, 75565000) using coordinate system rotated by 0 degree(s)
13:30:10: [INFO] Adding track segment (F.Cu): [(205740000, 55562500), (205740000, 61277500)]
13:30:10: [INFO] Adding track segment (F.Cu): [(205740000, 61277500), (220027500, 75565000)]
13:30:10: [INFO] Routing pad 'SW39:1' at (220027500, 75565000) with pad 'SW54:1' at (224790000, 95567500) using coordinate system rotated by 0 degree(s)
13:30:10: [INFO] Adding track segment (F.Cu): [(220027500, 75565000), (220027500, 90805000)]
13:30:10: [INFO] Adding track segment (F.Cu): [(220027500, 90805000), (224790000, 95567500)]
13:30:10: [INFO] Routing pad 'SW67:1' at (215265000, 115570000) with pad 'SW77:1' at (224790000, 135572500) using coordinate system rotated by 0 degree(s)
13:30:10: [INFO] Adding track segment (F.Cu): [(215265000, 115570000), (215265000, 126047500)]
13:30:10: [INFO] Adding track segment (F.Cu): [(215265000, 126047500), (224790000, 135572500)]
13:30:10: [INFO] Routing COL0 pads
13:30:10: [INFO] Routing pad 'SW1:1' at (34290000, 35560000) with pad 'SW15:1' at (34290000, 55562500) using coordinate system rotated by 0 degree(s)
13:30:10: [INFO] Adding track segment (F.Cu): [(34290000, 35560000), (34290000, 55562500)]
13:30:10: [INFO] Routing pad 'SW59:1' at (48577500, 115570000) with pad 'SW73:1' at (39052500, 135572500) using coordinate system rotated by 0 degree(s)
13:30:10: [INFO] Adding track segment (F.Cu): [(48577500, 115570000), (48577500, 126047500)]
13:30:10: [INFO] Adding track segment (F.Cu): [(48577500, 126047500), (39052500, 135572500)]
13:30:10: [INFO] Routing pad 'SW15:1' at (34290000, 55562500) with pad 'SW30:1' at (41433750, 75565000) using coordinate system rotated by 0 degree(s)
13:30:10: [INFO] Adding track segment (F.Cu): [(34290000, 55562500), (34290000, 68421250)]
13:30:10: [INFO] Adding track segment (F.Cu): [(34290000, 68421250), (41433750, 75565000)]
13:30:10: [INFO] Routing pad 'SW30:1' at (41433750, 75565000) with pad 'SW45:1' at (43815000, 95567500) using coordinate system rotated by 0 degree(s)
13:30:10: [INFO] Adding track segment (F.Cu): [(41433750, 75565000), (41433750, 93186250)]
13:30:10: [INFO] Adding track segment (F.Cu): [(41433750, 93186250), (43815000, 95567500)]
13:30:10: [INFO] Routing pad 'SW45:1' at (43815000, 95567500) with pad 'SW59:1' at (48577500, 115570000) using coordinate system rotated by 0 degree(s)
13:30:10: [INFO] Adding track segment (F.Cu): [(43815000, 95567500), (43815000, 110807500)]
13:30:10: [INFO] Adding track segment (F.Cu): [(43815000, 110807500), (48577500, 115570000)]
13:30:10: [INFO] Routing COL4 pads
13:30:10: [INFO] Routing pad 'SW4:1' at (110490000, 35560000) with pad 'SW19:1' at (110490000, 55562500) using coordinate system rotated by 0 degree(s)
13:30:10: [INFO] Adding track segment (F.Cu): [(110490000, 35560000), (110490000, 55562500)]
13:30:10: [INFO] Routing pad 'SW49:1' at (129540000, 95567500) with pad 'SW62:1' at (120015000, 115570000) using coordinate system rotated by 0 degree(s)
13:30:10: [INFO] Adding track segment (F.Cu): [(129540000, 95567500), (129540000, 106045000)]
13:30:10: [INFO] Adding track segment (F.Cu): [(129540000, 106045000), (120015000, 115570000)]
13:30:10: [INFO] Routing pad 'SW19:1' at (110490000, 55562500) with pad 'SW34:1' at (124777500, 75565000) using coordinate system rotated by 0 degree(s)
13:30:11: [INFO] Adding track segment (F.Cu): [(110490000, 55562500), (110490000, 61277500)]
13:30:11: [INFO] Adding track segment (F.Cu): [(110490000, 61277500), (124777500, 75565000)]
13:30:11: [INFO] Routing pad 'SW34:1' at (124777500, 75565000) with pad 'SW49:1' at (129540000, 95567500) using coordinate system rotated by 0 degree(s)
13:30:11: [INFO] Adding track segment (F.Cu): [(124777500, 75565000), (124777500, 90805000)]
13:30:11: [INFO] Adding track segment (F.Cu): [(124777500, 90805000), (129540000, 95567500)]
13:30:11: [INFO] Routing COL11 pads
13:30:11: [INFO] Routing pad 'SW56:1' at (262890000, 95567500) with pad 'SW69:1' at (253365000, 115570000) using coordinate system rotated by 0 degree(s)
13:30:11: [INFO] Adding track segment (F.Cu): [(262890000, 95567500), (262890000, 106045000)]
13:30:11: [INFO] Adding track segment (F.Cu): [(262890000, 106045000), (253365000, 115570000)]
13:30:11: [INFO] Routing pad 'SW26:1' at (243840000, 55562500) with pad 'SW41:1' at (258127500, 75565000) using coordinate system rotated by 0 degree(s)
13:30:11: [INFO] Adding track segment (F.Cu): [(243840000, 55562500), (243840000, 61277500)]
13:30:11: [INFO] Adding track segment (F.Cu): [(243840000, 61277500), (258127500, 75565000)]
13:30:11: [INFO] Routing pad 'SW26:1' at (243840000, 55562500) with pad 'SW11:1' at (262890000, 35560000) using coordinate system rotated by 0 degree(s)
13:30:11: [INFO] Routing pad 'SW41:1' at (258127500, 75565000) with pad 'SW56:1' at (262890000, 95567500) using coordinate system rotated by 0 degree(s)
13:30:11: [INFO] Adding track segment (F.Cu): [(258127500, 75565000), (258127500, 90805000)]
13:30:11: [INFO] Adding track segment (F.Cu): [(258127500, 90805000), (262890000, 95567500)]
13:30:11: [INFO] Routing pad 'SW69:1' at (253365000, 115570000) with pad 'SW79:1' at (265271250, 135572500) using coordinate system rotated by 0 degree(s)
13:30:11: [INFO] Adding track segment (F.Cu): [(253365000, 115570000), (253365000, 123666250)]
13:30:11: [INFO] Adding track segment (F.Cu): [(253365000, 123666250), (265271250, 135572500)]
13:30:11: [INFO] Routing COL12 pads
13:30:11: [INFO] Routing pad 'SW27:1' at (262890000, 55562500) with pad 'SW42:1' at (277177500, 75565000) using coordinate system rotated by 0 degree(s)
13:30:11: [INFO] Adding track segment (F.Cu): [(262890000, 55562500), (262890000, 61277500)]
13:30:11: [INFO] Adding track segment (F.Cu): [(262890000, 61277500), (277177500, 75565000)]
13:30:11: [INFO] Routing pad 'SW42:1' at (277177500, 75565000) with pad 'SW70:1' at (279558750, 115570000) using coordinate system rotated by 0 degree(s)
13:30:11: [INFO] Adding track segment (F.Cu): [(277177500, 75565000), (277177500, 113188750)]
13:30:11: [INFO] Adding track segment (F.Cu): [(277177500, 113188750), (279558750, 115570000)]
13:30:11: [INFO] Routing pad 'SW27:1' at (262890000, 55562500) with pad 'SW12:1' at (281940000, 35560000) using coordinate system rotated by 0 degree(s)
13:30:11: [INFO] Routing pad 'SW70:1' at (279558750, 115570000) with pad 'SW80:1' at (291465000, 135572500) using coordinate system rotated by 0 degree(s)
13:30:11: [INFO] Adding track segment (F.Cu): [(279558750, 115570000), (279558750, 123666250)]
13:30:11: [INFO] Adding track segment (F.Cu): [(279558750, 123666250), (291465000, 135572500)]
13:30:11: [INFO] Routing ROW3 pads
13:30:11: [INFO] Routing pad 'D45:1' at (52705000, 103507500) with pad 'D46:1' at (81280000, 103507500) using coordinate system rotated by 0 degree(s)
13:30:11: [INFO] Adding track segment (B.Cu): [(52705000, 103507500), (81280000, 103507500)]
13:30:11: [INFO] Routing pad 'D46:1' at (81280000, 103507500) with pad 'D47:1' at (100330000, 103507500) using coordinate system rotated by 0 degree(s)
13:30:11: [INFO] Adding track segment (B.Cu): [(81280000, 103507500), (100330000, 103507500)]
13:30:11: [INFO] Routing pad 'D47:1' at (100330000, 103507500) with pad 'D48:1' at (119380000, 103507500) using coordinate system rotated by 0 degree(s)
13:30:11: [INFO] Adding track segment (B.Cu): [(100330000, 103507500), (119380000, 103507500)]
13:30:11: [INFO] Routing pad 'D48:1' at (119380000, 103507500) with pad 'D49:1' at (138430000, 103507500) using coordinate system rotated by 0 degree(s)
13:30:11: [INFO] Adding track segment (B.Cu): [(119380000, 103507500), (138430000, 103507500)]
13:30:11: [INFO] Routing pad 'D49:1' at (138430000, 103507500) with pad 'D50:1' at (157480000, 103507500) using coordinate system rotated by 0 degree(s)
13:30:11: [INFO] Adding track segment (B.Cu): [(138430000, 103507500), (157480000, 103507500)]
13:30:11: [INFO] Routing pad 'D50:1' at (157480000, 103507500) with pad 'D51:1' at (176530000, 103507500) using coordinate system rotated by 0 degree(s)
13:30:11: [INFO] Adding track segment (B.Cu): [(157480000, 103507500), (176530000, 103507500)]
13:30:11: [INFO] Routing pad 'D51:1' at (176530000, 103507500) with pad 'D52:1' at (195580000, 103507500) using coordinate system rotated by 0 degree(s)
13:30:11: [INFO] Adding track segment (B.Cu): [(176530000, 103507500), (195580000, 103507500)]
13:30:11: [INFO] Routing pad 'D52:1' at (195580000, 103507500) with pad 'D53:1' at (214630000, 103507500) using coordinate system rotated by 0 degree(s)
13:30:11: [INFO] Adding track segment (B.Cu): [(195580000, 103507500), (214630000, 103507500)]
13:30:11: [INFO] Routing pad 'D53:1' at (214630000, 103507500) with pad 'D54:1' at (233680000, 103507500) using coordinate system rotated by 0 degree(s)
13:30:11: [INFO] Adding track segment (B.Cu): [(214630000, 103507500), (233680000, 103507500)]
13:30:11: [INFO] Routing pad 'D54:1' at (233680000, 103507500) with pad 'D55:1' at (252730000, 103507500) using coordinate system rotated by 0 degree(s)
13:30:11: [INFO] Adding track segment (B.Cu): [(233680000, 103507500), (252730000, 103507500)]
13:30:11: [INFO] Routing pad 'D55:1' at (252730000, 103507500) with pad 'D56:1' at (271780000, 103507500) using coordinate system rotated by 0 degree(s)
13:30:11: [INFO] Adding track segment (B.Cu): [(252730000, 103507500), (271780000, 103507500)]
13:30:11: [INFO] Routing pad 'D56:1' at (271780000, 103507500) with pad 'D57:1' at (302736250, 103507500) using coordinate system rotated by 0 degree(s)
13:30:11: [INFO] Adding track segment (B.Cu): [(271780000, 103507500), (302736250, 103507500)]
13:30:11: [INFO] Routing pad 'D57:1' at (302736250, 103507500) with pad 'D58:1' at (347980000, 103507500) using coordinate system rotated by 0 degree(s)
13:30:11: [INFO] Adding track segment (B.Cu): [(302736250, 103507500), (347980000, 103507500)]
13:30:11: [INFO] Routing COL2 pads
13:30:11: [INFO] Routing pad 'SW2:1' at (72390000, 35560000) with pad 'SW17:1' at (72390000, 55562500) using coordinate system rotated by 0 degree(s)
13:30:11: [INFO] Adding track segment (F.Cu): [(72390000, 35560000), (72390000, 55562500)]
13:30:11: [INFO] Routing pad 'SW47:1' at (91440000, 95567500) with pad 'SW60:1' at (81915000, 115570000) using coordinate system rotated by 0 degree(s)
13:30:11: [INFO] Adding track segment (F.Cu): [(91440000, 95567500), (91440000, 106045000)]
13:30:11: [INFO] Adding track segment (F.Cu): [(91440000, 106045000), (81915000, 115570000)]
13:30:11: [INFO] Routing pad 'SW17:1' at (72390000, 55562500) with pad 'SW32:1' at (86677500, 75565000) using coordinate system rotated by 0 degree(s)
13:30:11: [INFO] Adding track segment (F.Cu): [(72390000, 55562500), (72390000, 61277500)]
13:30:11: [INFO] Adding track segment (F.Cu): [(72390000, 61277500), (86677500, 75565000)]
13:30:11: [INFO] Routing pad 'SW60:1' at (81915000, 115570000) with pad 'SW75:1' at (89058750, 135572500) using coordinate system rotated by 0 degree(s)
13:30:11: [INFO] Adding track segment (F.Cu): [(81915000, 115570000), (81915000, 128428750)]
13:30:11: [INFO] Adding track segment (F.Cu): [(81915000, 128428750), (89058750, 135572500)]
13:30:11: [INFO] Routing pad 'SW32:1' at (86677500, 75565000) with pad 'SW47:1' at (91440000, 95567500) using coordinate system rotated by 0 degree(s)
13:30:11: [INFO] Adding track segment (F.Cu): [(86677500, 75565000), (86677500, 90805000)]
13:30:11: [INFO] Adding track segment (F.Cu): [(86677500, 90805000), (91440000, 95567500)]
13:30:11: [INFO] Routing ROW0 pads
13:30:11: [INFO] Routing pad 'D1:1' at (43180000, 43500000) with pad 'D2:1' at (81280000, 43500000) using coordinate system rotated by 0 degree(s)
13:30:11: [INFO] Adding track segment (B.Cu): [(43180000, 43500000), (81280000, 43500000)]
13:30:11: [INFO] Routing pad 'D2:1' at (81280000, 43500000) with pad 'D3:1' at (100330000, 43500000) using coordinate system rotated by 0 degree(s)
13:30:11: [INFO] Adding track segment (B.Cu): [(81280000, 43500000), (100330000, 43500000)]
13:30:11: [INFO] Routing pad 'D3:1' at (100330000, 43500000) with pad 'D4:1' at (119380000, 43500000) using coordinate system rotated by 0 degree(s)
13:30:11: [INFO] Adding track segment (B.Cu): [(100330000, 43500000), (119380000, 43500000)]
13:30:11: [INFO] Routing pad 'D4:1' at (119380000, 43500000) with pad 'D5:1' at (138430000, 43500000) using coordinate system rotated by 0 degree(s)
13:30:11: [INFO] Adding track segment (B.Cu): [(119380000, 43500000), (138430000, 43500000)]
13:30:11: [INFO] Routing pad 'D5:1' at (138430000, 43500000) with pad 'D6:1' at (167005000, 43500000) using coordinate system rotated by 0 degree(s)
13:30:11: [INFO] Adding track segment (B.Cu): [(138430000, 43500000), (167005000, 43500000)]
13:30:11: [INFO] Routing pad 'D6:1' at (167005000, 43500000) with pad 'D7:1' at (186055000, 43500000) using coordinate system rotated by 0 degree(s)
13:30:11: [INFO] Adding track segment (B.Cu): [(167005000, 43500000), (186055000, 43500000)]
13:30:11: [INFO] Routing pad 'D7:1' at (186055000, 43500000) with pad 'D8:1' at (205105000, 43500000) using coordinate system rotated by 0 degree(s)
13:30:11: [INFO] Adding track segment (B.Cu): [(186055000, 43500000), (205105000, 43500000)]
13:30:11: [INFO] Routing pad 'D8:1' at (205105000, 43500000) with pad 'D9:1' at (224155000, 43500000) using coordinate system rotated by 0 degree(s)
13:30:11: [INFO] Adding track segment (B.Cu): [(205105000, 43500000), (224155000, 43500000)]
13:30:11: [INFO] Routing pad 'D9:1' at (224155000, 43500000) with pad 'D10:1' at (252730000, 43500000) using coordinate system rotated by 0 degree(s)
13:30:11: [INFO] Adding track segment (B.Cu): [(224155000, 43500000), (252730000, 43500000)]
13:30:11: [INFO] Routing pad 'D10:1' at (252730000, 43500000) with pad 'D11:1' at (271780000, 43500000) using coordinate system rotated by 0 degree(s)
13:30:11: [INFO] Adding track segment (B.Cu): [(252730000, 43500000), (271780000, 43500000)]
13:30:11: [INFO] Routing pad 'D11:1' at (271780000, 43500000) with pad 'D12:1' at (290830000, 43500000) using coordinate system rotated by 0 degree(s)
13:30:11: [INFO] Adding track segment (B.Cu): [(271780000, 43500000), (290830000, 43500000)]
13:30:11: [INFO] Routing pad 'D12:1' at (290830000, 43500000) with pad 'D13:1' at (309880000, 43500000) using coordinate system rotated by 0 degree(s)
13:30:11: [INFO] Adding track segment (B.Cu): [(290830000, 43500000), (309880000, 43500000)]
13:30:11: [INFO] Routing pad 'D13:1' at (309880000, 43500000) with pad 'D14:1' at (330955000, 41000000) using coordinate system rotated by 0 degree(s)
13:30:11: [INFO] Adding track segment (B.Cu): [(309880000, 43500000), (328455000, 43500000)]
13:30:11: [INFO] Adding track segment (B.Cu): [(328455000, 43500000), (330955000, 41000000)]
13:30:11: [INFO] Routing COL3 pads
13:30:11: [INFO] Routing pad 'SW3:1' at (91440000, 35560000) with pad 'SW18:1' at (91440000, 55562500) using coordinate system rotated by 0 degree(s)
13:30:11: [INFO] Adding track segment (F.Cu): [(91440000, 35560000), (91440000, 55562500)]
13:30:11: [INFO] Routing pad 'SW48:1' at (110490000, 95567500) with pad 'SW61:1' at (100965000, 115570000) using coordinate system rotated by 0 degree(s)
13:30:11: [INFO] Adding track segment (F.Cu): [(110490000, 95567500), (110490000, 106045000)]
13:30:11: [INFO] Adding track segment (F.Cu): [(110490000, 106045000), (100965000, 115570000)]
13:30:11: [INFO] Routing pad 'SW18:1' at (91440000, 55562500) with pad 'SW33:1' at (105727500, 75565000) using coordinate system rotated by 0 degree(s)
13:30:11: [INFO] Adding track segment (F.Cu): [(91440000, 55562500), (91440000, 61277500)]
13:30:11: [INFO] Adding track segment (F.Cu): [(91440000, 61277500), (105727500, 75565000)]
13:30:11: [INFO] Routing pad 'SW33:1' at (105727500, 75565000) with pad 'SW48:1' at (110490000, 95567500) using coordinate system rotated by 0 degree(s)
13:30:11: [INFO] Adding track segment (F.Cu): [(105727500, 75565000), (105727500, 90805000)]
13:30:11: [INFO] Adding track segment (F.Cu): [(105727500, 90805000), (110490000, 95567500)]
13:30:11: [INFO] Removing dangling tracks
