=== kbplacer.kle_serial ===
=== layout2image.py ===
=== kbplacer ===
13:33:29: [INFO] User layout: https://editor.keyboard-tools.xyz/#share=NrDeCIA9wLgAgGwDoBMBWAvgGjuADFiuDhNPAOxLmY7hqHgC6WAUGFLHGqvbgJ6cAtHiQAOatlwEAzMTilOARiR5J+LIrkL43CbXqaSHeMtX6ss5m21xRPWgPjCxeqVjxbjcaVRq56HlbsjnDO4n7qonLq5NEECJ5kcCLoagRocVgALIlKyq502dH0GUE2yOgOQiLSBYoMRkmUBQgMZV7clfzVLhH1so1KKmr1hvIdvmqtYzamUxZMrOxJdl3gIWF17rnwPi3b7Rsi4SNYUbT1sRdYCYPwKX1YGdc5d3CK+RGtr7itpUvlezdJw1AooBrjJqTWjkNoAiZrI69NTggaQoZmXDgmYTAqwnFJOYwhbtFZA9Y9E60cEeN57CKwwLwwlVEHI6lYK7okw8FFPaLgn6zT5qWE-cCw-7WLwVXgUtm1CLSCE2ZoRURw6VJTpypFU3DKtGzYa0ZUEzi6dUaHbvE24DWWZmcVa6ykFZW07neaH2g7wvXus7RZVc8DK25eh5qZXPA1FN4fH3gDXijVS5YW3ys0IiRRrADGnHAAGIAIblivgNRZBa0GtEN7IAoATgh4Fbjq1nDV2ecBRr5vgWSTrc07QATpxpARcOOks2s7OQsO1klnIienLC-AS+Q9-vogALTgoat+6WTpzT2hzpTcOXj5dIOVrnwbpwocnH+Cn2itwKMEAA
13:33:29: [INFO] Labels prefixes: for rows: 'ROW', for columns: 'COL'
13:33:29: [INFO] Matrix size: 9x8
13:33:30: [INFO] Add COL0 net
13:33:30: [INFO] Add COL1 net
13:33:30: [INFO] Add COL2 net
13:33:30: [INFO] Add COL3 net
13:33:30: [INFO] Add COL4 net
13:33:30: [INFO] Add COL5 net
13:33:30: [INFO] Add COL6 net
13:33:30: [INFO] Add COL7 net
13:33:30: [INFO] Add COL8 net
13:33:30: [INFO] Add Net-(D1-A) net
13:33:30: [INFO] Add Net-(D10-A) net
13:33:30: [INFO] Add Net-(D11-A) net
13:33:30: [INFO] Add Net-(D12-A) net
13:33:30: [INFO] Add Net-(D13-A) net
13:33:30: [INFO] Add Net-(D14-A) net
13:33:30: [INFO] Add Net-(D15-A) net
13:33:30: [INFO] Add Net-(D16-A) net
13:33:30: [INFO] Add Net-(D17-A) net
13:33:30: [INFO] Add Net-(D18-A) net
13:33:30: [INFO] Add Net-(D19-A) net
13:33:30: [INFO] Add Net-(D2-A) net
13:33:30: [INFO] Add Net-(D20-A) net
13:33:30: [INFO] Add Net-(D21-A) net
13:33:30: [INFO] Add Net-(D22-A) net
13:33:30: [INFO] Add Net-(D23-A) net
13:33:30: [INFO] Add Net-(D24-A) net
13:33:30: [INFO] Add Net-(D25-A) net
13:33:30: [INFO] Add Net-(D26-A) net
13:33:30: [INFO] Add Net-(D27-A) net
13:33:30: [INFO] Add Net-(D28-A) net
13:33:30: [INFO] Add Net-(D29-A) net
13:33:30: [INFO] Add Net-(D3-A) net
13:33:30: [INFO] Add Net-(D30-A) net
13:33:30: [INFO] Add Net-(D31-A) net
13:33:30: [INFO] Add Net-(D32-A) net
13:33:30: [INFO] Add Net-(D33-A) net
13:33:30: [INFO] Add Net-(D34-A) net
13:33:30: [INFO] Add Net-(D35-A) net
13:33:30: [INFO] Add Net-(D36-A) net
13:33:30: [INFO] Add Net-(D37-A) net
13:33:30: [INFO] Add Net-(D38-A) net
13:33:30: [INFO] Add Net-(D39-A) net
13:33:30: [INFO] Add Net-(D4-A) net
13:33:30: [INFO] Add Net-(D40-A) net
13:33:30: [INFO] Add Net-(D41-A) net
13:33:30: [INFO] Add Net-(D42-A) net
13:33:30: [INFO] Add Net-(D43-A) net
13:33:30: [INFO] Add Net-(D44-A) net
13:33:30: [INFO] Add Net-(D45-A) net
13:33:30: [INFO] Add Net-(D46-A) net
13:33:30: [INFO] Add Net-(D47-A) net
13:33:30: [INFO] Add Net-(D48-A) net
13:33:30: [INFO] Add Net-(D49-A) net
13:33:30: [INFO] Add Net-(D5-A) net
13:33:30: [INFO] Add Net-(D50-A) net
13:33:30: [INFO] Add Net-(D51-A) net
13:33:30: [INFO] Add Net-(D52-A) net
13:33:30: [INFO] Add Net-(D53-A) net
13:33:30: [INFO] Add Net-(D54-A) net
13:33:30: [INFO] Add Net-(D55-A) net
13:33:30: [INFO] Add Net-(D56-A) net
13:33:30: [INFO] Add Net-(D57-A) net
13:33:30: [INFO] Add Net-(D58-A) net
13:33:30: [INFO] Add Net-(D59-A) net
13:33:30: [INFO] Add Net-(D6-A) net
13:33:30: [INFO] Add Net-(D60-A) net
13:33:30: [INFO] Add Net-(D61-A) net
13:33:30: [INFO] Add Net-(D62-A) net
13:33:30: [INFO] Add Net-(D63-A) net
13:33:30: [INFO] Add Net-(D64-A) net
13:33:30: [INFO] Add Net-(D65-A) net
13:33:30: [INFO] Add Net-(D66-A) net
13:33:30: [INFO] Add Net-(D7-A) net
13:33:30: [INFO] Add Net-(D8-A) net
13:33:30: [INFO] Add Net-(D9-A) net
13:33:30: [INFO] Add ROW0 net
13:33:30: [INFO] Add ROW1 net
13:33:30: [INFO] Add ROW2 net
13:33:30: [INFO] Add ROW3 net
13:33:30: [INFO] Add ROW4 net
13:33:30: [INFO] Add ROW5 net
13:33:30: [INFO] Add ROW6 net
13:33:30: [INFO] Add ROW7 net
13:33:30: [INFO] Add ROW8 net
13:33:30: [INFO] Add ROW9 net
13:33:30: [INFO] Add SW1 footprint
13:33:30: [INFO] Add D1 footprint
13:33:30: [INFO] Add SW2 footprint
13:33:30: [INFO] Add D2 footprint
13:33:30: [INFO] Add SW3 footprint
13:33:30: [INFO] Add D3 footprint
13:33:30: [INFO] Add SW4 footprint
13:33:30: [INFO] Add D4 footprint
13:33:30: [INFO] Add SW5 footprint
13:33:30: [INFO] Add D5 footprint
13:33:30: [INFO] Add SW6 footprint
13:33:30: [INFO] Add D6 footprint
13:33:30: [INFO] Add SW7 footprint
13:33:30: [INFO] Add D7 footprint
13:33:30: [INFO] Add SW8 footprint
13:33:30: [INFO] Add D8 footprint
13:33:30: [INFO] Add SW9 footprint
13:33:30: [INFO] Add D9 footprint
13:33:30: [INFO] Add SW10 footprint
13:33:31: [INFO] Add D10 footprint
13:33:31: [INFO] Add SW11 footprint
13:33:31: [INFO] Add D11 footprint
13:33:31: [INFO] Add SW12 footprint
13:33:31: [INFO] Add D12 footprint
13:33:31: [INFO] Add SW13 footprint
13:33:31: [INFO] Add D13 footprint
13:33:31: [INFO] Add SW14 footprint
13:33:31: [INFO] Add D14 footprint
13:33:31: [INFO] Add SW15 footprint
13:33:31: [INFO] Add D15 footprint
13:33:31: [INFO] Add SW16 footprint
13:33:31: [INFO] Add D16 footprint
13:33:31: [INFO] Add SW17 footprint
13:33:31: [INFO] Add D17 footprint
13:33:31: [INFO] Add SW18 footprint
13:33:31: [INFO] Add D18 footprint
13:33:31: [INFO] Add SW19 footprint
13:33:31: [INFO] Add D19 footprint
13:33:31: [INFO] Add SW20 footprint
13:33:31: [INFO] Add D20 footprint
13:33:31: [INFO] Add SW21 footprint
13:33:31: [INFO] Add D21 footprint
13:33:31: [INFO] Add SW22 footprint
13:33:31: [INFO] Add D22 footprint
13:33:31: [INFO] Add SW23 footprint
13:33:31: [INFO] Add D23 footprint
13:33:31: [INFO] Add SW24 footprint
13:33:31: [INFO] Add D24 footprint
13:33:31: [INFO] Add SW25 footprint
13:33:31: [INFO] Add D25 footprint
13:33:31: [INFO] Add SW26 footprint
13:33:32: [INFO] Add D26 footprint
13:33:32: [INFO] Add SW27 footprint
13:33:32: [INFO] Add D27 footprint
13:33:32: [INFO] Add SW28 footprint
13:33:32: [INFO] Add D28 footprint
13:33:32: [INFO] Add SW29 footprint
13:33:32: [INFO] Add D29 footprint
13:33:32: [INFO] Add SW30 footprint
13:33:32: [INFO] Add D30 footprint
13:33:32: [INFO] Add SW31 footprint
13:33:32: [INFO] Add D31 footprint
13:33:32: [INFO] Add SW32 footprint
13:33:32: [INFO] Add D32 footprint
13:33:32: [INFO] Add SW33 footprint
13:33:32: [INFO] Add D33 footprint
13:33:32: [INFO] Add SW34 footprint
13:33:32: [INFO] Add D34 footprint
13:33:32: [INFO] Add SW35 footprint
13:33:32: [INFO] Add D35 footprint
13:33:32: [INFO] Add ST35 footprint
13:33:32: [INFO] Add SW36 footprint
13:33:32: [INFO] Add D36 footprint
13:33:32: [INFO] Add SW37 footprint
13:33:32: [INFO] Add D37 footprint
13:33:32: [INFO] Add SW38 footprint
13:33:32: [INFO] Add D38 footprint
13:33:32: [INFO] Add SW39 footprint
13:33:32: [INFO] Add D39 footprint
13:33:32: [INFO] Add SW40 footprint
13:33:32: [INFO] Add D40 footprint
13:33:32: [INFO] Add SW41 footprint
13:33:33: [INFO] Add D41 footprint
13:33:33: [INFO] Add SW42 footprint
13:33:33: [INFO] Add D42 footprint
13:33:33: [INFO] Add SW43 footprint
13:33:33: [INFO] Add D43 footprint
13:33:33: [INFO] Add SW44 footprint
13:33:33: [INFO] Add D44 footprint
13:33:33: [INFO] Add SW45 footprint
13:33:33: [INFO] Add D45 footprint
13:33:33: [INFO] Add SW46 footprint
13:33:33: [INFO] Add D46 footprint
13:33:33: [INFO] Add SW47 footprint
13:33:33: [INFO] Add D47 footprint
13:33:33: [INFO] Add SW48 footprint
13:33:33: [INFO] Add D48 footprint
13:33:33: [INFO] Add SW49 footprint
13:33:33: [INFO] Add D49 footprint
13:33:33: [INFO] Add SW50 footprint
13:33:33: [INFO] Add D50 footprint
13:33:33: [INFO] Add SW51 footprint
13:33:33: [INFO] Add D51 footprint
13:33:33: [INFO] Add SW52 footprint
13:33:33: [INFO] Add D52 footprint
13:33:33: [INFO] Add SW53 footprint
13:33:33: [INFO] Add D53 footprint
13:33:33: [INFO] Add SW54 footprint
13:33:33: [INFO] Add D54 footprint
13:33:33: [INFO] Add SW55 footprint
13:33:33: [INFO] Add D55 footprint
13:33:33: [INFO] Add SW56 footprint
13:33:33: [INFO] Add D56 footprint
13:33:33: [INFO] Add SW57 footprint
13:33:34: [INFO] Add D57 footprint
13:33:34: [INFO] Add SW58 footprint
13:33:34: [INFO] Add D58 footprint
13:33:34: [INFO] Add SW59 footprint
13:33:34: [INFO] Add D59 footprint
13:33:34: [INFO] Add SW60 footprint
13:33:34: [INFO] Add D60 footprint
13:33:34: [INFO] Add SW61 footprint
13:33:34: [INFO] Add D61 footprint
13:33:34: [INFO] Add SW62 footprint
13:33:34: [INFO] Add D62 footprint
13:33:34: [INFO] Add SW63 footprint
13:33:34: [INFO] Add D63 footprint
13:33:34: [INFO] Add ST63 footprint
13:33:34: [INFO] Add SW64 footprint
13:33:34: [INFO] Add D64 footprint
13:33:34: [INFO] Add SW65 footprint
13:33:34: [INFO] Add D65 footprint
13:33:34: [INFO] Add SW66 footprint
13:33:34: [INFO] Add D66 footprint
13:33:34: [INFO] Detected layout convertible to matrix annotated keyboard
13:33:34: [INFO] Using key 1U distance: (19.05, 19.05) mm
13:33:34: [INFO] Layout offset: (23812500, 28575000)
13:33:34: [INFO] Diode info: [ElementInfo(annotation_format='D{}', position_option=<PositionOption.CUSTOM: 'Custom'>, position=ElementPosition(x=5.08, y=4.0, orientation=90.0, side=<Side.BACK: 'Back'>), template_path='', start_index=-1)]
13:33:34: [INFO] Placing additional elements for SW66
13:33:34: [INFO] Placing additional elements for SW65
13:33:34: [INFO] Placing additional elements for SW64
13:33:34: [INFO] Placing additional elements for SW63
13:33:34: [INFO] Placing additional elements for SW62
13:33:34: [INFO] Placing additional elements for SW61
13:33:34: [INFO] Placing additional elements for SW60
13:33:34: [INFO] Placing additional elements for SW59
13:33:34: [INFO] Placing additional elements for SW58
13:33:34: [INFO] Placing additional elements for SW57
13:33:34: [INFO] Placing additional elements for SW56
13:33:34: [INFO] Placing additional elements for SW55
13:33:34: [INFO] Placing additional elements for SW54
13:33:34: [INFO] Placing additional elements for SW53
13:33:34: [INFO] Placing additional elements for SW52
13:33:34: [INFO] Placing additional elements for SW51
13:33:34: [INFO] Placing additional elements for SW50
13:33:34: [INFO] Placing additional elements for SW49
13:33:34: [INFO] Placing additional elements for SW48
13:33:34: [INFO] Placing additional elements for SW47
13:33:34: [INFO] Placing additional elements for SW46
13:33:34: [INFO] Placing additional elements for SW45
13:33:34: [INFO] Placing additional elements for SW44
13:33:34: [INFO] Placing additional elements for SW43
13:33:34: [INFO] Placing additional elements for SW42
13:33:34: [INFO] Placing additional elements for SW41
13:33:34: [INFO] Placing additional elements for SW40
13:33:34: [INFO] Placing additional elements for SW39
13:33:34: [INFO] Placing additional elements for SW38
13:33:34: [INFO] Placing additional elements for SW37
13:33:34: [INFO] Placing additional elements for SW36
13:33:34: [INFO] Placing additional elements for SW35
13:33:34: [INFO] Placing additional elements for SW34
13:33:34: [INFO] Placing additional elements for SW33
13:33:34: [INFO] Placing additional elements for SW32
13:33:34: [INFO] Placing additional elements for SW31
13:33:34: [INFO] Placing additional elements for SW30
13:33:34: [INFO] Placing additional elements for SW29
13:33:34: [INFO] Placing additional elements for SW28
13:33:34: [INFO] Placing additional elements for SW27
13:33:34: [INFO] Placing additional elements for SW26
13:33:34: [INFO] Placing additional elements for SW25
13:33:34: [INFO] Placing additional elements for SW24
13:33:34: [INFO] Placing additional elements for SW23
13:33:34: [INFO] Placing additional elements for SW22
13:33:34: [INFO] Placing additional elements for SW21
13:33:34: [INFO] Placing additional elements for SW20
13:33:34: [INFO] Placing additional elements for SW19
13:33:34: [INFO] Placing additional elements for SW18
13:33:34: [INFO] Placing additional elements for SW17
13:33:34: [INFO] Placing additional elements for SW16
13:33:34: [INFO] Placing additional elements for SW15
13:33:34: [INFO] Placing additional elements for SW14
13:33:34: [INFO] Placing additional elements for SW13
13:33:34: [INFO] Placing additional elements for SW12
13:33:34: [INFO] Placing additional elements for SW11
13:33:34: [INFO] Placing additional elements for SW10
13:33:34: [INFO] Placing additional elements for SW9
13:33:34: [INFO] Placing additional elements for SW8
13:33:34: [INFO] Placing additional elements for SW7
13:33:34: [INFO] Placing additional elements for SW6
13:33:34: [INFO] Placing additional elements for SW5
13:33:34: [INFO] Placing additional elements for SW4
13:33:34: [INFO] Placing additional elements for SW3
13:33:34: [INFO] Placing additional elements for SW2
13:33:34: [INFO] Placing additional elements for SW1
13:33:34: [INFO] Routing SW66 with D66
13:33:34: [INFO] Using internal autorouter method
13:33:34: [INFO] Routing pad 'SW66:2' at (331152500, 113982500) with pad 'D66:2' at (333692500, 121662500) using coordinate system rotated by 0 degree(s)
13:33:34: [INFO] Adding track segment (B.Cu): [(331152500, 113982500), (331152500, 119122500)]
13:33:34: [INFO] Adding track segment (B.Cu): [(331152500, 119122500), (333692500, 121662500)]
13:33:34: [INFO] Routing SW65 with D65
13:33:34: [INFO] Using internal autorouter method
13:33:34: [INFO] Routing pad 'SW65:2' at (312102500, 113982500) with pad 'D65:2' at (314642500, 121662500) using coordinate system rotated by 0 degree(s)
13:33:34: [INFO] Adding track segment (B.Cu): [(312102500, 113982500), (312102500, 119122500)]
13:33:34: [INFO] Adding track segment (B.Cu): [(312102500, 119122500), (314642500, 121662500)]
13:33:34: [INFO] Routing SW64 with D64
13:33:34: [INFO] Using internal autorouter method
13:33:34: [INFO] Routing pad 'SW64:2' at (293052500, 118745000) with pad 'D64:2' at (295592500, 126425000) using coordinate system rotated by 0 degree(s)
13:33:34: [INFO] Adding track segment (B.Cu): [(293052500, 118745000), (293052500, 123885000)]
13:33:34: [INFO] Adding track segment (B.Cu): [(293052500, 123885000), (295592500, 126425000)]
13:33:34: [INFO] Routing SW63 with D63
13:33:34: [INFO] Using internal autorouter method
13:33:34: [INFO] Routing pad 'SW63:2' at (261472049, 114202111) with pad 'D63:2' at (267511753, 119583185) using coordinate system rotated by 330.0 degree(s)
13:33:34: [INFO] Adding track segment (B.Cu): [(261472049, 114202111), (264042047, 118653480)]
13:33:34: [INFO] Adding track segment (B.Cu): [(264042047, 118653480), (267511753, 119583185)]
13:33:34: [INFO] Routing SW62 with D62
13:33:34: [INFO] Using internal autorouter method
13:33:34: [INFO] Routing pad 'SW62:2' at (378777500, 97313750) with pad 'D62:2' at (381317500, 104993750) using coordinate system rotated by 0 degree(s)
13:33:34: [INFO] Adding track segment (B.Cu): [(378777500, 97313750), (378777500, 102453750)]
13:33:34: [INFO] Adding track segment (B.Cu): [(378777500, 102453750), (381317500, 104993750)]
13:33:34: [INFO] Routing SW61 with D61
13:33:34: [INFO] Using internal autorouter method
13:33:34: [INFO] Routing pad 'SW61:2' at (359727500, 97313750) with pad 'D61:2' at (362267500, 104993750) using coordinate system rotated by 0 degree(s)
13:33:34: [INFO] Adding track segment (B.Cu): [(359727500, 97313750), (359727500, 102453750)]
13:33:34: [INFO] Adding track segment (B.Cu): [(359727500, 102453750), (362267500, 104993750)]
13:33:34: [INFO] Routing SW60 with D60
13:33:34: [INFO] Using internal autorouter method
13:33:34: [INFO] Routing pad 'SW60:2' at (340677500, 92551250) with pad 'D60:2' at (343217500, 100231250) using coordinate system rotated by 0 degree(s)
13:33:34: [INFO] Adding track segment (B.Cu): [(340677500, 92551250), (340677500, 97691250)]
13:33:34: [INFO] Adding track segment (B.Cu): [(340677500, 97691250), (343217500, 100231250)]
13:33:34: [INFO] Routing SW59 with D59
13:33:34: [INFO] Using internal autorouter method
13:33:34: [INFO] Routing pad 'SW59:2' at (321627500, 90170000) with pad 'D59:2' at (324167500, 97850000) using coordinate system rotated by 0 degree(s)
13:33:34: [INFO] Adding track segment (B.Cu): [(321627500, 90170000), (321627500, 95310000)]
13:33:34: [INFO] Adding track segment (B.Cu): [(321627500, 95310000), (324167500, 97850000)]
13:33:34: [INFO] Routing SW58 with D58
13:33:34: [INFO] Using internal autorouter method
13:33:34: [INFO] Routing pad 'SW58:2' at (302577500, 92551250) with pad 'D58:2' at (305117500, 100231250) using coordinate system rotated by 0 degree(s)
13:33:34: [INFO] Adding track segment (B.Cu): [(302577500, 92551250), (302577500, 97691250)]
13:33:34: [INFO] Adding track segment (B.Cu): [(302577500, 97691250), (305117500, 100231250)]
13:33:34: [INFO] Routing SW57 with D57
13:33:34: [INFO] Using internal autorouter method
13:33:34: [INFO] Routing pad 'SW57:2' at (283527500, 94932500) with pad 'D57:2' at (286067500, 102612500) using coordinate system rotated by 0 degree(s)
13:33:34: [INFO] Adding track segment (B.Cu): [(283527500, 94932500), (283527500, 100072500)]
13:33:34: [INFO] Adding track segment (B.Cu): [(283527500, 100072500), (286067500, 102612500)]
13:33:34: [INFO] Routing SW56 with D56
13:33:34: [INFO] Using internal autorouter method
13:33:34: [INFO] Routing pad 'SW56:2' at (378777500, 78263750) with pad 'D56:2' at (381317500, 85943750) using coordinate system rotated by 0 degree(s)
13:33:34: [INFO] Adding track segment (B.Cu): [(378777500, 78263750), (378777500, 83403750)]
13:33:34: [INFO] Adding track segment (B.Cu): [(378777500, 83403750), (381317500, 85943750)]
13:33:34: [INFO] Routing SW55 with D55
13:33:34: [INFO] Using internal autorouter method
13:33:34: [INFO] Routing pad 'SW55:2' at (359727500, 78263750) with pad 'D55:2' at (362267500, 85943750) using coordinate system rotated by 0 degree(s)
13:33:34: [INFO] Adding track segment (B.Cu): [(359727500, 78263750), (359727500, 83403750)]
13:33:34: [INFO] Adding track segment (B.Cu): [(359727500, 83403750), (362267500, 85943750)]
13:33:34: [INFO] Routing SW54 with D54
13:33:34: [INFO] Using internal autorouter method
13:33:34: [INFO] Routing pad 'SW54:2' at (340677500, 73501250) with pad 'D54:2' at (343217500, 81181250) using coordinate system rotated by 0 degree(s)
13:33:34: [INFO] Adding track segment (B.Cu): [(340677500, 73501250), (340677500, 78641250)]
13:33:34: [INFO] Adding track segment (B.Cu): [(340677500, 78641250), (343217500, 81181250)]
13:33:34: [INFO] Routing SW53 with D53
13:33:34: [INFO] Using internal autorouter method
13:33:34: [INFO] Routing pad 'SW53:2' at (321627500, 71120000) with pad 'D53:2' at (324167500, 78800000) using coordinate system rotated by 0 degree(s)
13:33:34: [INFO] Adding track segment (B.Cu): [(321627500, 71120000), (321627500, 76260000)]
13:33:34: [INFO] Adding track segment (B.Cu): [(321627500, 76260000), (324167500, 78800000)]
13:33:34: [INFO] Routing SW52 with D52
13:33:34: [INFO] Using internal autorouter method
13:33:34: [INFO] Routing pad 'SW52:2' at (302577500, 73501250) with pad 'D52:2' at (305117500, 81181250) using coordinate system rotated by 0 degree(s)
13:33:34: [INFO] Adding track segment (B.Cu): [(302577500, 73501250), (302577500, 78641250)]
13:33:34: [INFO] Adding track segment (B.Cu): [(302577500, 78641250), (305117500, 81181250)]
13:33:34: [INFO] Routing SW51 with D51
13:33:34: [INFO] Using internal autorouter method
13:33:34: [INFO] Routing pad 'SW51:2' at (283527500, 75882500) with pad 'D51:2' at (286067500, 83562500) using coordinate system rotated by 0 degree(s)
13:33:34: [INFO] Adding track segment (B.Cu): [(283527500, 75882500), (283527500, 81022500)]
13:33:34: [INFO] Adding track segment (B.Cu): [(283527500, 81022500), (286067500, 83562500)]
13:33:34: [INFO] Routing SW50 with D50
13:33:34: [INFO] Using internal autorouter method
13:33:34: [INFO] Routing pad 'SW50:2' at (378777500, 59213750) with pad 'D50:2' at (381317500, 66893750) using coordinate system rotated by 0 degree(s)
13:33:34: [INFO] Adding track segment (B.Cu): [(378777500, 59213750), (378777500, 64353750)]
13:33:34: [INFO] Adding track segment (B.Cu): [(378777500, 64353750), (381317500, 66893750)]
13:33:34: [INFO] Routing SW49 with D49
13:33:34: [INFO] Using internal autorouter method
13:33:34: [INFO] Routing pad 'SW49:2' at (359727500, 59213750) with pad 'D49:2' at (362267500, 66893750) using coordinate system rotated by 0 degree(s)
13:33:34: [INFO] Adding track segment (B.Cu): [(359727500, 59213750), (359727500, 64353750)]
13:33:34: [INFO] Adding track segment (B.Cu): [(359727500, 64353750), (362267500, 66893750)]
13:33:34: [INFO] Routing SW48 with D48
13:33:34: [INFO] Using internal autorouter method
13:33:34: [INFO] Routing pad 'SW48:2' at (340677500, 54451250) with pad 'D48:2' at (343217500, 62131250) using coordinate system rotated by 0 degree(s)
13:33:34: [INFO] Adding track segment (B.Cu): [(340677500, 54451250), (340677500, 59591250)]
13:33:34: [INFO] Adding track segment (B.Cu): [(340677500, 59591250), (343217500, 62131250)]
13:33:34: [INFO] Routing SW47 with D47
13:33:34: [INFO] Using internal autorouter method
13:33:34: [INFO] Routing pad 'SW47:2' at (321627500, 52070000) with pad 'D47:2' at (324167500, 59750000) using coordinate system rotated by 0 degree(s)
13:33:34: [INFO] Adding track segment (B.Cu): [(321627500, 52070000), (321627500, 57210000)]
13:33:34: [INFO] Adding track segment (B.Cu): [(321627500, 57210000), (324167500, 59750000)]
13:33:34: [INFO] Routing SW46 with D46
13:33:34: [INFO] Using internal autorouter method
13:33:34: [INFO] Routing pad 'SW46:2' at (302577500, 54451250) with pad 'D46:2' at (305117500, 62131250) using coordinate system rotated by 0 degree(s)
13:33:34: [INFO] Adding track segment (B.Cu): [(302577500, 54451250), (302577500, 59591250)]
13:33:34: [INFO] Adding track segment (B.Cu): [(302577500, 59591250), (305117500, 62131250)]
13:33:34: [INFO] Routing SW45 with D45
13:33:34: [INFO] Using internal autorouter method
13:33:34: [INFO] Routing pad 'SW45:2' at (283527500, 56832500) with pad 'D45:2' at (286067500, 64512500) using coordinate system rotated by 0 degree(s)
13:33:34: [INFO] Adding track segment (B.Cu): [(283527500, 56832500), (283527500, 61972500)]
13:33:34: [INFO] Adding track segment (B.Cu): [(283527500, 61972500), (286067500, 64512500)]
13:33:34: [INFO] Routing SW44 with D44
13:33:34: [INFO] Using internal autorouter method
13:33:34: [INFO] Routing pad 'SW44:2' at (378777500, 40163750) with pad 'D44:2' at (381317500, 47843750) using coordinate system rotated by 0 degree(s)
13:33:34: [INFO] Adding track segment (B.Cu): [(378777500, 40163750), (378777500, 45303750)]
13:33:34: [INFO] Adding track segment (B.Cu): [(378777500, 45303750), (381317500, 47843750)]
13:33:35: [INFO] Routing SW43 with D43
13:33:35: [INFO] Using internal autorouter method
13:33:35: [INFO] Routing pad 'SW43:2' at (359727500, 40163750) with pad 'D43:2' at (362267500, 47843750) using coordinate system rotated by 0 degree(s)
13:33:35: [INFO] Adding track segment (B.Cu): [(359727500, 40163750), (359727500, 45303750)]
13:33:35: [INFO] Adding track segment (B.Cu): [(359727500, 45303750), (362267500, 47843750)]
13:33:35: [INFO] Routing SW42 with D42
13:33:35: [INFO] Using internal autorouter method
13:33:35: [INFO] Routing pad 'SW42:2' at (340677500, 35401250) with pad 'D42:2' at (343217500, 43081250) using coordinate system rotated by 0 degree(s)
13:33:35: [INFO] Adding track segment (B.Cu): [(340677500, 35401250), (340677500, 40541250)]
13:33:35: [INFO] Adding track segment (B.Cu): [(340677500, 40541250), (343217500, 43081250)]
13:33:35: [INFO] Routing SW41 with D41
13:33:35: [INFO] Using internal autorouter method
13:33:35: [INFO] Routing pad 'SW41:2' at (321627500, 33020000) with pad 'D41:2' at (324167500, 40700000) using coordinate system rotated by 0 degree(s)
13:33:35: [INFO] Adding track segment (B.Cu): [(321627500, 33020000), (321627500, 38160000)]
13:33:35: [INFO] Adding track segment (B.Cu): [(321627500, 38160000), (324167500, 40700000)]
13:33:35: [INFO] Routing SW40 with D40
13:33:35: [INFO] Using internal autorouter method
13:33:35: [INFO] Routing pad 'SW40:2' at (302577500, 35401250) with pad 'D40:2' at (305117500, 43081250) using coordinate system rotated by 0 degree(s)
13:33:35: [INFO] Adding track segment (B.Cu): [(302577500, 35401250), (302577500, 40541250)]
13:33:35: [INFO] Adding track segment (B.Cu): [(302577500, 40541250), (305117500, 43081250)]
13:33:35: [INFO] Routing SW39 with D39
13:33:35: [INFO] Using internal autorouter method
13:33:35: [INFO] Routing pad 'SW39:2' at (283527500, 37782500) with pad 'D39:2' at (286067500, 45462500) using coordinate system rotated by 0 degree(s)
13:33:35: [INFO] Adding track segment (B.Cu): [(283527500, 37782500), (283527500, 42922500)]
13:33:35: [INFO] Adding track segment (B.Cu): [(283527500, 42922500), (286067500, 45462500)]
13:33:35: [INFO] Routing SW38 with D38
13:33:35: [INFO] Using internal autorouter method
13:33:35: [INFO] Routing pad 'SW38:2' at (145415000, 113982500) with pad 'D38:2' at (147955000, 121662500) using coordinate system rotated by 0 degree(s)
13:33:35: [INFO] Adding track segment (B.Cu): [(145415000, 113982500), (145415000, 119122500)]
13:33:35: [INFO] Adding track segment (B.Cu): [(145415000, 119122500), (147955000, 121662500)]
13:33:35: [INFO] Routing SW37 with D37
13:33:35: [INFO] Using internal autorouter method
13:33:35: [INFO] Routing pad 'SW37:2' at (164465000, 113982500) with pad 'D37:2' at (167005000, 121662500) using coordinate system rotated by 0 degree(s)
13:33:35: [INFO] Adding track segment (B.Cu): [(164465000, 113982500), (164465000, 119122500)]
13:33:35: [INFO] Adding track segment (B.Cu): [(164465000, 119122500), (167005000, 121662500)]
13:33:35: [INFO] Routing SW36 with D36
13:33:35: [INFO] Using internal autorouter method
13:33:35: [INFO] Routing pad 'SW36:2' at (183515000, 118745000) with pad 'D36:2' at (186055000, 126425000) using coordinate system rotated by 0 degree(s)
13:33:35: [INFO] Adding track segment (B.Cu): [(183515000, 118745000), (183515000, 123885000)]
13:33:35: [INFO] Adding track segment (B.Cu): [(183515000, 123885000), (186055000, 126425000)]
13:33:35: [INFO] Routing SW35 with D35
13:33:35: [INFO] Using internal autorouter method
13:33:35: [INFO] Routing pad 'SW35:2' at (213651651, 117038233) with pad 'D35:2' at (212011355, 124959307) using coordinate system rotated by 30.0 degree(s)
13:33:35: [INFO] Adding track segment (B.Cu): [(213651651, 117038233), (211081650, 121489602)]
13:33:35: [INFO] Adding track segment (B.Cu): [(211081650, 121489602), (212011355, 124959307)]
13:33:35: [INFO] Routing SW34 with D34
13:33:35: [INFO] Using internal autorouter method
13:33:35: [INFO] Routing pad 'SW34:2' at (35877500, 97313750) with pad 'D34:2' at (38417500, 104993750) using coordinate system rotated by 0 degree(s)
13:33:35: [INFO] Adding track segment (B.Cu): [(35877500, 97313750), (35877500, 102453750)]
13:33:35: [INFO] Adding track segment (B.Cu): [(35877500, 102453750), (38417500, 104993750)]
13:33:35: [INFO] Routing SW33 with D33
13:33:35: [INFO] Using internal autorouter method
13:33:35: [INFO] Routing pad 'SW33:2' at (54927500, 97313750) with pad 'D33:2' at (57467500, 104993750) using coordinate system rotated by 0 degree(s)
13:33:35: [INFO] Adding track segment (B.Cu): [(54927500, 97313750), (54927500, 102453750)]
13:33:35: [INFO] Adding track segment (B.Cu): [(54927500, 102453750), (57467500, 104993750)]
13:33:35: [INFO] Routing SW32 with D32
13:33:35: [INFO] Using internal autorouter method
13:33:35: [INFO] Routing pad 'SW32:2' at (73977500, 97313750) with pad 'D32:2' at (76517500, 104993750) using coordinate system rotated by 0 degree(s)
13:33:35: [INFO] Adding track segment (B.Cu): [(73977500, 97313750), (73977500, 102453750)]
13:33:35: [INFO] Adding track segment (B.Cu): [(73977500, 102453750), (76517500, 104993750)]
13:33:35: [INFO] Routing SW31 with D31
13:33:35: [INFO] Using internal autorouter method
13:33:35: [INFO] Routing pad 'SW31:2' at (97790000, 97313750) with pad 'D31:2' at (100330000, 104993750) using coordinate system rotated by 0 degree(s)
13:33:35: [INFO] Adding track segment (B.Cu): [(97790000, 97313750), (97790000, 102453750)]
13:33:35: [INFO] Adding track segment (B.Cu): [(97790000, 102453750), (100330000, 104993750)]
13:33:35: [INFO] Routing SW30 with D30
13:33:35: [INFO] Using internal autorouter method
13:33:35: [INFO] Routing pad 'SW30:2' at (116840000, 97313750) with pad 'D30:2' at (119380000, 104993750) using coordinate system rotated by 0 degree(s)
13:33:35: [INFO] Adding track segment (B.Cu): [(116840000, 97313750), (116840000, 102453750)]
13:33:35: [INFO] Adding track segment (B.Cu): [(116840000, 102453750), (119380000, 104993750)]
13:33:35: [INFO] Routing SW29 with D29
13:33:35: [INFO] Using internal autorouter method
13:33:35: [INFO] Routing pad 'SW29:2' at (135890000, 92551250) with pad 'D29:2' at (138430000, 100231250) using coordinate system rotated by 0 degree(s)
13:33:35: [INFO] Adding track segment (B.Cu): [(135890000, 92551250), (135890000, 97691250)]
13:33:35: [INFO] Adding track segment (B.Cu): [(135890000, 97691250), (138430000, 100231250)]
13:33:35: [INFO] Routing SW28 with D28
13:33:35: [INFO] Using internal autorouter method
13:33:35: [INFO] Routing pad 'SW28:2' at (154940000, 90170000) with pad 'D28:2' at (157480000, 97850000) using coordinate system rotated by 0 degree(s)
13:33:35: [INFO] Adding track segment (B.Cu): [(154940000, 90170000), (154940000, 95310000)]
13:33:35: [INFO] Adding track segment (B.Cu): [(154940000, 95310000), (157480000, 97850000)]
13:33:35: [INFO] Routing SW27 with D27
13:33:35: [INFO] Using internal autorouter method
13:33:35: [INFO] Routing pad 'SW27:2' at (173990000, 92551250) with pad 'D27:2' at (176530000, 100231250) using coordinate system rotated by 0 degree(s)
13:33:35: [INFO] Adding track segment (B.Cu): [(173990000, 92551250), (173990000, 97691250)]
13:33:35: [INFO] Adding track segment (B.Cu): [(173990000, 97691250), (176530000, 100231250)]
13:33:35: [INFO] Routing SW26 with D26
13:33:35: [INFO] Using internal autorouter method
13:33:35: [INFO] Routing pad 'SW26:2' at (193040000, 94932500) with pad 'D26:2' at (195580000, 102612500) using coordinate system rotated by 0 degree(s)
13:33:35: [INFO] Adding track segment (B.Cu): [(193040000, 94932500), (193040000, 100072500)]
13:33:35: [INFO] Adding track segment (B.Cu): [(193040000, 100072500), (195580000, 102612500)]
13:33:35: [INFO] Routing SW25 with D25
13:33:35: [INFO] Using internal autorouter method
13:33:35: [INFO] Routing pad 'SW25:2' at (54927500, 78263750) with pad 'D25:2' at (57467500, 85943750) using coordinate system rotated by 0 degree(s)
13:33:35: [INFO] Adding track segment (B.Cu): [(54927500, 78263750), (54927500, 83403750)]
13:33:35: [INFO] Adding track segment (B.Cu): [(54927500, 83403750), (57467500, 85943750)]
13:33:35: [INFO] Routing SW24 with D24
13:33:35: [INFO] Using internal autorouter method
13:33:35: [INFO] Routing pad 'SW24:2' at (97790000, 78263750) with pad 'D24:2' at (100330000, 85943750) using coordinate system rotated by 0 degree(s)
13:33:35: [INFO] Adding track segment (B.Cu): [(97790000, 78263750), (97790000, 83403750)]
13:33:35: [INFO] Adding track segment (B.Cu): [(97790000, 83403750), (100330000, 85943750)]
13:33:35: [INFO] Routing SW23 with D23
13:33:35: [INFO] Using internal autorouter method
13:33:35: [INFO] Routing pad 'SW23:2' at (116840000, 78263750) with pad 'D23:2' at (119380000, 85943750) using coordinate system rotated by 0 degree(s)
13:33:35: [INFO] Adding track segment (B.Cu): [(116840000, 78263750), (116840000, 83403750)]
13:33:35: [INFO] Adding track segment (B.Cu): [(116840000, 83403750), (119380000, 85943750)]
13:33:35: [INFO] Routing SW22 with D22
13:33:35: [INFO] Using internal autorouter method
13:33:35: [INFO] Routing pad 'SW22:2' at (135890000, 73501250) with pad 'D22:2' at (138430000, 81181250) using coordinate system rotated by 0 degree(s)
13:33:35: [INFO] Adding track segment (B.Cu): [(135890000, 73501250), (135890000, 78641250)]
13:33:35: [INFO] Adding track segment (B.Cu): [(135890000, 78641250), (138430000, 81181250)]
13:33:35: [INFO] Routing SW21 with D21
13:33:35: [INFO] Using internal autorouter method
13:33:35: [INFO] Routing pad 'SW21:2' at (154940000, 71120000) with pad 'D21:2' at (157480000, 78800000) using coordinate system rotated by 0 degree(s)
13:33:35: [INFO] Adding track segment (B.Cu): [(154940000, 71120000), (154940000, 76260000)]
13:33:35: [INFO] Adding track segment (B.Cu): [(154940000, 76260000), (157480000, 78800000)]
13:33:35: [INFO] Routing SW20 with D20
13:33:35: [INFO] Using internal autorouter method
13:33:35: [INFO] Routing pad 'SW20:2' at (173990000, 73501250) with pad 'D20:2' at (176530000, 81181250) using coordinate system rotated by 0 degree(s)
13:33:35: [INFO] Adding track segment (B.Cu): [(173990000, 73501250), (173990000, 78641250)]
13:33:35: [INFO] Adding track segment (B.Cu): [(173990000, 78641250), (176530000, 81181250)]
13:33:35: [INFO] Routing SW19 with D19
13:33:35: [INFO] Using internal autorouter method
13:33:35: [INFO] Routing pad 'SW19:2' at (193040000, 75882500) with pad 'D19:2' at (195580000, 83562500) using coordinate system rotated by 0 degree(s)
13:33:35: [INFO] Adding track segment (B.Cu): [(193040000, 75882500), (193040000, 81022500)]
13:33:35: [INFO] Adding track segment (B.Cu): [(193040000, 81022500), (195580000, 83562500)]
13:33:35: [INFO] Routing SW18 with D18
13:33:35: [INFO] Using internal autorouter method
13:33:35: [INFO] Routing pad 'SW18:2' at (35877500, 59213750) with pad 'D18:2' at (38417500, 66893750) using coordinate system rotated by 0 degree(s)
13:33:35: [INFO] Adding track segment (B.Cu): [(35877500, 59213750), (35877500, 64353750)]
13:33:35: [INFO] Adding track segment (B.Cu): [(35877500, 64353750), (38417500, 66893750)]
13:33:35: [INFO] Routing SW17 with D17
13:33:35: [INFO] Using internal autorouter method
13:33:35: [INFO] Routing pad 'SW17:2' at (54927500, 59213750) with pad 'D17:2' at (57467500, 66893750) using coordinate system rotated by 0 degree(s)
13:33:35: [INFO] Adding track segment (B.Cu): [(54927500, 59213750), (54927500, 64353750)]
13:33:35: [INFO] Adding track segment (B.Cu): [(54927500, 64353750), (57467500, 66893750)]
13:33:35: [INFO] Routing SW16 with D16
13:33:35: [INFO] Using internal autorouter method
13:33:35: [INFO] Routing pad 'SW16:2' at (73977500, 59213750) with pad 'D16:2' at (76517500, 66893750) using coordinate system rotated by 0 degree(s)
13:33:35: [INFO] Adding track segment (B.Cu): [(73977500, 59213750), (73977500, 64353750)]
13:33:35: [INFO] Adding track segment (B.Cu): [(73977500, 64353750), (76517500, 66893750)]
13:33:35: [INFO] Routing SW15 with D15
13:33:35: [INFO] Using internal autorouter method
13:33:35: [INFO] Routing pad 'SW15:2' at (97790000, 59213750) with pad 'D15:2' at (100330000, 66893750) using coordinate system rotated by 0 degree(s)
13:33:35: [INFO] Adding track segment (B.Cu): [(97790000, 59213750), (97790000, 64353750)]
13:33:35: [INFO] Adding track segment (B.Cu): [(97790000, 64353750), (100330000, 66893750)]
13:33:35: [INFO] Routing SW14 with D14
13:33:35: [INFO] Using internal autorouter method
13:33:35: [INFO] Routing pad 'SW14:2' at (116840000, 59213750) with pad 'D14:2' at (119380000, 66893750) using coordinate system rotated by 0 degree(s)
13:33:35: [INFO] Adding track segment (B.Cu): [(116840000, 59213750), (116840000, 64353750)]
13:33:35: [INFO] Adding track segment (B.Cu): [(116840000, 64353750), (119380000, 66893750)]
13:33:35: [INFO] Routing SW13 with D13
13:33:35: [INFO] Using internal autorouter method
13:33:35: [INFO] Routing pad 'SW13:2' at (135890000, 54451250) with pad 'D13:2' at (138430000, 62131250) using coordinate system rotated by 0 degree(s)
13:33:35: [INFO] Adding track segment (B.Cu): [(135890000, 54451250), (135890000, 59591250)]
13:33:35: [INFO] Adding track segment (B.Cu): [(135890000, 59591250), (138430000, 62131250)]
13:33:35: [INFO] Routing SW12 with D12
13:33:35: [INFO] Using internal autorouter method
13:33:35: [INFO] Routing pad 'SW12:2' at (154940000, 52070000) with pad 'D12:2' at (157480000, 59750000) using coordinate system rotated by 0 degree(s)
13:33:35: [INFO] Adding track segment (B.Cu): [(154940000, 52070000), (154940000, 57210000)]
13:33:35: [INFO] Adding track segment (B.Cu): [(154940000, 57210000), (157480000, 59750000)]
13:33:35: [INFO] Routing SW11 with D11
13:33:35: [INFO] Using internal autorouter method
13:33:35: [INFO] Routing pad 'SW11:2' at (173990000, 54451250) with pad 'D11:2' at (176530000, 62131250) using coordinate system rotated by 0 degree(s)
13:33:35: [INFO] Adding track segment (B.Cu): [(173990000, 54451250), (173990000, 59591250)]
13:33:35: [INFO] Adding track segment (B.Cu): [(173990000, 59591250), (176530000, 62131250)]
13:33:35: [INFO] Routing SW10 with D10
13:33:35: [INFO] Using internal autorouter method
13:33:35: [INFO] Routing pad 'SW10:2' at (193040000, 56832500) with pad 'D10:2' at (195580000, 64512500) using coordinate system rotated by 0 degree(s)
13:33:35: [INFO] Adding track segment (B.Cu): [(193040000, 56832500), (193040000, 61972500)]
13:33:35: [INFO] Adding track segment (B.Cu): [(193040000, 61972500), (195580000, 64512500)]
13:33:35: [INFO] Routing SW9 with D9
13:33:35: [INFO] Using internal autorouter method
13:33:35: [INFO] Routing pad 'SW9:2' at (35877500, 40163750) with pad 'D9:2' at (38417500, 47843750) using coordinate system rotated by 0 degree(s)
13:33:35: [INFO] Adding track segment (B.Cu): [(35877500, 40163750), (35877500, 45303750)]
13:33:35: [INFO] Adding track segment (B.Cu): [(35877500, 45303750), (38417500, 47843750)]
13:33:35: [INFO] Routing SW8 with D8
13:33:35: [INFO] Using internal autorouter method
13:33:35: [INFO] Routing pad 'SW8:2' at (54927500, 40163750) with pad 'D8:2' at (57467500, 47843750) using coordinate system rotated by 0 degree(s)
13:33:35: [INFO] Adding track segment (B.Cu): [(54927500, 40163750), (54927500, 45303750)]
13:33:35: [INFO] Adding track segment (B.Cu): [(54927500, 45303750), (57467500, 47843750)]
13:33:35: [INFO] Routing SW7 with D7
13:33:35: [INFO] Using internal autorouter method
13:33:35: [INFO] Routing pad 'SW7:2' at (73977500, 40163750) with pad 'D7:2' at (76517500, 47843750) using coordinate system rotated by 0 degree(s)
13:33:35: [INFO] Adding track segment (B.Cu): [(73977500, 40163750), (73977500, 45303750)]
13:33:35: [INFO] Adding track segment (B.Cu): [(73977500, 45303750), (76517500, 47843750)]
13:33:35: [INFO] Routing SW6 with D6
13:33:35: [INFO] Using internal autorouter method
13:33:35: [INFO] Routing pad 'SW6:2' at (97790000, 40163750) with pad 'D6:2' at (100330000, 47843750) using coordinate system rotated by 0 degree(s)
13:33:35: [INFO] Adding track segment (B.Cu): [(97790000, 40163750), (97790000, 45303750)]
13:33:35: [INFO] Adding track segment (B.Cu): [(97790000, 45303750), (100330000, 47843750)]
13:33:35: [INFO] Routing SW5 with D5
13:33:35: [INFO] Using internal autorouter method
13:33:35: [INFO] Routing pad 'SW5:2' at (116840000, 40163750) with pad 'D5:2' at (119380000, 47843750) using coordinate system rotated by 0 degree(s)
13:33:35: [INFO] Adding track segment (B.Cu): [(116840000, 40163750), (116840000, 45303750)]
13:33:35: [INFO] Adding track segment (B.Cu): [(116840000, 45303750), (119380000, 47843750)]
13:33:35: [INFO] Routing SW4 with D4
13:33:35: [INFO] Using internal autorouter method
13:33:35: [INFO] Routing pad 'SW4:2' at (135890000, 35401250) with pad 'D4:2' at (138430000, 43081250) using coordinate system rotated by 0 degree(s)
13:33:35: [INFO] Adding track segment (B.Cu): [(135890000, 35401250), (135890000, 40541250)]
13:33:35: [INFO] Adding track segment (B.Cu): [(135890000, 40541250), (138430000, 43081250)]
13:33:35: [INFO] Routing SW3 with D3
13:33:35: [INFO] Using internal autorouter method
13:33:35: [INFO] Routing pad 'SW3:2' at (154940000, 33020000) with pad 'D3:2' at (157480000, 40700000) using coordinate system rotated by 0 degree(s)
13:33:35: [INFO] Adding track segment (B.Cu): [(154940000, 33020000), (154940000, 38160000)]
13:33:35: [INFO] Adding track segment (B.Cu): [(154940000, 38160000), (157480000, 40700000)]
13:33:35: [INFO] Routing SW2 with D2
13:33:35: [INFO] Using internal autorouter method
13:33:35: [INFO] Routing pad 'SW2:2' at (173990000, 35401250) with pad 'D2:2' at (176530000, 43081250) using coordinate system rotated by 0 degree(s)
13:33:35: [INFO] Adding track segment (B.Cu): [(173990000, 35401250), (173990000, 40541250)]
13:33:35: [INFO] Adding track segment (B.Cu): [(173990000, 40541250), (176530000, 43081250)]
13:33:35: [INFO] Routing SW1 with D1
13:33:35: [INFO] Using internal autorouter method
13:33:35: [INFO] Routing pad 'SW1:2' at (193040000, 37782500) with pad 'D1:2' at (195580000, 45462500) using coordinate system rotated by 0 degree(s)
13:33:35: [INFO] Adding track segment (B.Cu): [(193040000, 37782500), (193040000, 42922500)]
13:33:35: [INFO] Adding track segment (B.Cu): [(193040000, 42922500), (195580000, 45462500)]
13:33:35: [INFO] Routing COL5 pads
13:33:35: [INFO] Routing pad 'SW6:1' at (91440000, 42703750) with pad 'SW15:1' at (91440000, 61753750) using coordinate system rotated by 0 degree(s)
13:33:35: [INFO] Adding track segment (F.Cu): [(91440000, 42703750), (91440000, 61753750)]
13:33:35: [INFO] Routing pad 'SW15:1' at (91440000, 61753750) with pad 'SW24:1' at (91440000, 80803750) using coordinate system rotated by 0 degree(s)
13:33:35: [INFO] Adding track segment (F.Cu): [(91440000, 61753750), (91440000, 80803750)]
13:33:35: [INFO] Routing pad 'SW24:1' at (91440000, 80803750) with pad 'SW31:1' at (91440000, 99853750) using coordinate system rotated by 0 degree(s)
13:33:35: [INFO] Adding track segment (F.Cu): [(91440000, 80803750), (91440000, 99853750)]
13:33:35: [INFO] Routing pad 'SW6:1' at (91440000, 42703750) with pad 'SW44:1' at (372427500, 42703750) using coordinate system rotated by 0 degree(s)
13:33:35: [INFO] Adding track segment (F.Cu): [(91440000, 42703750), (372427500, 42703750)]
13:33:35: [INFO] Could not add track segment due to detected collision
13:33:35: [INFO] Routing pad 'SW44:1' at (372427500, 42703750) with pad 'SW50:1' at (372427500, 61753750) using coordinate system rotated by 0 degree(s)
13:33:35: [INFO] Adding track segment (F.Cu): [(372427500, 42703750), (372427500, 61753750)]
13:33:35: [INFO] Routing pad 'SW50:1' at (372427500, 61753750) with pad 'SW56:1' at (372427500, 80803750) using coordinate system rotated by 0 degree(s)
13:33:35: [INFO] Adding track segment (F.Cu): [(372427500, 61753750), (372427500, 80803750)]
13:33:35: [INFO] Routing pad 'SW56:1' at (372427500, 80803750) with pad 'SW62:1' at (372427500, 99853750) using coordinate system rotated by 0 degree(s)
13:33:35: [INFO] Adding track segment (F.Cu): [(372427500, 80803750), (372427500, 99853750)]
13:33:35: [INFO] Routing COL4 pads
13:33:35: [INFO] Routing pad 'SW5:1' at (110490000, 42703750) with pad 'SW14:1' at (110490000, 61753750) using coordinate system rotated by 0 degree(s)
13:33:35: [INFO] Adding track segment (F.Cu): [(110490000, 42703750), (110490000, 61753750)]
13:33:35: [INFO] Routing pad 'SW14:1' at (110490000, 61753750) with pad 'SW23:1' at (110490000, 80803750) using coordinate system rotated by 0 degree(s)
13:33:35: [INFO] Adding track segment (F.Cu): [(110490000, 61753750), (110490000, 80803750)]
13:33:35: [INFO] Routing pad 'SW23:1' at (110490000, 80803750) with pad 'SW30:1' at (110490000, 99853750) using coordinate system rotated by 0 degree(s)
13:33:35: [INFO] Adding track segment (F.Cu): [(110490000, 80803750), (110490000, 99853750)]
13:33:35: [INFO] Routing pad 'SW5:1' at (110490000, 42703750) with pad 'SW43:1' at (353377500, 42703750) using coordinate system rotated by 0 degree(s)
13:33:35: [INFO] Adding track segment (F.Cu): [(110490000, 42703750), (353377500, 42703750)]
13:33:35: [INFO] Could not add track segment due to detected collision
13:33:35: [INFO] Routing pad 'SW43:1' at (353377500, 42703750) with pad 'SW49:1' at (353377500, 61753750) using coordinate system rotated by 0 degree(s)
13:33:35: [INFO] Adding track segment (F.Cu): [(353377500, 42703750), (353377500, 61753750)]
13:33:35: [INFO] Routing pad 'SW49:1' at (353377500, 61753750) with pad 'SW55:1' at (353377500, 80803750) using coordinate system rotated by 0 degree(s)
13:33:35: [INFO] Adding track segment (F.Cu): [(353377500, 61753750), (353377500, 80803750)]
13:33:35: [INFO] Routing pad 'SW55:1' at (353377500, 80803750) with pad 'SW61:1' at (353377500, 99853750) using coordinate system rotated by 0 degree(s)
13:33:35: [INFO] Adding track segment (F.Cu): [(353377500, 80803750), (353377500, 99853750)]
13:33:35: [INFO] Routing ROW7 pads
13:33:35: [INFO] Routing pad 'D51:1' at (286067500, 86362500) with pad 'D52:1' at (305117500, 83981250) using coordinate system rotated by 0 degree(s)
13:33:35: [INFO] Adding track segment (B.Cu): [(286067500, 86362500), (302736250, 86362500)]
13:33:35: [INFO] Adding track segment (B.Cu): [(302736250, 86362500), (305117500, 83981250)]
13:33:35: [INFO] Routing pad 'D52:1' at (305117500, 83981250) with pad 'D53:1' at (324167500, 81600000) using coordinate system rotated by 0 degree(s)
13:33:35: [INFO] Adding track segment (B.Cu): [(305117500, 83981250), (321786250, 83981250)]
13:33:35: [INFO] Adding track segment (B.Cu): [(321786250, 83981250), (324167500, 81600000)]
13:33:35: [INFO] Routing pad 'D53:1' at (324167500, 81600000) with pad 'D54:1' at (343217500, 83981250) using coordinate system rotated by 0 degree(s)
13:33:35: [INFO] Adding track segment (B.Cu): [(324167500, 81600000), (340836250, 81600000)]
13:33:35: [INFO] Adding track segment (B.Cu): [(340836250, 81600000), (343217500, 83981250)]
13:33:35: [INFO] Routing pad 'D54:1' at (343217500, 83981250) with pad 'D55:1' at (362267500, 88743750) using coordinate system rotated by 0 degree(s)
13:33:35: [INFO] Adding track segment (B.Cu): [(343217500, 83981250), (347980000, 88743750)]
13:33:35: [INFO] Adding track segment (B.Cu): [(347980000, 88743750), (362267500, 88743750)]
13:33:35: [INFO] Routing pad 'D55:1' at (362267500, 88743750) with pad 'D56:1' at (381317500, 88743750) using coordinate system rotated by 0 degree(s)
13:33:35: [INFO] Adding track segment (B.Cu): [(362267500, 88743750), (381317500, 88743750)]
13:33:35: [INFO] Routing COL6 pads
13:33:35: [INFO] Routing pad 'SW7:1' at (67627500, 42703750) with pad 'SW16:1' at (67627500, 61753750) using coordinate system rotated by 0 degree(s)
13:33:35: [INFO] Adding track segment (F.Cu): [(67627500, 42703750), (67627500, 61753750)]
13:33:35: [INFO] Routing pad 'SW16:1' at (67627500, 61753750) with pad 'SW32:1' at (67627500, 99853750) using coordinate system rotated by 0 degree(s)
13:33:35: [INFO] Adding track segment (F.Cu): [(67627500, 61753750), (67627500, 99853750)]
13:33:35: [INFO] Routing ROW3 pads
13:33:35: [INFO] Routing pad 'D34:1' at (38417500, 107793750) with pad 'D33:1' at (57467500, 107793750) using coordinate system rotated by 0 degree(s)
13:33:35: [INFO] Adding track segment (B.Cu): [(38417500, 107793750), (57467500, 107793750)]
13:33:35: [INFO] Routing pad 'D33:1' at (57467500, 107793750) with pad 'D32:1' at (76517500, 107793750) using coordinate system rotated by 0 degree(s)
13:33:35: [INFO] Adding track segment (B.Cu): [(57467500, 107793750), (76517500, 107793750)]
13:33:35: [INFO] Routing pad 'D32:1' at (76517500, 107793750) with pad 'D31:1' at (100330000, 107793750) using coordinate system rotated by 0 degree(s)
13:33:35: [INFO] Adding track segment (B.Cu): [(76517500, 107793750), (100330000, 107793750)]
13:33:35: [INFO] Routing pad 'D31:1' at (100330000, 107793750) with pad 'D30:1' at (119380000, 107793750) using coordinate system rotated by 0 degree(s)
13:33:35: [INFO] Adding track segment (B.Cu): [(100330000, 107793750), (119380000, 107793750)]
13:33:35: [INFO] Routing pad 'D30:1' at (119380000, 107793750) with pad 'D29:1' at (138430000, 103031250) using coordinate system rotated by 0 degree(s)
13:33:35: [INFO] Adding track segment (B.Cu): [(119380000, 107793750), (133667500, 107793750)]
13:33:35: [INFO] Adding track segment (B.Cu): [(133667500, 107793750), (138430000, 103031250)]
13:33:35: [INFO] Routing pad 'D29:1' at (138430000, 103031250) with pad 'D28:1' at (157480000, 100650000) using coordinate system rotated by 0 degree(s)
13:33:35: [INFO] Adding track segment (B.Cu): [(138430000, 103031250), (155098750, 103031250)]
13:33:35: [INFO] Adding track segment (B.Cu): [(155098750, 103031250), (157480000, 100650000)]
13:33:35: [INFO] Routing pad 'D28:1' at (157480000, 100650000) with pad 'D27:1' at (176530000, 103031250) using coordinate system rotated by 0 degree(s)
13:33:36: [INFO] Adding track segment (B.Cu): [(157480000, 100650000), (174148750, 100650000)]
13:33:36: [INFO] Adding track segment (B.Cu): [(174148750, 100650000), (176530000, 103031250)]
13:33:36: [INFO] Routing pad 'D27:1' at (176530000, 103031250) with pad 'D26:1' at (195580000, 105412500) using coordinate system rotated by 0 degree(s)
13:33:36: [INFO] Adding track segment (B.Cu): [(176530000, 103031250), (193198750, 103031250)]
13:33:36: [INFO] Adding track segment (B.Cu): [(193198750, 103031250), (195580000, 105412500)]
13:33:36: [INFO] Routing ROW6 pads
13:33:36: [INFO] Routing pad 'D45:1' at (286067500, 67312500) with pad 'D46:1' at (305117500, 64931250) using coordinate system rotated by 0 degree(s)
13:33:36: [INFO] Adding track segment (B.Cu): [(286067500, 67312500), (302736250, 67312500)]
13:33:36: [INFO] Adding track segment (B.Cu): [(302736250, 67312500), (305117500, 64931250)]
13:33:36: [INFO] Routing pad 'D46:1' at (305117500, 64931250) with pad 'D47:1' at (324167500, 62550000) using coordinate system rotated by 0 degree(s)
13:33:36: [INFO] Adding track segment (B.Cu): [(305117500, 64931250), (321786250, 64931250)]
13:33:36: [INFO] Adding track segment (B.Cu): [(321786250, 64931250), (324167500, 62550000)]
13:33:36: [INFO] Routing pad 'D47:1' at (324167500, 62550000) with pad 'D48:1' at (343217500, 64931250) using coordinate system rotated by 0 degree(s)
13:33:36: [INFO] Adding track segment (B.Cu): [(324167500, 62550000), (340836250, 62550000)]
13:33:36: [INFO] Adding track segment (B.Cu): [(340836250, 62550000), (343217500, 64931250)]
13:33:36: [INFO] Routing pad 'D48:1' at (343217500, 64931250) with pad 'D49:1' at (362267500, 69693750) using coordinate system rotated by 0 degree(s)
13:33:36: [INFO] Adding track segment (B.Cu): [(343217500, 64931250), (347980000, 69693750)]
13:33:36: [INFO] Adding track segment (B.Cu): [(347980000, 69693750), (362267500, 69693750)]
13:33:36: [INFO] Routing pad 'D49:1' at (362267500, 69693750) with pad 'D50:1' at (381317500, 69693750) using coordinate system rotated by 0 degree(s)
13:33:36: [INFO] Adding track segment (B.Cu): [(362267500, 69693750), (381317500, 69693750)]
13:33:36: [INFO] Routing ROW0 pads
13:33:36: [INFO] Routing pad 'D9:1' at (38417500, 50643750) with pad 'D8:1' at (57467500, 50643750) using coordinate system rotated by 0 degree(s)
13:33:36: [INFO] Adding track segment (B.Cu): [(38417500, 50643750), (57467500, 50643750)]
13:33:36: [INFO] Routing pad 'D8:1' at (57467500, 50643750) with pad 'D7:1' at (76517500, 50643750) using coordinate system rotated by 0 degree(s)
13:33:36: [INFO] Adding track segment (B.Cu): [(57467500, 50643750), (76517500, 50643750)]
13:33:36: [INFO] Routing pad 'D7:1' at (76517500, 50643750) with pad 'D6:1' at (100330000, 50643750) using coordinate system rotated by 0 degree(s)
13:33:36: [INFO] Adding track segment (B.Cu): [(76517500, 50643750), (100330000, 50643750)]
13:33:36: [INFO] Routing pad 'D6:1' at (100330000, 50643750) with pad 'D5:1' at (119380000, 50643750) using coordinate system rotated by 0 degree(s)
13:33:36: [INFO] Adding track segment (B.Cu): [(100330000, 50643750), (119380000, 50643750)]
13:33:36: [INFO] Routing pad 'D5:1' at (119380000, 50643750) with pad 'D4:1' at (138430000, 45881250) using coordinate system rotated by 0 degree(s)
13:33:36: [INFO] Adding track segment (B.Cu): [(119380000, 50643750), (133667500, 50643750)]
13:33:36: [INFO] Adding track segment (B.Cu): [(133667500, 50643750), (138430000, 45881250)]
13:33:36: [INFO] Routing pad 'D4:1' at (138430000, 45881250) with pad 'D3:1' at (157480000, 43500000) using coordinate system rotated by 0 degree(s)
13:33:36: [INFO] Adding track segment (B.Cu): [(138430000, 45881250), (155098750, 45881250)]
13:33:36: [INFO] Adding track segment (B.Cu): [(155098750, 45881250), (157480000, 43500000)]
13:33:36: [INFO] Routing pad 'D3:1' at (157480000, 43500000) with pad 'D2:1' at (176530000, 45881250) using coordinate system rotated by 0 degree(s)
13:33:36: [INFO] Adding track segment (B.Cu): [(157480000, 43500000), (174148750, 43500000)]
13:33:36: [INFO] Adding track segment (B.Cu): [(174148750, 43500000), (176530000, 45881250)]
13:33:36: [INFO] Routing pad 'D2:1' at (176530000, 45881250) with pad 'D1:1' at (195580000, 48262500) using coordinate system rotated by 0 degree(s)
13:33:36: [INFO] Adding track segment (B.Cu): [(176530000, 45881250), (193198750, 45881250)]
13:33:36: [INFO] Adding track segment (B.Cu): [(193198750, 45881250), (195580000, 48262500)]
13:33:36: [INFO] Routing COL3 pads
13:33:36: [INFO] Routing pad 'SW4:1' at (129540000, 37941250) with pad 'SW13:1' at (129540000, 56991250) using coordinate system rotated by 0 degree(s)
13:33:36: [INFO] Adding track segment (F.Cu): [(129540000, 37941250), (129540000, 56991250)]
13:33:36: [INFO] Routing pad 'SW13:1' at (129540000, 56991250) with pad 'SW22:1' at (129540000, 76041250) using coordinate system rotated by 0 degree(s)
13:33:36: [INFO] Adding track segment (F.Cu): [(129540000, 56991250), (129540000, 76041250)]
13:33:36: [INFO] Routing pad 'SW22:1' at (129540000, 76041250) with pad 'SW29:1' at (129540000, 95091250) using coordinate system rotated by 0 degree(s)
13:33:36: [INFO] Adding track segment (F.Cu): [(129540000, 76041250), (129540000, 95091250)]
13:33:36: [INFO] Routing pad 'SW29:1' at (129540000, 95091250) with pad 'SW38:1' at (139065000, 116522500) using coordinate system rotated by 0 degree(s)
13:33:36: [INFO] Adding track segment (F.Cu): [(129540000, 95091250), (129540000, 106997500)]
13:33:36: [INFO] Adding track segment (F.Cu): [(129540000, 106997500), (139065000, 116522500)]
13:33:36: [INFO] Routing pad 'SW38:1' at (139065000, 116522500) with pad 'SW66:1' at (324802500, 116522500) using coordinate system rotated by 0 degree(s)
13:33:36: [INFO] Adding track segment (F.Cu): [(139065000, 116522500), (324802500, 116522500)]
13:33:36: [INFO] Could not add track segment due to detected collision
13:33:36: [INFO] Routing pad 'SW48:1' at (334327500, 56991250) with pad 'SW42:1' at (334327500, 37941250) using coordinate system rotated by 0 degree(s)
13:33:36: [INFO] Adding track segment (F.Cu): [(334327500, 56991250), (334327500, 37941250)]
13:33:36: [INFO] Routing pad 'SW54:1' at (334327500, 76041250) with pad 'SW48:1' at (334327500, 56991250) using coordinate system rotated by 0 degree(s)
13:33:36: [INFO] Adding track segment (F.Cu): [(334327500, 76041250), (334327500, 56991250)]
13:33:36: [INFO] Routing pad 'SW60:1' at (334327500, 95091250) with pad 'SW54:1' at (334327500, 76041250) using coordinate system rotated by 0 degree(s)
13:33:36: [INFO] Adding track segment (F.Cu): [(334327500, 95091250), (334327500, 76041250)]
13:33:36: [INFO] Routing pad 'SW66:1' at (324802500, 116522500) with pad 'SW60:1' at (334327500, 95091250) using coordinate system rotated by 0 degree(s)
13:33:36: [INFO] Adding track segment (F.Cu): [(324802500, 116522500), (334327500, 106997500)]
13:33:36: [INFO] Adding track segment (F.Cu): [(334327500, 106997500), (334327500, 95091250)]
13:33:36: [INFO] Routing COL2 pads
13:33:36: [INFO] Routing pad 'SW3:1' at (148590000, 35560000) with pad 'SW12:1' at (148590000, 54610000) using coordinate system rotated by 0 degree(s)
13:33:36: [INFO] Adding track segment (F.Cu): [(148590000, 35560000), (148590000, 54610000)]
13:33:36: [INFO] Routing pad 'SW12:1' at (148590000, 54610000) with pad 'SW21:1' at (148590000, 73660000) using coordinate system rotated by 0 degree(s)
13:33:36: [INFO] Adding track segment (F.Cu): [(148590000, 54610000), (148590000, 73660000)]
13:33:36: [INFO] Routing pad 'SW21:1' at (148590000, 73660000) with pad 'SW28:1' at (148590000, 92710000) using coordinate system rotated by 0 degree(s)
13:33:36: [INFO] Adding track segment (F.Cu): [(148590000, 73660000), (148590000, 92710000)]
13:33:36: [INFO] Routing pad 'SW28:1' at (148590000, 92710000) with pad 'SW37:1' at (158115000, 116522500) using coordinate system rotated by 0 degree(s)
13:33:36: [INFO] Adding track segment (F.Cu): [(148590000, 92710000), (148590000, 106997500)]
13:33:36: [INFO] Adding track segment (F.Cu): [(148590000, 106997500), (158115000, 116522500)]
13:33:36: [INFO] Routing pad 'SW37:1' at (158115000, 116522500) with pad 'SW65:1' at (305752500, 116522500) using coordinate system rotated by 0 degree(s)
13:33:36: [INFO] Adding track segment (F.Cu): [(158115000, 116522500), (305752500, 116522500)]
13:33:36: [INFO] Could not add track segment due to detected collision
13:33:36: [INFO] Routing pad 'SW47:1' at (315277500, 54610000) with pad 'SW41:1' at (315277500, 35560000) using coordinate system rotated by 0 degree(s)
13:33:36: [INFO] Adding track segment (F.Cu): [(315277500, 54610000), (315277500, 35560000)]
13:33:36: [INFO] Routing pad 'SW53:1' at (315277500, 73660000) with pad 'SW47:1' at (315277500, 54610000) using coordinate system rotated by 0 degree(s)
13:33:36: [INFO] Adding track segment (F.Cu): [(315277500, 73660000), (315277500, 54610000)]
13:33:36: [INFO] Routing pad 'SW59:1' at (315277500, 92710000) with pad 'SW53:1' at (315277500, 73660000) using coordinate system rotated by 0 degree(s)
13:33:36: [INFO] Adding track segment (F.Cu): [(315277500, 92710000), (315277500, 73660000)]
13:33:36: [INFO] Routing pad 'SW65:1' at (305752500, 116522500) with pad 'SW59:1' at (315277500, 92710000) using coordinate system rotated by 0 degree(s)
13:33:36: [INFO] Adding track segment (F.Cu): [(305752500, 116522500), (315277500, 106997500)]
13:33:36: [INFO] Adding track segment (F.Cu): [(315277500, 106997500), (315277500, 92710000)]
13:33:36: [INFO] Routing ROW1 pads
13:33:36: [INFO] Routing pad 'D18:1' at (38417500, 69693750) with pad 'D17:1' at (57467500, 69693750) using coordinate system rotated by 0 degree(s)
13:33:36: [INFO] Adding track segment (B.Cu): [(38417500, 69693750), (57467500, 69693750)]
13:33:36: [INFO] Routing pad 'D17:1' at (57467500, 69693750) with pad 'D16:1' at (76517500, 69693750) using coordinate system rotated by 0 degree(s)
13:33:36: [INFO] Adding track segment (B.Cu): [(57467500, 69693750), (76517500, 69693750)]
13:33:36: [INFO] Routing pad 'D16:1' at (76517500, 69693750) with pad 'D15:1' at (100330000, 69693750) using coordinate system rotated by 0 degree(s)
13:33:36: [INFO] Adding track segment (B.Cu): [(76517500, 69693750), (100330000, 69693750)]
13:33:36: [INFO] Routing pad 'D15:1' at (100330000, 69693750) with pad 'D14:1' at (119380000, 69693750) using coordinate system rotated by 0 degree(s)
13:33:36: [INFO] Adding track segment (B.Cu): [(100330000, 69693750), (119380000, 69693750)]
13:33:36: [INFO] Routing pad 'D14:1' at (119380000, 69693750) with pad 'D13:1' at (138430000, 64931250) using coordinate system rotated by 0 degree(s)
13:33:36: [INFO] Adding track segment (B.Cu): [(119380000, 69693750), (133667500, 69693750)]
13:33:36: [INFO] Adding track segment (B.Cu): [(133667500, 69693750), (138430000, 64931250)]
13:33:36: [INFO] Routing pad 'D13:1' at (138430000, 64931250) with pad 'D12:1' at (157480000, 62550000) using coordinate system rotated by 0 degree(s)
13:33:36: [INFO] Adding track segment (B.Cu): [(138430000, 64931250), (155098750, 64931250)]
13:33:36: [INFO] Adding track segment (B.Cu): [(155098750, 64931250), (157480000, 62550000)]
13:33:36: [INFO] Routing pad 'D12:1' at (157480000, 62550000) with pad 'D11:1' at (176530000, 64931250) using coordinate system rotated by 0 degree(s)
13:33:36: [INFO] Adding track segment (B.Cu): [(157480000, 62550000), (174148750, 62550000)]
13:33:36: [INFO] Adding track segment (B.Cu): [(174148750, 62550000), (176530000, 64931250)]
13:33:36: [INFO] Routing pad 'D11:1' at (176530000, 64931250) with pad 'D10:1' at (195580000, 67312500) using coordinate system rotated by 0 degree(s)
13:33:36: [INFO] Adding track segment (B.Cu): [(176530000, 64931250), (193198750, 64931250)]
13:33:36: [INFO] Adding track segment (B.Cu): [(193198750, 64931250), (195580000, 67312500)]
13:33:36: [INFO] Routing COL0 pads
13:33:36: [INFO] Routing pad 'SW1:1' at (186690000, 40322500) with pad 'SW10:1' at (186690000, 59372500) using coordinate system rotated by 0 degree(s)
13:33:36: [INFO] Adding track segment (F.Cu): [(186690000, 40322500), (186690000, 59372500)]
13:33:36: [INFO] Routing pad 'SW10:1' at (186690000, 59372500) with pad 'SW19:1' at (186690000, 78422500) using coordinate system rotated by 0 degree(s)
13:33:36: [INFO] Adding track segment (F.Cu): [(186690000, 59372500), (186690000, 78422500)]
13:33:36: [INFO] Routing pad 'SW19:1' at (186690000, 78422500) with pad 'SW26:1' at (186690000, 97472500) using coordinate system rotated by 0 degree(s)
13:33:36: [INFO] Adding track segment (F.Cu): [(186690000, 78422500), (186690000, 97472500)]
13:33:36: [WARNING] Could not route pads when parent footprints not rotated the same, footprint1: SW26 at 0.0 degree(s) and footprint2: SW35 at -30.0 degree(s)
13:33:36: [WARNING] Could not route pads when parent footprints not rotated the same, footprint1: SW35 at -30.0 degree(s) and footprint2: SW63 at 30.0 degree(s)
13:33:36: [INFO] Routing pad 'SW45:1' at (277177500, 59372500) with pad 'SW39:1' at (277177500, 40322500) using coordinate system rotated by 0 degree(s)
13:33:36: [INFO] Adding track segment (F.Cu): [(277177500, 59372500), (277177500, 40322500)]
13:33:36: [INFO] Routing pad 'SW51:1' at (277177500, 78422500) with pad 'SW45:1' at (277177500, 59372500) using coordinate system rotated by 0 degree(s)
13:33:36: [INFO] Adding track segment (F.Cu): [(277177500, 78422500), (277177500, 59372500)]
13:33:36: [INFO] Routing pad 'SW57:1' at (277177500, 97472500) with pad 'SW51:1' at (277177500, 78422500) using coordinate system rotated by 0 degree(s)
13:33:36: [INFO] Adding track segment (F.Cu): [(277177500, 97472500), (277177500, 78422500)]
13:33:36: [WARNING] Could not route pads when parent footprints not rotated the same, footprint1: SW63 at 30.0 degree(s) and footprint2: SW57 at 0.0 degree(s)
13:33:36: [INFO] Routing ROW9 pads
13:33:36: [WARNING] Could not route pads when parent footprints not rotated the same, footprint1: D63 at 120.0 degree(s) and footprint2: D64 at 90.0 degree(s)
13:33:36: [INFO] Routing pad 'D64:1' at (295592500, 129225000) with pad 'D65:1' at (314642500, 124462500) using coordinate system rotated by 0 degree(s)
13:33:36: [INFO] Adding track segment (B.Cu): [(295592500, 129225000), (309880000, 129225000)]
13:33:36: [INFO] Adding track segment (B.Cu): [(309880000, 129225000), (314642500, 124462500)]
13:33:36: [INFO] Routing pad 'D65:1' at (314642500, 124462500) with pad 'D66:1' at (333692500, 124462500) using coordinate system rotated by 0 degree(s)
13:33:36: [INFO] Adding track segment (B.Cu): [(314642500, 124462500), (333692500, 124462500)]
13:33:36: [INFO] Routing COL8 pads
13:33:36: [INFO] Routing pad 'SW9:1' at (29527500, 42703750) with pad 'SW18:1' at (29527500, 61753750) using coordinate system rotated by 0 degree(s)
13:33:36: [INFO] Adding track segment (F.Cu): [(29527500, 42703750), (29527500, 61753750)]
13:33:36: [INFO] Routing pad 'SW18:1' at (29527500, 61753750) with pad 'SW34:1' at (29527500, 99853750) using coordinate system rotated by 0 degree(s)
13:33:36: [INFO] Adding track segment (F.Cu): [(29527500, 61753750), (29527500, 99853750)]
13:33:36: [INFO] Routing ROW2 pads
13:33:36: [INFO] Routing pad 'D25:1' at (57467500, 88743750) with pad 'D24:1' at (100330000, 88743750) using coordinate system rotated by 0 degree(s)
13:33:36: [INFO] Adding track segment (B.Cu): [(57467500, 88743750), (100330000, 88743750)]
13:33:36: [INFO] Routing pad 'D24:1' at (100330000, 88743750) with pad 'D23:1' at (119380000, 88743750) using coordinate system rotated by 0 degree(s)
13:33:36: [INFO] Adding track segment (B.Cu): [(100330000, 88743750), (119380000, 88743750)]
13:33:36: [INFO] Routing pad 'D23:1' at (119380000, 88743750) with pad 'D22:1' at (138430000, 83981250) using coordinate system rotated by 0 degree(s)
13:33:36: [INFO] Adding track segment (B.Cu): [(119380000, 88743750), (133667500, 88743750)]
13:33:36: [INFO] Adding track segment (B.Cu): [(133667500, 88743750), (138430000, 83981250)]
13:33:36: [INFO] Routing pad 'D22:1' at (138430000, 83981250) with pad 'D21:1' at (157480000, 81600000) using coordinate system rotated by 0 degree(s)
13:33:36: [INFO] Adding track segment (B.Cu): [(138430000, 83981250), (155098750, 83981250)]
13:33:36: [INFO] Adding track segment (B.Cu): [(155098750, 83981250), (157480000, 81600000)]
13:33:36: [INFO] Routing pad 'D21:1' at (157480000, 81600000) with pad 'D20:1' at (176530000, 83981250) using coordinate system rotated by 0 degree(s)
13:33:36: [INFO] Adding track segment (B.Cu): [(157480000, 81600000), (174148750, 81600000)]
13:33:36: [INFO] Adding track segment (B.Cu): [(174148750, 81600000), (176530000, 83981250)]
13:33:36: [INFO] Routing pad 'D20:1' at (176530000, 83981250) with pad 'D19:1' at (195580000, 86362500) using coordinate system rotated by 0 degree(s)
13:33:36: [INFO] Adding track segment (B.Cu): [(176530000, 83981250), (193198750, 83981250)]
13:33:36: [INFO] Adding track segment (B.Cu): [(193198750, 83981250), (195580000, 86362500)]
13:33:36: [INFO] Routing COL1 pads
13:33:36: [INFO] Routing pad 'SW2:1' at (167640000, 37941250) with pad 'SW11:1' at (167640000, 56991250) using coordinate system rotated by 0 degree(s)
13:33:36: [INFO] Adding track segment (F.Cu): [(167640000, 37941250), (167640000, 56991250)]
13:33:36: [INFO] Routing pad 'SW11:1' at (167640000, 56991250) with pad 'SW20:1' at (167640000, 76041250) using coordinate system rotated by 0 degree(s)
13:33:36: [INFO] Adding track segment (F.Cu): [(167640000, 56991250), (167640000, 76041250)]
13:33:36: [INFO] Routing pad 'SW20:1' at (167640000, 76041250) with pad 'SW27:1' at (167640000, 95091250) using coordinate system rotated by 0 degree(s)
13:33:36: [INFO] Adding track segment (F.Cu): [(167640000, 76041250), (167640000, 95091250)]
13:33:36: [INFO] Routing pad 'SW27:1' at (167640000, 95091250) with pad 'SW36:1' at (177165000, 121285000) using coordinate system rotated by 0 degree(s)
13:33:36: [INFO] Adding track segment (F.Cu): [(167640000, 95091250), (167640000, 111760000)]
13:33:36: [INFO] Adding track segment (F.Cu): [(167640000, 111760000), (177165000, 121285000)]
13:33:36: [INFO] Routing pad 'SW36:1' at (177165000, 121285000) with pad 'SW64:1' at (286702500, 121285000) using coordinate system rotated by 0 degree(s)
13:33:36: [INFO] Adding track segment (F.Cu): [(177165000, 121285000), (286702500, 121285000)]
13:33:36: [INFO] Could not add track segment due to detected collision
13:33:36: [INFO] Routing pad 'SW46:1' at (296227500, 56991250) with pad 'SW40:1' at (296227500, 37941250) using coordinate system rotated by 0 degree(s)
13:33:36: [INFO] Adding track segment (F.Cu): [(296227500, 56991250), (296227500, 37941250)]
13:33:36: [INFO] Routing pad 'SW52:1' at (296227500, 76041250) with pad 'SW46:1' at (296227500, 56991250) using coordinate system rotated by 0 degree(s)
13:33:36: [INFO] Adding track segment (F.Cu): [(296227500, 76041250), (296227500, 56991250)]
13:33:36: [INFO] Routing pad 'SW58:1' at (296227500, 95091250) with pad 'SW52:1' at (296227500, 76041250) using coordinate system rotated by 0 degree(s)
13:33:36: [INFO] Adding track segment (F.Cu): [(296227500, 95091250), (296227500, 76041250)]
13:33:36: [INFO] Routing pad 'SW64:1' at (286702500, 121285000) with pad 'SW58:1' at (296227500, 95091250) using coordinate system rotated by 0 degree(s)
13:33:36: [INFO] Adding track segment (F.Cu): [(286702500, 121285000), (296227500, 111760000)]
13:33:36: [INFO] Adding track segment (F.Cu): [(296227500, 111760000), (296227500, 95091250)]
13:33:36: [INFO] Routing COL7 pads
13:33:36: [INFO] Routing pad 'SW8:1' at (48577500, 42703750) with pad 'SW17:1' at (48577500, 61753750) using coordinate system rotated by 0 degree(s)
13:33:36: [INFO] Adding track segment (F.Cu): [(48577500, 42703750), (48577500, 61753750)]
13:33:36: [INFO] Routing pad 'SW17:1' at (48577500, 61753750) with pad 'SW25:1' at (48577500, 80803750) using coordinate system rotated by 0 degree(s)
13:33:36: [INFO] Adding track segment (F.Cu): [(48577500, 61753750), (48577500, 80803750)]
13:33:36: [INFO] Routing pad 'SW25:1' at (48577500, 80803750) with pad 'SW33:1' at (48577500, 99853750) using coordinate system rotated by 0 degree(s)
13:33:36: [INFO] Adding track segment (F.Cu): [(48577500, 80803750), (48577500, 99853750)]
13:33:36: [INFO] Routing ROW8 pads
13:33:36: [INFO] Routing pad 'D57:1' at (286067500, 105412500) with pad 'D58:1' at (305117500, 103031250) using coordinate system rotated by 0 degree(s)
13:33:36: [INFO] Adding track segment (B.Cu): [(286067500, 105412500), (302736250, 105412500)]
13:33:36: [INFO] Adding track segment (B.Cu): [(302736250, 105412500), (305117500, 103031250)]
13:33:36: [INFO] Routing pad 'D58:1' at (305117500, 103031250) with pad 'D59:1' at (324167500, 100650000) using coordinate system rotated by 0 degree(s)
13:33:36: [INFO] Adding track segment (B.Cu): [(305117500, 103031250), (321786250, 103031250)]
13:33:36: [INFO] Adding track segment (B.Cu): [(321786250, 103031250), (324167500, 100650000)]
13:33:36: [INFO] Routing pad 'D59:1' at (324167500, 100650000) with pad 'D60:1' at (343217500, 103031250) using coordinate system rotated by 0 degree(s)
13:33:36: [INFO] Adding track segment (B.Cu): [(324167500, 100650000), (340836250, 100650000)]
13:33:36: [INFO] Adding track segment (B.Cu): [(340836250, 100650000), (343217500, 103031250)]
13:33:36: [INFO] Routing pad 'D60:1' at (343217500, 103031250) with pad 'D61:1' at (362267500, 107793750) using coordinate system rotated by 0 degree(s)
13:33:36: [INFO] Adding track segment (B.Cu): [(343217500, 103031250), (347980000, 107793750)]
13:33:36: [INFO] Adding track segment (B.Cu): [(347980000, 107793750), (362267500, 107793750)]
13:33:36: [INFO] Routing pad 'D61:1' at (362267500, 107793750) with pad 'D62:1' at (381317500, 107793750) using coordinate system rotated by 0 degree(s)
13:33:36: [INFO] Adding track segment (B.Cu): [(362267500, 107793750), (381317500, 107793750)]
13:33:36: [INFO] Routing ROW5 pads
13:33:36: [INFO] Routing pad 'D39:1' at (286067500, 48262500) with pad 'D40:1' at (305117500, 45881250) using coordinate system rotated by 0 degree(s)
13:33:36: [INFO] Adding track segment (B.Cu): [(286067500, 48262500), (302736250, 48262500)]
13:33:36: [INFO] Adding track segment (B.Cu): [(302736250, 48262500), (305117500, 45881250)]
13:33:36: [INFO] Routing pad 'D40:1' at (305117500, 45881250) with pad 'D41:1' at (324167500, 43500000) using coordinate system rotated by 0 degree(s)
13:33:36: [INFO] Adding track segment (B.Cu): [(305117500, 45881250), (321786250, 45881250)]
13:33:36: [INFO] Adding track segment (B.Cu): [(321786250, 45881250), (324167500, 43500000)]
13:33:36: [INFO] Routing pad 'D41:1' at (324167500, 43500000) with pad 'D42:1' at (343217500, 45881250) using coordinate system rotated by 0 degree(s)
13:33:36: [INFO] Adding track segment (B.Cu): [(324167500, 43500000), (340836250, 43500000)]
13:33:36: [INFO] Adding track segment (B.Cu): [(340836250, 43500000), (343217500, 45881250)]
13:33:36: [INFO] Routing pad 'D42:1' at (343217500, 45881250) with pad 'D43:1' at (362267500, 50643750) using coordinate system rotated by 0 degree(s)
13:33:36: [INFO] Adding track segment (B.Cu): [(343217500, 45881250), (347980000, 50643750)]
13:33:36: [INFO] Adding track segment (B.Cu): [(347980000, 50643750), (362267500, 50643750)]
13:33:36: [INFO] Routing pad 'D43:1' at (362267500, 50643750) with pad 'D44:1' at (381317500, 50643750) using coordinate system rotated by 0 degree(s)
13:33:36: [INFO] Adding track segment (B.Cu): [(362267500, 50643750), (381317500, 50643750)]
13:33:37: [INFO] Routing ROW4 pads
13:33:37: [INFO] Routing pad 'D38:1' at (147955000, 124462500) with pad 'D37:1' at (167005000, 124462500) using coordinate system rotated by 0 degree(s)
13:33:37: [INFO] Adding track segment (B.Cu): [(147955000, 124462500), (167005000, 124462500)]
13:33:37: [INFO] Routing pad 'D37:1' at (167005000, 124462500) with pad 'D36:1' at (186055000, 129225000) using coordinate system rotated by 0 degree(s)
13:33:37: [INFO] Adding track segment (B.Cu): [(167005000, 124462500), (171767500, 129225000)]
13:33:37: [INFO] Adding track segment (B.Cu): [(171767500, 129225000), (186055000, 129225000)]
13:33:37: [WARNING] Could not route pads when parent footprints not rotated the same, footprint1: D36 at 90.0 degree(s) and footprint2: D35 at 60.0 degree(s)
13:33:37: [INFO] Removing dangling tracks
