=== kbplacer.kle_serial ===
=== layout2image.py ===
=== kbplacer ===
14:33:32: [INFO] User layout: https://editor.keyboard-tools.xyz/#share=NrDeCIHdwLgAgEwBo7gBa0QXxeADEnuALrFA
14:33:32: [INFO] Labels prefixes: for rows: 'ROW', for columns: 'COL'
14:33:32: [INFO] Matrix size: 0x0
14:33:32: [INFO] Add COL0 net
14:33:32: [INFO] Add Net-(D1-A) net
14:33:32: [INFO] Add ROW0 net
14:33:32: [INFO] Add SW1 footprint
14:33:32: [INFO] Add D1 footprint
14:33:32: [INFO] Add ST1 footprint
14:33:32: [INFO] Detected layout convertible to matrix annotated keyboard
14:33:32: [INFO] Using key 1U distance: (19.05, 19.05) mm
14:33:32: [INFO] Layout offset: (38100000, 38100000)
14:33:32: [INFO] Diode info: [ElementInfo(annotation_format='D{}', position_option=<PositionOption.CUSTOM: 'Custom'>, position=ElementPosition(x=5.08, y=4.0, orientation=90.0, side=<Side.BACK: 'Back'>), template_path='', start_index=-1)]
14:33:32: [INFO] Placing additional elements for SW1
14:33:32: [INFO] Routing SW1 with D1
14:33:32: [INFO] Using internal autorouter method
14:33:32: [INFO] Routing pad 'SW1:2' at (59690000, 52070000) with pad 'D1:2' at (62230000, 59750000) using coordinate system rotated by 0 degree(s)
14:33:32: [INFO] Adding track segment (B.Cu): [(59690000, 52070000), (59690000, 57210000)]
14:33:32: [INFO] Adding track segment (B.Cu): [(59690000, 57210000), (62230000, 59750000)]
14:33:32: [INFO] Routing COL0 pads
14:33:32: [INFO] Routing ROW0 pads
14:33:32: [INFO] Removing dangling tracks
