=== kbplacer.kle_serial ===
=== layout2image.py ===
=== kbplacer ===
13:31:10: [INFO] User layout: https://editor.keyboard-tools.xyz/#share=NrDeCIA9wLgAgEwDoDsBWAvgGjuADFguDhNPABxKY75YCMd4AulgFBhSxx6po0CeXALQ90NAMZdwAYhRz54bLgJ5icCJPgzxO3YpoFGJTvDo9qy+kWObc0gIaOna8AHcuCJbToBmNaS4eBAtwABZ6UOY2DjJuKhp3UyovOixVGylpXT0U+n8TODMkPFyGF1S6a3VwWxknZwSuOmSaCr9jWKCQisiWdgD4Lsak9C8ENPzarOzJMbyOrgBOFtxxsxc1o2qp+QVhxCRgud98zsO+XCn6x31ViKj+tw9zrx8JjK1p7NvwN62BuDLEJ-dLbTLXewuRKFXiveiMPoxJoANgEwlEwPofkREEE8BE532zRC4VUOIKdAu4DxcAJoxo4TKDKsLkZ2OiEAATk1xrhObFQrwaJyachgjRYkJmuLcDSpULLpkZrMDFh2pZIqq0C4CMiHkj8c16bhUlVwKl1easJqTVhteTJcS5mbxpbxjbwON7RyCvKSjQ3ma3pa3h63t7Ho7ihJwdcoU0VmFCJNMrs5PH4J5mTaNLH6j9whGONzDbzwPymtKqSKuG9cJLkGJZcJkFSpsqfgQUDqsOQe4se+sHcIfC9Wlg9ePu+O++OB+Ohz7JaP-XdJ3dp3dZ3cB8P8Y3MevflhN8ft8fd0uR4TFZ806foQevOF17nPhCMzCSVhd0wgA
13:31:10: [INFO] Labels prefixes: for rows: 'ROW', for columns: 'COL'
13:31:10: [INFO] Matrix size: 4x14
13:31:10: [WARNING] No stabilizer footprint for width 2.25u, using 2u as fallback
13:31:10: [WARNING] No stabilizer footprint for width 2.25u, using 2u as fallback
13:31:11: [WARNING] No stabilizer footprint for width 2.75u, using 2u as fallback
13:31:11: [INFO] Add COL0 net
13:31:11: [INFO] Add COL1 net
13:31:11: [INFO] Add COL10 net
13:31:11: [INFO] Add COL11 net
13:31:11: [INFO] Add COL12 net
13:31:11: [INFO] Add COL13 net
13:31:11: [INFO] Add COL14 net
13:31:11: [INFO] Add COL2 net
13:31:11: [INFO] Add COL3 net
13:31:11: [INFO] Add COL4 net
13:31:11: [INFO] Add COL5 net
13:31:11: [INFO] Add COL6 net
13:31:11: [INFO] Add COL7 net
13:31:11: [INFO] Add COL8 net
13:31:11: [INFO] Add COL9 net
13:31:11: [INFO] Add Net-(D1-A) net
13:31:11: [INFO] Add Net-(D10-A) net
13:31:11: [INFO] Add Net-(D11-A) net
13:31:11: [INFO] Add Net-(D12-A) net
13:31:11: [INFO] Add Net-(D13-A) net
13:31:11: [INFO] Add Net-(D14-A) net
13:31:11: [INFO] Add Net-(D15-A) net
13:31:11: [INFO] Add Net-(D16-A) net
13:31:11: [INFO] Add Net-(D17-A) net
13:31:11: [INFO] Add Net-(D18-A) net
13:31:11: [INFO] Add Net-(D19-A) net
13:31:11: [INFO] Add Net-(D2-A) net
13:31:11: [INFO] Add Net-(D20-A) net
13:31:11: [INFO] Add Net-(D21-A) net
13:31:11: [INFO] Add Net-(D22-A) net
13:31:11: [INFO] Add Net-(D23-A) net
13:31:11: [INFO] Add Net-(D24-A) net
13:31:11: [INFO] Add Net-(D25-A) net
13:31:11: [INFO] Add Net-(D26-A) net
13:31:11: [INFO] Add Net-(D27-A) net
13:31:11: [INFO] Add Net-(D28-A) net
13:31:11: [INFO] Add Net-(D29-A) net
13:31:11: [INFO] Add Net-(D3-A) net
13:31:11: [INFO] Add Net-(D30-A) net
13:31:11: [INFO] Add Net-(D31-A) net
13:31:11: [INFO] Add Net-(D32-A) net
13:31:11: [INFO] Add Net-(D33-A) net
13:31:11: [INFO] Add Net-(D34-A) net
13:31:11: [INFO] Add Net-(D35-A) net
13:31:11: [INFO] Add Net-(D36-A) net
13:31:11: [INFO] Add Net-(D37-A) net
13:31:11: [INFO] Add Net-(D38-A) net
13:31:11: [INFO] Add Net-(D39-A) net
13:31:11: [INFO] Add Net-(D4-A) net
13:31:11: [INFO] Add Net-(D40-A) net
13:31:11: [INFO] Add Net-(D41-A) net
13:31:11: [INFO] Add Net-(D42-A) net
13:31:11: [INFO] Add Net-(D43-A) net
13:31:11: [INFO] Add Net-(D44-A) net
13:31:11: [INFO] Add Net-(D45-A) net
13:31:11: [INFO] Add Net-(D46-A) net
13:31:11: [INFO] Add Net-(D47-A) net
13:31:11: [INFO] Add Net-(D48-A) net
13:31:11: [INFO] Add Net-(D49-A) net
13:31:11: [INFO] Add Net-(D5-A) net
13:31:11: [INFO] Add Net-(D50-A) net
13:31:11: [INFO] Add Net-(D51-A) net
13:31:11: [INFO] Add Net-(D52-A) net
13:31:11: [INFO] Add Net-(D53-A) net
13:31:11: [INFO] Add Net-(D54-A) net
13:31:11: [INFO] Add Net-(D55-A) net
13:31:11: [INFO] Add Net-(D56-A) net
13:31:11: [INFO] Add Net-(D57-A) net
13:31:11: [INFO] Add Net-(D58-A) net
13:31:11: [INFO] Add Net-(D59-A) net
13:31:11: [INFO] Add Net-(D6-A) net
13:31:11: [INFO] Add Net-(D60-A) net
13:31:11: [INFO] Add Net-(D61-A) net
13:31:11: [INFO] Add Net-(D62-A) net
13:31:11: [INFO] Add Net-(D63-A) net
13:31:11: [INFO] Add Net-(D64-A) net
13:31:11: [INFO] Add Net-(D65-A) net
13:31:11: [INFO] Add Net-(D66-A) net
13:31:11: [INFO] Add Net-(D7-A) net
13:31:11: [INFO] Add Net-(D8-A) net
13:31:11: [INFO] Add Net-(D9-A) net
13:31:11: [INFO] Add ROW0 net
13:31:11: [INFO] Add ROW1 net
13:31:11: [INFO] Add ROW2 net
13:31:11: [INFO] Add ROW3 net
13:31:11: [INFO] Add ROW4 net
13:31:11: [INFO] Add SW1 footprint
13:31:11: [INFO] Add D1 footprint
13:31:11: [INFO] Add SW2 footprint
13:31:11: [INFO] Add D2 footprint
13:31:11: [INFO] Add SW3 footprint
13:31:11: [INFO] Add D3 footprint
13:31:11: [INFO] Add SW4 footprint
13:31:11: [INFO] Add D4 footprint
13:31:11: [INFO] Add SW5 footprint
13:31:11: [INFO] Add D5 footprint
13:31:11: [INFO] Add SW6 footprint
13:31:11: [INFO] Add D6 footprint
13:31:11: [INFO] Add SW7 footprint
13:31:11: [INFO] Add D7 footprint
13:31:11: [INFO] Add SW8 footprint
13:31:11: [INFO] Add D8 footprint
13:31:11: [INFO] Add SW9 footprint
13:31:11: [INFO] Add D9 footprint
13:31:11: [INFO] Add SW10 footprint
13:31:11: [INFO] Add D10 footprint
13:31:11: [INFO] Add SW11 footprint
13:31:11: [INFO] Add D11 footprint
13:31:11: [INFO] Add SW12 footprint
13:31:11: [INFO] Add D12 footprint
13:31:11: [INFO] Add SW13 footprint
13:31:11: [INFO] Add D13 footprint
13:31:11: [INFO] Add SW14 footprint
13:31:11: [INFO] Add D14 footprint
13:31:11: [INFO] Add ST14 footprint
13:31:12: [INFO] Add SW15 footprint
13:31:12: [INFO] Add D15 footprint
13:31:12: [INFO] Add SW16 footprint
13:31:12: [INFO] Add D16 footprint
13:31:12: [INFO] Add SW17 footprint
13:31:12: [INFO] Add D17 footprint
13:31:12: [INFO] Add SW18 footprint
13:31:12: [INFO] Add D18 footprint
13:31:12: [INFO] Add SW19 footprint
13:31:12: [INFO] Add D19 footprint
13:31:12: [INFO] Add SW20 footprint
13:31:12: [INFO] Add D20 footprint
13:31:12: [INFO] Add SW21 footprint
13:31:12: [INFO] Add D21 footprint
13:31:12: [INFO] Add SW22 footprint
13:31:12: [INFO] Add D22 footprint
13:31:12: [INFO] Add SW23 footprint
13:31:12: [INFO] Add D23 footprint
13:31:12: [INFO] Add SW24 footprint
13:31:12: [INFO] Add D24 footprint
13:31:12: [INFO] Add SW25 footprint
13:31:12: [INFO] Add D25 footprint
13:31:12: [INFO] Add SW26 footprint
13:31:12: [INFO] Add D26 footprint
13:31:12: [INFO] Add SW27 footprint
13:31:12: [INFO] Add D27 footprint
13:31:12: [INFO] Add SW28 footprint
13:31:12: [INFO] Add D28 footprint
13:31:12: [INFO] Add SW29 footprint
13:31:12: [INFO] Add D29 footprint
13:31:12: [INFO] Add SW30 footprint
13:31:12: [INFO] Add D30 footprint
13:31:12: [INFO] Add SW31 footprint
13:31:13: [INFO] Add D31 footprint
13:31:13: [INFO] Add SW32 footprint
13:31:13: [INFO] Add D32 footprint
13:31:13: [INFO] Add SW33 footprint
13:31:13: [INFO] Add D33 footprint
13:31:13: [INFO] Add SW34 footprint
13:31:13: [INFO] Add D34 footprint
13:31:13: [INFO] Add SW35 footprint
13:31:13: [INFO] Add D35 footprint
13:31:13: [INFO] Add SW36 footprint
13:31:13: [INFO] Add D36 footprint
13:31:13: [INFO] Add SW37 footprint
13:31:13: [INFO] Add D37 footprint
13:31:13: [INFO] Add SW38 footprint
13:31:13: [INFO] Add D38 footprint
13:31:13: [INFO] Add SW39 footprint
13:31:13: [INFO] Add D39 footprint
13:31:13: [INFO] Add SW40 footprint
13:31:13: [INFO] Add D40 footprint
13:31:13: [INFO] Add SW41 footprint
13:31:13: [INFO] Add D41 footprint
13:31:13: [INFO] Add SW42 footprint
13:31:13: [INFO] Add D42 footprint
13:31:13: [WARNING] No stabilizer footprint for width 2.25u, using 2u as fallback
13:31:13: [INFO] Add ST42 footprint
13:31:13: [INFO] Add SW43 footprint
13:31:13: [INFO] Add D43 footprint
13:31:13: [INFO] Add SW44 footprint
13:31:13: [INFO] Add D44 footprint
13:31:13: [WARNING] No stabilizer footprint for width 2.25u, using 2u as fallback
13:31:13: [INFO] Add ST44 footprint
13:31:13: [INFO] Add SW45 footprint
13:31:13: [INFO] Add D45 footprint
13:31:13: [INFO] Add SW46 footprint
13:31:13: [INFO] Add D46 footprint
13:31:13: [INFO] Add SW47 footprint
13:31:13: [INFO] Add D47 footprint
13:31:13: [INFO] Add SW48 footprint
13:31:14: [INFO] Add D48 footprint
13:31:14: [INFO] Add SW49 footprint
13:31:14: [INFO] Add D49 footprint
13:31:14: [INFO] Add SW50 footprint
13:31:14: [INFO] Add D50 footprint
13:31:14: [INFO] Add SW51 footprint
13:31:14: [INFO] Add D51 footprint
13:31:14: [INFO] Add SW52 footprint
13:31:14: [INFO] Add D52 footprint
13:31:14: [INFO] Add SW53 footprint
13:31:14: [INFO] Add D53 footprint
13:31:14: [INFO] Add SW54 footprint
13:31:14: [INFO] Add D54 footprint
13:31:14: [INFO] Add SW55 footprint
13:31:14: [INFO] Add D55 footprint
13:31:14: [INFO] Add SW56 footprint
13:31:14: [INFO] Add D56 footprint
13:31:14: [INFO] Add SW57 footprint
13:31:14: [INFO] Add D57 footprint
13:31:14: [INFO] Add SW58 footprint
13:31:14: [INFO] Add D58 footprint
13:31:14: [INFO] Add SW59 footprint
13:31:14: [INFO] Add D59 footprint
13:31:14: [INFO] Add ST59 footprint
13:31:14: [INFO] Add SW60 footprint
13:31:14: [INFO] Add D60 footprint
13:31:14: [INFO] Add SW61 footprint
13:31:14: [INFO] Add D61 footprint
13:31:14: [WARNING] No stabilizer footprint for width 2.75u, using 2u as fallback
13:31:14: [INFO] Add ST61 footprint
13:31:14: [INFO] Add SW62 footprint
13:31:14: [INFO] Add D62 footprint
13:31:14: [INFO] Add SW63 footprint
13:31:14: [INFO] Add D63 footprint
13:31:14: [INFO] Add SW64 footprint
13:31:15: [INFO] Add D64 footprint
13:31:15: [INFO] Add SW65 footprint
13:31:15: [INFO] Add D65 footprint
13:31:15: [INFO] Add SW66 footprint
13:31:15: [INFO] Add D66 footprint
13:31:15: [INFO] Detected layout convertible to matrix annotated keyboard
13:31:15: [INFO] Using key 1U distance: (19.05, 19.05) mm
13:31:15: [INFO] Layout offset: (33337500, 28575000)
13:31:15: [INFO] Diode info: [ElementInfo(annotation_format='D{}', position_option=<PositionOption.CUSTOM: 'Custom'>, position=ElementPosition(x=5.08, y=4.0, orientation=90.0, side=<Side.BACK: 'Back'>), template_path='', start_index=-1)]
13:31:15: [INFO] Placing additional elements for SW66
13:31:15: [INFO] Placing additional elements for SW65
13:31:15: [INFO] Placing additional elements for SW64
13:31:15: [INFO] Placing additional elements for SW63
13:31:15: [INFO] Placing additional elements for SW62
13:31:15: [INFO] Placing additional elements for SW61
13:31:15: [INFO] Placing additional elements for SW60
13:31:15: [INFO] Placing additional elements for SW59
13:31:15: [INFO] Placing additional elements for SW58
13:31:15: [INFO] Placing additional elements for SW57
13:31:15: [INFO] Placing additional elements for SW56
13:31:15: [INFO] Placing additional elements for SW55
13:31:15: [INFO] Placing additional elements for SW54
13:31:15: [INFO] Placing additional elements for SW53
13:31:15: [INFO] Placing additional elements for SW52
13:31:15: [INFO] Placing additional elements for SW51
13:31:15: [INFO] Placing additional elements for SW50
13:31:15: [INFO] Placing additional elements for SW49
13:31:15: [INFO] Placing additional elements for SW48
13:31:15: [INFO] Placing additional elements for SW47
13:31:15: [INFO] Placing additional elements for SW46
13:31:15: [INFO] Placing additional elements for SW45
13:31:15: [INFO] Placing additional elements for SW44
13:31:15: [INFO] Placing additional elements for SW43
13:31:15: [INFO] Placing additional elements for SW42
13:31:15: [INFO] Placing additional elements for SW41
13:31:15: [INFO] Placing additional elements for SW40
13:31:15: [INFO] Placing additional elements for SW39
13:31:15: [INFO] Placing additional elements for SW38
13:31:15: [INFO] Placing additional elements for SW37
13:31:15: [INFO] Placing additional elements for SW36
13:31:15: [INFO] Placing additional elements for SW35
13:31:15: [INFO] Placing additional elements for SW34
13:31:15: [INFO] Placing additional elements for SW33
13:31:15: [INFO] Placing additional elements for SW32
13:31:15: [INFO] Placing additional elements for SW31
13:31:15: [INFO] Placing additional elements for SW30
13:31:15: [INFO] Placing additional elements for SW29
13:31:15: [INFO] Placing additional elements for SW28
13:31:15: [INFO] Placing additional elements for SW27
13:31:15: [INFO] Placing additional elements for SW26
13:31:15: [INFO] Placing additional elements for SW25
13:31:15: [INFO] Placing additional elements for SW24
13:31:15: [INFO] Placing additional elements for SW23
13:31:15: [INFO] Placing additional elements for SW22
13:31:15: [INFO] Placing additional elements for SW21
13:31:15: [INFO] Placing additional elements for SW20
13:31:15: [INFO] Placing additional elements for SW19
13:31:15: [INFO] Placing additional elements for SW18
13:31:15: [INFO] Placing additional elements for SW17
13:31:15: [INFO] Placing additional elements for SW16
13:31:15: [INFO] Placing additional elements for SW15
13:31:15: [INFO] Placing additional elements for SW14
13:31:15: [INFO] Placing additional elements for SW13
13:31:15: [INFO] Placing additional elements for SW12
13:31:15: [INFO] Placing additional elements for SW11
13:31:15: [INFO] Placing additional elements for SW10
13:31:15: [INFO] Placing additional elements for SW9
13:31:15: [INFO] Placing additional elements for SW8
13:31:15: [INFO] Placing additional elements for SW7
13:31:15: [INFO] Placing additional elements for SW6
13:31:15: [INFO] Placing additional elements for SW5
13:31:15: [INFO] Placing additional elements for SW4
13:31:15: [INFO] Placing additional elements for SW3
13:31:15: [INFO] Placing additional elements for SW2
13:31:15: [INFO] Placing additional elements for SW1
13:31:15: [INFO] Routing SW66 with D66
13:31:15: [INFO] Using internal autorouter method
13:31:15: [INFO] Routing pad 'SW66:2' at (359727500, 37782500) with pad 'D66:2' at (362267500, 45462500) using coordinate system rotated by 0 degree(s)
13:31:15: [INFO] Adding track segment (B.Cu): [(359727500, 37782500), (359727500, 42922500)]
13:31:15: [INFO] Adding track segment (B.Cu): [(359727500, 42922500), (362267500, 45462500)]
13:31:15: [INFO] Routing SW65 with D65
13:31:15: [INFO] Using internal autorouter method
13:31:15: [INFO] Routing pad 'SW65:2' at (369252500, 118745000) with pad 'D65:2' at (371792500, 126425000) using coordinate system rotated by 0 degree(s)
13:31:15: [INFO] Adding track segment (B.Cu): [(369252500, 118745000), (369252500, 123885000)]
13:31:15: [INFO] Adding track segment (B.Cu): [(369252500, 123885000), (371792500, 126425000)]
13:31:15: [INFO] Routing SW64 with D64
13:31:15: [INFO] Using internal autorouter method
13:31:15: [INFO] Routing pad 'SW64:2' at (350202500, 118745000) with pad 'D64:2' at (352742500, 126425000) using coordinate system rotated by 0 degree(s)
13:31:15: [INFO] Adding track segment (B.Cu): [(350202500, 118745000), (350202500, 123885000)]
13:31:15: [INFO] Adding track segment (B.Cu): [(350202500, 123885000), (352742500, 126425000)]
13:31:15: [INFO] Routing SW63 with D63
13:31:15: [INFO] Using internal autorouter method
13:31:15: [INFO] Routing pad 'SW63:2' at (331152500, 118745000) with pad 'D63:2' at (333692500, 126425000) using coordinate system rotated by 0 degree(s)
13:31:15: [INFO] Adding track segment (B.Cu): [(331152500, 118745000), (331152500, 123885000)]
13:31:15: [INFO] Adding track segment (B.Cu): [(331152500, 123885000), (333692500, 126425000)]
13:31:15: [INFO] Routing SW62 with D62
13:31:15: [INFO] Using internal autorouter method
13:31:15: [INFO] Routing pad 'SW62:2' at (261658167, 116505158) with pad 'D62:2' at (265739423, 123489236) using coordinate system rotated by 348.0 degree(s)
13:31:15: [INFO] Adding track segment (B.Cu): [(261658167, 116505158), (262726832, 121532836)]
13:31:15: [INFO] Adding track segment (B.Cu): [(262726832, 121532836), (265739423, 123489236)]
13:31:15: [INFO] Routing SW61 with D61
13:31:15: [INFO] Using internal autorouter method
13:31:15: [INFO] Routing pad 'SW61:2' at (222061530, 124921683) with pad 'D61:2' at (226142786, 131905761) using coordinate system rotated by 348.0 degree(s)
13:31:15: [INFO] Adding track segment (B.Cu): [(222061530, 124921683), (223130195, 129949362)]
13:31:15: [INFO] Adding track segment (B.Cu): [(223130195, 129949362), (226142786, 131905761)]
13:31:15: [INFO] Routing SW60 with D60
13:31:15: [INFO] Using internal autorouter method
13:31:15: [INFO] Routing pad 'SW60:2' at (172374848, 130121467) with pad 'D60:2' at (173262581, 138161735) using coordinate system rotated by 12.0 degree(s)
13:31:15: [INFO] Adding track segment (B.Cu): [(172374848, 130121467), (171306181, 135149144)]
13:31:15: [INFO] Adding track segment (B.Cu): [(171306181, 135149144), (173262581, 138161735)]
13:31:15: [INFO] Routing SW59 with D59
13:31:15: [INFO] Using internal autorouter method
13:31:15: [INFO] Routing pad 'SW59:2' at (144424280, 124180390) with pad 'D59:2' at (145312013, 132220658) using coordinate system rotated by 12.0 degree(s)
13:31:15: [INFO] Adding track segment (B.Cu): [(144424280, 124180390), (143355613, 129208067)]
13:31:15: [INFO] Adding track segment (B.Cu): [(143355613, 129208067), (145312013, 132220658)]
13:31:15: [INFO] Routing SW58 with D58
13:31:15: [INFO] Using internal autorouter method
13:31:15: [INFO] Routing pad 'SW58:2' at (111815284, 117249134) with pad 'D58:2' at (112703017, 125289402) using coordinate system rotated by 12.0 degree(s)
13:31:15: [INFO] Adding track segment (B.Cu): [(111815284, 117249134), (110746617, 122276811)]
13:31:15: [INFO] Adding track segment (B.Cu): [(110746617, 122276811), (112703017, 125289402)]
13:31:15: [INFO] Routing SW57 with D57
13:31:15: [INFO] Using internal autorouter method
13:31:15: [INFO] Routing pad 'SW57:2' at (50165000, 113982500) with pad 'D57:2' at (52705000, 121662500) using coordinate system rotated by 0 degree(s)
13:31:15: [INFO] Adding track segment (B.Cu): [(50165000, 113982500), (50165000, 119122500)]
13:31:15: [INFO] Adding track segment (B.Cu): [(50165000, 119122500), (52705000, 121662500)]
13:31:15: [INFO] Routing SW56 with D56
13:31:15: [INFO] Using internal autorouter method
13:31:15: [INFO] Routing pad 'SW56:2' at (350202500, 99695000) with pad 'D56:2' at (352742500, 107375000) using coordinate system rotated by 0 degree(s)
13:31:15: [INFO] Adding track segment (B.Cu): [(350202500, 99695000), (350202500, 104835000)]
13:31:15: [INFO] Adding track segment (B.Cu): [(350202500, 104835000), (352742500, 107375000)]
13:31:15: [INFO] Routing SW55 with D55
13:31:15: [INFO] Using internal autorouter method
13:31:15: [INFO] Routing pad 'SW55:2' at (314483750, 94932500) with pad 'D55:2' at (317023750, 102612500) using coordinate system rotated by 0 degree(s)
13:31:15: [INFO] Adding track segment (B.Cu): [(314483750, 94932500), (314483750, 100072500)]
13:31:15: [INFO] Adding track segment (B.Cu): [(314483750, 100072500), (317023750, 102612500)]
13:31:15: [INFO] Routing SW54 with D54
13:31:15: [INFO] Using internal autorouter method
13:31:15: [INFO] Routing pad 'SW54:2' at (288290000, 94932500) with pad 'D54:2' at (290830000, 102612500) using coordinate system rotated by 0 degree(s)
13:31:15: [INFO] Adding track segment (B.Cu): [(288290000, 94932500), (288290000, 100072500)]
13:31:15: [INFO] Adding track segment (B.Cu): [(288290000, 100072500), (290830000, 102612500)]
13:31:15: [INFO] Routing SW53 with D53
13:31:15: [INFO] Using internal autorouter method
13:31:15: [INFO] Routing pad 'SW53:2' at (267014306, 95891088) with pad 'D53:2' at (271095562, 102875166) using coordinate system rotated by 348.0 degree(s)
13:31:15: [INFO] Adding track segment (B.Cu): [(267014306, 95891088), (268082971, 100918767)]
13:31:15: [INFO] Adding track segment (B.Cu): [(268082971, 100918767), (271095562, 102875166)]
13:31:15: [INFO] Routing SW52 with D52
13:31:15: [INFO] Using internal autorouter method
13:31:15: [INFO] Routing pad 'SW52:2' at (248380594, 99851805) with pad 'D52:2' at (252461850, 106835883) using coordinate system rotated by 348.0 degree(s)
13:31:15: [INFO] Adding track segment (B.Cu): [(248380594, 99851805), (249449259, 104879484)]
13:31:15: [INFO] Adding track segment (B.Cu): [(249449259, 104879484), (252461850, 106835883)]
13:31:15: [INFO] Routing SW51 with D51
13:31:15: [INFO] Using internal autorouter method
13:31:15: [INFO] Routing pad 'SW51:2' at (229746882, 103812523) with pad 'D51:2' at (233828138, 110796601) using coordinate system rotated by 348.0 degree(s)
13:31:15: [INFO] Adding track segment (B.Cu): [(229746882, 103812523), (230815547, 108840201)]
13:31:15: [INFO] Adding track segment (B.Cu): [(230815547, 108840201), (233828138, 110796601)]
13:31:15: [INFO] Routing SW50 with D50
13:31:15: [INFO] Using internal autorouter method
13:31:15: [INFO] Routing pad 'SW50:2' at (211113170, 107773241) with pad 'D50:2' at (215194426, 114757319) using coordinate system rotated by 348.0 degree(s)
13:31:15: [INFO] Adding track segment (B.Cu): [(211113170, 107773241), (212181835, 112800919)]
13:31:15: [INFO] Adding track segment (B.Cu): [(212181835, 112800919), (215194426, 114757319)]
13:31:15: [INFO] Routing SW49 with D49
13:31:15: [INFO] Using internal autorouter method
13:31:15: [INFO] Routing pad 'SW49:2' at (167018709, 109507396) with pad 'D49:2' at (167906442, 117547664) using coordinate system rotated by 12.0 degree(s)
13:31:15: [INFO] Adding track segment (B.Cu): [(167018709, 109507396), (165950042, 114535074)]
13:31:15: [INFO] Adding track segment (B.Cu): [(165950042, 114535074), (167906442, 117547664)]
13:31:15: [INFO] Routing SW48 with D48
13:31:15: [INFO] Using internal autorouter method
13:31:15: [INFO] Routing pad 'SW48:2' at (148384998, 105546678) with pad 'D48:2' at (149272731, 113586946) using coordinate system rotated by 12.0 degree(s)
13:31:15: [INFO] Adding track segment (B.Cu): [(148384998, 105546678), (147316332, 110574355)]
13:31:15: [INFO] Adding track segment (B.Cu): [(147316332, 110574355), (149272731, 113586946)]
13:31:15: [INFO] Routing SW47 with D47
13:31:15: [INFO] Using internal autorouter method
13:31:15: [INFO] Routing pad 'SW47:2' at (129751286, 101585960) with pad 'D47:2' at (130639019, 109626228) using coordinate system rotated by 12.0 degree(s)
13:31:15: [INFO] Adding track segment (B.Cu): [(129751286, 101585960), (128682619, 106613636)]
13:31:15: [INFO] Adding track segment (B.Cu): [(128682619, 106613636), (130639019, 109626228)]
13:31:15: [INFO] Routing SW46 with D46
13:31:15: [INFO] Using internal autorouter method
13:31:15: [INFO] Routing pad 'SW46:2' at (111117574, 97625243) with pad 'D46:2' at (112005307, 105665511) using coordinate system rotated by 12.0 degree(s)
13:31:15: [INFO] Adding track segment (B.Cu): [(111117574, 97625243), (110048907, 102652920)]
13:31:15: [INFO] Adding track segment (B.Cu): [(110048907, 102652920), (112005307, 105665511)]
13:31:15: [INFO] Routing SW45 with D45
13:31:15: [INFO] Using internal autorouter method
13:31:15: [INFO] Routing pad 'SW45:2' at (88265000, 94932500) with pad 'D45:2' at (90805000, 102612500) using coordinate system rotated by 0 degree(s)
13:31:15: [INFO] Adding track segment (B.Cu): [(88265000, 94932500), (88265000, 100072500)]
13:31:15: [INFO] Adding track segment (B.Cu): [(88265000, 100072500), (90805000, 102612500)]
13:31:15: [INFO] Routing SW44 with D44
13:31:15: [INFO] Using internal autorouter method
13:31:15: [INFO] Routing pad 'SW44:2' at (57308750, 94932500) with pad 'D44:2' at (59848750, 102612500) using coordinate system rotated by 0 degree(s)
13:31:15: [INFO] Adding track segment (B.Cu): [(57308750, 94932500), (57308750, 100072500)]
13:31:15: [INFO] Adding track segment (B.Cu): [(57308750, 100072500), (59848750, 102612500)]
13:31:15: [INFO] Routing SW43 with D43
13:31:15: [INFO] Using internal autorouter method
13:31:15: [INFO] Routing pad 'SW43:2' at (369252500, 75882500) with pad 'D43:2' at (371792500, 83562500) using coordinate system rotated by 0 degree(s)
13:31:15: [INFO] Adding track segment (B.Cu): [(369252500, 75882500), (369252500, 81022500)]
13:31:15: [INFO] Adding track segment (B.Cu): [(369252500, 81022500), (371792500, 83562500)]
13:31:15: [INFO] Routing SW42 with D42
13:31:15: [INFO] Using internal autorouter method
13:31:15: [INFO] Routing pad 'SW42:2' at (333533750, 75882500) with pad 'D42:2' at (336073750, 83562500) using coordinate system rotated by 0 degree(s)
13:31:15: [INFO] Adding track segment (B.Cu): [(333533750, 75882500), (333533750, 81022500)]
13:31:15: [INFO] Adding track segment (B.Cu): [(333533750, 81022500), (336073750, 83562500)]
13:31:15: [INFO] Routing SW41 with D41
13:31:15: [INFO] Using internal autorouter method
13:31:15: [INFO] Routing pad 'SW41:2' at (302577500, 75882500) with pad 'D41:2' at (305117500, 83562500) using coordinate system rotated by 0 degree(s)
13:31:15: [INFO] Adding track segment (B.Cu): [(302577500, 75882500), (302577500, 81022500)]
13:31:15: [INFO] Adding track segment (B.Cu): [(302577500, 81022500), (305117500, 83562500)]
13:31:15: [INFO] Routing SW40 with D40
13:31:15: [INFO] Using internal autorouter method
13:31:15: [INFO] Routing pad 'SW40:2' at (283527500, 75882500) with pad 'D40:2' at (286067500, 83562500) using coordinate system rotated by 0 degree(s)
13:31:15: [INFO] Adding track segment (B.Cu): [(283527500, 75882500), (283527500, 81022500)]
13:31:15: [INFO] Adding track segment (B.Cu): [(283527500, 81022500), (286067500, 83562500)]
13:31:15: [INFO] Routing SW39 with D39
13:31:15: [INFO] Using internal autorouter method
13:31:15: [INFO] Routing pad 'SW39:2' at (258395160, 78247555) with pad 'D39:2' at (262476416, 85231633) using coordinate system rotated by 348.0 degree(s)
13:31:15: [INFO] Adding track segment (B.Cu): [(258395160, 78247555), (259463825, 83275233)]
13:31:15: [INFO] Adding track segment (B.Cu): [(259463825, 83275233), (262476416, 85231633)]
13:31:15: [INFO] Routing SW38 with D38
13:31:15: [INFO] Using internal autorouter method
13:31:15: [INFO] Routing pad 'SW38:2' at (239761448, 82208273) with pad 'D38:2' at (243842704, 89192351) using coordinate system rotated by 348.0 degree(s)
13:31:15: [INFO] Adding track segment (B.Cu): [(239761448, 82208273), (240830114, 87235952)]
13:31:15: [INFO] Adding track segment (B.Cu): [(240830114, 87235952), (243842704, 89192351)]
13:31:15: [INFO] Routing SW37 with D37
13:31:15: [INFO] Using internal autorouter method
13:31:15: [INFO] Routing pad 'SW37:2' at (221127736, 86168991) with pad 'D37:2' at (225208992, 93153069) using coordinate system rotated by 348.0 degree(s)
13:31:15: [INFO] Adding track segment (B.Cu): [(221127736, 86168991), (222196401, 91196669)]
13:31:15: [INFO] Adding track segment (B.Cu): [(222196401, 91196669), (225208992, 93153069)]
13:31:15: [INFO] Routing SW36 with D36
13:31:15: [INFO] Using internal autorouter method
13:31:15: [INFO] Routing pad 'SW36:2' at (202494025, 90129708) with pad 'D36:2' at (206575281, 97113786) using coordinate system rotated by 348.0 degree(s)
13:31:15: [INFO] Adding track segment (B.Cu): [(202494025, 90129708), (203562690, 95157386)]
13:31:15: [INFO] Adding track segment (B.Cu): [(203562690, 95157386), (206575281, 97113786)]
13:31:15: [INFO] Routing SW35 with D35
13:31:15: [INFO] Using internal autorouter method
13:31:15: [INFO] Routing pad 'SW35:2' at (161662571, 88893325) with pad 'D35:2' at (162550304, 96933593) using coordinate system rotated by 12.0 degree(s)
13:31:15: [INFO] Adding track segment (B.Cu): [(161662571, 88893325), (160593904, 93921001)]
13:31:15: [INFO] Adding track segment (B.Cu): [(160593904, 93921001), (162550304, 96933593)]
13:31:15: [INFO] Routing SW34 with D34
13:31:15: [INFO] Using internal autorouter method
13:31:15: [INFO] Routing pad 'SW34:2' at (143028860, 84932608) with pad 'D34:2' at (143916593, 92972876) using coordinate system rotated by 12.0 degree(s)
13:31:15: [INFO] Adding track segment (B.Cu): [(143028860, 84932608), (141960193, 89960285)]
13:31:15: [INFO] Adding track segment (B.Cu): [(141960193, 89960285), (143916593, 92972876)]
13:31:15: [INFO] Routing SW33 with D33
13:31:15: [INFO] Using internal autorouter method
13:31:15: [INFO] Routing pad 'SW33:2' at (124395148, 80971890) with pad 'D33:2' at (125282881, 89012158) using coordinate system rotated by 12.0 degree(s)
13:31:15: [INFO] Adding track segment (B.Cu): [(124395148, 80971890), (123326481, 85999568)]
13:31:15: [INFO] Adding track segment (B.Cu): [(123326481, 85999568), (125282881, 89012158)]
13:31:15: [INFO] Routing SW32 with D32
13:31:15: [INFO] Using internal autorouter method
13:31:15: [INFO] Routing pad 'SW32:2' at (105761436, 77011172) with pad 'D32:2' at (106649169, 85051440) using coordinate system rotated by 12.0 degree(s)
13:31:15: [INFO] Adding track segment (B.Cu): [(105761436, 77011172), (104692769, 82038848)]
13:31:15: [INFO] Adding track segment (B.Cu): [(104692769, 82038848), (106649169, 85051440)]
13:31:15: [INFO] Routing SW31 with D31
13:31:15: [INFO] Using internal autorouter method
13:31:15: [INFO] Routing pad 'SW31:2' at (83502500, 75882500) with pad 'D31:2' at (86042500, 83562500) using coordinate system rotated by 0 degree(s)
13:31:15: [INFO] Adding track segment (B.Cu): [(83502500, 75882500), (83502500, 81022500)]
13:31:15: [INFO] Adding track segment (B.Cu): [(83502500, 81022500), (86042500, 83562500)]
13:31:15: [INFO] Routing SW30 with D30
13:31:15: [INFO] Using internal autorouter method
13:31:15: [INFO] Routing pad 'SW30:2' at (57308750, 75882500) with pad 'D30:2' at (59848750, 83562500) using coordinate system rotated by 0 degree(s)
13:31:15: [INFO] Adding track segment (B.Cu): [(57308750, 75882500), (57308750, 81022500)]
13:31:15: [INFO] Adding track segment (B.Cu): [(57308750, 81022500), (59848750, 83562500)]
13:31:15: [INFO] Routing SW29 with D29
13:31:15: [INFO] Using internal autorouter method
13:31:15: [INFO] Routing pad 'SW29:2' at (364490000, 56832500) with pad 'D29:2' at (367030000, 64512500) using coordinate system rotated by 0 degree(s)
13:31:15: [INFO] Adding track segment (B.Cu): [(364490000, 56832500), (364490000, 61972500)]
13:31:15: [INFO] Adding track segment (B.Cu): [(364490000, 61972500), (367030000, 64512500)]
13:31:15: [INFO] Routing SW28 with D28
13:31:15: [INFO] Using internal autorouter method
13:31:15: [INFO] Routing pad 'SW28:2' at (335915000, 56832500) with pad 'D28:2' at (338455000, 64512500) using coordinate system rotated by 0 degree(s)
13:31:15: [INFO] Adding track segment (B.Cu): [(335915000, 56832500), (335915000, 61972500)]
13:31:15: [INFO] Adding track segment (B.Cu): [(335915000, 61972500), (338455000, 64512500)]
13:31:15: [INFO] Routing SW27 with D27
13:31:15: [INFO] Using internal autorouter method
13:31:15: [INFO] Routing pad 'SW27:2' at (312102500, 56832500) with pad 'D27:2' at (314642500, 64512500) using coordinate system rotated by 0 degree(s)
13:31:15: [INFO] Adding track segment (B.Cu): [(312102500, 56832500), (312102500, 61972500)]
13:31:15: [INFO] Adding track segment (B.Cu): [(312102500, 61972500), (314642500, 64512500)]
13:31:15: [INFO] Routing SW26 with D26
13:31:15: [INFO] Using internal autorouter method
13:31:15: [INFO] Routing pad 'SW26:2' at (293052500, 56832500) with pad 'D26:2' at (295592500, 64512500) using coordinate system rotated by 0 degree(s)
13:31:15: [INFO] Adding track segment (B.Cu): [(293052500, 56832500), (293052500, 61972500)]
13:31:15: [INFO] Adding track segment (B.Cu): [(293052500, 61972500), (295592500, 64512500)]
13:31:15: [INFO] Routing SW25 with D25
13:31:15: [INFO] Using internal autorouter method
13:31:15: [INFO] Routing pad 'SW25:2' at (268409726, 56643305) with pad 'D25:2' at (272490982, 63627383) using coordinate system rotated by 348.0 degree(s)
13:31:15: [INFO] Adding track segment (B.Cu): [(268409726, 56643305), (269478391, 61670983)]
13:31:15: [INFO] Adding track segment (B.Cu): [(269478391, 61670983), (272490982, 63627383)]
13:31:15: [INFO] Routing SW24 with D24
13:31:15: [INFO] Using internal autorouter method
13:31:15: [INFO] Routing pad 'SW24:2' at (249776014, 60604023) with pad 'D24:2' at (253857270, 67588101) using coordinate system rotated by 348.0 degree(s)
13:31:15: [INFO] Adding track segment (B.Cu): [(249776014, 60604023), (250844679, 65631701)]
13:31:15: [INFO] Adding track segment (B.Cu): [(250844679, 65631701), (253857270, 67588101)]
13:31:15: [INFO] Routing SW23 with D23
13:31:15: [INFO] Using internal autorouter method
13:31:15: [INFO] Routing pad 'SW23:2' at (231142302, 64564740) with pad 'D23:2' at (235223558, 71548818) using coordinate system rotated by 348.0 degree(s)
13:31:15: [INFO] Adding track segment (B.Cu): [(231142302, 64564740), (232210967, 69592418)]
13:31:15: [INFO] Adding track segment (B.Cu): [(232210967, 69592418), (235223558, 71548818)]
13:31:15: [INFO] Routing SW22 with D22
13:31:15: [INFO] Using internal autorouter method
13:31:15: [INFO] Routing pad 'SW22:2' at (212508591, 68525458) with pad 'D22:2' at (216589847, 75509536) using coordinate system rotated by 348.0 degree(s)
13:31:15: [INFO] Adding track segment (B.Cu): [(212508591, 68525458), (213577256, 73553136)]
13:31:16: [INFO] Adding track segment (B.Cu): [(213577256, 73553136), (216589847, 75509536)]
13:31:16: [INFO] Routing SW21 with D21
13:31:16: [INFO] Using internal autorouter method
13:31:16: [INFO] Routing pad 'SW21:2' at (193874879, 72486176) with pad 'D21:2' at (197956135, 79470254) using coordinate system rotated by 348.0 degree(s)
13:31:16: [INFO] Adding track segment (B.Cu): [(193874879, 72486176), (194943544, 77513855)]
13:31:16: [INFO] Adding track segment (B.Cu): [(194943544, 77513855), (197956135, 79470254)]
13:31:16: [INFO] Routing SW20 with D20
13:31:16: [INFO] Using internal autorouter method
13:31:16: [INFO] Routing pad 'SW20:2' at (160964861, 69269434) with pad 'D20:2' at (161852594, 77309702) using coordinate system rotated by 12.0 degree(s)
13:31:16: [INFO] Adding track segment (B.Cu): [(160964861, 69269434), (159896194, 74297111)]
13:31:16: [INFO] Adding track segment (B.Cu): [(159896194, 74297111), (161852594, 77309702)]
13:31:16: [INFO] Routing SW19 with D19
13:31:16: [INFO] Using internal autorouter method
13:31:16: [INFO] Routing pad 'SW19:2' at (142331149, 65308716) with pad 'D19:2' at (143218882, 73348984) using coordinate system rotated by 12.0 degree(s)
13:31:16: [INFO] Adding track segment (B.Cu): [(142331149, 65308716), (141262482, 70336392)]
13:31:16: [INFO] Adding track segment (B.Cu): [(141262482, 70336392), (143218882, 73348984)]
13:31:16: [INFO] Routing SW18 with D18
13:31:16: [INFO] Using internal autorouter method
13:31:16: [INFO] Routing pad 'SW18:2' at (123697437, 61347999) with pad 'D18:2' at (124585170, 69388267) using coordinate system rotated by 12.0 degree(s)
13:31:16: [INFO] Adding track segment (B.Cu): [(123697437, 61347999), (122628770, 66375675)]
13:31:16: [INFO] Adding track segment (B.Cu): [(122628770, 66375675), (124585170, 69388267)]
13:31:16: [INFO] Routing SW17 with D17
13:31:16: [INFO] Using internal autorouter method
13:31:16: [INFO] Routing pad 'SW17:2' at (105063726, 57387281) with pad 'D17:2' at (105951459, 65427549) using coordinate system rotated by 12.0 degree(s)
13:31:16: [INFO] Adding track segment (B.Cu): [(105063726, 57387281), (103995059, 62414959)]
13:31:16: [INFO] Adding track segment (B.Cu): [(103995059, 62414959), (105951459, 65427549)]
13:31:16: [INFO] Routing SW16 with D16
13:31:16: [INFO] Using internal autorouter method
13:31:16: [INFO] Routing pad 'SW16:2' at (83502500, 56832500) with pad 'D16:2' at (86042500, 64512500) using coordinate system rotated by 0 degree(s)
13:31:16: [INFO] Adding track segment (B.Cu): [(83502500, 56832500), (83502500, 61972500)]
13:31:16: [INFO] Adding track segment (B.Cu): [(83502500, 61972500), (86042500, 64512500)]
13:31:16: [INFO] Routing SW15 with D15
13:31:16: [INFO] Using internal autorouter method
13:31:16: [INFO] Routing pad 'SW15:2' at (59690000, 56832500) with pad 'D15:2' at (62230000, 64512500) using coordinate system rotated by 0 degree(s)
13:31:16: [INFO] Adding track segment (B.Cu): [(59690000, 56832500), (59690000, 61972500)]
13:31:16: [INFO] Adding track segment (B.Cu): [(59690000, 61972500), (62230000, 64512500)]
13:31:16: [INFO] Routing SW14 with D14
13:31:16: [INFO] Using internal autorouter method
13:31:16: [INFO] Routing pad 'SW14:2' at (326390000, 37782500) with pad 'D14:2' at (328930000, 45462500) using coordinate system rotated by 0 degree(s)
13:31:16: [INFO] Adding track segment (B.Cu): [(326390000, 37782500), (326390000, 42922500)]
13:31:16: [INFO] Adding track segment (B.Cu): [(326390000, 42922500), (328930000, 45462500)]
13:31:16: [INFO] Routing SW13 with D13
13:31:16: [INFO] Using internal autorouter method
13:31:16: [INFO] Routing pad 'SW13:2' at (297815000, 37782500) with pad 'D13:2' at (300355000, 45462500) using coordinate system rotated by 0 degree(s)
13:31:16: [INFO] Adding track segment (B.Cu): [(297815000, 37782500), (297815000, 42922500)]
13:31:16: [INFO] Adding track segment (B.Cu): [(297815000, 42922500), (300355000, 45462500)]
13:31:16: [INFO] Routing SW12 with D12
13:31:16: [INFO] Using internal autorouter method
13:31:16: [INFO] Routing pad 'SW12:2' at (278765000, 33020000) with pad 'D12:2' at (281305000, 40700000) using coordinate system rotated by 0 degree(s)
13:31:16: [INFO] Adding track segment (B.Cu): [(278765000, 33020000), (278765000, 38160000)]
13:31:16: [INFO] Adding track segment (B.Cu): [(278765000, 38160000), (281305000, 40700000)]
13:31:16: [INFO] Routing SW11 with D11
13:31:16: [INFO] Using internal autorouter method
13:31:16: [INFO] Routing pad 'SW11:2' at (255132152, 39989952) with pad 'D11:2' at (259213408, 46974030) using coordinate system rotated by 348.0 degree(s)
13:31:16: [INFO] Adding track segment (B.Cu): [(255132152, 39989952), (256200817, 45017630)]
13:31:16: [INFO] Adding track segment (B.Cu): [(256200817, 45017630), (259213408, 46974030)]
13:31:16: [INFO] Routing SW10 with D10
13:31:16: [INFO] Using internal autorouter method
13:31:16: [INFO] Routing pad 'SW10:2' at (236498441, 43950670) with pad 'D10:2' at (240579697, 50934748) using coordinate system rotated by 348.0 degree(s)
13:31:16: [INFO] Adding track segment (B.Cu): [(236498441, 43950670), (237567106, 48978349)]
13:31:16: [INFO] Adding track segment (B.Cu): [(237567106, 48978349), (240579697, 50934748)]
13:31:16: [INFO] Routing SW9 with D9
13:31:16: [INFO] Using internal autorouter method
13:31:16: [INFO] Routing pad 'SW9:2' at (217864729, 47911388) with pad 'D9:2' at (221945985, 54895466) using coordinate system rotated by 348.0 degree(s)
13:31:16: [INFO] Adding track segment (B.Cu): [(217864729, 47911388), (218933394, 52939067)]
13:31:16: [INFO] Adding track segment (B.Cu): [(218933394, 52939067), (221945985, 54895466)]
13:31:16: [INFO] Routing SW8 with D8
13:31:16: [INFO] Using internal autorouter method
13:31:16: [INFO] Routing pad 'SW8:2' at (199231017, 51872105) with pad 'D8:2' at (203312273, 58856183) using coordinate system rotated by 348.0 degree(s)
13:31:16: [INFO] Adding track segment (B.Cu): [(199231017, 51872105), (200299682, 56899784)]
13:31:16: [INFO] Adding track segment (B.Cu): [(200299682, 56899784), (203312273, 58856183)]
13:31:16: [INFO] Routing SW7 with D7
13:31:16: [INFO] Using internal autorouter method
13:31:16: [INFO] Routing pad 'SW7:2' at (174242435, 52616081) with pad 'D7:2' at (175130168, 60656349) using coordinate system rotated by 12.0 degree(s)
13:31:16: [INFO] Adding track segment (B.Cu): [(174242435, 52616081), (173173769, 57643758)]
13:31:16: [INFO] Adding track segment (B.Cu): [(173173769, 57643758), (175130168, 60656349)]
13:31:16: [INFO] Routing SW6 with D6
13:31:16: [INFO] Using internal autorouter method
13:31:16: [INFO] Routing pad 'SW6:2' at (155608723, 48655363) with pad 'D6:2' at (156496456, 56695631) using coordinate system rotated by 12.0 degree(s)
13:31:16: [INFO] Adding track segment (B.Cu): [(155608723, 48655363), (154540056, 53683039)]
13:31:16: [INFO] Adding track segment (B.Cu): [(154540056, 53683039), (156496456, 56695631)]
13:31:16: [INFO] Routing SW5 with D5
13:31:16: [INFO] Using internal autorouter method
13:31:16: [INFO] Routing pad 'SW5:2' at (136975011, 44694646) with pad 'D5:2' at (137862744, 52734914) using coordinate system rotated by 12.0 degree(s)
13:31:16: [INFO] Adding track segment (B.Cu): [(136975011, 44694646), (135906344, 49722322)]
13:31:16: [INFO] Adding track segment (B.Cu): [(135906344, 49722322), (137862744, 52734914)]
13:31:16: [INFO] Routing SW4 with D4
13:31:16: [INFO] Using internal autorouter method
13:31:16: [INFO] Routing pad 'SW4:2' at (118341299, 40733928) with pad 'D4:2' at (119229032, 48774196) using coordinate system rotated by 12.0 degree(s)
13:31:16: [INFO] Adding track segment (B.Cu): [(118341299, 40733928), (117272632, 45761605)]
13:31:16: [INFO] Adding track segment (B.Cu): [(117272632, 45761605), (119229032, 48774196)]
13:31:16: [INFO] Routing SW3 with D3
13:31:16: [INFO] Using internal autorouter method
13:31:16: [INFO] Routing pad 'SW3:2' at (97790000, 33020000) with pad 'D3:2' at (100330000, 40700000) using coordinate system rotated by 0 degree(s)
13:31:16: [INFO] Adding track segment (B.Cu): [(97790000, 33020000), (97790000, 38160000)]
13:31:16: [INFO] Adding track segment (B.Cu): [(97790000, 38160000), (100330000, 40700000)]
13:31:16: [INFO] Routing SW2 with D2
13:31:16: [INFO] Using internal autorouter method
13:31:16: [INFO] Routing pad 'SW2:2' at (78740000, 37782500) with pad 'D2:2' at (81280000, 45462500) using coordinate system rotated by 0 degree(s)
13:31:16: [INFO] Adding track segment (B.Cu): [(78740000, 37782500), (78740000, 42922500)]
13:31:16: [INFO] Adding track segment (B.Cu): [(78740000, 42922500), (81280000, 45462500)]
13:31:16: [INFO] Routing SW1 with D1
13:31:16: [INFO] Using internal autorouter method
13:31:16: [INFO] Routing pad 'SW1:2' at (59690000, 37782500) with pad 'D1:2' at (62230000, 45462500) using coordinate system rotated by 0 degree(s)
13:31:16: [INFO] Adding track segment (B.Cu): [(59690000, 37782500), (59690000, 42922500)]
13:31:16: [INFO] Adding track segment (B.Cu): [(59690000, 42922500), (62230000, 45462500)]
13:31:16: [INFO] Routing COL8 pads
13:31:16: [INFO] Routing pad 'SW9:1' at (212181587, 51716123) with pad 'SW23:1' at (225459160, 68369475) using coordinate system rotated by 348.0 degree(s)
13:31:16: [INFO] Adding track segment (F.Cu): [(212181587, 51716123), (214161944, 61032977)]
13:31:16: [INFO] Adding track segment (F.Cu): [(214161944, 61032977), (225459160, 68369475)]
13:31:16: [INFO] Routing pad 'SW23:1' at (225459160, 68369475) with pad 'SW38:1' at (234078306, 86013008) using coordinate system rotated by 348.0 degree(s)
13:31:16: [INFO] Adding track segment (F.Cu): [(225459160, 68369475), (228429697, 82344758)]
13:31:16: [INFO] Adding track segment (F.Cu): [(228429697, 82344758), (234078306, 86013008)]
13:31:16: [INFO] Routing pad 'SW38:1' at (234078306, 86013008) with pad 'SW52:1' at (242697452, 103656540) using coordinate system rotated by 348.0 degree(s)
13:31:16: [INFO] Adding track segment (F.Cu): [(234078306, 86013008), (237048843, 99988291)]
13:31:16: [INFO] Adding track segment (F.Cu): [(237048843, 99988291), (242697452, 103656540)]
13:31:16: [INFO] Routing ROW0 pads
13:31:16: [INFO] Routing pad 'D1:1' at (62230000, 48262500) with pad 'D2:1' at (81280000, 48262500) using coordinate system rotated by 0 degree(s)
13:31:16: [INFO] Adding track segment (B.Cu): [(62230000, 48262500), (81280000, 48262500)]
13:31:16: [INFO] Routing pad 'D2:1' at (81280000, 48262500) with pad 'D3:1' at (100330000, 43500000) using coordinate system rotated by 0 degree(s)
13:31:16: [INFO] Adding track segment (B.Cu): [(81280000, 48262500), (95567500, 48262500)]
13:31:16: [INFO] Adding track segment (B.Cu): [(95567500, 48262500), (100330000, 43500000)]
13:31:16: [WARNING] Could not route pads when parent footprints not rotated the same, footprint1: D3 at 90.0 degree(s) and footprint2: D4 at 78.0 degree(s)
13:31:16: [INFO] Routing pad 'D4:1' at (118646880, 51513010) with pad 'D5:1' at (137280592, 55473728) using coordinate system rotated by 282.0 degree(s)
13:31:16: [INFO] Adding track segment (B.Cu): [(118646880, 51513010), (137280591, 55473727)]
13:31:16: [INFO] Adding track segment (B.Cu): [(137280591, 55473727), (137280592, 55473728)]
13:31:16: [INFO] Routing pad 'D5:1' at (137280592, 55473728) with pad 'D6:1' at (155914304, 59434445) using coordinate system rotated by 282.0 degree(s)
13:31:16: [INFO] Adding track segment (B.Cu): [(137280592, 55473728), (155914303, 59434444)]
13:31:16: [INFO] Adding track segment (B.Cu): [(155914303, 59434444), (155914304, 59434445)]
13:31:16: [INFO] Routing pad 'D6:1' at (155914304, 59434445) with pad 'D7:1' at (174548016, 63395163) using coordinate system rotated by 282.0 degree(s)
13:31:16: [INFO] Adding track segment (B.Cu): [(155914304, 59434445), (174548015, 63395162)]
13:31:16: [INFO] Adding track segment (B.Cu): [(174548015, 63395162), (174548016, 63395163)]
13:31:16: [WARNING] Could not route pads when parent footprints not rotated the same, footprint1: D7 at 78.0 degree(s) and footprint2: D8 at 102.0 degree(s)
13:31:16: [INFO] Routing pad 'D8:1' at (203894425, 61594997) with pad 'D9:1' at (222528137, 57634280) using coordinate system rotated by 258.0 degree(s)
13:31:16: [INFO] Adding track segment (B.Cu): [(203894425, 61594997), (222528136, 57634279)]
13:31:16: [INFO] Adding track segment (B.Cu): [(222528136, 57634279), (222528137, 57634280)]
13:31:16: [INFO] Routing pad 'D9:1' at (222528137, 57634280) with pad 'D10:1' at (241161849, 53673562) using coordinate system rotated by 258.0 degree(s)
13:31:16: [INFO] Adding track segment (B.Cu): [(222528137, 57634280), (241161847, 53673561)]
13:31:16: [INFO] Adding track segment (B.Cu): [(241161847, 53673561), (241161849, 53673562)]
13:31:16: [INFO] Routing pad 'D10:1' at (241161849, 53673562) with pad 'D11:1' at (259795560, 49712844) using coordinate system rotated by 258.0 degree(s)
13:31:16: [INFO] Adding track segment (B.Cu): [(241161849, 53673562), (259795559, 49712843)]
13:31:16: [INFO] Adding track segment (B.Cu): [(259795559, 49712843), (259795560, 49712844)]
13:31:16: [WARNING] Could not route pads when parent footprints not rotated the same, footprint1: D11 at 102.0 degree(s) and footprint2: D12 at 90.0 degree(s)
13:31:16: [INFO] Routing pad 'D12:1' at (281305000, 43500000) with pad 'D13:1' at (300355000, 48262500) using coordinate system rotated by 0 degree(s)
13:31:16: [INFO] Adding track segment (B.Cu): [(281305000, 43500000), (286067500, 48262500)]
13:31:16: [INFO] Adding track segment (B.Cu): [(286067500, 48262500), (300355000, 48262500)]
13:31:16: [INFO] Routing pad 'D13:1' at (300355000, 48262500) with pad 'D14:1' at (328930000, 48262500) using coordinate system rotated by 0 degree(s)
13:31:16: [INFO] Adding track segment (B.Cu): [(300355000, 48262500), (328930000, 48262500)]
13:31:16: [INFO] Routing COL3 pads
13:31:16: [INFO] Routing pad 'SW4:1' at (111601966, 41898184) with pad 'SW18:1' at (116958104, 62512255) using coordinate system rotated by 12.0 degree(s)
13:31:16: [INFO] Adding track segment (F.Cu): [(111601966, 41898184), (109621606, 51215040)]
13:31:16: [INFO] Adding track segment (F.Cu): [(109621606, 51215040), (116958104, 62512255)]
13:31:16: [INFO] Routing pad 'SW18:1' at (116958104, 62512255) with pad 'SW33:1' at (117655815, 82136146) using coordinate system rotated by 12.0 degree(s)
13:31:16: [INFO] Adding track segment (F.Cu): [(116958104, 62512255), (113987565, 76487536)]
13:31:16: [INFO] Adding track segment (F.Cu): [(113987565, 76487536), (117655815, 82136146)]
13:31:16: [INFO] Routing pad 'SW33:1' at (117655815, 82136146) with pad 'SW47:1' at (123011953, 102750216) using coordinate system rotated by 12.0 degree(s)
13:31:16: [INFO] Adding track segment (F.Cu): [(117655815, 82136146), (115675455, 91453002)]
13:31:16: [INFO] Adding track segment (F.Cu): [(115675455, 91453002), (123011953, 102750216)]
13:31:16: [INFO] Routing COL2 pads
13:31:16: [WARNING] Could not route pads when parent footprints not rotated the same, footprint1: SW3 at 0.0 degree(s) and footprint2: SW17 at -12.0 degree(s)
13:31:16: [INFO] Routing pad 'SW17:1' at (98324393, 58551537) with pad 'SW32:1' at (99022103, 78175428) using coordinate system rotated by 12.0 degree(s)
13:31:16: [INFO] Adding track segment (F.Cu): [(98324393, 58551537), (95353854, 72526821)]
13:31:16: [INFO] Adding track segment (F.Cu): [(95353854, 72526821), (99022103, 78175428)]
13:31:16: [INFO] Routing pad 'SW32:1' at (99022103, 78175428) with pad 'SW46:1' at (104378241, 98789499) using coordinate system rotated by 12.0 degree(s)
13:31:16: [INFO] Adding track segment (F.Cu): [(99022103, 78175428), (97041743, 87492283)]
13:31:16: [INFO] Adding track segment (F.Cu): [(97041743, 87492283), (104378241, 98789499)]
13:31:16: [INFO] Routing pad 'SW46:1' at (104378241, 98789499) with pad 'SW58:1' at (105075951, 118413390) using coordinate system rotated by 12.0 degree(s)
13:31:16: [INFO] Adding track segment (F.Cu): [(104378241, 98789499), (101407702, 112764781)]
13:31:16: [INFO] Adding track segment (F.Cu): [(101407702, 112764781), (105075951, 118413390)]
13:31:16: [INFO] Routing COL4 pads
13:31:16: [INFO] Routing pad 'SW5:1' at (130235678, 45858902) with pad 'SW19:1' at (135591816, 66472972) using coordinate system rotated by 12.0 degree(s)
13:31:16: [INFO] Adding track segment (F.Cu): [(130235678, 45858902), (128255318, 55175756)]
13:31:16: [INFO] Adding track segment (F.Cu): [(128255318, 55175756), (135591816, 66472972)]
13:31:16: [INFO] Routing pad 'SW19:1' at (135591816, 66472972) with pad 'SW34:1' at (136289527, 86096864) using coordinate system rotated by 12.0 degree(s)
13:31:16: [INFO] Adding track segment (F.Cu): [(135591816, 66472972), (132621277, 80448254)]
13:31:16: [INFO] Adding track segment (F.Cu): [(132621277, 80448254), (136289527, 86096864)]
13:31:16: [INFO] Routing pad 'SW48:1' at (141645665, 106710934) with pad 'SW59:1' at (137684947, 125344646) using coordinate system rotated by 12.0 degree(s)
13:31:16: [INFO] Adding track segment (F.Cu): [(141645665, 106710934), (137684947, 125344644)]
13:31:16: [INFO] Adding track segment (F.Cu): [(137684947, 125344644), (137684947, 125344646)]
13:31:16: [INFO] Routing pad 'SW34:1' at (136289527, 86096864) with pad 'SW48:1' at (141645665, 106710934) using coordinate system rotated by 12.0 degree(s)
13:31:16: [INFO] Adding track segment (F.Cu): [(136289527, 86096864), (134309167, 95413718)]
13:31:16: [INFO] Adding track segment (F.Cu): [(134309167, 95413718), (141645665, 106710934)]
13:31:16: [INFO] Routing COL7 pads
13:31:16: [INFO] Routing pad 'SW8:1' at (193547875, 55676840) with pad 'SW22:1' at (206825449, 72330193) using coordinate system rotated by 348.0 degree(s)
13:31:16: [INFO] Adding track segment (F.Cu): [(193547875, 55676840), (195528233, 64993695)]
13:31:16: [INFO] Adding track segment (F.Cu): [(195528233, 64993695), (206825449, 72330193)]
13:31:16: [INFO] Routing pad 'SW22:1' at (206825449, 72330193) with pad 'SW37:1' at (215444594, 89973726) using coordinate system rotated by 348.0 degree(s)
13:31:16: [INFO] Adding track segment (F.Cu): [(206825449, 72330193), (209795986, 86305477)]
13:31:16: [INFO] Adding track segment (F.Cu): [(209795986, 86305477), (215444594, 89973726)]
13:31:16: [INFO] Routing pad 'SW37:1' at (215444594, 89973726) with pad 'SW51:1' at (224063740, 107617258) using coordinate system rotated by 348.0 degree(s)
13:31:16: [INFO] Adding track segment (F.Cu): [(215444594, 89973726), (218415131, 103949008)]
13:31:16: [INFO] Adding track segment (F.Cu): [(218415131, 103949008), (224063740, 107617258)]
13:31:16: [INFO] Routing COL6 pads
13:31:16: [WARNING] Could not route pads when parent footprints not rotated the same, footprint1: SW7 at -12.0 degree(s) and footprint2: SW21 at 12.0 degree(s)
13:31:16: [INFO] Routing pad 'SW21:1' at (188191737, 76290911) with pad 'SW36:1' at (196810883, 93934443) using coordinate system rotated by 348.0 degree(s)
13:31:16: [INFO] Adding track segment (F.Cu): [(188191737, 76290911), (191162274, 90266193)]
13:31:16: [INFO] Adding track segment (F.Cu): [(191162274, 90266193), (196810883, 93934443)]
13:31:16: [INFO] Routing pad 'SW36:1' at (196810883, 93934443) with pad 'SW50:1' at (205430028, 111577976) using coordinate system rotated by 348.0 degree(s)
13:31:16: [INFO] Adding track segment (F.Cu): [(196810883, 93934443), (199781421, 107909727)]
13:31:16: [INFO] Adding track segment (F.Cu): [(199781421, 107909727), (205430028, 111577976)]
13:31:16: [INFO] Routing pad 'SW50:1' at (205430028, 111577976) with pad 'SW61:1' at (216378388, 128726418) using coordinate system rotated by 348.0 degree(s)
13:31:16: [INFO] Adding track segment (F.Cu): [(205430028, 111577976), (207905476, 123224044)]
13:31:16: [INFO] Adding track segment (F.Cu): [(207905476, 123224044), (216378388, 128726418)]
13:31:16: [INFO] Routing ROW1 pads
13:31:16: [INFO] Routing pad 'D15:1' at (62230000, 67312500) with pad 'D16:1' at (86042500, 67312500) using coordinate system rotated by 0 degree(s)
13:31:16: [INFO] Adding track segment (B.Cu): [(62230000, 67312500), (86042500, 67312500)]
13:31:16: [WARNING] Could not route pads when parent footprints not rotated the same, footprint1: D16 at 90.0 degree(s) and footprint2: D17 at 78.0 degree(s)
13:31:16: [INFO] Routing pad 'D17:1' at (105369307, 68166363) with pad 'D18:1' at (124003018, 72127081) using coordinate system rotated by 282.0 degree(s)
13:31:16: [INFO] Adding track segment (B.Cu): [(105369307, 68166363), (124003016, 72127079)]
13:31:16: [INFO] Adding track segment (B.Cu): [(124003016, 72127079), (124003018, 72127081)]
13:31:16: [INFO] Routing pad 'D18:1' at (124003018, 72127081) with pad 'D19:1' at (142636730, 76087798) using coordinate system rotated by 282.0 degree(s)
13:31:16: [INFO] Adding track segment (B.Cu): [(124003018, 72127081), (142636727, 76087798)]
13:31:16: [INFO] Adding track segment (B.Cu): [(142636727, 76087798), (142636730, 76087798)]
13:31:16: [INFO] Routing pad 'D19:1' at (142636730, 76087798) with pad 'D20:1' at (161270442, 80048516) using coordinate system rotated by 282.0 degree(s)
13:31:17: [INFO] Adding track segment (B.Cu): [(142636730, 76087798), (161270441, 80048515)]
13:31:17: [INFO] Adding track segment (B.Cu): [(161270441, 80048515), (161270442, 80048516)]
13:31:17: [WARNING] Could not route pads when parent footprints not rotated the same, footprint1: D20 at 78.0 degree(s) and footprint2: D21 at 102.0 degree(s)
13:31:17: [INFO] Routing pad 'D21:1' at (198538287, 82209068) with pad 'D22:1' at (217171999, 78248350) using coordinate system rotated by 258.0 degree(s)
13:31:17: [INFO] Adding track segment (B.Cu): [(198538287, 82209068), (217171998, 78248349)]
13:31:17: [INFO] Adding track segment (B.Cu): [(217171998, 78248349), (217171999, 78248350)]
13:31:17: [INFO] Routing pad 'D22:1' at (217171999, 78248350) with pad 'D23:1' at (235805710, 74287632) using coordinate system rotated by 258.0 degree(s)
13:31:17: [INFO] Adding track segment (B.Cu): [(217171999, 78248350), (235805708, 74287632)]
13:31:17: [INFO] Adding track segment (B.Cu): [(235805708, 74287632), (235805710, 74287632)]
13:31:17: [INFO] Routing pad 'D23:1' at (235805710, 74287632) with pad 'D24:1' at (254439422, 70326915) using coordinate system rotated by 258.0 degree(s)
13:31:17: [INFO] Adding track segment (B.Cu): [(235805710, 74287632), (254439420, 70326913)]
13:31:17: [INFO] Adding track segment (B.Cu): [(254439420, 70326913), (254439422, 70326915)]
13:31:17: [INFO] Routing pad 'D24:1' at (254439422, 70326915) with pad 'D25:1' at (273073134, 66366197) using coordinate system rotated by 258.0 degree(s)
13:31:17: [INFO] Adding track segment (B.Cu): [(254439422, 70326915), (273073133, 66366196)]
13:31:17: [INFO] Adding track segment (B.Cu): [(273073133, 66366196), (273073134, 66366197)]
13:31:17: [WARNING] Could not route pads when parent footprints not rotated the same, footprint1: D25 at 102.0 degree(s) and footprint2: D26 at 90.0 degree(s)
13:31:17: [INFO] Routing pad 'D26:1' at (295592500, 67312500) with pad 'D27:1' at (314642500, 67312500) using coordinate system rotated by 0 degree(s)
13:31:17: [INFO] Adding track segment (B.Cu): [(295592500, 67312500), (314642500, 67312500)]
13:31:17: [INFO] Routing pad 'D27:1' at (314642500, 67312500) with pad 'D28:1' at (338455000, 67312500) using coordinate system rotated by 0 degree(s)
13:31:17: [INFO] Adding track segment (B.Cu): [(314642500, 67312500), (338455000, 67312500)]
13:31:17: [INFO] Routing pad 'D28:1' at (338455000, 67312500) with pad 'D29:1' at (367030000, 67312500) using coordinate system rotated by 0 degree(s)
13:31:17: [INFO] Adding track segment (B.Cu): [(338455000, 67312500), (367030000, 67312500)]
13:31:17: [INFO] Routing ROW2 pads
13:31:17: [INFO] Routing pad 'D30:1' at (59848750, 86362500) with pad 'D31:1' at (86042500, 86362500) using coordinate system rotated by 0 degree(s)
13:31:17: [INFO] Adding track segment (B.Cu): [(59848750, 86362500), (86042500, 86362500)]
13:31:17: [WARNING] Could not route pads when parent footprints not rotated the same, footprint1: D31 at 90.0 degree(s) and footprint2: D32 at 78.0 degree(s)
13:31:17: [INFO] Routing pad 'D32:1' at (106067017, 87790254) with pad 'D33:1' at (124700729, 91750972) using coordinate system rotated by 282.0 degree(s)
13:31:17: [INFO] Adding track segment (B.Cu): [(106067017, 87790254), (124700728, 91750971)]
13:31:17: [INFO] Adding track segment (B.Cu): [(124700728, 91750971), (124700729, 91750972)]
13:31:17: [INFO] Routing pad 'D33:1' at (124700729, 91750972) with pad 'D34:1' at (143334441, 95711690) using coordinate system rotated by 282.0 degree(s)
13:31:17: [INFO] Adding track segment (B.Cu): [(124700729, 91750972), (143334440, 95711688)]
13:31:17: [INFO] Adding track segment (B.Cu): [(143334440, 95711688), (143334441, 95711690)]
13:31:17: [INFO] Routing pad 'D34:1' at (143334441, 95711690) with pad 'D35:1' at (161968152, 99672407) using coordinate system rotated by 282.0 degree(s)
13:31:17: [INFO] Adding track segment (B.Cu): [(143334441, 95711690), (161968151, 99672406)]
13:31:17: [INFO] Adding track segment (B.Cu): [(161968151, 99672406), (161968152, 99672407)]
13:31:17: [WARNING] Could not route pads when parent footprints not rotated the same, footprint1: D35 at 78.0 degree(s) and footprint2: D36 at 102.0 degree(s)
13:31:17: [INFO] Routing pad 'D36:1' at (207157433, 99852600) with pad 'D37:1' at (225791144, 95891883) using coordinate system rotated by 258.0 degree(s)
13:31:17: [INFO] Adding track segment (B.Cu): [(207157433, 99852600), (225791143, 95891882)]
13:31:17: [INFO] Adding track segment (B.Cu): [(225791143, 95891882), (225791144, 95891883)]
13:31:17: [INFO] Routing pad 'D37:1' at (225791144, 95891883) with pad 'D38:1' at (244424856, 91931165) using coordinate system rotated by 258.0 degree(s)
13:31:17: [INFO] Adding track segment (B.Cu): [(225791144, 95891883), (244424855, 91931164)]
13:31:17: [INFO] Adding track segment (B.Cu): [(244424855, 91931164), (244424856, 91931165)]
13:31:17: [INFO] Routing pad 'D38:1' at (244424856, 91931165) with pad 'D39:1' at (263058568, 87970447) using coordinate system rotated by 258.0 degree(s)
13:31:17: [INFO] Adding track segment (B.Cu): [(244424856, 91931165), (263058567, 87970446)]
13:31:17: [INFO] Adding track segment (B.Cu): [(263058567, 87970446), (263058568, 87970447)]
13:31:17: [WARNING] Could not route pads when parent footprints not rotated the same, footprint1: D39 at 102.0 degree(s) and footprint2: D40 at 90.0 degree(s)
13:31:17: [INFO] Routing pad 'D40:1' at (286067500, 86362500) with pad 'D41:1' at (305117500, 86362500) using coordinate system rotated by 0 degree(s)
13:31:17: [INFO] Adding track segment (B.Cu): [(286067500, 86362500), (305117500, 86362500)]
13:31:17: [INFO] Routing pad 'D41:1' at (305117500, 86362500) with pad 'D42:1' at (336073750, 86362500) using coordinate system rotated by 0 degree(s)
13:31:17: [INFO] Adding track segment (B.Cu): [(305117500, 86362500), (336073750, 86362500)]
13:31:17: [INFO] Routing pad 'D42:1' at (336073750, 86362500) with pad 'D43:1' at (371792500, 86362500) using coordinate system rotated by 0 degree(s)
13:31:17: [INFO] Adding track segment (B.Cu): [(336073750, 86362500), (371792500, 86362500)]
13:31:17: [INFO] Routing COL1 pads
13:31:17: [INFO] Routing pad 'SW2:1' at (72390000, 40322500) with pad 'SW16:1' at (77152500, 59372500) using coordinate system rotated by 0 degree(s)
13:31:17: [INFO] Adding track segment (F.Cu): [(72390000, 40322500), (72390000, 54610000)]
13:31:17: [INFO] Adding track segment (F.Cu): [(72390000, 54610000), (77152500, 59372500)]
13:31:17: [INFO] Routing pad 'SW16:1' at (77152500, 59372500) with pad 'SW31:1' at (77152500, 78422500) using coordinate system rotated by 0 degree(s)
13:31:17: [INFO] Adding track segment (F.Cu): [(77152500, 59372500), (77152500, 78422500)]
13:31:17: [INFO] Routing pad 'SW31:1' at (77152500, 78422500) with pad 'SW45:1' at (81915000, 97472500) using coordinate system rotated by 0 degree(s)
13:31:17: [INFO] Adding track segment (F.Cu): [(77152500, 78422500), (77152500, 92710000)]
13:31:17: [INFO] Adding track segment (F.Cu): [(77152500, 92710000), (81915000, 97472500)]
13:31:17: [INFO] Routing COL14 pads
13:31:17: [INFO] Routing pad 'SW66:1' at (353377500, 40322500) with pad 'SW29:1' at (358140000, 59372500) using coordinate system rotated by 0 degree(s)
13:31:17: [INFO] Adding track segment (F.Cu): [(353377500, 40322500), (353377500, 54610000)]
13:31:17: [INFO] Adding track segment (F.Cu): [(353377500, 54610000), (358140000, 59372500)]
13:31:17: [INFO] Routing pad 'SW29:1' at (358140000, 59372500) with pad 'SW43:1' at (362902500, 78422500) using coordinate system rotated by 0 degree(s)
13:31:17: [INFO] Adding track segment (F.Cu): [(358140000, 59372500), (358140000, 73660000)]
13:31:17: [INFO] Adding track segment (F.Cu): [(358140000, 73660000), (362902500, 78422500)]
13:31:17: [INFO] Routing COL13 pads
13:31:17: [INFO] Routing pad 'SW28:1' at (329565000, 59372500) with pad 'SW42:1' at (327183750, 78422500) using coordinate system rotated by 0 degree(s)
13:31:17: [INFO] Adding track segment (F.Cu): [(329565000, 59372500), (329565000, 76041250)]
13:31:17: [INFO] Adding track segment (F.Cu): [(329565000, 76041250), (327183750, 78422500)]
13:31:17: [INFO] Routing pad 'SW14:1' at (320040000, 40322500) with pad 'SW28:1' at (329565000, 59372500) using coordinate system rotated by 0 degree(s)
13:31:17: [INFO] Adding track segment (F.Cu): [(320040000, 40322500), (320040000, 49847500)]
13:31:17: [INFO] Adding track segment (F.Cu): [(320040000, 49847500), (329565000, 59372500)]
13:31:17: [INFO] Routing pad 'SW42:1' at (327183750, 78422500) with pad 'SW56:1' at (343852500, 102235000) using coordinate system rotated by 0 degree(s)
13:31:17: [INFO] Adding track segment (F.Cu): [(327183750, 78422500), (327183750, 85566250)]
13:31:17: [INFO] Adding track segment (F.Cu): [(327183750, 85566250), (343852500, 102235000)]
13:31:17: [INFO] Routing pad 'SW56:1' at (343852500, 102235000) with pad 'SW65:1' at (362902500, 121285000) using coordinate system rotated by 0 degree(s)
13:31:17: [INFO] Routing COL0 pads
13:31:17: [INFO] Routing pad 'SW44:1' at (50958750, 97472500) with pad 'SW30:1' at (50958750, 78422500) using coordinate system rotated by 0 degree(s)
13:31:17: [INFO] Adding track segment (F.Cu): [(50958750, 97472500), (50958750, 78422500)]
13:31:17: [INFO] Routing pad 'SW57:1' at (43815000, 116522500) with pad 'SW44:1' at (50958750, 97472500) using coordinate system rotated by 0 degree(s)
13:31:17: [INFO] Adding track segment (F.Cu): [(43815000, 116522500), (50958750, 109378750)]
13:31:17: [INFO] Adding track segment (F.Cu): [(50958750, 109378750), (50958750, 97472500)]
13:31:17: [INFO] Routing pad 'SW15:1' at (53340000, 59372500) with pad 'SW1:1' at (53340000, 40322500) using coordinate system rotated by 0 degree(s)
13:31:17: [INFO] Adding track segment (F.Cu): [(53340000, 59372500), (53340000, 40322500)]
13:31:17: [INFO] Routing pad 'SW30:1' at (50958750, 78422500) with pad 'SW15:1' at (53340000, 59372500) using coordinate system rotated by 0 degree(s)
13:31:17: [INFO] Adding track segment (F.Cu): [(50958750, 78422500), (53340000, 76041250)]
13:31:17: [INFO] Adding track segment (F.Cu): [(53340000, 76041250), (53340000, 59372500)]
13:31:17: [INFO] Routing ROW3 pads
13:31:17: [INFO] Routing pad 'D44:1' at (59848750, 105412500) with pad 'D45:1' at (90805000, 105412500) using coordinate system rotated by 0 degree(s)
13:31:17: [INFO] Adding track segment (B.Cu): [(59848750, 105412500), (90805000, 105412500)]
13:31:17: [WARNING] Could not route pads when parent footprints not rotated the same, footprint1: D45 at 90.0 degree(s) and footprint2: D46 at 78.0 degree(s)
13:31:17: [INFO] Routing pad 'D46:1' at (111423155, 108404325) with pad 'D47:1' at (130056867, 112365042) using coordinate system rotated by 282.0 degree(s)
13:31:17: [INFO] Adding track segment (B.Cu): [(111423155, 108404325), (130056866, 112365041)]
13:31:17: [INFO] Adding track segment (B.Cu): [(130056866, 112365041), (130056867, 112365042)]
13:31:17: [INFO] Routing pad 'D47:1' at (130056867, 112365042) with pad 'D48:1' at (148690579, 116325760) using coordinate system rotated by 282.0 degree(s)
13:31:17: [INFO] Adding track segment (B.Cu): [(130056867, 112365042), (148690578, 116325759)]
13:31:17: [INFO] Adding track segment (B.Cu): [(148690578, 116325759), (148690579, 116325760)]
13:31:17: [INFO] Routing pad 'D48:1' at (148690579, 116325760) with pad 'D49:1' at (167324290, 120286478) using coordinate system rotated by 282.0 degree(s)
13:31:17: [INFO] Adding track segment (B.Cu): [(148690579, 116325760), (167324289, 120286477)]
13:31:17: [INFO] Adding track segment (B.Cu): [(167324289, 120286477), (167324290, 120286478)]
13:31:17: [WARNING] Could not route pads when parent footprints not rotated the same, footprint1: D49 at 78.0 degree(s) and footprint2: D50 at 102.0 degree(s)
13:31:17: [INFO] Routing pad 'D50:1' at (215776578, 117496133) with pad 'D51:1' at (234410290, 113535415) using coordinate system rotated by 258.0 degree(s)
13:31:17: [INFO] Adding track segment (B.Cu): [(215776578, 117496133), (234410289, 113535414)]
13:31:17: [INFO] Adding track segment (B.Cu): [(234410289, 113535414), (234410290, 113535415)]
13:31:17: [INFO] Routing pad 'D51:1' at (234410290, 113535415) with pad 'D52:1' at (253044002, 109574697) using coordinate system rotated by 258.0 degree(s)
13:31:17: [INFO] Adding track segment (B.Cu): [(234410290, 113535415), (253044001, 109574696)]
13:31:17: [INFO] Adding track segment (B.Cu): [(253044001, 109574696), (253044002, 109574697)]
13:31:17: [INFO] Routing pad 'D52:1' at (253044002, 109574697) with pad 'D53:1' at (271677714, 105613980) using coordinate system rotated by 258.0 degree(s)
13:31:17: [INFO] Adding track segment (B.Cu): [(253044002, 109574697), (271677711, 105613979)]
13:31:17: [INFO] Adding track segment (B.Cu): [(271677711, 105613979), (271677714, 105613980)]
13:31:17: [WARNING] Could not route pads when parent footprints not rotated the same, footprint1: D53 at 102.0 degree(s) and footprint2: D54 at 90.0 degree(s)
13:31:17: [INFO] Routing pad 'D54:1' at (290830000, 105412500) with pad 'D55:1' at (317023750, 105412500) using coordinate system rotated by 0 degree(s)
13:31:17: [INFO] Adding track segment (B.Cu): [(290830000, 105412500), (317023750, 105412500)]
13:31:17: [INFO] Routing pad 'D55:1' at (317023750, 105412500) with pad 'D56:1' at (352742500, 110175000) using coordinate system rotated by 0 degree(s)
13:31:17: [INFO] Adding track segment (B.Cu): [(317023750, 105412500), (321786250, 110175000)]
13:31:17: [INFO] Adding track segment (B.Cu): [(321786250, 110175000), (352742500, 110175000)]
13:31:17: [INFO] Routing COL9 pads
13:31:17: [INFO] Routing pad 'SW10:1' at (230815299, 47755405) with pad 'SW24:1' at (244092872, 64408758) using coordinate system rotated by 348.0 degree(s)
13:31:17: [INFO] Adding track segment (F.Cu): [(230815299, 47755405), (232795656, 57072260)]
13:31:17: [INFO] Adding track segment (F.Cu): [(232795656, 57072260), (244092872, 64408758)]
13:31:17: [INFO] Routing pad 'SW24:1' at (244092872, 64408758) with pad 'SW39:1' at (252712018, 82052290) using coordinate system rotated by 348.0 degree(s)
13:31:17: [INFO] Adding track segment (F.Cu): [(244092872, 64408758), (247063409, 78384041)]
13:31:17: [INFO] Adding track segment (F.Cu): [(247063409, 78384041), (252712018, 82052290)]
13:31:17: [INFO] Routing pad 'SW53:1' at (261331164, 99695823) with pad 'SW62:1' at (255975025, 120309893) using coordinate system rotated by 348.0 degree(s)
13:31:17: [INFO] Adding track segment (F.Cu): [(261331164, 99695823), (263311521, 109012677)]
13:31:17: [INFO] Adding track segment (F.Cu): [(263311521, 109012677), (255975025, 120309893)]
13:31:17: [INFO] Routing pad 'SW39:1' at (252712018, 82052290) with pad 'SW53:1' at (261331164, 99695823) using coordinate system rotated by 348.0 degree(s)
13:31:17: [INFO] Adding track segment (F.Cu): [(252712018, 82052290), (255682555, 96027574)]
13:31:17: [INFO] Adding track segment (F.Cu): [(255682555, 96027574), (261331164, 99695823)]
13:31:17: [INFO] Routing COL5 pads
13:31:17: [INFO] Routing pad 'SW6:1' at (148869390, 49819619) with pad 'SW20:1' at (154225528, 70433690) using coordinate system rotated by 12.0 degree(s)
13:31:17: [INFO] Adding track segment (F.Cu): [(148869390, 49819619), (146889030, 59136474)]
13:31:17: [INFO] Adding track segment (F.Cu): [(146889030, 59136474), (154225528, 70433690)]
13:31:17: [INFO] Routing pad 'SW20:1' at (154225528, 70433690) with pad 'SW35:1' at (154923238, 90057581) using coordinate system rotated by 12.0 degree(s)
13:31:17: [INFO] Adding track segment (F.Cu): [(154225528, 70433690), (151254989, 84408973)]
13:31:17: [INFO] Adding track segment (F.Cu): [(151254989, 84408973), (154923238, 90057581)]
13:31:17: [INFO] Routing pad 'SW35:1' at (154923238, 90057581) with pad 'SW49:1' at (160279376, 110671652) using coordinate system rotated by 12.0 degree(s)
13:31:17: [INFO] Adding track segment (F.Cu): [(154923238, 90057581), (152942878, 99374436)]
13:31:17: [INFO] Adding track segment (F.Cu): [(152942878, 99374436), (160279376, 110671652)]
13:31:17: [INFO] Routing pad 'SW49:1' at (160279376, 110671652) with pad 'SW60:1' at (165635515, 131285723) using coordinate system rotated by 12.0 degree(s)
13:31:17: [INFO] Adding track segment (F.Cu): [(160279376, 110671652), (158299017, 119988506)]
13:31:17: [INFO] Adding track segment (F.Cu): [(158299017, 119988506), (165635515, 131285723)]
13:31:17: [INFO] Routing COL10 pads
13:31:17: [INFO] Routing pad 'SW11:1' at (249449010, 43794687) with pad 'SW25:1' at (262726584, 60448040) using coordinate system rotated by 348.0 degree(s)
13:31:17: [INFO] Adding track segment (F.Cu): [(249449010, 43794687), (251429368, 53111542)]
13:31:17: [INFO] Adding track segment (F.Cu): [(251429368, 53111542), (262726584, 60448040)]
13:31:17: [WARNING] Could not route pads when parent footprints not rotated the same, footprint1: SW25 at 12.0 degree(s) and footprint2: SW40 at 0.0 degree(s)
13:31:17: [INFO] Routing pad 'SW40:1' at (277177500, 78422500) with pad 'SW54:1' at (281940000, 97472500) using coordinate system rotated by 0 degree(s)
13:31:17: [INFO] Adding track segment (F.Cu): [(277177500, 78422500), (277177500, 92710000)]
13:31:18: [INFO] Adding track segment (F.Cu): [(277177500, 92710000), (281940000, 97472500)]
13:31:18: [INFO] Routing COL12 pads
13:31:18: [INFO] Routing pad 'SW13:1' at (291465000, 40322500) with pad 'SW27:1' at (305752500, 59372500) using coordinate system rotated by 0 degree(s)
13:31:18: [INFO] Adding track segment (F.Cu): [(291465000, 40322500), (291465000, 45085000)]
13:31:18: [INFO] Adding track segment (F.Cu): [(291465000, 45085000), (305752500, 59372500)]
13:31:18: [INFO] Routing pad 'SW27:1' at (305752500, 59372500) with pad 'SW64:1' at (343852500, 121285000) using coordinate system rotated by 0 degree(s)
13:31:18: [INFO] Routing ROW4 pads
13:31:18: [WARNING] Could not route pads when parent footprints not rotated the same, footprint1: D57 at 90.0 degree(s) and footprint2: D58 at 78.0 degree(s)
13:31:18: [INFO] Routing pad 'D58:1' at (112120865, 128028216) with pad 'D59:1' at (144729861, 134959472) using coordinate system rotated by 282.0 degree(s)
13:31:18: [INFO] Adding track segment (B.Cu): [(112120865, 128028216), (144729860, 134959471)]
13:31:18: [INFO] Adding track segment (B.Cu): [(144729860, 134959471), (144729861, 134959472)]
13:31:18: [INFO] Routing pad 'D59:1' at (144729861, 134959472) with pad 'D60:1' at (172680429, 140900549) using coordinate system rotated by 282.0 degree(s)
13:31:18: [INFO] Adding track segment (B.Cu): [(144729861, 134959472), (172680428, 140900547)]
13:31:18: [INFO] Adding track segment (B.Cu): [(172680428, 140900547), (172680429, 140900549)]
13:31:18: [WARNING] Could not route pads when parent footprints not rotated the same, footprint1: D60 at 78.0 degree(s) and footprint2: D61 at 102.0 degree(s)
13:31:18: [INFO] Routing pad 'D61:1' at (226724938, 134644575) with pad 'D62:1' at (266321575, 126228050) using coordinate system rotated by 258.0 degree(s)
13:31:18: [INFO] Adding track segment (B.Cu): [(226724938, 134644575), (266321574, 126228049)]
13:31:18: [INFO] Adding track segment (B.Cu): [(266321574, 126228049), (266321575, 126228050)]
13:31:18: [WARNING] Could not route pads when parent footprints not rotated the same, footprint1: D62 at 102.0 degree(s) and footprint2: D63 at 90.0 degree(s)
13:31:18: [INFO] Routing pad 'D63:1' at (333692500, 129225000) with pad 'D64:1' at (352742500, 129225000) using coordinate system rotated by 0 degree(s)
13:31:18: [INFO] Adding track segment (B.Cu): [(333692500, 129225000), (352742500, 129225000)]
13:31:18: [INFO] Routing pad 'D64:1' at (352742500, 129225000) with pad 'D66:1' at (362267500, 48262500) using coordinate system rotated by 0 degree(s)
13:31:18: [INFO] Routing pad 'D64:1' at (352742500, 129225000) with pad 'D65:1' at (371792500, 129225000) using coordinate system rotated by 0 degree(s)
13:31:18: [INFO] Adding track segment (B.Cu): [(352742500, 129225000), (371792500, 129225000)]
13:31:18: [INFO] Routing COL11 pads
13:31:18: [INFO] Routing pad 'SW12:1' at (272415000, 35560000) with pad 'SW26:1' at (286702500, 59372500) using coordinate system rotated by 0 degree(s)
13:31:18: [INFO] Adding track segment (F.Cu): [(272415000, 35560000), (272415000, 45085000)]
13:31:18: [INFO] Adding track segment (F.Cu): [(272415000, 45085000), (286702500, 59372500)]
13:31:18: [INFO] Routing pad 'SW26:1' at (286702500, 59372500) with pad 'SW41:1' at (296227500, 78422500) using coordinate system rotated by 0 degree(s)
13:31:18: [INFO] Adding track segment (F.Cu): [(286702500, 59372500), (286702500, 68897500)]
13:31:18: [INFO] Adding track segment (F.Cu): [(286702500, 68897500), (296227500, 78422500)]
13:31:18: [INFO] Routing pad 'SW41:1' at (296227500, 78422500) with pad 'SW55:1' at (308133750, 97472500) using coordinate system rotated by 0 degree(s)
13:31:18: [INFO] Adding track segment (F.Cu): [(296227500, 78422500), (296227500, 85566250)]
13:31:18: [INFO] Adding track segment (F.Cu): [(296227500, 85566250), (308133750, 97472500)]
13:31:18: [INFO] Routing pad 'SW55:1' at (308133750, 97472500) with pad 'SW63:1' at (324802500, 121285000) using coordinate system rotated by 0 degree(s)
13:31:18: [INFO] Adding track segment (F.Cu): [(308133750, 97472500), (308133750, 104616250)]
13:31:18: [INFO] Adding track segment (F.Cu): [(308133750, 104616250), (324802500, 121285000)]
13:31:18: [INFO] Removing dangling tracks
