=== kbplacer.kle_serial ===
=== layout2image.py ===
=== kbplacer ===
13:37:27: [INFO] User layout: https://editor.keyboard-tools.xyz/#share=NrDeCIA9wLgAgIwFYB0B2JAaO4Ces4AGFANm3AGMDwBiAQwcfHIHcCAmAX3IUxIB0AdkKGFMCcAF1MAKDBQCCABwoAzFhz54AWmIbK1GhWMnw3HLzRTZ86PATp9WuLtLkq8WoybnwYwsxwEB44RibGZjyYAdJyEHaIqo7kzq4AnL68SIF+fIHBht4MkRZ8IsKC-jliaOWi0dZxCvYoACwpBK68OGwtSL7sDdgFnmHhJeCqDbG2iklkmp3EGeRT2eSDJDlTW8MGo0V0Ob2IKP0bmFZ7CcTs+iG04RG+U1Yz8YptHTrE3fuhh2OnwwvnaAT2DzGpl8WBiNg+9iSSicSxQKxwWHWOHauyC-y8RSB8HYKDuoMu+WaRFJ90MTyoMIp7ypDju3xcv3chUJrA4NN8ZHBeMh9ImZAkzISCCSKJ+aN8aEwWPAZFxIwBPJ6wPOOEVapZZy5o1FCqZ8JZaENizlGCNoTQDsdYrNTSlNPZrnUdoJ3iJpzJ5CUQzxJ1ZOvAaWm5qlrXd1o58vIkeVQa2ksUJCteFRtpwkMdTt8kdx4CDVxwkbe5oATooxDhqwkpg3nLG2TgblnUkl6-ioc9yGIJFFhzgxOwcrwJ4PMKpGrN7ANxNtlxdpzgphP0y0A9jVxj9+B2uvwFgt9HtabRyrMCfFSeyHPt3BBlriXHwCwJ+-c+BBAQABdqwAVwAUyLcQ6kEXghQRal9FDfkk1vKCYPnODX0-T5dwjSCKiEXhRwgE4SXbT9vxfZIcH-eAgLAiD2FQ5dmVrHQEF7RtFBJfQEm0biPRJVpw14OcZ1aSdMHEmdsmfbQexeWcckGKSN0kpSlXQqk+McRlRL3FTTzU8h2hki8dCSHDFT0m8DMVAyyFM11Oh7Xkd3DSNVCgwZYKwlpfy-PkyJouA6PA5DWi8qMnPMlBe0Q-yKNI-RgtCiDPPwwRBiIqk9Fc-13MkyKJUkIA
13:37:27: [INFO] Labels prefixes: for rows: 'ROW', for columns: 'COL'
13:37:27: [INFO] Matrix size: 9x7
13:37:28: [WARNING] No stabilizer footprint for width 2.25u, using 2u as fallback
13:37:28: [WARNING] No stabilizer footprint for width 2.25u, using 2u as fallback
13:37:28: [WARNING] No stabilizer footprint for width 2.25u, using 2u as fallback
13:37:28: [WARNING] No stabilizer footprint for width 2.25u, using 2u as fallback
13:37:28: [INFO] Add COL0 net
13:37:28: [INFO] Add COL1 net
13:37:28: [INFO] Add COL2 net
13:37:28: [INFO] Add COL3 net
13:37:28: [INFO] Add COL4 net
13:37:28: [INFO] Add COL5 net
13:37:28: [INFO] Add COL6 net
13:37:28: [INFO] Add COL7 net
13:37:28: [INFO] Add Net-(D1-A) net
13:37:28: [INFO] Add Net-(D10-A) net
13:37:28: [INFO] Add Net-(D11-A) net
13:37:28: [INFO] Add Net-(D12-A) net
13:37:28: [INFO] Add Net-(D13-A) net
13:37:28: [INFO] Add Net-(D14-A) net
13:37:28: [INFO] Add Net-(D15-A) net
13:37:28: [INFO] Add Net-(D16-A) net
13:37:28: [INFO] Add Net-(D17-A) net
13:37:28: [INFO] Add Net-(D18-A) net
13:37:28: [INFO] Add Net-(D19-A) net
13:37:28: [INFO] Add Net-(D2-A) net
13:37:28: [INFO] Add Net-(D20-A) net
13:37:28: [INFO] Add Net-(D21-A) net
13:37:28: [INFO] Add Net-(D22-A) net
13:37:28: [INFO] Add Net-(D23-A) net
13:37:28: [INFO] Add Net-(D24-A) net
13:37:28: [INFO] Add Net-(D25-A) net
13:37:28: [INFO] Add Net-(D26-A) net
13:37:28: [INFO] Add Net-(D27-A) net
13:37:28: [INFO] Add Net-(D28-A) net
13:37:28: [INFO] Add Net-(D29-A) net
13:37:28: [INFO] Add Net-(D3-A) net
13:37:28: [INFO] Add Net-(D30-A) net
13:37:28: [INFO] Add Net-(D31-A) net
13:37:28: [INFO] Add Net-(D32-A) net
13:37:28: [INFO] Add Net-(D33-A) net
13:37:28: [INFO] Add Net-(D34-A) net
13:37:28: [INFO] Add Net-(D35-A) net
13:37:28: [INFO] Add Net-(D36-A) net
13:37:28: [INFO] Add Net-(D37-A) net
13:37:28: [INFO] Add Net-(D38-A) net
13:37:28: [INFO] Add Net-(D39-A) net
13:37:28: [INFO] Add Net-(D4-A) net
13:37:28: [INFO] Add Net-(D40-A) net
13:37:28: [INFO] Add Net-(D41-A) net
13:37:28: [INFO] Add Net-(D42-A) net
13:37:28: [INFO] Add Net-(D43-A) net
13:37:28: [INFO] Add Net-(D44-A) net
13:37:28: [INFO] Add Net-(D45-A) net
13:37:28: [INFO] Add Net-(D46-A) net
13:37:28: [INFO] Add Net-(D47-A) net
13:37:28: [INFO] Add Net-(D48-A) net
13:37:28: [INFO] Add Net-(D49-A) net
13:37:28: [INFO] Add Net-(D5-A) net
13:37:28: [INFO] Add Net-(D50-A) net
13:37:28: [INFO] Add Net-(D51-A) net
13:37:28: [INFO] Add Net-(D52-A) net
13:37:28: [INFO] Add Net-(D53-A) net
13:37:28: [INFO] Add Net-(D54-A) net
13:37:28: [INFO] Add Net-(D55-A) net
13:37:28: [INFO] Add Net-(D56-A) net
13:37:28: [INFO] Add Net-(D57-A) net
13:37:28: [INFO] Add Net-(D58-A) net
13:37:28: [INFO] Add Net-(D59-A) net
13:37:28: [INFO] Add Net-(D6-A) net
13:37:28: [INFO] Add Net-(D60-A) net
13:37:28: [INFO] Add Net-(D61-A) net
13:37:28: [INFO] Add Net-(D62-A) net
13:37:28: [INFO] Add Net-(D63-A) net
13:37:28: [INFO] Add Net-(D64-A) net
13:37:28: [INFO] Add Net-(D65-A) net
13:37:28: [INFO] Add Net-(D66-A) net
13:37:28: [INFO] Add Net-(D67-A) net
13:37:28: [INFO] Add Net-(D68-A) net
13:37:28: [INFO] Add Net-(D69-A) net
13:37:28: [INFO] Add Net-(D7-A) net
13:37:28: [INFO] Add Net-(D70-A) net
13:37:28: [INFO] Add Net-(D71-A) net
13:37:28: [INFO] Add Net-(D8-A) net
13:37:28: [INFO] Add Net-(D9-A) net
13:37:28: [INFO] Add ROW0 net
13:37:28: [INFO] Add ROW1 net
13:37:28: [INFO] Add ROW2 net
13:37:28: [INFO] Add ROW3 net
13:37:28: [INFO] Add ROW4 net
13:37:28: [INFO] Add ROW5 net
13:37:28: [INFO] Add ROW6 net
13:37:28: [INFO] Add ROW7 net
13:37:28: [INFO] Add ROW8 net
13:37:28: [INFO] Add ROW9 net
13:37:28: [INFO] Add SW1 footprint
13:37:28: [INFO] Add D1 footprint
13:37:28: [INFO] Add SW2 footprint
13:37:28: [INFO] Add D2 footprint
13:37:28: [INFO] Add SW3 footprint
13:37:28: [INFO] Add D3 footprint
13:37:28: [INFO] Add SW4 footprint
13:37:28: [INFO] Add D4 footprint
13:37:28: [INFO] Add SW5 footprint
13:37:28: [INFO] Add D5 footprint
13:37:28: [INFO] Add SW6 footprint
13:37:28: [INFO] Add D6 footprint
13:37:29: [INFO] Add SW7 footprint
13:37:29: [INFO] Add D7 footprint
13:37:29: [INFO] Add SW8 footprint
13:37:29: [INFO] Add D8 footprint
13:37:29: [INFO] Add SW9 footprint
13:37:29: [INFO] Add D9 footprint
13:37:29: [INFO] Add SW10 footprint
13:37:29: [INFO] Add D10 footprint
13:37:29: [INFO] Add SW11 footprint
13:37:29: [INFO] Add D11 footprint
13:37:29: [INFO] Add SW12 footprint
13:37:29: [INFO] Add D12 footprint
13:37:29: [INFO] Add SW13 footprint
13:37:29: [INFO] Add D13 footprint
13:37:29: [INFO] Add SW14 footprint
13:37:29: [INFO] Add D14 footprint
13:37:29: [INFO] Add SW15 footprint
13:37:29: [INFO] Add D15 footprint
13:37:29: [INFO] Add SW15a footprint
13:37:29: [INFO] Add ST15a footprint
13:37:29: [INFO] Add SW16 footprint
13:37:29: [INFO] Add D16 footprint
13:37:29: [INFO] Add SW17 footprint
13:37:29: [INFO] Add D17 footprint
13:37:29: [INFO] Add SW18 footprint
13:37:29: [INFO] Add D18 footprint
13:37:29: [INFO] Add SW19 footprint
13:37:29: [INFO] Add D19 footprint
13:37:29: [INFO] Add SW20 footprint
13:37:29: [INFO] Add D20 footprint
13:37:29: [INFO] Add SW21 footprint
13:37:29: [INFO] Add D21 footprint
13:37:29: [INFO] Add SW22 footprint
13:37:29: [INFO] Add D22 footprint
13:37:29: [INFO] Add SW23 footprint
13:37:29: [INFO] Add D23 footprint
13:37:30: [INFO] Add SW24 footprint
13:37:30: [INFO] Add D24 footprint
13:37:30: [INFO] Add SW25 footprint
13:37:30: [INFO] Add D25 footprint
13:37:30: [INFO] Add SW26 footprint
13:37:30: [INFO] Add D26 footprint
13:37:30: [INFO] Add SW27 footprint
13:37:30: [INFO] Add D27 footprint
13:37:30: [INFO] Add SW28 footprint
13:37:30: [INFO] Add D28 footprint
13:37:30: [INFO] Add SW29 footprint
13:37:30: [INFO] Add D29 footprint
13:37:30: [INFO] Add SW30 footprint
13:37:30: [INFO] Add D30 footprint
13:37:30: [INFO] Add SW31 footprint
13:37:30: [INFO] Add D31 footprint
13:37:30: [INFO] Add SW32 footprint
13:37:30: [INFO] Add D32 footprint
13:37:30: [INFO] Add SW33 footprint
13:37:30: [INFO] Add D33 footprint
13:37:30: [INFO] Add SW34 footprint
13:37:30: [INFO] Add D34 footprint
13:37:30: [INFO] Add SW35 footprint
13:37:30: [INFO] Add D35 footprint
13:37:30: [INFO] Add SW36 footprint
13:37:30: [INFO] Add D36 footprint
13:37:30: [INFO] Add SW37 footprint
13:37:30: [INFO] Add D37 footprint
13:37:30: [INFO] Add SW38 footprint
13:37:30: [INFO] Add D38 footprint
13:37:30: [WARNING] No stabilizer footprint for width 2.25u, using 2u as fallback
13:37:30: [INFO] Add ST38 footprint
13:37:30: [INFO] Add SW39 footprint
13:37:30: [INFO] Add D39 footprint
13:37:30: [INFO] Add SW40 footprint
13:37:30: [INFO] Add D40 footprint
13:37:30: [INFO] Add SW41 footprint
13:37:30: [INFO] Add D41 footprint
13:37:31: [INFO] Add SW42 footprint
13:37:31: [INFO] Add D42 footprint
13:37:31: [INFO] Add SW43 footprint
13:37:31: [INFO] Add D43 footprint
13:37:31: [INFO] Add SW44 footprint
13:37:31: [INFO] Add D44 footprint
13:37:31: [INFO] Add SW45 footprint
13:37:31: [INFO] Add D45 footprint
13:37:31: [INFO] Add SW46 footprint
13:37:31: [INFO] Add D46 footprint
13:37:31: [WARNING] No stabilizer footprint for width 2.25u, using 2u as fallback
13:37:31: [INFO] Add ST46 footprint
13:37:31: [INFO] Add SW47 footprint
13:37:31: [INFO] Add D47 footprint
13:37:31: [INFO] Add SW48 footprint
13:37:31: [INFO] Add D48 footprint
13:37:31: [INFO] Add SW49 footprint
13:37:31: [INFO] Add D49 footprint
13:37:31: [INFO] Add SW50 footprint
13:37:31: [INFO] Add D50 footprint
13:37:31: [INFO] Add SW51 footprint
13:37:31: [INFO] Add D51 footprint
13:37:31: [INFO] Add SW52 footprint
13:37:31: [INFO] Add D52 footprint
13:37:31: [INFO] Add SW53 footprint
13:37:31: [INFO] Add D53 footprint
13:37:31: [INFO] Add SW54 footprint
13:37:31: [INFO] Add D54 footprint
13:37:31: [INFO] Add SW55 footprint
13:37:31: [INFO] Add D55 footprint
13:37:31: [INFO] Add SW56 footprint
13:37:31: [INFO] Add D56 footprint
13:37:31: [INFO] Add SW57 footprint
13:37:31: [INFO] Add D57 footprint
13:37:32: [INFO] Add SW58 footprint
13:37:32: [INFO] Add D58 footprint
13:37:32: [INFO] Add SW59 footprint
13:37:32: [INFO] Add D59 footprint
13:37:32: [INFO] Add SW60 footprint
13:37:32: [INFO] Add D60 footprint
13:37:32: [INFO] Add SW61 footprint
13:37:32: [INFO] Add D61 footprint
13:37:32: [INFO] Add SW62 footprint
13:37:32: [INFO] Add D62 footprint
13:37:32: [INFO] Add SW63 footprint
13:37:32: [INFO] Add D63 footprint
13:37:32: [INFO] Add SW64 footprint
13:37:32: [INFO] Add D64 footprint
13:37:32: [INFO] Add SW65 footprint
13:37:32: [INFO] Add D65 footprint
13:37:32: [WARNING] No stabilizer footprint for width 2.25u, using 2u as fallback
13:37:32: [INFO] Add ST65 footprint
13:37:32: [INFO] Add SW65a footprint
13:37:32: [INFO] Add SW66 footprint
13:37:32: [INFO] Add D66 footprint
13:37:32: [INFO] Add SW66a footprint
13:37:32: [WARNING] No stabilizer footprint for width 2.25u, using 2u as fallback
13:37:32: [INFO] Add ST66a footprint
13:37:32: [INFO] Add SW67 footprint
13:37:32: [INFO] Add D67 footprint
13:37:32: [INFO] Add SW67a footprint
13:37:32: [INFO] Add SW68 footprint
13:37:32: [INFO] Add D68 footprint
13:37:32: [INFO] Add SW68a footprint
13:37:32: [INFO] Add SW69 footprint
13:37:32: [INFO] Add D69 footprint
13:37:32: [INFO] Add SW70 footprint
13:37:32: [INFO] Add D70 footprint
13:37:32: [INFO] Add SW71 footprint
13:37:32: [INFO] Add D71 footprint
13:37:33: [INFO] Detected layout convertible to matrix annotated keyboard
13:37:33: [INFO] Using key 1U distance: (19.05, 19.05) mm
13:37:33: [INFO] Layout offset: (21907500, 26670000)
13:37:33: [INFO] Diode info: [ElementInfo(annotation_format='D{}', position_option=<PositionOption.CUSTOM: 'Custom'>, position=ElementPosition(x=5.08, y=4.0, orientation=90.0, side=<Side.BACK: 'Back'>), template_path='', start_index=-1)]
13:37:33: [INFO] Placing additional elements for SW71
13:37:33: [INFO] Placing additional elements for SW70
13:37:33: [INFO] Placing additional elements for SW69
13:37:33: [INFO] Placing additional elements for SW68a
13:37:33: [INFO] Placing additional elements for SW68
13:37:33: [INFO] Placing additional elements for SW67a
13:37:33: [INFO] Placing additional elements for SW67
13:37:33: [INFO] Placing additional elements for SW66a
13:37:33: [INFO] Placing additional elements for SW66
13:37:33: [INFO] Placing additional elements for SW65a
13:37:33: [INFO] Placing additional elements for SW65
13:37:33: [INFO] Placing additional elements for SW64
13:37:33: [INFO] Placing additional elements for SW63
13:37:33: [INFO] Placing additional elements for SW62
13:37:33: [INFO] Placing additional elements for SW61
13:37:33: [INFO] Placing additional elements for SW60
13:37:33: [INFO] Placing additional elements for SW59
13:37:33: [INFO] Placing additional elements for SW58
13:37:33: [INFO] Placing additional elements for SW57
13:37:33: [INFO] Placing additional elements for SW56
13:37:33: [INFO] Placing additional elements for SW55
13:37:33: [INFO] Placing additional elements for SW54
13:37:33: [INFO] Placing additional elements for SW53
13:37:33: [INFO] Placing additional elements for SW52
13:37:33: [INFO] Placing additional elements for SW51
13:37:33: [INFO] Placing additional elements for SW50
13:37:33: [INFO] Placing additional elements for SW49
13:37:33: [INFO] Placing additional elements for SW48
13:37:33: [INFO] Placing additional elements for SW47
13:37:33: [INFO] Placing additional elements for SW46
13:37:33: [INFO] Placing additional elements for SW45
13:37:33: [INFO] Placing additional elements for SW44
13:37:33: [INFO] Placing additional elements for SW43
13:37:33: [INFO] Placing additional elements for SW42
13:37:33: [INFO] Placing additional elements for SW41
13:37:33: [INFO] Placing additional elements for SW40
13:37:33: [INFO] Placing additional elements for SW39
13:37:33: [INFO] Placing additional elements for SW38
13:37:33: [INFO] Placing additional elements for SW37
13:37:33: [INFO] Placing additional elements for SW36
13:37:33: [INFO] Placing additional elements for SW35
13:37:33: [INFO] Placing additional elements for SW34
13:37:33: [INFO] Placing additional elements for SW33
13:37:33: [INFO] Placing additional elements for SW32
13:37:33: [INFO] Placing additional elements for SW31
13:37:33: [INFO] Placing additional elements for SW30
13:37:33: [INFO] Placing additional elements for SW29
13:37:33: [INFO] Placing additional elements for SW28
13:37:33: [INFO] Placing additional elements for SW27
13:37:33: [INFO] Placing additional elements for SW26
13:37:33: [INFO] Placing additional elements for SW25
13:37:33: [INFO] Placing additional elements for SW24
13:37:33: [INFO] Placing additional elements for SW23
13:37:33: [INFO] Placing additional elements for SW22
13:37:33: [INFO] Placing additional elements for SW21
13:37:33: [INFO] Placing additional elements for SW20
13:37:33: [INFO] Placing additional elements for SW19
13:37:33: [INFO] Placing additional elements for SW18
13:37:33: [INFO] Placing additional elements for SW17
13:37:33: [INFO] Placing additional elements for SW16
13:37:33: [INFO] Placing additional elements for SW15a
13:37:33: [INFO] Placing additional elements for SW15
13:37:33: [INFO] Placing additional elements for SW14
13:37:33: [INFO] Placing additional elements for SW13
13:37:33: [INFO] Placing additional elements for SW12
13:37:33: [INFO] Placing additional elements for SW11
13:37:33: [INFO] Placing additional elements for SW10
13:37:33: [INFO] Placing additional elements for SW9
13:37:33: [INFO] Placing additional elements for SW8
13:37:33: [INFO] Placing additional elements for SW7
13:37:33: [INFO] Placing additional elements for SW6
13:37:33: [INFO] Placing additional elements for SW5
13:37:33: [INFO] Placing additional elements for SW4
13:37:33: [INFO] Placing additional elements for SW3
13:37:33: [INFO] Placing additional elements for SW2
13:37:33: [INFO] Placing additional elements for SW1
13:37:33: [INFO] Routing SW71 with D71
13:37:33: [INFO] Using internal autorouter method
13:37:33: [INFO] Routing pad 'SW71:2' at (386397500, 142557500) with pad 'D71:2' at (388937500, 150237500) using coordinate system rotated by 0 degree(s)
13:37:33: [INFO] Adding track segment (B.Cu): [(386397500, 142557500), (386397500, 147697500)]
13:37:33: [INFO] Adding track segment (B.Cu): [(386397500, 147697500), (388937500, 150237500)]
13:37:33: [INFO] Routing SW70 with D70
13:37:33: [INFO] Using internal autorouter method
13:37:33: [INFO] Routing pad 'SW70:2' at (348297500, 142557500) with pad 'D70:2' at (350837500, 150237500) using coordinate system rotated by 0 degree(s)
13:37:33: [INFO] Adding track segment (B.Cu): [(348297500, 142557500), (348297500, 147697500)]
13:37:33: [INFO] Adding track segment (B.Cu): [(348297500, 147697500), (350837500, 150237500)]
13:37:33: [INFO] Routing SW69 with D69
13:37:33: [INFO] Using internal autorouter method
13:37:33: [INFO] Routing pad 'SW69:2' at (305435000, 137795000) with pad 'D69:2' at (307975000, 145475000) using coordinate system rotated by 0 degree(s)
13:37:33: [INFO] Adding track segment (B.Cu): [(305435000, 137795000), (305435000, 142935000)]
13:37:33: [INFO] Adding track segment (B.Cu): [(305435000, 142935000), (307975000, 145475000)]
13:37:33: [INFO] Routing SW68a with D68
13:37:33: [INFO] Using internal autorouter method
13:37:33: [INFO] Routing pad 'SW68a:2' at (266088101, 141061314) with pad 'D68:2' at (255852690, 150664570) using coordinate system rotated by 350.0 degree(s)
13:37:33: [INFO] Routing SW68 with D68
13:37:33: [INFO] Using internal autorouter method
13:37:33: [INFO] Routing pad 'SW68:2' at (252017660, 143542313) with pad 'D68:2' at (255852690, 150664570) using coordinate system rotated by 350.0 degree(s)
13:37:33: [INFO] Adding track segment (B.Cu): [(252017660, 143542313), (252910211, 148604224)]
13:37:33: [INFO] Adding track segment (B.Cu): [(252910211, 148604224), (255852690, 150664570)]
13:37:33: [INFO] Routing SW67a with D67
13:37:33: [INFO] Using internal autorouter method
13:37:33: [INFO] Routing pad 'SW67a:2' at (228566926, 147677310) with pad 'D67:2' at (227711809, 155626567) using coordinate system rotated by 350.0 degree(s)
13:37:33: [INFO] Routing SW67 with D67
13:37:33: [INFO] Using internal autorouter method
13:37:33: [INFO] Routing pad 'SW67:2' at (223876779, 148504310) with pad 'D67:2' at (227711809, 155626567) using coordinate system rotated by 350.0 degree(s)
13:37:33: [INFO] Routing SW66a with D66
13:37:33: [INFO] Using internal autorouter method
13:37:33: [INFO] Routing pad 'SW66a:2' at (159556618, 145684115) with pad 'D66:2' at (179484999, 156996502) using coordinate system rotated by 10.0 degree(s)
13:37:33: [INFO] Adding track segment (B.Cu): [(159556618, 145684115), (165786323, 154581055)]
13:37:33: [INFO] Adding track segment (B.Cu): [(165786323, 154581055), (179484999, 156996502)]
13:37:33: [INFO] Routing SW66 with D66
13:37:33: [INFO] Using internal autorouter method
13:37:33: [INFO] Routing pad 'SW66:2' at (178317206, 148992113) with pad 'D66:2' at (179484999, 156996502) using coordinate system rotated by 10.0 degree(s)
13:37:33: [INFO] Adding track segment (B.Cu): [(178317206, 148992113), (177424653, 154054023)]
13:37:33: [INFO] Adding track segment (B.Cu): [(177424653, 154054023), (179484999, 156996502)]
13:37:33: [INFO] Routing SW65a with D65
13:37:33: [INFO] Using internal autorouter method
13:37:33: [INFO] Routing pad 'SW65a:2' at (126725590, 139895119) with pad 'D65:2' at (137273677, 149553507) using coordinate system rotated by 10.0 degree(s)
13:37:33: [INFO] Routing SW65 with D65
13:37:33: [INFO] Using internal autorouter method
13:37:33: [INFO] Routing pad 'SW65:2' at (136105884, 141549118) with pad 'D65:2' at (137273677, 149553507) using coordinate system rotated by 10.0 degree(s)
13:37:33: [INFO] Adding track segment (B.Cu): [(136105884, 141549118), (135213332, 146611029)]
13:37:33: [INFO] Adding track segment (B.Cu): [(135213332, 146611029), (137273677, 149553507)]
13:37:33: [INFO] Routing SW64 with D64
13:37:33: [INFO] Using internal autorouter method
13:37:33: [INFO] Routing pad 'SW64:2' at (83978750, 135890000) with pad 'D64:2' at (86518750, 143570000) using coordinate system rotated by 0 degree(s)
13:37:33: [INFO] Adding track segment (B.Cu): [(83978750, 135890000), (83978750, 141030000)]
13:37:33: [INFO] Adding track segment (B.Cu): [(83978750, 141030000), (86518750, 143570000)]
13:37:33: [INFO] Routing SW63 with D63
13:37:33: [INFO] Using internal autorouter method
13:37:33: [INFO] Routing pad 'SW63:2' at (367347500, 142557500) with pad 'D63:2' at (369887500, 150237500) using coordinate system rotated by 0 degree(s)
13:37:33: [INFO] Adding track segment (B.Cu): [(367347500, 142557500), (367347500, 147697500)]
13:37:33: [INFO] Adding track segment (B.Cu): [(367347500, 147697500), (369887500, 150237500)]
13:37:33: [INFO] Routing SW62 with D62
13:37:33: [INFO] Using internal autorouter method
13:37:33: [INFO] Routing pad 'SW62:2' at (324485000, 137795000) with pad 'D62:2' at (327025000, 145475000) using coordinate system rotated by 0 degree(s)
13:37:33: [INFO] Adding track segment (B.Cu): [(324485000, 137795000), (324485000, 142935000)]
13:37:33: [INFO] Adding track segment (B.Cu): [(324485000, 142935000), (327025000, 145475000)]
13:37:33: [INFO] Routing SW61 with D61
13:37:33: [INFO] Using internal autorouter method
13:37:33: [INFO] Routing pad 'SW61:2' at (60166250, 135890000) with pad 'D61:2' at (62706250, 143570000) using coordinate system rotated by 0 degree(s)
13:37:33: [INFO] Adding track segment (B.Cu): [(60166250, 135890000), (60166250, 141030000)]
13:37:33: [INFO] Adding track segment (B.Cu): [(60166250, 141030000), (62706250, 143570000)]
13:37:33: [INFO] Routing SW60 with D60
13:37:33: [INFO] Using internal autorouter method
13:37:33: [INFO] Routing pad 'SW60:2' at (391160000, 118745000) with pad 'D60:2' at (393700000, 126425000) using coordinate system rotated by 0 degree(s)
13:37:33: [INFO] Adding track segment (B.Cu): [(391160000, 118745000), (391160000, 123885000)]
13:37:33: [INFO] Adding track segment (B.Cu): [(391160000, 123885000), (393700000, 126425000)]
13:37:33: [INFO] Routing SW59 with D59
13:37:33: [INFO] Using internal autorouter method
13:37:33: [INFO] Routing pad 'SW59:2' at (336391250, 118745000) with pad 'D59:2' at (338931250, 126425000) using coordinate system rotated by 0 degree(s)
13:37:33: [INFO] Adding track segment (B.Cu): [(336391250, 118745000), (336391250, 123885000)]
13:37:33: [INFO] Adding track segment (B.Cu): [(336391250, 123885000), (338931250, 126425000)]
13:37:33: [INFO] Routing SW58 with D58
13:37:33: [INFO] Using internal autorouter method
13:37:33: [INFO] Routing pad 'SW58:2' at (291147500, 118745000) with pad 'D58:2' at (293687500, 126425000) using coordinate system rotated by 0 degree(s)
13:37:33: [INFO] Adding track segment (B.Cu): [(291147500, 118745000), (291147500, 123885000)]
13:37:33: [INFO] Adding track segment (B.Cu): [(291147500, 123885000), (293687500, 126425000)]
13:37:33: [INFO] Routing SW57 with D57
13:37:33: [INFO] Using internal autorouter method
13:37:33: [INFO] Routing pad 'SW57:2' at (251054736, 124368225) with pad 'D57:2' at (254889766, 131490482) using coordinate system rotated by 350.0 degree(s)
13:37:33: [INFO] Adding track segment (B.Cu): [(251054736, 124368225), (251947286, 129430135)]
13:37:33: [INFO] Adding track segment (B.Cu): [(251947286, 129430135), (254889766, 131490482)]
13:37:33: [INFO] Routing SW56 with D56
13:37:33: [INFO] Using internal autorouter method
13:37:33: [INFO] Routing pad 'SW56:2' at (213533561, 130984221) with pad 'D56:2' at (217368591, 138106478) using coordinate system rotated by 350.0 degree(s)
13:37:33: [INFO] Adding track segment (B.Cu): [(213533561, 130984221), (214426112, 136046131)]
13:37:33: [INFO] Adding track segment (B.Cu): [(214426112, 136046131), (217368591, 138106478)]
13:37:33: [INFO] Routing SW55 with D55
13:37:33: [INFO] Using internal autorouter method
13:37:33: [INFO] Routing pad 'SW55:2' at (160519543, 126510027) with pad 'D55:2' at (161687336, 134514416) using coordinate system rotated by 10.0 degree(s)
13:37:33: [INFO] Adding track segment (B.Cu): [(160519543, 126510027), (159626991, 131571938)]
13:37:33: [INFO] Adding track segment (B.Cu): [(159626991, 131571938), (161687336, 134514416)]
13:37:33: [INFO] Routing SW54 with D54
13:37:33: [INFO] Using internal autorouter method
13:37:33: [INFO] Routing pad 'SW54:2' at (122998367, 119894032) with pad 'D54:2' at (124166160, 127898421) using coordinate system rotated by 10.0 degree(s)
13:37:33: [INFO] Adding track segment (B.Cu): [(122998367, 119894032), (122105814, 124955943)]
13:37:33: [INFO] Adding track segment (B.Cu): [(122105814, 124955943), (124166160, 127898421)]
13:37:33: [INFO] Routing SW53 with D53
13:37:33: [INFO] Using internal autorouter method
13:37:33: [INFO] Routing pad 'SW53:2' at (367347500, 123507500) with pad 'D53:2' at (369887500, 131187500) using coordinate system rotated by 0 degree(s)
13:37:33: [INFO] Adding track segment (B.Cu): [(367347500, 123507500), (367347500, 128647500)]
13:37:33: [INFO] Adding track segment (B.Cu): [(367347500, 128647500), (369887500, 131187500)]
13:37:33: [INFO] Routing SW52 with D52
13:37:33: [INFO] Using internal autorouter method
13:37:33: [INFO] Routing pad 'SW52:2' at (310197500, 118745000) with pad 'D52:2' at (312737500, 126425000) using coordinate system rotated by 0 degree(s)
13:37:33: [INFO] Adding track segment (B.Cu): [(310197500, 118745000), (310197500, 123885000)]
13:37:33: [INFO] Adding track segment (B.Cu): [(310197500, 123885000), (312737500, 126425000)]
13:37:33: [INFO] Routing SW51 with D51
13:37:33: [INFO] Using internal autorouter method
13:37:33: [INFO] Routing pad 'SW51:2' at (269815324, 121060228) with pad 'D51:2' at (273650354, 128182485) using coordinate system rotated by 350.0 degree(s)
13:37:33: [INFO] Adding track segment (B.Cu): [(269815324, 121060228), (270707874, 126122138)]
13:37:33: [INFO] Adding track segment (B.Cu): [(270707874, 126122138), (273650354, 128182485)]
13:37:33: [INFO] Routing SW50 with D50
13:37:33: [INFO] Using internal autorouter method
13:37:33: [INFO] Routing pad 'SW50:2' at (232294148, 127676223) with pad 'D50:2' at (236129178, 134798480) using coordinate system rotated by 350.0 degree(s)
13:37:33: [INFO] Adding track segment (B.Cu): [(232294148, 127676223), (233186699, 132738134)]
13:37:33: [INFO] Adding track segment (B.Cu): [(233186699, 132738134), (236129178, 134798480)]
13:37:33: [INFO] Routing SW49 with D49
13:37:33: [INFO] Using internal autorouter method
13:37:33: [INFO] Routing pad 'SW49:2' at (179280131, 129818025) with pad 'D49:2' at (180447924, 137822414) using coordinate system rotated by 10.0 degree(s)
13:37:33: [INFO] Adding track segment (B.Cu): [(179280131, 129818025), (178387579, 134879936)]
13:37:33: [INFO] Adding track segment (B.Cu): [(178387579, 134879936), (180447924, 137822414)]
13:37:33: [INFO] Routing SW48 with D48
13:37:33: [INFO] Using internal autorouter method
13:37:33: [INFO] Routing pad 'SW48:2' at (141758955, 123202030) with pad 'D48:2' at (142926748, 131206419) using coordinate system rotated by 10.0 degree(s)
13:37:33: [INFO] Adding track segment (B.Cu): [(141758955, 123202030), (140866402, 128263940)]
13:37:33: [INFO] Adding track segment (B.Cu): [(140866402, 128263940), (142926748, 131206419)]
13:37:33: [INFO] Routing SW47 with D47
13:37:33: [INFO] Using internal autorouter method
13:37:33: [INFO] Routing pad 'SW47:2' at (100647500, 116840000) with pad 'D47:2' at (103187500, 124520000) using coordinate system rotated by 0 degree(s)
13:37:33: [INFO] Adding track segment (B.Cu): [(100647500, 116840000), (100647500, 121980000)]
13:37:33: [INFO] Adding track segment (B.Cu): [(100647500, 121980000), (103187500, 124520000)]
13:37:33: [INFO] Routing SW46 with D46
13:37:33: [INFO] Using internal autorouter method
13:37:33: [INFO] Routing pad 'SW46:2' at (69691250, 116840000) with pad 'D46:2' at (72231250, 124520000) using coordinate system rotated by 0 degree(s)
13:37:33: [INFO] Adding track segment (B.Cu): [(69691250, 116840000), (69691250, 121980000)]
13:37:33: [INFO] Adding track segment (B.Cu): [(69691250, 121980000), (72231250, 124520000)]
13:37:33: [INFO] Routing SW45 with D45
13:37:33: [INFO] Using internal autorouter method
13:37:33: [INFO] Routing pad 'SW45:2' at (383540000, 99695000) with pad 'D45:2' at (386080000, 107375000) using coordinate system rotated by 0 degree(s)
13:37:33: [INFO] Adding track segment (B.Cu): [(383540000, 99695000), (383540000, 104835000)]
13:37:33: [INFO] Adding track segment (B.Cu): [(383540000, 104835000), (386080000, 107375000)]
13:37:33: [INFO] Routing SW44 with D44
13:37:33: [INFO] Using internal autorouter method
13:37:33: [INFO] Routing pad 'SW44:2' at (297815000, 99695000) with pad 'D44:2' at (300355000, 107375000) using coordinate system rotated by 0 degree(s)
13:37:33: [INFO] Adding track segment (B.Cu): [(297815000, 99695000), (297815000, 104835000)]
13:37:33: [INFO] Adding track segment (B.Cu): [(297815000, 104835000), (300355000, 107375000)]
13:37:33: [INFO] Routing SW43 with D43
13:37:33: [INFO] Using internal autorouter method
13:37:33: [INFO] Routing pad 'SW43:2' at (257127032, 103953639) with pad 'D43:2' at (260962062, 111075896) using coordinate system rotated by 350.0 degree(s)
13:37:33: [INFO] Adding track segment (B.Cu): [(257127032, 103953639), (258019582, 109015550)]
13:37:33: [INFO] Adding track segment (B.Cu): [(258019582, 109015550), (260962062, 111075896)]
13:37:33: [INFO] Routing SW42 with D42
13:37:33: [INFO] Using internal autorouter method
13:37:33: [INFO] Routing pad 'SW42:2' at (219605857, 110569634) with pad 'D42:2' at (223440887, 117691891) using coordinate system rotated by 350.0 degree(s)
13:37:33: [INFO] Adding track segment (B.Cu): [(219605857, 110569634), (220498408, 115631545)]
13:37:33: [INFO] Adding track segment (B.Cu): [(220498408, 115631545), (223440887, 117691891)]
13:37:33: [INFO] Routing SW41 with D41
13:37:33: [INFO] Using internal autorouter method
13:37:33: [INFO] Routing pad 'SW41:2' at (173207834, 109403439) with pad 'D41:2' at (174375627, 117407828) using coordinate system rotated by 10.0 degree(s)
13:37:33: [INFO] Adding track segment (B.Cu): [(173207834, 109403439), (172315281, 114465350)]
13:37:33: [INFO] Adding track segment (B.Cu): [(172315281, 114465350), (174375627, 117407828)]
13:37:33: [INFO] Routing SW40 with D40
13:37:33: [INFO] Using internal autorouter method
13:37:33: [INFO] Routing pad 'SW40:2' at (135686659, 102787443) with pad 'D40:2' at (136854452, 110791832) using coordinate system rotated by 10.0 degree(s)
13:37:33: [INFO] Adding track segment (B.Cu): [(135686659, 102787443), (134794106, 107849353)]
13:37:33: [INFO] Adding track segment (B.Cu): [(134794106, 107849353), (136854452, 110791832)]
13:37:33: [INFO] Routing SW39 with D39
13:37:33: [INFO] Using internal autorouter method
13:37:33: [INFO] Routing pad 'SW39:2' at (93980000, 97790000) with pad 'D39:2' at (96520000, 105470000) using coordinate system rotated by 0 degree(s)
13:37:33: [INFO] Adding track segment (B.Cu): [(93980000, 97790000), (93980000, 102930000)]
13:37:33: [INFO] Adding track segment (B.Cu): [(93980000, 102930000), (96520000, 105470000)]
13:37:33: [INFO] Routing SW38 with D38
13:37:33: [INFO] Using internal autorouter method
13:37:33: [INFO] Routing pad 'SW38:2' at (347821250, 99695000) with pad 'D38:2' at (350361250, 107375000) using coordinate system rotated by 0 degree(s)
13:37:33: [INFO] Adding track segment (B.Cu): [(347821250, 99695000), (347821250, 104835000)]
13:37:33: [INFO] Adding track segment (B.Cu): [(347821250, 104835000), (350361250, 107375000)]
13:37:33: [INFO] Routing SW37 with D37
13:37:33: [INFO] Using internal autorouter method
13:37:33: [INFO] Routing pad 'SW37:2' at (316865000, 99695000) with pad 'D37:2' at (319405000, 107375000) using coordinate system rotated by 0 degree(s)
13:37:33: [INFO] Adding track segment (B.Cu): [(316865000, 99695000), (316865000, 104835000)]
13:37:33: [INFO] Adding track segment (B.Cu): [(316865000, 104835000), (319405000, 107375000)]
13:37:33: [INFO] Routing SW36 with D36
13:37:33: [INFO] Using internal autorouter method
13:37:33: [INFO] Routing pad 'SW36:2' at (275887620, 100645641) with pad 'D36:2' at (279722650, 107767898) using coordinate system rotated by 350.0 degree(s)
13:37:33: [INFO] Adding track segment (B.Cu): [(275887620, 100645641), (276780170, 105707551)]
13:37:33: [INFO] Adding track segment (B.Cu): [(276780170, 105707551), (279722650, 107767898)]
13:37:33: [INFO] Routing SW35 with D35
13:37:33: [INFO] Using internal autorouter method
13:37:33: [INFO] Routing pad 'SW35:2' at (238366444, 107261637) with pad 'D35:2' at (242201474, 114383894) using coordinate system rotated by 350.0 degree(s)
13:37:33: [INFO] Adding track segment (B.Cu): [(238366444, 107261637), (239258995, 112323548)]
13:37:33: [INFO] Adding track segment (B.Cu): [(239258995, 112323548), (242201474, 114383894)]
13:37:33: [INFO] Routing SW34 with D34
13:37:33: [INFO] Using internal autorouter method
13:37:33: [INFO] Routing pad 'SW34:2' at (154447247, 106095441) with pad 'D34:2' at (155615040, 114099830) using coordinate system rotated by 10.0 degree(s)
13:37:33: [INFO] Adding track segment (B.Cu): [(154447247, 106095441), (153554695, 111157352)]
13:37:33: [INFO] Adding track segment (B.Cu): [(153554695, 111157352), (155615040, 114099830)]
13:37:33: [INFO] Routing SW33 with D33
13:37:33: [INFO] Using internal autorouter method
13:37:33: [INFO] Routing pad 'SW33:2' at (116926071, 99479445) with pad 'D33:2' at (118093864, 107483834) using coordinate system rotated by 10.0 degree(s)
13:37:33: [INFO] Adding track segment (B.Cu): [(116926071, 99479445), (116033518, 104541356)]
13:37:33: [INFO] Adding track segment (B.Cu): [(116033518, 104541356), (118093864, 107483834)]
13:37:33: [INFO] Routing SW32 with D32
13:37:33: [INFO] Using internal autorouter method
13:37:33: [INFO] Routing pad 'SW32:2' at (67786250, 97790000) with pad 'D32:2' at (70326250, 105470000) using coordinate system rotated by 0 degree(s)
13:37:33: [INFO] Adding track segment (B.Cu): [(67786250, 97790000), (67786250, 102930000)]
13:37:33: [INFO] Adding track segment (B.Cu): [(67786250, 102930000), (70326250, 105470000)]
13:37:33: [INFO] Routing SW31 with D31
13:37:33: [INFO] Using internal autorouter method
13:37:33: [INFO] Routing pad 'SW31:2' at (383540000, 80645000) with pad 'D31:2' at (386080000, 88325000) using coordinate system rotated by 0 degree(s)
13:37:33: [INFO] Adding track segment (B.Cu): [(383540000, 80645000), (383540000, 85785000)]
13:37:33: [INFO] Adding track segment (B.Cu): [(383540000, 85785000), (386080000, 88325000)]
13:37:33: [INFO] Routing SW30 with D30
13:37:33: [INFO] Using internal autorouter method
13:37:33: [INFO] Routing pad 'SW30:2' at (331152500, 80645000) with pad 'D30:2' at (333692500, 88325000) using coordinate system rotated by 0 degree(s)
13:37:33: [INFO] Adding track segment (B.Cu): [(331152500, 80645000), (331152500, 85785000)]
13:37:33: [INFO] Adding track segment (B.Cu): [(331152500, 85785000), (333692500, 88325000)]
13:37:33: [INFO] Routing SW29 with D29
13:37:33: [INFO] Using internal autorouter method
13:37:33: [INFO] Routing pad 'SW29:2' at (293052500, 80645000) with pad 'D29:2' at (295592500, 88325000) using coordinate system rotated by 0 degree(s)
13:37:33: [INFO] Adding track segment (B.Cu): [(293052500, 80645000), (293052500, 85785000)]
13:37:33: [INFO] Adding track segment (B.Cu): [(293052500, 85785000), (295592500, 88325000)]
13:37:33: [INFO] Routing SW28 with D28
13:37:33: [INFO] Using internal autorouter method
13:37:33: [INFO] Routing pad 'SW28:2' at (249128887, 86020051) with pad 'D28:2' at (252963917, 93142308) using coordinate system rotated by 350.0 degree(s)
13:37:33: [INFO] Adding track segment (B.Cu): [(249128887, 86020051), (250021438, 91081962)]
13:37:33: [INFO] Adding track segment (B.Cu): [(250021438, 91081962), (252963917, 93142308)]
13:37:33: [INFO] Routing SW27 with D27
13:37:33: [INFO] Using internal autorouter method
13:37:33: [INFO] Routing pad 'SW27:2' at (211607712, 92636046) with pad 'D27:2' at (215442742, 99758303) using coordinate system rotated by 350.0 degree(s)
13:37:33: [INFO] Adding track segment (B.Cu): [(211607712, 92636046), (212500262, 97697956)]
13:37:33: [INFO] Adding track segment (B.Cu): [(212500262, 97697956), (215442742, 99758303)]
13:37:33: [INFO] Routing SW26 with D26
13:37:33: [INFO] Using internal autorouter method
13:37:33: [INFO] Routing pad 'SW26:2' at (171825685, 89815851) with pad 'D26:2' at (172993478, 97820240) using coordinate system rotated by 10.0 degree(s)
13:37:33: [INFO] Adding track segment (B.Cu): [(171825685, 89815851), (170933132, 94877762)]
13:37:33: [INFO] Adding track segment (B.Cu): [(170933132, 94877762), (172993478, 97820240)]
13:37:33: [INFO] Routing SW25 with D25
13:37:33: [INFO] Using internal autorouter method
13:37:33: [INFO] Routing pad 'SW25:2' at (134304510, 83199856) with pad 'D25:2' at (135472303, 91204245) using coordinate system rotated by 10.0 degree(s)
13:37:33: [INFO] Adding track segment (B.Cu): [(134304510, 83199856), (133411958, 88261768)]
13:37:33: [INFO] Adding track segment (B.Cu): [(133411958, 88261768), (135472303, 91204245)]
13:37:33: [INFO] Routing SW24 with D24
13:37:33: [INFO] Using internal autorouter method
13:37:33: [INFO] Routing pad 'SW24:2' at (89217500, 78740000) with pad 'D24:2' at (91757500, 86420000) using coordinate system rotated by 0 degree(s)
13:37:34: [INFO] Adding track segment (B.Cu): [(89217500, 78740000), (89217500, 83880000)]
13:37:34: [INFO] Adding track segment (B.Cu): [(89217500, 83880000), (91757500, 86420000)]
13:37:34: [INFO] Routing SW23 with D23
13:37:34: [INFO] Using internal autorouter method
13:37:34: [INFO] Routing pad 'SW23:2' at (354965000, 80645000) with pad 'D23:2' at (357505000, 88325000) using coordinate system rotated by 0 degree(s)
13:37:34: [INFO] Adding track segment (B.Cu): [(354965000, 80645000), (354965000, 85785000)]
13:37:34: [INFO] Adding track segment (B.Cu): [(354965000, 85785000), (357505000, 88325000)]
13:37:34: [INFO] Routing SW22 with D22
13:37:34: [INFO] Using internal autorouter method
13:37:34: [INFO] Routing pad 'SW22:2' at (312102500, 80645000) with pad 'D22:2' at (314642500, 88325000) using coordinate system rotated by 0 degree(s)
13:37:34: [INFO] Adding track segment (B.Cu): [(312102500, 80645000), (312102500, 85785000)]
13:37:34: [INFO] Adding track segment (B.Cu): [(312102500, 85785000), (314642500, 88325000)]
13:37:34: [INFO] Routing SW21 with D21
13:37:34: [INFO] Using internal autorouter method
13:37:34: [INFO] Routing pad 'SW21:2' at (267889475, 82712053) with pad 'D21:2' at (271724505, 89834310) using coordinate system rotated by 350.0 degree(s)
13:37:34: [INFO] Adding track segment (B.Cu): [(267889475, 82712053), (268782025, 87773964)]
13:37:34: [INFO] Adding track segment (B.Cu): [(268782025, 87773964), (271724505, 89834310)]
13:37:34: [INFO] Routing SW20 with D20
13:37:34: [INFO] Using internal autorouter method
13:37:34: [INFO] Routing pad 'SW20:2' at (230368300, 89328048) with pad 'D20:2' at (234203330, 96450305) using coordinate system rotated by 350.0 degree(s)
13:37:34: [INFO] Adding track segment (B.Cu): [(230368300, 89328048), (231260851, 94389959)]
13:37:34: [INFO] Adding track segment (B.Cu): [(231260851, 94389959), (234203330, 96450305)]
13:37:34: [INFO] Routing SW19 with D19
13:37:34: [INFO] Using internal autorouter method
13:37:34: [INFO] Routing pad 'SW19:2' at (153065098, 86507854) with pad 'D19:2' at (154232891, 94512243) using coordinate system rotated by 10.0 degree(s)
13:37:34: [INFO] Adding track segment (B.Cu): [(153065098, 86507854), (152172545, 91569765)]
13:37:34: [INFO] Adding track segment (B.Cu): [(152172545, 91569765), (154232891, 94512243)]
13:37:34: [INFO] Routing SW18 with D18
13:37:34: [INFO] Using internal autorouter method
13:37:34: [INFO] Routing pad 'SW18:2' at (115543922, 79891858) with pad 'D18:2' at (116711715, 87896247) using coordinate system rotated by 10.0 degree(s)
13:37:34: [INFO] Adding track segment (B.Cu): [(115543922, 79891858), (114651369, 84953769)]
13:37:34: [INFO] Adding track segment (B.Cu): [(114651369, 84953769), (116711715, 87896247)]
13:37:34: [INFO] Routing SW17 with D17
13:37:34: [INFO] Using internal autorouter method
13:37:34: [INFO] Routing pad 'SW17:2' at (65405000, 78740000) with pad 'D17:2' at (67945000, 86420000) using coordinate system rotated by 0 degree(s)
13:37:34: [INFO] Adding track segment (B.Cu): [(65405000, 78740000), (65405000, 83880000)]
13:37:34: [INFO] Adding track segment (B.Cu): [(65405000, 83880000), (67945000, 86420000)]
13:37:34: [INFO] Routing SW16 with D16
13:37:34: [INFO] Using internal autorouter method
13:37:34: [INFO] Routing pad 'SW16:2' at (383540000, 52070000) with pad 'D16:2' at (386080000, 59750000) using coordinate system rotated by 0 degree(s)
13:37:34: [INFO] Adding track segment (B.Cu): [(383540000, 52070000), (383540000, 57210000)]
13:37:34: [INFO] Adding track segment (B.Cu): [(383540000, 57210000), (386080000, 59750000)]
13:37:34: [INFO] Routing SW15a with D15
13:37:34: [INFO] Using internal autorouter method
13:37:34: [INFO] Routing pad 'SW15a:2' at (343535000, 61595000) with pad 'D15:2' at (336550000, 69275000) using coordinate system rotated by 0 degree(s)
13:37:34: [INFO] Routing SW15 with D15
13:37:34: [INFO] Using internal autorouter method
13:37:34: [INFO] Routing pad 'SW15:2' at (334010000, 61595000) with pad 'D15:2' at (336550000, 69275000) using coordinate system rotated by 0 degree(s)
13:37:34: [INFO] Adding track segment (B.Cu): [(334010000, 61595000), (334010000, 66735000)]
13:37:34: [INFO] Adding track segment (B.Cu): [(334010000, 66735000), (336550000, 69275000)]
13:37:34: [INFO] Routing SW14 with D14
13:37:34: [INFO] Using internal autorouter method
13:37:34: [INFO] Routing pad 'SW14:2' at (295910000, 61595000) with pad 'D14:2' at (298450000, 69275000) using coordinate system rotated by 0 degree(s)
13:37:34: [INFO] Adding track segment (B.Cu): [(295910000, 61595000), (295910000, 66735000)]
13:37:34: [INFO] Adding track segment (B.Cu): [(295910000, 66735000), (298450000, 69275000)]
13:37:34: [INFO] Routing SW13 with D13
13:37:34: [INFO] Using internal autorouter method
13:37:34: [INFO] Routing pad 'SW13:2' at (255201183, 65605464) with pad 'D13:2' at (259036213, 72727721) using coordinate system rotated by 350.0 degree(s)
13:37:34: [INFO] Adding track segment (B.Cu): [(255201183, 65605464), (256093734, 70667374)]
13:37:34: [INFO] Adding track segment (B.Cu): [(256093734, 70667374), (259036213, 72727721)]
13:37:34: [INFO] Routing SW12 with D12
13:37:34: [INFO] Using internal autorouter method
13:37:34: [INFO] Routing pad 'SW12:2' at (217680008, 72221460) with pad 'D12:2' at (221515038, 79343717) using coordinate system rotated by 350.0 degree(s)
13:37:34: [INFO] Adding track segment (B.Cu): [(217680008, 72221460), (218572558, 77283371)]
13:37:34: [INFO] Adding track segment (B.Cu): [(218572558, 77283371), (221515038, 79343717)]
13:37:34: [INFO] Routing SW11 with D11
13:37:34: [INFO] Using internal autorouter method
13:37:34: [INFO] Routing pad 'SW11:2' at (165753389, 69401265) with pad 'D11:2' at (166921182, 77405654) using coordinate system rotated by 10.0 degree(s)
13:37:34: [INFO] Adding track segment (B.Cu): [(165753389, 69401265), (164860836, 74463176)]
13:37:34: [INFO] Adding track segment (B.Cu): [(164860836, 74463176), (166921182, 77405654)]
13:37:34: [INFO] Routing SW10 with D10
13:37:34: [INFO] Using internal autorouter method
13:37:34: [INFO] Routing pad 'SW10:2' at (128232214, 62785269) with pad 'D10:2' at (129400007, 70789658) using coordinate system rotated by 10.0 degree(s)
13:37:34: [INFO] Adding track segment (B.Cu): [(128232214, 62785269), (127339662, 67847180)]
13:37:34: [INFO] Adding track segment (B.Cu): [(127339662, 67847180), (129400007, 70789658)]
13:37:34: [INFO] Routing SW9 with D9
13:37:34: [INFO] Using internal autorouter method
13:37:34: [INFO] Routing pad 'SW9:2' at (86360000, 59690000) with pad 'D9:2' at (88900000, 67370000) using coordinate system rotated by 0 degree(s)
13:37:34: [INFO] Adding track segment (B.Cu): [(86360000, 59690000), (86360000, 64830000)]
13:37:34: [INFO] Adding track segment (B.Cu): [(86360000, 64830000), (88900000, 67370000)]
13:37:34: [INFO] Routing SW8 with D8
13:37:34: [INFO] Using internal autorouter method
13:37:34: [INFO] Routing pad 'SW8:2' at (353060000, 61595000) with pad 'D8:2' at (355600000, 69275000) using coordinate system rotated by 0 degree(s)
13:37:34: [INFO] Adding track segment (B.Cu): [(353060000, 61595000), (353060000, 66735000)]
13:37:34: [INFO] Adding track segment (B.Cu): [(353060000, 66735000), (355600000, 69275000)]
13:37:34: [INFO] Routing SW7 with D7
13:37:34: [INFO] Using internal autorouter method
13:37:34: [INFO] Routing pad 'SW7:2' at (314960000, 61595000) with pad 'D7:2' at (317500000, 69275000) using coordinate system rotated by 0 degree(s)
13:37:34: [INFO] Adding track segment (B.Cu): [(314960000, 61595000), (314960000, 66735000)]
13:37:34: [INFO] Adding track segment (B.Cu): [(314960000, 66735000), (317500000, 69275000)]
13:37:34: [INFO] Routing SW6 with D6
13:37:34: [INFO] Using internal autorouter method
13:37:34: [INFO] Routing pad 'SW6:2' at (273961771, 62297466) with pad 'D6:2' at (277796801, 69419723) using coordinate system rotated by 350.0 degree(s)
13:37:34: [INFO] Adding track segment (B.Cu): [(273961771, 62297466), (274854321, 67359377)]
13:37:34: [INFO] Adding track segment (B.Cu): [(274854321, 67359377), (277796801, 69419723)]
13:37:34: [INFO] Routing SW5 with D5
13:37:34: [INFO] Using internal autorouter method
13:37:34: [INFO] Routing pad 'SW5:2' at (236440596, 68913462) with pad 'D5:2' at (240275626, 76035719) using coordinate system rotated by 350.0 degree(s)
13:37:34: [INFO] Adding track segment (B.Cu): [(236440596, 68913462), (237333146, 73975372)]
13:37:34: [INFO] Adding track segment (B.Cu): [(237333146, 73975372), (240275626, 76035719)]
13:37:34: [INFO] Routing SW4 with D4
13:37:34: [INFO] Using internal autorouter method
13:37:34: [INFO] Routing pad 'SW4:2' at (184513977, 72709263) with pad 'D4:2' at (185681770, 80713652) using coordinate system rotated by 10.0 degree(s)
13:37:34: [INFO] Adding track segment (B.Cu): [(184513977, 72709263), (183621425, 77771174)]
13:37:34: [INFO] Adding track segment (B.Cu): [(183621425, 77771174), (185681770, 80713652)]
13:37:34: [INFO] Routing SW3 with D3
13:37:34: [INFO] Using internal autorouter method
13:37:34: [INFO] Routing pad 'SW3:2' at (146992802, 66093267) with pad 'D3:2' at (148160595, 74097656) using coordinate system rotated by 10.0 degree(s)
13:37:34: [INFO] Adding track segment (B.Cu): [(146992802, 66093267), (146100250, 71155178)]
13:37:34: [INFO] Adding track segment (B.Cu): [(146100250, 71155178), (148160595, 74097656)]
13:37:34: [INFO] Routing SW2 with D2
13:37:34: [INFO] Using internal autorouter method
13:37:34: [INFO] Routing pad 'SW2:2' at (109471626, 59477272) with pad 'D2:2' at (110639419, 67481661) using coordinate system rotated by 10.0 degree(s)
13:37:34: [INFO] Adding track segment (B.Cu): [(109471626, 59477272), (108579073, 64539182)]
13:37:34: [INFO] Adding track segment (B.Cu): [(108579073, 64539182), (110639419, 67481661)]
13:37:34: [INFO] Routing SW1 with D1
13:37:34: [INFO] Using internal autorouter method
13:37:34: [INFO] Routing pad 'SW1:2' at (67310000, 59690000) with pad 'D1:2' at (69850000, 67370000) using coordinate system rotated by 0 degree(s)
13:37:34: [INFO] Adding track segment (B.Cu): [(67310000, 59690000), (67310000, 64830000)]
13:37:34: [INFO] Adding track segment (B.Cu): [(67310000, 64830000), (69850000, 67370000)]
13:37:34: [INFO] Routing ROW1 pads
13:37:34: [WARNING] Could not route pads when parent footprints not rotated the same, footprint1: D9 at 90.0 degree(s) and footprint2: D10 at 80.0 degree(s)
13:37:34: [INFO] Routing pad 'D10:1' at (128913793, 73547120) with pad 'D11:1' at (166434968, 80163116) using coordinate system rotated by 280.0 degree(s)
13:37:34: [WARNING] Could not route pads when parent footprints not rotated the same, footprint1: D11 at 80.0 degree(s) and footprint2: D12 at 100.0 degree(s)
13:37:34: [INFO] Routing pad 'D12:1' at (222001252, 82101179) with pad 'D13:1' at (259522427, 75485183) using coordinate system rotated by 260.0 degree(s)
13:37:34: [WARNING] Could not route pads when parent footprints not rotated the same, footprint1: D13 at 100.0 degree(s) and footprint2: D14 at 90.0 degree(s)
13:37:34: [INFO] Routing pad 'D14:1' at (298450000, 72075000) with pad 'D15:1' at (336550000, 72075000) using coordinate system rotated by 0 degree(s)
13:37:34: [INFO] Adding track segment (B.Cu): [(298450000, 72075000), (336550000, 72075000)]
13:37:34: [INFO] Could not add track segment due to detected collision
13:37:34: [INFO] Routing pad 'D15:1' at (336550000, 72075000) with pad 'D16:1' at (386080000, 62550000) using coordinate system rotated by 0 degree(s)
13:37:34: [INFO] Routing ROW5 pads
13:37:34: [WARNING] Could not route pads when parent footprints not rotated the same, footprint1: D39 at 90.0 degree(s) and footprint2: D40 at 80.0 degree(s)
13:37:34: [INFO] Routing pad 'D40:1' at (136368238, 113549294) with pad 'D41:1' at (173889413, 120165290) using coordinate system rotated by 280.0 degree(s)
13:37:34: [WARNING] Could not route pads when parent footprints not rotated the same, footprint1: D41 at 80.0 degree(s) and footprint2: D42 at 100.0 degree(s)
13:37:34: [INFO] Routing pad 'D42:1' at (223927101, 120449353) with pad 'D43:1' at (261448276, 113833358) using coordinate system rotated by 260.0 degree(s)
13:37:34: [WARNING] Could not route pads when parent footprints not rotated the same, footprint1: D43 at 100.0 degree(s) and footprint2: D44 at 90.0 degree(s)
13:37:34: [INFO] Routing pad 'D44:1' at (300355000, 110175000) with pad 'D45:1' at (386080000, 110175000) using coordinate system rotated by 0 degree(s)
13:37:34: [INFO] Adding track segment (B.Cu): [(300355000, 110175000), (386080000, 110175000)]
13:37:34: [INFO] Could not add track segment due to detected collision
13:37:34: [INFO] Routing ROW6 pads
13:37:34: [INFO] Routing pad 'D46:1' at (72231250, 127320000) with pad 'D47:1' at (103187500, 127320000) using coordinate system rotated by 0 degree(s)
13:37:34: [INFO] Adding track segment (B.Cu): [(72231250, 127320000), (103187500, 127320000)]
13:37:34: [WARNING] Could not route pads when parent footprints not rotated the same, footprint1: D47 at 90.0 degree(s) and footprint2: D48 at 80.0 degree(s)
13:37:34: [INFO] Routing pad 'D48:1' at (142440534, 133963881) with pad 'D49:1' at (179961710, 140579876) using coordinate system rotated by 280.0 degree(s)
13:37:34: [WARNING] Could not route pads when parent footprints not rotated the same, footprint1: D49 at 80.0 degree(s) and footprint2: D50 at 100.0 degree(s)
13:37:34: [INFO] Routing pad 'D50:1' at (236615392, 137555942) with pad 'D51:1' at (274136568, 130939947) using coordinate system rotated by 260.0 degree(s)
13:37:34: [WARNING] Could not route pads when parent footprints not rotated the same, footprint1: D51 at 100.0 degree(s) and footprint2: D52 at 90.0 degree(s)
13:37:34: [INFO] Routing pad 'D52:1' at (312737500, 129225000) with pad 'D53:1' at (369887500, 133987500) using coordinate system rotated by 0 degree(s)
13:37:34: [INFO] Adding track segment (B.Cu): [(312737500, 129225000), (317500000, 133987500)]
13:37:34: [INFO] Adding track segment (B.Cu): [(317500000, 133987500), (369887500, 133987500)]
13:37:34: [INFO] Routing COL7 pads
13:37:34: [INFO] Routing pad 'SW23:1' at (348615000, 83185000) with pad 'SW8:1' at (346710000, 64135000) using coordinate system rotated by 0 degree(s)
13:37:34: [INFO] Routing pad 'SW38:1' at (341471250, 102235000) with pad 'SW23:1' at (348615000, 83185000) using coordinate system rotated by 0 degree(s)
13:37:34: [INFO] Adding track segment (F.Cu): [(341471250, 102235000), (348615000, 95091250)]
13:37:34: [INFO] Adding track segment (F.Cu): [(348615000, 95091250), (348615000, 83185000)]
13:37:34: [INFO] Routing pad 'SW60:1' at (384810000, 121285000) with pad 'SW53:1' at (360997500, 126047500) using coordinate system rotated by 0 degree(s)
13:37:34: [INFO] Adding track segment (F.Cu): [(384810000, 121285000), (365760000, 121285000)]
13:37:34: [INFO] Adding track segment (F.Cu): [(365760000, 121285000), (360997500, 126047500)]
13:37:34: [INFO] Routing pad 'SW53:1' at (360997500, 126047500) with pad 'SW63:1' at (360997500, 145097500) using coordinate system rotated by 0 degree(s)
13:37:34: [INFO] Adding track segment (F.Cu): [(360997500, 126047500), (360997500, 145097500)]
13:37:34: [INFO] Routing pad 'SW31:1' at (377190000, 83185000) with pad 'SW16:1' at (377190000, 54610000) using coordinate system rotated by 0 degree(s)
13:37:34: [INFO] Adding track segment (F.Cu): [(377190000, 83185000), (377190000, 54610000)]
13:37:34: [INFO] Routing pad 'SW23:1' at (348615000, 83185000) with pad 'SW31:1' at (377190000, 83185000) using coordinate system rotated by 0 degree(s)
13:37:34: [INFO] Adding track segment (F.Cu): [(348615000, 83185000), (377190000, 83185000)]
13:37:34: [INFO] Routing pad 'SW31:1' at (377190000, 83185000) with pad 'SW45:1' at (377190000, 102235000) using coordinate system rotated by 0 degree(s)
13:37:34: [INFO] Adding track segment (F.Cu): [(377190000, 83185000), (377190000, 102235000)]
13:37:34: [INFO] Routing pad 'SW63:1' at (360997500, 145097500) with pad 'SW71:1' at (380047500, 145097500) using coordinate system rotated by 0 degree(s)
13:37:34: [INFO] Adding track segment (F.Cu): [(360997500, 145097500), (380047500, 145097500)]
13:37:34: [INFO] Routing pad 'SW45:1' at (377190000, 102235000) with pad 'SW60:1' at (384810000, 121285000) using coordinate system rotated by 0 degree(s)
13:37:34: [INFO] Adding track segment (F.Cu): [(377190000, 102235000), (377190000, 113665000)]
13:37:34: [INFO] Adding track segment (F.Cu): [(377190000, 113665000), (384810000, 121285000)]
13:37:34: [INFO] Routing ROW0 pads
13:37:34: [WARNING] Could not route pads when parent footprints not rotated the same, footprint1: D1 at 90.0 degree(s) and footprint2: D2 at 80.0 degree(s)
13:37:34: [INFO] Routing pad 'D2:1' at (110153205, 70239123) with pad 'D3:1' at (147674381, 76855118) using coordinate system rotated by 280.0 degree(s)
13:37:34: [INFO] Routing pad 'D3:1' at (147674381, 76855118) with pad 'D4:1' at (185195556, 83471114) using coordinate system rotated by 280.0 degree(s)
13:37:34: [WARNING] Could not route pads when parent footprints not rotated the same, footprint1: D4 at 80.0 degree(s) and footprint2: D5 at 100.0 degree(s)
13:37:34: [INFO] Routing pad 'D5:1' at (240761840, 78793181) with pad 'D6:1' at (278283015, 72177185) using coordinate system rotated by 260.0 degree(s)
13:37:34: [WARNING] Could not route pads when parent footprints not rotated the same, footprint1: D6 at 100.0 degree(s) and footprint2: D7 at 90.0 degree(s)
13:37:34: [INFO] Routing pad 'D7:1' at (317500000, 72075000) with pad 'D8:1' at (355600000, 72075000) using coordinate system rotated by 0 degree(s)
13:37:34: [INFO] Adding track segment (B.Cu): [(317500000, 72075000), (355600000, 72075000)]
13:37:34: [INFO] Could not add track segment due to detected collision
13:37:34: [INFO] Routing COL4 pads
13:37:34: [INFO] Routing pad 'SW35:1' at (232553981, 110865715) with pad 'SW50:1' at (226481685, 131280301) using coordinate system rotated by 350.0 degree(s)
13:37:34: [INFO] Adding track segment (F.Cu): [(232553981, 110865715), (234207979, 120246008)]
13:37:34: [INFO] Adding track segment (F.Cu): [(234207979, 120246008), (226481685, 131280301)]
13:37:34: [INFO] Routing pad 'SW20:1' at (224555837, 92932126) with pad 'SW5:1' at (230628133, 72517540) using coordinate system rotated by 350.0 degree(s)
13:37:34: [INFO] Adding track segment (F.Cu): [(224555837, 92932126), (232282131, 81897833)]
13:37:34: [INFO] Adding track segment (F.Cu): [(232282131, 81897833), (230628133, 72517540)]
13:37:34: [INFO] Routing pad 'SW20:1' at (224555837, 92932126) with pad 'SW35:1' at (232553981, 110865715) using coordinate system rotated by 350.0 degree(s)
13:37:34: [INFO] Adding track segment (F.Cu): [(224555837, 92932126), (227036834, 107002566)]
13:37:34: [INFO] Adding track segment (F.Cu): [(227036834, 107002566), (232553981, 110865715)]
13:37:34: [INFO] Routing pad 'SW20:1' at (224555837, 92932126) with pad 'SW28:1' at (243316424, 89624129) using coordinate system rotated by 350.0 degree(s)
13:37:34: [INFO] Adding track segment (F.Cu): [(224555837, 92932126), (243316423, 89624128)]
13:37:34: [INFO] Adding track segment (F.Cu): [(243316423, 89624128), (243316424, 89624129)]
13:37:34: [INFO] Routing pad 'SW50:1' at (226481685, 131280301) with pad 'SW57:1' at (245242273, 127972303) using coordinate system rotated by 350.0 degree(s)
13:37:34: [INFO] Adding track segment (F.Cu): [(226481685, 131280301), (245242271, 127972303)]
13:37:34: [INFO] Adding track segment (F.Cu): [(245242271, 127972303), (245242273, 127972303)]
13:37:34: [INFO] Routing pad 'SW57:1' at (245242273, 127972303) with pad 'SW68:1' at (246205197, 147146391) using coordinate system rotated by 350.0 degree(s)
13:37:34: [INFO] Adding track segment (F.Cu): [(245242273, 127972303), (248136770, 144387817)]
13:37:34: [INFO] Adding track segment (F.Cu): [(248136770, 144387817), (246205197, 147146391)]
13:37:34: [INFO] Routing pad 'SW5:1' at (230628133, 72517540) with pad 'SW13:1' at (249388720, 69209542) using coordinate system rotated by 350.0 degree(s)
13:37:34: [INFO] Adding track segment (F.Cu): [(230628133, 72517540), (249388719, 69209541)]
13:37:34: [INFO] Adding track segment (F.Cu): [(249388719, 69209541), (249388720, 69209542)]
13:37:34: [INFO] Routing pad 'SW35:1' at (232553981, 110865715) with pad 'SW43:1' at (251314569, 107557717) using coordinate system rotated by 350.0 degree(s)
13:37:34: [INFO] Adding track segment (F.Cu): [(232553981, 110865715), (251314568, 107557716)]
13:37:35: [INFO] Adding track segment (F.Cu): [(251314568, 107557716), (251314569, 107557717)]
13:37:35: [INFO] Routing pad 'SW68:1' at (246205197, 147146391) with pad 'SW68a:1' at (260275638, 144665392) using coordinate system rotated by 350.0 degree(s)
13:37:35: [INFO] Adding track segment (F.Cu): [(246205197, 147146391), (260275636, 144665392)]
13:37:35: [INFO] Adding track segment (F.Cu): [(260275636, 144665392), (260275638, 144665392)]
13:37:35: [INFO] Routing ROW7 pads
13:37:35: [INFO] Routing pad 'D54:1' at (123679946, 130655883) with pad 'D55:1' at (161201122, 137271878) using coordinate system rotated by 280.0 degree(s)
13:37:35: [WARNING] Could not route pads when parent footprints not rotated the same, footprint1: D55 at 80.0 degree(s) and footprint2: D56 at 100.0 degree(s)
13:37:35: [INFO] Routing pad 'D56:1' at (217854805, 140863940) with pad 'D57:1' at (255375980, 134247944) using coordinate system rotated by 260.0 degree(s)
13:37:35: [WARNING] Could not route pads when parent footprints not rotated the same, footprint1: D57 at 100.0 degree(s) and footprint2: D58 at 90.0 degree(s)
13:37:35: [INFO] Routing pad 'D58:1' at (293687500, 129225000) with pad 'D59:1' at (338931250, 129225000) using coordinate system rotated by 0 degree(s)
13:37:35: [INFO] Adding track segment (B.Cu): [(293687500, 129225000), (338931250, 129225000)]
13:37:35: [INFO] Could not add track segment due to detected collision
13:37:35: [INFO] Routing pad 'D59:1' at (338931250, 129225000) with pad 'D60:1' at (393700000, 129225000) using coordinate system rotated by 0 degree(s)
13:37:35: [INFO] Adding track segment (B.Cu): [(338931250, 129225000), (393700000, 129225000)]
13:37:35: [INFO] Could not add track segment due to detected collision
13:37:35: [INFO] Routing ROW4 pads
13:37:35: [WARNING] Could not route pads when parent footprints not rotated the same, footprint1: D32 at 90.0 degree(s) and footprint2: D33 at 80.0 degree(s)
13:37:35: [INFO] Routing pad 'D33:1' at (117607650, 110241296) with pad 'D34:1' at (155128826, 116857292) using coordinate system rotated by 280.0 degree(s)
13:37:35: [WARNING] Could not route pads when parent footprints not rotated the same, footprint1: D34 at 80.0 degree(s) and footprint2: D35 at 100.0 degree(s)
13:37:35: [INFO] Routing pad 'D35:1' at (242687688, 117141356) with pad 'D36:1' at (280208864, 110525360) using coordinate system rotated by 260.0 degree(s)
13:37:35: [WARNING] Could not route pads when parent footprints not rotated the same, footprint1: D36 at 100.0 degree(s) and footprint2: D37 at 90.0 degree(s)
13:37:35: [INFO] Routing pad 'D37:1' at (319405000, 110175000) with pad 'D38:1' at (350361250, 110175000) using coordinate system rotated by 0 degree(s)
13:37:35: [INFO] Adding track segment (B.Cu): [(319405000, 110175000), (350361250, 110175000)]
13:37:35: [INFO] Routing COL5 pads
13:37:35: [INFO] Routing pad 'SW36:1' at (270075157, 104249719) with pad 'SW51:1' at (264002861, 124664306) using coordinate system rotated by 350.0 degree(s)
13:37:35: [INFO] Adding track segment (F.Cu): [(270075157, 104249719), (271729155, 113630012)]
13:37:35: [INFO] Adding track segment (F.Cu): [(271729155, 113630012), (264002861, 124664306)]
13:37:35: [INFO] Routing pad 'SW21:1' at (262077012, 86316131) with pad 'SW6:1' at (268149308, 65901544) using coordinate system rotated by 350.0 degree(s)
13:37:35: [INFO] Adding track segment (F.Cu): [(262077012, 86316131), (269803306, 75281837)]
13:37:35: [INFO] Adding track segment (F.Cu): [(269803306, 75281837), (268149308, 65901544)]
13:37:35: [INFO] Routing pad 'SW21:1' at (262077012, 86316131) with pad 'SW36:1' at (270075157, 104249719) using coordinate system rotated by 350.0 degree(s)
13:37:35: [INFO] Adding track segment (F.Cu): [(262077012, 86316131), (264558009, 100386571)]
13:37:35: [INFO] Adding track segment (F.Cu): [(264558009, 100386571), (270075157, 104249719)]
13:37:35: [WARNING] Could not route pads when parent footprints not rotated the same, footprint1: SW51 at 10.0 degree(s) and footprint2: SW58 at 0.0 degree(s)
13:37:35: [INFO] Routing pad 'SW44:1' at (291465000, 102235000) with pad 'SW29:1' at (286702500, 83185000) using coordinate system rotated by 0 degree(s)
13:37:35: [INFO] Adding track segment (F.Cu): [(291465000, 102235000), (286702500, 97472500)]
13:37:35: [INFO] Adding track segment (F.Cu): [(286702500, 97472500), (286702500, 83185000)]
13:37:35: [INFO] Routing pad 'SW29:1' at (286702500, 83185000) with pad 'SW14:1' at (289560000, 64135000) using coordinate system rotated by 0 degree(s)
13:37:35: [INFO] Adding track segment (F.Cu): [(286702500, 83185000), (289560000, 80327500)]
13:37:35: [INFO] Adding track segment (F.Cu): [(289560000, 80327500), (289560000, 64135000)]
13:37:35: [INFO] Routing pad 'SW58:1' at (284797500, 121285000) with pad 'SW44:1' at (291465000, 102235000) using coordinate system rotated by 0 degree(s)
13:37:35: [INFO] Adding track segment (F.Cu): [(284797500, 121285000), (291465000, 114617500)]
13:37:35: [INFO] Adding track segment (F.Cu): [(291465000, 114617500), (291465000, 102235000)]
13:37:35: [INFO] Routing pad 'SW58:1' at (284797500, 121285000) with pad 'SW69:1' at (299085000, 140335000) using coordinate system rotated by 0 degree(s)
13:37:35: [INFO] Adding track segment (F.Cu): [(284797500, 121285000), (284797500, 126047500)]
13:37:35: [INFO] Adding track segment (F.Cu): [(284797500, 126047500), (299085000, 140335000)]
13:37:35: [INFO] Routing COL0 pads
13:37:35: [INFO] Routing pad 'SW32:1' at (61436250, 100330000) with pad 'SW17:1' at (59055000, 81280000) using coordinate system rotated by 0 degree(s)
13:37:35: [INFO] Adding track segment (F.Cu): [(61436250, 100330000), (59055000, 97948750)]
13:37:35: [INFO] Adding track segment (F.Cu): [(59055000, 97948750), (59055000, 81280000)]
13:37:35: [INFO] Routing pad 'SW17:1' at (59055000, 81280000) with pad 'SW1:1' at (60960000, 62230000) using coordinate system rotated by 0 degree(s)
13:37:35: [INFO] Adding track segment (F.Cu): [(59055000, 81280000), (60960000, 79375000)]
13:37:35: [INFO] Adding track segment (F.Cu): [(60960000, 79375000), (60960000, 62230000)]
13:37:35: [INFO] Routing pad 'SW46:1' at (63341250, 119380000) with pad 'SW32:1' at (61436250, 100330000) using coordinate system rotated by 0 degree(s)
13:37:35: [INFO] Adding track segment (F.Cu): [(63341250, 119380000), (61436250, 117475000)]
13:37:35: [INFO] Adding track segment (F.Cu): [(61436250, 117475000), (61436250, 100330000)]
13:37:35: [INFO] Routing pad 'SW61:1' at (53816250, 138430000) with pad 'SW46:1' at (63341250, 119380000) using coordinate system rotated by 0 degree(s)
13:37:35: [INFO] Adding track segment (F.Cu): [(53816250, 138430000), (63341250, 128905000)]
13:37:35: [INFO] Adding track segment (F.Cu): [(63341250, 128905000), (63341250, 119380000)]
13:37:35: [INFO] Routing pad 'SW61:1' at (53816250, 138430000) with pad 'SW64:1' at (77628750, 138430000) using coordinate system rotated by 0 degree(s)
13:37:35: [INFO] Adding track segment (F.Cu): [(53816250, 138430000), (77628750, 138430000)]
13:37:35: [INFO] Routing pad 'SW1:1' at (60960000, 62230000) with pad 'SW9:1' at (80010000, 62230000) using coordinate system rotated by 0 degree(s)
13:37:35: [INFO] Adding track segment (F.Cu): [(60960000, 62230000), (80010000, 62230000)]
13:37:35: [INFO] Routing pad 'SW9:1' at (80010000, 62230000) with pad 'SW24:1' at (82867500, 81280000) using coordinate system rotated by 0 degree(s)
13:37:35: [INFO] Adding track segment (F.Cu): [(80010000, 62230000), (80010000, 78422500)]
13:37:35: [INFO] Adding track segment (F.Cu): [(80010000, 78422500), (82867500, 81280000)]
13:37:35: [INFO] Routing pad 'SW24:1' at (82867500, 81280000) with pad 'SW39:1' at (87630000, 100330000) using coordinate system rotated by 0 degree(s)
13:37:35: [INFO] Adding track segment (F.Cu): [(82867500, 81280000), (82867500, 95567500)]
13:37:35: [INFO] Adding track segment (F.Cu): [(82867500, 95567500), (87630000, 100330000)]
13:37:35: [INFO] Routing COL2 pads
13:37:35: [INFO] Routing pad 'SW11:1' at (159058794, 70800011) with pad 'SW3:1' at (140298207, 67492013) using coordinate system rotated by 10.0 degree(s)
13:37:35: [INFO] Adding track segment (F.Cu): [(159058794, 70800011), (140298207, 67492013)]
13:37:35: [INFO] Adding track segment (F.Cu): [(140298207, 67492013), (140298207, 67492013)]
13:37:35: [INFO] Routing pad 'SW34:1' at (147752652, 107494187) with pad 'SW19:1' at (146370503, 87906600) using coordinate system rotated by 10.0 degree(s)
13:37:35: [INFO] Adding track segment (F.Cu): [(147752652, 107494187), (143889504, 101977040)]
13:37:35: [INFO] Adding track segment (F.Cu): [(143889504, 101977040), (146370503, 87906600)]
13:37:35: [INFO] Routing pad 'SW55:1' at (153824948, 127908773) with pad 'SW34:1' at (147752652, 107494187) using coordinate system rotated by 10.0 degree(s)
13:37:35: [INFO] Adding track segment (F.Cu): [(153824948, 127908773), (146098652, 116874479)]
13:37:35: [INFO] Adding track segment (F.Cu): [(146098652, 116874479), (147752652, 107494187)]
13:37:35: [INFO] Routing pad 'SW55:1' at (153824948, 127908773) with pad 'SW66a:1' at (152862023, 147082861) using coordinate system rotated by 10.0 degree(s)
13:37:35: [INFO] Adding track segment (F.Cu): [(153824948, 127908773), (150930449, 144324287)]
13:37:35: [INFO] Adding track segment (F.Cu): [(150930449, 144324287), (152862023, 147082861)]
13:37:35: [INFO] Routing pad 'SW48:1' at (135064360, 124600776) with pad 'SW55:1' at (153824948, 127908773) using coordinate system rotated by 10.0 degree(s)
13:37:35: [INFO] Adding track segment (F.Cu): [(135064360, 124600776), (153824946, 127908773)]
13:37:35: [INFO] Adding track segment (F.Cu): [(153824946, 127908773), (153824948, 127908773)]
13:37:35: [INFO] Routing pad 'SW26:1' at (165131090, 91214597) with pad 'SW11:1' at (159058794, 70800011) using coordinate system rotated by 10.0 degree(s)
13:37:35: [INFO] Adding track segment (F.Cu): [(165131090, 91214597), (157404794, 80180303)]
13:37:35: [INFO] Adding track segment (F.Cu): [(157404794, 80180303), (159058794, 70800011)]
13:37:35: [INFO] Routing pad 'SW19:1' at (146370503, 87906600) with pad 'SW26:1' at (165131090, 91214597) using coordinate system rotated by 10.0 degree(s)
13:37:35: [INFO] Adding track segment (F.Cu): [(146370503, 87906600), (165131088, 91214597)]
13:37:35: [INFO] Adding track segment (F.Cu): [(165131088, 91214597), (165131090, 91214597)]
13:37:35: [INFO] Routing pad 'SW34:1' at (147752652, 107494187) with pad 'SW41:1' at (166513239, 110802185) using coordinate system rotated by 10.0 degree(s)
13:37:35: [INFO] Adding track segment (F.Cu): [(147752652, 107494187), (166513237, 110802183)]
13:37:35: [INFO] Adding track segment (F.Cu): [(166513237, 110802183), (166513239, 110802185)]
13:37:35: [INFO] Routing pad 'SW66a:1' at (152862023, 147082861) with pad 'SW66:1' at (171622611, 150390859) using coordinate system rotated by 10.0 degree(s)
13:37:35: [INFO] Adding track segment (F.Cu): [(152862023, 147082861), (171622610, 150390858)]
13:37:35: [INFO] Adding track segment (F.Cu): [(171622610, 150390858), (171622611, 150390859)]
13:37:35: [INFO] Routing ROW8 pads
13:37:35: [INFO] Routing pad 'D61:1' at (62706250, 146370000) with pad 'D62:1' at (327025000, 148275000) using coordinate system rotated by 0 degree(s)
13:37:35: [INFO] Routing pad 'D62:1' at (327025000, 148275000) with pad 'D63:1' at (369887500, 153037500) using coordinate system rotated by 0 degree(s)
13:37:35: [INFO] Routing COL1 pads
13:37:35: [INFO] Routing pad 'SW18:1' at (108849327, 81290604) with pad 'SW2:1' at (102777031, 60876018) using coordinate system rotated by 10.0 degree(s)
13:37:35: [INFO] Adding track segment (F.Cu): [(108849327, 81290604), (101123031, 70256310)]
13:37:35: [INFO] Adding track segment (F.Cu): [(101123031, 70256310), (102777031, 60876018)]
13:37:35: [INFO] Routing pad 'SW33:1' at (110231476, 100878191) with pad 'SW18:1' at (108849327, 81290604) using coordinate system rotated by 10.0 degree(s)
13:37:35: [INFO] Adding track segment (F.Cu): [(110231476, 100878191), (106368328, 95361043)]
13:37:35: [INFO] Adding track segment (F.Cu): [(106368328, 95361043), (108849327, 81290604)]
13:37:35: [INFO] Routing pad 'SW54:1' at (116303772, 121292778) with pad 'SW33:1' at (110231476, 100878191) using coordinate system rotated by 10.0 degree(s)
13:37:35: [INFO] Adding track segment (F.Cu): [(116303772, 121292778), (108577476, 110258485)]
13:37:35: [INFO] Adding track segment (F.Cu): [(108577476, 110258485), (110231476, 100878191)]
13:37:35: [WARNING] Could not route pads when parent footprints not rotated the same, footprint1: SW47 at 0.0 degree(s) and footprint2: SW54 at -10.0 degree(s)
13:37:35: [INFO] Routing pad 'SW54:1' at (116303772, 121292778) with pad 'SW65a:1' at (120030995, 141293865) using coordinate system rotated by 10.0 degree(s)
13:37:35: [INFO] Adding track segment (F.Cu): [(116303772, 121292778), (114236273, 133018145)]
13:37:35: [INFO] Adding track segment (F.Cu): [(114236273, 133018145), (120030995, 141293865)]
13:37:35: [INFO] Routing pad 'SW2:1' at (102777031, 60876018) with pad 'SW10:1' at (121537619, 64184015) using coordinate system rotated by 10.0 degree(s)
13:37:35: [INFO] Adding track segment (F.Cu): [(102777031, 60876018), (121537617, 64184015)]
13:37:35: [INFO] Adding track segment (F.Cu): [(121537617, 64184015), (121537619, 64184015)]
13:37:35: [INFO] Routing pad 'SW18:1' at (108849327, 81290604) with pad 'SW25:1' at (127609915, 84598602) using coordinate system rotated by 10.0 degree(s)
13:37:35: [INFO] Adding track segment (F.Cu): [(108849327, 81290604), (127609914, 84598600)]
13:37:35: [INFO] Adding track segment (F.Cu): [(127609914, 84598600), (127609915, 84598602)]
13:37:35: [INFO] Routing pad 'SW33:1' at (110231476, 100878191) with pad 'SW40:1' at (128992064, 104186189) using coordinate system rotated by 10.0 degree(s)
13:37:35: [INFO] Adding track segment (F.Cu): [(110231476, 100878191), (128992063, 104186188)]
13:37:35: [INFO] Adding track segment (F.Cu): [(128992063, 104186188), (128992064, 104186189)]
13:37:35: [INFO] Routing pad 'SW65a:1' at (120030995, 141293865) with pad 'SW65:1' at (129411289, 142947864) using coordinate system rotated by 10.0 degree(s)
13:37:35: [INFO] Adding track segment (F.Cu): [(120030995, 141293865), (129411288, 142947863)]
13:37:35: [INFO] Adding track segment (F.Cu): [(129411288, 142947863), (129411289, 142947864)]
13:37:35: [INFO] Routing COL3 pads
13:37:35: [WARNING] Could not route pads when parent footprints not rotated the same, footprint1: SW12 at 10.0 degree(s) and footprint2: SW4 at -10.0 degree(s)
13:37:35: [INFO] Routing pad 'SW42:1' at (213793394, 114173712) with pad 'SW27:1' at (205795249, 96240124) using coordinate system rotated by 350.0 degree(s)
13:37:35: [INFO] Adding track segment (F.Cu): [(213793394, 114173712), (208276246, 110310564)]
13:37:35: [INFO] Adding track segment (F.Cu): [(208276246, 110310564), (205795249, 96240124)]
13:37:35: [WARNING] Could not route pads when parent footprints not rotated the same, footprint1: SW49 at -10.0 degree(s) and footprint2: SW56 at 10.0 degree(s)
13:37:35: [INFO] Routing pad 'SW27:1' at (205795249, 96240124) with pad 'SW12:1' at (211867545, 75825538) using coordinate system rotated by 350.0 degree(s)
13:37:35: [INFO] Adding track segment (F.Cu): [(205795249, 96240124), (213521543, 85205831)]
13:37:35: [INFO] Adding track segment (F.Cu): [(213521543, 85205831), (211867545, 75825538)]
13:37:35: [INFO] Routing pad 'SW56:1' at (207721098, 134588299) with pad 'SW42:1' at (213793394, 114173712) using coordinate system rotated by 350.0 degree(s)
13:37:35: [INFO] Adding track segment (F.Cu): [(207721098, 134588299), (215447391, 123554005)]
13:37:36: [INFO] Adding track segment (F.Cu): [(215447391, 123554005), (213793394, 114173712)]
13:37:36: [INFO] Routing pad 'SW56:1' at (207721098, 134588299) with pad 'SW67:1' at (218064316, 152108388) using coordinate system rotated by 350.0 degree(s)
13:37:36: [INFO] Adding track segment (F.Cu): [(207721098, 134588299), (209788595, 146313666)]
13:37:36: [INFO] Adding track segment (F.Cu): [(209788595, 146313666), (218064316, 152108388)]
13:37:36: [INFO] Routing pad 'SW67:1' at (218064316, 152108388) with pad 'SW67a:1' at (222754463, 151281388) using coordinate system rotated by 350.0 degree(s)
13:37:36: [INFO] Adding track segment (F.Cu): [(218064316, 152108388), (222754462, 151281387)]
13:37:36: [INFO] Adding track segment (F.Cu): [(222754462, 151281387), (222754463, 151281388)]
13:37:36: [INFO] Routing COL6 pads
13:37:36: [INFO] Routing pad 'SW37:1' at (310515000, 102235000) with pad 'SW22:1' at (305752500, 83185000) using coordinate system rotated by 0 degree(s)
13:37:36: [INFO] Adding track segment (F.Cu): [(310515000, 102235000), (305752500, 97472500)]
13:37:36: [INFO] Adding track segment (F.Cu): [(305752500, 97472500), (305752500, 83185000)]
13:37:36: [INFO] Routing pad 'SW22:1' at (305752500, 83185000) with pad 'SW7:1' at (308610000, 64135000) using coordinate system rotated by 0 degree(s)
13:37:36: [INFO] Adding track segment (F.Cu): [(305752500, 83185000), (308610000, 80327500)]
13:37:36: [INFO] Adding track segment (F.Cu): [(308610000, 80327500), (308610000, 64135000)]
13:37:36: [INFO] Routing pad 'SW52:1' at (303847500, 121285000) with pad 'SW37:1' at (310515000, 102235000) using coordinate system rotated by 0 degree(s)
13:37:36: [INFO] Adding track segment (F.Cu): [(303847500, 121285000), (310515000, 114617500)]
13:37:36: [INFO] Adding track segment (F.Cu): [(310515000, 114617500), (310515000, 102235000)]
13:37:36: [INFO] Routing pad 'SW52:1' at (303847500, 121285000) with pad 'SW62:1' at (318135000, 140335000) using coordinate system rotated by 0 degree(s)
13:37:36: [INFO] Adding track segment (F.Cu): [(303847500, 121285000), (303847500, 126047500)]
13:37:36: [INFO] Adding track segment (F.Cu): [(303847500, 126047500), (318135000, 140335000)]
13:37:36: [INFO] Routing pad 'SW22:1' at (305752500, 83185000) with pad 'SW30:1' at (324802500, 83185000) using coordinate system rotated by 0 degree(s)
13:37:36: [INFO] Adding track segment (F.Cu): [(305752500, 83185000), (324802500, 83185000)]
13:37:36: [INFO] Routing pad 'SW7:1' at (308610000, 64135000) with pad 'SW15:1' at (327660000, 64135000) using coordinate system rotated by 0 degree(s)
13:37:36: [INFO] Adding track segment (F.Cu): [(308610000, 64135000), (327660000, 64135000)]
13:37:36: [INFO] Routing pad 'SW62:1' at (318135000, 140335000) with pad 'SW59:1' at (330041250, 121285000) using coordinate system rotated by 0 degree(s)
13:37:36: [INFO] Adding track segment (F.Cu): [(318135000, 140335000), (330041250, 128428750)]
13:37:36: [INFO] Adding track segment (F.Cu): [(330041250, 128428750), (330041250, 121285000)]
13:37:36: [INFO] Routing pad 'SW15:1' at (327660000, 64135000) with pad 'SW15a:1' at (337185000, 64135000) using coordinate system rotated by 0 degree(s)
13:37:36: [INFO] Adding track segment (F.Cu): [(327660000, 64135000), (337185000, 64135000)]
13:37:36: [INFO] Routing pad 'SW62:1' at (318135000, 140335000) with pad 'SW70:1' at (341947500, 145097500) using coordinate system rotated by 0 degree(s)
13:37:36: [INFO] Adding track segment (F.Cu): [(318135000, 140335000), (337185000, 140335000)]
13:37:36: [INFO] Adding track segment (F.Cu): [(337185000, 140335000), (341947500, 145097500)]
13:37:36: [INFO] Routing ROW3 pads
13:37:36: [WARNING] Could not route pads when parent footprints not rotated the same, footprint1: D24 at 90.0 degree(s) and footprint2: D25 at 80.0 degree(s)
13:37:36: [INFO] Routing pad 'D25:1' at (134986089, 93961707) with pad 'D26:1' at (172507264, 100577702) using coordinate system rotated by 280.0 degree(s)
13:37:36: [WARNING] Could not route pads when parent footprints not rotated the same, footprint1: D26 at 80.0 degree(s) and footprint2: D27 at 100.0 degree(s)
13:37:36: [INFO] Routing pad 'D27:1' at (215928956, 102515765) with pad 'D28:1' at (253450131, 95899770) using coordinate system rotated by 260.0 degree(s)
13:37:36: [WARNING] Could not route pads when parent footprints not rotated the same, footprint1: D28 at 100.0 degree(s) and footprint2: D29 at 90.0 degree(s)
13:37:36: [INFO] Routing pad 'D29:1' at (295592500, 91125000) with pad 'D30:1' at (333692500, 91125000) using coordinate system rotated by 0 degree(s)
13:37:36: [INFO] Adding track segment (B.Cu): [(295592500, 91125000), (333692500, 91125000)]
13:37:36: [INFO] Could not add track segment due to detected collision
13:37:36: [INFO] Routing pad 'D30:1' at (333692500, 91125000) with pad 'D31:1' at (386080000, 91125000) using coordinate system rotated by 0 degree(s)
13:37:36: [INFO] Adding track segment (B.Cu): [(333692500, 91125000), (386080000, 91125000)]
13:37:36: [INFO] Could not add track segment due to detected collision
13:37:36: [INFO] Routing ROW9 pads
13:37:36: [WARNING] Could not route pads when parent footprints not rotated the same, footprint1: D64 at 90.0 degree(s) and footprint2: D65 at 80.0 degree(s)
13:37:36: [INFO] Routing pad 'D65:1' at (136787463, 152310969) with pad 'D66:1' at (178998785, 159753964) using coordinate system rotated by 280.0 degree(s)
13:37:36: [INFO] Adding track segment (B.Cu): [(136787463, 152310969), (178998784, 159753963)]
13:37:36: [INFO] Adding track segment (B.Cu): [(178998784, 159753963), (178998785, 159753964)]
13:37:36: [WARNING] Could not route pads when parent footprints not rotated the same, footprint1: D66 at 80.0 degree(s) and footprint2: D67 at 100.0 degree(s)
13:37:36: [INFO] Routing pad 'D67:1' at (228198023, 158384029) with pad 'D68:1' at (256338904, 153422032) using coordinate system rotated by 260.0 degree(s)
13:37:36: [INFO] Adding track segment (B.Cu): [(228198023, 158384029), (256338903, 153422031)]
13:37:36: [INFO] Adding track segment (B.Cu): [(256338903, 153422031), (256338904, 153422032)]
13:37:36: [WARNING] Could not route pads when parent footprints not rotated the same, footprint1: D68 at 100.0 degree(s) and footprint2: D69 at 90.0 degree(s)
13:37:36: [INFO] Routing pad 'D69:1' at (307975000, 148275000) with pad 'D70:1' at (350837500, 153037500) using coordinate system rotated by 0 degree(s)
13:37:36: [INFO] Adding track segment (B.Cu): [(307975000, 148275000), (312737500, 153037500)]
13:37:36: [INFO] Adding track segment (B.Cu): [(312737500, 153037500), (350837500, 153037500)]
13:37:36: [INFO] Routing pad 'D70:1' at (350837500, 153037500) with pad 'D71:1' at (388937500, 153037500) using coordinate system rotated by 0 degree(s)
13:37:36: [INFO] Adding track segment (B.Cu): [(350837500, 153037500), (388937500, 153037500)]
13:37:36: [INFO] Could not add track segment due to detected collision
13:37:36: [INFO] Routing ROW2 pads
13:37:36: [WARNING] Could not route pads when parent footprints not rotated the same, footprint1: D17 at 90.0 degree(s) and footprint2: D18 at 80.0 degree(s)
13:37:36: [INFO] Routing pad 'D18:1' at (116225501, 90653709) with pad 'D19:1' at (153746677, 97269705) using coordinate system rotated by 280.0 degree(s)
13:37:36: [WARNING] Could not route pads when parent footprints not rotated the same, footprint1: D19 at 80.0 degree(s) and footprint2: D20 at 100.0 degree(s)
13:37:36: [INFO] Routing pad 'D20:1' at (234689544, 99207767) with pad 'D21:1' at (272210719, 92591772) using coordinate system rotated by 260.0 degree(s)
13:37:36: [WARNING] Could not route pads when parent footprints not rotated the same, footprint1: D21 at 100.0 degree(s) and footprint2: D22 at 90.0 degree(s)
13:37:36: [INFO] Routing pad 'D22:1' at (314642500, 91125000) with pad 'D23:1' at (357505000, 91125000) using coordinate system rotated by 0 degree(s)
13:37:36: [INFO] Adding track segment (B.Cu): [(314642500, 91125000), (357505000, 91125000)]
13:37:36: [INFO] Could not add track segment due to detected collision
13:37:36: [INFO] Removing dangling tracks
13:37:36: [INFO] Removing 400b5cfb-7e8c-4280-88b6-32f0bbf2ad03
