=== kbplacer.kle_serial ===
=== layout2image.py ===
=== kbplacer ===
13:39:40: [INFO] User layout: https://editor.keyboard-tools.xyz/#share=NrDeCIE9wLgAgIwDoAMBWANHcBjW2BiAdhNPC3AHd8AmAXwpQwQB0A7d9gZmfLggAe+ZDXqMMKThzY8UfCHnjgCOVWvANsTVtO4T54IfARdUPbIsIBDG7b5Vam8ADZmU9gn1ZB+FEiKYFvjKaupOrjpSnggGlsq2duES7mzR4AC6GABQYIa0SACcRBTUxkhoTp5y3rjBKqF4lbw1Rog05VxOxTE1cQQJNvaliOVd+pk5PvDtABzF2MPIAU40Xvy1SvWhGhSrPeutCO00nRQzzet9pGQlwv4VZ+PZuX0DVkN3NA-YsinasXUGo0KDxItJ-i1fEgACzzDbWAYfaZIL5OX66NhMaqXQENHY-DA0AyHZBoU7YAqEgGba4kfHgSlg9irbEKOpvJEjVEUSmSDEs4lQr63ZHcinJfm8Ca5VrtIpOaFrcCK-bKqmQ4yk8zw5S0oj0hBMIkUQ0XcCmuTSiDQeAAWj8BUC4AAzgBbYIAJwA9gAXAD6AFMcAgYk5MDQUiqUikA6y8vACkgEE63cF6eHI2splzvubPBGMZg460ZkgZin3Upvf6gyGDfmUpgmRj2LGMs9s4mZqsgpsORRU0p01n4yMCghKlV25NwB7hExsB7ZfcKB6bXBTAEKMvhdh17bTLudVswuJjVoMFx7ExodeMGh7JgH1bR+1lib1dhPFeP7ePw+KEwW8X1aUwUBWT9wFWH9sFWP9YPvR9L2nGV8FMXMeBg8AeHg7DEMAqUO1HTcnVeRERRzBVkJfOd4C3RdDj8J013wNAV2wQ5UAofc2KPPogU5UlKhvFDs2QBcHDKXNTWfIjaLgW16NnVoJJY+AnRUpNuPwIhygooSKEVYCiM0zwFjuXNFVkmd5NtU0GOEHtZ3XaEUQ0iztLtY5pM8ADsFcPyXAwXDXCw1wiRA4RJ2C+xikC4pcOKLDigikyoXfL9v3sc5AvOXDziw85UpnTixTzM1KUCylcMpK9IvgEiKDIhJBLc4TqPSIA
13:39:40: [INFO] Labels prefixes: for rows: 'ROW', for columns: 'COL'
13:39:40: [INFO] Matrix size: 11x5
13:39:41: [WARNING] No stabilizer footprint for width 2.25u, using 2u as fallback
13:39:41: [WARNING] No stabilizer footprint for width 2.25u, using 2u as fallback
13:39:41: [INFO] Add COL0 net
13:39:41: [INFO] Add COL1 net
13:39:41: [INFO] Add COL2 net
13:39:41: [INFO] Add COL3 net
13:39:41: [INFO] Add COL4 net
13:39:41: [INFO] Add COL5 net
13:39:41: [INFO] Add Net-(D1-A) net
13:39:41: [INFO] Add Net-(D10-A) net
13:39:41: [INFO] Add Net-(D11-A) net
13:39:41: [INFO] Add Net-(D12-A) net
13:39:41: [INFO] Add Net-(D13-A) net
13:39:41: [INFO] Add Net-(D14-A) net
13:39:41: [INFO] Add Net-(D15-A) net
13:39:41: [INFO] Add Net-(D16-A) net
13:39:41: [INFO] Add Net-(D17-A) net
13:39:41: [INFO] Add Net-(D18-A) net
13:39:41: [INFO] Add Net-(D19-A) net
13:39:41: [INFO] Add Net-(D2-A) net
13:39:41: [INFO] Add Net-(D20-A) net
13:39:41: [INFO] Add Net-(D21-A) net
13:39:41: [INFO] Add Net-(D22-A) net
13:39:41: [INFO] Add Net-(D23-A) net
13:39:41: [INFO] Add Net-(D24-A) net
13:39:41: [INFO] Add Net-(D25-A) net
13:39:41: [INFO] Add Net-(D26-A) net
13:39:41: [INFO] Add Net-(D27-A) net
13:39:41: [INFO] Add Net-(D28-A) net
13:39:41: [INFO] Add Net-(D29-A) net
13:39:41: [INFO] Add Net-(D3-A) net
13:39:41: [INFO] Add Net-(D30-A) net
13:39:41: [INFO] Add Net-(D31-A) net
13:39:41: [INFO] Add Net-(D32-A) net
13:39:41: [INFO] Add Net-(D33-A) net
13:39:41: [INFO] Add Net-(D34-A) net
13:39:41: [INFO] Add Net-(D35-A) net
13:39:41: [INFO] Add Net-(D36-A) net
13:39:41: [INFO] Add Net-(D37-A) net
13:39:41: [INFO] Add Net-(D38-A) net
13:39:41: [INFO] Add Net-(D39-A) net
13:39:41: [INFO] Add Net-(D4-A) net
13:39:41: [INFO] Add Net-(D40-A) net
13:39:41: [INFO] Add Net-(D41-A) net
13:39:41: [INFO] Add Net-(D42-A) net
13:39:41: [INFO] Add Net-(D43-A) net
13:39:41: [INFO] Add Net-(D44-A) net
13:39:41: [INFO] Add Net-(D45-A) net
13:39:41: [INFO] Add Net-(D46-A) net
13:39:41: [INFO] Add Net-(D47-A) net
13:39:41: [INFO] Add Net-(D48-A) net
13:39:41: [INFO] Add Net-(D49-A) net
13:39:41: [INFO] Add Net-(D5-A) net
13:39:41: [INFO] Add Net-(D50-A) net
13:39:41: [INFO] Add Net-(D51-A) net
13:39:41: [INFO] Add Net-(D52-A) net
13:39:41: [INFO] Add Net-(D53-A) net
13:39:41: [INFO] Add Net-(D54-A) net
13:39:41: [INFO] Add Net-(D55-A) net
13:39:41: [INFO] Add Net-(D56-A) net
13:39:41: [INFO] Add Net-(D57-A) net
13:39:41: [INFO] Add Net-(D58-A) net
13:39:41: [INFO] Add Net-(D59-A) net
13:39:41: [INFO] Add Net-(D6-A) net
13:39:41: [INFO] Add Net-(D60-A) net
13:39:41: [INFO] Add Net-(D61-A) net
13:39:41: [INFO] Add Net-(D62-A) net
13:39:41: [INFO] Add Net-(D63-A) net
13:39:41: [INFO] Add Net-(D64-A) net
13:39:41: [INFO] Add Net-(D65-A) net
13:39:41: [INFO] Add Net-(D66-A) net
13:39:41: [INFO] Add Net-(D67-A) net
13:39:41: [INFO] Add Net-(D68-A) net
13:39:41: [INFO] Add Net-(D69-A) net
13:39:41: [INFO] Add Net-(D7-A) net
13:39:41: [INFO] Add Net-(D70-A) net
13:39:41: [INFO] Add Net-(D71-A) net
13:39:41: [INFO] Add Net-(D72-A) net
13:39:41: [INFO] Add Net-(D8-A) net
13:39:41: [INFO] Add Net-(D9-A) net
13:39:41: [INFO] Add ROW0 net
13:39:41: [INFO] Add ROW1 net
13:39:41: [INFO] Add ROW10 net
13:39:41: [INFO] Add ROW11 net
13:39:41: [INFO] Add ROW2 net
13:39:41: [INFO] Add ROW3 net
13:39:41: [INFO] Add ROW4 net
13:39:41: [INFO] Add ROW5 net
13:39:41: [INFO] Add ROW6 net
13:39:41: [INFO] Add ROW7 net
13:39:41: [INFO] Add ROW8 net
13:39:41: [INFO] Add ROW9 net
13:39:41: [INFO] Add SW1 footprint
13:39:41: [INFO] Add D1 footprint
13:39:41: [INFO] Add SW2 footprint
13:39:41: [INFO] Add D2 footprint
13:39:41: [INFO] Add SW2a footprint
13:39:41: [INFO] Add ST2a footprint
13:39:41: [INFO] Add SW3 footprint
13:39:41: [INFO] Add D3 footprint
13:39:41: [INFO] Add SW4 footprint
13:39:41: [INFO] Add D4 footprint
13:39:41: [INFO] Add SW5 footprint
13:39:41: [INFO] Add D5 footprint
13:39:41: [INFO] Add SW6 footprint
13:39:41: [INFO] Add D6 footprint
13:39:41: [INFO] Add SW7 footprint
13:39:41: [INFO] Add D7 footprint
13:39:41: [INFO] Add SW8 footprint
13:39:41: [INFO] Add D8 footprint
13:39:41: [INFO] Add SW9 footprint
13:39:41: [INFO] Add D9 footprint
13:39:41: [INFO] Add SW10 footprint
13:39:41: [INFO] Add D10 footprint
13:39:42: [INFO] Add SW11 footprint
13:39:42: [INFO] Add D11 footprint
13:39:42: [INFO] Add SW12 footprint
13:39:42: [INFO] Add D12 footprint
13:39:42: [INFO] Add SW13 footprint
13:39:42: [INFO] Add D13 footprint
13:39:42: [INFO] Add SW14 footprint
13:39:42: [INFO] Add D14 footprint
13:39:42: [INFO] Add SW15 footprint
13:39:42: [INFO] Add D15 footprint
13:39:42: [INFO] Add SW16 footprint
13:39:42: [INFO] Add D16 footprint
13:39:42: [INFO] Add SW17 footprint
13:39:42: [INFO] Add D17 footprint
13:39:42: [INFO] Add SW18 footprint
13:39:42: [INFO] Add D18 footprint
13:39:42: [INFO] Add SW19 footprint
13:39:42: [INFO] Add D19 footprint
13:39:42: [WARNING] No stabilizer footprint for width 2.25u, using 2u as fallback
13:39:42: [INFO] Add ST19 footprint
13:39:42: [INFO] Add SW19a footprint
13:39:42: [INFO] Add SW20 footprint
13:39:42: [INFO] Add D20 footprint
13:39:42: [INFO] Add SW21 footprint
13:39:42: [INFO] Add D21 footprint
13:39:42: [INFO] Add SW22 footprint
13:39:42: [INFO] Add D22 footprint
13:39:42: [INFO] Add SW23 footprint
13:39:42: [INFO] Add D23 footprint
13:39:42: [INFO] Add SW24 footprint
13:39:42: [INFO] Add D24 footprint
13:39:42: [INFO] Add SW25 footprint
13:39:42: [INFO] Add D25 footprint
13:39:42: [INFO] Add SW26 footprint
13:39:42: [INFO] Add D26 footprint
13:39:42: [INFO] Add SW27 footprint
13:39:43: [INFO] Add D27 footprint
13:39:43: [INFO] Add SW28 footprint
13:39:43: [INFO] Add D28 footprint
13:39:43: [INFO] Add SW29 footprint
13:39:43: [INFO] Add D29 footprint
13:39:43: [INFO] Add SW30 footprint
13:39:43: [INFO] Add D30 footprint
13:39:43: [INFO] Add SW31 footprint
13:39:43: [INFO] Add D31 footprint
13:39:43: [INFO] Add SW32 footprint
13:39:43: [INFO] Add D32 footprint
13:39:43: [INFO] Add SW33 footprint
13:39:43: [INFO] Add D33 footprint
13:39:43: [INFO] Add SW33a footprint
13:39:43: [INFO] Add SW34 footprint
13:39:43: [INFO] Add D34 footprint
13:39:43: [INFO] Add SW35 footprint
13:39:43: [INFO] Add D35 footprint
13:39:43: [INFO] Add SW36 footprint
13:39:43: [INFO] Add D36 footprint
13:39:43: [INFO] Add SW37 footprint
13:39:43: [INFO] Add D37 footprint
13:39:43: [INFO] Add SW38 footprint
13:39:43: [INFO] Add D38 footprint
13:39:43: [INFO] Add ST38 footprint
13:39:43: [INFO] Add SW38a footprint
13:39:43: [INFO] Add SW39 footprint
13:39:43: [INFO] Add D39 footprint
13:39:43: [INFO] Add SW40 footprint
13:39:43: [INFO] Add D40 footprint
13:39:43: [INFO] Add SW41 footprint
13:39:43: [INFO] Add D41 footprint
13:39:43: [INFO] Add SW42 footprint
13:39:43: [INFO] Add D42 footprint
13:39:43: [INFO] Add SW43 footprint
13:39:43: [INFO] Add D43 footprint
13:39:44: [INFO] Add SW44 footprint
13:39:44: [INFO] Add D44 footprint
13:39:44: [INFO] Add SW45 footprint
13:39:44: [INFO] Add D45 footprint
13:39:44: [INFO] Add SW46 footprint
13:39:44: [INFO] Add D46 footprint
13:39:44: [INFO] Add SW47 footprint
13:39:44: [INFO] Add D47 footprint
13:39:44: [INFO] Add SW48 footprint
13:39:44: [INFO] Add D48 footprint
13:39:44: [INFO] Add SW49 footprint
13:39:44: [INFO] Add D49 footprint
13:39:44: [INFO] Add SW50 footprint
13:39:44: [INFO] Add D50 footprint
13:39:44: [INFO] Add SW51 footprint
13:39:44: [INFO] Add D51 footprint
13:39:44: [INFO] Add SW52 footprint
13:39:44: [INFO] Add D52 footprint
13:39:44: [INFO] Add SW53 footprint
13:39:44: [INFO] Add D53 footprint
13:39:44: [INFO] Add SW54 footprint
13:39:44: [INFO] Add D54 footprint
13:39:44: [INFO] Add SW55 footprint
13:39:44: [INFO] Add D55 footprint
13:39:44: [INFO] Add SW55a footprint
13:39:44: [WARNING] No stabilizer footprint for width 2.25u, using 2u as fallback
13:39:44: [INFO] Add ST55a footprint
13:39:44: [INFO] Add SW56 footprint
13:39:44: [INFO] Add D56 footprint
13:39:44: [INFO] Add SW57 footprint
13:39:44: [INFO] Add D57 footprint
13:39:44: [INFO] Add SW58 footprint
13:39:44: [INFO] Add D58 footprint
13:39:44: [INFO] Add SW59 footprint
13:39:44: [INFO] Add D59 footprint
13:39:45: [INFO] Add SW60 footprint
13:39:45: [INFO] Add D60 footprint
13:39:45: [INFO] Add SW61 footprint
13:39:45: [INFO] Add D61 footprint
13:39:45: [INFO] Add SW62 footprint
13:39:45: [INFO] Add D62 footprint
13:39:45: [INFO] Add SW63 footprint
13:39:45: [INFO] Add D63 footprint
13:39:45: [INFO] Add SW64 footprint
13:39:45: [INFO] Add D64 footprint
13:39:45: [INFO] Add SW65 footprint
13:39:45: [INFO] Add D65 footprint
13:39:45: [INFO] Add SW66 footprint
13:39:45: [INFO] Add D66 footprint
13:39:45: [INFO] Add SW67 footprint
13:39:45: [INFO] Add D67 footprint
13:39:45: [INFO] Add SW68 footprint
13:39:45: [INFO] Add D68 footprint
13:39:45: [INFO] Add SW69 footprint
13:39:45: [INFO] Add D69 footprint
13:39:45: [INFO] Add SW69a footprint
13:39:45: [INFO] Add SW70 footprint
13:39:45: [INFO] Add D70 footprint
13:39:45: [INFO] Add SW71 footprint
13:39:45: [INFO] Add D71 footprint
13:39:45: [INFO] Add SW72 footprint
13:39:45: [INFO] Add D72 footprint
13:39:45: [INFO] Detected layout convertible to matrix annotated keyboard
13:39:45: [INFO] Using key 1U distance: (19.05, 19.05) mm
13:39:45: [INFO] Layout offset: (24384000, 27622500)
13:39:45: [INFO] Diode info: [ElementInfo(annotation_format='D{}', position_option=<PositionOption.CUSTOM: 'Custom'>, position=ElementPosition(x=5.08, y=4.0, orientation=90.0, side=<Side.BACK: 'Back'>), template_path='', start_index=-1)]
13:39:45: [INFO] Placing additional elements for SW72
13:39:45: [INFO] Placing additional elements for SW71
13:39:45: [INFO] Placing additional elements for SW70
13:39:45: [INFO] Placing additional elements for SW69a
13:39:45: [INFO] Placing additional elements for SW69
13:39:45: [INFO] Placing additional elements for SW68
13:39:45: [INFO] Placing additional elements for SW67
13:39:45: [INFO] Placing additional elements for SW66
13:39:45: [INFO] Placing additional elements for SW65
13:39:45: [INFO] Placing additional elements for SW64
13:39:45: [INFO] Placing additional elements for SW63
13:39:45: [INFO] Placing additional elements for SW62
13:39:45: [INFO] Placing additional elements for SW61
13:39:45: [INFO] Placing additional elements for SW60
13:39:45: [INFO] Placing additional elements for SW59
13:39:45: [INFO] Placing additional elements for SW58
13:39:45: [INFO] Placing additional elements for SW57
13:39:45: [INFO] Placing additional elements for SW56
13:39:45: [INFO] Placing additional elements for SW55a
13:39:45: [INFO] Placing additional elements for SW55
13:39:45: [INFO] Placing additional elements for SW54
13:39:45: [INFO] Placing additional elements for SW53
13:39:45: [INFO] Placing additional elements for SW52
13:39:45: [INFO] Placing additional elements for SW51
13:39:45: [INFO] Placing additional elements for SW50
13:39:45: [INFO] Placing additional elements for SW49
13:39:45: [INFO] Placing additional elements for SW48
13:39:45: [INFO] Placing additional elements for SW47
13:39:45: [INFO] Placing additional elements for SW46
13:39:45: [INFO] Placing additional elements for SW45
13:39:45: [INFO] Placing additional elements for SW44
13:39:45: [INFO] Placing additional elements for SW43
13:39:45: [INFO] Placing additional elements for SW42
13:39:45: [INFO] Placing additional elements for SW41
13:39:45: [INFO] Placing additional elements for SW40
13:39:45: [INFO] Placing additional elements for SW39
13:39:45: [INFO] Placing additional elements for SW38a
13:39:45: [INFO] Placing additional elements for SW38
13:39:45: [INFO] Placing additional elements for SW37
13:39:45: [INFO] Placing additional elements for SW36
13:39:45: [INFO] Placing additional elements for SW35
13:39:45: [INFO] Placing additional elements for SW34
13:39:45: [INFO] Placing additional elements for SW33a
13:39:45: [INFO] Placing additional elements for SW33
13:39:45: [INFO] Placing additional elements for SW32
13:39:45: [INFO] Placing additional elements for SW31
13:39:45: [INFO] Placing additional elements for SW30
13:39:45: [INFO] Placing additional elements for SW29
13:39:45: [INFO] Placing additional elements for SW28
13:39:45: [INFO] Placing additional elements for SW27
13:39:45: [INFO] Placing additional elements for SW26
13:39:45: [INFO] Placing additional elements for SW25
13:39:45: [INFO] Placing additional elements for SW24
13:39:45: [INFO] Placing additional elements for SW23
13:39:45: [INFO] Placing additional elements for SW22
13:39:45: [INFO] Placing additional elements for SW21
13:39:45: [INFO] Placing additional elements for SW20
13:39:45: [INFO] Placing additional elements for SW19a
13:39:45: [INFO] Placing additional elements for SW19
13:39:45: [INFO] Placing additional elements for SW18
13:39:45: [INFO] Placing additional elements for SW17
13:39:45: [INFO] Placing additional elements for SW16
13:39:45: [INFO] Placing additional elements for SW15
13:39:45: [INFO] Placing additional elements for SW14
13:39:45: [INFO] Placing additional elements for SW13
13:39:45: [INFO] Placing additional elements for SW12
13:39:45: [INFO] Placing additional elements for SW11
13:39:45: [INFO] Placing additional elements for SW10
13:39:45: [INFO] Placing additional elements for SW9
13:39:45: [INFO] Placing additional elements for SW8
13:39:45: [INFO] Placing additional elements for SW7
13:39:45: [INFO] Placing additional elements for SW6
13:39:45: [INFO] Placing additional elements for SW5
13:39:45: [INFO] Placing additional elements for SW4
13:39:45: [INFO] Placing additional elements for SW3
13:39:45: [INFO] Placing additional elements for SW2a
13:39:45: [INFO] Placing additional elements for SW2
13:39:45: [INFO] Placing additional elements for SW1
13:39:45: [INFO] Routing SW72 with D72
13:39:45: [INFO] Using internal autorouter method
13:39:45: [INFO] Routing pad 'SW72:2' at (286335458, 63694086) with pad 'D72:2' at (290170488, 70816343) using coordinate system rotated by 350.0 degree(s)
13:39:45: [INFO] Adding track segment (B.Cu): [(286335458, 63694086), (287228009, 68755997)]
13:39:45: [INFO] Adding track segment (B.Cu): [(287228009, 68755997), (290170488, 70816343)]
13:39:45: [INFO] Routing SW71 with D71
13:39:45: [INFO] Using internal autorouter method
13:39:45: [INFO] Routing pad 'SW71:2' at (280263162, 84108673) with pad 'D71:2' at (284098192, 91230930) using coordinate system rotated by 350.0 degree(s)
13:39:45: [INFO] Adding track segment (B.Cu): [(280263162, 84108673), (281155713, 89170584)]
13:39:45: [INFO] Adding track segment (B.Cu): [(281155713, 89170584), (284098192, 91230930)]
13:39:45: [INFO] Routing SW70 with D70
13:39:45: [INFO] Using internal autorouter method
13:39:45: [INFO] Routing pad 'SW70:2' at (278881013, 103696260) with pad 'D70:2' at (282716043, 110818517) using coordinate system rotated by 350.0 degree(s)
13:39:45: [INFO] Adding track segment (B.Cu): [(278881013, 103696260), (279773564, 108758171)]
13:39:45: [INFO] Adding track segment (B.Cu): [(279773564, 108758171), (282716043, 110818517)]
13:39:45: [INFO] Routing SW69a with D69
13:39:45: [INFO] Using internal autorouter method
13:39:45: [INFO] Routing pad 'SW69a:S2' at (277129000, 131802500) with pad 'D69:2' at (275209000, 136902500) using coordinate system rotated by 0 degree(s)
13:39:45: [INFO] Adding track segment (B.Cu): [(277129000, 131802500), (277129000, 134982500)]
13:39:45: [INFO] Adding track segment (B.Cu): [(277129000, 134982500), (275209000, 136902500)]
13:39:45: [INFO] Routing SW69 with D69
13:39:45: [INFO] Using internal autorouter method
13:39:45: [INFO] Routing pad 'SW69:2' at (272669000, 129222500) with pad 'D69:2' at (275209000, 136902500) using coordinate system rotated by 0 degree(s)
13:39:45: [INFO] Adding track segment (B.Cu): [(272669000, 129222500), (272669000, 134362500)]
13:39:45: [INFO] Adding track segment (B.Cu): [(272669000, 134362500), (275209000, 136902500)]
13:39:45: [INFO] Routing SW68 with D68
13:39:45: [INFO] Using internal autorouter method
13:39:45: [INFO] Routing pad 'SW68:2' at (291569305, 120802848) with pad 'D68:2' at (295404335, 127925105) using coordinate system rotated by 350.0 degree(s)
13:39:45: [INFO] Adding track segment (B.Cu): [(291569305, 120802848), (292461855, 125864758)]
13:39:46: [INFO] Adding track segment (B.Cu): [(292461855, 125864758), (295404335, 127925105)]
13:39:46: [INFO] Routing SW67 with D67
13:39:46: [INFO] Using internal autorouter method
13:39:46: [INFO] Routing pad 'SW67:2' at (278955500, 148272500) with pad 'D67:2' at (281495500, 155952500) using coordinate system rotated by 0 degree(s)
13:39:46: [INFO] Adding track segment (B.Cu): [(278955500, 148272500), (278955500, 153412500)]
13:39:46: [INFO] Adding track segment (B.Cu): [(278955500, 153412500), (281495500, 155952500)]
13:39:46: [INFO] Routing SW66 with D66
13:39:46: [INFO] Using internal autorouter method
13:39:46: [INFO] Routing pad 'SW66:2' at (307605010, 152010818) with pad 'D66:2' at (300844100, 156451999) using coordinate system rotated by 75.0 degree(s)
13:39:46: [INFO] Adding track segment (B.Cu): [(307605010, 152010818), (302640150, 153341147)]
13:39:46: [INFO] Adding track segment (B.Cu): [(302640150, 153341147), (300844100, 156451999)]
13:39:46: [INFO] Routing SW65 with D65
13:39:46: [INFO] Using internal autorouter method
13:39:46: [INFO] Routing pad 'SW65:2' at (326005897, 147080315) with pad 'D65:2' at (319244987, 151521496) using coordinate system rotated by 75.0 degree(s)
13:39:46: [INFO] Adding track segment (B.Cu): [(326005897, 147080315), (321041036, 148410644)]
13:39:46: [INFO] Adding track segment (B.Cu): [(321041036, 148410644), (319244987, 151521496)]
13:39:46: [INFO] Routing SW64 with D64
13:39:46: [INFO] Using internal autorouter method
13:39:46: [INFO] Routing pad 'SW64:2' at (344123845, 130879942) with pad 'D64:2' at (347958875, 138002199) using coordinate system rotated by 350.0 degree(s)
13:39:46: [INFO] Adding track segment (B.Cu): [(344123845, 130879942), (345016396, 135941853)]
13:39:46: [INFO] Adding track segment (B.Cu): [(345016396, 135941853), (347958875, 138002199)]
13:39:46: [INFO] Routing SW63 with D63
13:39:46: [INFO] Using internal autorouter method
13:39:46: [INFO] Routing pad 'SW63:2' at (369824000, 128270000) with pad 'D63:2' at (372364000, 135950000) using coordinate system rotated by 0 degree(s)
13:39:46: [INFO] Adding track segment (B.Cu): [(369824000, 128270000), (369824000, 133410000)]
13:39:46: [INFO] Adding track segment (B.Cu): [(369824000, 133410000), (372364000, 135950000)]
13:39:46: [INFO] Routing SW62 with D62
13:39:46: [INFO] Using internal autorouter method
13:39:46: [INFO] Routing pad 'SW62:2' at (388874000, 128270000) with pad 'D62:2' at (391414000, 135950000) using coordinate system rotated by 0 degree(s)
13:39:46: [INFO] Adding track segment (B.Cu): [(388874000, 128270000), (388874000, 133410000)]
13:39:46: [INFO] Adding track segment (B.Cu): [(388874000, 133410000), (391414000, 135950000)]
13:39:46: [INFO] Routing SW61 with D61
13:39:46: [INFO] Using internal autorouter method
13:39:46: [INFO] Routing pad 'SW61:2' at (407924000, 128270000) with pad 'D61:2' at (410464000, 135950000) using coordinate system rotated by 0 degree(s)
13:39:46: [INFO] Adding track segment (B.Cu): [(407924000, 128270000), (407924000, 133410000)]
13:39:46: [INFO] Adding track segment (B.Cu): [(407924000, 133410000), (410464000, 135950000)]
13:39:46: [INFO] Routing SW60 with D60
13:39:46: [INFO] Using internal autorouter method
13:39:46: [INFO] Routing pad 'SW60:2' at (310329892, 117494851) with pad 'D60:2' at (314164922, 124617108) using coordinate system rotated by 350.0 degree(s)
13:39:46: [INFO] Adding track segment (B.Cu): [(310329892, 117494851), (311222442, 122556761)]
13:39:46: [INFO] Adding track segment (B.Cu): [(311222442, 122556761), (314164922, 124617108)]
13:39:46: [INFO] Routing SW59 with D59
13:39:46: [INFO] Using internal autorouter method
13:39:46: [INFO] Routing pad 'SW59:2' at (329090480, 114186853) with pad 'D59:2' at (332925510, 121309110) using coordinate system rotated by 350.0 degree(s)
13:39:46: [INFO] Adding track segment (B.Cu): [(329090480, 114186853), (329983031, 119248764)]
13:39:46: [INFO] Adding track segment (B.Cu): [(329983031, 119248764), (332925510, 121309110)]
13:39:46: [INFO] Routing SW58 with D58
13:39:46: [INFO] Using internal autorouter method
13:39:46: [INFO] Routing pad 'SW58:2' at (347851068, 110878855) with pad 'D58:2' at (351686098, 118001112) using coordinate system rotated by 350.0 degree(s)
13:39:46: [INFO] Adding track segment (B.Cu): [(347851068, 110878855), (348743618, 115940765)]
13:39:46: [INFO] Adding track segment (B.Cu): [(348743618, 115940765), (351686098, 118001112)]
13:39:46: [INFO] Routing SW57 with D57
13:39:46: [INFO] Using internal autorouter method
13:39:46: [INFO] Routing pad 'SW57:2' at (369824000, 109220000) with pad 'D57:2' at (372364000, 116900000) using coordinate system rotated by 0 degree(s)
13:39:46: [INFO] Adding track segment (B.Cu): [(369824000, 109220000), (369824000, 114360000)]
13:39:46: [INFO] Adding track segment (B.Cu): [(369824000, 114360000), (372364000, 116900000)]
13:39:46: [INFO] Routing SW56 with D56
13:39:46: [INFO] Using internal autorouter method
13:39:46: [INFO] Routing pad 'SW56:2' at (388874000, 109220000) with pad 'D56:2' at (391414000, 116900000) using coordinate system rotated by 0 degree(s)
13:39:46: [INFO] Adding track segment (B.Cu): [(388874000, 109220000), (388874000, 114360000)]
13:39:46: [INFO] Adding track segment (B.Cu): [(388874000, 114360000), (391414000, 116900000)]
13:39:46: [INFO] Routing SW55a with D55
13:39:46: [INFO] Using internal autorouter method
13:39:46: [INFO] Routing pad 'SW55a:2' at (400780250, 109220000) with pad 'D55:2' at (412845250, 116900000) using coordinate system rotated by 0 degree(s)
13:39:46: [INFO] Routing SW55 with D55
13:39:46: [INFO] Using internal autorouter method
13:39:46: [INFO] Routing pad 'SW55:2' at (410305250, 109220000) with pad 'D55:2' at (412845250, 116900000) using coordinate system rotated by 0 degree(s)
13:39:46: [INFO] Adding track segment (B.Cu): [(410305250, 109220000), (410305250, 114360000)]
13:39:46: [INFO] Adding track segment (B.Cu): [(410305250, 114360000), (412845250, 116900000)]
13:39:46: [INFO] Routing SW54 with D54
13:39:46: [INFO] Using internal autorouter method
13:39:46: [INFO] Routing pad 'SW54:2' at (297641601, 100388262) with pad 'D54:2' at (301476631, 107510519) using coordinate system rotated by 350.0 degree(s)
13:39:46: [INFO] Adding track segment (B.Cu): [(297641601, 100388262), (298534152, 105450173)]
13:39:46: [INFO] Adding track segment (B.Cu): [(298534152, 105450173), (301476631, 107510519)]
13:39:46: [INFO] Routing SW53 with D53
13:39:46: [INFO] Using internal autorouter method
13:39:46: [INFO] Routing pad 'SW53:2' at (316402188, 97080264) with pad 'D53:2' at (320237218, 104202521) using coordinate system rotated by 350.0 degree(s)
13:39:46: [INFO] Adding track segment (B.Cu): [(316402188, 97080264), (317294738, 102142174)]
13:39:46: [INFO] Adding track segment (B.Cu): [(317294738, 102142174), (320237218, 104202521)]
13:39:46: [INFO] Routing SW52 with D52
13:39:46: [INFO] Using internal autorouter method
13:39:46: [INFO] Routing pad 'SW52:2' at (335162776, 93772266) with pad 'D52:2' at (338997806, 100894523) using coordinate system rotated by 350.0 degree(s)
13:39:46: [INFO] Adding track segment (B.Cu): [(335162776, 93772266), (336055327, 98834177)]
13:39:46: [INFO] Adding track segment (B.Cu): [(336055327, 98834177), (338997806, 100894523)]
13:39:46: [INFO] Routing SW51 with D51
13:39:46: [INFO] Using internal autorouter method
13:39:46: [INFO] Routing pad 'SW51:2' at (353923364, 90464269) with pad 'D51:2' at (357758394, 97586526) using coordinate system rotated by 350.0 degree(s)
13:39:46: [INFO] Adding track segment (B.Cu): [(353923364, 90464269), (354815915, 95526180)]
13:39:46: [INFO] Adding track segment (B.Cu): [(354815915, 95526180), (357758394, 97586526)]
13:39:46: [INFO] Routing SW50 with D50
13:39:46: [INFO] Using internal autorouter method
13:39:46: [INFO] Routing pad 'SW50:2' at (376491500, 90170000) with pad 'D50:2' at (379031500, 97850000) using coordinate system rotated by 0 degree(s)
13:39:46: [INFO] Adding track segment (B.Cu): [(376491500, 90170000), (376491500, 95310000)]
13:39:46: [INFO] Adding track segment (B.Cu): [(376491500, 95310000), (379031500, 97850000)]
13:39:46: [INFO] Routing SW49 with D49
13:39:46: [INFO] Using internal autorouter method
13:39:46: [INFO] Routing pad 'SW49:2' at (402685250, 90170000) with pad 'D49:2' at (405225250, 97850000) using coordinate system rotated by 0 degree(s)
13:39:46: [INFO] Adding track segment (B.Cu): [(402685250, 90170000), (402685250, 95310000)]
13:39:46: [INFO] Adding track segment (B.Cu): [(402685250, 95310000), (405225250, 97850000)]
13:39:46: [INFO] Routing SW48 with D48
13:39:46: [INFO] Using internal autorouter method
13:39:46: [INFO] Routing pad 'SW48:2' at (299023750, 80800675) with pad 'D48:2' at (302858780, 87922932) using coordinate system rotated by 350.0 degree(s)
13:39:46: [INFO] Adding track segment (B.Cu): [(299023750, 80800675), (299916301, 85862586)]
13:39:46: [INFO] Adding track segment (B.Cu): [(299916301, 85862586), (302858780, 87922932)]
13:39:46: [INFO] Routing SW47 with D47
13:39:46: [INFO] Using internal autorouter method
13:39:46: [INFO] Routing pad 'SW47:2' at (317784338, 77492677) with pad 'D47:2' at (321619368, 84614934) using coordinate system rotated by 350.0 degree(s)
13:39:46: [INFO] Adding track segment (B.Cu): [(317784338, 77492677), (318676888, 82554587)]
13:39:46: [INFO] Adding track segment (B.Cu): [(318676888, 82554587), (321619368, 84614934)]
13:39:46: [INFO] Routing SW46 with D46
13:39:46: [INFO] Using internal autorouter method
13:39:46: [INFO] Routing pad 'SW46:2' at (336544925, 74184679) with pad 'D46:2' at (340379955, 81306936) using coordinate system rotated by 350.0 degree(s)
13:39:46: [INFO] Adding track segment (B.Cu): [(336544925, 74184679), (337437476, 79246589)]
13:39:46: [INFO] Adding track segment (B.Cu): [(337437476, 79246589), (340379955, 81306936)]
13:39:46: [INFO] Routing SW45 with D45
13:39:46: [INFO] Using internal autorouter method
13:39:46: [INFO] Routing pad 'SW45:2' at (355305513, 70876681) with pad 'D45:2' at (359140543, 77998938) using coordinate system rotated by 350.0 degree(s)
13:39:46: [INFO] Adding track segment (B.Cu): [(355305513, 70876681), (356198064, 75938592)]
13:39:46: [INFO] Adding track segment (B.Cu): [(356198064, 75938592), (359140543, 77998938)]
13:39:46: [INFO] Routing SW44 with D44
13:39:46: [INFO] Using internal autorouter method
13:39:46: [INFO] Routing pad 'SW44:2' at (379349000, 71120000) with pad 'D44:2' at (381889000, 78800000) using coordinate system rotated by 0 degree(s)
13:39:46: [INFO] Adding track segment (B.Cu): [(379349000, 71120000), (379349000, 76260000)]
13:39:46: [INFO] Adding track segment (B.Cu): [(379349000, 76260000), (381889000, 78800000)]
13:39:46: [INFO] Routing SW43 with D43
13:39:46: [INFO] Using internal autorouter method
13:39:46: [INFO] Routing pad 'SW43:2' at (403161500, 71120000) with pad 'D43:2' at (405701500, 78800000) using coordinate system rotated by 0 degree(s)
13:39:46: [INFO] Adding track segment (B.Cu): [(403161500, 71120000), (403161500, 76260000)]
13:39:46: [INFO] Adding track segment (B.Cu): [(403161500, 76260000), (405701500, 78800000)]
13:39:46: [INFO] Routing SW42 with D42
13:39:46: [INFO] Using internal autorouter method
13:39:46: [INFO] Routing pad 'SW42:2' at (305096046, 60386088) with pad 'D42:2' at (308931076, 67508345) using coordinate system rotated by 350.0 degree(s)
13:39:46: [INFO] Adding track segment (B.Cu): [(305096046, 60386088), (305988597, 65447998)]
13:39:46: [INFO] Adding track segment (B.Cu): [(305988597, 65447998), (308931076, 67508345)]
13:39:46: [INFO] Routing SW41 with D41
13:39:46: [INFO] Using internal autorouter method
13:39:46: [INFO] Routing pad 'SW41:2' at (323856634, 57078090) with pad 'D41:2' at (327691664, 64200347) using coordinate system rotated by 350.0 degree(s)
13:39:46: [INFO] Adding track segment (B.Cu): [(323856634, 57078090), (324749184, 62140000)]
13:39:46: [INFO] Adding track segment (B.Cu): [(324749184, 62140000), (327691664, 64200347)]
13:39:46: [INFO] Routing SW40 with D40
13:39:46: [INFO] Using internal autorouter method
13:39:46: [INFO] Routing pad 'SW40:2' at (342617221, 53770093) with pad 'D40:2' at (346452251, 60892350) using coordinate system rotated by 350.0 degree(s)
13:39:46: [INFO] Adding track segment (B.Cu): [(342617221, 53770093), (343509771, 58832003)]
13:39:46: [INFO] Adding track segment (B.Cu): [(343509771, 58832003), (346452251, 60892350)]
13:39:46: [INFO] Routing SW39 with D39
13:39:46: [INFO] Using internal autorouter method
13:39:46: [INFO] Routing pad 'SW39:2' at (361377809, 50462095) with pad 'D39:2' at (365212839, 57584352) using coordinate system rotated by 350.0 degree(s)
13:39:46: [INFO] Adding track segment (B.Cu): [(361377809, 50462095), (362270360, 55524006)]
13:39:46: [INFO] Adding track segment (B.Cu): [(362270360, 55524006), (365212839, 57584352)]
13:39:46: [INFO] Routing SW38a with D38
13:39:46: [INFO] Using internal autorouter method
13:39:46: [INFO] Routing pad 'SW38a:2' at (384111500, 52070000) with pad 'D38:2' at (396176500, 59750000) using coordinate system rotated by 0 degree(s)
13:39:46: [INFO] Routing SW38 with D38
13:39:46: [INFO] Using internal autorouter method
13:39:46: [INFO] Routing pad 'SW38:2' at (393636500, 52070000) with pad 'D38:2' at (396176500, 59750000) using coordinate system rotated by 0 degree(s)
13:39:46: [INFO] Adding track segment (B.Cu): [(393636500, 52070000), (393636500, 57210000)]
13:39:46: [INFO] Adding track segment (B.Cu): [(393636500, 57210000), (396176500, 59750000)]
13:39:46: [INFO] Routing SW37 with D37
13:39:46: [INFO] Using internal autorouter method
13:39:46: [INFO] Routing pad 'SW37:2' at (403161500, 52070000) with pad 'D37:2' at (405701500, 59750000) using coordinate system rotated by 0 degree(s)
13:39:46: [INFO] Adding track segment (B.Cu): [(403161500, 52070000), (403161500, 57210000)]
13:39:46: [INFO] Adding track segment (B.Cu): [(403161500, 57210000), (405701500, 59750000)]
13:39:46: [INFO] Routing SW36 with D36
13:39:46: [INFO] Using internal autorouter method
13:39:46: [INFO] Routing pad 'SW36:2' at (215886005, 65235612) with pad 'D36:2' at (217053798, 73240001) using coordinate system rotated by 10.0 degree(s)
13:39:46: [INFO] Adding track segment (B.Cu): [(215886005, 65235612), (214993452, 70297523)]
13:39:46: [INFO] Adding track segment (B.Cu): [(214993452, 70297523), (217053798, 73240001)]
13:39:46: [INFO] Routing SW35 with D35
13:39:46: [INFO] Using internal autorouter method
13:39:46: [INFO] Routing pad 'SW35:2' at (221958301, 85650198) with pad 'D35:2' at (223126094, 93654587) using coordinate system rotated by 10.0 degree(s)
13:39:46: [INFO] Adding track segment (B.Cu): [(221958301, 85650198), (221065748, 90712109)]
13:39:46: [INFO] Adding track segment (B.Cu): [(221065748, 90712109), (223126094, 93654587)]
13:39:46: [INFO] Routing SW34 with D34
13:39:46: [INFO] Using internal autorouter method
13:39:46: [INFO] Routing pad 'SW34:2' at (223340450, 105237786) with pad 'D34:2' at (224508243, 113242175) using coordinate system rotated by 10.0 degree(s)
13:39:46: [INFO] Adding track segment (B.Cu): [(223340450, 105237786), (222447897, 110299697)]
13:39:46: [INFO] Adding track segment (B.Cu): [(222447897, 110299697), (224508243, 113242175)]
13:39:46: [INFO] Routing SW33a with D33
13:39:46: [INFO] Using internal autorouter method
13:39:46: [INFO] Routing pad 'SW33a:S2' at (234266500, 131802500) with pad 'D33:2' at (232346500, 136902500) using coordinate system rotated by 0 degree(s)
13:39:46: [INFO] Adding track segment (B.Cu): [(234266500, 131802500), (234266500, 134982500)]
13:39:46: [INFO] Adding track segment (B.Cu): [(234266500, 134982500), (232346500, 136902500)]
13:39:46: [INFO] Routing SW33 with D33
13:39:46: [INFO] Using internal autorouter method
13:39:46: [INFO] Routing pad 'SW33:2' at (229806500, 129222500) with pad 'D33:2' at (232346500, 136902500) using coordinate system rotated by 0 degree(s)
13:39:46: [INFO] Adding track segment (B.Cu): [(229806500, 129222500), (229806500, 134362500)]
13:39:46: [INFO] Adding track segment (B.Cu): [(229806500, 134362500), (232346500, 136902500)]
13:39:46: [INFO] Routing SW32 with D32
13:39:46: [INFO] Using internal autorouter method
13:39:46: [INFO] Routing pad 'SW32:2' at (210652158, 122344374) with pad 'D32:2' at (211819951, 130348763) using coordinate system rotated by 10.0 degree(s)
13:39:46: [INFO] Adding track segment (B.Cu): [(210652158, 122344374), (209759605, 127406284)]
13:39:46: [INFO] Adding track segment (B.Cu): [(209759605, 127406284), (211819951, 130348763)]
13:39:46: [INFO] Routing SW31 with D31
13:39:46: [INFO] Using internal autorouter method
13:39:46: [INFO] Routing pad 'SW31:2' at (223520000, 148272500) with pad 'D31:2' at (226060000, 155952500) using coordinate system rotated by 0 degree(s)
13:39:46: [INFO] Adding track segment (B.Cu): [(223520000, 148272500), (223520000, 153412500)]
13:39:46: [INFO] Adding track segment (B.Cu): [(223520000, 153412500), (226060000, 155952500)]
13:39:46: [INFO] Routing SW30 with D30
13:39:46: [INFO] Using internal autorouter method
13:39:46: [INFO] Routing pad 'SW30:2' at (189933407, 147838019) with pad 'D30:2' at (198009118, 147372297) using coordinate system rotated by 285.0 degree(s)
13:39:46: [INFO] Adding track segment (B.Cu): [(189933407, 147838019), (194898264, 149168348)]
13:39:46: [INFO] Adding track segment (B.Cu): [(194898264, 149168348), (198009118, 147372297)]
13:39:46: [INFO] Routing SW29 with D29
13:39:46: [INFO] Using internal autorouter method
13:39:46: [INFO] Routing pad 'SW29:2' at (171532520, 142907517) with pad 'D29:2' at (179608231, 142441795) using coordinate system rotated by 285.0 degree(s)
13:39:46: [INFO] Adding track segment (B.Cu): [(171532520, 142907517), (176497377, 144237846)]
13:39:46: [INFO] Adding track segment (B.Cu): [(176497377, 144237846), (179608231, 142441795)]
13:39:46: [INFO] Routing SW28 with D28
13:39:46: [INFO] Using internal autorouter method
13:39:46: [INFO] Routing pad 'SW28:2' at (158097618, 132421468) with pad 'D28:2' at (159265411, 140425857) using coordinate system rotated by 10.0 degree(s)
13:39:46: [INFO] Adding track segment (B.Cu): [(158097618, 132421468), (157205065, 137483379)]
13:39:46: [INFO] Adding track segment (B.Cu): [(157205065, 137483379), (159265411, 140425857)]
13:39:46: [INFO] Routing SW27 with D27
13:39:46: [INFO] Using internal autorouter method
13:39:46: [INFO] Routing pad 'SW27:2' at (131127500, 128270000) with pad 'D27:2' at (133667500, 135950000) using coordinate system rotated by 0 degree(s)
13:39:46: [INFO] Adding track segment (B.Cu): [(131127500, 128270000), (131127500, 133410000)]
13:39:46: [INFO] Adding track segment (B.Cu): [(131127500, 133410000), (133667500, 135950000)]
13:39:46: [INFO] Routing SW26 with D26
13:39:46: [INFO] Using internal autorouter method
13:39:46: [INFO] Routing pad 'SW26:2' at (112077500, 128270000) with pad 'D26:2' at (114617500, 135950000) using coordinate system rotated by 0 degree(s)
13:39:46: [INFO] Adding track segment (B.Cu): [(112077500, 128270000), (112077500, 133410000)]
13:39:46: [INFO] Adding track segment (B.Cu): [(112077500, 133410000), (114617500, 135950000)]
13:39:46: [INFO] Routing SW25 with D25
13:39:46: [INFO] Using internal autorouter method
13:39:46: [INFO] Routing pad 'SW25:2' at (93027500, 128270000) with pad 'D25:2' at (95567500, 135950000) using coordinate system rotated by 0 degree(s)
13:39:46: [INFO] Adding track segment (B.Cu): [(93027500, 128270000), (93027500, 133410000)]
13:39:46: [INFO] Adding track segment (B.Cu): [(93027500, 133410000), (95567500, 135950000)]
13:39:46: [INFO] Routing SW24 with D24
13:39:46: [INFO] Using internal autorouter method
13:39:46: [INFO] Routing pad 'SW24:2' at (191891571, 119036377) with pad 'D24:2' at (193059364, 127040766) using coordinate system rotated by 10.0 degree(s)
13:39:46: [INFO] Adding track segment (B.Cu): [(191891571, 119036377), (190999018, 124098288)]
13:39:46: [INFO] Adding track segment (B.Cu): [(190999018, 124098288), (193059364, 127040766)]
13:39:46: [INFO] Routing SW23 with D23
13:39:46: [INFO] Using internal autorouter method
13:39:46: [INFO] Routing pad 'SW23:2' at (173130983, 115728379) with pad 'D23:2' at (174298776, 123732768) using coordinate system rotated by 10.0 degree(s)
13:39:46: [INFO] Adding track segment (B.Cu): [(173130983, 115728379), (172238430, 120790290)]
13:39:46: [INFO] Adding track segment (B.Cu): [(172238430, 120790290), (174298776, 123732768)]
13:39:46: [INFO] Routing SW22 with D22
13:39:46: [INFO] Using internal autorouter method
13:39:46: [INFO] Routing pad 'SW22:2' at (154370395, 112420381) with pad 'D22:2' at (155538188, 120424770) using coordinate system rotated by 10.0 degree(s)
13:39:46: [INFO] Adding track segment (B.Cu): [(154370395, 112420381), (153477843, 117482292)]
13:39:46: [INFO] Adding track segment (B.Cu): [(153477843, 117482292), (155538188, 120424770)]
13:39:46: [INFO] Routing SW21 with D21
13:39:46: [INFO] Using internal autorouter method
13:39:46: [INFO] Routing pad 'SW21:2' at (131127500, 109220000) with pad 'D21:2' at (133667500, 116900000) using coordinate system rotated by 0 degree(s)
13:39:46: [INFO] Adding track segment (B.Cu): [(131127500, 109220000), (131127500, 114360000)]
13:39:46: [INFO] Adding track segment (B.Cu): [(131127500, 114360000), (133667500, 116900000)]
13:39:46: [INFO] Routing SW20 with D20
13:39:46: [INFO] Using internal autorouter method
13:39:46: [INFO] Routing pad 'SW20:2' at (112077500, 109220000) with pad 'D20:2' at (114617500, 116900000) using coordinate system rotated by 0 degree(s)
13:39:46: [INFO] Adding track segment (B.Cu): [(112077500, 109220000), (112077500, 114360000)]
13:39:47: [INFO] Adding track segment (B.Cu): [(112077500, 114360000), (114617500, 116900000)]
13:39:47: [INFO] Routing SW19a with D19
13:39:47: [INFO] Using internal autorouter method
13:39:47: [INFO] Routing pad 'SW19a:2' at (90646250, 109220000) with pad 'D19:2' at (102711250, 116900000) using coordinate system rotated by 0 degree(s)
13:39:47: [INFO] Routing SW19 with D19
13:39:47: [INFO] Using internal autorouter method
13:39:47: [INFO] Routing pad 'SW19:2' at (100171250, 109220000) with pad 'D19:2' at (102711250, 116900000) using coordinate system rotated by 0 degree(s)
13:39:47: [INFO] Adding track segment (B.Cu): [(100171250, 109220000), (100171250, 114360000)]
13:39:47: [INFO] Adding track segment (B.Cu): [(100171250, 114360000), (102711250, 116900000)]
13:39:47: [INFO] Routing SW18 with D18
13:39:47: [INFO] Using internal autorouter method
13:39:47: [INFO] Routing pad 'SW18:2' at (204579862, 101929788) with pad 'D18:2' at (205747655, 109934177) using coordinate system rotated by 10.0 degree(s)
13:39:47: [INFO] Adding track segment (B.Cu): [(204579862, 101929788), (203687310, 106991699)]
13:39:47: [INFO] Adding track segment (B.Cu): [(203687310, 106991699), (205747655, 109934177)]
13:39:47: [INFO] Routing SW17 with D17
13:39:47: [INFO] Using internal autorouter method
13:39:47: [INFO] Routing pad 'SW17:2' at (185819275, 98621790) with pad 'D17:2' at (186987068, 106626179) using coordinate system rotated by 10.0 degree(s)
13:39:47: [INFO] Adding track segment (B.Cu): [(185819275, 98621790), (184926722, 103683701)]
13:39:47: [INFO] Adding track segment (B.Cu): [(184926722, 103683701), (186987068, 106626179)]
13:39:47: [INFO] Routing SW16 with D16
13:39:47: [INFO] Using internal autorouter method
13:39:47: [INFO] Routing pad 'SW16:2' at (167058687, 95313792) with pad 'D16:2' at (168226480, 103318181) using coordinate system rotated by 10.0 degree(s)
13:39:47: [INFO] Adding track segment (B.Cu): [(167058687, 95313792), (166166135, 100375703)]
13:39:47: [INFO] Adding track segment (B.Cu): [(166166135, 100375703), (168226480, 103318181)]
13:39:47: [INFO] Routing SW15 with D15
13:39:47: [INFO] Using internal autorouter method
13:39:47: [INFO] Routing pad 'SW15:2' at (148298099, 92005794) with pad 'D15:2' at (149465892, 100010183) using coordinate system rotated by 10.0 degree(s)
13:39:47: [INFO] Adding track segment (B.Cu): [(148298099, 92005794), (147405547, 97067705)]
13:39:47: [INFO] Adding track segment (B.Cu): [(147405547, 97067705), (149465892, 100010183)]
13:39:47: [INFO] Routing SW14 with D14
13:39:47: [INFO] Using internal autorouter method
13:39:47: [INFO] Routing pad 'SW14:2' at (124460000, 90170000) with pad 'D14:2' at (127000000, 97850000) using coordinate system rotated by 0 degree(s)
13:39:47: [INFO] Adding track segment (B.Cu): [(124460000, 90170000), (124460000, 95310000)]
13:39:47: [INFO] Adding track segment (B.Cu): [(124460000, 95310000), (127000000, 97850000)]
13:39:47: [INFO] Routing SW13 with D13
13:39:47: [INFO] Using internal autorouter method
13:39:47: [INFO] Routing pad 'SW13:2' at (98266250, 90170000) with pad 'D13:2' at (100806250, 97850000) using coordinate system rotated by 0 degree(s)
13:39:47: [INFO] Adding track segment (B.Cu): [(98266250, 90170000), (98266250, 95310000)]
13:39:47: [INFO] Adding track segment (B.Cu): [(98266250, 95310000), (100806250, 97850000)]
13:39:47: [INFO] Routing SW12 with D12
13:39:47: [INFO] Using internal autorouter method
13:39:47: [INFO] Routing pad 'SW12:2' at (203197713, 82342201) with pad 'D12:2' at (204365506, 90346590) using coordinate system rotated by 10.0 degree(s)
13:39:47: [INFO] Adding track segment (B.Cu): [(203197713, 82342201), (202305161, 87404112)]
13:39:47: [INFO] Adding track segment (B.Cu): [(202305161, 87404112), (204365506, 90346590)]
13:39:47: [INFO] Routing SW11 with D11
13:39:47: [INFO] Using internal autorouter method
13:39:47: [INFO] Routing pad 'SW11:2' at (184437126, 79034203) with pad 'D11:2' at (185604919, 87038592) using coordinate system rotated by 10.0 degree(s)
13:39:47: [INFO] Adding track segment (B.Cu): [(184437126, 79034203), (183544573, 84096113)]
13:39:47: [INFO] Adding track segment (B.Cu): [(183544573, 84096113), (185604919, 87038592)]
13:39:47: [INFO] Routing SW10 with D10
13:39:47: [INFO] Using internal autorouter method
13:39:47: [INFO] Routing pad 'SW10:2' at (165676538, 75726205) with pad 'D10:2' at (166844331, 83730594) using coordinate system rotated by 10.0 degree(s)
13:39:47: [INFO] Adding track segment (B.Cu): [(165676538, 75726205), (164783985, 80788116)]
13:39:47: [INFO] Adding track segment (B.Cu): [(164783985, 80788116), (166844331, 83730594)]
13:39:47: [INFO] Routing SW9 with D9
13:39:47: [INFO] Using internal autorouter method
13:39:47: [INFO] Routing pad 'SW9:2' at (146915950, 72418207) with pad 'D9:2' at (148083743, 80422596) using coordinate system rotated by 10.0 degree(s)
13:39:47: [INFO] Adding track segment (B.Cu): [(146915950, 72418207), (146023398, 77480118)]
13:39:47: [INFO] Adding track segment (B.Cu): [(146023398, 77480118), (148083743, 80422596)]
13:39:47: [INFO] Routing SW8 with D8
13:39:47: [INFO] Using internal autorouter method
13:39:47: [INFO] Routing pad 'SW8:2' at (121602500, 71120000) with pad 'D8:2' at (124142500, 78800000) using coordinate system rotated by 0 degree(s)
13:39:47: [INFO] Adding track segment (B.Cu): [(121602500, 71120000), (121602500, 76260000)]
13:39:47: [INFO] Adding track segment (B.Cu): [(121602500, 76260000), (124142500, 78800000)]
13:39:47: [INFO] Routing SW7 with D7
13:39:47: [INFO] Using internal autorouter method
13:39:47: [INFO] Routing pad 'SW7:2' at (97790000, 71120000) with pad 'D7:2' at (100330000, 78800000) using coordinate system rotated by 0 degree(s)
13:39:47: [INFO] Adding track segment (B.Cu): [(97790000, 71120000), (97790000, 76260000)]
13:39:47: [INFO] Adding track segment (B.Cu): [(97790000, 76260000), (100330000, 78800000)]
13:39:47: [INFO] Routing SW6 with D6
13:39:47: [INFO] Using internal autorouter method
13:39:47: [INFO] Routing pad 'SW6:2' at (197125417, 61927614) with pad 'D6:2' at (198293210, 69932003) using coordinate system rotated by 10.0 degree(s)
13:39:47: [INFO] Adding track segment (B.Cu): [(197125417, 61927614), (196232865, 66989525)]
13:39:47: [INFO] Adding track segment (B.Cu): [(196232865, 66989525), (198293210, 69932003)]
13:39:47: [INFO] Routing SW5 with D5
13:39:47: [INFO] Using internal autorouter method
13:39:47: [INFO] Routing pad 'SW5:2' at (178364829, 58619616) with pad 'D5:2' at (179532622, 66624005) using coordinate system rotated by 10.0 degree(s)
13:39:47: [INFO] Adding track segment (B.Cu): [(178364829, 58619616), (177472276, 63681526)]
13:39:47: [INFO] Adding track segment (B.Cu): [(177472276, 63681526), (179532622, 66624005)]
13:39:47: [INFO] Routing SW4 with D4
13:39:47: [INFO] Using internal autorouter method
13:39:47: [INFO] Routing pad 'SW4:2' at (159604242, 55311619) with pad 'D4:2' at (160772035, 63316008) using coordinate system rotated by 10.0 degree(s)
13:39:47: [INFO] Adding track segment (B.Cu): [(159604242, 55311619), (158711689, 60373530)]
13:39:47: [INFO] Adding track segment (B.Cu): [(158711689, 60373530), (160772035, 63316008)]
13:39:47: [INFO] Routing SW3 with D3
13:39:47: [INFO] Using internal autorouter method
13:39:47: [INFO] Routing pad 'SW3:2' at (140843654, 52003621) with pad 'D3:2' at (142011447, 60008010) using coordinate system rotated by 10.0 degree(s)
13:39:47: [INFO] Adding track segment (B.Cu): [(140843654, 52003621), (139951101, 57065532)]
13:39:47: [INFO] Adding track segment (B.Cu): [(139951101, 57065532), (142011447, 60008010)]
13:39:47: [INFO] Routing SW2a with D2
13:39:47: [INFO] Using internal autorouter method
13:39:47: [INFO] Routing pad 'SW2a:2' at (107315000, 52070000) with pad 'D2:2' at (119380000, 59750000) using coordinate system rotated by 0 degree(s)
13:39:47: [INFO] Routing SW2 with D2
13:39:47: [INFO] Using internal autorouter method
13:39:47: [INFO] Routing pad 'SW2:2' at (116840000, 52070000) with pad 'D2:2' at (119380000, 59750000) using coordinate system rotated by 0 degree(s)
13:39:47: [INFO] Adding track segment (B.Cu): [(116840000, 52070000), (116840000, 57210000)]
13:39:47: [INFO] Adding track segment (B.Cu): [(116840000, 57210000), (119380000, 59750000)]
13:39:47: [INFO] Routing SW1 with D1
13:39:47: [INFO] Using internal autorouter method
13:39:47: [INFO] Routing pad 'SW1:2' at (97790000, 52070000) with pad 'D1:2' at (100330000, 59750000) using coordinate system rotated by 0 degree(s)
13:39:47: [INFO] Adding track segment (B.Cu): [(97790000, 52070000), (97790000, 57210000)]
13:39:47: [INFO] Adding track segment (B.Cu): [(97790000, 57210000), (100330000, 59750000)]
13:39:47: [INFO] Routing COL5 pads
13:39:47: [INFO] Routing pad 'SW12:1' at (196503118, 83740947) with pad 'SW6:1' at (190430822, 63326360) using coordinate system rotated by 10.0 degree(s)
13:39:47: [INFO] Adding track segment (F.Cu): [(196503118, 83740947), (188776822, 72706653)]
13:39:47: [INFO] Adding track segment (F.Cu): [(188776822, 72706653), (190430822, 63326360)]
13:39:47: [WARNING] Could not route pads when parent footprints not rotated the same, footprint1: SW24 at -10.0 degree(s) and footprint2: SW30 at 75.0 degree(s)
13:39:47: [INFO] Routing pad 'SW18:1' at (197885267, 103328534) with pad 'SW12:1' at (196503118, 83740947) using coordinate system rotated by 10.0 degree(s)
13:39:47: [INFO] Adding track segment (F.Cu): [(197885267, 103328534), (194022118, 97811387)]
13:39:47: [INFO] Adding track segment (F.Cu): [(194022118, 97811387), (196503118, 83740947)]
13:39:47: [INFO] Routing pad 'SW24:1' at (185196976, 120435123) with pad 'SW18:1' at (197885267, 103328534) using coordinate system rotated by 10.0 degree(s)
13:39:47: [INFO] Adding track segment (F.Cu): [(185196976, 120435123), (196231267, 112708828)]
13:39:47: [INFO] Adding track segment (F.Cu): [(196231267, 112708828), (197885267, 103328534)]
13:39:47: [INFO] Routing pad 'SW6:1' at (190430822, 63326360) with pad 'SW36:1' at (209191410, 66634358) using coordinate system rotated by 10.0 degree(s)
13:39:47: [INFO] Adding track segment (F.Cu): [(190430822, 63326360), (209191409, 66634357)]
13:39:47: [INFO] Adding track segment (F.Cu): [(209191409, 66634357), (209191410, 66634358)]
13:39:47: [WARNING] Could not route pads when parent footprints not rotated the same, footprint1: SW36 at -10.0 degree(s) and footprint2: SW72 at 10.0 degree(s)
13:39:47: [INFO] Routing pad 'SW48:1' at (293211287, 84404753) with pad 'SW54:1' at (291829138, 103992340) using coordinate system rotated by 350.0 degree(s)
13:39:47: [INFO] Adding track segment (F.Cu): [(293211287, 84404753), (295692285, 98475193)]
13:39:47: [INFO] Adding track segment (F.Cu): [(295692285, 98475193), (291829138, 103992340)]
13:39:47: [INFO] Routing pad 'SW72:1' at (280522995, 67298164) with pad 'SW48:1' at (293211287, 84404753) using coordinate system rotated by 350.0 degree(s)
13:39:47: [INFO] Adding track segment (F.Cu): [(280522995, 67298164), (282176992, 76678456)]
13:39:47: [INFO] Adding track segment (F.Cu): [(282176992, 76678456), (293211287, 84404753)]
13:39:47: [INFO] Routing pad 'SW72:1' at (280522995, 67298164) with pad 'SW42:1' at (299283583, 63990166) using coordinate system rotated by 350.0 degree(s)
13:39:47: [INFO] Adding track segment (F.Cu): [(280522995, 67298164), (299283582, 63990165)]
13:39:47: [INFO] Adding track segment (F.Cu): [(299283582, 63990165), (299283583, 63990166)]
13:39:47: [WARNING] Could not route pads when parent footprints not rotated the same, footprint1: SW60 at 10.0 degree(s) and footprint2: SW66 at -75.0 degree(s)
13:39:47: [INFO] Routing pad 'SW54:1' at (291829138, 103992340) with pad 'SW60:1' at (304517429, 121098929) using coordinate system rotated by 350.0 degree(s)
13:39:47: [INFO] Adding track segment (F.Cu): [(291829138, 103992340), (293483136, 113372634)]
13:39:47: [INFO] Adding track segment (F.Cu): [(293483136, 113372634), (304517429, 121098929)]
13:39:47: [INFO] Routing ROW0 pads
13:39:47: [INFO] Routing pad 'D1:1' at (100330000, 62550000) with pad 'D2:1' at (119380000, 62550000) using coordinate system rotated by 0 degree(s)
13:39:47: [INFO] Adding track segment (B.Cu): [(100330000, 62550000), (119380000, 62550000)]
13:39:47: [WARNING] Could not route pads when parent footprints not rotated the same, footprint1: D2 at 90.0 degree(s) and footprint2: D3 at 80.0 degree(s)
13:39:47: [INFO] Routing pad 'D3:1' at (141525233, 62765472) with pad 'D4:1' at (160285821, 66073470) using coordinate system rotated by 280.0 degree(s)
13:39:47: [INFO] Adding track segment (B.Cu): [(141525233, 62765472), (160285820, 66073469)]
13:39:47: [INFO] Adding track segment (B.Cu): [(160285820, 66073469), (160285821, 66073470)]
13:39:47: [INFO] Routing pad 'D4:1' at (160285821, 66073470) with pad 'D5:1' at (179046408, 69381467) using coordinate system rotated by 280.0 degree(s)
13:39:47: [INFO] Adding track segment (B.Cu): [(160285821, 66073470), (179046407, 69381466)]
13:39:47: [INFO] Adding track segment (B.Cu): [(179046407, 69381466), (179046408, 69381467)]
13:39:47: [INFO] Routing pad 'D5:1' at (179046408, 69381467) with pad 'D6:1' at (197806996, 72689465) using coordinate system rotated by 280.0 degree(s)
13:39:47: [INFO] Adding track segment (B.Cu): [(179046408, 69381467), (197806995, 72689464)]
13:39:47: [INFO] Adding track segment (B.Cu): [(197806995, 72689464), (197806996, 72689465)]
13:39:47: [INFO] Routing ROW11 pads
13:39:47: [INFO] Routing pad 'D69:1' at (275209000, 139702500) with pad 'D67:1' at (281495500, 158752500) using coordinate system rotated by 0 degree(s)
13:39:47: [INFO] Routing pad 'D68:1' at (295890549, 130682567) with pad 'D70:1' at (283202257, 113575979) using coordinate system rotated by 260.0 degree(s)
13:39:47: [INFO] Routing pad 'D70:1' at (283202257, 113575979) with pad 'D71:1' at (284584406, 93988392) using coordinate system rotated by 260.0 degree(s)
13:39:47: [INFO] Adding track segment (B.Cu): [(283202257, 113575979), (287065403, 108058832)]
13:39:47: [INFO] Adding track segment (B.Cu): [(287065403, 108058832), (284584406, 93988392)]
13:39:47: [INFO] Routing pad 'D71:1' at (284584406, 93988392) with pad 'D72:1' at (290656702, 73573805) using coordinate system rotated by 260.0 degree(s)
13:39:47: [INFO] Adding track segment (B.Cu): [(284584406, 93988392), (292310700, 82954098)]
13:39:47: [INFO] Adding track segment (B.Cu): [(292310700, 82954098), (290656702, 73573805)]
13:39:47: [WARNING] Could not route pads when parent footprints not rotated the same, footprint1: D69 at 90.0 degree(s) and footprint2: D68 at 100.0 degree(s)
13:39:47: [INFO] Routing ROW9 pads
13:39:47: [INFO] Routing pad 'D60:1' at (314651136, 127374570) with pad 'D59:1' at (333411724, 124066572) using coordinate system rotated by 260.0 degree(s)
13:39:47: [INFO] Adding track segment (B.Cu): [(314651136, 127374570), (333411723, 124066571)]
13:39:47: [INFO] Adding track segment (B.Cu): [(333411723, 124066571), (333411724, 124066572)]
13:39:47: [INFO] Routing pad 'D59:1' at (333411724, 124066572) with pad 'D58:1' at (352172312, 120758574) using coordinate system rotated by 260.0 degree(s)
13:39:47: [INFO] Adding track segment (B.Cu): [(333411724, 124066572), (352172311, 120758574)]
13:39:47: [INFO] Adding track segment (B.Cu): [(352172311, 120758574), (352172312, 120758574)]
13:39:47: [WARNING] Could not route pads when parent footprints not rotated the same, footprint1: D58 at 100.0 degree(s) and footprint2: D57 at 90.0 degree(s)
13:39:47: [INFO] Routing pad 'D57:1' at (372364000, 119700000) with pad 'D56:1' at (391414000, 119700000) using coordinate system rotated by 0 degree(s)
13:39:47: [INFO] Adding track segment (B.Cu): [(372364000, 119700000), (391414000, 119700000)]
13:39:47: [INFO] Routing pad 'D56:1' at (391414000, 119700000) with pad 'D55:1' at (412845250, 119700000) using coordinate system rotated by 0 degree(s)
13:39:47: [INFO] Adding track segment (B.Cu): [(391414000, 119700000), (412845250, 119700000)]
13:39:47: [INFO] Routing COL3 pads
13:39:47: [INFO] Routing pad 'SW22:1' at (147675800, 113819127) with pad 'SW28:1' at (151403023, 133820214) using coordinate system rotated by 10.0 degree(s)
13:39:47: [INFO] Adding track segment (F.Cu): [(147675800, 113819127), (145608300, 125544493)]
13:39:47: [INFO] Adding track segment (F.Cu): [(145608300, 125544493), (151403023, 133820214)]
13:39:47: [INFO] Routing pad 'SW10:1' at (158981943, 77124951) with pad 'SW4:1' at (152909647, 56710365) using coordinate system rotated by 10.0 degree(s)
13:39:47: [INFO] Adding track segment (F.Cu): [(158981943, 77124951), (151255647, 66090658)]
13:39:47: [INFO] Adding track segment (F.Cu): [(151255647, 66090658), (152909647, 56710365)]
13:39:47: [INFO] Routing pad 'SW16:1' at (160364092, 96712538) with pad 'SW10:1' at (158981943, 77124951) using coordinate system rotated by 10.0 degree(s)
13:39:48: [INFO] Adding track segment (F.Cu): [(160364092, 96712538), (156500944, 91195390)]
13:39:48: [INFO] Adding track segment (F.Cu): [(156500944, 91195390), (158981943, 77124951)]
13:39:48: [INFO] Routing pad 'SW22:1' at (147675800, 113819127) with pad 'SW16:1' at (160364092, 96712538) using coordinate system rotated by 10.0 degree(s)
13:39:48: [INFO] Adding track segment (F.Cu): [(147675800, 113819127), (158710093, 106092830)]
13:39:48: [INFO] Adding track segment (F.Cu): [(158710093, 106092830), (160364092, 96712538)]
13:39:48: [INFO] Routing pad 'SW16:1' at (160364092, 96712538) with pad 'SW34:1' at (216645855, 106636532) using coordinate system rotated by 10.0 degree(s)
13:39:48: [WARNING] Could not route pads when parent footprints not rotated the same, footprint1: SW34 at -10.0 degree(s) and footprint2: SW70 at 10.0 degree(s)
13:39:48: [INFO] Routing pad 'SW70:1' at (273068550, 107300338) with pad 'SW52:1' at (329350313, 97376344) using coordinate system rotated by 350.0 degree(s)
13:39:48: [INFO] Routing pad 'SW52:1' at (329350313, 97376344) with pad 'SW46:1' at (330732462, 77788757) using coordinate system rotated by 350.0 degree(s)
13:39:48: [INFO] Adding track segment (F.Cu): [(329350313, 97376344), (333213459, 91859198)]
13:39:48: [INFO] Adding track segment (F.Cu): [(333213459, 91859198), (330732462, 77788757)]
13:39:48: [INFO] Routing pad 'SW46:1' at (330732462, 77788757) with pad 'SW40:1' at (336804758, 57374171) using coordinate system rotated by 350.0 degree(s)
13:39:48: [INFO] Adding track segment (F.Cu): [(330732462, 77788757), (338458756, 66754464)]
13:39:48: [INFO] Adding track segment (F.Cu): [(338458756, 66754464), (336804758, 57374171)]
13:39:48: [INFO] Routing pad 'SW58:1' at (342038605, 114482933) with pad 'SW64:1' at (338311382, 134484020) using coordinate system rotated by 350.0 degree(s)
13:39:48: [INFO] Adding track segment (F.Cu): [(342038605, 114482933), (344106103, 126208298)]
13:39:48: [INFO] Adding track segment (F.Cu): [(344106103, 126208298), (338311382, 134484020)]
13:39:48: [INFO] Routing pad 'SW52:1' at (329350313, 97376344) with pad 'SW58:1' at (342038605, 114482933) using coordinate system rotated by 350.0 degree(s)
13:39:48: [INFO] Adding track segment (F.Cu): [(329350313, 97376344), (331004311, 106756637)]
13:39:48: [INFO] Adding track segment (F.Cu): [(331004311, 106756637), (342038605, 114482933)]
13:39:48: [INFO] Routing ROW6 pads
13:39:48: [INFO] Routing pad 'D42:1' at (309417290, 70265807) with pad 'D41:1' at (328177878, 66957809) using coordinate system rotated by 260.0 degree(s)
13:39:48: [INFO] Adding track segment (B.Cu): [(309417290, 70265807), (328177876, 66957809)]
13:39:48: [INFO] Adding track segment (B.Cu): [(328177876, 66957809), (328177878, 66957809)]
13:39:48: [INFO] Routing pad 'D41:1' at (328177878, 66957809) with pad 'D40:1' at (346938465, 63649812) using coordinate system rotated by 260.0 degree(s)
13:39:48: [INFO] Adding track segment (B.Cu): [(328177878, 66957809), (346938463, 63649810)]
13:39:48: [INFO] Adding track segment (B.Cu): [(346938463, 63649810), (346938465, 63649812)]
13:39:48: [INFO] Routing pad 'D40:1' at (346938465, 63649812) with pad 'D39:1' at (365699053, 60341814) using coordinate system rotated by 260.0 degree(s)
13:39:48: [INFO] Adding track segment (B.Cu): [(346938465, 63649812), (365699052, 60341813)]
13:39:48: [INFO] Adding track segment (B.Cu): [(365699052, 60341813), (365699053, 60341814)]
13:39:48: [WARNING] Could not route pads when parent footprints not rotated the same, footprint1: D39 at 100.0 degree(s) and footprint2: D38 at 90.0 degree(s)
13:39:48: [INFO] Routing pad 'D38:1' at (396176500, 62550000) with pad 'D37:1' at (405701500, 62550000) using coordinate system rotated by 0 degree(s)
13:39:48: [INFO] Adding track segment (B.Cu): [(396176500, 62550000), (405701500, 62550000)]
13:39:48: [INFO] Routing ROW3 pads
13:39:48: [INFO] Routing pad 'D19:1' at (102711250, 119700000) with pad 'D20:1' at (114617500, 119700000) using coordinate system rotated by 0 degree(s)
13:39:48: [INFO] Adding track segment (B.Cu): [(102711250, 119700000), (114617500, 119700000)]
13:39:48: [INFO] Routing pad 'D20:1' at (114617500, 119700000) with pad 'D21:1' at (133667500, 119700000) using coordinate system rotated by 0 degree(s)
13:39:48: [INFO] Adding track segment (B.Cu): [(114617500, 119700000), (133667500, 119700000)]
13:39:48: [WARNING] Could not route pads when parent footprints not rotated the same, footprint1: D21 at 90.0 degree(s) and footprint2: D22 at 80.0 degree(s)
13:39:48: [INFO] Routing pad 'D22:1' at (155051974, 123182232) with pad 'D23:1' at (173812562, 126490230) using coordinate system rotated by 280.0 degree(s)
13:39:48: [INFO] Adding track segment (B.Cu): [(155051974, 123182232), (173812561, 126490229)]
13:39:48: [INFO] Adding track segment (B.Cu): [(173812561, 126490229), (173812562, 126490230)]
13:39:48: [INFO] Routing pad 'D23:1' at (173812562, 126490230) with pad 'D24:1' at (192573150, 129798228) using coordinate system rotated by 280.0 degree(s)
13:39:48: [INFO] Adding track segment (B.Cu): [(173812562, 126490230), (192573149, 129798227)]
13:39:48: [INFO] Adding track segment (B.Cu): [(192573149, 129798227), (192573150, 129798228)]
13:39:48: [INFO] Routing ROW1 pads
13:39:48: [INFO] Routing pad 'D7:1' at (100330000, 81600000) with pad 'D8:1' at (124142500, 81600000) using coordinate system rotated by 0 degree(s)
13:39:48: [INFO] Adding track segment (B.Cu): [(100330000, 81600000), (124142500, 81600000)]
13:39:48: [WARNING] Could not route pads when parent footprints not rotated the same, footprint1: D8 at 90.0 degree(s) and footprint2: D9 at 80.0 degree(s)
13:39:48: [INFO] Routing pad 'D9:1' at (147597529, 83180058) with pad 'D10:1' at (166358117, 86488056) using coordinate system rotated by 280.0 degree(s)
13:39:48: [INFO] Adding track segment (B.Cu): [(147597529, 83180058), (166358116, 86488055)]
13:39:48: [INFO] Adding track segment (B.Cu): [(166358116, 86488055), (166358117, 86488056)]
13:39:48: [INFO] Routing pad 'D10:1' at (166358117, 86488056) with pad 'D11:1' at (185118705, 89796054) using coordinate system rotated by 280.0 degree(s)
13:39:48: [INFO] Adding track segment (B.Cu): [(166358117, 86488056), (185118705, 89796053)]
13:39:48: [INFO] Adding track segment (B.Cu): [(185118705, 89796053), (185118705, 89796054)]
13:39:48: [INFO] Routing pad 'D11:1' at (185118705, 89796054) with pad 'D12:1' at (203879292, 93104052) using coordinate system rotated by 280.0 degree(s)
13:39:48: [INFO] Adding track segment (B.Cu): [(185118705, 89796054), (203879291, 93104051)]
13:39:48: [INFO] Adding track segment (B.Cu): [(203879291, 93104051), (203879292, 93104052)]
13:39:48: [INFO] Routing COL2 pads
13:39:48: [INFO] Routing pad 'SW21:1' at (124777500, 111760000) with pad 'SW27:1' at (124777500, 130810000) using coordinate system rotated by 0 degree(s)
13:39:48: [INFO] Adding track segment (F.Cu): [(124777500, 111760000), (124777500, 130810000)]
13:39:48: [INFO] Routing pad 'SW9:1' at (140221355, 73816953) with pad 'SW3:1' at (134149059, 53402367) using coordinate system rotated by 10.0 degree(s)
13:39:48: [INFO] Adding track segment (F.Cu): [(140221355, 73816953), (132495060, 62782660)]
13:39:48: [INFO] Adding track segment (F.Cu): [(132495060, 62782660), (134149059, 53402367)]
13:39:48: [INFO] Routing pad 'SW15:1' at (141603504, 93404540) with pad 'SW9:1' at (140221355, 73816953) using coordinate system rotated by 10.0 degree(s)
13:39:48: [INFO] Adding track segment (F.Cu): [(141603504, 93404540), (137740355, 87887392)]
13:39:48: [INFO] Adding track segment (F.Cu): [(137740355, 87887392), (140221355, 73816953)]
13:39:48: [WARNING] Could not route pads when parent footprints not rotated the same, footprint1: SW21 at 0.0 degree(s) and footprint2: SW15 at -10.0 degree(s)
13:39:48: [WARNING] Could not route pads when parent footprints not rotated the same, footprint1: SW15 at -10.0 degree(s) and footprint2: SW33 at 0.0 degree(s)
13:39:48: [INFO] Routing pad 'SW33:1' at (223456500, 131762500) with pad 'SW33a:S1' at (234266500, 136802500) using coordinate system rotated by 0 degree(s)
13:39:48: [INFO] Routing pad 'SW33a:S1' at (234266500, 136802500) with pad 'SW69:1' at (266319000, 131762500) using coordinate system rotated by 0 degree(s)
13:39:48: [INFO] Routing pad 'SW69:1' at (266319000, 131762500) with pad 'SW69a:S1' at (277129000, 136802500) using coordinate system rotated by 0 degree(s)
13:39:48: [WARNING] Could not route pads when parent footprints not rotated the same, footprint1: SW69a at 0.0 degree(s) and footprint2: SW51 at 10.0 degree(s)
13:39:48: [INFO] Routing pad 'SW51:1' at (348110901, 94068347) with pad 'SW45:1' at (349493050, 74480759) using coordinate system rotated by 350.0 degree(s)
13:39:48: [INFO] Adding track segment (F.Cu): [(348110901, 94068347), (351974048, 88551200)]
13:39:48: [INFO] Adding track segment (F.Cu): [(351974048, 88551200), (349493050, 74480759)]
13:39:48: [INFO] Routing pad 'SW45:1' at (349493050, 74480759) with pad 'SW39:1' at (355565346, 54066173) using coordinate system rotated by 350.0 degree(s)
13:39:48: [INFO] Adding track segment (F.Cu): [(349493050, 74480759), (357219344, 63446466)]
13:39:48: [INFO] Adding track segment (F.Cu): [(357219344, 63446466), (355565346, 54066173)]
13:39:48: [WARNING] Could not route pads when parent footprints not rotated the same, footprint1: SW51 at 10.0 degree(s) and footprint2: SW57 at 0.0 degree(s)
13:39:48: [INFO] Routing pad 'SW57:1' at (363474000, 111760000) with pad 'SW63:1' at (363474000, 130810000) using coordinate system rotated by 0 degree(s)
13:39:48: [INFO] Adding track segment (F.Cu): [(363474000, 111760000), (363474000, 130810000)]
13:39:48: [INFO] Routing COL4 pads
13:39:48: [INFO] Routing pad 'SW11:1' at (177742531, 80432949) with pad 'SW5:1' at (171670234, 60018362) using coordinate system rotated by 10.0 degree(s)
13:39:48: [INFO] Adding track segment (F.Cu): [(177742531, 80432949), (170016234, 69398654)]
13:39:48: [INFO] Adding track segment (F.Cu): [(170016234, 69398654), (171670234, 60018362)]
13:39:48: [WARNING] Could not route pads when parent footprints not rotated the same, footprint1: SW23 at -10.0 degree(s) and footprint2: SW29 at 75.0 degree(s)
13:39:48: [INFO] Routing pad 'SW17:1' at (179124680, 100020536) with pad 'SW11:1' at (177742531, 80432949) using coordinate system rotated by 10.0 degree(s)
13:39:48: [INFO] Adding track segment (F.Cu): [(179124680, 100020536), (175261532, 94503389)]
13:39:48: [INFO] Adding track segment (F.Cu): [(175261532, 94503389), (177742531, 80432949)]
13:39:48: [INFO] Routing pad 'SW23:1' at (166436388, 117127125) with pad 'SW17:1' at (179124680, 100020536) using coordinate system rotated by 10.0 degree(s)
13:39:48: [INFO] Adding track segment (F.Cu): [(166436388, 117127125), (177470680, 109400829)]
13:39:48: [INFO] Adding track segment (F.Cu): [(177470680, 109400829), (179124680, 100020536)]
13:39:48: [INFO] Routing pad 'SW11:1' at (177742531, 80432949) with pad 'SW35:1' at (215263706, 87048944) using coordinate system rotated by 10.0 degree(s)
13:39:48: [WARNING] Could not route pads when parent footprints not rotated the same, footprint1: SW35 at -10.0 degree(s) and footprint2: SW71 at 10.0 degree(s)
13:39:48: [INFO] Routing pad 'SW47:1' at (311971875, 81096755) with pad 'SW53:1' at (310589725, 100684342) using coordinate system rotated by 350.0 degree(s)
13:39:48: [INFO] Adding track segment (F.Cu): [(311971875, 81096755), (314452872, 95167194)]
13:39:48: [INFO] Adding track segment (F.Cu): [(314452872, 95167194), (310589725, 100684342)]
13:39:48: [INFO] Routing pad 'SW71:1' at (274450699, 87712751) with pad 'SW47:1' at (311971875, 81096755) using coordinate system rotated by 350.0 degree(s)
13:39:48: [INFO] Routing pad 'SW47:1' at (311971875, 81096755) with pad 'SW41:1' at (318044171, 60682168) using coordinate system rotated by 350.0 degree(s)
13:39:48: [INFO] Adding track segment (F.Cu): [(311971875, 81096755), (319698169, 70062461)]
13:39:48: [INFO] Adding track segment (F.Cu): [(319698169, 70062461), (318044171, 60682168)]
13:39:48: [WARNING] Could not route pads when parent footprints not rotated the same, footprint1: SW59 at 10.0 degree(s) and footprint2: SW65 at -75.0 degree(s)
13:39:48: [INFO] Routing pad 'SW53:1' at (310589725, 100684342) with pad 'SW59:1' at (323278017, 117790931) using coordinate system rotated by 350.0 degree(s)
13:39:48: [INFO] Adding track segment (F.Cu): [(310589725, 100684342), (312243722, 110064634)]
13:39:48: [INFO] Adding track segment (F.Cu): [(312243722, 110064634), (323278017, 117790931)]
13:39:48: [INFO] Routing ROW2 pads
13:39:48: [INFO] Routing pad 'D13:1' at (100806250, 100650000) with pad 'D14:1' at (127000000, 100650000) using coordinate system rotated by 0 degree(s)
13:39:48: [INFO] Adding track segment (B.Cu): [(100806250, 100650000), (127000000, 100650000)]
13:39:48: [WARNING] Could not route pads when parent footprints not rotated the same, footprint1: D14 at 90.0 degree(s) and footprint2: D15 at 80.0 degree(s)
13:39:48: [INFO] Routing pad 'D15:1' at (148979678, 102767645) with pad 'D16:1' at (167740266, 106075643) using coordinate system rotated by 280.0 degree(s)
13:39:48: [INFO] Adding track segment (B.Cu): [(148979678, 102767645), (167740264, 106075641)]
13:39:48: [INFO] Adding track segment (B.Cu): [(167740264, 106075641), (167740266, 106075643)]
13:39:48: [INFO] Routing pad 'D16:1' at (167740266, 106075643) with pad 'D17:1' at (186500854, 109383641) using coordinate system rotated by 280.0 degree(s)
13:39:48: [INFO] Adding track segment (B.Cu): [(167740266, 106075643), (186500853, 109383640)]
13:39:48: [INFO] Adding track segment (B.Cu): [(186500853, 109383640), (186500854, 109383641)]
13:39:48: [INFO] Routing pad 'D17:1' at (186500854, 109383641) with pad 'D18:1' at (205261441, 112691639) using coordinate system rotated by 280.0 degree(s)
13:39:48: [INFO] Adding track segment (B.Cu): [(186500854, 109383641), (205261440, 112691638)]
13:39:48: [INFO] Adding track segment (B.Cu): [(205261440, 112691638), (205261441, 112691639)]
13:39:48: [INFO] Routing ROW5 pads
13:39:48: [INFO] Routing pad 'D35:1' at (222639880, 96412049) with pad 'D36:1' at (216567584, 75997463) using coordinate system rotated by 280.0 degree(s)
13:39:48: [INFO] Routing pad 'D34:1' at (224022029, 115999637) with pad 'D35:1' at (222639880, 96412049) using coordinate system rotated by 280.0 degree(s)
13:39:48: [INFO] Routing pad 'D32:1' at (211333737, 133106225) with pad 'D34:1' at (224022029, 115999637) using coordinate system rotated by 280.0 degree(s)
13:39:48: [INFO] Adding track segment (B.Cu): [(211333737, 133106225), (222368029, 125379929)]
13:39:48: [INFO] Adding track segment (B.Cu): [(222368029, 125379929), (224022029, 115999637)]
13:39:48: [INFO] Routing pad 'D33:1' at (232346500, 139702500) with pad 'D31:1' at (226060000, 158752500) using coordinate system rotated by 0 degree(s)
13:39:48: [INFO] Adding track segment (B.Cu): [(232346500, 139702500), (232346500, 152466000)]
13:39:48: [INFO] Adding track segment (B.Cu): [(232346500, 152466000), (226060000, 158752500)]
13:39:48: [WARNING] Could not route pads when parent footprints not rotated the same, footprint1: D32 at 80.0 degree(s) and footprint2: D33 at 90.0 degree(s)
13:39:48: [INFO] Routing ROW10 pads
13:39:48: [INFO] Routing pad 'D66:1' at (298139508, 157176693) with pad 'D65:1' at (316540395, 152246190) using coordinate system rotated by 345.0 degree(s)
13:39:48: [WARNING] Could not route pads when parent footprints not rotated the same, footprint1: D65 at 15.0 degree(s) and footprint2: D64 at 100.0 degree(s)
13:39:48: [WARNING] Could not route pads when parent footprints not rotated the same, footprint1: D64 at 100.0 degree(s) and footprint2: D63 at 90.0 degree(s)
13:39:48: [INFO] Routing pad 'D63:1' at (372364000, 138750000) with pad 'D62:1' at (391414000, 138750000) using coordinate system rotated by 0 degree(s)
13:39:48: [INFO] Adding track segment (B.Cu): [(372364000, 138750000), (391414000, 138750000)]
13:39:49: [INFO] Routing pad 'D62:1' at (391414000, 138750000) with pad 'D61:1' at (410464000, 138750000) using coordinate system rotated by 0 degree(s)
13:39:49: [INFO] Adding track segment (B.Cu): [(391414000, 138750000), (410464000, 138750000)]
13:39:49: [INFO] Routing COL1 pads
13:39:49: [INFO] Routing pad 'SW14:1' at (118110000, 92710000) with pad 'SW20:1' at (105727500, 111760000) using coordinate system rotated by 0 degree(s)
13:39:49: [INFO] Routing pad 'SW20:1' at (105727500, 111760000) with pad 'SW26:1' at (105727500, 130810000) using coordinate system rotated by 0 degree(s)
13:39:49: [INFO] Adding track segment (F.Cu): [(105727500, 111760000), (105727500, 130810000)]
13:39:49: [INFO] Routing pad 'SW2a:1' at (100965000, 54610000) with pad 'SW2:1' at (110490000, 54610000) using coordinate system rotated by 0 degree(s)
13:39:49: [INFO] Adding track segment (F.Cu): [(100965000, 54610000), (110490000, 54610000)]
13:39:49: [INFO] Routing pad 'SW2:1' at (110490000, 54610000) with pad 'SW8:1' at (115252500, 73660000) using coordinate system rotated by 0 degree(s)
13:39:49: [INFO] Routing pad 'SW8:1' at (115252500, 73660000) with pad 'SW14:1' at (118110000, 92710000) using coordinate system rotated by 0 degree(s)
13:39:49: [INFO] Adding track segment (F.Cu): [(115252500, 73660000), (115252500, 89852500)]
13:39:49: [INFO] Adding track segment (F.Cu): [(115252500, 89852500), (118110000, 92710000)]
13:39:49: [WARNING] Could not route pads when parent footprints not rotated the same, footprint1: SW14 at 0.0 degree(s) and footprint2: SW32 at -10.0 degree(s)
13:39:49: [WARNING] Could not route pads when parent footprints not rotated the same, footprint1: SW32 at -10.0 degree(s) and footprint2: SW68 at 10.0 degree(s)
13:39:49: [WARNING] Could not route pads when parent footprints not rotated the same, footprint1: SW68 at 10.0 degree(s) and footprint2: SW50 at 0.0 degree(s)
13:39:49: [INFO] Routing pad 'SW50:1' at (370141500, 92710000) with pad 'SW44:1' at (372999000, 73660000) using coordinate system rotated by 0 degree(s)
13:39:49: [INFO] Adding track segment (F.Cu): [(370141500, 92710000), (372999000, 89852500)]
13:39:49: [INFO] Adding track segment (F.Cu): [(372999000, 89852500), (372999000, 73660000)]
13:39:49: [INFO] Routing pad 'SW44:1' at (372999000, 73660000) with pad 'SW38a:1' at (377761500, 54610000) using coordinate system rotated by 0 degree(s)
13:39:49: [INFO] Routing pad 'SW50:1' at (370141500, 92710000) with pad 'SW56:1' at (382524000, 111760000) using coordinate system rotated by 0 degree(s)
13:39:49: [INFO] Adding track segment (F.Cu): [(370141500, 92710000), (370141500, 99377500)]
13:39:49: [INFO] Adding track segment (F.Cu): [(370141500, 99377500), (382524000, 111760000)]
13:39:49: [INFO] Routing pad 'SW56:1' at (382524000, 111760000) with pad 'SW62:1' at (382524000, 130810000) using coordinate system rotated by 0 degree(s)
13:39:49: [INFO] Adding track segment (F.Cu): [(382524000, 111760000), (382524000, 130810000)]
13:39:49: [INFO] Routing pad 'SW38a:1' at (377761500, 54610000) with pad 'SW38:1' at (387286500, 54610000) using coordinate system rotated by 0 degree(s)
13:39:49: [INFO] Adding track segment (F.Cu): [(377761500, 54610000), (387286500, 54610000)]
13:39:49: [INFO] Routing ROW4 pads
13:39:49: [INFO] Routing pad 'D25:1' at (95567500, 138750000) with pad 'D26:1' at (114617500, 138750000) using coordinate system rotated by 0 degree(s)
13:39:49: [INFO] Adding track segment (B.Cu): [(95567500, 138750000), (114617500, 138750000)]
13:39:49: [INFO] Routing pad 'D26:1' at (114617500, 138750000) with pad 'D27:1' at (133667500, 138750000) using coordinate system rotated by 0 degree(s)
13:39:49: [INFO] Adding track segment (B.Cu): [(114617500, 138750000), (133667500, 138750000)]
13:39:49: [WARNING] Could not route pads when parent footprints not rotated the same, footprint1: D27 at 90.0 degree(s) and footprint2: D28 at 80.0 degree(s)
13:39:49: [WARNING] Could not route pads when parent footprints not rotated the same, footprint1: D28 at 80.0 degree(s) and footprint2: D29 at 165.0 degree(s)
13:39:49: [INFO] Routing pad 'D29:1' at (182312823, 143166489) with pad 'D30:1' at (200713710, 148096991) using coordinate system rotated by 195.0 degree(s)
13:39:49: [INFO] Routing COL0 pads
13:39:49: [INFO] Routing pad 'SW19a:1' at (84296250, 111760000) with pad 'SW25:1' at (86677500, 130810000) using coordinate system rotated by 0 degree(s)
13:39:49: [INFO] Routing pad 'SW7:1' at (91440000, 73660000) with pad 'SW1:1' at (91440000, 54610000) using coordinate system rotated by 0 degree(s)
13:39:49: [INFO] Adding track segment (F.Cu): [(91440000, 73660000), (91440000, 54610000)]
13:39:49: [INFO] Could not add track segment due to detected collision
13:39:49: [INFO] Routing pad 'SW13:1' at (91916250, 92710000) with pad 'SW7:1' at (91440000, 73660000) using coordinate system rotated by 0 degree(s)
13:39:49: [INFO] Adding track segment (F.Cu): [(91916250, 92710000), (91916250, 74136250)]
13:39:49: [INFO] Adding track segment (F.Cu): [(91916250, 74136250), (91440000, 73660000)]
13:39:49: [INFO] Routing pad 'SW19:1' at (93821250, 111760000) with pad 'SW13:1' at (91916250, 92710000) using coordinate system rotated by 0 degree(s)
13:39:49: [INFO] Routing pad 'SW19a:1' at (84296250, 111760000) with pad 'SW19:1' at (93821250, 111760000) using coordinate system rotated by 0 degree(s)
13:39:49: [INFO] Adding track segment (F.Cu): [(84296250, 111760000), (93821250, 111760000)]
13:39:49: [INFO] Routing pad 'SW19:1' at (93821250, 111760000) with pad 'SW31:1' at (217170000, 150812500) using coordinate system rotated by 0 degree(s)
13:39:49: [INFO] Routing pad 'SW31:1' at (217170000, 150812500) with pad 'SW67:1' at (272605500, 150812500) using coordinate system rotated by 0 degree(s)
13:39:49: [INFO] Adding track segment (F.Cu): [(217170000, 150812500), (272605500, 150812500)]
13:39:49: [INFO] Routing pad 'SW67:1' at (272605500, 150812500) with pad 'SW55a:1' at (394430250, 111760000) using coordinate system rotated by 0 degree(s)
13:39:49: [INFO] Routing pad 'SW55a:1' at (394430250, 111760000) with pad 'SW49:1' at (396335250, 92710000) using coordinate system rotated by 0 degree(s)
13:39:49: [INFO] Adding track segment (F.Cu): [(394430250, 111760000), (396335250, 109855000)]
13:39:49: [INFO] Adding track segment (F.Cu): [(396335250, 109855000), (396335250, 92710000)]
13:39:49: [INFO] Routing pad 'SW43:1' at (396811500, 73660000) with pad 'SW37:1' at (396811500, 54610000) using coordinate system rotated by 0 degree(s)
13:39:49: [INFO] Adding track segment (F.Cu): [(396811500, 73660000), (396811500, 54610000)]
13:39:49: [INFO] Could not add track segment due to detected collision
13:39:49: [INFO] Routing pad 'SW49:1' at (396335250, 92710000) with pad 'SW43:1' at (396811500, 73660000) using coordinate system rotated by 0 degree(s)
13:39:49: [INFO] Adding track segment (F.Cu): [(396335250, 92710000), (396811500, 92233750)]
13:39:49: [INFO] Adding track segment (F.Cu): [(396811500, 92233750), (396811500, 73660000)]
13:39:49: [INFO] Routing pad 'SW55:1' at (403955250, 111760000) with pad 'SW61:1' at (401574000, 130810000) using coordinate system rotated by 0 degree(s)
13:39:49: [INFO] Routing pad 'SW55a:1' at (394430250, 111760000) with pad 'SW55:1' at (403955250, 111760000) using coordinate system rotated by 0 degree(s)
13:39:49: [INFO] Adding track segment (F.Cu): [(394430250, 111760000), (403955250, 111760000)]
13:39:49: [INFO] Routing ROW7 pads
13:39:49: [INFO] Routing pad 'D48:1' at (303344994, 90680394) with pad 'D47:1' at (322105582, 87372396) using coordinate system rotated by 260.0 degree(s)
13:39:49: [INFO] Adding track segment (B.Cu): [(303344994, 90680394), (322105581, 87372395)]
13:39:49: [INFO] Adding track segment (B.Cu): [(322105581, 87372395), (322105582, 87372396)]
13:39:49: [INFO] Routing pad 'D47:1' at (322105582, 87372396) with pad 'D46:1' at (340866169, 84064398) using coordinate system rotated by 260.0 degree(s)
13:39:49: [INFO] Adding track segment (B.Cu): [(322105582, 87372396), (340866167, 84064398)]
13:39:49: [INFO] Adding track segment (B.Cu): [(340866167, 84064398), (340866169, 84064398)]
13:39:49: [INFO] Routing pad 'D46:1' at (340866169, 84064398) with pad 'D45:1' at (359626757, 80756400) using coordinate system rotated by 260.0 degree(s)
13:39:49: [INFO] Adding track segment (B.Cu): [(340866169, 84064398), (359626756, 80756399)]
13:39:49: [INFO] Adding track segment (B.Cu): [(359626756, 80756399), (359626757, 80756400)]
13:39:49: [WARNING] Could not route pads when parent footprints not rotated the same, footprint1: D45 at 100.0 degree(s) and footprint2: D44 at 90.0 degree(s)
13:39:49: [INFO] Routing pad 'D44:1' at (381889000, 81600000) with pad 'D43:1' at (405701500, 81600000) using coordinate system rotated by 0 degree(s)
13:39:49: [INFO] Adding track segment (B.Cu): [(381889000, 81600000), (405701500, 81600000)]
13:39:49: [INFO] Routing ROW8 pads
13:39:49: [INFO] Routing pad 'D54:1' at (301962845, 110267981) with pad 'D53:1' at (320723432, 106959983) using coordinate system rotated by 260.0 degree(s)
13:39:49: [INFO] Adding track segment (B.Cu): [(301962845, 110267981), (320723431, 106959983)]
13:39:49: [INFO] Adding track segment (B.Cu): [(320723431, 106959983), (320723432, 106959983)]
13:39:49: [INFO] Routing pad 'D53:1' at (320723432, 106959983) with pad 'D52:1' at (339484020, 103651985) using coordinate system rotated by 260.0 degree(s)
13:39:49: [INFO] Adding track segment (B.Cu): [(320723432, 106959983), (339484018, 103651985)]
13:39:49: [INFO] Adding track segment (B.Cu): [(339484018, 103651985), (339484020, 103651985)]
13:39:49: [INFO] Routing pad 'D52:1' at (339484020, 103651985) with pad 'D51:1' at (358244608, 100343988) using coordinate system rotated by 260.0 degree(s)
13:39:49: [INFO] Adding track segment (B.Cu): [(339484020, 103651985), (358244605, 100343986)]
13:39:49: [INFO] Adding track segment (B.Cu): [(358244605, 100343986), (358244608, 100343988)]
13:39:49: [WARNING] Could not route pads when parent footprints not rotated the same, footprint1: D51 at 100.0 degree(s) and footprint2: D50 at 90.0 degree(s)
13:39:49: [INFO] Routing pad 'D50:1' at (379031500, 100650000) with pad 'D49:1' at (405225250, 100650000) using coordinate system rotated by 0 degree(s)
13:39:49: [INFO] Adding track segment (B.Cu): [(379031500, 100650000), (405225250, 100650000)]
13:39:49: [INFO] Removing dangling tracks
