=== kbplacer.kle_serial ===
=== layout2image.py ===
=== kbplacer ===
13:31:06: [INFO] User layout: https://editor.keyboard-tools.xyz/#share=NrDeCIA9wLgAgAwDoCsAaO4CetFIJwbgDGu4AxAOzU3gC+RCaC4AumgFBhS4DMSldJhzwAtMnxCSZcsTnz6RAIxol4DBGjwAHEgAsDTEwBsbTty1wlAqSLjiCKQ+BUtGq9XE24lyA8rRTDWl4CgBDCMjPcAB3XAAmZz1AgB0AO3T0pjcvHnhkXiciZONMjLSmNSJtVTKsj3Yub3ykeNtcBxVMUlDZeTlFTHjmMya8q14iOwdJZ0mUUYsfVCmOiSkezHJIqKI4+GsizEmciE2KfoHnYarcy18kBGvA6Mmg3P2rVGd0U0buabIJRJEb-ZpfNqrMQSIjnbY7MLRT7WQQ-EbBOGXUgg27g-D6NELIjGF4YmQ0Wh7BKtI7gSgvMHjLohLYIxFU+DxGnOEmnFkXS6DOnou64XTaWkkomYenSs4yNlI5ao6qkzCEP7mcHM5HfVV8+7WCUcr60mp6aKEC3Be6PZyEBaMgBOdmQkMw92MSGNwlwehszhqjq14CdPmGmBduCYHtwKCQzMxgucTHi0RUafcvHTaGzjMs-uMcw8RGGmeOaHL4GGeZDBe9tPQt3AySr6CryVrY0s8d4PJLMoH4BJVfpafzuC9KCkn0SqvL4OQCA2CoRSoO3KIhHHdbjUPsyG0hEwutphDUzo6Sgj410enaYkOiZkWKFTGtmBUH-ATGlLjQwbdmKjy0pM2almg36TN+wyAUsOitGi4GYMk37oN+yRweClABsSubRPSyHDpBBEkRO8A4YIJpciqmA1F28FWMg077jMsKrjs66mva+GsKwQA
13:31:06: [INFO] Labels prefixes: for rows: 'ROW', for columns: 'COL'
13:31:06: [INFO] Matrix size: 9x6
13:31:06: [WARNING] No stabilizer footprint for width 2.25u, using 2u as fallback
13:31:06: [WARNING] No stabilizer footprint for width 2.25u, using 2u as fallback
13:31:06: [WARNING] No stabilizer footprint for width 2.75u, using 2u as fallback
13:31:06: [INFO] Add COL0 net
13:31:06: [INFO] Add COL1 net
13:31:06: [INFO] Add COL2 net
13:31:06: [INFO] Add COL3 net
13:31:06: [INFO] Add COL4 net
13:31:06: [INFO] Add COL5 net
13:31:06: [INFO] Add COL6 net
13:31:06: [INFO] Add Net-(D1-A) net
13:31:06: [INFO] Add Net-(D10-A) net
13:31:06: [INFO] Add Net-(D11-A) net
13:31:06: [INFO] Add Net-(D12-A) net
13:31:06: [INFO] Add Net-(D13-A) net
13:31:06: [INFO] Add Net-(D14-A) net
13:31:06: [INFO] Add Net-(D15-A) net
13:31:06: [INFO] Add Net-(D16-A) net
13:31:06: [INFO] Add Net-(D17-A) net
13:31:06: [INFO] Add Net-(D18-A) net
13:31:06: [INFO] Add Net-(D19-A) net
13:31:06: [INFO] Add Net-(D2-A) net
13:31:06: [INFO] Add Net-(D20-A) net
13:31:06: [INFO] Add Net-(D21-A) net
13:31:06: [INFO] Add Net-(D22-A) net
13:31:06: [INFO] Add Net-(D23-A) net
13:31:06: [INFO] Add Net-(D24-A) net
13:31:06: [INFO] Add Net-(D25-A) net
13:31:06: [INFO] Add Net-(D26-A) net
13:31:06: [INFO] Add Net-(D27-A) net
13:31:06: [INFO] Add Net-(D28-A) net
13:31:06: [INFO] Add Net-(D29-A) net
13:31:06: [INFO] Add Net-(D3-A) net
13:31:06: [INFO] Add Net-(D30-A) net
13:31:06: [INFO] Add Net-(D31-A) net
13:31:06: [INFO] Add Net-(D32-A) net
13:31:06: [INFO] Add Net-(D33-A) net
13:31:06: [INFO] Add Net-(D34-A) net
13:31:06: [INFO] Add Net-(D35-A) net
13:31:06: [INFO] Add Net-(D36-A) net
13:31:06: [INFO] Add Net-(D37-A) net
13:31:06: [INFO] Add Net-(D38-A) net
13:31:06: [INFO] Add Net-(D39-A) net
13:31:06: [INFO] Add Net-(D4-A) net
13:31:06: [INFO] Add Net-(D40-A) net
13:31:06: [INFO] Add Net-(D41-A) net
13:31:06: [INFO] Add Net-(D42-A) net
13:31:06: [INFO] Add Net-(D43-A) net
13:31:06: [INFO] Add Net-(D44-A) net
13:31:06: [INFO] Add Net-(D45-A) net
13:31:06: [INFO] Add Net-(D46-A) net
13:31:06: [INFO] Add Net-(D47-A) net
13:31:06: [INFO] Add Net-(D48-A) net
13:31:06: [INFO] Add Net-(D49-A) net
13:31:06: [INFO] Add Net-(D5-A) net
13:31:06: [INFO] Add Net-(D50-A) net
13:31:06: [INFO] Add Net-(D51-A) net
13:31:06: [INFO] Add Net-(D52-A) net
13:31:06: [INFO] Add Net-(D53-A) net
13:31:06: [INFO] Add Net-(D54-A) net
13:31:06: [INFO] Add Net-(D55-A) net
13:31:06: [INFO] Add Net-(D56-A) net
13:31:06: [INFO] Add Net-(D57-A) net
13:31:06: [INFO] Add Net-(D58-A) net
13:31:06: [INFO] Add Net-(D59-A) net
13:31:06: [INFO] Add Net-(D6-A) net
13:31:06: [INFO] Add Net-(D60-A) net
13:31:06: [INFO] Add Net-(D61-A) net
13:31:06: [INFO] Add Net-(D62-A) net
13:31:06: [INFO] Add Net-(D63-A) net
13:31:06: [INFO] Add Net-(D64-A) net
13:31:06: [INFO] Add Net-(D65-A) net
13:31:06: [INFO] Add Net-(D66-A) net
13:31:06: [INFO] Add Net-(D67-A) net
13:31:06: [INFO] Add Net-(D68-A) net
13:31:06: [INFO] Add Net-(D69-A) net
13:31:06: [INFO] Add Net-(D7-A) net
13:31:06: [INFO] Add Net-(D8-A) net
13:31:06: [INFO] Add Net-(D9-A) net
13:31:06: [INFO] Add ROW0 net
13:31:06: [INFO] Add ROW1 net
13:31:06: [INFO] Add ROW2 net
13:31:06: [INFO] Add ROW3 net
13:31:06: [INFO] Add ROW4 net
13:31:06: [INFO] Add ROW5 net
13:31:06: [INFO] Add ROW6 net
13:31:06: [INFO] Add ROW7 net
13:31:06: [INFO] Add ROW8 net
13:31:06: [INFO] Add ROW9 net
13:31:06: [INFO] Add SW1 footprint
13:31:06: [INFO] Add D1 footprint
13:31:06: [INFO] Add SW2 footprint
13:31:06: [INFO] Add D2 footprint
13:31:06: [INFO] Add SW3 footprint
13:31:06: [INFO] Add D3 footprint
13:31:06: [INFO] Add SW4 footprint
13:31:06: [INFO] Add D4 footprint
13:31:06: [INFO] Add SW5 footprint
13:31:06: [INFO] Add D5 footprint
13:31:07: [INFO] Add SW6 footprint
13:31:07: [INFO] Add D6 footprint
13:31:07: [INFO] Add SW7 footprint
13:31:07: [INFO] Add D7 footprint
13:31:07: [INFO] Add SW8 footprint
13:31:07: [INFO] Add D8 footprint
13:31:07: [INFO] Add SW9 footprint
13:31:07: [INFO] Add D9 footprint
13:31:07: [INFO] Add SW10 footprint
13:31:07: [INFO] Add D10 footprint
13:31:07: [INFO] Add SW11 footprint
13:31:07: [INFO] Add D11 footprint
13:31:07: [INFO] Add SW12 footprint
13:31:07: [INFO] Add D12 footprint
13:31:07: [INFO] Add SW13 footprint
13:31:07: [INFO] Add D13 footprint
13:31:07: [INFO] Add SW14 footprint
13:31:07: [INFO] Add D14 footprint
13:31:07: [INFO] Add SW15 footprint
13:31:07: [INFO] Add D15 footprint
13:31:07: [INFO] Add SW16 footprint
13:31:07: [INFO] Add D16 footprint
13:31:07: [INFO] Add SW17 footprint
13:31:07: [INFO] Add D17 footprint
13:31:07: [INFO] Add SW18 footprint
13:31:07: [INFO] Add D18 footprint
13:31:07: [INFO] Add SW19 footprint
13:31:07: [INFO] Add D19 footprint
13:31:07: [INFO] Add SW20 footprint
13:31:07: [INFO] Add D20 footprint
13:31:07: [INFO] Add SW21 footprint
13:31:07: [INFO] Add D21 footprint
13:31:07: [INFO] Add SW22 footprint
13:31:07: [INFO] Add D22 footprint
13:31:07: [INFO] Add SW23 footprint
13:31:07: [INFO] Add D23 footprint
13:31:07: [INFO] Add SW24 footprint
13:31:07: [INFO] Add D24 footprint
13:31:08: [INFO] Add SW25 footprint
13:31:08: [INFO] Add D25 footprint
13:31:08: [INFO] Add SW26 footprint
13:31:08: [INFO] Add D26 footprint
13:31:08: [INFO] Add SW27 footprint
13:31:08: [INFO] Add D27 footprint
13:31:08: [INFO] Add SW28 footprint
13:31:08: [INFO] Add D28 footprint
13:31:08: [INFO] Add SW29 footprint
13:31:08: [INFO] Add D29 footprint
13:31:08: [INFO] Add SW30 footprint
13:31:08: [INFO] Add D30 footprint
13:31:08: [INFO] Add SW31 footprint
13:31:08: [INFO] Add D31 footprint
13:31:08: [INFO] Add SW32 footprint
13:31:08: [INFO] Add D32 footprint
13:31:08: [INFO] Add SW33 footprint
13:31:08: [INFO] Add D33 footprint
13:31:08: [INFO] Add SW34 footprint
13:31:08: [INFO] Add D34 footprint
13:31:08: [INFO] Add SW35 footprint
13:31:08: [INFO] Add D35 footprint
13:31:08: [INFO] Add ST35 footprint
13:31:08: [INFO] Add SW35a footprint
13:31:08: [INFO] Add SW36 footprint
13:31:08: [INFO] Add D36 footprint
13:31:08: [INFO] Add SW37 footprint
13:31:08: [INFO] Add D37 footprint
13:31:08: [INFO] Add SW38 footprint
13:31:08: [INFO] Add D38 footprint
13:31:08: [INFO] Add SW39 footprint
13:31:08: [INFO] Add D39 footprint
13:31:08: [INFO] Add SW40 footprint
13:31:08: [INFO] Add D40 footprint
13:31:08: [INFO] Add SW41 footprint
13:31:08: [INFO] Add D41 footprint
13:31:08: [INFO] Add SW42 footprint
13:31:08: [INFO] Add D42 footprint
13:31:09: [INFO] Add SW43 footprint
13:31:09: [INFO] Add D43 footprint
13:31:09: [WARNING] No stabilizer footprint for width 2.25u, using 2u as fallback
13:31:09: [INFO] Add ST43 footprint
13:31:09: [INFO] Add SW44 footprint
13:31:09: [INFO] Add D44 footprint
13:31:09: [INFO] Add SW45 footprint
13:31:09: [INFO] Add D45 footprint
13:31:09: [INFO] Add SW46 footprint
13:31:09: [INFO] Add D46 footprint
13:31:09: [INFO] Add SW47 footprint
13:31:09: [INFO] Add D47 footprint
13:31:09: [INFO] Add SW48 footprint
13:31:09: [INFO] Add D48 footprint
13:31:09: [INFO] Add SW49 footprint
13:31:09: [INFO] Add D49 footprint
13:31:09: [INFO] Add SW50 footprint
13:31:09: [INFO] Add D50 footprint
13:31:09: [INFO] Add SW51 footprint
13:31:09: [INFO] Add D51 footprint
13:31:09: [INFO] Add SW52 footprint
13:31:09: [INFO] Add D52 footprint
13:31:09: [INFO] Add SW53 footprint
13:31:09: [INFO] Add D53 footprint
13:31:09: [INFO] Add SW54 footprint
13:31:09: [INFO] Add D54 footprint
13:31:09: [INFO] Add SW55 footprint
13:31:09: [INFO] Add D55 footprint
13:31:09: [INFO] Add SW56 footprint
13:31:09: [INFO] Add D56 footprint
13:31:09: [WARNING] No stabilizer footprint for width 2.25u, using 2u as fallback
13:31:09: [INFO] Add ST56 footprint
13:31:09: [INFO] Add SW57 footprint
13:31:09: [INFO] Add D57 footprint
13:31:09: [INFO] Add SW58 footprint
13:31:09: [INFO] Add D58 footprint
13:31:09: [INFO] Add SW59 footprint
13:31:09: [INFO] Add D59 footprint
13:31:09: [INFO] Add ST59 footprint
13:31:09: [INFO] Add SW60 footprint
13:31:10: [INFO] Add D60 footprint
13:31:10: [WARNING] No stabilizer footprint for width 2.75u, using 2u as fallback
13:31:10: [INFO] Add ST60 footprint
13:31:10: [INFO] Add SW61 footprint
13:31:10: [INFO] Add D61 footprint
13:31:10: [INFO] Add SW62 footprint
13:31:10: [INFO] Add D62 footprint
13:31:10: [INFO] Add SW63 footprint
13:31:10: [INFO] Add D63 footprint
13:31:10: [INFO] Add SW64 footprint
13:31:10: [INFO] Add D64 footprint
13:31:10: [INFO] Add SW65 footprint
13:31:10: [INFO] Add D65 footprint
13:31:10: [INFO] Add SW66 footprint
13:31:10: [INFO] Add D66 footprint
13:31:10: [INFO] Add SW67 footprint
13:31:10: [INFO] Add D67 footprint
13:31:10: [INFO] Add SW68 footprint
13:31:10: [INFO] Add D68 footprint
13:31:10: [INFO] Add SW69 footprint
13:31:10: [INFO] Add D69 footprint
13:31:10: [INFO] Detected layout convertible to matrix annotated keyboard
13:31:10: [INFO] Using key 1U distance: (19.05, 19.05) mm
13:31:10: [INFO] Layout offset: (38100000, 30480000)
13:31:10: [INFO] Diode info: [ElementInfo(annotation_format='D{}', position_option=<PositionOption.CUSTOM: 'Custom'>, position=ElementPosition(x=5.08, y=4.0, orientation=90.0, side=<Side.BACK: 'Back'>), template_path='', start_index=-1)]
13:31:10: [INFO] Placing additional elements for SW69
13:31:10: [INFO] Placing additional elements for SW68
13:31:10: [INFO] Placing additional elements for SW67
13:31:10: [INFO] Placing additional elements for SW66
13:31:10: [INFO] Placing additional elements for SW65
13:31:10: [INFO] Placing additional elements for SW64
13:31:10: [INFO] Placing additional elements for SW63
13:31:10: [INFO] Placing additional elements for SW62
13:31:10: [INFO] Placing additional elements for SW61
13:31:10: [INFO] Placing additional elements for SW60
13:31:10: [INFO] Placing additional elements for SW59
13:31:10: [INFO] Placing additional elements for SW58
13:31:10: [INFO] Placing additional elements for SW57
13:31:10: [INFO] Placing additional elements for SW56
13:31:10: [INFO] Placing additional elements for SW55
13:31:10: [INFO] Placing additional elements for SW54
13:31:10: [INFO] Placing additional elements for SW53
13:31:10: [INFO] Placing additional elements for SW52
13:31:10: [INFO] Placing additional elements for SW51
13:31:10: [INFO] Placing additional elements for SW50
13:31:10: [INFO] Placing additional elements for SW49
13:31:10: [INFO] Placing additional elements for SW48
13:31:10: [INFO] Placing additional elements for SW47
13:31:10: [INFO] Placing additional elements for SW46
13:31:10: [INFO] Placing additional elements for SW45
13:31:10: [INFO] Placing additional elements for SW44
13:31:10: [INFO] Placing additional elements for SW43
13:31:10: [INFO] Placing additional elements for SW42
13:31:10: [INFO] Placing additional elements for SW41
13:31:10: [INFO] Placing additional elements for SW40
13:31:10: [INFO] Placing additional elements for SW39
13:31:10: [INFO] Placing additional elements for SW38
13:31:10: [INFO] Placing additional elements for SW37
13:31:10: [INFO] Placing additional elements for SW36
13:31:10: [INFO] Placing additional elements for SW35a
13:31:10: [INFO] Placing additional elements for SW35
13:31:10: [INFO] Placing additional elements for SW34
13:31:10: [INFO] Placing additional elements for SW33
13:31:10: [INFO] Placing additional elements for SW32
13:31:10: [INFO] Placing additional elements for SW31
13:31:10: [INFO] Placing additional elements for SW30
13:31:10: [INFO] Placing additional elements for SW29
13:31:10: [INFO] Placing additional elements for SW28
13:31:10: [INFO] Placing additional elements for SW27
13:31:10: [INFO] Placing additional elements for SW26
13:31:10: [INFO] Placing additional elements for SW25
13:31:10: [INFO] Placing additional elements for SW24
13:31:10: [INFO] Placing additional elements for SW23
13:31:10: [INFO] Placing additional elements for SW22
13:31:10: [INFO] Placing additional elements for SW21
13:31:10: [INFO] Placing additional elements for SW20
13:31:10: [INFO] Placing additional elements for SW19
13:31:10: [INFO] Placing additional elements for SW18
13:31:10: [INFO] Placing additional elements for SW17
13:31:10: [INFO] Placing additional elements for SW16
13:31:10: [INFO] Placing additional elements for SW15
13:31:10: [INFO] Placing additional elements for SW14
13:31:10: [INFO] Placing additional elements for SW13
13:31:10: [INFO] Placing additional elements for SW12
13:31:10: [INFO] Placing additional elements for SW11
13:31:10: [INFO] Placing additional elements for SW10
13:31:10: [INFO] Placing additional elements for SW9
13:31:10: [INFO] Placing additional elements for SW8
13:31:10: [INFO] Placing additional elements for SW7
13:31:10: [INFO] Placing additional elements for SW6
13:31:10: [INFO] Placing additional elements for SW5
13:31:10: [INFO] Placing additional elements for SW4
13:31:10: [INFO] Placing additional elements for SW3
13:31:10: [INFO] Placing additional elements for SW2
13:31:10: [INFO] Placing additional elements for SW1
13:31:10: [INFO] Routing SW69 with D69
13:31:10: [INFO] Using internal autorouter method
13:31:10: [INFO] Routing pad 'SW69:2' at (371157500, 111125000) with pad 'D69:2' at (373697500, 118805000) using coordinate system rotated by 0 degree(s)
13:31:10: [INFO] Adding track segment (B.Cu): [(371157500, 111125000), (371157500, 116265000)]
13:31:10: [INFO] Adding track segment (B.Cu): [(371157500, 116265000), (373697500, 118805000)]
13:31:10: [INFO] Routing SW68 with D68
13:31:10: [INFO] Using internal autorouter method
13:31:10: [INFO] Routing pad 'SW68:2' at (390207500, 130175000) with pad 'D68:2' at (392747500, 137855000) using coordinate system rotated by 0 degree(s)
13:31:10: [INFO] Adding track segment (B.Cu): [(390207500, 130175000), (390207500, 135315000)]
13:31:10: [INFO] Adding track segment (B.Cu): [(390207500, 135315000), (392747500, 137855000)]
13:31:10: [INFO] Routing SW67 with D67
13:31:10: [INFO] Using internal autorouter method
13:31:10: [INFO] Routing pad 'SW67:2' at (352107500, 130175000) with pad 'D67:2' at (354647500, 137855000) using coordinate system rotated by 0 degree(s)
13:31:10: [INFO] Adding track segment (B.Cu): [(352107500, 130175000), (352107500, 135315000)]
13:31:10: [INFO] Adding track segment (B.Cu): [(352107500, 135315000), (354647500, 137855000)]
13:31:10: [INFO] Routing SW66 with D66
13:31:10: [INFO] Using internal autorouter method
13:31:10: [INFO] Routing pad 'SW66:2' at (282567132, 133023241) with pad 'D66:2' at (286648388, 140007319) using coordinate system rotated by 348.0 degree(s)
13:31:10: [INFO] Adding track segment (B.Cu): [(282567132, 133023241), (283635798, 138050920)]
13:31:10: [INFO] Adding track segment (B.Cu): [(283635798, 138050920), (286648388, 140007319)]
13:31:10: [INFO] Routing SW65 with D65
13:31:10: [INFO] Using internal autorouter method
13:31:10: [INFO] Routing pad 'SW65:2' at (195713448, 146428430) with pad 'D65:2' at (196601181, 154468698) using coordinate system rotated by 12.0 degree(s)
13:31:10: [INFO] Adding track segment (B.Cu): [(195713448, 146428430), (194644781, 151456108)]
13:31:10: [INFO] Adding track segment (B.Cu): [(194644781, 151456108), (196601181, 154468698)]
13:31:10: [INFO] Routing SW64 with D64
13:31:10: [INFO] Using internal autorouter method
13:31:10: [INFO] Routing pad 'SW64:2' at (130525620, 134714644) with pad 'D64:2' at (131413353, 142754912) using coordinate system rotated by 12.0 degree(s)
13:31:10: [INFO] Adding track segment (B.Cu): [(130525620, 134714644), (129456953, 139742321)]
13:31:10: [INFO] Adding track segment (B.Cu): [(129456953, 139742321), (131413353, 142754912)]
13:31:10: [INFO] Routing SW63 with D63
13:31:10: [INFO] Using internal autorouter method
13:31:10: [INFO] Routing pad 'SW63:2' at (344963750, 111125000) with pad 'D63:2' at (347503750, 118805000) using coordinate system rotated by 0 degree(s)
13:31:10: [INFO] Adding track segment (B.Cu): [(344963750, 111125000), (344963750, 116265000)]
13:31:10: [INFO] Adding track segment (B.Cu): [(344963750, 116265000), (347503750, 118805000)]
13:31:10: [INFO] Routing SW62 with D62
13:31:10: [INFO] Using internal autorouter method
13:31:10: [INFO] Routing pad 'SW62:2' at (371157500, 130175000) with pad 'D62:2' at (373697500, 137855000) using coordinate system rotated by 0 degree(s)
13:31:10: [INFO] Adding track segment (B.Cu): [(371157500, 130175000), (371157500, 135315000)]
13:31:10: [INFO] Adding track segment (B.Cu): [(371157500, 135315000), (373697500, 137855000)]
13:31:10: [INFO] Routing SW61 with D61
13:31:10: [INFO] Using internal autorouter method
13:31:10: [INFO] Routing pad 'SW61:2' at (328295000, 130175000) with pad 'D61:2' at (330835000, 137855000) using coordinate system rotated by 0 degree(s)
13:31:10: [INFO] Adding track segment (B.Cu): [(328295000, 130175000), (328295000, 135315000)]
13:31:10: [INFO] Adding track segment (B.Cu): [(328295000, 135315000), (330835000, 137855000)]
13:31:10: [INFO] Routing SW60 with D60
13:31:10: [INFO] Using internal autorouter method
13:31:10: [INFO] Routing pad 'SW60:2' at (241642738, 139774430) with pad 'D60:2' at (245723994, 146758508) using coordinate system rotated by 348.0 degree(s)
13:31:10: [INFO] Adding track segment (B.Cu): [(241642738, 139774430), (242711403, 144802109)]
13:31:10: [INFO] Adding track segment (B.Cu): [(242711403, 144802109), (245723994, 146758508)]
13:31:10: [INFO] Routing SW59 with D59
13:31:10: [INFO] Using internal autorouter method
13:31:10: [INFO] Routing pad 'SW59:2' at (164501980, 139794228) with pad 'D59:2' at (165389713, 147834496) using coordinate system rotated by 12.0 degree(s)
13:31:10: [INFO] Adding track segment (B.Cu): [(164501980, 139794228), (163433313, 144821905)]
13:31:10: [INFO] Adding track segment (B.Cu): [(163433313, 144821905), (165389713, 147834496)]
13:31:10: [INFO] Routing SW58 with D58
13:31:10: [INFO] Using internal autorouter method
13:31:10: [INFO] Routing pad 'SW58:2' at (357822500, 53975000) with pad 'D58:2' at (360362500, 61655000) using coordinate system rotated by 0 degree(s)
13:31:10: [INFO] Adding track segment (B.Cu): [(357822500, 53975000), (357822500, 59115000)]
13:31:10: [INFO] Adding track segment (B.Cu): [(357822500, 59115000), (360362500, 61655000)]
13:31:10: [INFO] Routing SW57 with D57
13:31:10: [INFO] Using internal autorouter method
13:31:10: [INFO] Routing pad 'SW57:2' at (73977500, 130175000) with pad 'D57:2' at (76517500, 137855000) using coordinate system rotated by 0 degree(s)
13:31:10: [INFO] Adding track segment (B.Cu): [(73977500, 130175000), (73977500, 135315000)]
13:31:10: [INFO] Adding track segment (B.Cu): [(73977500, 135315000), (76517500, 137855000)]
13:31:10: [INFO] Routing SW56 with D56
13:31:10: [INFO] Using internal autorouter method
13:31:10: [INFO] Routing pad 'SW56:2' at (355441250, 92075000) with pad 'D56:2' at (357981250, 99755000) using coordinate system rotated by 0 degree(s)
13:31:10: [INFO] Adding track segment (B.Cu): [(355441250, 92075000), (355441250, 97215000)]
13:31:10: [INFO] Adding track segment (B.Cu): [(355441250, 97215000), (357981250, 99755000)]
13:31:10: [INFO] Routing SW55 with D55
13:31:10: [INFO] Using internal autorouter method
13:31:10: [INFO] Routing pad 'SW55:2' at (318770000, 111125000) with pad 'D55:2' at (321310000, 118805000) using coordinate system rotated by 0 degree(s)
13:31:10: [INFO] Adding track segment (B.Cu): [(318770000, 111125000), (318770000, 116265000)]
13:31:10: [INFO] Adding track segment (B.Cu): [(318770000, 116265000), (321310000, 118805000)]
13:31:10: [INFO] Routing SW54 with D54
13:31:10: [INFO] Using internal autorouter method
13:31:10: [INFO] Routing pad 'SW54:2' at (277278657, 112724193) with pad 'D54:2' at (281359913, 119708271) using coordinate system rotated by 348.0 degree(s)
13:31:10: [INFO] Adding track segment (B.Cu): [(277278657, 112724193), (278347322, 117751872)]
13:31:10: [INFO] Adding track segment (B.Cu): [(278347322, 117751872), (281359913, 119708271)]
13:31:10: [INFO] Routing SW53 with D53
13:31:10: [INFO] Using internal autorouter method
13:31:10: [INFO] Routing pad 'SW53:2' at (240011234, 120645629) with pad 'D53:2' at (244092490, 127629707) using coordinate system rotated by 348.0 degree(s)
13:31:10: [INFO] Adding track segment (B.Cu): [(240011234, 120645629), (241079898, 125673306)]
13:31:10: [INFO] Adding track segment (B.Cu): [(241079898, 125673306), (244092490, 127629707)]
13:31:10: [INFO] Routing SW52 with D52
13:31:10: [INFO] Using internal autorouter method
13:31:10: [INFO] Routing pad 'SW52:2' at (191754838, 126111413) with pad 'D52:2' at (192642571, 134151681) using coordinate system rotated by 12.0 degree(s)
13:31:10: [INFO] Adding track segment (B.Cu): [(191754838, 126111413), (190686171, 131139090)]
13:31:10: [INFO] Adding track segment (B.Cu): [(190686171, 131139090), (192642571, 134151681)]
13:31:10: [INFO] Routing SW51 with D51
13:31:10: [INFO] Using internal autorouter method
13:31:10: [INFO] Routing pad 'SW51:2' at (154487414, 118189978) with pad 'D51:2' at (155375147, 126230246) using coordinate system rotated by 12.0 degree(s)
13:31:10: [INFO] Adding track segment (B.Cu): [(154487414, 118189978), (153418747, 123217654)]
13:31:10: [INFO] Adding track segment (B.Cu): [(153418747, 123217654), (155375147, 126230246)]
13:31:10: [INFO] Routing SW50 with D50
13:31:10: [INFO] Using internal autorouter method
13:31:10: [INFO] Routing pad 'SW50:2' at (112077500, 111125000) with pad 'D50:2' at (114617500, 118805000) using coordinate system rotated by 0 degree(s)
13:31:10: [INFO] Adding track segment (B.Cu): [(112077500, 111125000), (112077500, 116265000)]
13:31:10: [INFO] Adding track segment (B.Cu): [(112077500, 116265000), (114617500, 118805000)]
13:31:10: [INFO] Routing SW49 with D49
13:31:10: [INFO] Using internal autorouter method
13:31:10: [INFO] Routing pad 'SW49:2' at (324485000, 92075000) with pad 'D49:2' at (327025000, 99755000) using coordinate system rotated by 0 degree(s)
13:31:10: [INFO] Adding track segment (B.Cu): [(324485000, 92075000), (324485000, 97215000)]
13:31:10: [INFO] Adding track segment (B.Cu): [(324485000, 97215000), (327025000, 99755000)]
13:31:10: [INFO] Routing SW48 with D48
13:31:10: [INFO] Using internal autorouter method
13:31:10: [INFO] Routing pad 'SW48:2' at (299720000, 111125000) with pad 'D48:2' at (302260000, 118805000) using coordinate system rotated by 0 degree(s)
13:31:10: [INFO] Adding track segment (B.Cu): [(299720000, 111125000), (299720000, 116265000)]
13:31:10: [INFO] Adding track segment (B.Cu): [(299720000, 116265000), (302260000, 118805000)]
13:31:10: [INFO] Routing SW47 with D47
13:31:10: [INFO] Using internal autorouter method
13:31:10: [INFO] Routing pad 'SW47:2' at (258644946, 116684911) with pad 'D47:2' at (262726202, 123668989) using coordinate system rotated by 348.0 degree(s)
13:31:10: [INFO] Adding track segment (B.Cu): [(258644946, 116684911), (259713611, 121712589)]
13:31:10: [INFO] Adding track segment (B.Cu): [(259713611, 121712589), (262726202, 123668989)]
13:31:10: [INFO] Routing SW46 with D46
13:31:10: [INFO] Using internal autorouter method
13:31:10: [INFO] Routing pad 'SW46:2' at (221377522, 124606347) with pad 'D46:2' at (225458778, 131590425) using coordinate system rotated by 348.0 degree(s)
13:31:10: [INFO] Adding track segment (B.Cu): [(221377522, 124606347), (222446187, 129634025)]
13:31:10: [INFO] Adding track segment (B.Cu): [(222446187, 129634025), (225458778, 131590425)]
13:31:10: [INFO] Routing SW45 with D45
13:31:10: [INFO] Using internal autorouter method
13:31:10: [INFO] Routing pad 'SW45:2' at (173121126, 122150695) with pad 'D45:2' at (174008859, 130190963) using coordinate system rotated by 12.0 degree(s)
13:31:10: [INFO] Adding track segment (B.Cu): [(173121126, 122150695), (172052459, 127178372)]
13:31:10: [INFO] Adding track segment (B.Cu): [(172052459, 127178372), (174008859, 130190963)]
13:31:10: [INFO] Routing SW44 with D44
13:31:10: [INFO] Using internal autorouter method
13:31:10: [INFO] Routing pad 'SW44:2' at (135853702, 114229260) with pad 'D44:2' at (136741435, 122269528) using coordinate system rotated by 12.0 degree(s)
13:31:10: [INFO] Adding track segment (B.Cu): [(135853702, 114229260), (134785035, 119256937)]
13:31:10: [INFO] Adding track segment (B.Cu): [(134785035, 119256937), (136741435, 122269528)]
13:31:10: [INFO] Routing SW43 with D43
13:31:10: [INFO] Using internal autorouter method
13:31:10: [INFO] Routing pad 'SW43:2' at (81121250, 111125000) with pad 'D43:2' at (83661250, 118805000) using coordinate system rotated by 0 degree(s)
13:31:10: [INFO] Adding track segment (B.Cu): [(81121250, 111125000), (81121250, 116265000)]
13:31:10: [INFO] Adding track segment (B.Cu): [(81121250, 116265000), (83661250, 118805000)]
13:31:10: [INFO] Routing SW42 with D42
13:31:10: [INFO] Using internal autorouter method
13:31:10: [INFO] Routing pad 'SW42:2' at (359727500, 73025000) with pad 'D42:2' at (362267500, 80705000) using coordinate system rotated by 0 degree(s)
13:31:11: [INFO] Adding track segment (B.Cu): [(359727500, 73025000), (359727500, 78165000)]
13:31:11: [INFO] Adding track segment (B.Cu): [(359727500, 78165000), (362267500, 80705000)]
13:31:11: [INFO] Routing SW41 with D41
13:31:11: [INFO] Using internal autorouter method
13:31:11: [INFO] Routing pad 'SW41:2' at (305435000, 92075000) with pad 'D41:2' at (307975000, 99755000) using coordinate system rotated by 0 degree(s)
13:31:11: [INFO] Adding track segment (B.Cu): [(305435000, 92075000), (305435000, 97215000)]
13:31:11: [INFO] Adding track segment (B.Cu): [(305435000, 97215000), (307975000, 99755000)]
13:31:11: [INFO] Routing SW40 with D40
13:31:11: [INFO] Using internal autorouter method
13:31:11: [INFO] Routing pad 'SW40:2' at (263069398, 96268876) with pad 'D40:2' at (267150654, 103252954) using coordinate system rotated by 348.0 degree(s)
13:31:11: [INFO] Adding track segment (B.Cu): [(263069398, 96268876), (264138063, 101296555)]
13:31:11: [INFO] Adding track segment (B.Cu): [(264138063, 101296555), (267150654, 103252954)]
13:31:11: [INFO] Routing SW39 with D39
13:31:11: [INFO] Using internal autorouter method
13:31:11: [INFO] Routing pad 'SW39:2' at (225801975, 104190312) with pad 'D39:2' at (229883231, 111174390) using coordinate system rotated by 348.0 degree(s)
13:31:11: [INFO] Adding track segment (B.Cu): [(225801975, 104190312), (226870641, 109217991)]
13:31:11: [INFO] Adding track segment (B.Cu): [(226870641, 109217991), (229883231, 111174390)]
13:31:11: [INFO] Routing SW38 with D38
13:31:11: [INFO] Using internal autorouter method
13:31:11: [INFO] Routing pad 'SW38:2' at (168696673, 101734661) with pad 'D38:2' at (169584406, 109774929) using coordinate system rotated by 12.0 degree(s)
13:31:11: [INFO] Adding track segment (B.Cu): [(168696673, 101734661), (167628006, 106762338)]
13:31:11: [INFO] Adding track segment (B.Cu): [(167628006, 106762338), (169584406, 109774929)]
13:31:11: [INFO] Routing SW37 with D37
13:31:11: [INFO] Using internal autorouter method
13:31:11: [INFO] Routing pad 'SW37:2' at (131429250, 93813225) with pad 'D37:2' at (132316983, 101853493) using coordinate system rotated by 12.0 degree(s)
13:31:11: [INFO] Adding track segment (B.Cu): [(131429250, 93813225), (130360583, 98840902)]
13:31:11: [INFO] Adding track segment (B.Cu): [(130360583, 98840902), (132316983, 101853493)]
13:31:11: [INFO] Routing SW36 with D36
13:31:11: [INFO] Using internal autorouter method
13:31:11: [INFO] Routing pad 'SW36:2' at (81121250, 92075000) with pad 'D36:2' at (83661250, 99755000) using coordinate system rotated by 0 degree(s)
13:31:11: [INFO] Adding track segment (B.Cu): [(81121250, 92075000), (81121250, 97215000)]
13:31:11: [INFO] Adding track segment (B.Cu): [(81121250, 97215000), (83661250, 99755000)]
13:31:11: [INFO] Routing SW35a with D35
13:31:11: [INFO] Using internal autorouter method
13:31:11: [INFO] Routing pad 'SW35a:2' at (338772500, 53975000) with pad 'D35:2' at (350837500, 61655000) using coordinate system rotated by 0 degree(s)
13:31:11: [INFO] Routing SW35 with D35
13:31:11: [INFO] Using internal autorouter method
13:31:11: [INFO] Routing pad 'SW35:2' at (348297500, 53975000) with pad 'D35:2' at (350837500, 61655000) using coordinate system rotated by 0 degree(s)
13:31:11: [INFO] Adding track segment (B.Cu): [(348297500, 53975000), (348297500, 59115000)]
13:31:11: [INFO] Adding track segment (B.Cu): [(348297500, 59115000), (350837500, 61655000)]
13:31:11: [INFO] Routing SW34 with D34
13:31:11: [INFO] Using internal autorouter method
13:31:11: [INFO] Routing pad 'SW34:2' at (281703110, 92308159) with pad 'D34:2' at (285784366, 99292237) using coordinate system rotated by 348.0 degree(s)
13:31:11: [INFO] Adding track segment (B.Cu): [(281703110, 92308159), (282771775, 97335837)]
13:31:11: [INFO] Adding track segment (B.Cu): [(282771775, 97335837), (285784366, 99292237)]
13:31:11: [INFO] Routing SW33 with D33
13:31:11: [INFO] Using internal autorouter method
13:31:11: [INFO] Routing pad 'SW33:2' at (244435686, 100229594) with pad 'D33:2' at (248516942, 107213672) using coordinate system rotated by 348.0 degree(s)
13:31:11: [INFO] Adding track segment (B.Cu): [(244435686, 100229594), (245504351, 105257273)]
13:31:11: [INFO] Adding track segment (B.Cu): [(245504351, 105257273), (248516942, 107213672)]
13:31:11: [INFO] Routing SW32 with D32
13:31:11: [INFO] Using internal autorouter method
13:31:11: [INFO] Routing pad 'SW32:2' at (187330385, 105695378) with pad 'D32:2' at (188218118, 113735646) using coordinate system rotated by 12.0 degree(s)
13:31:11: [INFO] Adding track segment (B.Cu): [(187330385, 105695378), (186261718, 110723055)]
13:31:11: [INFO] Adding track segment (B.Cu): [(186261718, 110723055), (188218118, 113735646)]
13:31:11: [INFO] Routing SW31 with D31
13:31:11: [INFO] Using internal autorouter method
13:31:11: [INFO] Routing pad 'SW31:2' at (150062962, 97773943) with pad 'D31:2' at (150950695, 105814211) using coordinate system rotated by 12.0 degree(s)
13:31:11: [INFO] Adding track segment (B.Cu): [(150062962, 97773943), (148994295, 102801621)]
13:31:11: [INFO] Adding track segment (B.Cu): [(148994295, 102801621), (150950695, 105814211)]
13:31:11: [INFO] Routing SW30 with D30
13:31:11: [INFO] Using internal autorouter method
13:31:11: [INFO] Routing pad 'SW30:2' at (107315000, 92075000) with pad 'D30:2' at (109855000, 99755000) using coordinate system rotated by 0 degree(s)
13:31:11: [INFO] Adding track segment (B.Cu): [(107315000, 92075000), (107315000, 97215000)]
13:31:11: [INFO] Adding track segment (B.Cu): [(107315000, 97215000), (109855000, 99755000)]
13:31:11: [INFO] Routing SW29 with D29
13:31:11: [INFO] Using internal autorouter method
13:31:11: [INFO] Routing pad 'SW29:2' at (50165000, 90170000) with pad 'D29:2' at (52705000, 97850000) using coordinate system rotated by 0 degree(s)
13:31:11: [INFO] Adding track segment (B.Cu): [(50165000, 90170000), (50165000, 95310000)]
13:31:11: [INFO] Adding track segment (B.Cu): [(50165000, 95310000), (52705000, 97850000)]
13:31:11: [INFO] Routing SW28 with D28
13:31:11: [INFO] Using internal autorouter method
13:31:11: [INFO] Routing pad 'SW28:2' at (335915000, 73025000) with pad 'D28:2' at (338455000, 80705000) using coordinate system rotated by 0 degree(s)
13:31:11: [INFO] Adding track segment (B.Cu): [(335915000, 73025000), (335915000, 78165000)]
13:31:11: [INFO] Adding track segment (B.Cu): [(335915000, 78165000), (338455000, 80705000)]
13:31:11: [INFO] Routing SW27 with D27
13:31:11: [INFO] Using internal autorouter method
13:31:11: [INFO] Routing pad 'SW27:2' at (297815000, 72072500) with pad 'D27:2' at (300355000, 79752500) using coordinate system rotated by 0 degree(s)
13:31:11: [INFO] Adding track segment (B.Cu): [(297815000, 72072500), (297815000, 77212500)]
13:31:11: [INFO] Adding track segment (B.Cu): [(297815000, 77212500), (300355000, 79752500)]
13:31:11: [INFO] Routing SW26 with D26
13:31:11: [INFO] Using internal autorouter method
13:31:11: [INFO] Routing pad 'SW26:2' at (256313624, 78229272) with pad 'D26:2' at (260394880, 85213350) using coordinate system rotated by 348.0 degree(s)
13:31:11: [INFO] Adding track segment (B.Cu): [(256313624, 78229272), (257382290, 83256951)]
13:31:11: [INFO] Adding track segment (B.Cu): [(257382290, 83256951), (260394880, 85213350)]
13:31:11: [INFO] Routing SW25 with D25
13:31:11: [INFO] Using internal autorouter method
13:31:11: [INFO] Routing pad 'SW25:2' at (219046200, 86150708) with pad 'D25:2' at (223127456, 93134786) using coordinate system rotated by 348.0 degree(s)
13:31:11: [INFO] Adding track segment (B.Cu): [(219046200, 86150708), (220114865, 91178387)]
13:31:11: [INFO] Adding track segment (B.Cu): [(220114865, 91178387), (223127456, 93134786)]
13:31:11: [INFO] Routing SW24 with D24
13:31:11: [INFO] Using internal autorouter method
13:31:11: [INFO] Routing pad 'SW24:2' at (167998963, 82110769) with pad 'D24:2' at (168886696, 90151037) using coordinate system rotated by 12.0 degree(s)
13:31:11: [INFO] Adding track segment (B.Cu): [(167998963, 82110769), (166930296, 87138446)]
13:31:11: [INFO] Adding track segment (B.Cu): [(166930296, 87138446), (168886696, 90151037)]
13:31:11: [INFO] Routing SW23 with D23
13:31:11: [INFO] Using internal autorouter method
13:31:11: [INFO] Routing pad 'SW23:2' at (130731540, 74189334) with pad 'D23:2' at (131619273, 82229602) using coordinate system rotated by 12.0 degree(s)
13:31:11: [INFO] Adding track segment (B.Cu): [(130731540, 74189334), (129662873, 79217012)]
13:31:11: [INFO] Adding track segment (B.Cu): [(129662873, 79217012), (131619273, 82229602)]
13:31:11: [INFO] Routing SW22 with D22
13:31:11: [INFO] Using internal autorouter method
13:31:11: [INFO] Routing pad 'SW22:2' at (83502500, 73025000) with pad 'D22:2' at (86042500, 80705000) using coordinate system rotated by 0 degree(s)
13:31:11: [INFO] Adding track segment (B.Cu): [(83502500, 73025000), (83502500, 78165000)]
13:31:11: [INFO] Adding track segment (B.Cu): [(83502500, 78165000), (86042500, 80705000)]
13:31:11: [INFO] Routing SW21 with D21
13:31:11: [INFO] Using internal autorouter method
13:31:11: [INFO] Routing pad 'SW21:2' at (316865000, 73025000) with pad 'D21:2' at (319405000, 80705000) using coordinate system rotated by 0 degree(s)
13:31:11: [INFO] Adding track segment (B.Cu): [(316865000, 73025000), (316865000, 78165000)]
13:31:11: [INFO] Adding track segment (B.Cu): [(316865000, 78165000), (319405000, 80705000)]
13:31:11: [INFO] Routing SW20 with D20
13:31:11: [INFO] Using internal autorouter method
13:31:11: [INFO] Routing pad 'SW20:2' at (274947336, 74268555) with pad 'D20:2' at (279028592, 81252633) using coordinate system rotated by 348.0 degree(s)
13:31:11: [INFO] Adding track segment (B.Cu): [(274947336, 74268555), (276016002, 79296234)]
13:31:11: [INFO] Adding track segment (B.Cu): [(276016002, 79296234), (279028592, 81252633)]
13:31:11: [INFO] Routing SW19 with D19
13:31:11: [INFO] Using internal autorouter method
13:31:11: [INFO] Routing pad 'SW19:2' at (237679912, 82189990) with pad 'D19:2' at (241761168, 89174068) using coordinate system rotated by 348.0 degree(s)
13:31:11: [INFO] Adding track segment (B.Cu): [(237679912, 82189990), (238748577, 87217667)]
13:31:11: [INFO] Adding track segment (B.Cu): [(238748577, 87217667), (241761168, 89174068)]
13:31:11: [INFO] Routing SW18 with D18
13:31:11: [INFO] Using internal autorouter method
13:31:11: [INFO] Routing pad 'SW18:2' at (186632675, 86071487) with pad 'D18:2' at (187520408, 94111755) using coordinate system rotated by 12.0 degree(s)
13:31:11: [INFO] Adding track segment (B.Cu): [(186632675, 86071487), (185564008, 91099164)]
13:31:11: [INFO] Adding track segment (B.Cu): [(185564008, 91099164), (187520408, 94111755)]
13:31:11: [INFO] Routing SW17 with D17
13:31:11: [INFO] Using internal autorouter method
13:31:11: [INFO] Routing pad 'SW17:2' at (149365251, 78150052) with pad 'D17:2' at (150252984, 86190320) using coordinate system rotated by 12.0 degree(s)
13:31:11: [INFO] Adding track segment (B.Cu): [(149365251, 78150052), (148296584, 83177729)]
13:31:11: [INFO] Adding track segment (B.Cu): [(148296584, 83177729), (150252984, 86190320)]
13:31:11: [INFO] Routing SW16 with D16
13:31:11: [INFO] Using internal autorouter method
13:31:11: [INFO] Routing pad 'SW16:2' at (107315000, 73025000) with pad 'D16:2' at (109855000, 80705000) using coordinate system rotated by 0 degree(s)
13:31:11: [INFO] Adding track segment (B.Cu): [(107315000, 73025000), (107315000, 78165000)]
13:31:11: [INFO] Adding track segment (B.Cu): [(107315000, 78165000), (109855000, 80705000)]
13:31:11: [INFO] Routing SW15 with D15
13:31:11: [INFO] Using internal autorouter method
13:31:11: [INFO] Routing pad 'SW15:2' at (54927500, 71120000) with pad 'D15:2' at (57467500, 78800000) using coordinate system rotated by 0 degree(s)
13:31:11: [INFO] Adding track segment (B.Cu): [(54927500, 71120000), (54927500, 76260000)]
13:31:11: [INFO] Adding track segment (B.Cu): [(54927500, 76260000), (57467500, 78800000)]
13:31:11: [INFO] Routing SW14 with D14
13:31:11: [INFO] Using internal autorouter method
13:31:11: [INFO] Routing pad 'SW14:2' at (319722500, 53975000) with pad 'D14:2' at (322262500, 61655000) using coordinate system rotated by 0 degree(s)
13:31:11: [INFO] Adding track segment (B.Cu): [(319722500, 53975000), (319722500, 59115000)]
13:31:11: [INFO] Adding track segment (B.Cu): [(319722500, 59115000), (322262500, 61655000)]
13:31:11: [INFO] Routing SW13 with D13
13:31:11: [INFO] Using internal autorouter method
13:31:11: [INFO] Routing pad 'SW13:2' at (278440103, 54050556) with pad 'D13:2' at (282521359, 61034634) using coordinate system rotated by 348.0 degree(s)
13:31:11: [INFO] Adding track segment (B.Cu): [(278440103, 54050556), (279508769, 59078235)]
13:31:11: [INFO] Adding track segment (B.Cu): [(279508769, 59078235), (282521359, 61034634)]
13:31:11: [INFO] Routing SW12 with D12
13:31:11: [INFO] Using internal autorouter method
13:31:11: [INFO] Routing pad 'SW12:2' at (241172679, 61971991) with pad 'D12:2' at (245253935, 68956069) using coordinate system rotated by 348.0 degree(s)
13:31:11: [INFO] Adding track segment (B.Cu): [(241172679, 61971991), (242241344, 66999669)]
13:31:11: [INFO] Adding track segment (B.Cu): [(242241344, 66999669), (245253935, 68956069)]
13:31:11: [INFO] Routing SW11 with D11
13:31:11: [INFO] Using internal autorouter method
13:31:11: [INFO] Routing pad 'SW11:2' at (199910249, 69418134) with pad 'D11:2' at (200797982, 77458402) using coordinate system rotated by 12.0 degree(s)
13:31:11: [INFO] Adding track segment (B.Cu): [(199910249, 69418134), (198841582, 74445812)]
13:31:11: [INFO] Adding track segment (B.Cu): [(198841582, 74445812), (200797982, 77458402)]
13:31:11: [INFO] Routing SW10 with D10
13:31:11: [INFO] Using internal autorouter method
13:31:11: [INFO] Routing pad 'SW10:2' at (162642825, 61496699) with pad 'D10:2' at (163530558, 69536967) using coordinate system rotated by 12.0 degree(s)
13:31:11: [INFO] Adding track segment (B.Cu): [(162642825, 61496699), (161574158, 66524375)]
13:31:11: [INFO] Adding track segment (B.Cu): [(161574158, 66524375), (163530558, 69536967)]
13:31:11: [INFO] Routing SW9 with D9
13:31:11: [INFO] Using internal autorouter method
13:31:11: [INFO] Routing pad 'SW9:2' at (121602500, 53022500) with pad 'D9:2' at (124142500, 60702500) using coordinate system rotated by 0 degree(s)
13:31:11: [INFO] Adding track segment (B.Cu): [(121602500, 53022500), (121602500, 58162500)]
13:31:11: [INFO] Adding track segment (B.Cu): [(121602500, 58162500), (124142500, 60702500)]
13:31:11: [INFO] Routing SW8 with D8
13:31:11: [INFO] Using internal autorouter method
13:31:11: [INFO] Routing pad 'SW8:2' at (83502500, 53975000) with pad 'D8:2' at (86042500, 61655000) using coordinate system rotated by 0 degree(s)
13:31:11: [INFO] Adding track segment (B.Cu): [(83502500, 53975000), (83502500, 59115000)]
13:31:11: [INFO] Adding track segment (B.Cu): [(83502500, 59115000), (86042500, 61655000)]
13:31:11: [INFO] Routing SW7 with D7
13:31:11: [INFO] Using internal autorouter method
13:31:11: [INFO] Routing pad 'SW7:2' at (300672500, 53022500) with pad 'D7:2' at (303212500, 60702500) using coordinate system rotated by 0 degree(s)
13:31:11: [INFO] Adding track segment (B.Cu): [(300672500, 53022500), (300672500, 58162500)]
13:31:11: [INFO] Adding track segment (B.Cu): [(300672500, 58162500), (303212500, 60702500)]
13:31:11: [INFO] Routing SW6 with D6
13:31:11: [INFO] Using internal autorouter method
13:31:11: [INFO] Routing pad 'SW6:2' at (259806391, 58011273) with pad 'D6:2' at (263887647, 64995351) using coordinate system rotated by 348.0 degree(s)
13:31:11: [INFO] Adding track segment (B.Cu): [(259806391, 58011273), (260875057, 63038952)]
13:31:11: [INFO] Adding track segment (B.Cu): [(260875057, 63038952), (263887647, 64995351)]
13:31:11: [INFO] Routing SW5 with D5
13:31:11: [INFO] Using internal autorouter method
13:31:11: [INFO] Routing pad 'SW5:2' at (222538967, 65932709) with pad 'D5:2' at (226620223, 72916787) using coordinate system rotated by 348.0 degree(s)
13:31:11: [INFO] Adding track segment (B.Cu): [(222538967, 65932709), (223607632, 70960387)]
13:31:11: [INFO] Adding track segment (B.Cu): [(223607632, 70960387), (226620223, 72916787)]
13:31:11: [INFO] Routing SW4 with D4
13:31:11: [INFO] Using internal autorouter method
13:31:11: [INFO] Routing pad 'SW4:2' at (181276537, 65457416) with pad 'D4:2' at (182164270, 73497684) using coordinate system rotated by 12.0 degree(s)
13:31:11: [INFO] Adding track segment (B.Cu): [(181276537, 65457416), (180207870, 70485092)]
13:31:11: [INFO] Adding track segment (B.Cu): [(180207870, 70485092), (182164270, 73497684)]
13:31:11: [INFO] Routing SW3 with D3
13:31:11: [INFO] Using internal autorouter method
13:31:11: [INFO] Routing pad 'SW3:2' at (144009113, 57535981) with pad 'D3:2' at (144896846, 65576249) using coordinate system rotated by 12.0 degree(s)
13:31:11: [INFO] Adding track segment (B.Cu): [(144009113, 57535981), (142940446, 62563658)]
13:31:11: [INFO] Adding track segment (B.Cu): [(142940446, 62563658), (144896846, 65576249)]
13:31:11: [INFO] Routing SW2 with D2
13:31:11: [INFO] Using internal autorouter method
13:31:11: [INFO] Routing pad 'SW2:2' at (102552500, 53975000) with pad 'D2:2' at (105092500, 61655000) using coordinate system rotated by 0 degree(s)
13:31:11: [INFO] Adding track segment (B.Cu): [(102552500, 53975000), (102552500, 59115000)]
13:31:11: [INFO] Adding track segment (B.Cu): [(102552500, 59115000), (105092500, 61655000)]
13:31:11: [INFO] Routing SW1 with D1
13:31:11: [INFO] Using internal autorouter method
13:31:11: [INFO] Routing pad 'SW1:2' at (59690000, 52070000) with pad 'D1:2' at (62230000, 59750000) using coordinate system rotated by 0 degree(s)
13:31:11: [INFO] Adding track segment (B.Cu): [(59690000, 52070000), (59690000, 57210000)]
13:31:11: [INFO] Adding track segment (B.Cu): [(59690000, 57210000), (62230000, 59750000)]
13:31:11: [INFO] Routing COL2 pads
13:31:11: [INFO] Routing pad 'SW24:1' at (161259630, 83275025) with pad 'SW17:1' at (142625918, 79314308) using coordinate system rotated by 12.0 degree(s)
13:31:11: [INFO] Adding track segment (F.Cu): [(161259630, 83275025), (142625918, 79314306)]
13:31:11: [INFO] Adding track segment (F.Cu): [(142625918, 79314306), (142625918, 79314308)]
13:31:11: [INFO] Routing pad 'SW17:1' at (142625918, 79314308) with pad 'SW31:1' at (143323629, 98938199) using coordinate system rotated by 12.0 degree(s)
13:31:11: [INFO] Adding track segment (F.Cu): [(142625918, 79314308), (139655379, 93289589)]
13:31:11: [INFO] Adding track segment (F.Cu): [(139655379, 93289589), (143323629, 98938199)]
13:31:11: [INFO] Routing pad 'SW3:1' at (137269780, 58700237) with pad 'SW10:1' at (155903492, 62660955) using coordinate system rotated by 12.0 degree(s)
13:31:11: [INFO] Adding track segment (F.Cu): [(137269780, 58700237), (155903490, 62660953)]
13:31:11: [INFO] Adding track segment (F.Cu): [(155903490, 62660953), (155903492, 62660955)]
13:31:11: [INFO] Routing pad 'SW45:1' at (166381793, 123314951) with pad 'SW59:1' at (157762647, 140958484) using coordinate system rotated by 12.0 degree(s)
13:31:11: [INFO] Adding track segment (F.Cu): [(166381793, 123314951), (163411254, 137290235)]
13:31:11: [INFO] Adding track segment (F.Cu): [(163411254, 137290235), (157762647, 140958484)]
13:31:11: [INFO] Routing pad 'SW10:1' at (155903492, 62660955) with pad 'SW24:1' at (161259630, 83275025) using coordinate system rotated by 12.0 degree(s)
13:31:11: [INFO] Adding track segment (F.Cu): [(155903492, 62660955), (153923132, 71977809)]
13:31:11: [INFO] Adding track segment (F.Cu): [(153923132, 71977809), (161259630, 83275025)]
13:31:11: [INFO] Routing pad 'SW31:1' at (143323629, 98938199) with pad 'SW38:1' at (161957340, 102898917) using coordinate system rotated by 12.0 degree(s)
13:31:11: [INFO] Adding track segment (F.Cu): [(143323629, 98938199), (161957338, 102898915)]
13:31:11: [INFO] Adding track segment (F.Cu): [(161957338, 102898915), (161957340, 102898917)]
13:31:11: [INFO] Routing pad 'SW38:1' at (161957340, 102898917) with pad 'SW45:1' at (166381793, 123314951) using coordinate system rotated by 12.0 degree(s)
13:31:11: [INFO] Adding track segment (F.Cu): [(161957340, 102898917), (159778945, 113147457)]
13:31:11: [INFO] Adding track segment (F.Cu): [(159778945, 113147457), (166381793, 123314951)]
13:31:11: [INFO] Routing pad 'SW45:1' at (166381793, 123314951) with pad 'SW52:1' at (185015505, 127275669) using coordinate system rotated by 12.0 degree(s)
13:31:11: [INFO] Adding track segment (F.Cu): [(166381793, 123314951), (185015504, 127275668)]
13:31:11: [INFO] Adding track segment (F.Cu): [(185015504, 127275668), (185015505, 127275669)]
13:31:11: [INFO] Routing pad 'SW52:1' at (185015505, 127275669) with pad 'SW65:1' at (188974115, 147592686) using coordinate system rotated by 12.0 degree(s)
13:31:11: [INFO] Adding track segment (F.Cu): [(185015505, 127275669), (182738091, 137990051)]
13:31:11: [INFO] Adding track segment (F.Cu): [(182738091, 137990051), (188974115, 147592686)]
13:31:11: [INFO] Routing ROW0 pads
13:31:11: [INFO] Routing pad 'D1:1' at (62230000, 62550000) with pad 'D2:1' at (105092500, 64455000) using coordinate system rotated by 0 degree(s)
13:31:11: [INFO] Adding track segment (B.Cu): [(62230000, 62550000), (103187500, 62550000)]
13:31:11: [INFO] Adding track segment (B.Cu): [(103187500, 62550000), (105092500, 64455000)]
13:31:11: [WARNING] Could not route pads when parent footprints not rotated the same, footprint1: D2 at 90.0 degree(s) and footprint2: D3 at 78.0 degree(s)
13:31:11: [INFO] Routing pad 'D3:1' at (144314694, 68315063) with pad 'D4:1' at (181582118, 76236498) using coordinate system rotated by 282.0 degree(s)
13:31:11: [WARNING] Could not route pads when parent footprints not rotated the same, footprint1: D4 at 78.0 degree(s) and footprint2: D5 at 102.0 degree(s)
13:31:11: [INFO] Routing pad 'D5:1' at (227202375, 75655601) with pad 'D6:1' at (264469799, 67734165) using coordinate system rotated by 258.0 degree(s)
13:31:11: [WARNING] Could not route pads when parent footprints not rotated the same, footprint1: D6 at 102.0 degree(s) and footprint2: D7 at 90.0 degree(s)
13:31:11: [INFO] Routing ROW4 pads
13:31:11: [INFO] Routing pad 'D29:1' at (52705000, 100650000) with pad 'D30:1' at (109855000, 102555000) using coordinate system rotated by 0 degree(s)
13:31:11: [INFO] Adding track segment (B.Cu): [(52705000, 100650000), (107950000, 100650000)]
13:31:11: [INFO] Adding track segment (B.Cu): [(107950000, 100650000), (109855000, 102555000)]
13:31:11: [WARNING] Could not route pads when parent footprints not rotated the same, footprint1: D30 at 90.0 degree(s) and footprint2: D31 at 78.0 degree(s)
13:31:11: [INFO] Routing pad 'D31:1' at (150368543, 108553025) with pad 'D32:1' at (187635966, 116474460) using coordinate system rotated by 282.0 degree(s)
13:31:11: [WARNING] Could not route pads when parent footprints not rotated the same, footprint1: D32 at 78.0 degree(s) and footprint2: D33 at 102.0 degree(s)
13:31:11: [INFO] Routing pad 'D33:1' at (249099094, 109952486) with pad 'D34:1' at (286366518, 102031051) using coordinate system rotated by 258.0 degree(s)
13:31:11: [WARNING] Could not route pads when parent footprints not rotated the same, footprint1: D34 at 102.0 degree(s) and footprint2: D35 at 90.0 degree(s)
13:31:11: [INFO] Routing COL3 pads
13:31:11: [INFO] Routing pad 'SW4:1' at (174537204, 66621672) with pad 'SW18:1' at (179893342, 87235743) using coordinate system rotated by 12.0 degree(s)
13:31:11: [INFO] Adding track segment (F.Cu): [(174537204, 66621672), (172556844, 75938527)]
13:31:11: [INFO] Adding track segment (F.Cu): [(172556844, 75938527), (179893342, 87235743)]
13:31:11: [INFO] Routing pad 'SW18:1' at (179893342, 87235743) with pad 'SW32:1' at (180591052, 106859634) using coordinate system rotated by 12.0 degree(s)
13:31:11: [INFO] Adding track segment (F.Cu): [(179893342, 87235743), (176922803, 101211025)]
13:31:11: [INFO] Adding track segment (F.Cu): [(176922803, 101211025), (180591052, 106859634)]
13:31:11: [INFO] Routing pad 'SW4:1' at (174537204, 66621672) with pad 'SW11:1' at (193170916, 70582390) using coordinate system rotated by 12.0 degree(s)
13:31:11: [INFO] Adding track segment (F.Cu): [(174537204, 66621672), (193170916, 70582389)]
13:31:11: [INFO] Adding track segment (F.Cu): [(193170916, 70582389), (193170916, 70582390)]
13:31:12: [WARNING] Could not route pads when parent footprints not rotated the same, footprint1: SW11 at -12.0 degree(s) and footprint2: SW25 at 12.0 degree(s)
13:31:12: [INFO] Routing pad 'SW39:1' at (220118833, 107995047) with pad 'SW46:1' at (215694380, 128411082) using coordinate system rotated by 348.0 degree(s)
13:31:12: [INFO] Adding track segment (F.Cu): [(220118833, 107995047), (222297227, 118243588)]
13:31:12: [INFO] Adding track segment (F.Cu): [(222297227, 118243588), (215694380, 128411082)]
13:31:12: [INFO] Routing pad 'SW25:1' at (213363058, 89955443) with pad 'SW39:1' at (220118833, 107995047) using coordinate system rotated by 348.0 degree(s)
13:31:12: [INFO] Adding track segment (F.Cu): [(213363058, 89955443), (216729667, 105794097)]
13:31:12: [INFO] Adding track segment (F.Cu): [(216729667, 105794097), (220118833, 107995047)]
13:31:12: [INFO] Routing pad 'SW46:1' at (215694380, 128411082) with pad 'SW53:1' at (234328092, 124450364) using coordinate system rotated by 348.0 degree(s)
13:31:12: [INFO] Adding track segment (F.Cu): [(215694380, 128411082), (234328090, 124450364)]
13:31:12: [INFO] Adding track segment (F.Cu): [(234328090, 124450364), (234328092, 124450364)]
13:31:12: [INFO] Routing pad 'SW53:1' at (234328092, 124450364) with pad 'SW60:1' at (235959596, 143579165) using coordinate system rotated by 348.0 degree(s)
13:31:12: [INFO] Adding track segment (F.Cu): [(234328092, 124450364), (237793719, 140754861)]
13:31:12: [INFO] Adding track segment (F.Cu): [(237793719, 140754861), (235959596, 143579165)]
13:31:12: [INFO] Routing pad 'SW60:1' at (235959596, 143579165) with pad 'SW66:1' at (276883990, 136827976) using coordinate system rotated by 348.0 degree(s)
13:31:12: [INFO] Adding track segment (F.Cu): [(235959596, 143579165), (274624546, 135360675)]
13:31:12: [INFO] Adding track segment (F.Cu): [(274624546, 135360675), (276883990, 136827976)]
13:31:12: [INFO] Routing COL1 pads
13:31:12: [INFO] Routing pad 'SW2:1' at (96202500, 56515000) with pad 'SW16:1' at (100965000, 75565000) using coordinate system rotated by 0 degree(s)
13:31:12: [INFO] Adding track segment (F.Cu): [(96202500, 56515000), (96202500, 70802500)]
13:31:12: [INFO] Adding track segment (F.Cu): [(96202500, 70802500), (100965000, 75565000)]
13:31:12: [INFO] Routing pad 'SW16:1' at (100965000, 75565000) with pad 'SW30:1' at (100965000, 94615000) using coordinate system rotated by 0 degree(s)
13:31:12: [INFO] Adding track segment (F.Cu): [(100965000, 75565000), (100965000, 94615000)]
13:31:12: [INFO] Routing pad 'SW2:1' at (96202500, 56515000) with pad 'SW9:1' at (115252500, 55562500) using coordinate system rotated by 0 degree(s)
13:31:12: [INFO] Adding track segment (F.Cu): [(96202500, 56515000), (114300000, 56515000)]
13:31:12: [INFO] Adding track segment (F.Cu): [(114300000, 56515000), (115252500, 55562500)]
13:31:12: [INFO] Routing pad 'SW44:1' at (129114369, 115393516) with pad 'SW64:1' at (123786287, 135878900) using coordinate system rotated by 12.0 degree(s)
13:31:12: [INFO] Adding track segment (F.Cu): [(129114369, 115393516), (124916008, 135145249)]
13:31:12: [INFO] Adding track segment (F.Cu): [(124916008, 135145249), (123786287, 135878900)]
13:31:12: [WARNING] Could not route pads when parent footprints not rotated the same, footprint1: SW9 at 0.0 degree(s) and footprint2: SW23 at -12.0 degree(s)
13:31:12: [INFO] Routing pad 'SW23:1' at (123992207, 75353590) with pad 'SW37:1' at (124689917, 94977481) using coordinate system rotated by 12.0 degree(s)
13:31:12: [INFO] Adding track segment (F.Cu): [(123992207, 75353590), (121021668, 89328873)]
13:31:12: [INFO] Adding track segment (F.Cu): [(121021668, 89328873), (124689917, 94977481)]
13:31:12: [INFO] Routing pad 'SW37:1' at (124689917, 94977481) with pad 'SW44:1' at (129114369, 115393516) using coordinate system rotated by 12.0 degree(s)
13:31:12: [INFO] Adding track segment (F.Cu): [(124689917, 94977481), (122511521, 105226022)]
13:31:12: [INFO] Adding track segment (F.Cu): [(122511521, 105226022), (129114369, 115393516)]
13:31:12: [INFO] Routing pad 'SW44:1' at (129114369, 115393516) with pad 'SW51:1' at (147748081, 119354234) using coordinate system rotated by 12.0 degree(s)
13:31:12: [INFO] Adding track segment (F.Cu): [(129114369, 115393516), (147748080, 119354233)]
13:31:12: [INFO] Adding track segment (F.Cu): [(147748080, 119354233), (147748081, 119354234)]
13:31:12: [WARNING] Could not route pads when parent footprints not rotated the same, footprint1: SW51 at -12.0 degree(s) and footprint2: SW58 at 0.0 degree(s)
13:31:12: [INFO] Routing ROW1 pads
13:31:12: [INFO] Routing pad 'D8:1' at (86042500, 64455000) with pad 'D9:1' at (124142500, 63502500) using coordinate system rotated by 0 degree(s)
13:31:12: [WARNING] Could not route pads when parent footprints not rotated the same, footprint1: D9 at 90.0 degree(s) and footprint2: D10 at 78.0 degree(s)
13:31:12: [INFO] Routing pad 'D10:1' at (162948406, 72275781) with pad 'D11:1' at (200215830, 80197216) using coordinate system rotated by 282.0 degree(s)
13:31:12: [WARNING] Could not route pads when parent footprints not rotated the same, footprint1: D11 at 78.0 degree(s) and footprint2: D12 at 102.0 degree(s)
13:31:12: [INFO] Routing pad 'D12:1' at (245836087, 71694883) with pad 'D13:1' at (283103511, 63773448) using coordinate system rotated by 258.0 degree(s)
13:31:12: [WARNING] Could not route pads when parent footprints not rotated the same, footprint1: D13 at 102.0 degree(s) and footprint2: D14 at 90.0 degree(s)
13:31:12: [INFO] Routing COL6 pads
13:31:12: [INFO] Routing pad 'SW14:1' at (313372500, 56515000) with pad 'SW21:1' at (310515000, 75565000) using coordinate system rotated by 0 degree(s)
13:31:12: [INFO] Adding track segment (F.Cu): [(313372500, 56515000), (313372500, 72707500)]
13:31:12: [INFO] Adding track segment (F.Cu): [(313372500, 72707500), (310515000, 75565000)]
13:31:12: [INFO] Routing pad 'SW7:1' at (294322500, 55562500) with pad 'SW14:1' at (313372500, 56515000) using coordinate system rotated by 0 degree(s)
13:31:12: [INFO] Adding track segment (F.Cu): [(294322500, 55562500), (312420000, 55562500)]
13:31:12: [INFO] Adding track segment (F.Cu): [(312420000, 55562500), (313372500, 56515000)]
13:31:12: [INFO] Routing pad 'SW21:1' at (310515000, 75565000) with pad 'SW49:1' at (318135000, 94615000) using coordinate system rotated by 0 degree(s)
13:31:12: [INFO] Adding track segment (F.Cu): [(310515000, 75565000), (310515000, 86995000)]
13:31:12: [INFO] Adding track segment (F.Cu): [(310515000, 86995000), (318135000, 94615000)]
13:31:12: [INFO] Routing pad 'SW21:1' at (310515000, 75565000) with pad 'SW28:1' at (329565000, 75565000) using coordinate system rotated by 0 degree(s)
13:31:12: [INFO] Adding track segment (F.Cu): [(310515000, 75565000), (329565000, 75565000)]
13:31:12: [INFO] Routing pad 'SW14:1' at (313372500, 56515000) with pad 'SW35a:1' at (332422500, 56515000) using coordinate system rotated by 0 degree(s)
13:31:12: [INFO] Adding track segment (F.Cu): [(313372500, 56515000), (332422500, 56515000)]
13:31:12: [INFO] Routing pad 'SW56:1' at (349091250, 94615000) with pad 'SW63:1' at (338613750, 113665000) using coordinate system rotated by 0 degree(s)
13:31:12: [INFO] Adding track segment (F.Cu): [(349091250, 94615000), (349091250, 103187500)]
13:31:12: [INFO] Adding track segment (F.Cu): [(349091250, 103187500), (338613750, 113665000)]
13:31:12: [INFO] Routing pad 'SW35a:1' at (332422500, 56515000) with pad 'SW35:1' at (341947500, 56515000) using coordinate system rotated by 0 degree(s)
13:31:12: [INFO] Adding track segment (F.Cu): [(332422500, 56515000), (341947500, 56515000)]
13:31:12: [INFO] Routing pad 'SW42:1' at (353377500, 75565000) with pad 'SW56:1' at (349091250, 94615000) using coordinate system rotated by 0 degree(s)
13:31:12: [INFO] Adding track segment (F.Cu): [(353377500, 75565000), (353377500, 90328750)]
13:31:12: [INFO] Adding track segment (F.Cu): [(353377500, 90328750), (349091250, 94615000)]
13:31:12: [INFO] Routing pad 'SW35:1' at (341947500, 56515000) with pad 'SW42:1' at (353377500, 75565000) using coordinate system rotated by 0 degree(s)
13:31:12: [INFO] Routing pad 'SW56:1' at (349091250, 94615000) with pad 'SW69:1' at (364807500, 113665000) using coordinate system rotated by 0 degree(s)
13:31:12: [INFO] Adding track segment (F.Cu): [(349091250, 94615000), (349091250, 97948750)]
13:31:12: [INFO] Adding track segment (F.Cu): [(349091250, 97948750), (364807500, 113665000)]
13:31:12: [INFO] Routing ROW9 pads
13:31:12: [INFO] Routing pad 'D64:1' at (130831201, 145493726) with pad 'D65:1' at (196019029, 157207512) using coordinate system rotated by 282.0 degree(s)
13:31:12: [WARNING] Could not route pads when parent footprints not rotated the same, footprint1: D65 at 78.0 degree(s) and footprint2: D66 at 102.0 degree(s)
13:31:12: [WARNING] Could not route pads when parent footprints not rotated the same, footprint1: D66 at 102.0 degree(s) and footprint2: D67 at 90.0 degree(s)
13:31:12: [INFO] Routing pad 'D67:1' at (354647500, 140655000) with pad 'D69:1' at (373697500, 121605000) using coordinate system rotated by 0 degree(s)
13:31:12: [INFO] Adding track segment (B.Cu): [(354647500, 140655000), (354647500, 140655000)]
13:31:12: [INFO] Adding track segment (B.Cu): [(354647500, 140655000), (373697500, 121605000)]
13:31:12: [INFO] Routing pad 'D69:1' at (373697500, 121605000) with pad 'D68:1' at (392747500, 140655000) using coordinate system rotated by 0 degree(s)
13:31:12: [INFO] Routing COL0 pads
13:31:12: [INFO] Routing pad 'SW29:1' at (43815000, 92710000) with pad 'SW15:1' at (48577500, 73660000) using coordinate system rotated by 0 degree(s)
13:31:12: [INFO] Adding track segment (F.Cu): [(43815000, 92710000), (48577500, 87947500)]
13:31:12: [INFO] Adding track segment (F.Cu): [(48577500, 87947500), (48577500, 73660000)]
13:31:12: [INFO] Routing pad 'SW15:1' at (48577500, 73660000) with pad 'SW1:1' at (53340000, 54610000) using coordinate system rotated by 0 degree(s)
13:31:12: [INFO] Adding track segment (F.Cu): [(48577500, 73660000), (53340000, 68897500)]
13:31:12: [INFO] Adding track segment (F.Cu): [(53340000, 68897500), (53340000, 54610000)]
13:31:12: [INFO] Routing pad 'SW43:1' at (74771250, 113665000) with pad 'SW57:1' at (67627500, 132715000) using coordinate system rotated by 0 degree(s)
13:31:12: [INFO] Adding track segment (F.Cu): [(74771250, 113665000), (74771250, 125571250)]
13:31:12: [INFO] Adding track segment (F.Cu): [(74771250, 125571250), (67627500, 132715000)]
13:31:12: [INFO] Routing pad 'SW22:1' at (77152500, 75565000) with pad 'SW36:1' at (74771250, 94615000) using coordinate system rotated by 0 degree(s)
13:31:12: [INFO] Adding track segment (F.Cu): [(77152500, 75565000), (77152500, 92233750)]
13:31:12: [INFO] Adding track segment (F.Cu): [(77152500, 92233750), (74771250, 94615000)]
13:31:12: [INFO] Routing pad 'SW36:1' at (74771250, 94615000) with pad 'SW43:1' at (74771250, 113665000) using coordinate system rotated by 0 degree(s)
13:31:12: [INFO] Adding track segment (F.Cu): [(74771250, 94615000), (74771250, 113665000)]
13:31:12: [INFO] Routing pad 'SW1:1' at (53340000, 54610000) with pad 'SW8:1' at (77152500, 56515000) using coordinate system rotated by 0 degree(s)
13:31:12: [INFO] Adding track segment (F.Cu): [(53340000, 54610000), (75247500, 54610000)]
13:31:12: [INFO] Adding track segment (F.Cu): [(75247500, 54610000), (77152500, 56515000)]
13:31:12: [INFO] Routing pad 'SW8:1' at (77152500, 56515000) with pad 'SW22:1' at (77152500, 75565000) using coordinate system rotated by 0 degree(s)
13:31:12: [INFO] Adding track segment (F.Cu): [(77152500, 56515000), (77152500, 75565000)]
13:31:12: [INFO] Routing pad 'SW43:1' at (74771250, 113665000) with pad 'SW50:1' at (105727500, 113665000) using coordinate system rotated by 0 degree(s)
13:31:12: [INFO] Adding track segment (F.Cu): [(74771250, 113665000), (105727500, 113665000)]
13:31:12: [INFO] Routing COL5 pads
13:31:12: [INFO] Routing pad 'SW13:1' at (272756961, 57855291) with pad 'SW20:1' at (269264194, 78073290) using coordinate system rotated by 348.0 degree(s)
13:31:12: [INFO] Adding track segment (F.Cu): [(272756961, 57855291), (275133391, 69035518)]
13:31:12: [INFO] Adding track segment (F.Cu): [(275133391, 69035518), (269264194, 78073290)]
13:31:12: [INFO] Routing pad 'SW6:1' at (254123249, 61816008) with pad 'SW13:1' at (272756961, 57855291) using coordinate system rotated by 348.0 degree(s)
13:31:12: [INFO] Adding track segment (F.Cu): [(254123249, 61816008), (272756959, 57855290)]
13:31:12: [INFO] Adding track segment (F.Cu): [(272756959, 57855290), (272756961, 57855291)]
13:31:12: [INFO] Routing pad 'SW20:1' at (269264194, 78073290) with pad 'SW34:1' at (276019968, 96112894) using coordinate system rotated by 348.0 degree(s)
13:31:12: [INFO] Adding track segment (F.Cu): [(269264194, 78073290), (272630803, 93911944)]
13:31:12: [INFO] Adding track segment (F.Cu): [(272630803, 93911944), (276019968, 96112894)]
13:31:12: [WARNING] Could not route pads when parent footprints not rotated the same, footprint1: SW20 at 12.0 degree(s) and footprint2: SW27 at 0.0 degree(s)
13:31:12: [INFO] Routing pad 'SW41:1' at (299085000, 94615000) with pad 'SW48:1' at (293370000, 113665000) using coordinate system rotated by 0 degree(s)
13:31:12: [INFO] Adding track segment (F.Cu): [(299085000, 94615000), (299085000, 107950000)]
13:31:12: [INFO] Adding track segment (F.Cu): [(299085000, 107950000), (293370000, 113665000)]
13:31:12: [INFO] Routing pad 'SW27:1' at (291465000, 74612500) with pad 'SW41:1' at (299085000, 94615000) using coordinate system rotated by 0 degree(s)
13:31:12: [INFO] Adding track segment (F.Cu): [(291465000, 74612500), (291465000, 86995000)]
13:31:12: [INFO] Adding track segment (F.Cu): [(291465000, 86995000), (299085000, 94615000)]
13:31:12: [INFO] Routing pad 'SW48:1' at (293370000, 113665000) with pad 'SW55:1' at (312420000, 113665000) using coordinate system rotated by 0 degree(s)
13:31:12: [INFO] Adding track segment (F.Cu): [(293370000, 113665000), (312420000, 113665000)]
13:31:12: [INFO] Routing pad 'SW55:1' at (312420000, 113665000) with pad 'SW62:1' at (364807500, 132715000) using coordinate system rotated by 0 degree(s)
13:31:12: [INFO] Routing pad 'SW62:1' at (364807500, 132715000) with pad 'SW68:1' at (383857500, 132715000) using coordinate system rotated by 0 degree(s)
13:31:12: [INFO] Adding track segment (F.Cu): [(364807500, 132715000), (383857500, 132715000)]
13:31:12: [INFO] Routing ROW5 pads
13:31:12: [WARNING] Could not route pads when parent footprints not rotated the same, footprint1: D36 at 90.0 degree(s) and footprint2: D37 at 78.0 degree(s)
13:31:12: [INFO] Routing pad 'D37:1' at (131734831, 104592307) with pad 'D38:1' at (169002254, 112513743) using coordinate system rotated by 282.0 degree(s)
13:31:12: [WARNING] Could not route pads when parent footprints not rotated the same, footprint1: D38 at 78.0 degree(s) and footprint2: D39 at 102.0 degree(s)
13:31:12: [INFO] Routing pad 'D39:1' at (230465383, 113913204) with pad 'D40:1' at (267732806, 105991768) using coordinate system rotated by 258.0 degree(s)
13:31:12: [WARNING] Could not route pads when parent footprints not rotated the same, footprint1: D40 at 102.0 degree(s) and footprint2: D41 at 90.0 degree(s)
13:31:12: [INFO] Routing pad 'D41:1' at (307975000, 102555000) with pad 'D42:1' at (362267500, 83505000) using coordinate system rotated by 0 degree(s)
13:31:12: [INFO] Routing ROW7 pads
13:31:12: [WARNING] Could not route pads when parent footprints not rotated the same, footprint1: D50 at 90.0 degree(s) and footprint2: D51 at 78.0 degree(s)
13:31:12: [INFO] Routing pad 'D51:1' at (154792995, 128969060) with pad 'D52:1' at (192060419, 136890495) using coordinate system rotated by 282.0 degree(s)
13:31:12: [WARNING] Could not route pads when parent footprints not rotated the same, footprint1: D52 at 78.0 degree(s) and footprint2: D53 at 102.0 degree(s)
13:31:12: [INFO] Routing pad 'D53:1' at (244674642, 130368521) with pad 'D54:1' at (281942065, 122447085) using coordinate system rotated by 258.0 degree(s)
13:31:12: [WARNING] Could not route pads when parent footprints not rotated the same, footprint1: D54 at 102.0 degree(s) and footprint2: D55 at 90.0 degree(s)
13:31:12: [INFO] Routing pad 'D55:1' at (321310000, 121605000) with pad 'D56:1' at (357981250, 102555000) using coordinate system rotated by 0 degree(s)
13:31:12: [INFO] Adding track segment (B.Cu): [(321310000, 121605000), (340360000, 102555000)]
13:31:12: [INFO] Adding track segment (B.Cu): [(340360000, 102555000), (357981250, 102555000)]
13:31:12: [INFO] Routing ROW6 pads
13:31:12: [WARNING] Could not route pads when parent footprints not rotated the same, footprint1: D43 at 90.0 degree(s) and footprint2: D44 at 78.0 degree(s)
13:31:12: [INFO] Routing pad 'D44:1' at (136159283, 125008342) with pad 'D45:1' at (173426707, 132929777) using coordinate system rotated by 282.0 degree(s)
13:31:12: [WARNING] Could not route pads when parent footprints not rotated the same, footprint1: D45 at 78.0 degree(s) and footprint2: D46 at 102.0 degree(s)
13:31:12: [INFO] Routing pad 'D46:1' at (226040930, 134329239) with pad 'D47:1' at (263308354, 126407803) using coordinate system rotated by 258.0 degree(s)
13:31:12: [WARNING] Could not route pads when parent footprints not rotated the same, footprint1: D47 at 102.0 degree(s) and footprint2: D48 at 90.0 degree(s)
13:31:12: [INFO] Routing pad 'D48:1' at (302260000, 121605000) with pad 'D49:1' at (327025000, 102555000) using coordinate system rotated by 0 degree(s)
13:31:12: [INFO] Adding track segment (B.Cu): [(302260000, 121605000), (321310000, 102555000)]
13:31:12: [INFO] Adding track segment (B.Cu): [(321310000, 102555000), (327025000, 102555000)]
13:31:12: [INFO] Routing ROW3 pads
13:31:12: [WARNING] Could not route pads when parent footprints not rotated the same, footprint1: D22 at 90.0 degree(s) and footprint2: D23 at 78.0 degree(s)
13:31:12: [INFO] Routing pad 'D23:1' at (131037121, 84968416) with pad 'D24:1' at (168304544, 92889851) using coordinate system rotated by 282.0 degree(s)
13:31:12: [WARNING] Could not route pads when parent footprints not rotated the same, footprint1: D24 at 78.0 degree(s) and footprint2: D25 at 102.0 degree(s)
13:31:12: [INFO] Routing pad 'D25:1' at (223709608, 95873600) with pad 'D26:1' at (260977032, 87952164) using coordinate system rotated by 258.0 degree(s)
13:31:12: [WARNING] Could not route pads when parent footprints not rotated the same, footprint1: D26 at 102.0 degree(s) and footprint2: D27 at 90.0 degree(s)
13:31:12: [INFO] Routing pad 'D27:1' at (300355000, 82552500) with pad 'D28:1' at (338455000, 83505000) using coordinate system rotated by 0 degree(s)
13:31:12: [INFO] Adding track segment (B.Cu): [(300355000, 82552500), (337502500, 82552500)]
13:31:12: [INFO] Adding track segment (B.Cu): [(337502500, 82552500), (338455000, 83505000)]
13:31:12: [INFO] Routing ROW2 pads
13:31:12: [INFO] Routing pad 'D15:1' at (57467500, 81600000) with pad 'D16:1' at (109855000, 83505000) using coordinate system rotated by 0 degree(s)
13:31:12: [INFO] Adding track segment (B.Cu): [(57467500, 81600000), (107950000, 81600000)]
13:31:12: [INFO] Adding track segment (B.Cu): [(107950000, 81600000), (109855000, 83505000)]
13:31:12: [WARNING] Could not route pads when parent footprints not rotated the same, footprint1: D16 at 90.0 degree(s) and footprint2: D17 at 78.0 degree(s)
13:31:12: [INFO] Routing pad 'D17:1' at (149670832, 88929134) with pad 'D18:1' at (186938256, 96850569) using coordinate system rotated by 282.0 degree(s)
13:31:12: [WARNING] Could not route pads when parent footprints not rotated the same, footprint1: D18 at 78.0 degree(s) and footprint2: D19 at 102.0 degree(s)
13:31:12: [INFO] Routing pad 'D19:1' at (242343320, 91912882) with pad 'D20:1' at (279610744, 83991447) using coordinate system rotated by 258.0 degree(s)
13:31:12: [WARNING] Could not route pads when parent footprints not rotated the same, footprint1: D20 at 102.0 degree(s) and footprint2: D21 at 90.0 degree(s)
13:31:12: [INFO] Routing COL4 pads
13:31:12: [INFO] Routing pad 'SW12:1' at (235489537, 65776726) with pad 'SW19:1' at (231996770, 85994725) using coordinate system rotated by 348.0 degree(s)
13:31:12: [INFO] Adding track segment (F.Cu): [(235489537, 65776726), (237865967, 76956952)]
13:31:12: [INFO] Adding track segment (F.Cu): [(237865967, 76956952), (231996770, 85994725)]
13:31:12: [INFO] Routing pad 'SW5:1' at (216855825, 69737444) with pad 'SW12:1' at (235489537, 65776726) using coordinate system rotated by 348.0 degree(s)
13:31:13: [INFO] Adding track segment (F.Cu): [(216855825, 69737444), (235489536, 65776725)]
13:31:13: [INFO] Adding track segment (F.Cu): [(235489536, 65776725), (235489537, 65776726)]
13:31:13: [INFO] Routing pad 'SW19:1' at (231996770, 85994725) with pad 'SW33:1' at (238752544, 104034329) using coordinate system rotated by 348.0 degree(s)
13:31:13: [INFO] Adding track segment (F.Cu): [(231996770, 85994725), (235363379, 101833380)]
13:31:13: [INFO] Adding track segment (F.Cu): [(235363379, 101833380), (238752544, 104034329)]
13:31:13: [INFO] Routing pad 'SW19:1' at (231996770, 85994725) with pad 'SW26:1' at (250630482, 82034007) using coordinate system rotated by 348.0 degree(s)
13:31:13: [INFO] Adding track segment (F.Cu): [(231996770, 85994725), (250630481, 82034006)]
13:31:13: [INFO] Adding track segment (F.Cu): [(250630481, 82034006), (250630482, 82034007)]
13:31:13: [INFO] Routing pad 'SW40:1' at (257386256, 100073611) with pad 'SW47:1' at (252961804, 120489646) using coordinate system rotated by 348.0 degree(s)
13:31:13: [INFO] Adding track segment (F.Cu): [(257386256, 100073611), (259564650, 110322152)]
13:31:13: [INFO] Adding track segment (F.Cu): [(259564650, 110322152), (252961804, 120489646)]
13:31:13: [INFO] Routing pad 'SW33:1' at (238752544, 104034329) with pad 'SW40:1' at (257386256, 100073611) using coordinate system rotated by 348.0 degree(s)
13:31:13: [INFO] Adding track segment (F.Cu): [(238752544, 104034329), (257386255, 100073610)]
13:31:13: [INFO] Adding track segment (F.Cu): [(257386255, 100073610), (257386256, 100073611)]
13:31:13: [INFO] Routing pad 'SW47:1' at (252961804, 120489646) with pad 'SW54:1' at (271595515, 116528928) using coordinate system rotated by 348.0 degree(s)
13:31:13: [INFO] Adding track segment (F.Cu): [(252961804, 120489646), (271595514, 116528928)]
13:31:13: [INFO] Adding track segment (F.Cu): [(271595514, 116528928), (271595515, 116528928)]
13:31:13: [WARNING] Could not route pads when parent footprints not rotated the same, footprint1: SW54 at 12.0 degree(s) and footprint2: SW61 at 0.0 degree(s)
13:31:13: [INFO] Routing pad 'SW61:1' at (321945000, 132715000) with pad 'SW67:1' at (345757500, 132715000) using coordinate system rotated by 0 degree(s)
13:31:13: [INFO] Adding track segment (F.Cu): [(321945000, 132715000), (345757500, 132715000)]
13:31:13: [INFO] Routing ROW8 pads
13:31:13: [WARNING] Could not route pads when parent footprints not rotated the same, footprint1: D57 at 90.0 degree(s) and footprint2: D59 at 78.0 degree(s)
13:31:13: [WARNING] Could not route pads when parent footprints not rotated the same, footprint1: D59 at 78.0 degree(s) and footprint2: D60 at 102.0 degree(s)
13:31:13: [WARNING] Could not route pads when parent footprints not rotated the same, footprint1: D60 at 102.0 degree(s) and footprint2: D61 at 90.0 degree(s)
13:31:13: [INFO] Routing pad 'D61:1' at (330835000, 140655000) with pad 'D63:1' at (347503750, 121605000) using coordinate system rotated by 0 degree(s)
13:31:13: [INFO] Adding track segment (B.Cu): [(330835000, 140655000), (347503750, 123986250)]
13:31:13: [INFO] Adding track segment (B.Cu): [(347503750, 123986250), (347503750, 121605000)]
13:31:13: [INFO] Routing pad 'D63:1' at (347503750, 121605000) with pad 'D58:1' at (360362500, 64455000) using coordinate system rotated by 0 degree(s)
13:31:13: [INFO] Routing pad 'D63:1' at (347503750, 121605000) with pad 'D62:1' at (373697500, 140655000) using coordinate system rotated by 0 degree(s)
13:31:13: [INFO] Removing dangling tracks
13:31:13: [INFO] Removing 67c798a9-0df5-4262-93ec-1578881de2fb
