=== kbplacer.kle_serial ===
=== layout2image.py ===
=== kbplacer ===
13:33:28: [INFO] User layout: https://editor.keyboard-tools.xyz/#share=NrBEAYBp1SAIKQIywVATKg3qAHqALjnADp0BWAX3kQGZVEAWBqclyANlAF1IAoMEmgMhKGkMzwc+IqQrUEQ+uMjMVbKaAAWhOOgWh0nADoA7M2aMxNM4mSoqOF86aMpeAw8JpuGRyXDSunIOCEbKYap+kBqBeLpI9gZGTi6WyDz8YLTeCDlieZABQbJJNDkRoDlqhbE4OkT6NIwmaaZC1nG2IQY5qc6imZ4tnaAtBWNF2PGlFDQA7rpNCC20zmZQoy11M3CJ8s2tAxkewCVwtPY0AJ7BZSuQa21QEy2M66YvPNxAA
13:33:28: [INFO] Labels prefixes: for rows: 'ROW', for columns: 'COL'
13:33:28: [INFO] Matrix size: 4x6
13:33:28: [INFO] Add COL0 net
13:33:28: [INFO] Add COL1 net
13:33:28: [INFO] Add COL2 net
13:33:28: [INFO] Add COL3 net
13:33:28: [INFO] Add COL4 net
13:33:28: [INFO] Add COL5 net
13:33:28: [INFO] Add COL6 net
13:33:28: [INFO] Add Net-(D1-A) net
13:33:28: [INFO] Add Net-(D10-A) net
13:33:28: [INFO] Add Net-(D11-A) net
13:33:28: [INFO] Add Net-(D12-A) net
13:33:28: [INFO] Add Net-(D13-A) net
13:33:28: [INFO] Add Net-(D14-A) net
13:33:28: [INFO] Add Net-(D15-A) net
13:33:28: [INFO] Add Net-(D16-A) net
13:33:28: [INFO] Add Net-(D17-A) net
13:33:28: [INFO] Add Net-(D18-A) net
13:33:28: [INFO] Add Net-(D19-A) net
13:33:28: [INFO] Add Net-(D2-A) net
13:33:28: [INFO] Add Net-(D20-A) net
13:33:28: [INFO] Add Net-(D21-A) net
13:33:28: [INFO] Add Net-(D22-A) net
13:33:28: [INFO] Add Net-(D23-A) net
13:33:28: [INFO] Add Net-(D24-A) net
13:33:28: [INFO] Add Net-(D25-A) net
13:33:28: [INFO] Add Net-(D26-A) net
13:33:28: [INFO] Add Net-(D27-A) net
13:33:28: [INFO] Add Net-(D28-A) net
13:33:28: [INFO] Add Net-(D29-A) net
13:33:28: [INFO] Add Net-(D3-A) net
13:33:28: [INFO] Add Net-(D30-A) net
13:33:28: [INFO] Add Net-(D31-A) net
13:33:28: [INFO] Add Net-(D32-A) net
13:33:28: [INFO] Add Net-(D33-A) net
13:33:28: [INFO] Add Net-(D34-A) net
13:33:28: [INFO] Add Net-(D35-A) net
13:33:28: [INFO] Add Net-(D4-A) net
13:33:28: [INFO] Add Net-(D5-A) net
13:33:28: [INFO] Add Net-(D6-A) net
13:33:28: [INFO] Add Net-(D7-A) net
13:33:28: [INFO] Add Net-(D8-A) net
13:33:28: [INFO] Add Net-(D9-A) net
13:33:28: [INFO] Add ROW0 net
13:33:28: [INFO] Add ROW1 net
13:33:28: [INFO] Add ROW2 net
13:33:28: [INFO] Add ROW3 net
13:33:28: [INFO] Add ROW4 net
13:33:28: [INFO] Add SW1 footprint
13:33:28: [INFO] Add D1 footprint
13:33:28: [INFO] Add SW2 footprint
13:33:28: [INFO] Add D2 footprint
13:33:28: [INFO] Add SW3 footprint
13:33:28: [INFO] Add D3 footprint
13:33:28: [INFO] Add SW4 footprint
13:33:28: [INFO] Add D4 footprint
13:33:28: [INFO] Add SW5 footprint
13:33:29: [INFO] Add D5 footprint
13:33:29: [INFO] Add SW6 footprint
13:33:29: [INFO] Add D6 footprint
13:33:29: [INFO] Add SW7 footprint
13:33:29: [INFO] Add D7 footprint
13:33:29: [INFO] Add SW8 footprint
13:33:29: [INFO] Add D8 footprint
13:33:29: [INFO] Add SW9 footprint
13:33:29: [INFO] Add D9 footprint
13:33:29: [INFO] Add SW10 footprint
13:33:29: [INFO] Add D10 footprint
13:33:29: [INFO] Add SW11 footprint
13:33:29: [INFO] Add D11 footprint
13:33:29: [INFO] Add SW12 footprint
13:33:29: [INFO] Add D12 footprint
13:33:29: [INFO] Add SW13 footprint
13:33:29: [INFO] Add D13 footprint
13:33:29: [INFO] Add SW14 footprint
13:33:29: [INFO] Add D14 footprint
13:33:29: [INFO] Add SW15 footprint
13:33:29: [INFO] Add D15 footprint
13:33:29: [INFO] Add SW16 footprint
13:33:29: [INFO] Add D16 footprint
13:33:29: [INFO] Add SW17 footprint
13:33:29: [INFO] Add D17 footprint
13:33:29: [INFO] Add SW18 footprint
13:33:29: [INFO] Add D18 footprint
13:33:29: [INFO] Add SW19 footprint
13:33:29: [INFO] Add D19 footprint
13:33:29: [INFO] Add SW20 footprint
13:33:29: [INFO] Add D20 footprint
13:33:29: [INFO] Add SW21 footprint
13:33:30: [INFO] Add D21 footprint
13:33:30: [INFO] Add ST21 footprint
13:33:30: [INFO] Add SW21a footprint
13:33:30: [INFO] Add SW22 footprint
13:33:30: [INFO] Add D22 footprint
13:33:30: [INFO] Add SW23 footprint
13:33:30: [INFO] Add D23 footprint
13:33:30: [INFO] Add SW24 footprint
13:33:30: [INFO] Add D24 footprint
13:33:30: [INFO] Add SW25 footprint
13:33:30: [INFO] Add D25 footprint
13:33:30: [INFO] Add SW26 footprint
13:33:30: [INFO] Add D26 footprint
13:33:30: [INFO] Add SW27 footprint
13:33:30: [INFO] Add D27 footprint
13:33:30: [INFO] Add SW28 footprint
13:33:30: [INFO] Add D28 footprint
13:33:30: [INFO] Add SW29 footprint
13:33:30: [INFO] Add D29 footprint
13:33:30: [INFO] Add SW30 footprint
13:33:30: [INFO] Add D30 footprint
13:33:30: [INFO] Add SW31 footprint
13:33:30: [INFO] Add D31 footprint
13:33:30: [INFO] Add SW32 footprint
13:33:30: [INFO] Add D32 footprint
13:33:30: [INFO] Add ST32 footprint
13:33:30: [INFO] Add SW32a footprint
13:33:30: [INFO] Add SW33 footprint
13:33:30: [INFO] Add D33 footprint
13:33:30: [INFO] Add SW34 footprint
13:33:30: [INFO] Add D34 footprint
13:33:30: [INFO] Add SW35 footprint
13:33:30: [INFO] Add D35 footprint
13:33:30: [INFO] Add ST35 footprint
13:33:30: [INFO] Add SW35a footprint
13:33:30: [INFO] Detected layout convertible to matrix annotated keyboard
13:33:30: [INFO] Using key 1U distance: (19.05, 19.05) mm
13:33:30: [INFO] Layout offset: (28575000, 28575000)
13:33:30: [INFO] Diode info: [ElementInfo(annotation_format='D{}', position_option=<PositionOption.CUSTOM: 'Custom'>, position=ElementPosition(x=5.08, y=4.0, orientation=90.0, side=<Side.BACK: 'Back'>), template_path='', start_index=-1)]
13:33:30: [INFO] Placing additional elements for SW35a
13:33:30: [INFO] Placing additional elements for SW35
13:33:30: [INFO] Placing additional elements for SW34
13:33:30: [INFO] Placing additional elements for SW33
13:33:30: [INFO] Placing additional elements for SW32a
13:33:30: [INFO] Placing additional elements for SW32
13:33:30: [INFO] Placing additional elements for SW31
13:33:30: [INFO] Placing additional elements for SW30
13:33:30: [INFO] Placing additional elements for SW29
13:33:30: [INFO] Placing additional elements for SW28
13:33:30: [INFO] Placing additional elements for SW27
13:33:30: [INFO] Placing additional elements for SW26
13:33:30: [INFO] Placing additional elements for SW25
13:33:30: [INFO] Placing additional elements for SW24
13:33:30: [INFO] Placing additional elements for SW23
13:33:30: [INFO] Placing additional elements for SW22
13:33:30: [INFO] Placing additional elements for SW21a
13:33:30: [INFO] Placing additional elements for SW21
13:33:30: [INFO] Placing additional elements for SW20
13:33:30: [INFO] Placing additional elements for SW19
13:33:30: [INFO] Placing additional elements for SW18
13:33:30: [INFO] Placing additional elements for SW17
13:33:30: [INFO] Placing additional elements for SW16
13:33:30: [INFO] Placing additional elements for SW15
13:33:30: [INFO] Placing additional elements for SW14
13:33:30: [INFO] Placing additional elements for SW13
13:33:30: [INFO] Placing additional elements for SW12
13:33:30: [INFO] Placing additional elements for SW11
13:33:30: [INFO] Placing additional elements for SW10
13:33:30: [INFO] Placing additional elements for SW9
13:33:30: [INFO] Placing additional elements for SW8
13:33:30: [INFO] Placing additional elements for SW7
13:33:30: [INFO] Placing additional elements for SW6
13:33:30: [INFO] Placing additional elements for SW5
13:33:30: [INFO] Placing additional elements for SW4
13:33:30: [INFO] Placing additional elements for SW3
13:33:30: [INFO] Placing additional elements for SW2
13:33:30: [INFO] Placing additional elements for SW1
13:33:30: [INFO] Routing SW35a with D35
13:33:30: [INFO] Using internal autorouter method
13:33:30: [INFO] Routing pad 'SW35a:2' at (159702500, 109220000) with pad 'D35:2' at (162242500, 107375000) using coordinate system rotated by 0 degree(s)
13:33:30: [INFO] Adding track segment (B.Cu): [(159702500, 109220000), (160397500, 109220000)]
13:33:30: [INFO] Adding track segment (B.Cu): [(160397500, 109220000), (162242500, 107375000)]
13:33:30: [INFO] Routing SW35 with D35
13:33:30: [INFO] Using internal autorouter method
13:33:30: [INFO] Routing pad 'SW35:2' at (159702500, 99695000) with pad 'D35:2' at (162242500, 107375000) using coordinate system rotated by 0 degree(s)
13:33:30: [INFO] Adding track segment (B.Cu): [(159702500, 99695000), (159702500, 104835000)]
13:33:30: [INFO] Adding track segment (B.Cu): [(159702500, 104835000), (162242500, 107375000)]
13:33:30: [INFO] Routing SW34 with D34
13:33:30: [INFO] Using internal autorouter method
13:33:30: [INFO] Routing pad 'SW34:2' at (140652500, 109220000) with pad 'D34:2' at (143192500, 116900000) using coordinate system rotated by 0 degree(s)
13:33:30: [INFO] Adding track segment (B.Cu): [(140652500, 109220000), (140652500, 114360000)]
13:33:30: [INFO] Adding track segment (B.Cu): [(140652500, 114360000), (143192500, 116900000)]
13:33:30: [INFO] Routing SW33 with D33
13:33:30: [INFO] Using internal autorouter method
13:33:30: [INFO] Routing pad 'SW33:2' at (121602500, 109220000) with pad 'D33:2' at (124142500, 116900000) using coordinate system rotated by 0 degree(s)
13:33:30: [INFO] Adding track segment (B.Cu): [(121602500, 109220000), (121602500, 114360000)]
13:33:30: [INFO] Adding track segment (B.Cu): [(121602500, 114360000), (124142500, 116900000)]
13:33:30: [INFO] Routing SW32a with D32
13:33:30: [INFO] Using internal autorouter method
13:33:30: [INFO] Routing pad 'SW32a:2' at (102552500, 109220000) with pad 'D32:2' at (114617500, 116900000) using coordinate system rotated by 0 degree(s)
13:33:30: [INFO] Routing SW32 with D32
13:33:30: [INFO] Using internal autorouter method
13:33:30: [INFO] Routing pad 'SW32:2' at (112077500, 109220000) with pad 'D32:2' at (114617500, 116900000) using coordinate system rotated by 0 degree(s)
13:33:30: [INFO] Adding track segment (B.Cu): [(112077500, 109220000), (112077500, 114360000)]
13:33:30: [INFO] Adding track segment (B.Cu): [(112077500, 114360000), (114617500, 116900000)]
13:33:30: [INFO] Routing SW31 with D31
13:33:30: [INFO] Using internal autorouter method
13:33:30: [INFO] Routing pad 'SW31:2' at (78740000, 109220000) with pad 'D31:2' at (81280000, 116900000) using coordinate system rotated by 0 degree(s)
13:33:30: [INFO] Adding track segment (B.Cu): [(78740000, 109220000), (78740000, 114360000)]
13:33:30: [INFO] Adding track segment (B.Cu): [(78740000, 114360000), (81280000, 116900000)]
13:33:30: [INFO] Routing SW30 with D30
13:33:30: [INFO] Using internal autorouter method
13:33:30: [INFO] Routing pad 'SW30:2' at (59690000, 109220000) with pad 'D30:2' at (62230000, 116900000) using coordinate system rotated by 0 degree(s)
13:33:30: [INFO] Adding track segment (B.Cu): [(59690000, 109220000), (59690000, 114360000)]
13:33:30: [INFO] Adding track segment (B.Cu): [(59690000, 114360000), (62230000, 116900000)]
13:33:30: [INFO] Routing SW29 with D29
13:33:30: [INFO] Using internal autorouter method
13:33:30: [INFO] Routing pad 'SW29:2' at (40640000, 109220000) with pad 'D29:2' at (43180000, 116900000) using coordinate system rotated by 0 degree(s)
13:33:30: [INFO] Adding track segment (B.Cu): [(40640000, 109220000), (40640000, 114360000)]
13:33:30: [INFO] Adding track segment (B.Cu): [(40640000, 114360000), (43180000, 116900000)]
13:33:30: [INFO] Routing SW28 with D28
13:33:30: [INFO] Using internal autorouter method
13:33:30: [INFO] Routing pad 'SW28:2' at (159702500, 90170000) with pad 'D28:2' at (162242500, 97850000) using coordinate system rotated by 0 degree(s)
13:33:30: [INFO] Adding track segment (B.Cu): [(159702500, 90170000), (159702500, 95310000)]
13:33:31: [INFO] Adding track segment (B.Cu): [(159702500, 95310000), (162242500, 97850000)]
13:33:31: [INFO] Routing SW27 with D27
13:33:31: [INFO] Using internal autorouter method
13:33:31: [INFO] Routing pad 'SW27:2' at (140652500, 90170000) with pad 'D27:2' at (143192500, 97850000) using coordinate system rotated by 0 degree(s)
13:33:31: [INFO] Adding track segment (B.Cu): [(140652500, 90170000), (140652500, 95310000)]
13:33:31: [INFO] Adding track segment (B.Cu): [(140652500, 95310000), (143192500, 97850000)]
13:33:31: [INFO] Routing SW26 with D26
13:33:31: [INFO] Using internal autorouter method
13:33:31: [INFO] Routing pad 'SW26:2' at (121602500, 90170000) with pad 'D26:2' at (124142500, 97850000) using coordinate system rotated by 0 degree(s)
13:33:31: [INFO] Adding track segment (B.Cu): [(121602500, 90170000), (121602500, 95310000)]
13:33:31: [INFO] Adding track segment (B.Cu): [(121602500, 95310000), (124142500, 97850000)]
13:33:31: [INFO] Routing SW25 with D25
13:33:31: [INFO] Using internal autorouter method
13:33:31: [INFO] Routing pad 'SW25:2' at (102552500, 90170000) with pad 'D25:2' at (105092500, 97850000) using coordinate system rotated by 0 degree(s)
13:33:31: [INFO] Adding track segment (B.Cu): [(102552500, 90170000), (102552500, 95310000)]
13:33:31: [INFO] Adding track segment (B.Cu): [(102552500, 95310000), (105092500, 97850000)]
13:33:31: [INFO] Routing SW24 with D24
13:33:31: [INFO] Using internal autorouter method
13:33:31: [INFO] Routing pad 'SW24:2' at (78740000, 90170000) with pad 'D24:2' at (81280000, 97850000) using coordinate system rotated by 0 degree(s)
13:33:31: [INFO] Adding track segment (B.Cu): [(78740000, 90170000), (78740000, 95310000)]
13:33:31: [INFO] Adding track segment (B.Cu): [(78740000, 95310000), (81280000, 97850000)]
13:33:31: [INFO] Routing SW23 with D23
13:33:31: [INFO] Using internal autorouter method
13:33:31: [INFO] Routing pad 'SW23:2' at (59690000, 90170000) with pad 'D23:2' at (62230000, 97850000) using coordinate system rotated by 0 degree(s)
13:33:31: [INFO] Adding track segment (B.Cu): [(59690000, 90170000), (59690000, 95310000)]
13:33:31: [INFO] Adding track segment (B.Cu): [(59690000, 95310000), (62230000, 97850000)]
13:33:31: [INFO] Routing SW22 with D22
13:33:31: [INFO] Using internal autorouter method
13:33:31: [INFO] Routing pad 'SW22:2' at (40640000, 90170000) with pad 'D22:2' at (43180000, 97850000) using coordinate system rotated by 0 degree(s)
13:33:31: [INFO] Adding track segment (B.Cu): [(40640000, 90170000), (40640000, 95310000)]
13:33:31: [INFO] Adding track segment (B.Cu): [(40640000, 95310000), (43180000, 97850000)]
13:33:31: [INFO] Routing SW21a with D21
13:33:31: [INFO] Using internal autorouter method
13:33:31: [INFO] Routing pad 'SW21a:2' at (159702500, 71120000) with pad 'D21:2' at (162242500, 69275000) using coordinate system rotated by 0 degree(s)
13:33:31: [INFO] Adding track segment (B.Cu): [(159702500, 71120000), (160397500, 71120000)]
13:33:31: [INFO] Adding track segment (B.Cu): [(160397500, 71120000), (162242500, 69275000)]
13:33:31: [INFO] Routing SW21 with D21
13:33:31: [INFO] Using internal autorouter method
13:33:31: [INFO] Routing pad 'SW21:2' at (159702500, 61595000) with pad 'D21:2' at (162242500, 69275000) using coordinate system rotated by 0 degree(s)
13:33:31: [INFO] Adding track segment (B.Cu): [(159702500, 61595000), (159702500, 66735000)]
13:33:31: [INFO] Adding track segment (B.Cu): [(159702500, 66735000), (162242500, 69275000)]
13:33:31: [INFO] Routing SW20 with D20
13:33:31: [INFO] Using internal autorouter method
13:33:31: [INFO] Routing pad 'SW20:2' at (140652500, 71120000) with pad 'D20:2' at (143192500, 78800000) using coordinate system rotated by 0 degree(s)
13:33:31: [INFO] Adding track segment (B.Cu): [(140652500, 71120000), (140652500, 76260000)]
13:33:31: [INFO] Adding track segment (B.Cu): [(140652500, 76260000), (143192500, 78800000)]
13:33:31: [INFO] Routing SW19 with D19
13:33:31: [INFO] Using internal autorouter method
13:33:31: [INFO] Routing pad 'SW19:2' at (121602500, 71120000) with pad 'D19:2' at (124142500, 78800000) using coordinate system rotated by 0 degree(s)
13:33:31: [INFO] Adding track segment (B.Cu): [(121602500, 71120000), (121602500, 76260000)]
13:33:31: [INFO] Adding track segment (B.Cu): [(121602500, 76260000), (124142500, 78800000)]
13:33:31: [INFO] Routing SW18 with D18
13:33:31: [INFO] Using internal autorouter method
13:33:31: [INFO] Routing pad 'SW18:2' at (102552500, 71120000) with pad 'D18:2' at (105092500, 78800000) using coordinate system rotated by 0 degree(s)
13:33:31: [INFO] Adding track segment (B.Cu): [(102552500, 71120000), (102552500, 76260000)]
13:33:31: [INFO] Adding track segment (B.Cu): [(102552500, 76260000), (105092500, 78800000)]
13:33:31: [INFO] Routing SW17 with D17
13:33:31: [INFO] Using internal autorouter method
13:33:31: [INFO] Routing pad 'SW17:2' at (78740000, 71120000) with pad 'D17:2' at (81280000, 78800000) using coordinate system rotated by 0 degree(s)
13:33:31: [INFO] Adding track segment (B.Cu): [(78740000, 71120000), (78740000, 76260000)]
13:33:31: [INFO] Adding track segment (B.Cu): [(78740000, 76260000), (81280000, 78800000)]
13:33:31: [INFO] Routing SW16 with D16
13:33:31: [INFO] Using internal autorouter method
13:33:31: [INFO] Routing pad 'SW16:2' at (59690000, 71120000) with pad 'D16:2' at (62230000, 78800000) using coordinate system rotated by 0 degree(s)
13:33:31: [INFO] Adding track segment (B.Cu): [(59690000, 71120000), (59690000, 76260000)]
13:33:31: [INFO] Adding track segment (B.Cu): [(59690000, 76260000), (62230000, 78800000)]
13:33:31: [INFO] Routing SW15 with D15
13:33:31: [INFO] Using internal autorouter method
13:33:31: [INFO] Routing pad 'SW15:2' at (40640000, 71120000) with pad 'D15:2' at (43180000, 78800000) using coordinate system rotated by 0 degree(s)
13:33:31: [INFO] Adding track segment (B.Cu): [(40640000, 71120000), (40640000, 76260000)]
13:33:31: [INFO] Adding track segment (B.Cu): [(40640000, 76260000), (43180000, 78800000)]
13:33:31: [INFO] Routing SW14 with D14
13:33:31: [INFO] Using internal autorouter method
13:33:31: [INFO] Routing pad 'SW14:2' at (159702500, 52070000) with pad 'D14:2' at (162242500, 59750000) using coordinate system rotated by 0 degree(s)
13:33:31: [INFO] Adding track segment (B.Cu): [(159702500, 52070000), (159702500, 57210000)]
13:33:31: [INFO] Adding track segment (B.Cu): [(159702500, 57210000), (162242500, 59750000)]
13:33:31: [INFO] Routing SW13 with D13
13:33:31: [INFO] Using internal autorouter method
13:33:31: [INFO] Routing pad 'SW13:2' at (140652500, 52070000) with pad 'D13:2' at (143192500, 59750000) using coordinate system rotated by 0 degree(s)
13:33:31: [INFO] Adding track segment (B.Cu): [(140652500, 52070000), (140652500, 57210000)]
13:33:31: [INFO] Adding track segment (B.Cu): [(140652500, 57210000), (143192500, 59750000)]
13:33:31: [INFO] Routing SW12 with D12
13:33:31: [INFO] Using internal autorouter method
13:33:31: [INFO] Routing pad 'SW12:2' at (121602500, 52070000) with pad 'D12:2' at (124142500, 59750000) using coordinate system rotated by 0 degree(s)
13:33:31: [INFO] Adding track segment (B.Cu): [(121602500, 52070000), (121602500, 57210000)]
13:33:31: [INFO] Adding track segment (B.Cu): [(121602500, 57210000), (124142500, 59750000)]
13:33:31: [INFO] Routing SW11 with D11
13:33:31: [INFO] Using internal autorouter method
13:33:31: [INFO] Routing pad 'SW11:2' at (102552500, 52070000) with pad 'D11:2' at (105092500, 59750000) using coordinate system rotated by 0 degree(s)
13:33:31: [INFO] Adding track segment (B.Cu): [(102552500, 52070000), (102552500, 57210000)]
13:33:31: [INFO] Adding track segment (B.Cu): [(102552500, 57210000), (105092500, 59750000)]
13:33:31: [INFO] Routing SW10 with D10
13:33:31: [INFO] Using internal autorouter method
13:33:31: [INFO] Routing pad 'SW10:2' at (78740000, 52070000) with pad 'D10:2' at (81280000, 59750000) using coordinate system rotated by 0 degree(s)
13:33:31: [INFO] Adding track segment (B.Cu): [(78740000, 52070000), (78740000, 57210000)]
13:33:31: [INFO] Adding track segment (B.Cu): [(78740000, 57210000), (81280000, 59750000)]
13:33:31: [INFO] Routing SW9 with D9
13:33:31: [INFO] Using internal autorouter method
13:33:31: [INFO] Routing pad 'SW9:2' at (59690000, 52070000) with pad 'D9:2' at (62230000, 59750000) using coordinate system rotated by 0 degree(s)
13:33:31: [INFO] Adding track segment (B.Cu): [(59690000, 52070000), (59690000, 57210000)]
13:33:31: [INFO] Adding track segment (B.Cu): [(59690000, 57210000), (62230000, 59750000)]
13:33:31: [INFO] Routing SW8 with D8
13:33:31: [INFO] Using internal autorouter method
13:33:31: [INFO] Routing pad 'SW8:2' at (40640000, 52070000) with pad 'D8:2' at (43180000, 59750000) using coordinate system rotated by 0 degree(s)
13:33:31: [INFO] Adding track segment (B.Cu): [(40640000, 52070000), (40640000, 57210000)]
13:33:31: [INFO] Adding track segment (B.Cu): [(40640000, 57210000), (43180000, 59750000)]
13:33:31: [INFO] Routing SW7 with D7
13:33:31: [INFO] Using internal autorouter method
13:33:31: [INFO] Routing pad 'SW7:2' at (159702500, 33020000) with pad 'D7:2' at (162242500, 40700000) using coordinate system rotated by 0 degree(s)
13:33:31: [INFO] Adding track segment (B.Cu): [(159702500, 33020000), (159702500, 38160000)]
13:33:31: [INFO] Adding track segment (B.Cu): [(159702500, 38160000), (162242500, 40700000)]
13:33:31: [INFO] Routing SW6 with D6
13:33:31: [INFO] Using internal autorouter method
13:33:31: [INFO] Routing pad 'SW6:2' at (140652500, 33020000) with pad 'D6:2' at (143192500, 40700000) using coordinate system rotated by 0 degree(s)
13:33:31: [INFO] Adding track segment (B.Cu): [(140652500, 33020000), (140652500, 38160000)]
13:33:31: [INFO] Adding track segment (B.Cu): [(140652500, 38160000), (143192500, 40700000)]
13:33:31: [INFO] Routing SW5 with D5
13:33:31: [INFO] Using internal autorouter method
13:33:31: [INFO] Routing pad 'SW5:2' at (121602500, 33020000) with pad 'D5:2' at (124142500, 40700000) using coordinate system rotated by 0 degree(s)
13:33:31: [INFO] Adding track segment (B.Cu): [(121602500, 33020000), (121602500, 38160000)]
13:33:31: [INFO] Adding track segment (B.Cu): [(121602500, 38160000), (124142500, 40700000)]
13:33:31: [INFO] Routing SW4 with D4
13:33:31: [INFO] Using internal autorouter method
13:33:31: [INFO] Routing pad 'SW4:2' at (102552500, 33020000) with pad 'D4:2' at (105092500, 40700000) using coordinate system rotated by 0 degree(s)
13:33:31: [INFO] Adding track segment (B.Cu): [(102552500, 33020000), (102552500, 38160000)]
13:33:31: [INFO] Adding track segment (B.Cu): [(102552500, 38160000), (105092500, 40700000)]
13:33:31: [INFO] Routing SW3 with D3
13:33:31: [INFO] Using internal autorouter method
13:33:31: [INFO] Routing pad 'SW3:2' at (78740000, 33020000) with pad 'D3:2' at (81280000, 40700000) using coordinate system rotated by 0 degree(s)
13:33:31: [INFO] Adding track segment (B.Cu): [(78740000, 33020000), (78740000, 38160000)]
13:33:31: [INFO] Adding track segment (B.Cu): [(78740000, 38160000), (81280000, 40700000)]
13:33:31: [INFO] Routing SW2 with D2
13:33:31: [INFO] Using internal autorouter method
13:33:31: [INFO] Routing pad 'SW2:2' at (59690000, 33020000) with pad 'D2:2' at (62230000, 40700000) using coordinate system rotated by 0 degree(s)
13:33:31: [INFO] Adding track segment (B.Cu): [(59690000, 33020000), (59690000, 38160000)]
13:33:31: [INFO] Adding track segment (B.Cu): [(59690000, 38160000), (62230000, 40700000)]
13:33:31: [INFO] Routing SW1 with D1
13:33:31: [INFO] Using internal autorouter method
13:33:31: [INFO] Routing pad 'SW1:2' at (40640000, 33020000) with pad 'D1:2' at (43180000, 40700000) using coordinate system rotated by 0 degree(s)
13:33:31: [INFO] Adding track segment (B.Cu): [(40640000, 33020000), (40640000, 38160000)]
13:33:31: [INFO] Adding track segment (B.Cu): [(40640000, 38160000), (43180000, 40700000)]
13:33:31: [INFO] Routing COL5 pads
13:33:31: [INFO] Routing pad 'SW6:1' at (134302500, 35560000) with pad 'SW13:1' at (134302500, 54610000) using coordinate system rotated by 0 degree(s)
13:33:31: [INFO] Adding track segment (F.Cu): [(134302500, 35560000), (134302500, 54610000)]
13:33:31: [INFO] Routing pad 'SW13:1' at (134302500, 54610000) with pad 'SW20:1' at (134302500, 73660000) using coordinate system rotated by 0 degree(s)
13:33:31: [INFO] Adding track segment (F.Cu): [(134302500, 54610000), (134302500, 73660000)]
13:33:31: [INFO] Routing pad 'SW20:1' at (134302500, 73660000) with pad 'SW27:1' at (134302500, 92710000) using coordinate system rotated by 0 degree(s)
13:33:31: [INFO] Adding track segment (F.Cu): [(134302500, 73660000), (134302500, 92710000)]
13:33:31: [INFO] Routing pad 'SW27:1' at (134302500, 92710000) with pad 'SW34:1' at (134302500, 111760000) using coordinate system rotated by 0 degree(s)
13:33:31: [INFO] Adding track segment (F.Cu): [(134302500, 92710000), (134302500, 111760000)]
13:33:31: [INFO] Routing ROW0 pads
13:33:31: [INFO] Routing pad 'D1:1' at (43180000, 43500000) with pad 'D2:1' at (62230000, 43500000) using coordinate system rotated by 0 degree(s)
13:33:31: [INFO] Adding track segment (B.Cu): [(43180000, 43500000), (62230000, 43500000)]
13:33:31: [INFO] Routing pad 'D2:1' at (62230000, 43500000) with pad 'D3:1' at (81280000, 43500000) using coordinate system rotated by 0 degree(s)
13:33:31: [INFO] Adding track segment (B.Cu): [(62230000, 43500000), (81280000, 43500000)]
13:33:31: [INFO] Routing pad 'D3:1' at (81280000, 43500000) with pad 'D4:1' at (105092500, 43500000) using coordinate system rotated by 0 degree(s)
13:33:31: [INFO] Adding track segment (B.Cu): [(81280000, 43500000), (105092500, 43500000)]
13:33:31: [INFO] Routing pad 'D4:1' at (105092500, 43500000) with pad 'D5:1' at (124142500, 43500000) using coordinate system rotated by 0 degree(s)
13:33:31: [INFO] Adding track segment (B.Cu): [(105092500, 43500000), (124142500, 43500000)]
13:33:31: [INFO] Routing pad 'D5:1' at (124142500, 43500000) with pad 'D6:1' at (143192500, 43500000) using coordinate system rotated by 0 degree(s)
13:33:31: [INFO] Adding track segment (B.Cu): [(124142500, 43500000), (143192500, 43500000)]
13:33:31: [INFO] Routing pad 'D6:1' at (143192500, 43500000) with pad 'D7:1' at (162242500, 43500000) using coordinate system rotated by 0 degree(s)
13:33:31: [INFO] Adding track segment (B.Cu): [(143192500, 43500000), (162242500, 43500000)]
13:33:31: [INFO] Routing COL0 pads
13:33:31: [INFO] Routing pad 'SW1:1' at (34290000, 35560000) with pad 'SW8:1' at (34290000, 54610000) using coordinate system rotated by 0 degree(s)
13:33:31: [INFO] Adding track segment (F.Cu): [(34290000, 35560000), (34290000, 54610000)]
13:33:31: [INFO] Routing pad 'SW8:1' at (34290000, 54610000) with pad 'SW15:1' at (34290000, 73660000) using coordinate system rotated by 0 degree(s)
13:33:31: [INFO] Adding track segment (F.Cu): [(34290000, 54610000), (34290000, 73660000)]
13:33:31: [INFO] Routing pad 'SW15:1' at (34290000, 73660000) with pad 'SW22:1' at (34290000, 92710000) using coordinate system rotated by 0 degree(s)
13:33:31: [INFO] Adding track segment (F.Cu): [(34290000, 73660000), (34290000, 92710000)]
13:33:31: [INFO] Routing pad 'SW22:1' at (34290000, 92710000) with pad 'SW29:1' at (34290000, 111760000) using coordinate system rotated by 0 degree(s)
13:33:31: [INFO] Adding track segment (F.Cu): [(34290000, 92710000), (34290000, 111760000)]
13:33:31: [INFO] Routing COL3 pads
13:33:31: [INFO] Routing pad 'SW4:1' at (96202500, 35560000) with pad 'SW11:1' at (96202500, 54610000) using coordinate system rotated by 0 degree(s)
13:33:31: [INFO] Adding track segment (F.Cu): [(96202500, 35560000), (96202500, 54610000)]
13:33:31: [INFO] Routing pad 'SW11:1' at (96202500, 54610000) with pad 'SW18:1' at (96202500, 73660000) using coordinate system rotated by 0 degree(s)
13:33:31: [INFO] Adding track segment (F.Cu): [(96202500, 54610000), (96202500, 73660000)]
13:33:31: [INFO] Routing pad 'SW18:1' at (96202500, 73660000) with pad 'SW25:1' at (96202500, 92710000) using coordinate system rotated by 0 degree(s)
13:33:31: [INFO] Adding track segment (F.Cu): [(96202500, 73660000), (96202500, 92710000)]
13:33:31: [INFO] Routing pad 'SW25:1' at (96202500, 92710000) with pad 'SW32a:1' at (96202500, 111760000) using coordinate system rotated by 0 degree(s)
13:33:31: [INFO] Adding track segment (F.Cu): [(96202500, 92710000), (96202500, 111760000)]
13:33:31: [INFO] Could not add track segment due to detected collision
13:33:31: [INFO] Routing pad 'SW32a:1' at (96202500, 111760000) with pad 'SW32:1' at (105727500, 111760000) using coordinate system rotated by 0 degree(s)
13:33:31: [INFO] Adding track segment (F.Cu): [(96202500, 111760000), (105727500, 111760000)]
13:33:31: [INFO] Routing ROW2 pads
13:33:31: [INFO] Routing pad 'D15:1' at (43180000, 81600000) with pad 'D16:1' at (62230000, 81600000) using coordinate system rotated by 0 degree(s)
13:33:31: [INFO] Adding track segment (B.Cu): [(43180000, 81600000), (62230000, 81600000)]
13:33:31: [INFO] Routing pad 'D16:1' at (62230000, 81600000) with pad 'D17:1' at (81280000, 81600000) using coordinate system rotated by 0 degree(s)
13:33:31: [INFO] Adding track segment (B.Cu): [(62230000, 81600000), (81280000, 81600000)]
13:33:31: [INFO] Routing pad 'D17:1' at (81280000, 81600000) with pad 'D18:1' at (105092500, 81600000) using coordinate system rotated by 0 degree(s)
13:33:31: [INFO] Adding track segment (B.Cu): [(81280000, 81600000), (105092500, 81600000)]
13:33:31: [INFO] Routing pad 'D18:1' at (105092500, 81600000) with pad 'D19:1' at (124142500, 81600000) using coordinate system rotated by 0 degree(s)
13:33:31: [INFO] Adding track segment (B.Cu): [(105092500, 81600000), (124142500, 81600000)]
13:33:31: [INFO] Routing pad 'D19:1' at (124142500, 81600000) with pad 'D20:1' at (143192500, 81600000) using coordinate system rotated by 0 degree(s)
13:33:31: [INFO] Adding track segment (B.Cu): [(124142500, 81600000), (143192500, 81600000)]
13:33:31: [INFO] Routing pad 'D20:1' at (143192500, 81600000) with pad 'D21:1' at (162242500, 72075000) using coordinate system rotated by 0 degree(s)
13:33:31: [INFO] Routing COL4 pads
13:33:31: [INFO] Routing pad 'SW5:1' at (115252500, 35560000) with pad 'SW12:1' at (115252500, 54610000) using coordinate system rotated by 0 degree(s)
13:33:31: [INFO] Adding track segment (F.Cu): [(115252500, 35560000), (115252500, 54610000)]
13:33:31: [INFO] Routing pad 'SW12:1' at (115252500, 54610000) with pad 'SW19:1' at (115252500, 73660000) using coordinate system rotated by 0 degree(s)
13:33:31: [INFO] Adding track segment (F.Cu): [(115252500, 54610000), (115252500, 73660000)]
13:33:31: [INFO] Routing pad 'SW19:1' at (115252500, 73660000) with pad 'SW26:1' at (115252500, 92710000) using coordinate system rotated by 0 degree(s)
13:33:31: [INFO] Adding track segment (F.Cu): [(115252500, 73660000), (115252500, 92710000)]
13:33:31: [INFO] Routing pad 'SW26:1' at (115252500, 92710000) with pad 'SW33:1' at (115252500, 111760000) using coordinate system rotated by 0 degree(s)
13:33:31: [INFO] Adding track segment (F.Cu): [(115252500, 92710000), (115252500, 111760000)]
13:33:31: [INFO] Routing COL1 pads
13:33:31: [INFO] Routing pad 'SW2:1' at (53340000, 35560000) with pad 'SW9:1' at (53340000, 54610000) using coordinate system rotated by 0 degree(s)
13:33:31: [INFO] Adding track segment (F.Cu): [(53340000, 35560000), (53340000, 54610000)]
13:33:31: [INFO] Routing pad 'SW9:1' at (53340000, 54610000) with pad 'SW16:1' at (53340000, 73660000) using coordinate system rotated by 0 degree(s)
13:33:31: [INFO] Adding track segment (F.Cu): [(53340000, 54610000), (53340000, 73660000)]
13:33:31: [INFO] Routing pad 'SW16:1' at (53340000, 73660000) with pad 'SW23:1' at (53340000, 92710000) using coordinate system rotated by 0 degree(s)
13:33:31: [INFO] Adding track segment (F.Cu): [(53340000, 73660000), (53340000, 92710000)]
13:33:31: [INFO] Routing pad 'SW23:1' at (53340000, 92710000) with pad 'SW30:1' at (53340000, 111760000) using coordinate system rotated by 0 degree(s)
13:33:31: [INFO] Adding track segment (F.Cu): [(53340000, 92710000), (53340000, 111760000)]
13:33:31: [INFO] Routing ROW4 pads
13:33:31: [INFO] Routing pad 'D29:1' at (43180000, 119700000) with pad 'D30:1' at (62230000, 119700000) using coordinate system rotated by 0 degree(s)
13:33:31: [INFO] Adding track segment (B.Cu): [(43180000, 119700000), (62230000, 119700000)]
13:33:31: [INFO] Routing pad 'D30:1' at (62230000, 119700000) with pad 'D31:1' at (81280000, 119700000) using coordinate system rotated by 0 degree(s)
13:33:31: [INFO] Adding track segment (B.Cu): [(62230000, 119700000), (81280000, 119700000)]
13:33:31: [INFO] Routing pad 'D31:1' at (81280000, 119700000) with pad 'D32:1' at (114617500, 119700000) using coordinate system rotated by 0 degree(s)
13:33:31: [INFO] Adding track segment (B.Cu): [(81280000, 119700000), (114617500, 119700000)]
13:33:31: [INFO] Routing pad 'D32:1' at (114617500, 119700000) with pad 'D33:1' at (124142500, 119700000) using coordinate system rotated by 0 degree(s)
13:33:31: [INFO] Adding track segment (B.Cu): [(114617500, 119700000), (124142500, 119700000)]
13:33:31: [INFO] Routing pad 'D33:1' at (124142500, 119700000) with pad 'D34:1' at (143192500, 119700000) using coordinate system rotated by 0 degree(s)
13:33:31: [INFO] Adding track segment (B.Cu): [(124142500, 119700000), (143192500, 119700000)]
13:33:31: [INFO] Routing pad 'D34:1' at (143192500, 119700000) with pad 'D35:1' at (162242500, 110175000) using coordinate system rotated by 0 degree(s)
13:33:31: [INFO] Routing COL6 pads
13:33:31: [INFO] Routing pad 'SW7:1' at (153352500, 35560000) with pad 'SW14:1' at (153352500, 54610000) using coordinate system rotated by 0 degree(s)
13:33:31: [INFO] Adding track segment (F.Cu): [(153352500, 35560000), (153352500, 54610000)]
13:33:31: [INFO] Routing pad 'SW14:1' at (153352500, 54610000) with pad 'SW21:1' at (153352500, 64135000) using coordinate system rotated by 0 degree(s)
13:33:31: [INFO] Adding track segment (F.Cu): [(153352500, 54610000), (153352500, 64135000)]
13:33:31: [INFO] Routing pad 'SW21:1' at (153352500, 64135000) with pad 'SW21a:1' at (153352500, 73660000) using coordinate system rotated by 0 degree(s)
13:33:31: [INFO] Adding track segment (F.Cu): [(153352500, 64135000), (153352500, 73660000)]
13:33:31: [INFO] Routing pad 'SW21a:1' at (153352500, 73660000) with pad 'SW28:1' at (153352500, 92710000) using coordinate system rotated by 0 degree(s)
13:33:31: [INFO] Adding track segment (F.Cu): [(153352500, 73660000), (153352500, 92710000)]
13:33:31: [INFO] Routing pad 'SW28:1' at (153352500, 92710000) with pad 'SW35:1' at (153352500, 102235000) using coordinate system rotated by 0 degree(s)
13:33:31: [INFO] Adding track segment (F.Cu): [(153352500, 92710000), (153352500, 102235000)]
13:33:31: [INFO] Routing pad 'SW35:1' at (153352500, 102235000) with pad 'SW35a:1' at (153352500, 111760000) using coordinate system rotated by 0 degree(s)
13:33:31: [INFO] Adding track segment (F.Cu): [(153352500, 102235000), (153352500, 111760000)]
13:33:31: [INFO] Routing COL2 pads
13:33:31: [INFO] Routing pad 'SW3:1' at (72390000, 35560000) with pad 'SW10:1' at (72390000, 54610000) using coordinate system rotated by 0 degree(s)
13:33:31: [INFO] Adding track segment (F.Cu): [(72390000, 35560000), (72390000, 54610000)]
13:33:31: [INFO] Routing pad 'SW10:1' at (72390000, 54610000) with pad 'SW17:1' at (72390000, 73660000) using coordinate system rotated by 0 degree(s)
13:33:31: [INFO] Adding track segment (F.Cu): [(72390000, 54610000), (72390000, 73660000)]
13:33:31: [INFO] Routing pad 'SW17:1' at (72390000, 73660000) with pad 'SW24:1' at (72390000, 92710000) using coordinate system rotated by 0 degree(s)
13:33:31: [INFO] Adding track segment (F.Cu): [(72390000, 73660000), (72390000, 92710000)]
13:33:31: [INFO] Routing pad 'SW24:1' at (72390000, 92710000) with pad 'SW31:1' at (72390000, 111760000) using coordinate system rotated by 0 degree(s)
13:33:31: [INFO] Adding track segment (F.Cu): [(72390000, 92710000), (72390000, 111760000)]
13:33:31: [INFO] Routing ROW1 pads
13:33:31: [INFO] Routing pad 'D8:1' at (43180000, 62550000) with pad 'D9:1' at (62230000, 62550000) using coordinate system rotated by 0 degree(s)
13:33:31: [INFO] Adding track segment (B.Cu): [(43180000, 62550000), (62230000, 62550000)]
13:33:31: [INFO] Routing pad 'D9:1' at (62230000, 62550000) with pad 'D10:1' at (81280000, 62550000) using coordinate system rotated by 0 degree(s)
13:33:31: [INFO] Adding track segment (B.Cu): [(62230000, 62550000), (81280000, 62550000)]
13:33:31: [INFO] Routing pad 'D10:1' at (81280000, 62550000) with pad 'D11:1' at (105092500, 62550000) using coordinate system rotated by 0 degree(s)
13:33:31: [INFO] Adding track segment (B.Cu): [(81280000, 62550000), (105092500, 62550000)]
13:33:31: [INFO] Routing pad 'D11:1' at (105092500, 62550000) with pad 'D12:1' at (124142500, 62550000) using coordinate system rotated by 0 degree(s)
13:33:31: [INFO] Adding track segment (B.Cu): [(105092500, 62550000), (124142500, 62550000)]
13:33:31: [INFO] Routing pad 'D12:1' at (124142500, 62550000) with pad 'D13:1' at (143192500, 62550000) using coordinate system rotated by 0 degree(s)
13:33:31: [INFO] Adding track segment (B.Cu): [(124142500, 62550000), (143192500, 62550000)]
13:33:31: [INFO] Routing pad 'D13:1' at (143192500, 62550000) with pad 'D14:1' at (162242500, 62550000) using coordinate system rotated by 0 degree(s)
13:33:31: [INFO] Adding track segment (B.Cu): [(143192500, 62550000), (162242500, 62550000)]
13:33:31: [INFO] Could not add track segment due to detected collision
13:33:31: [INFO] Routing ROW3 pads
13:33:31: [INFO] Routing pad 'D22:1' at (43180000, 100650000) with pad 'D23:1' at (62230000, 100650000) using coordinate system rotated by 0 degree(s)
13:33:31: [INFO] Adding track segment (B.Cu): [(43180000, 100650000), (62230000, 100650000)]
13:33:31: [INFO] Routing pad 'D23:1' at (62230000, 100650000) with pad 'D24:1' at (81280000, 100650000) using coordinate system rotated by 0 degree(s)
13:33:31: [INFO] Adding track segment (B.Cu): [(62230000, 100650000), (81280000, 100650000)]
13:33:31: [INFO] Routing pad 'D24:1' at (81280000, 100650000) with pad 'D25:1' at (105092500, 100650000) using coordinate system rotated by 0 degree(s)
13:33:31: [INFO] Adding track segment (B.Cu): [(81280000, 100650000), (105092500, 100650000)]
13:33:31: [INFO] Routing pad 'D25:1' at (105092500, 100650000) with pad 'D26:1' at (124142500, 100650000) using coordinate system rotated by 0 degree(s)
13:33:31: [INFO] Adding track segment (B.Cu): [(105092500, 100650000), (124142500, 100650000)]
13:33:31: [INFO] Routing pad 'D26:1' at (124142500, 100650000) with pad 'D27:1' at (143192500, 100650000) using coordinate system rotated by 0 degree(s)
13:33:31: [INFO] Adding track segment (B.Cu): [(124142500, 100650000), (143192500, 100650000)]
13:33:31: [INFO] Routing pad 'D27:1' at (143192500, 100650000) with pad 'D28:1' at (162242500, 100650000) using coordinate system rotated by 0 degree(s)
13:33:31: [INFO] Adding track segment (B.Cu): [(143192500, 100650000), (162242500, 100650000)]
13:33:31: [INFO] Could not add track segment due to detected collision
13:33:31: [INFO] Removing dangling tracks
