=== kbplacer.kle_serial ===
=== layout2image.py ===
=== kbplacer ===
13:31:21: [INFO] User layout: https://editor.keyboard-tools.xyz/#share=NrDeCIA9wLgAgCwBo7gMa1QYgOx-+AL4rgAMSp4KEG84WajTRJ5AjFauQEydlIBmPuQTCkAVjEA2TjUz18BYlyQ5Z6eQyaMWKgBxiAnGLaVWSNh3Nte1DXVyK1y-mwEAdAHZev5MyrYEH29PP3VoeDYSAHdMbhcowODfC3AAXSQAKDAoTGRUWMiAOnEEinVabG0dMqtUKNt6wT4o0RIoyTtKhSddcCiZdqQDLs1qjDLjIdMWizr+i0aFtwrNJzUYzDYS2tEM7IgIxBJurABDC8u+Qrht7lKSbnLRh3G+p-mnpaehO09MAAuACcAK4AUxcTzaqCenTgcgc63eSEG8Ny8FIO0ew1Wr2qyKmaP+8GB4MhFn84A+n0WfA+vzRpyRm2K93JgXSWRyR3y9mwlyuLgEz0ZY3xQtSJGFS2FDPAwuh8okuOwSIlqKVG1QwpGorx2j6wsJSpmUrmfGFNgtFgZCP5ArOhosey5hzyLmQpGSnii-ggNzuD1QyDY3t96gDRTZJGQ3DDIv9WyjQfAyA8IS84Zeqt6LLg3GTHqQQQzPpFqdU8b94Bu8RjSEMVZV9AdjqLpib2Z6ij6IdDpazwcWnaHbhHFaSA-K+25eRIAE8tidNK3rkmUyH4-NY1uI+ui+ngolm44e3mcEWcLv65Zr6O41Ptza7xOS0fUjO3fBeYuMcnlw4q55tsG4WPGSw7lOjSJsUoGHiEDQnsyBSYBe9ZXlBJ5AShsFlBh77fJWmF2JGoF6OBnIHOixyoL+cCYjgoFelOto1km0ajvGrGRhxFYPu+3HsXBXFIbmOH5oW9ZvghzToSJJFxEUjFFo2LFYQ6a7wHWTT4TJglaZJQ7kWpn7UT+mCYrxnrxtCMG3IZE42XurKgfxMm2WxLkHk5XangQeYFlZxY+UOumZsWzn5ipIV2i2GnAViQ7iDFnn2bxTxhWWHm1g5yDGe+LpUTyC4WUp4gJaB-bvnCdmBkWbnhTVqUgd5U5NUyYmpQWylSfGcIVplHSRdpFaqdVfAhsx403lVMn9SGDVlvNz5tRNzp9ZRs7fiVf73AB9oCpp9mVfGqK1blSCLQMkUtfW8HhWdfLdv54ndaB0kPWtg0osNZXRVOj2nNhXV4adv1BflMkyKZxW0aVe3ibdnFTlq51BVdqg3YlFb3WWqNPX5eBHW9RYfXjX3xvjtb-e++NA-FiPY8gyUo1j6VEbT4NkZT6RpEAA
13:31:21: [INFO] Labels prefixes: for rows: 'ROW', for columns: 'COL'
13:31:21: [INFO] Matrix size: 4x14
13:31:21: [WARNING] No stabilizer footprint for width 2.25u, using 2u as fallback
13:31:21: [WARNING] No stabilizer footprint for width 2.75u, using 2u as fallback
13:31:21: [WARNING] No stabilizer footprint for width 2.25u, using 2u as fallback
13:31:21: [WARNING] No stabilizer footprint for width 2.75u, using 2u as fallback
13:31:22: [INFO] Add COL0 net
13:31:22: [INFO] Add COL1 net
13:31:22: [INFO] Add COL10 net
13:31:22: [INFO] Add COL11 net
13:31:22: [INFO] Add COL12 net
13:31:22: [INFO] Add COL13 net
13:31:22: [INFO] Add COL14 net
13:31:22: [INFO] Add COL2 net
13:31:22: [INFO] Add COL3 net
13:31:22: [INFO] Add COL4 net
13:31:22: [INFO] Add COL5 net
13:31:22: [INFO] Add COL6 net
13:31:22: [INFO] Add COL7 net
13:31:22: [INFO] Add COL8 net
13:31:22: [INFO] Add COL9 net
13:31:22: [INFO] Add Net-(D1-A) net
13:31:22: [INFO] Add Net-(D10-A) net
13:31:22: [INFO] Add Net-(D11-A) net
13:31:22: [INFO] Add Net-(D12-A) net
13:31:22: [INFO] Add Net-(D13-A) net
13:31:22: [INFO] Add Net-(D14-A) net
13:31:22: [INFO] Add Net-(D15-A) net
13:31:22: [INFO] Add Net-(D16-A) net
13:31:22: [INFO] Add Net-(D17-A) net
13:31:22: [INFO] Add Net-(D18-A) net
13:31:22: [INFO] Add Net-(D19-A) net
13:31:22: [INFO] Add Net-(D2-A) net
13:31:22: [INFO] Add Net-(D20-A) net
13:31:22: [INFO] Add Net-(D21-A) net
13:31:22: [INFO] Add Net-(D22-A) net
13:31:22: [INFO] Add Net-(D23-A) net
13:31:22: [INFO] Add Net-(D24-A) net
13:31:22: [INFO] Add Net-(D25-A) net
13:31:22: [INFO] Add Net-(D26-A) net
13:31:22: [INFO] Add Net-(D27-A) net
13:31:22: [INFO] Add Net-(D28-A) net
13:31:22: [INFO] Add Net-(D29-A) net
13:31:22: [INFO] Add Net-(D3-A) net
13:31:22: [INFO] Add Net-(D30-A) net
13:31:22: [INFO] Add Net-(D31-A) net
13:31:22: [INFO] Add Net-(D32-A) net
13:31:22: [INFO] Add Net-(D33-A) net
13:31:22: [INFO] Add Net-(D34-A) net
13:31:22: [INFO] Add Net-(D35-A) net
13:31:22: [INFO] Add Net-(D36-A) net
13:31:22: [INFO] Add Net-(D37-A) net
13:31:22: [INFO] Add Net-(D38-A) net
13:31:22: [INFO] Add Net-(D39-A) net
13:31:22: [INFO] Add Net-(D4-A) net
13:31:22: [INFO] Add Net-(D40-A) net
13:31:22: [INFO] Add Net-(D41-A) net
13:31:22: [INFO] Add Net-(D42-A) net
13:31:22: [INFO] Add Net-(D43-A) net
13:31:22: [INFO] Add Net-(D44-A) net
13:31:22: [INFO] Add Net-(D45-A) net
13:31:22: [INFO] Add Net-(D46-A) net
13:31:22: [INFO] Add Net-(D47-A) net
13:31:22: [INFO] Add Net-(D48-A) net
13:31:22: [INFO] Add Net-(D49-A) net
13:31:22: [INFO] Add Net-(D5-A) net
13:31:22: [INFO] Add Net-(D50-A) net
13:31:22: [INFO] Add Net-(D51-A) net
13:31:22: [INFO] Add Net-(D52-A) net
13:31:22: [INFO] Add Net-(D53-A) net
13:31:22: [INFO] Add Net-(D54-A) net
13:31:22: [INFO] Add Net-(D55-A) net
13:31:22: [INFO] Add Net-(D56-A) net
13:31:22: [INFO] Add Net-(D57-A) net
13:31:22: [INFO] Add Net-(D58-A) net
13:31:22: [INFO] Add Net-(D59-A) net
13:31:22: [INFO] Add Net-(D6-A) net
13:31:22: [INFO] Add Net-(D60-A) net
13:31:22: [INFO] Add Net-(D61-A) net
13:31:22: [INFO] Add Net-(D62-A) net
13:31:22: [INFO] Add Net-(D63-A) net
13:31:22: [INFO] Add Net-(D64-A) net
13:31:22: [INFO] Add Net-(D65-A) net
13:31:22: [INFO] Add Net-(D66-A) net
13:31:22: [INFO] Add Net-(D67-A) net
13:31:22: [INFO] Add Net-(D68-A) net
13:31:22: [INFO] Add Net-(D69-A) net
13:31:22: [INFO] Add Net-(D7-A) net
13:31:22: [INFO] Add Net-(D70-A) net
13:31:22: [INFO] Add Net-(D71-A) net
13:31:22: [INFO] Add Net-(D72-A) net
13:31:22: [INFO] Add Net-(D73-A) net
13:31:22: [INFO] Add Net-(D74-A) net
13:31:22: [INFO] Add Net-(D8-A) net
13:31:22: [INFO] Add Net-(D9-A) net
13:31:22: [INFO] Add ROW0 net
13:31:22: [INFO] Add ROW1 net
13:31:22: [INFO] Add ROW2 net
13:31:22: [INFO] Add ROW3 net
13:31:22: [INFO] Add ROW4 net
13:31:22: [INFO] Add SW1 footprint
13:31:22: [INFO] Add D1 footprint
13:31:22: [INFO] Add SW2 footprint
13:31:22: [INFO] Add D2 footprint
13:31:22: [INFO] Add SW3 footprint
13:31:22: [INFO] Add D3 footprint
13:31:22: [INFO] Add SW4 footprint
13:31:22: [INFO] Add D4 footprint
13:31:22: [INFO] Add SW5 footprint
13:31:22: [INFO] Add D5 footprint
13:31:22: [INFO] Add SW6 footprint
13:31:22: [INFO] Add D6 footprint
13:31:22: [INFO] Add SW7 footprint
13:31:22: [INFO] Add D7 footprint
13:31:22: [INFO] Add SW8 footprint
13:31:22: [INFO] Add D8 footprint
13:31:22: [INFO] Add SW9 footprint
13:31:22: [INFO] Add D9 footprint
13:31:22: [INFO] Add SW10 footprint
13:31:22: [INFO] Add D10 footprint
13:31:22: [INFO] Add SW11 footprint
13:31:22: [INFO] Add D11 footprint
13:31:22: [INFO] Add SW12 footprint
13:31:22: [INFO] Add D12 footprint
13:31:22: [INFO] Add SW13 footprint
13:31:22: [INFO] Add D13 footprint
13:31:22: [INFO] Add SW14 footprint
13:31:22: [INFO] Add D14 footprint
13:31:22: [INFO] Add SW15 footprint
13:31:22: [INFO] Add D15 footprint
13:31:23: [INFO] Add SW16 footprint
13:31:23: [INFO] Add D16 footprint
13:31:23: [INFO] Add SW17 footprint
13:31:23: [INFO] Add D17 footprint
13:31:23: [INFO] Add SW18 footprint
13:31:23: [INFO] Add D18 footprint
13:31:23: [INFO] Add SW19 footprint
13:31:23: [INFO] Add D19 footprint
13:31:23: [INFO] Add SW20 footprint
13:31:23: [INFO] Add D20 footprint
13:31:23: [INFO] Add SW21 footprint
13:31:23: [INFO] Add D21 footprint
13:31:23: [INFO] Add SW22 footprint
13:31:23: [INFO] Add D22 footprint
13:31:23: [INFO] Add SW23 footprint
13:31:23: [INFO] Add D23 footprint
13:31:23: [INFO] Add SW24 footprint
13:31:23: [INFO] Add D24 footprint
13:31:23: [INFO] Add SW25 footprint
13:31:23: [INFO] Add D25 footprint
13:31:23: [INFO] Add SW26 footprint
13:31:23: [INFO] Add D26 footprint
13:31:23: [INFO] Add SW27 footprint
13:31:23: [INFO] Add D27 footprint
13:31:23: [INFO] Add SW28 footprint
13:31:23: [INFO] Add D28 footprint
13:31:23: [INFO] Add SW29 footprint
13:31:23: [INFO] Add D29 footprint
13:31:23: [INFO] Add SW30 footprint
13:31:23: [INFO] Add D30 footprint
13:31:23: [INFO] Add SW30a footprint
13:31:23: [INFO] Add ST30a footprint
13:31:23: [INFO] Add SW31 footprint
13:31:23: [INFO] Add D31 footprint
13:31:23: [INFO] Add SW32 footprint
13:31:23: [INFO] Add D32 footprint
13:31:24: [INFO] Add SW33 footprint
13:31:24: [INFO] Add D33 footprint
13:31:24: [INFO] Add SW34 footprint
13:31:24: [INFO] Add D34 footprint
13:31:24: [INFO] Add SW35 footprint
13:31:24: [INFO] Add D35 footprint
13:31:24: [INFO] Add SW36 footprint
13:31:24: [INFO] Add D36 footprint
13:31:24: [INFO] Add SW37 footprint
13:31:24: [INFO] Add D37 footprint
13:31:24: [INFO] Add SW38 footprint
13:31:24: [INFO] Add D38 footprint
13:31:24: [INFO] Add SW38a footprint
13:31:24: [INFO] Add SW39 footprint
13:31:24: [INFO] Add D39 footprint
13:31:24: [INFO] Add SW40 footprint
13:31:24: [INFO] Add D40 footprint
13:31:24: [INFO] Add SW41 footprint
13:31:24: [INFO] Add D41 footprint
13:31:24: [INFO] Add SW42 footprint
13:31:24: [INFO] Add D42 footprint
13:31:24: [INFO] Add SW43 footprint
13:31:24: [INFO] Add D43 footprint
13:31:24: [INFO] Add SW44 footprint
13:31:24: [INFO] Add D44 footprint
13:31:24: [INFO] Add SW45 footprint
13:31:24: [INFO] Add D45 footprint
13:31:24: [INFO] Add SW46 footprint
13:31:24: [INFO] Add D46 footprint
13:31:24: [INFO] Add SW47 footprint
13:31:24: [INFO] Add D47 footprint
13:31:24: [INFO] Add SW48 footprint
13:31:24: [INFO] Add D48 footprint
13:31:24: [INFO] Add SW49 footprint
13:31:24: [INFO] Add D49 footprint
13:31:24: [INFO] Add SW50 footprint
13:31:24: [INFO] Add D50 footprint
13:31:24: [INFO] Add SW51 footprint
13:31:25: [INFO] Add D51 footprint
13:31:25: [INFO] Add SW52 footprint
13:31:25: [INFO] Add D52 footprint
13:31:25: [INFO] Add SW53 footprint
13:31:25: [INFO] Add D53 footprint
13:31:25: [INFO] Add SW54 footprint
13:31:25: [INFO] Add D54 footprint
13:31:25: [INFO] Add SW55 footprint
13:31:25: [INFO] Add D55 footprint
13:31:25: [INFO] Add SW56 footprint
13:31:25: [INFO] Add D56 footprint
13:31:25: [INFO] Add SW57 footprint
13:31:25: [INFO] Add D57 footprint
13:31:25: [INFO] Add SW58 footprint
13:31:25: [INFO] Add D58 footprint
13:31:25: [INFO] Add SW59 footprint
13:31:25: [INFO] Add D59 footprint
13:31:25: [INFO] Add SW60 footprint
13:31:25: [INFO] Add D60 footprint
13:31:25: [INFO] Add SW61 footprint
13:31:25: [INFO] Add D61 footprint
13:31:25: [INFO] Add SW62 footprint
13:31:25: [INFO] Add D62 footprint
13:31:25: [INFO] Add SW62a footprint
13:31:25: [INFO] Add SW63 footprint
13:31:25: [INFO] Add D63 footprint
13:31:25: [INFO] Add SW63a footprint
13:31:25: [INFO] Add SW63b footprint
13:31:25: [INFO] Add SW64 footprint
13:31:25: [INFO] Add D64 footprint
13:31:25: [INFO] Add SW64a footprint
13:31:25: [INFO] Add SW64b footprint
13:31:25: [INFO] Add SW65 footprint
13:31:25: [INFO] Add D65 footprint
13:31:25: [WARNING] No stabilizer footprint for width 2.25u, using 2u as fallback
13:31:25: [INFO] Add ST65 footprint
13:31:25: [INFO] Add SW65a footprint
13:31:25: [WARNING] No stabilizer footprint for width 2.75u, using 2u as fallback
13:31:25: [INFO] Add ST65a footprint
13:31:25: [INFO] Add SW66 footprint
13:31:25: [INFO] Add D66 footprint
13:31:25: [INFO] Add SW67 footprint
13:31:25: [INFO] Add D67 footprint
13:31:25: [INFO] Add SW68 footprint
13:31:25: [INFO] Add D68 footprint
13:31:25: [INFO] Add SW68a footprint
13:31:25: [WARNING] No stabilizer footprint for width 2.25u, using 2u as fallback
13:31:25: [INFO] Add ST68a footprint
13:31:25: [INFO] Add SW69 footprint
13:31:25: [INFO] Add D69 footprint
13:31:25: [INFO] Add ST69 footprint
13:31:25: [INFO] Add SW69a footprint
13:31:25: [WARNING] No stabilizer footprint for width 2.75u, using 2u as fallback
13:31:25: [INFO] Add ST69a footprint
13:31:25: [INFO] Add SW70 footprint
13:31:26: [INFO] Add D70 footprint
13:31:26: [INFO] Add SW71 footprint
13:31:26: [INFO] Add D71 footprint
13:31:26: [INFO] Add SW72 footprint
13:31:26: [INFO] Add D72 footprint
13:31:26: [INFO] Add SW73 footprint
13:31:26: [INFO] Add D73 footprint
13:31:26: [INFO] Add SW74 footprint
13:31:26: [INFO] Add D74 footprint
13:31:26: [INFO] Detected layout convertible to matrix annotated keyboard
13:31:26: [INFO] Using key 1U distance: (19.05, 19.05) mm
13:31:26: [INFO] Layout offset: (28575000, 28575000)
13:31:26: [INFO] Diode info: [ElementInfo(annotation_format='D{}', position_option=<PositionOption.CUSTOM: 'Custom'>, position=ElementPosition(x=5.08, y=4.0, orientation=90.0, side=<Side.BACK: 'Back'>), template_path='', start_index=-1)]
13:31:26: [INFO] Placing additional elements for SW74
13:31:26: [INFO] Placing additional elements for SW73
13:31:26: [INFO] Placing additional elements for SW72
13:31:26: [INFO] Placing additional elements for SW71
13:31:26: [INFO] Placing additional elements for SW70
13:31:26: [INFO] Placing additional elements for SW69a
13:31:26: [INFO] Placing additional elements for SW69
13:31:26: [INFO] Placing additional elements for SW68a
13:31:26: [INFO] Placing additional elements for SW68
13:31:26: [INFO] Placing additional elements for SW67
13:31:26: [INFO] Placing additional elements for SW66
13:31:26: [INFO] Placing additional elements for SW65a
13:31:26: [INFO] Placing additional elements for SW65
13:31:26: [INFO] Placing additional elements for SW64b
13:31:26: [INFO] Placing additional elements for SW64a
13:31:26: [INFO] Placing additional elements for SW64
13:31:26: [INFO] Placing additional elements for SW63b
13:31:26: [INFO] Placing additional elements for SW63a
13:31:26: [INFO] Placing additional elements for SW63
13:31:26: [INFO] Placing additional elements for SW62a
13:31:26: [INFO] Placing additional elements for SW62
13:31:26: [INFO] Placing additional elements for SW61
13:31:26: [INFO] Placing additional elements for SW60
13:31:26: [INFO] Placing additional elements for SW59
13:31:26: [INFO] Placing additional elements for SW58
13:31:26: [INFO] Placing additional elements for SW57
13:31:26: [INFO] Placing additional elements for SW56
13:31:26: [INFO] Placing additional elements for SW55
13:31:26: [INFO] Placing additional elements for SW54
13:31:26: [INFO] Placing additional elements for SW53
13:31:26: [INFO] Placing additional elements for SW52
13:31:26: [INFO] Placing additional elements for SW51
13:31:26: [INFO] Placing additional elements for SW50
13:31:26: [INFO] Placing additional elements for SW49
13:31:26: [INFO] Placing additional elements for SW48
13:31:26: [INFO] Placing additional elements for SW47
13:31:26: [INFO] Placing additional elements for SW46
13:31:26: [INFO] Placing additional elements for SW45
13:31:26: [INFO] Placing additional elements for SW44
13:31:26: [INFO] Placing additional elements for SW43
13:31:26: [INFO] Placing additional elements for SW42
13:31:26: [INFO] Placing additional elements for SW41
13:31:26: [INFO] Placing additional elements for SW40
13:31:26: [INFO] Placing additional elements for SW39
13:31:26: [INFO] Placing additional elements for SW38a
13:31:26: [INFO] Placing additional elements for SW38
13:31:26: [INFO] Placing additional elements for SW37
13:31:26: [INFO] Placing additional elements for SW36
13:31:26: [INFO] Placing additional elements for SW35
13:31:26: [INFO] Placing additional elements for SW34
13:31:26: [INFO] Placing additional elements for SW33
13:31:26: [INFO] Placing additional elements for SW32
13:31:26: [INFO] Placing additional elements for SW31
13:31:26: [INFO] Placing additional elements for SW30a
13:31:26: [INFO] Placing additional elements for SW30
13:31:26: [INFO] Placing additional elements for SW29
13:31:26: [INFO] Placing additional elements for SW28
13:31:26: [INFO] Placing additional elements for SW27
13:31:26: [INFO] Placing additional elements for SW26
13:31:26: [INFO] Placing additional elements for SW25
13:31:26: [INFO] Placing additional elements for SW24
13:31:26: [INFO] Placing additional elements for SW23
13:31:26: [INFO] Placing additional elements for SW22
13:31:26: [INFO] Placing additional elements for SW21
13:31:26: [INFO] Placing additional elements for SW20
13:31:26: [INFO] Placing additional elements for SW19
13:31:26: [INFO] Placing additional elements for SW18
13:31:26: [INFO] Placing additional elements for SW17
13:31:26: [INFO] Placing additional elements for SW16
13:31:26: [INFO] Placing additional elements for SW15
13:31:26: [INFO] Placing additional elements for SW14
13:31:26: [INFO] Placing additional elements for SW13
13:31:26: [INFO] Placing additional elements for SW12
13:31:26: [INFO] Placing additional elements for SW11
13:31:26: [INFO] Placing additional elements for SW10
13:31:26: [INFO] Placing additional elements for SW9
13:31:26: [INFO] Placing additional elements for SW8
13:31:26: [INFO] Placing additional elements for SW7
13:31:26: [INFO] Placing additional elements for SW6
13:31:26: [INFO] Placing additional elements for SW5
13:31:26: [INFO] Placing additional elements for SW4
13:31:26: [INFO] Placing additional elements for SW3
13:31:26: [INFO] Placing additional elements for SW2
13:31:26: [INFO] Placing additional elements for SW1
13:31:26: [INFO] Routing SW74 with D74
13:31:26: [INFO] Using internal autorouter method
13:31:26: [INFO] Routing pad 'SW74:2' at (383540000, 109220000) with pad 'D74:2' at (386080000, 116900000) using coordinate system rotated by 0 degree(s)
13:31:26: [INFO] Adding track segment (B.Cu): [(383540000, 109220000), (383540000, 114360000)]
13:31:26: [INFO] Adding track segment (B.Cu): [(383540000, 114360000), (386080000, 116900000)]
13:31:26: [INFO] Routing SW73 with D73
13:31:26: [INFO] Using internal autorouter method
13:31:26: [INFO] Routing pad 'SW73:2' at (364490000, 109220000) with pad 'D73:2' at (367030000, 116900000) using coordinate system rotated by 0 degree(s)
13:31:26: [INFO] Routing SW72 with D72
13:31:26: [INFO] Using internal autorouter method
13:31:26: [INFO] Routing pad 'SW72:2' at (345440000, 109220000) with pad 'D72:2' at (347980000, 116900000) using coordinate system rotated by 0 degree(s)
13:31:26: [INFO] Adding track segment (B.Cu): [(345440000, 109220000), (345440000, 114360000)]
13:31:26: [INFO] Adding track segment (B.Cu): [(345440000, 114360000), (347980000, 116900000)]
13:31:26: [INFO] Routing SW71 with D71
13:31:26: [INFO] Using internal autorouter method
13:31:26: [INFO] Routing pad 'SW71:2' at (326390000, 109220000) with pad 'D71:2' at (328930000, 116900000) using coordinate system rotated by 0 degree(s)
13:31:26: [INFO] Routing SW70 with D70
13:31:26: [INFO] Using internal autorouter method
13:31:26: [INFO] Routing pad 'SW70:2' at (307340000, 109220000) with pad 'D70:2' at (309880000, 116900000) using coordinate system rotated by 0 degree(s)
13:31:26: [INFO] Routing SW69a with D69
13:31:26: [INFO] Using internal autorouter method
13:31:26: [INFO] Routing pad 'SW69a:2' at (285908750, 109220000) with pad 'D69:2' at (281305000, 116900000) using coordinate system rotated by 0 degree(s)
13:31:26: [INFO] Routing SW69 with D69
13:31:26: [INFO] Using internal autorouter method
13:31:26: [INFO] Routing pad 'SW69:2' at (278765000, 109220000) with pad 'D69:2' at (281305000, 116900000) using coordinate system rotated by 0 degree(s)
13:31:26: [INFO] Routing SW68a with D68
13:31:26: [INFO] Using internal autorouter method
13:31:26: [INFO] Routing pad 'SW68a:2' at (371633750, 109220000) with pad 'D68:2' at (381317500, 116900000) using coordinate system rotated by 0 degree(s)
13:31:26: [INFO] Routing SW68 with D68
13:31:26: [INFO] Using internal autorouter method
13:31:26: [INFO] Routing pad 'SW68:2' at (378777500, 109220000) with pad 'D68:2' at (381317500, 116900000) using coordinate system rotated by 0 degree(s)
13:31:26: [INFO] Routing SW67 with D67
13:31:26: [INFO] Using internal autorouter method
13:31:26: [INFO] Routing pad 'SW67:2' at (250190000, 109220000) with pad 'D67:2' at (252730000, 116900000) using coordinate system rotated by 0 degree(s)
13:31:26: [INFO] Adding track segment (B.Cu): [(250190000, 109220000), (250190000, 114360000)]
13:31:26: [INFO] Adding track segment (B.Cu): [(250190000, 114360000), (252730000, 116900000)]
13:31:26: [INFO] Routing SW66 with D66
13:31:26: [INFO] Using internal autorouter method
13:31:26: [INFO] Routing pad 'SW66:2' at (312102500, 109220000) with pad 'D66:2' at (314642500, 116900000) using coordinate system rotated by 0 degree(s)
13:31:26: [INFO] Adding track segment (B.Cu): [(312102500, 109220000), (312102500, 114360000)]
13:31:26: [INFO] Adding track segment (B.Cu): [(312102500, 114360000), (314642500, 116900000)]
13:31:26: [INFO] Routing SW65a with D65
13:31:26: [INFO] Using internal autorouter method
13:31:26: [INFO] Routing pad 'SW65a:2' at (214471250, 109220000) with pad 'D65:2' at (221773750, 116900000) using coordinate system rotated by 0 degree(s)
13:31:26: [INFO] Routing SW65 with D65
13:31:26: [INFO] Using internal autorouter method
13:31:26: [INFO] Routing pad 'SW65:2' at (219233750, 109220000) with pad 'D65:2' at (221773750, 116900000) using coordinate system rotated by 0 degree(s)
13:31:26: [INFO] Adding track segment (B.Cu): [(219233750, 109220000), (219233750, 114360000)]
13:31:26: [INFO] Adding track segment (B.Cu): [(219233750, 114360000), (221773750, 116900000)]
13:31:26: [INFO] Routing SW64b with D64
13:31:26: [INFO] Using internal autorouter method
13:31:26: [INFO] Routing pad 'SW64b:2' at (173990000, 109220000) with pad 'D64:2' at (188436250, 116900000) using coordinate system rotated by 0 degree(s)
13:31:26: [INFO] Routing SW64a with D64
13:31:26: [INFO] Using internal autorouter method
13:31:26: [INFO] Routing pad 'SW64a:2' at (169227500, 109220000) with pad 'D64:2' at (188436250, 116900000) using coordinate system rotated by 0 degree(s)
13:31:26: [INFO] Routing SW64 with D64
13:31:26: [INFO] Using internal autorouter method
13:31:26: [INFO] Routing pad 'SW64:2' at (185896250, 109220000) with pad 'D64:2' at (188436250, 116900000) using coordinate system rotated by 0 degree(s)
13:31:26: [INFO] Adding track segment (B.Cu): [(185896250, 109220000), (185896250, 114360000)]
13:31:26: [INFO] Adding track segment (B.Cu): [(185896250, 114360000), (188436250, 116900000)]
13:31:26: [INFO] Routing SW63b with D63
13:31:26: [INFO] Using internal autorouter method
13:31:26: [INFO] Routing pad 'SW63b:2' at (147796250, 109220000) with pad 'D63:2' at (164623750, 116900000) using coordinate system rotated by 0 degree(s)
13:31:26: [INFO] Adding track segment (B.Cu): [(147796250, 109220000), (155476250, 116900000)]
13:31:26: [INFO] Adding track segment (B.Cu): [(155476250, 116900000), (164623750, 116900000)]
13:31:26: [INFO] Routing SW63a with D63
13:31:26: [INFO] Using internal autorouter method
13:31:26: [INFO] Routing pad 'SW63a:2' at (145415000, 109220000) with pad 'D63:2' at (164623750, 116900000) using coordinate system rotated by 0 degree(s)
13:31:26: [INFO] Routing SW63 with D63
13:31:26: [INFO] Using internal autorouter method
13:31:26: [INFO] Routing pad 'SW63:2' at (162083750, 109220000) with pad 'D63:2' at (164623750, 116900000) using coordinate system rotated by 0 degree(s)
13:31:26: [INFO] Routing SW62a with D62
13:31:26: [INFO] Using internal autorouter method
13:31:26: [INFO] Routing pad 'SW62a:2' at (121602500, 109220000) with pad 'D62:2' at (140811250, 116900000) using coordinate system rotated by 0 degree(s)
13:31:26: [INFO] Adding track segment (B.Cu): [(121602500, 109220000), (129282500, 116900000)]
13:31:26: [INFO] Adding track segment (B.Cu): [(129282500, 116900000), (140811250, 116900000)]
13:31:26: [INFO] Routing SW62 with D62
13:31:26: [INFO] Using internal autorouter method
13:31:26: [INFO] Routing pad 'SW62:2' at (138271250, 109220000) with pad 'D62:2' at (140811250, 116900000) using coordinate system rotated by 0 degree(s)
13:31:26: [INFO] Routing SW61 with D61
13:31:26: [INFO] Using internal autorouter method
13:31:26: [INFO] Routing pad 'SW61:2' at (116840000, 109220000) with pad 'D61:2' at (119380000, 116900000) using coordinate system rotated by 0 degree(s)
13:31:26: [INFO] Routing SW60 with D60
13:31:26: [INFO] Using internal autorouter method
13:31:26: [INFO] Routing pad 'SW60:2' at (383540000, 90170000) with pad 'D60:2' at (386080000, 97850000) using coordinate system rotated by 0 degree(s)
13:31:26: [INFO] Adding track segment (B.Cu): [(383540000, 90170000), (383540000, 95310000)]
13:31:26: [INFO] Adding track segment (B.Cu): [(383540000, 95310000), (386080000, 97850000)]
13:31:26: [INFO] Routing SW59 with D59
13:31:26: [INFO] Using internal autorouter method
13:31:26: [INFO] Routing pad 'SW59:2' at (364490000, 90170000) with pad 'D59:2' at (367030000, 97850000) using coordinate system rotated by 0 degree(s)
13:31:26: [INFO] Adding track segment (B.Cu): [(364490000, 90170000), (364490000, 95310000)]
13:31:26: [INFO] Adding track segment (B.Cu): [(364490000, 95310000), (367030000, 97850000)]
13:31:26: [INFO] Routing SW58 with D58
13:31:26: [INFO] Using internal autorouter method
13:31:26: [INFO] Routing pad 'SW58:2' at (345440000, 90170000) with pad 'D58:2' at (347980000, 97850000) using coordinate system rotated by 0 degree(s)
13:31:26: [INFO] Adding track segment (B.Cu): [(345440000, 90170000), (345440000, 95310000)]
13:31:26: [INFO] Adding track segment (B.Cu): [(345440000, 95310000), (347980000, 97850000)]
13:31:26: [INFO] Routing SW57 with D57
13:31:26: [INFO] Using internal autorouter method
13:31:26: [INFO] Routing pad 'SW57:2' at (326390000, 90170000) with pad 'D57:2' at (328930000, 97850000) using coordinate system rotated by 0 degree(s)
13:31:26: [INFO] Adding track segment (B.Cu): [(326390000, 90170000), (326390000, 95310000)]
13:31:26: [INFO] Adding track segment (B.Cu): [(326390000, 95310000), (328930000, 97850000)]
13:31:26: [INFO] Routing SW56 with D56
13:31:26: [INFO] Using internal autorouter method
13:31:26: [INFO] Routing pad 'SW56:2' at (307340000, 90170000) with pad 'D56:2' at (309880000, 97850000) using coordinate system rotated by 0 degree(s)
13:31:26: [INFO] Adding track segment (B.Cu): [(307340000, 90170000), (307340000, 95310000)]
13:31:26: [INFO] Adding track segment (B.Cu): [(307340000, 95310000), (309880000, 97850000)]
13:31:26: [INFO] Routing SW55 with D55
13:31:26: [INFO] Using internal autorouter method
13:31:26: [INFO] Routing pad 'SW55:2' at (288290000, 90170000) with pad 'D55:2' at (290830000, 97850000) using coordinate system rotated by 0 degree(s)
13:31:26: [INFO] Adding track segment (B.Cu): [(288290000, 90170000), (288290000, 95310000)]
13:31:26: [INFO] Adding track segment (B.Cu): [(288290000, 95310000), (290830000, 97850000)]
13:31:26: [INFO] Routing SW54 with D54
13:31:26: [INFO] Using internal autorouter method
13:31:26: [INFO] Routing pad 'SW54:2' at (269240000, 90170000) with pad 'D54:2' at (271780000, 97850000) using coordinate system rotated by 0 degree(s)
13:31:26: [INFO] Adding track segment (B.Cu): [(269240000, 90170000), (269240000, 95310000)]
13:31:26: [INFO] Adding track segment (B.Cu): [(269240000, 95310000), (271780000, 97850000)]
13:31:26: [INFO] Routing SW53 with D53
13:31:26: [INFO] Using internal autorouter method
13:31:26: [INFO] Routing pad 'SW53:2' at (250190000, 90170000) with pad 'D53:2' at (252730000, 97850000) using coordinate system rotated by 0 degree(s)
13:31:26: [INFO] Adding track segment (B.Cu): [(250190000, 90170000), (250190000, 95310000)]
13:31:26: [INFO] Adding track segment (B.Cu): [(250190000, 95310000), (252730000, 97850000)]
13:31:26: [INFO] Routing SW52 with D52
13:31:26: [INFO] Using internal autorouter method
13:31:26: [INFO] Routing pad 'SW52:2' at (231140000, 90170000) with pad 'D52:2' at (233680000, 97850000) using coordinate system rotated by 0 degree(s)
13:31:26: [INFO] Adding track segment (B.Cu): [(231140000, 90170000), (231140000, 95310000)]
13:31:26: [INFO] Adding track segment (B.Cu): [(231140000, 95310000), (233680000, 97850000)]
13:31:26: [INFO] Routing SW51 with D51
13:31:26: [INFO] Using internal autorouter method
13:31:26: [INFO] Routing pad 'SW51:2' at (212090000, 90170000) with pad 'D51:2' at (214630000, 97850000) using coordinate system rotated by 0 degree(s)
13:31:26: [INFO] Adding track segment (B.Cu): [(212090000, 90170000), (212090000, 95310000)]
13:31:26: [INFO] Adding track segment (B.Cu): [(212090000, 95310000), (214630000, 97850000)]
13:31:26: [INFO] Routing SW50 with D50
13:31:26: [INFO] Using internal autorouter method
13:31:26: [INFO] Routing pad 'SW50:2' at (193040000, 90170000) with pad 'D50:2' at (195580000, 97850000) using coordinate system rotated by 0 degree(s)
13:31:26: [INFO] Adding track segment (B.Cu): [(193040000, 90170000), (193040000, 95310000)]
13:31:26: [INFO] Adding track segment (B.Cu): [(193040000, 95310000), (195580000, 97850000)]
13:31:26: [INFO] Routing SW49 with D49
13:31:26: [INFO] Using internal autorouter method
13:31:26: [INFO] Routing pad 'SW49:2' at (173990000, 90170000) with pad 'D49:2' at (176530000, 97850000) using coordinate system rotated by 0 degree(s)
13:31:26: [INFO] Adding track segment (B.Cu): [(173990000, 90170000), (173990000, 95310000)]
13:31:26: [INFO] Adding track segment (B.Cu): [(173990000, 95310000), (176530000, 97850000)]
13:31:26: [INFO] Routing SW48 with D48
13:31:26: [INFO] Using internal autorouter method
13:31:26: [INFO] Routing pad 'SW48:2' at (154940000, 90170000) with pad 'D48:2' at (157480000, 97850000) using coordinate system rotated by 0 degree(s)
13:31:26: [INFO] Adding track segment (B.Cu): [(154940000, 90170000), (154940000, 95310000)]
13:31:26: [INFO] Adding track segment (B.Cu): [(154940000, 95310000), (157480000, 97850000)]
13:31:26: [INFO] Routing SW47 with D47
13:31:26: [INFO] Using internal autorouter method
13:31:26: [INFO] Routing pad 'SW47:2' at (135890000, 90170000) with pad 'D47:2' at (138430000, 97850000) using coordinate system rotated by 0 degree(s)
13:31:26: [INFO] Adding track segment (B.Cu): [(135890000, 90170000), (135890000, 95310000)]
13:31:26: [INFO] Adding track segment (B.Cu): [(135890000, 95310000), (138430000, 97850000)]
13:31:26: [INFO] Routing SW46 with D46
13:31:26: [INFO] Using internal autorouter method
13:31:26: [INFO] Routing pad 'SW46:2' at (116840000, 90170000) with pad 'D46:2' at (119380000, 97850000) using coordinate system rotated by 0 degree(s)
13:31:26: [INFO] Adding track segment (B.Cu): [(116840000, 90170000), (116840000, 95310000)]
13:31:26: [INFO] Adding track segment (B.Cu): [(116840000, 95310000), (119380000, 97850000)]
13:31:26: [INFO] Routing SW45 with D45
13:31:26: [INFO] Using internal autorouter method
13:31:26: [INFO] Routing pad 'SW45:2' at (381158750, 71120000) with pad 'D45:2' at (383698750, 78800000) using coordinate system rotated by 0 degree(s)
13:31:26: [INFO] Adding track segment (B.Cu): [(381158750, 71120000), (381158750, 76260000)]
13:31:26: [INFO] Adding track segment (B.Cu): [(381158750, 76260000), (383698750, 78800000)]
13:31:26: [INFO] Routing SW44 with D44
13:31:26: [INFO] Using internal autorouter method
13:31:26: [INFO] Routing pad 'SW44:2' at (359727500, 71120000) with pad 'D44:2' at (362267500, 78800000) using coordinate system rotated by 0 degree(s)
13:31:26: [INFO] Adding track segment (B.Cu): [(359727500, 71120000), (359727500, 76260000)]
13:31:26: [INFO] Adding track segment (B.Cu): [(359727500, 76260000), (362267500, 78800000)]
13:31:26: [INFO] Routing SW43 with D43
13:31:26: [INFO] Using internal autorouter method
13:31:26: [INFO] Routing pad 'SW43:2' at (340677500, 71120000) with pad 'D43:2' at (343217500, 78800000) using coordinate system rotated by 0 degree(s)
13:31:26: [INFO] Adding track segment (B.Cu): [(340677500, 71120000), (340677500, 76260000)]
13:31:26: [INFO] Adding track segment (B.Cu): [(340677500, 76260000), (343217500, 78800000)]
13:31:26: [INFO] Routing SW42 with D42
13:31:26: [INFO] Using internal autorouter method
13:31:26: [INFO] Routing pad 'SW42:2' at (321627500, 71120000) with pad 'D42:2' at (324167500, 78800000) using coordinate system rotated by 0 degree(s)
13:31:26: [INFO] Adding track segment (B.Cu): [(321627500, 71120000), (321627500, 76260000)]
13:31:26: [INFO] Adding track segment (B.Cu): [(321627500, 76260000), (324167500, 78800000)]
13:31:26: [INFO] Routing SW41 with D41
13:31:26: [INFO] Using internal autorouter method
13:31:26: [INFO] Routing pad 'SW41:2' at (302577500, 71120000) with pad 'D41:2' at (305117500, 78800000) using coordinate system rotated by 0 degree(s)
13:31:26: [INFO] Adding track segment (B.Cu): [(302577500, 71120000), (302577500, 76260000)]
13:31:26: [INFO] Adding track segment (B.Cu): [(302577500, 76260000), (305117500, 78800000)]
13:31:26: [INFO] Routing SW40 with D40
13:31:26: [INFO] Using internal autorouter method
13:31:26: [INFO] Routing pad 'SW40:2' at (283527500, 71120000) with pad 'D40:2' at (286067500, 78800000) using coordinate system rotated by 0 degree(s)
13:31:26: [INFO] Adding track segment (B.Cu): [(283527500, 71120000), (283527500, 76260000)]
13:31:26: [INFO] Adding track segment (B.Cu): [(283527500, 76260000), (286067500, 78800000)]
13:31:26: [INFO] Routing SW39 with D39
13:31:26: [INFO] Using internal autorouter method
13:31:26: [INFO] Routing pad 'SW39:2' at (264477500, 71120000) with pad 'D39:2' at (267017500, 78800000) using coordinate system rotated by 0 degree(s)
13:31:27: [INFO] Adding track segment (B.Cu): [(264477500, 71120000), (264477500, 76260000)]
13:31:27: [INFO] Adding track segment (B.Cu): [(264477500, 76260000), (267017500, 78800000)]
13:31:27: [INFO] Routing SW38a with D38
13:31:27: [INFO] Using internal autorouter method
13:31:27: [INFO] Routing pad 'SW38a:2' at (338296250, 109220000) with pad 'D38:2' at (357505000, 116900000) using coordinate system rotated by 0 degree(s)
13:31:27: [INFO] Routing SW38 with D38
13:31:27: [INFO] Using internal autorouter method
13:31:27: [INFO] Routing pad 'SW38:2' at (354965000, 109220000) with pad 'D38:2' at (357505000, 116900000) using coordinate system rotated by 0 degree(s)
13:31:27: [INFO] Adding track segment (B.Cu): [(354965000, 109220000), (354965000, 114360000)]
13:31:27: [INFO] Adding track segment (B.Cu): [(354965000, 114360000), (357505000, 116900000)]
13:31:27: [INFO] Routing SW37 with D37
13:31:27: [INFO] Using internal autorouter method
13:31:27: [INFO] Routing pad 'SW37:2' at (235902500, 71120000) with pad 'D37:2' at (238442500, 78800000) using coordinate system rotated by 0 degree(s)
13:31:27: [INFO] Adding track segment (B.Cu): [(235902500, 71120000), (235902500, 76260000)]
13:31:27: [INFO] Adding track segment (B.Cu): [(235902500, 76260000), (238442500, 78800000)]
13:31:27: [INFO] Routing SW36 with D36
13:31:27: [INFO] Using internal autorouter method
13:31:27: [INFO] Routing pad 'SW36:2' at (216852500, 71120000) with pad 'D36:2' at (219392500, 78800000) using coordinate system rotated by 0 degree(s)
13:31:27: [INFO] Adding track segment (B.Cu): [(216852500, 71120000), (216852500, 76260000)]
13:31:27: [INFO] Adding track segment (B.Cu): [(216852500, 76260000), (219392500, 78800000)]
13:31:27: [INFO] Routing SW35 with D35
13:31:27: [INFO] Using internal autorouter method
13:31:27: [INFO] Routing pad 'SW35:2' at (197802500, 71120000) with pad 'D35:2' at (200342500, 78800000) using coordinate system rotated by 0 degree(s)
13:31:27: [INFO] Adding track segment (B.Cu): [(197802500, 71120000), (197802500, 76260000)]
13:31:27: [INFO] Adding track segment (B.Cu): [(197802500, 76260000), (200342500, 78800000)]
13:31:27: [INFO] Routing SW34 with D34
13:31:27: [INFO] Using internal autorouter method
13:31:27: [INFO] Routing pad 'SW34:2' at (178752500, 71120000) with pad 'D34:2' at (181292500, 78800000) using coordinate system rotated by 0 degree(s)
13:31:27: [INFO] Adding track segment (B.Cu): [(178752500, 71120000), (178752500, 76260000)]
13:31:27: [INFO] Adding track segment (B.Cu): [(178752500, 76260000), (181292500, 78800000)]
13:31:27: [INFO] Routing SW33 with D33
13:31:27: [INFO] Using internal autorouter method
13:31:27: [INFO] Routing pad 'SW33:2' at (159702500, 71120000) with pad 'D33:2' at (162242500, 78800000) using coordinate system rotated by 0 degree(s)
13:31:27: [INFO] Adding track segment (B.Cu): [(159702500, 71120000), (159702500, 76260000)]
13:31:27: [INFO] Adding track segment (B.Cu): [(159702500, 76260000), (162242500, 78800000)]
13:31:27: [INFO] Routing SW32 with D32
13:31:27: [INFO] Using internal autorouter method
13:31:27: [INFO] Routing pad 'SW32:2' at (140652500, 71120000) with pad 'D32:2' at (143192500, 78800000) using coordinate system rotated by 0 degree(s)
13:31:27: [INFO] Adding track segment (B.Cu): [(140652500, 71120000), (140652500, 76260000)]
13:31:27: [INFO] Adding track segment (B.Cu): [(140652500, 76260000), (143192500, 78800000)]
13:31:27: [INFO] Routing SW31 with D31
13:31:27: [INFO] Using internal autorouter method
13:31:27: [INFO] Routing pad 'SW31:2' at (119221250, 71120000) with pad 'D31:2' at (121761250, 78800000) using coordinate system rotated by 0 degree(s)
13:31:27: [INFO] Adding track segment (B.Cu): [(119221250, 71120000), (119221250, 76260000)]
13:31:27: [INFO] Adding track segment (B.Cu): [(119221250, 76260000), (121761250, 78800000)]
13:31:27: [INFO] Routing SW30a with D30
13:31:27: [INFO] Using internal autorouter method
13:31:27: [INFO] Routing pad 'SW30a:2' at (374015000, 33020000) with pad 'D30:2' at (381317500, 59750000) using coordinate system rotated by 0 degree(s)
13:31:27: [INFO] Routing SW30 with D30
13:31:27: [INFO] Using internal autorouter method
13:31:27: [INFO] Routing pad 'SW30:2' at (378777500, 52070000) with pad 'D30:2' at (381317500, 59750000) using coordinate system rotated by 0 degree(s)
13:31:27: [INFO] Adding track segment (B.Cu): [(378777500, 52070000), (378777500, 57210000)]
13:31:27: [INFO] Adding track segment (B.Cu): [(378777500, 57210000), (381317500, 59750000)]
13:31:27: [INFO] Routing SW29 with D29
13:31:27: [INFO] Using internal autorouter method
13:31:27: [INFO] Routing pad 'SW29:2' at (354965000, 52070000) with pad 'D29:2' at (357505000, 59750000) using coordinate system rotated by 0 degree(s)
13:31:27: [INFO] Adding track segment (B.Cu): [(354965000, 52070000), (354965000, 57210000)]
13:31:27: [INFO] Adding track segment (B.Cu): [(354965000, 57210000), (357505000, 59750000)]
13:31:27: [INFO] Routing SW28 with D28
13:31:27: [INFO] Using internal autorouter method
13:31:27: [INFO] Routing pad 'SW28:2' at (335915000, 52070000) with pad 'D28:2' at (338455000, 59750000) using coordinate system rotated by 0 degree(s)
13:31:27: [INFO] Adding track segment (B.Cu): [(335915000, 52070000), (335915000, 57210000)]
13:31:27: [INFO] Adding track segment (B.Cu): [(335915000, 57210000), (338455000, 59750000)]
13:31:27: [INFO] Routing SW27 with D27
13:31:27: [INFO] Using internal autorouter method
13:31:27: [INFO] Routing pad 'SW27:2' at (316865000, 52070000) with pad 'D27:2' at (319405000, 59750000) using coordinate system rotated by 0 degree(s)
13:31:27: [INFO] Adding track segment (B.Cu): [(316865000, 52070000), (316865000, 57210000)]
13:31:27: [INFO] Adding track segment (B.Cu): [(316865000, 57210000), (319405000, 59750000)]
13:31:27: [INFO] Routing SW26 with D26
13:31:27: [INFO] Using internal autorouter method
13:31:27: [INFO] Routing pad 'SW26:2' at (297815000, 52070000) with pad 'D26:2' at (300355000, 59750000) using coordinate system rotated by 0 degree(s)
13:31:27: [INFO] Adding track segment (B.Cu): [(297815000, 52070000), (297815000, 57210000)]
13:31:27: [INFO] Adding track segment (B.Cu): [(297815000, 57210000), (300355000, 59750000)]
13:31:27: [INFO] Routing SW25 with D25
13:31:27: [INFO] Using internal autorouter method
13:31:27: [INFO] Routing pad 'SW25:2' at (278765000, 52070000) with pad 'D25:2' at (281305000, 59750000) using coordinate system rotated by 0 degree(s)
13:31:27: [INFO] Adding track segment (B.Cu): [(278765000, 52070000), (278765000, 57210000)]
13:31:27: [INFO] Adding track segment (B.Cu): [(278765000, 57210000), (281305000, 59750000)]
13:31:27: [INFO] Routing SW24 with D24
13:31:27: [INFO] Using internal autorouter method
13:31:27: [INFO] Routing pad 'SW24:2' at (259715000, 52070000) with pad 'D24:2' at (262255000, 59750000) using coordinate system rotated by 0 degree(s)
13:31:27: [INFO] Adding track segment (B.Cu): [(259715000, 52070000), (259715000, 57210000)]
13:31:27: [INFO] Adding track segment (B.Cu): [(259715000, 57210000), (262255000, 59750000)]
13:31:27: [INFO] Routing SW23 with D23
13:31:27: [INFO] Using internal autorouter method
13:31:27: [INFO] Routing pad 'SW23:2' at (331152500, 109220000) with pad 'D23:2' at (333692500, 116900000) using coordinate system rotated by 0 degree(s)
13:31:27: [INFO] Routing SW22 with D22
13:31:27: [INFO] Using internal autorouter method
13:31:27: [INFO] Routing pad 'SW22:2' at (240665000, 52070000) with pad 'D22:2' at (243205000, 59750000) using coordinate system rotated by 0 degree(s)
13:31:27: [INFO] Adding track segment (B.Cu): [(240665000, 52070000), (240665000, 57210000)]
13:31:27: [INFO] Adding track segment (B.Cu): [(240665000, 57210000), (243205000, 59750000)]
13:31:27: [INFO] Routing SW21 with D21
13:31:27: [INFO] Using internal autorouter method
13:31:27: [INFO] Routing pad 'SW21:2' at (221615000, 52070000) with pad 'D21:2' at (224155000, 59750000) using coordinate system rotated by 0 degree(s)
13:31:27: [INFO] Adding track segment (B.Cu): [(221615000, 52070000), (221615000, 57210000)]
13:31:27: [INFO] Adding track segment (B.Cu): [(221615000, 57210000), (224155000, 59750000)]
13:31:27: [INFO] Routing SW20 with D20
13:31:27: [INFO] Using internal autorouter method
13:31:27: [INFO] Routing pad 'SW20:2' at (202565000, 52070000) with pad 'D20:2' at (205105000, 59750000) using coordinate system rotated by 0 degree(s)
13:31:27: [INFO] Adding track segment (B.Cu): [(202565000, 52070000), (202565000, 57210000)]
13:31:27: [INFO] Adding track segment (B.Cu): [(202565000, 57210000), (205105000, 59750000)]
13:31:27: [INFO] Routing SW19 with D19
13:31:27: [INFO] Using internal autorouter method
13:31:27: [INFO] Routing pad 'SW19:2' at (183515000, 52070000) with pad 'D19:2' at (186055000, 59750000) using coordinate system rotated by 0 degree(s)
13:31:27: [INFO] Adding track segment (B.Cu): [(183515000, 52070000), (183515000, 57210000)]
13:31:27: [INFO] Adding track segment (B.Cu): [(183515000, 57210000), (186055000, 59750000)]
13:31:27: [INFO] Routing SW18 with D18
13:31:27: [INFO] Using internal autorouter method
13:31:27: [INFO] Routing pad 'SW18:2' at (164465000, 52070000) with pad 'D18:2' at (167005000, 59750000) using coordinate system rotated by 0 degree(s)
13:31:27: [INFO] Adding track segment (B.Cu): [(164465000, 52070000), (164465000, 57210000)]
13:31:27: [INFO] Adding track segment (B.Cu): [(164465000, 57210000), (167005000, 59750000)]
13:31:27: [INFO] Routing SW17 with D17
13:31:27: [INFO] Using internal autorouter method
13:31:27: [INFO] Routing pad 'SW17:2' at (145415000, 52070000) with pad 'D17:2' at (147955000, 59750000) using coordinate system rotated by 0 degree(s)
13:31:27: [INFO] Adding track segment (B.Cu): [(145415000, 52070000), (145415000, 57210000)]
13:31:27: [INFO] Adding track segment (B.Cu): [(145415000, 57210000), (147955000, 59750000)]
13:31:27: [INFO] Routing SW16 with D16
13:31:27: [INFO] Using internal autorouter method
13:31:27: [INFO] Routing pad 'SW16:2' at (121602500, 52070000) with pad 'D16:2' at (124142500, 59750000) using coordinate system rotated by 0 degree(s)
13:31:27: [INFO] Adding track segment (B.Cu): [(121602500, 52070000), (121602500, 57210000)]
13:31:27: [INFO] Adding track segment (B.Cu): [(121602500, 57210000), (124142500, 59750000)]
13:31:27: [INFO] Routing SW15 with D15
13:31:27: [INFO] Using internal autorouter method
13:31:27: [INFO] Routing pad 'SW15:2' at (383540000, 33020000) with pad 'D15:2' at (386080000, 40700000) using coordinate system rotated by 0 degree(s)
13:31:27: [INFO] Adding track segment (B.Cu): [(383540000, 33020000), (383540000, 38160000)]
13:31:27: [INFO] Adding track segment (B.Cu): [(383540000, 38160000), (386080000, 40700000)]
13:31:27: [INFO] Routing SW14 with D14
13:31:27: [INFO] Using internal autorouter method
13:31:27: [INFO] Routing pad 'SW14:2' at (364490000, 33020000) with pad 'D14:2' at (367030000, 40700000) using coordinate system rotated by 0 degree(s)
13:31:27: [INFO] Adding track segment (B.Cu): [(364490000, 33020000), (364490000, 38160000)]
13:31:27: [INFO] Adding track segment (B.Cu): [(364490000, 38160000), (367030000, 40700000)]
13:31:27: [INFO] Routing SW13 with D13
13:31:27: [INFO] Using internal autorouter method
13:31:27: [INFO] Routing pad 'SW13:2' at (345440000, 33020000) with pad 'D13:2' at (347980000, 40700000) using coordinate system rotated by 0 degree(s)
13:31:27: [INFO] Adding track segment (B.Cu): [(345440000, 33020000), (345440000, 38160000)]
13:31:27: [INFO] Adding track segment (B.Cu): [(345440000, 38160000), (347980000, 40700000)]
13:31:27: [INFO] Routing SW12 with D12
13:31:27: [INFO] Using internal autorouter method
13:31:27: [INFO] Routing pad 'SW12:2' at (326390000, 33020000) with pad 'D12:2' at (328930000, 40700000) using coordinate system rotated by 0 degree(s)
13:31:27: [INFO] Adding track segment (B.Cu): [(326390000, 33020000), (326390000, 38160000)]
13:31:27: [INFO] Adding track segment (B.Cu): [(326390000, 38160000), (328930000, 40700000)]
13:31:27: [INFO] Routing SW11 with D11
13:31:27: [INFO] Using internal autorouter method
13:31:27: [INFO] Routing pad 'SW11:2' at (307340000, 33020000) with pad 'D11:2' at (309880000, 40700000) using coordinate system rotated by 0 degree(s)
13:31:27: [INFO] Adding track segment (B.Cu): [(307340000, 33020000), (307340000, 38160000)]
13:31:27: [INFO] Adding track segment (B.Cu): [(307340000, 38160000), (309880000, 40700000)]
13:31:27: [INFO] Routing SW10 with D10
13:31:27: [INFO] Using internal autorouter method
13:31:27: [INFO] Routing pad 'SW10:2' at (288290000, 33020000) with pad 'D10:2' at (290830000, 40700000) using coordinate system rotated by 0 degree(s)
13:31:27: [INFO] Adding track segment (B.Cu): [(288290000, 33020000), (288290000, 38160000)]
13:31:27: [INFO] Adding track segment (B.Cu): [(288290000, 38160000), (290830000, 40700000)]
13:31:27: [INFO] Routing SW9 with D9
13:31:27: [INFO] Using internal autorouter method
13:31:27: [INFO] Routing pad 'SW9:2' at (269240000, 33020000) with pad 'D9:2' at (271780000, 40700000) using coordinate system rotated by 0 degree(s)
13:31:27: [INFO] Adding track segment (B.Cu): [(269240000, 33020000), (269240000, 38160000)]
13:31:27: [INFO] Adding track segment (B.Cu): [(269240000, 38160000), (271780000, 40700000)]
13:31:27: [INFO] Routing SW8 with D8
13:31:27: [INFO] Using internal autorouter method
13:31:27: [INFO] Routing pad 'SW8:2' at (250190000, 33020000) with pad 'D8:2' at (252730000, 40700000) using coordinate system rotated by 0 degree(s)
13:31:27: [INFO] Adding track segment (B.Cu): [(250190000, 33020000), (250190000, 38160000)]
13:31:27: [INFO] Adding track segment (B.Cu): [(250190000, 38160000), (252730000, 40700000)]
13:31:27: [INFO] Routing SW7 with D7
13:31:27: [INFO] Using internal autorouter method
13:31:27: [INFO] Routing pad 'SW7:2' at (231140000, 33020000) with pad 'D7:2' at (233680000, 40700000) using coordinate system rotated by 0 degree(s)
13:31:27: [INFO] Adding track segment (B.Cu): [(231140000, 33020000), (231140000, 38160000)]
13:31:27: [INFO] Adding track segment (B.Cu): [(231140000, 38160000), (233680000, 40700000)]
13:31:27: [INFO] Routing SW6 with D6
13:31:27: [INFO] Using internal autorouter method
13:31:27: [INFO] Routing pad 'SW6:2' at (212090000, 33020000) with pad 'D6:2' at (214630000, 40700000) using coordinate system rotated by 0 degree(s)
13:31:27: [INFO] Adding track segment (B.Cu): [(212090000, 33020000), (212090000, 38160000)]
13:31:27: [INFO] Adding track segment (B.Cu): [(212090000, 38160000), (214630000, 40700000)]
13:31:27: [INFO] Routing SW5 with D5
13:31:27: [INFO] Using internal autorouter method
13:31:27: [INFO] Routing pad 'SW5:2' at (193040000, 33020000) with pad 'D5:2' at (195580000, 40700000) using coordinate system rotated by 0 degree(s)
13:31:27: [INFO] Adding track segment (B.Cu): [(193040000, 33020000), (193040000, 38160000)]
13:31:27: [INFO] Adding track segment (B.Cu): [(193040000, 38160000), (195580000, 40700000)]
13:31:27: [INFO] Routing SW4 with D4
13:31:27: [INFO] Using internal autorouter method
13:31:27: [INFO] Routing pad 'SW4:2' at (173990000, 33020000) with pad 'D4:2' at (176530000, 40700000) using coordinate system rotated by 0 degree(s)
13:31:27: [INFO] Adding track segment (B.Cu): [(173990000, 33020000), (173990000, 38160000)]
13:31:27: [INFO] Adding track segment (B.Cu): [(173990000, 38160000), (176530000, 40700000)]
13:31:27: [INFO] Routing SW3 with D3
13:31:27: [INFO] Using internal autorouter method
13:31:27: [INFO] Routing pad 'SW3:2' at (154940000, 33020000) with pad 'D3:2' at (157480000, 40700000) using coordinate system rotated by 0 degree(s)
13:31:27: [INFO] Adding track segment (B.Cu): [(154940000, 33020000), (154940000, 38160000)]
13:31:27: [INFO] Adding track segment (B.Cu): [(154940000, 38160000), (157480000, 40700000)]
13:31:27: [INFO] Routing SW2 with D2
13:31:27: [INFO] Using internal autorouter method
13:31:27: [INFO] Routing pad 'SW2:2' at (135890000, 33020000) with pad 'D2:2' at (138430000, 40700000) using coordinate system rotated by 0 degree(s)
13:31:27: [INFO] Adding track segment (B.Cu): [(135890000, 33020000), (135890000, 38160000)]
13:31:27: [INFO] Adding track segment (B.Cu): [(135890000, 38160000), (138430000, 40700000)]
13:31:27: [INFO] Routing SW1 with D1
13:31:27: [INFO] Using internal autorouter method
13:31:27: [INFO] Routing pad 'SW1:2' at (116840000, 33020000) with pad 'D1:2' at (119380000, 40700000) using coordinate system rotated by 0 degree(s)
13:31:27: [INFO] Adding track segment (B.Cu): [(116840000, 33020000), (116840000, 38160000)]
13:31:27: [INFO] Adding track segment (B.Cu): [(116840000, 38160000), (119380000, 40700000)]
13:31:27: [INFO] Routing COL10 pads
13:31:27: [INFO] Routing pad 'SW26:1' at (291465000, 54610000) with pad 'SW41:1' at (296227500, 73660000) using coordinate system rotated by 0 degree(s)
13:31:27: [INFO] Adding track segment (F.Cu): [(291465000, 54610000), (291465000, 68897500)]
13:31:27: [INFO] Adding track segment (F.Cu): [(291465000, 68897500), (296227500, 73660000)]
13:31:27: [INFO] Routing pad 'SW26:1' at (291465000, 54610000) with pad 'SW11:1' at (300990000, 35560000) using coordinate system rotated by 0 degree(s)
13:31:27: [INFO] Adding track segment (F.Cu): [(291465000, 54610000), (300990000, 45085000)]
13:31:27: [INFO] Adding track segment (F.Cu): [(300990000, 45085000), (300990000, 35560000)]
13:31:27: [INFO] Routing pad 'SW41:1' at (296227500, 73660000) with pad 'SW56:1' at (300990000, 92710000) using coordinate system rotated by 0 degree(s)
13:31:27: [INFO] Adding track segment (F.Cu): [(296227500, 73660000), (296227500, 87947500)]
13:31:27: [INFO] Adding track segment (F.Cu): [(296227500, 87947500), (300990000, 92710000)]
13:31:27: [INFO] Routing pad 'SW56:1' at (300990000, 92710000) with pad 'SW70:1' at (300990000, 111760000) using coordinate system rotated by 0 degree(s)
13:31:27: [INFO] Adding track segment (F.Cu): [(300990000, 92710000), (300990000, 111760000)]
13:31:27: [INFO] Routing COL11 pads
13:31:27: [INFO] Routing pad 'SW27:1' at (310515000, 54610000) with pad 'SW42:1' at (315277500, 73660000) using coordinate system rotated by 0 degree(s)
13:31:27: [INFO] Adding track segment (F.Cu): [(310515000, 54610000), (310515000, 68897500)]
13:31:27: [INFO] Adding track segment (F.Cu): [(310515000, 68897500), (315277500, 73660000)]
13:31:27: [INFO] Routing pad 'SW27:1' at (310515000, 54610000) with pad 'SW12:1' at (320040000, 35560000) using coordinate system rotated by 0 degree(s)
13:31:27: [INFO] Adding track segment (F.Cu): [(310515000, 54610000), (320040000, 45085000)]
13:31:27: [INFO] Adding track segment (F.Cu): [(320040000, 45085000), (320040000, 35560000)]
13:31:27: [INFO] Routing pad 'SW42:1' at (315277500, 73660000) with pad 'SW57:1' at (320040000, 92710000) using coordinate system rotated by 0 degree(s)
13:31:27: [INFO] Adding track segment (F.Cu): [(315277500, 73660000), (315277500, 87947500)]
13:31:27: [INFO] Adding track segment (F.Cu): [(315277500, 87947500), (320040000, 92710000)]
13:31:27: [INFO] Routing pad 'SW57:1' at (320040000, 92710000) with pad 'SW71:1' at (320040000, 111760000) using coordinate system rotated by 0 degree(s)
13:31:27: [INFO] Adding track segment (F.Cu): [(320040000, 92710000), (320040000, 111760000)]
13:31:27: [INFO] Routing ROW3 pads
13:31:27: [INFO] Routing pad 'D46:1' at (119380000, 100650000) with pad 'D47:1' at (138430000, 100650000) using coordinate system rotated by 0 degree(s)
13:31:27: [INFO] Adding track segment (B.Cu): [(119380000, 100650000), (138430000, 100650000)]
13:31:27: [INFO] Routing pad 'D47:1' at (138430000, 100650000) with pad 'D48:1' at (157480000, 100650000) using coordinate system rotated by 0 degree(s)
13:31:27: [INFO] Adding track segment (B.Cu): [(138430000, 100650000), (157480000, 100650000)]
13:31:27: [INFO] Routing pad 'D48:1' at (157480000, 100650000) with pad 'D49:1' at (176530000, 100650000) using coordinate system rotated by 0 degree(s)
13:31:27: [INFO] Adding track segment (B.Cu): [(157480000, 100650000), (176530000, 100650000)]
13:31:27: [INFO] Routing pad 'D49:1' at (176530000, 100650000) with pad 'D50:1' at (195580000, 100650000) using coordinate system rotated by 0 degree(s)
13:31:27: [INFO] Adding track segment (B.Cu): [(176530000, 100650000), (195580000, 100650000)]
13:31:27: [INFO] Routing pad 'D50:1' at (195580000, 100650000) with pad 'D51:1' at (214630000, 100650000) using coordinate system rotated by 0 degree(s)
13:31:27: [INFO] Adding track segment (B.Cu): [(195580000, 100650000), (214630000, 100650000)]
13:31:27: [INFO] Routing pad 'D51:1' at (214630000, 100650000) with pad 'D52:1' at (233680000, 100650000) using coordinate system rotated by 0 degree(s)
13:31:27: [INFO] Adding track segment (B.Cu): [(214630000, 100650000), (233680000, 100650000)]
13:31:27: [INFO] Routing pad 'D52:1' at (233680000, 100650000) with pad 'D53:1' at (252730000, 100650000) using coordinate system rotated by 0 degree(s)
13:31:27: [INFO] Adding track segment (B.Cu): [(233680000, 100650000), (252730000, 100650000)]
13:31:27: [INFO] Routing pad 'D53:1' at (252730000, 100650000) with pad 'D54:1' at (271780000, 100650000) using coordinate system rotated by 0 degree(s)
13:31:27: [INFO] Adding track segment (B.Cu): [(252730000, 100650000), (271780000, 100650000)]
13:31:27: [INFO] Routing pad 'D54:1' at (271780000, 100650000) with pad 'D55:1' at (290830000, 100650000) using coordinate system rotated by 0 degree(s)
13:31:27: [INFO] Adding track segment (B.Cu): [(271780000, 100650000), (290830000, 100650000)]
13:31:27: [INFO] Routing pad 'D55:1' at (290830000, 100650000) with pad 'D56:1' at (309880000, 100650000) using coordinate system rotated by 0 degree(s)
13:31:27: [INFO] Adding track segment (B.Cu): [(290830000, 100650000), (309880000, 100650000)]
13:31:27: [INFO] Routing pad 'D56:1' at (309880000, 100650000) with pad 'D57:1' at (328930000, 100650000) using coordinate system rotated by 0 degree(s)
13:31:27: [INFO] Adding track segment (B.Cu): [(309880000, 100650000), (328930000, 100650000)]
13:31:27: [INFO] Routing pad 'D57:1' at (328930000, 100650000) with pad 'D58:1' at (347980000, 100650000) using coordinate system rotated by 0 degree(s)
13:31:27: [INFO] Adding track segment (B.Cu): [(328930000, 100650000), (347980000, 100650000)]
13:31:27: [INFO] Routing pad 'D58:1' at (347980000, 100650000) with pad 'D59:1' at (367030000, 100650000) using coordinate system rotated by 0 degree(s)
13:31:27: [INFO] Adding track segment (B.Cu): [(347980000, 100650000), (367030000, 100650000)]
13:31:27: [INFO] Routing pad 'D59:1' at (367030000, 100650000) with pad 'D60:1' at (386080000, 100650000) using coordinate system rotated by 0 degree(s)
13:31:27: [INFO] Adding track segment (B.Cu): [(367030000, 100650000), (386080000, 100650000)]
13:31:27: [INFO] Routing COL0 pads
13:31:27: [INFO] Routing pad 'SW31:1' at (112871250, 73660000) with pad 'SW46:1' at (110490000, 92710000) using coordinate system rotated by 0 degree(s)
13:31:28: [INFO] Adding track segment (F.Cu): [(112871250, 73660000), (112871250, 90328750)]
13:31:28: [INFO] Adding track segment (F.Cu): [(112871250, 90328750), (110490000, 92710000)]
13:31:28: [INFO] Routing pad 'SW46:1' at (110490000, 92710000) with pad 'SW61:1' at (110490000, 111760000) using coordinate system rotated by 0 degree(s)
13:31:28: [INFO] Adding track segment (F.Cu): [(110490000, 92710000), (110490000, 111760000)]
13:31:28: [INFO] Routing pad 'SW16:1' at (115252500, 54610000) with pad 'SW31:1' at (112871250, 73660000) using coordinate system rotated by 0 degree(s)
13:31:28: [INFO] Adding track segment (F.Cu): [(115252500, 54610000), (115252500, 71278750)]
13:31:28: [INFO] Adding track segment (F.Cu): [(115252500, 71278750), (112871250, 73660000)]
13:31:28: [INFO] Routing pad 'SW1:1' at (110490000, 35560000) with pad 'SW16:1' at (115252500, 54610000) using coordinate system rotated by 0 degree(s)
13:31:28: [INFO] Adding track segment (F.Cu): [(110490000, 35560000), (110490000, 49847500)]
13:31:28: [INFO] Adding track segment (F.Cu): [(110490000, 49847500), (115252500, 54610000)]
13:31:28: [INFO] Routing COL14 pads
13:31:28: [INFO] Routing pad 'SW30a:1' at (367665000, 35560000) with pad 'SW30:1' at (372427500, 54610000) using coordinate system rotated by 0 degree(s)
13:31:28: [INFO] Routing pad 'SW30:1' at (372427500, 54610000) with pad 'SW45:1' at (374808750, 73660000) using coordinate system rotated by 0 degree(s)
13:31:28: [INFO] Adding track segment (F.Cu): [(372427500, 54610000), (372427500, 71278750)]
13:31:28: [INFO] Adding track segment (F.Cu): [(372427500, 71278750), (374808750, 73660000)]
13:31:28: [INFO] Routing pad 'SW30a:1' at (367665000, 35560000) with pad 'SW15:1' at (377190000, 35560000) using coordinate system rotated by 0 degree(s)
13:31:28: [INFO] Adding track segment (F.Cu): [(367665000, 35560000), (377190000, 35560000)]
13:31:28: [INFO] Routing pad 'SW45:1' at (374808750, 73660000) with pad 'SW60:1' at (377190000, 92710000) using coordinate system rotated by 0 degree(s)
13:31:28: [INFO] Adding track segment (F.Cu): [(374808750, 73660000), (374808750, 90328750)]
13:31:28: [INFO] Adding track segment (F.Cu): [(374808750, 90328750), (377190000, 92710000)]
13:31:28: [INFO] Routing pad 'SW60:1' at (377190000, 92710000) with pad 'SW74:1' at (377190000, 111760000) using coordinate system rotated by 0 degree(s)
13:31:28: [INFO] Adding track segment (F.Cu): [(377190000, 92710000), (377190000, 111760000)]
13:31:28: [INFO] Routing ROW2 pads
13:31:28: [INFO] Routing pad 'D31:1' at (121761250, 81600000) with pad 'D32:1' at (143192500, 81600000) using coordinate system rotated by 0 degree(s)
13:31:28: [INFO] Adding track segment (B.Cu): [(121761250, 81600000), (143192500, 81600000)]
13:31:28: [INFO] Routing pad 'D32:1' at (143192500, 81600000) with pad 'D33:1' at (162242500, 81600000) using coordinate system rotated by 0 degree(s)
13:31:28: [INFO] Adding track segment (B.Cu): [(143192500, 81600000), (162242500, 81600000)]
13:31:28: [INFO] Routing pad 'D33:1' at (162242500, 81600000) with pad 'D34:1' at (181292500, 81600000) using coordinate system rotated by 0 degree(s)
13:31:28: [INFO] Adding track segment (B.Cu): [(162242500, 81600000), (181292500, 81600000)]
13:31:28: [INFO] Routing pad 'D34:1' at (181292500, 81600000) with pad 'D35:1' at (200342500, 81600000) using coordinate system rotated by 0 degree(s)
13:31:28: [INFO] Adding track segment (B.Cu): [(181292500, 81600000), (200342500, 81600000)]
13:31:28: [INFO] Routing pad 'D35:1' at (200342500, 81600000) with pad 'D36:1' at (219392500, 81600000) using coordinate system rotated by 0 degree(s)
13:31:28: [INFO] Adding track segment (B.Cu): [(200342500, 81600000), (219392500, 81600000)]
13:31:28: [INFO] Routing pad 'D36:1' at (219392500, 81600000) with pad 'D37:1' at (238442500, 81600000) using coordinate system rotated by 0 degree(s)
13:31:28: [INFO] Adding track segment (B.Cu): [(219392500, 81600000), (238442500, 81600000)]
13:31:28: [INFO] Routing pad 'D37:1' at (238442500, 81600000) with pad 'D39:1' at (267017500, 81600000) using coordinate system rotated by 0 degree(s)
13:31:28: [INFO] Adding track segment (B.Cu): [(238442500, 81600000), (267017500, 81600000)]
13:31:28: [INFO] Routing pad 'D39:1' at (267017500, 81600000) with pad 'D40:1' at (286067500, 81600000) using coordinate system rotated by 0 degree(s)
13:31:28: [INFO] Adding track segment (B.Cu): [(267017500, 81600000), (286067500, 81600000)]
13:31:28: [INFO] Routing pad 'D40:1' at (286067500, 81600000) with pad 'D41:1' at (305117500, 81600000) using coordinate system rotated by 0 degree(s)
13:31:28: [INFO] Adding track segment (B.Cu): [(286067500, 81600000), (305117500, 81600000)]
13:31:28: [INFO] Routing pad 'D41:1' at (305117500, 81600000) with pad 'D42:1' at (324167500, 81600000) using coordinate system rotated by 0 degree(s)
13:31:28: [INFO] Adding track segment (B.Cu): [(305117500, 81600000), (324167500, 81600000)]
13:31:28: [INFO] Routing pad 'D42:1' at (324167500, 81600000) with pad 'D43:1' at (343217500, 81600000) using coordinate system rotated by 0 degree(s)
13:31:28: [INFO] Adding track segment (B.Cu): [(324167500, 81600000), (343217500, 81600000)]
13:31:28: [INFO] Routing pad 'D44:1' at (362267500, 81600000) with pad 'D38:1' at (357505000, 119700000) using coordinate system rotated by 0 degree(s)
13:31:28: [INFO] Routing pad 'D43:1' at (343217500, 81600000) with pad 'D44:1' at (362267500, 81600000) using coordinate system rotated by 0 degree(s)
13:31:28: [INFO] Adding track segment (B.Cu): [(343217500, 81600000), (362267500, 81600000)]
13:31:28: [INFO] Routing pad 'D44:1' at (362267500, 81600000) with pad 'D45:1' at (383698750, 81600000) using coordinate system rotated by 0 degree(s)
13:31:28: [INFO] Adding track segment (B.Cu): [(362267500, 81600000), (383698750, 81600000)]
13:31:28: [INFO] Routing COL13 pads
13:31:28: [INFO] Routing pad 'SW29:1' at (348615000, 54610000) with pad 'SW44:1' at (353377500, 73660000) using coordinate system rotated by 0 degree(s)
13:31:28: [INFO] Adding track segment (F.Cu): [(348615000, 54610000), (348615000, 68897500)]
13:31:28: [INFO] Adding track segment (F.Cu): [(348615000, 68897500), (353377500, 73660000)]
13:31:28: [INFO] Routing pad 'SW29:1' at (348615000, 54610000) with pad 'SW14:1' at (358140000, 35560000) using coordinate system rotated by 0 degree(s)
13:31:28: [INFO] Routing pad 'SW44:1' at (353377500, 73660000) with pad 'SW59:1' at (358140000, 92710000) using coordinate system rotated by 0 degree(s)
13:31:28: [INFO] Adding track segment (F.Cu): [(353377500, 73660000), (353377500, 87947500)]
13:31:28: [INFO] Adding track segment (F.Cu): [(353377500, 87947500), (358140000, 92710000)]
13:31:28: [INFO] Routing pad 'SW59:1' at (358140000, 92710000) with pad 'SW73:1' at (358140000, 111760000) using coordinate system rotated by 0 degree(s)
13:31:28: [INFO] Adding track segment (F.Cu): [(358140000, 92710000), (358140000, 111760000)]
13:31:28: [INFO] Could not add track segment due to detected collision
13:31:28: [INFO] Routing ROW1 pads
13:31:28: [INFO] Routing pad 'D16:1' at (124142500, 62550000) with pad 'D17:1' at (147955000, 62550000) using coordinate system rotated by 0 degree(s)
13:31:28: [INFO] Adding track segment (B.Cu): [(124142500, 62550000), (147955000, 62550000)]
13:31:28: [INFO] Routing pad 'D17:1' at (147955000, 62550000) with pad 'D18:1' at (167005000, 62550000) using coordinate system rotated by 0 degree(s)
13:31:28: [INFO] Adding track segment (B.Cu): [(147955000, 62550000), (167005000, 62550000)]
13:31:28: [INFO] Routing pad 'D18:1' at (167005000, 62550000) with pad 'D19:1' at (186055000, 62550000) using coordinate system rotated by 0 degree(s)
13:31:28: [INFO] Adding track segment (B.Cu): [(167005000, 62550000), (186055000, 62550000)]
13:31:28: [INFO] Routing pad 'D19:1' at (186055000, 62550000) with pad 'D20:1' at (205105000, 62550000) using coordinate system rotated by 0 degree(s)
13:31:28: [INFO] Adding track segment (B.Cu): [(186055000, 62550000), (205105000, 62550000)]
13:31:28: [INFO] Routing pad 'D20:1' at (205105000, 62550000) with pad 'D21:1' at (224155000, 62550000) using coordinate system rotated by 0 degree(s)
13:31:28: [INFO] Adding track segment (B.Cu): [(205105000, 62550000), (224155000, 62550000)]
13:31:28: [INFO] Routing pad 'D21:1' at (224155000, 62550000) with pad 'D22:1' at (243205000, 62550000) using coordinate system rotated by 0 degree(s)
13:31:28: [INFO] Adding track segment (B.Cu): [(224155000, 62550000), (243205000, 62550000)]
13:31:28: [INFO] Routing pad 'D22:1' at (243205000, 62550000) with pad 'D24:1' at (262255000, 62550000) using coordinate system rotated by 0 degree(s)
13:31:28: [INFO] Adding track segment (B.Cu): [(243205000, 62550000), (262255000, 62550000)]
13:31:28: [INFO] Routing pad 'D24:1' at (262255000, 62550000) with pad 'D25:1' at (281305000, 62550000) using coordinate system rotated by 0 degree(s)
13:31:28: [INFO] Adding track segment (B.Cu): [(262255000, 62550000), (281305000, 62550000)]
13:31:28: [INFO] Routing pad 'D25:1' at (281305000, 62550000) with pad 'D26:1' at (300355000, 62550000) using coordinate system rotated by 0 degree(s)
13:31:28: [INFO] Adding track segment (B.Cu): [(281305000, 62550000), (300355000, 62550000)]
13:31:28: [INFO] Routing pad 'D26:1' at (300355000, 62550000) with pad 'D27:1' at (319405000, 62550000) using coordinate system rotated by 0 degree(s)
13:31:28: [INFO] Adding track segment (B.Cu): [(300355000, 62550000), (319405000, 62550000)]
13:31:28: [INFO] Routing pad 'D28:1' at (338455000, 62550000) with pad 'D23:1' at (333692500, 119700000) using coordinate system rotated by 0 degree(s)
13:31:28: [INFO] Routing pad 'D27:1' at (319405000, 62550000) with pad 'D28:1' at (338455000, 62550000) using coordinate system rotated by 0 degree(s)
13:31:28: [INFO] Adding track segment (B.Cu): [(319405000, 62550000), (338455000, 62550000)]
13:31:28: [INFO] Routing pad 'D28:1' at (338455000, 62550000) with pad 'D29:1' at (357505000, 62550000) using coordinate system rotated by 0 degree(s)
13:31:28: [INFO] Adding track segment (B.Cu): [(338455000, 62550000), (357505000, 62550000)]
13:31:28: [INFO] Routing pad 'D29:1' at (357505000, 62550000) with pad 'D30:1' at (381317500, 62550000) using coordinate system rotated by 0 degree(s)
13:31:28: [INFO] Adding track segment (B.Cu): [(357505000, 62550000), (381317500, 62550000)]
13:31:28: [INFO] Routing COL6 pads
13:31:28: [INFO] Routing pad 'SW37:1' at (229552500, 73660000) with pad 'SW52:1' at (224790000, 92710000) using coordinate system rotated by 0 degree(s)
13:31:28: [INFO] Adding track segment (F.Cu): [(229552500, 73660000), (229552500, 87947500)]
13:31:28: [INFO] Adding track segment (F.Cu): [(229552500, 87947500), (224790000, 92710000)]
13:31:28: [INFO] Routing pad 'SW22:1' at (234315000, 54610000) with pad 'SW37:1' at (229552500, 73660000) using coordinate system rotated by 0 degree(s)
13:31:28: [INFO] Adding track segment (F.Cu): [(234315000, 54610000), (234315000, 68897500)]
13:31:28: [INFO] Adding track segment (F.Cu): [(234315000, 68897500), (229552500, 73660000)]
13:31:28: [INFO] Routing pad 'SW7:1' at (224790000, 35560000) with pad 'SW22:1' at (234315000, 54610000) using coordinate system rotated by 0 degree(s)
13:31:28: [INFO] Adding track segment (F.Cu): [(224790000, 35560000), (224790000, 45085000)]
13:31:28: [INFO] Adding track segment (F.Cu): [(224790000, 45085000), (234315000, 54610000)]
13:31:28: [INFO] Routing COL2 pads
13:31:28: [INFO] Routing pad 'SW63a:1' at (139065000, 111760000) with pad 'SW63b:1' at (141446250, 111760000) using coordinate system rotated by 0 degree(s)
13:31:28: [INFO] Adding track segment (F.Cu): [(139065000, 111760000), (141446250, 111760000)]
13:31:28: [INFO] Routing pad 'SW18:1' at (158115000, 54610000) with pad 'SW3:1' at (148590000, 35560000) using coordinate system rotated by 0 degree(s)
13:31:28: [INFO] Adding track segment (F.Cu): [(158115000, 54610000), (148590000, 45085000)]
13:31:28: [INFO] Adding track segment (F.Cu): [(148590000, 45085000), (148590000, 35560000)]
13:31:28: [INFO] Routing pad 'SW63b:1' at (141446250, 111760000) with pad 'SW48:1' at (148590000, 92710000) using coordinate system rotated by 0 degree(s)
13:31:28: [INFO] Routing pad 'SW48:1' at (148590000, 92710000) with pad 'SW33:1' at (153352500, 73660000) using coordinate system rotated by 0 degree(s)
13:31:28: [INFO] Adding track segment (F.Cu): [(148590000, 92710000), (153352500, 87947500)]
13:31:28: [INFO] Adding track segment (F.Cu): [(153352500, 87947500), (153352500, 73660000)]
13:31:28: [INFO] Routing pad 'SW63b:1' at (141446250, 111760000) with pad 'SW63:1' at (155733750, 111760000) using coordinate system rotated by 0 degree(s)
13:31:28: [INFO] Adding track segment (F.Cu): [(141446250, 111760000), (155733750, 111760000)]
13:31:28: [INFO] Routing pad 'SW33:1' at (153352500, 73660000) with pad 'SW18:1' at (158115000, 54610000) using coordinate system rotated by 0 degree(s)
13:31:28: [INFO] Adding track segment (F.Cu): [(153352500, 73660000), (158115000, 68897500)]
13:31:28: [INFO] Adding track segment (F.Cu): [(158115000, 68897500), (158115000, 54610000)]
13:31:28: [INFO] Routing COL9 pads
13:31:28: [INFO] Routing pad 'SW69a:1' at (279558750, 111760000) with pad 'SW69:1' at (272415000, 111760000) using coordinate system rotated by 0 degree(s)
13:31:28: [INFO] Adding track segment (F.Cu): [(279558750, 111760000), (272415000, 111760000)]
13:31:28: [INFO] Routing pad 'SW25:1' at (272415000, 54610000) with pad 'SW40:1' at (277177500, 73660000) using coordinate system rotated by 0 degree(s)
13:31:28: [INFO] Adding track segment (F.Cu): [(272415000, 54610000), (272415000, 68897500)]
13:31:28: [INFO] Adding track segment (F.Cu): [(272415000, 68897500), (277177500, 73660000)]
13:31:28: [INFO] Routing pad 'SW55:1' at (281940000, 92710000) with pad 'SW69a:1' at (279558750, 111760000) using coordinate system rotated by 0 degree(s)
13:31:28: [INFO] Adding track segment (F.Cu): [(281940000, 92710000), (281940000, 109378750)]
13:31:28: [INFO] Adding track segment (F.Cu): [(281940000, 109378750), (279558750, 111760000)]
13:31:28: [INFO] Routing pad 'SW25:1' at (272415000, 54610000) with pad 'SW10:1' at (281940000, 35560000) using coordinate system rotated by 0 degree(s)
13:31:28: [INFO] Adding track segment (F.Cu): [(272415000, 54610000), (281940000, 45085000)]
13:31:28: [INFO] Adding track segment (F.Cu): [(281940000, 45085000), (281940000, 35560000)]
13:31:28: [INFO] Routing pad 'SW40:1' at (277177500, 73660000) with pad 'SW55:1' at (281940000, 92710000) using coordinate system rotated by 0 degree(s)
13:31:28: [INFO] Adding track segment (F.Cu): [(277177500, 73660000), (277177500, 87947500)]
13:31:28: [INFO] Adding track segment (F.Cu): [(277177500, 87947500), (281940000, 92710000)]
13:31:28: [INFO] Routing COL12 pads
13:31:28: [INFO] Routing pad 'SW28:1' at (329565000, 54610000) with pad 'SW43:1' at (334327500, 73660000) using coordinate system rotated by 0 degree(s)
13:31:28: [INFO] Adding track segment (F.Cu): [(329565000, 54610000), (329565000, 68897500)]
13:31:28: [INFO] Adding track segment (F.Cu): [(329565000, 68897500), (334327500, 73660000)]
13:31:28: [INFO] Routing pad 'SW28:1' at (329565000, 54610000) with pad 'SW13:1' at (339090000, 35560000) using coordinate system rotated by 0 degree(s)
13:31:28: [INFO] Adding track segment (F.Cu): [(329565000, 54610000), (339090000, 45085000)]
13:31:28: [INFO] Adding track segment (F.Cu): [(339090000, 45085000), (339090000, 35560000)]
13:31:28: [INFO] Routing pad 'SW43:1' at (334327500, 73660000) with pad 'SW58:1' at (339090000, 92710000) using coordinate system rotated by 0 degree(s)
13:31:28: [INFO] Adding track segment (F.Cu): [(334327500, 73660000), (334327500, 87947500)]
13:31:28: [INFO] Adding track segment (F.Cu): [(334327500, 87947500), (339090000, 92710000)]
13:31:28: [INFO] Routing pad 'SW58:1' at (339090000, 92710000) with pad 'SW72:1' at (339090000, 111760000) using coordinate system rotated by 0 degree(s)
13:31:28: [INFO] Adding track segment (F.Cu): [(339090000, 92710000), (339090000, 111760000)]
13:31:28: [INFO] Could not add track segment due to detected collision
13:31:28: [INFO] Routing COL1 pads
13:31:28: [INFO] Routing pad 'SW17:1' at (139065000, 54610000) with pad 'SW2:1' at (129540000, 35560000) using coordinate system rotated by 0 degree(s)
13:31:28: [INFO] Adding track segment (F.Cu): [(139065000, 54610000), (129540000, 45085000)]
13:31:28: [INFO] Adding track segment (F.Cu): [(129540000, 45085000), (129540000, 35560000)]
13:31:28: [INFO] Routing pad 'SW62:1' at (131921250, 111760000) with pad 'SW47:1' at (129540000, 92710000) using coordinate system rotated by 0 degree(s)
13:31:28: [INFO] Adding track segment (F.Cu): [(131921250, 111760000), (129540000, 109378750)]
13:31:28: [INFO] Adding track segment (F.Cu): [(129540000, 109378750), (129540000, 92710000)]
13:31:28: [INFO] Routing pad 'SW62a:1' at (115252500, 111760000) with pad 'SW62:1' at (131921250, 111760000) using coordinate system rotated by 0 degree(s)
13:31:28: [INFO] Adding track segment (F.Cu): [(115252500, 111760000), (131921250, 111760000)]
13:31:28: [INFO] Routing pad 'SW47:1' at (129540000, 92710000) with pad 'SW32:1' at (134302500, 73660000) using coordinate system rotated by 0 degree(s)
13:31:28: [INFO] Adding track segment (F.Cu): [(129540000, 92710000), (134302500, 87947500)]
13:31:28: [INFO] Adding track segment (F.Cu): [(134302500, 87947500), (134302500, 73660000)]
13:31:28: [INFO] Routing pad 'SW32:1' at (134302500, 73660000) with pad 'SW17:1' at (139065000, 54610000) using coordinate system rotated by 0 degree(s)
13:31:28: [INFO] Adding track segment (F.Cu): [(134302500, 73660000), (139065000, 68897500)]
13:31:28: [INFO] Adding track segment (F.Cu): [(139065000, 68897500), (139065000, 54610000)]
13:31:28: [INFO] Routing ROW0 pads
13:31:28: [INFO] Routing pad 'D1:1' at (119380000, 43500000) with pad 'D2:1' at (138430000, 43500000) using coordinate system rotated by 0 degree(s)
13:31:28: [INFO] Adding track segment (B.Cu): [(119380000, 43500000), (138430000, 43500000)]
13:31:28: [INFO] Routing pad 'D2:1' at (138430000, 43500000) with pad 'D3:1' at (157480000, 43500000) using coordinate system rotated by 0 degree(s)
13:31:28: [INFO] Adding track segment (B.Cu): [(138430000, 43500000), (157480000, 43500000)]
13:31:28: [INFO] Routing pad 'D3:1' at (157480000, 43500000) with pad 'D4:1' at (176530000, 43500000) using coordinate system rotated by 0 degree(s)
13:31:28: [INFO] Adding track segment (B.Cu): [(157480000, 43500000), (176530000, 43500000)]
13:31:28: [INFO] Routing pad 'D4:1' at (176530000, 43500000) with pad 'D5:1' at (195580000, 43500000) using coordinate system rotated by 0 degree(s)
13:31:28: [INFO] Adding track segment (B.Cu): [(176530000, 43500000), (195580000, 43500000)]
13:31:28: [INFO] Routing pad 'D5:1' at (195580000, 43500000) with pad 'D6:1' at (214630000, 43500000) using coordinate system rotated by 0 degree(s)
13:31:28: [INFO] Adding track segment (B.Cu): [(195580000, 43500000), (214630000, 43500000)]
13:31:28: [INFO] Routing pad 'D6:1' at (214630000, 43500000) with pad 'D7:1' at (233680000, 43500000) using coordinate system rotated by 0 degree(s)
13:31:28: [INFO] Adding track segment (B.Cu): [(214630000, 43500000), (233680000, 43500000)]
13:31:28: [INFO] Routing pad 'D7:1' at (233680000, 43500000) with pad 'D8:1' at (252730000, 43500000) using coordinate system rotated by 0 degree(s)
13:31:28: [INFO] Adding track segment (B.Cu): [(233680000, 43500000), (252730000, 43500000)]
13:31:28: [INFO] Routing pad 'D8:1' at (252730000, 43500000) with pad 'D9:1' at (271780000, 43500000) using coordinate system rotated by 0 degree(s)
13:31:28: [INFO] Adding track segment (B.Cu): [(252730000, 43500000), (271780000, 43500000)]
13:31:28: [INFO] Routing pad 'D9:1' at (271780000, 43500000) with pad 'D10:1' at (290830000, 43500000) using coordinate system rotated by 0 degree(s)
13:31:28: [INFO] Adding track segment (B.Cu): [(271780000, 43500000), (290830000, 43500000)]
13:31:28: [INFO] Routing pad 'D10:1' at (290830000, 43500000) with pad 'D11:1' at (309880000, 43500000) using coordinate system rotated by 0 degree(s)
13:31:28: [INFO] Adding track segment (B.Cu): [(290830000, 43500000), (309880000, 43500000)]
13:31:28: [INFO] Routing pad 'D11:1' at (309880000, 43500000) with pad 'D12:1' at (328930000, 43500000) using coordinate system rotated by 0 degree(s)
13:31:28: [INFO] Adding track segment (B.Cu): [(309880000, 43500000), (328930000, 43500000)]
13:31:28: [INFO] Routing pad 'D12:1' at (328930000, 43500000) with pad 'D13:1' at (347980000, 43500000) using coordinate system rotated by 0 degree(s)
13:31:28: [INFO] Adding track segment (B.Cu): [(328930000, 43500000), (347980000, 43500000)]
13:31:28: [INFO] Routing pad 'D13:1' at (347980000, 43500000) with pad 'D14:1' at (367030000, 43500000) using coordinate system rotated by 0 degree(s)
13:31:28: [INFO] Adding track segment (B.Cu): [(347980000, 43500000), (367030000, 43500000)]
13:31:28: [INFO] Routing pad 'D14:1' at (367030000, 43500000) with pad 'D15:1' at (386080000, 43500000) using coordinate system rotated by 0 degree(s)
13:31:28: [INFO] Adding track segment (B.Cu): [(367030000, 43500000), (386080000, 43500000)]
13:31:28: [INFO] Routing COL4 pads
13:31:28: [INFO] Routing pad 'SW35:1' at (191452500, 73660000) with pad 'SW50:1' at (186690000, 92710000) using coordinate system rotated by 0 degree(s)
13:31:28: [INFO] Adding track segment (F.Cu): [(191452500, 73660000), (191452500, 87947500)]
13:31:28: [INFO] Adding track segment (F.Cu): [(191452500, 87947500), (186690000, 92710000)]
13:31:28: [INFO] Routing pad 'SW20:1' at (196215000, 54610000) with pad 'SW35:1' at (191452500, 73660000) using coordinate system rotated by 0 degree(s)
13:31:28: [INFO] Adding track segment (F.Cu): [(196215000, 54610000), (196215000, 68897500)]
13:31:28: [INFO] Adding track segment (F.Cu): [(196215000, 68897500), (191452500, 73660000)]
13:31:28: [INFO] Routing pad 'SW5:1' at (186690000, 35560000) with pad 'SW20:1' at (196215000, 54610000) using coordinate system rotated by 0 degree(s)
13:31:28: [INFO] Adding track segment (F.Cu): [(186690000, 35560000), (186690000, 45085000)]
13:31:28: [INFO] Adding track segment (F.Cu): [(186690000, 45085000), (196215000, 54610000)]
13:31:28: [INFO] Routing pad 'SW50:1' at (186690000, 92710000) with pad 'SW65a:1' at (208121250, 111760000) using coordinate system rotated by 0 degree(s)
13:31:28: [INFO] Routing pad 'SW65a:1' at (208121250, 111760000) with pad 'SW65:1' at (212883750, 111760000) using coordinate system rotated by 0 degree(s)
13:31:28: [INFO] Adding track segment (F.Cu): [(208121250, 111760000), (212883750, 111760000)]
13:31:29: [INFO] Routing COL7 pads
13:31:29: [INFO] Routing pad 'SW8:1' at (243840000, 35560000) with pad 'SW53:1' at (243840000, 92710000) using coordinate system rotated by 0 degree(s)
13:31:29: [INFO] Adding track segment (F.Cu): [(243840000, 35560000), (243840000, 92710000)]
13:31:29: [INFO] Could not add track segment due to detected collision
13:31:29: [INFO] Routing pad 'SW53:1' at (243840000, 92710000) with pad 'SW67:1' at (243840000, 111760000) using coordinate system rotated by 0 degree(s)
13:31:29: [INFO] Adding track segment (F.Cu): [(243840000, 92710000), (243840000, 111760000)]
13:31:29: [INFO] Routing pad 'SW67:1' at (243840000, 111760000) with pad 'SW23:1' at (324802500, 111760000) using coordinate system rotated by 0 degree(s)
13:31:29: [INFO] Adding track segment (F.Cu): [(243840000, 111760000), (324802500, 111760000)]
13:31:29: [INFO] Could not add track segment due to detected collision
13:31:29: [INFO] Routing pad 'SW23:1' at (324802500, 111760000) with pad 'SW38a:1' at (331946250, 111760000) using coordinate system rotated by 0 degree(s)
13:31:29: [INFO] Adding track segment (F.Cu): [(324802500, 111760000), (331946250, 111760000)]
13:31:29: [INFO] Routing pad 'SW38a:1' at (331946250, 111760000) with pad 'SW38:1' at (348615000, 111760000) using coordinate system rotated by 0 degree(s)
13:31:29: [INFO] Adding track segment (F.Cu): [(331946250, 111760000), (348615000, 111760000)]
13:31:29: [INFO] Could not add track segment due to detected collision
13:31:29: [INFO] Routing ROW4 pads
13:31:29: [INFO] Routing pad 'D61:1' at (119380000, 119700000) with pad 'D62:1' at (140811250, 119700000) using coordinate system rotated by 0 degree(s)
13:31:29: [INFO] Adding track segment (B.Cu): [(119380000, 119700000), (140811250, 119700000)]
13:31:29: [INFO] Routing pad 'D62:1' at (140811250, 119700000) with pad 'D63:1' at (164623750, 119700000) using coordinate system rotated by 0 degree(s)
13:31:29: [INFO] Adding track segment (B.Cu): [(140811250, 119700000), (164623750, 119700000)]
13:31:29: [INFO] Routing pad 'D63:1' at (164623750, 119700000) with pad 'D64:1' at (188436250, 119700000) using coordinate system rotated by 0 degree(s)
13:31:29: [INFO] Adding track segment (B.Cu): [(164623750, 119700000), (188436250, 119700000)]
13:31:29: [INFO] Routing pad 'D64:1' at (188436250, 119700000) with pad 'D65:1' at (221773750, 119700000) using coordinate system rotated by 0 degree(s)
13:31:29: [INFO] Adding track segment (B.Cu): [(188436250, 119700000), (221773750, 119700000)]
13:31:29: [INFO] Routing pad 'D65:1' at (221773750, 119700000) with pad 'D67:1' at (252730000, 119700000) using coordinate system rotated by 0 degree(s)
13:31:29: [INFO] Adding track segment (B.Cu): [(221773750, 119700000), (252730000, 119700000)]
13:31:29: [INFO] Routing pad 'D67:1' at (252730000, 119700000) with pad 'D69:1' at (281305000, 119700000) using coordinate system rotated by 0 degree(s)
13:31:29: [INFO] Adding track segment (B.Cu): [(252730000, 119700000), (281305000, 119700000)]
13:31:29: [INFO] Routing pad 'D69:1' at (281305000, 119700000) with pad 'D70:1' at (309880000, 119700000) using coordinate system rotated by 0 degree(s)
13:31:29: [INFO] Adding track segment (B.Cu): [(281305000, 119700000), (309880000, 119700000)]
13:31:29: [INFO] Routing pad 'D70:1' at (309880000, 119700000) with pad 'D66:1' at (314642500, 119700000) using coordinate system rotated by 0 degree(s)
13:31:29: [INFO] Adding track segment (B.Cu): [(309880000, 119700000), (314642500, 119700000)]
13:31:29: [INFO] Routing pad 'D66:1' at (314642500, 119700000) with pad 'D71:1' at (328930000, 119700000) using coordinate system rotated by 0 degree(s)
13:31:29: [INFO] Adding track segment (B.Cu): [(314642500, 119700000), (328930000, 119700000)]
13:31:29: [INFO] Routing pad 'D71:1' at (328930000, 119700000) with pad 'D72:1' at (347980000, 119700000) using coordinate system rotated by 0 degree(s)
13:31:29: [INFO] Adding track segment (B.Cu): [(328930000, 119700000), (347980000, 119700000)]
13:31:29: [INFO] Could not add track segment due to detected collision
13:31:29: [INFO] Routing pad 'D72:1' at (347980000, 119700000) with pad 'D73:1' at (367030000, 119700000) using coordinate system rotated by 0 degree(s)
13:31:29: [INFO] Adding track segment (B.Cu): [(347980000, 119700000), (367030000, 119700000)]
13:31:29: [INFO] Could not add track segment due to detected collision
13:31:29: [INFO] Routing pad 'D73:1' at (367030000, 119700000) with pad 'D68:1' at (381317500, 119700000) using coordinate system rotated by 0 degree(s)
13:31:29: [INFO] Adding track segment (B.Cu): [(367030000, 119700000), (381317500, 119700000)]
13:31:29: [INFO] Routing pad 'D68:1' at (381317500, 119700000) with pad 'D74:1' at (386080000, 119700000) using coordinate system rotated by 0 degree(s)
13:31:29: [INFO] Adding track segment (B.Cu): [(381317500, 119700000), (386080000, 119700000)]
13:31:29: [INFO] Routing COL5 pads
13:31:29: [INFO] Routing pad 'SW36:1' at (210502500, 73660000) with pad 'SW51:1' at (205740000, 92710000) using coordinate system rotated by 0 degree(s)
13:31:29: [INFO] Adding track segment (F.Cu): [(210502500, 73660000), (210502500, 87947500)]
13:31:29: [INFO] Adding track segment (F.Cu): [(210502500, 87947500), (205740000, 92710000)]
13:31:29: [INFO] Routing pad 'SW21:1' at (215265000, 54610000) with pad 'SW36:1' at (210502500, 73660000) using coordinate system rotated by 0 degree(s)
13:31:29: [INFO] Adding track segment (F.Cu): [(215265000, 54610000), (215265000, 68897500)]
13:31:29: [INFO] Adding track segment (F.Cu): [(215265000, 68897500), (210502500, 73660000)]
13:31:29: [INFO] Routing pad 'SW6:1' at (205740000, 35560000) with pad 'SW21:1' at (215265000, 54610000) using coordinate system rotated by 0 degree(s)
13:31:29: [INFO] Adding track segment (F.Cu): [(205740000, 35560000), (205740000, 45085000)]
13:31:29: [INFO] Adding track segment (F.Cu): [(205740000, 45085000), (215265000, 54610000)]
13:31:29: [INFO] Routing pad 'SW51:1' at (205740000, 92710000) with pad 'SW66:1' at (305752500, 111760000) using coordinate system rotated by 0 degree(s)
13:31:29: [INFO] Routing COL3 pads
13:31:29: [INFO] Routing pad 'SW19:1' at (177165000, 54610000) with pad 'SW4:1' at (167640000, 35560000) using coordinate system rotated by 0 degree(s)
13:31:29: [INFO] Adding track segment (F.Cu): [(177165000, 54610000), (167640000, 45085000)]
13:31:29: [INFO] Adding track segment (F.Cu): [(167640000, 45085000), (167640000, 35560000)]
13:31:29: [INFO] Routing pad 'SW64b:1' at (167640000, 111760000) with pad 'SW49:1' at (167640000, 92710000) using coordinate system rotated by 0 degree(s)
13:31:29: [INFO] Adding track segment (F.Cu): [(167640000, 111760000), (167640000, 92710000)]
13:31:29: [INFO] Routing pad 'SW64a:1' at (162877500, 111760000) with pad 'SW64b:1' at (167640000, 111760000) using coordinate system rotated by 0 degree(s)
13:31:29: [INFO] Adding track segment (F.Cu): [(162877500, 111760000), (167640000, 111760000)]
13:31:29: [INFO] Routing pad 'SW49:1' at (167640000, 92710000) with pad 'SW34:1' at (172402500, 73660000) using coordinate system rotated by 0 degree(s)
13:31:29: [INFO] Adding track segment (F.Cu): [(167640000, 92710000), (172402500, 87947500)]
13:31:29: [INFO] Adding track segment (F.Cu): [(172402500, 87947500), (172402500, 73660000)]
13:31:29: [INFO] Routing pad 'SW34:1' at (172402500, 73660000) with pad 'SW19:1' at (177165000, 54610000) using coordinate system rotated by 0 degree(s)
13:31:29: [INFO] Adding track segment (F.Cu): [(172402500, 73660000), (177165000, 68897500)]
13:31:29: [INFO] Adding track segment (F.Cu): [(177165000, 68897500), (177165000, 54610000)]
13:31:29: [INFO] Routing pad 'SW64b:1' at (167640000, 111760000) with pad 'SW64:1' at (179546250, 111760000) using coordinate system rotated by 0 degree(s)
13:31:29: [INFO] Adding track segment (F.Cu): [(167640000, 111760000), (179546250, 111760000)]
13:31:29: [INFO] Routing COL8 pads
13:31:29: [INFO] Routing pad 'SW24:1' at (253365000, 54610000) with pad 'SW39:1' at (258127500, 73660000) using coordinate system rotated by 0 degree(s)
13:31:29: [INFO] Adding track segment (F.Cu): [(253365000, 54610000), (253365000, 68897500)]
13:31:29: [INFO] Adding track segment (F.Cu): [(253365000, 68897500), (258127500, 73660000)]
13:31:29: [INFO] Routing pad 'SW24:1' at (253365000, 54610000) with pad 'SW9:1' at (262890000, 35560000) using coordinate system rotated by 0 degree(s)
13:31:29: [INFO] Adding track segment (F.Cu): [(253365000, 54610000), (262890000, 45085000)]
13:31:29: [INFO] Adding track segment (F.Cu): [(262890000, 45085000), (262890000, 35560000)]
13:31:29: [INFO] Routing pad 'SW39:1' at (258127500, 73660000) with pad 'SW54:1' at (262890000, 92710000) using coordinate system rotated by 0 degree(s)
13:31:29: [INFO] Adding track segment (F.Cu): [(258127500, 73660000), (258127500, 87947500)]
13:31:29: [INFO] Adding track segment (F.Cu): [(258127500, 87947500), (262890000, 92710000)]
13:31:29: [INFO] Routing pad 'SW54:1' at (262890000, 92710000) with pad 'SW68a:1' at (365283750, 111760000) using coordinate system rotated by 0 degree(s)
13:31:29: [INFO] Routing pad 'SW68a:1' at (365283750, 111760000) with pad 'SW68:1' at (372427500, 111760000) using coordinate system rotated by 0 degree(s)
13:31:29: [INFO] Adding track segment (F.Cu): [(365283750, 111760000), (372427500, 111760000)]
13:31:29: [INFO] Removing dangling tracks
