=== kbplacer.kle_serial ===
=== layout2image.py ===
=== kbplacer ===
13:31:59: [INFO] User layout: https://editor.keyboard-tools.xyz/#share=NrDeCIA9wLgAgIwDoCsAaO4DGtMGIB2I48DcAd12QCYUBfMgBjQVLgh3nDy17-AaZm1NuGYBmUcwAsUtCjkA2OQXABdNACgwUKqjKd8xEmUrwa9MghZsOubn36Dw1kVbST3s9wvfL3qhradlyExqrO1GiMtrrwjPqYZohItJE2GCH4jrwCZFFumFGeRWjepb6l-qWBWjqG3OERZOLRsdDxiRR6aS0Z7Nj2PDl5mK2F4K0lk2WirZUz1TO1wYOhTaPg0m2ZcXAJ6Ek9lpjbrLsNeACGN7eiyRbO24VZjeGb2yUQydRIBCdbeSxS63O5PNCBNRAA
13:31:59: [INFO] Labels prefixes: for rows: 'ROW', for columns: 'COL'
13:31:59: [INFO] Matrix size: 4x7
13:31:59: [WARNING] No stabilizer footprint for width 2.75u, using 2u as fallback
13:31:59: [INFO] Add COL0 net
13:31:59: [INFO] Add COL1 net
13:31:59: [INFO] Add COL2 net
13:31:59: [INFO] Add COL3 net
13:31:59: [INFO] Add COL4 net
13:31:59: [INFO] Add COL5 net
13:31:59: [INFO] Add COL6 net
13:31:59: [INFO] Add COL7 net
13:31:59: [INFO] Add Net-(D1-A) net
13:31:59: [INFO] Add Net-(D10-A) net
13:31:59: [INFO] Add Net-(D11-A) net
13:31:59: [INFO] Add Net-(D12-A) net
13:31:59: [INFO] Add Net-(D13-A) net
13:31:59: [INFO] Add Net-(D14-A) net
13:31:59: [INFO] Add Net-(D15-A) net
13:31:59: [INFO] Add Net-(D16-A) net
13:31:59: [INFO] Add Net-(D17-A) net
13:31:59: [INFO] Add Net-(D18-A) net
13:31:59: [INFO] Add Net-(D19-A) net
13:31:59: [INFO] Add Net-(D2-A) net
13:31:59: [INFO] Add Net-(D20-A) net
13:31:59: [INFO] Add Net-(D21-A) net
13:31:59: [INFO] Add Net-(D22-A) net
13:31:59: [INFO] Add Net-(D23-A) net
13:31:59: [INFO] Add Net-(D24-A) net
13:31:59: [INFO] Add Net-(D25-A) net
13:31:59: [INFO] Add Net-(D26-A) net
13:31:59: [INFO] Add Net-(D27-A) net
13:31:59: [INFO] Add Net-(D28-A) net
13:31:59: [INFO] Add Net-(D29-A) net
13:31:59: [INFO] Add Net-(D3-A) net
13:31:59: [INFO] Add Net-(D30-A) net
13:31:59: [INFO] Add Net-(D31-A) net
13:31:59: [INFO] Add Net-(D32-A) net
13:31:59: [INFO] Add Net-(D33-A) net
13:31:59: [INFO] Add Net-(D34-A) net
13:31:59: [INFO] Add Net-(D35-A) net
13:31:59: [INFO] Add Net-(D36-A) net
13:31:59: [INFO] Add Net-(D4-A) net
13:31:59: [INFO] Add Net-(D5-A) net
13:31:59: [INFO] Add Net-(D6-A) net
13:31:59: [INFO] Add Net-(D7-A) net
13:31:59: [INFO] Add Net-(D8-A) net
13:31:59: [INFO] Add Net-(D9-A) net
13:31:59: [INFO] Add ROW0 net
13:31:59: [INFO] Add ROW1 net
13:31:59: [INFO] Add ROW2 net
13:31:59: [INFO] Add ROW3 net
13:31:59: [INFO] Add ROW4 net
13:31:59: [INFO] Add SW1 footprint
13:31:59: [INFO] Add D1 footprint
13:31:59: [INFO] Add SW2 footprint
13:31:59: [INFO] Add D2 footprint
13:32:00: [INFO] Add SW3 footprint
13:32:00: [INFO] Add D3 footprint
13:32:00: [INFO] Add SW4 footprint
13:32:00: [INFO] Add D4 footprint
13:32:00: [INFO] Add SW5 footprint
13:32:00: [INFO] Add D5 footprint
13:32:00: [INFO] Add SW6 footprint
13:32:00: [INFO] Add D6 footprint
13:32:00: [INFO] Add SW7 footprint
13:32:00: [INFO] Add D7 footprint
13:32:00: [INFO] Add SW8 footprint
13:32:00: [INFO] Add D8 footprint
13:32:00: [INFO] Add SW9 footprint
13:32:00: [INFO] Add D9 footprint
13:32:00: [INFO] Add SW10 footprint
13:32:00: [INFO] Add D10 footprint
13:32:00: [INFO] Add SW11 footprint
13:32:00: [INFO] Add D11 footprint
13:32:00: [INFO] Add SW12 footprint
13:32:00: [INFO] Add D12 footprint
13:32:00: [INFO] Add SW13 footprint
13:32:00: [INFO] Add D13 footprint
13:32:00: [INFO] Add SW14 footprint
13:32:00: [INFO] Add D14 footprint
13:32:00: [INFO] Add SW15 footprint
13:32:00: [INFO] Add D15 footprint
13:32:00: [INFO] Add SW16 footprint
13:32:00: [INFO] Add D16 footprint
13:32:00: [INFO] Add SW17 footprint
13:32:00: [INFO] Add D17 footprint
13:32:00: [INFO] Add SW18 footprint
13:32:00: [INFO] Add D18 footprint
13:32:00: [INFO] Add SW19 footprint
13:32:00: [INFO] Add D19 footprint
13:32:00: [INFO] Add SW20 footprint
13:32:00: [INFO] Add D20 footprint
13:32:00: [INFO] Add SW21 footprint
13:32:01: [INFO] Add D21 footprint
13:32:01: [INFO] Add SW22 footprint
13:32:01: [INFO] Add D22 footprint
13:32:01: [INFO] Add SW23 footprint
13:32:01: [INFO] Add D23 footprint
13:32:01: [INFO] Add SW24 footprint
13:32:01: [INFO] Add D24 footprint
13:32:01: [INFO] Add SW25 footprint
13:32:01: [INFO] Add D25 footprint
13:32:01: [INFO] Add SW26 footprint
13:32:01: [INFO] Add D26 footprint
13:32:01: [INFO] Add SW27 footprint
13:32:01: [INFO] Add D27 footprint
13:32:01: [INFO] Add SW28 footprint
13:32:01: [INFO] Add D28 footprint
13:32:01: [INFO] Add SW29 footprint
13:32:01: [INFO] Add D29 footprint
13:32:01: [INFO] Add SW30 footprint
13:32:01: [INFO] Add D30 footprint
13:32:01: [INFO] Add SW31 footprint
13:32:01: [INFO] Add D31 footprint
13:32:01: [INFO] Add SW32 footprint
13:32:01: [INFO] Add D32 footprint
13:32:01: [INFO] Add SW33 footprint
13:32:01: [INFO] Add D33 footprint
13:32:01: [INFO] Add SW34 footprint
13:32:01: [INFO] Add D34 footprint
13:32:01: [INFO] Add SW35 footprint
13:32:01: [INFO] Add D35 footprint
13:32:01: [WARNING] No stabilizer footprint for width 2.75u, using 2u as fallback
13:32:01: [INFO] Add ST35 footprint
13:32:01: [INFO] Add SW36 footprint
13:32:01: [INFO] Add D36 footprint
13:32:01: [INFO] Detected layout convertible to matrix annotated keyboard
13:32:01: [INFO] Using key 1U distance: (19.05, 19.05) mm
13:32:01: [INFO] Layout offset: (35718750, 28575000)
13:32:01: [INFO] Diode info: [ElementInfo(annotation_format='D{}', position_option=<PositionOption.CUSTOM: 'Custom'>, position=ElementPosition(x=5.08, y=4.0, orientation=90.0, side=<Side.BACK: 'Back'>), template_path='', start_index=-1)]
13:32:01: [INFO] Placing additional elements for SW36
13:32:01: [INFO] Placing additional elements for SW35
13:32:01: [INFO] Placing additional elements for SW34
13:32:01: [INFO] Placing additional elements for SW33
13:32:01: [INFO] Placing additional elements for SW32
13:32:01: [INFO] Placing additional elements for SW31
13:32:01: [INFO] Placing additional elements for SW30
13:32:01: [INFO] Placing additional elements for SW29
13:32:01: [INFO] Placing additional elements for SW28
13:32:01: [INFO] Placing additional elements for SW27
13:32:01: [INFO] Placing additional elements for SW26
13:32:01: [INFO] Placing additional elements for SW25
13:32:01: [INFO] Placing additional elements for SW24
13:32:01: [INFO] Placing additional elements for SW23
13:32:01: [INFO] Placing additional elements for SW22
13:32:01: [INFO] Placing additional elements for SW21
13:32:01: [INFO] Placing additional elements for SW20
13:32:01: [INFO] Placing additional elements for SW19
13:32:01: [INFO] Placing additional elements for SW18
13:32:01: [INFO] Placing additional elements for SW17
13:32:01: [INFO] Placing additional elements for SW16
13:32:01: [INFO] Placing additional elements for SW15
13:32:01: [INFO] Placing additional elements for SW14
13:32:01: [INFO] Placing additional elements for SW13
13:32:01: [INFO] Placing additional elements for SW12
13:32:01: [INFO] Placing additional elements for SW11
13:32:01: [INFO] Placing additional elements for SW10
13:32:01: [INFO] Placing additional elements for SW9
13:32:01: [INFO] Placing additional elements for SW8
13:32:01: [INFO] Placing additional elements for SW7
13:32:01: [INFO] Placing additional elements for SW6
13:32:01: [INFO] Placing additional elements for SW5
13:32:01: [INFO] Placing additional elements for SW4
13:32:01: [INFO] Placing additional elements for SW3
13:32:01: [INFO] Placing additional elements for SW2
13:32:01: [INFO] Placing additional elements for SW1
13:32:01: [INFO] Routing SW36 with D36
13:32:01: [INFO] Using internal autorouter method
13:32:01: [INFO] Routing pad 'SW36:2' at (195421250, 109220000) with pad 'D36:2' at (197961250, 116900000) using coordinate system rotated by 0 degree(s)
13:32:01: [INFO] Adding track segment (B.Cu): [(195421250, 109220000), (195421250, 114360000)]
13:32:01: [INFO] Adding track segment (B.Cu): [(195421250, 114360000), (197961250, 116900000)]
13:32:01: [INFO] Routing SW35 with D35
13:32:01: [INFO] Using internal autorouter method
13:32:01: [INFO] Routing pad 'SW35:2' at (159702500, 109220000) with pad 'D35:2' at (162242500, 116900000) using coordinate system rotated by 0 degree(s)
13:32:01: [INFO] Adding track segment (B.Cu): [(159702500, 109220000), (159702500, 114360000)]
13:32:01: [INFO] Adding track segment (B.Cu): [(159702500, 114360000), (162242500, 116900000)]
13:32:01: [INFO] Routing SW34 with D34
13:32:01: [INFO] Using internal autorouter method
13:32:01: [INFO] Routing pad 'SW34:2' at (123983750, 109220000) with pad 'D34:2' at (126523750, 116900000) using coordinate system rotated by 0 degree(s)
13:32:01: [INFO] Adding track segment (B.Cu): [(123983750, 109220000), (123983750, 114360000)]
13:32:01: [INFO] Adding track segment (B.Cu): [(123983750, 114360000), (126523750, 116900000)]
13:32:01: [INFO] Routing SW33 with D33
13:32:01: [INFO] Using internal autorouter method
13:32:02: [INFO] Routing pad 'SW33:2' at (102552500, 109220000) with pad 'D33:2' at (105092500, 116900000) using coordinate system rotated by 0 degree(s)
13:32:02: [INFO] Adding track segment (B.Cu): [(102552500, 109220000), (102552500, 114360000)]
13:32:02: [INFO] Adding track segment (B.Cu): [(102552500, 114360000), (105092500, 116900000)]
13:32:02: [INFO] Routing SW32 with D32
13:32:02: [INFO] Using internal autorouter method
13:32:02: [INFO] Routing pad 'SW32:2' at (78740000, 109220000) with pad 'D32:2' at (81280000, 116900000) using coordinate system rotated by 0 degree(s)
13:32:02: [INFO] Adding track segment (B.Cu): [(78740000, 109220000), (78740000, 114360000)]
13:32:02: [INFO] Adding track segment (B.Cu): [(78740000, 114360000), (81280000, 116900000)]
13:32:02: [INFO] Routing SW31 with D31
13:32:02: [INFO] Using internal autorouter method
13:32:02: [INFO] Routing pad 'SW31:2' at (47783750, 109220000) with pad 'D31:2' at (50323750, 116900000) using coordinate system rotated by 0 degree(s)
13:32:02: [INFO] Adding track segment (B.Cu): [(47783750, 109220000), (47783750, 114360000)]
13:32:02: [INFO] Adding track segment (B.Cu): [(47783750, 114360000), (50323750, 116900000)]
13:32:02: [INFO] Routing SW30 with D30
13:32:02: [INFO] Using internal autorouter method
13:32:02: [INFO] Routing pad 'SW30:2' at (195421250, 90170000) with pad 'D30:2' at (197961250, 97850000) using coordinate system rotated by 0 degree(s)
13:32:02: [INFO] Adding track segment (B.Cu): [(195421250, 90170000), (195421250, 95310000)]
13:32:02: [INFO] Adding track segment (B.Cu): [(195421250, 95310000), (197961250, 97850000)]
13:32:02: [INFO] Routing SW29 with D29
13:32:02: [INFO] Using internal autorouter method
13:32:02: [INFO] Routing pad 'SW29:2' at (176371250, 90170000) with pad 'D29:2' at (178911250, 97850000) using coordinate system rotated by 0 degree(s)
13:32:02: [INFO] Adding track segment (B.Cu): [(176371250, 90170000), (176371250, 95310000)]
13:32:02: [INFO] Adding track segment (B.Cu): [(176371250, 95310000), (178911250, 97850000)]
13:32:02: [INFO] Routing SW28 with D28
13:32:02: [INFO] Using internal autorouter method
13:32:02: [INFO] Routing pad 'SW28:2' at (157321250, 90170000) with pad 'D28:2' at (159861250, 97850000) using coordinate system rotated by 0 degree(s)
13:32:02: [INFO] Adding track segment (B.Cu): [(157321250, 90170000), (157321250, 95310000)]
13:32:02: [INFO] Adding track segment (B.Cu): [(157321250, 95310000), (159861250, 97850000)]
13:32:02: [INFO] Routing SW27 with D27
13:32:02: [INFO] Using internal autorouter method
13:32:02: [INFO] Routing pad 'SW27:2' at (138271250, 90170000) with pad 'D27:2' at (140811250, 97850000) using coordinate system rotated by 0 degree(s)
13:32:02: [INFO] Adding track segment (B.Cu): [(138271250, 90170000), (138271250, 95310000)]
13:32:02: [INFO] Adding track segment (B.Cu): [(138271250, 95310000), (140811250, 97850000)]
13:32:02: [INFO] Routing SW26 with D26
13:32:02: [INFO] Using internal autorouter method
13:32:02: [INFO] Routing pad 'SW26:2' at (119221250, 90170000) with pad 'D26:2' at (121761250, 97850000) using coordinate system rotated by 0 degree(s)
13:32:02: [INFO] Adding track segment (B.Cu): [(119221250, 90170000), (119221250, 95310000)]
13:32:02: [INFO] Adding track segment (B.Cu): [(119221250, 95310000), (121761250, 97850000)]
13:32:02: [INFO] Routing SW25 with D25
13:32:02: [INFO] Using internal autorouter method
13:32:02: [INFO] Routing pad 'SW25:2' at (100171250, 90170000) with pad 'D25:2' at (102711250, 97850000) using coordinate system rotated by 0 degree(s)
13:32:02: [INFO] Adding track segment (B.Cu): [(100171250, 90170000), (100171250, 95310000)]
13:32:02: [INFO] Adding track segment (B.Cu): [(100171250, 95310000), (102711250, 97850000)]
13:32:02: [INFO] Routing SW24 with D24
13:32:02: [INFO] Using internal autorouter method
13:32:02: [INFO] Routing pad 'SW24:2' at (78740000, 90170000) with pad 'D24:2' at (81280000, 97850000) using coordinate system rotated by 0 degree(s)
13:32:02: [INFO] Adding track segment (B.Cu): [(78740000, 90170000), (78740000, 95310000)]
13:32:02: [INFO] Adding track segment (B.Cu): [(78740000, 95310000), (81280000, 97850000)]
13:32:02: [INFO] Routing SW23 with D23
13:32:02: [INFO] Using internal autorouter method
13:32:02: [INFO] Routing pad 'SW23:2' at (47783750, 90170000) with pad 'D23:2' at (50323750, 97850000) using coordinate system rotated by 0 degree(s)
13:32:02: [INFO] Adding track segment (B.Cu): [(47783750, 90170000), (47783750, 95310000)]
13:32:02: [INFO] Adding track segment (B.Cu): [(47783750, 95310000), (50323750, 97850000)]
13:32:02: [INFO] Routing SW22 with D22
13:32:02: [INFO] Using internal autorouter method
13:32:02: [INFO] Routing pad 'SW22:2' at (195421250, 71120000) with pad 'D22:2' at (197961250, 78800000) using coordinate system rotated by 0 degree(s)
13:32:02: [INFO] Adding track segment (B.Cu): [(195421250, 71120000), (195421250, 76260000)]
13:32:02: [INFO] Adding track segment (B.Cu): [(195421250, 76260000), (197961250, 78800000)]
13:32:02: [INFO] Routing SW21 with D21
13:32:02: [INFO] Using internal autorouter method
13:32:02: [INFO] Routing pad 'SW21:2' at (176371250, 71120000) with pad 'D21:2' at (178911250, 78800000) using coordinate system rotated by 0 degree(s)
13:32:02: [INFO] Adding track segment (B.Cu): [(176371250, 71120000), (176371250, 76260000)]
13:32:02: [INFO] Adding track segment (B.Cu): [(176371250, 76260000), (178911250, 78800000)]
13:32:02: [INFO] Routing SW20 with D20
13:32:02: [INFO] Using internal autorouter method
13:32:02: [INFO] Routing pad 'SW20:2' at (157321250, 71120000) with pad 'D20:2' at (159861250, 78800000) using coordinate system rotated by 0 degree(s)
13:32:02: [INFO] Adding track segment (B.Cu): [(157321250, 71120000), (157321250, 76260000)]
13:32:02: [INFO] Adding track segment (B.Cu): [(157321250, 76260000), (159861250, 78800000)]
13:32:02: [INFO] Routing SW19 with D19
13:32:02: [INFO] Using internal autorouter method
13:32:02: [INFO] Routing pad 'SW19:2' at (138271250, 71120000) with pad 'D19:2' at (140811250, 78800000) using coordinate system rotated by 0 degree(s)
13:32:02: [INFO] Adding track segment (B.Cu): [(138271250, 71120000), (138271250, 76260000)]
13:32:02: [INFO] Adding track segment (B.Cu): [(138271250, 76260000), (140811250, 78800000)]
13:32:02: [INFO] Routing SW18 with D18
13:32:02: [INFO] Using internal autorouter method
13:32:02: [INFO] Routing pad 'SW18:2' at (119221250, 71120000) with pad 'D18:2' at (121761250, 78800000) using coordinate system rotated by 0 degree(s)
13:32:02: [INFO] Adding track segment (B.Cu): [(119221250, 71120000), (119221250, 76260000)]
13:32:02: [INFO] Adding track segment (B.Cu): [(119221250, 76260000), (121761250, 78800000)]
13:32:02: [INFO] Routing SW17 with D17
13:32:02: [INFO] Using internal autorouter method
13:32:02: [INFO] Routing pad 'SW17:2' at (100171250, 71120000) with pad 'D17:2' at (102711250, 78800000) using coordinate system rotated by 0 degree(s)
13:32:02: [INFO] Adding track segment (B.Cu): [(100171250, 71120000), (100171250, 76260000)]
13:32:02: [INFO] Adding track segment (B.Cu): [(100171250, 76260000), (102711250, 78800000)]
13:32:02: [INFO] Routing SW16 with D16
13:32:02: [INFO] Using internal autorouter method
13:32:02: [INFO] Routing pad 'SW16:2' at (78740000, 71120000) with pad 'D16:2' at (81280000, 78800000) using coordinate system rotated by 0 degree(s)
13:32:02: [INFO] Adding track segment (B.Cu): [(78740000, 71120000), (78740000, 76260000)]
13:32:02: [INFO] Adding track segment (B.Cu): [(78740000, 76260000), (81280000, 78800000)]
13:32:02: [INFO] Routing SW15 with D15
13:32:02: [INFO] Using internal autorouter method
13:32:02: [INFO] Routing pad 'SW15:2' at (47783750, 71120000) with pad 'D15:2' at (50323750, 78800000) using coordinate system rotated by 0 degree(s)
13:32:02: [INFO] Adding track segment (B.Cu): [(47783750, 71120000), (47783750, 76260000)]
13:32:02: [INFO] Adding track segment (B.Cu): [(47783750, 76260000), (50323750, 78800000)]
13:32:02: [INFO] Routing SW14 with D14
13:32:02: [INFO] Using internal autorouter method
13:32:02: [INFO] Routing pad 'SW14:2' at (195421250, 52070000) with pad 'D14:2' at (197961250, 59750000) using coordinate system rotated by 0 degree(s)
13:32:02: [INFO] Adding track segment (B.Cu): [(195421250, 52070000), (195421250, 57210000)]
13:32:02: [INFO] Adding track segment (B.Cu): [(195421250, 57210000), (197961250, 59750000)]
13:32:02: [INFO] Routing SW13 with D13
13:32:02: [INFO] Using internal autorouter method
13:32:02: [INFO] Routing pad 'SW13:2' at (176371250, 52070000) with pad 'D13:2' at (178911250, 59750000) using coordinate system rotated by 0 degree(s)
13:32:02: [INFO] Adding track segment (B.Cu): [(176371250, 52070000), (176371250, 57210000)]
13:32:02: [INFO] Adding track segment (B.Cu): [(176371250, 57210000), (178911250, 59750000)]
13:32:02: [INFO] Routing SW12 with D12
13:32:02: [INFO] Using internal autorouter method
13:32:02: [INFO] Routing pad 'SW12:2' at (157321250, 52070000) with pad 'D12:2' at (159861250, 59750000) using coordinate system rotated by 0 degree(s)
13:32:02: [INFO] Adding track segment (B.Cu): [(157321250, 52070000), (157321250, 57210000)]
13:32:02: [INFO] Adding track segment (B.Cu): [(157321250, 57210000), (159861250, 59750000)]
13:32:02: [INFO] Routing SW11 with D11
13:32:02: [INFO] Using internal autorouter method
13:32:02: [INFO] Routing pad 'SW11:2' at (138271250, 52070000) with pad 'D11:2' at (140811250, 59750000) using coordinate system rotated by 0 degree(s)
13:32:02: [INFO] Adding track segment (B.Cu): [(138271250, 52070000), (138271250, 57210000)]
13:32:02: [INFO] Adding track segment (B.Cu): [(138271250, 57210000), (140811250, 59750000)]
13:32:02: [INFO] Routing SW10 with D10
13:32:02: [INFO] Using internal autorouter method
13:32:02: [INFO] Routing pad 'SW10:2' at (119221250, 52070000) with pad 'D10:2' at (121761250, 59750000) using coordinate system rotated by 0 degree(s)
13:32:02: [INFO] Adding track segment (B.Cu): [(119221250, 52070000), (119221250, 57210000)]
13:32:02: [INFO] Adding track segment (B.Cu): [(119221250, 57210000), (121761250, 59750000)]
13:32:02: [INFO] Routing SW9 with D9
13:32:02: [INFO] Using internal autorouter method
13:32:02: [INFO] Routing pad 'SW9:2' at (100171250, 52070000) with pad 'D9:2' at (102711250, 59750000) using coordinate system rotated by 0 degree(s)
13:32:02: [INFO] Adding track segment (B.Cu): [(100171250, 52070000), (100171250, 57210000)]
13:32:02: [INFO] Adding track segment (B.Cu): [(100171250, 57210000), (102711250, 59750000)]
13:32:02: [INFO] Routing SW8 with D8
13:32:02: [INFO] Using internal autorouter method
13:32:02: [INFO] Routing pad 'SW8:2' at (78740000, 52070000) with pad 'D8:2' at (81280000, 59750000) using coordinate system rotated by 0 degree(s)
13:32:02: [INFO] Adding track segment (B.Cu): [(78740000, 52070000), (78740000, 57210000)]
13:32:02: [INFO] Adding track segment (B.Cu): [(78740000, 57210000), (81280000, 59750000)]
13:32:02: [INFO] Routing SW7 with D7
13:32:02: [INFO] Using internal autorouter method
13:32:02: [INFO] Routing pad 'SW7:2' at (195421250, 33020000) with pad 'D7:2' at (197961250, 40700000) using coordinate system rotated by 0 degree(s)
13:32:02: [INFO] Adding track segment (B.Cu): [(195421250, 33020000), (195421250, 38160000)]
13:32:02: [INFO] Adding track segment (B.Cu): [(195421250, 38160000), (197961250, 40700000)]
13:32:02: [INFO] Routing SW6 with D6
13:32:02: [INFO] Using internal autorouter method
13:32:02: [INFO] Routing pad 'SW6:2' at (176371250, 33020000) with pad 'D6:2' at (178911250, 40700000) using coordinate system rotated by 0 degree(s)
13:32:02: [INFO] Adding track segment (B.Cu): [(176371250, 33020000), (176371250, 38160000)]
13:32:02: [INFO] Adding track segment (B.Cu): [(176371250, 38160000), (178911250, 40700000)]
13:32:02: [INFO] Routing SW5 with D5
13:32:02: [INFO] Using internal autorouter method
13:32:02: [INFO] Routing pad 'SW5:2' at (157321250, 33020000) with pad 'D5:2' at (159861250, 40700000) using coordinate system rotated by 0 degree(s)
13:32:02: [INFO] Adding track segment (B.Cu): [(157321250, 33020000), (157321250, 38160000)]
13:32:02: [INFO] Adding track segment (B.Cu): [(157321250, 38160000), (159861250, 40700000)]
13:32:02: [INFO] Routing SW4 with D4
13:32:02: [INFO] Using internal autorouter method
13:32:02: [INFO] Routing pad 'SW4:2' at (138271250, 33020000) with pad 'D4:2' at (140811250, 40700000) using coordinate system rotated by 0 degree(s)
13:32:02: [INFO] Adding track segment (B.Cu): [(138271250, 33020000), (138271250, 38160000)]
13:32:02: [INFO] Adding track segment (B.Cu): [(138271250, 38160000), (140811250, 40700000)]
13:32:02: [INFO] Routing SW3 with D3
13:32:02: [INFO] Using internal autorouter method
13:32:02: [INFO] Routing pad 'SW3:2' at (119221250, 33020000) with pad 'D3:2' at (121761250, 40700000) using coordinate system rotated by 0 degree(s)
13:32:02: [INFO] Adding track segment (B.Cu): [(119221250, 33020000), (119221250, 38160000)]
13:32:02: [INFO] Adding track segment (B.Cu): [(119221250, 38160000), (121761250, 40700000)]
13:32:02: [INFO] Routing SW2 with D2
13:32:02: [INFO] Using internal autorouter method
13:32:02: [INFO] Routing pad 'SW2:2' at (100171250, 33020000) with pad 'D2:2' at (102711250, 40700000) using coordinate system rotated by 0 degree(s)
13:32:02: [INFO] Adding track segment (B.Cu): [(100171250, 33020000), (100171250, 38160000)]
13:32:02: [INFO] Adding track segment (B.Cu): [(100171250, 38160000), (102711250, 40700000)]
13:32:02: [INFO] Routing SW1 with D1
13:32:02: [INFO] Using internal autorouter method
13:32:02: [INFO] Routing pad 'SW1:2' at (78740000, 33020000) with pad 'D1:2' at (81280000, 40700000) using coordinate system rotated by 0 degree(s)
13:32:02: [INFO] Adding track segment (B.Cu): [(78740000, 33020000), (78740000, 38160000)]
13:32:02: [INFO] Adding track segment (B.Cu): [(78740000, 38160000), (81280000, 40700000)]
13:32:02: [INFO] Routing COL4 pads
13:32:02: [INFO] Routing pad 'SW4:1' at (131921250, 35560000) with pad 'SW11:1' at (131921250, 54610000) using coordinate system rotated by 0 degree(s)
13:32:02: [INFO] Adding track segment (F.Cu): [(131921250, 35560000), (131921250, 54610000)]
13:32:02: [INFO] Routing pad 'SW11:1' at (131921250, 54610000) with pad 'SW19:1' at (131921250, 73660000) using coordinate system rotated by 0 degree(s)
13:32:02: [INFO] Adding track segment (F.Cu): [(131921250, 54610000), (131921250, 73660000)]
13:32:02: [INFO] Routing pad 'SW19:1' at (131921250, 73660000) with pad 'SW27:1' at (131921250, 92710000) using coordinate system rotated by 0 degree(s)
13:32:02: [INFO] Adding track segment (F.Cu): [(131921250, 73660000), (131921250, 92710000)]
13:32:02: [INFO] Routing COL7 pads
13:32:02: [INFO] Routing pad 'SW7:1' at (189071250, 35560000) with pad 'SW14:1' at (189071250, 54610000) using coordinate system rotated by 0 degree(s)
13:32:02: [INFO] Adding track segment (F.Cu): [(189071250, 35560000), (189071250, 54610000)]
13:32:02: [INFO] Routing pad 'SW14:1' at (189071250, 54610000) with pad 'SW22:1' at (189071250, 73660000) using coordinate system rotated by 0 degree(s)
13:32:02: [INFO] Adding track segment (F.Cu): [(189071250, 54610000), (189071250, 73660000)]
13:32:02: [INFO] Routing pad 'SW22:1' at (189071250, 73660000) with pad 'SW30:1' at (189071250, 92710000) using coordinate system rotated by 0 degree(s)
13:32:02: [INFO] Adding track segment (F.Cu): [(189071250, 73660000), (189071250, 92710000)]
13:32:02: [INFO] Routing pad 'SW30:1' at (189071250, 92710000) with pad 'SW36:1' at (189071250, 111760000) using coordinate system rotated by 0 degree(s)
13:32:02: [INFO] Adding track segment (F.Cu): [(189071250, 92710000), (189071250, 111760000)]
13:32:02: [INFO] Routing COL0 pads
13:32:02: [INFO] Routing pad 'SW15:1' at (41433750, 73660000) with pad 'SW23:1' at (41433750, 92710000) using coordinate system rotated by 0 degree(s)
13:32:02: [INFO] Adding track segment (F.Cu): [(41433750, 73660000), (41433750, 92710000)]
13:32:02: [INFO] Routing pad 'SW23:1' at (41433750, 92710000) with pad 'SW31:1' at (41433750, 111760000) using coordinate system rotated by 0 degree(s)
13:32:02: [INFO] Adding track segment (F.Cu): [(41433750, 92710000), (41433750, 111760000)]
13:32:02: [INFO] Routing ROW2 pads
13:32:02: [INFO] Routing pad 'D15:1' at (50323750, 81600000) with pad 'D16:1' at (81280000, 81600000) using coordinate system rotated by 0 degree(s)
13:32:02: [INFO] Adding track segment (B.Cu): [(50323750, 81600000), (81280000, 81600000)]
13:32:02: [INFO] Routing pad 'D16:1' at (81280000, 81600000) with pad 'D17:1' at (102711250, 81600000) using coordinate system rotated by 0 degree(s)
13:32:02: [INFO] Adding track segment (B.Cu): [(81280000, 81600000), (102711250, 81600000)]
13:32:02: [INFO] Routing pad 'D17:1' at (102711250, 81600000) with pad 'D18:1' at (121761250, 81600000) using coordinate system rotated by 0 degree(s)
13:32:02: [INFO] Adding track segment (B.Cu): [(102711250, 81600000), (121761250, 81600000)]
13:32:02: [INFO] Routing pad 'D18:1' at (121761250, 81600000) with pad 'D19:1' at (140811250, 81600000) using coordinate system rotated by 0 degree(s)
13:32:02: [INFO] Adding track segment (B.Cu): [(121761250, 81600000), (140811250, 81600000)]
13:32:02: [INFO] Routing pad 'D19:1' at (140811250, 81600000) with pad 'D20:1' at (159861250, 81600000) using coordinate system rotated by 0 degree(s)
13:32:02: [INFO] Adding track segment (B.Cu): [(140811250, 81600000), (159861250, 81600000)]
13:32:02: [INFO] Routing pad 'D20:1' at (159861250, 81600000) with pad 'D21:1' at (178911250, 81600000) using coordinate system rotated by 0 degree(s)
13:32:02: [INFO] Adding track segment (B.Cu): [(159861250, 81600000), (178911250, 81600000)]
13:32:02: [INFO] Routing pad 'D21:1' at (178911250, 81600000) with pad 'D22:1' at (197961250, 81600000) using coordinate system rotated by 0 degree(s)
13:32:02: [INFO] Adding track segment (B.Cu): [(178911250, 81600000), (197961250, 81600000)]
13:32:02: [INFO] Routing COL5 pads
13:32:02: [INFO] Routing pad 'SW5:1' at (150971250, 35560000) with pad 'SW12:1' at (150971250, 54610000) using coordinate system rotated by 0 degree(s)
13:32:02: [INFO] Adding track segment (F.Cu): [(150971250, 35560000), (150971250, 54610000)]
13:32:02: [INFO] Routing pad 'SW12:1' at (150971250, 54610000) with pad 'SW20:1' at (150971250, 73660000) using coordinate system rotated by 0 degree(s)
13:32:02: [INFO] Adding track segment (F.Cu): [(150971250, 54610000), (150971250, 73660000)]
13:32:02: [INFO] Routing pad 'SW20:1' at (150971250, 73660000) with pad 'SW28:1' at (150971250, 92710000) using coordinate system rotated by 0 degree(s)
13:32:02: [INFO] Adding track segment (F.Cu): [(150971250, 73660000), (150971250, 92710000)]
13:32:02: [INFO] Routing pad 'SW28:1' at (150971250, 92710000) with pad 'SW35:1' at (153352500, 111760000) using coordinate system rotated by 0 degree(s)
13:32:02: [INFO] Adding track segment (F.Cu): [(150971250, 92710000), (150971250, 109378750)]
13:32:02: [INFO] Adding track segment (F.Cu): [(150971250, 109378750), (153352500, 111760000)]
13:32:02: [INFO] Routing ROW3 pads
13:32:02: [INFO] Routing pad 'D23:1' at (50323750, 100650000) with pad 'D24:1' at (81280000, 100650000) using coordinate system rotated by 0 degree(s)
13:32:02: [INFO] Adding track segment (B.Cu): [(50323750, 100650000), (81280000, 100650000)]
13:32:02: [INFO] Routing pad 'D24:1' at (81280000, 100650000) with pad 'D25:1' at (102711250, 100650000) using coordinate system rotated by 0 degree(s)
13:32:02: [INFO] Adding track segment (B.Cu): [(81280000, 100650000), (102711250, 100650000)]
13:32:02: [INFO] Routing pad 'D25:1' at (102711250, 100650000) with pad 'D26:1' at (121761250, 100650000) using coordinate system rotated by 0 degree(s)
13:32:02: [INFO] Adding track segment (B.Cu): [(102711250, 100650000), (121761250, 100650000)]
13:32:02: [INFO] Routing pad 'D26:1' at (121761250, 100650000) with pad 'D27:1' at (140811250, 100650000) using coordinate system rotated by 0 degree(s)
13:32:02: [INFO] Adding track segment (B.Cu): [(121761250, 100650000), (140811250, 100650000)]
13:32:02: [INFO] Routing pad 'D27:1' at (140811250, 100650000) with pad 'D28:1' at (159861250, 100650000) using coordinate system rotated by 0 degree(s)
13:32:02: [INFO] Adding track segment (B.Cu): [(140811250, 100650000), (159861250, 100650000)]
13:32:02: [INFO] Routing pad 'D28:1' at (159861250, 100650000) with pad 'D29:1' at (178911250, 100650000) using coordinate system rotated by 0 degree(s)
13:32:02: [INFO] Adding track segment (B.Cu): [(159861250, 100650000), (178911250, 100650000)]
13:32:02: [INFO] Routing pad 'D29:1' at (178911250, 100650000) with pad 'D30:1' at (197961250, 100650000) using coordinate system rotated by 0 degree(s)
13:32:02: [INFO] Adding track segment (B.Cu): [(178911250, 100650000), (197961250, 100650000)]
13:32:02: [INFO] Routing ROW4 pads
13:32:02: [INFO] Routing pad 'D31:1' at (50323750, 119700000) with pad 'D32:1' at (81280000, 119700000) using coordinate system rotated by 0 degree(s)
13:32:02: [INFO] Adding track segment (B.Cu): [(50323750, 119700000), (81280000, 119700000)]
13:32:02: [INFO] Routing pad 'D32:1' at (81280000, 119700000) with pad 'D33:1' at (105092500, 119700000) using coordinate system rotated by 0 degree(s)
13:32:02: [INFO] Adding track segment (B.Cu): [(81280000, 119700000), (105092500, 119700000)]
13:32:02: [INFO] Routing pad 'D33:1' at (105092500, 119700000) with pad 'D34:1' at (126523750, 119700000) using coordinate system rotated by 0 degree(s)
13:32:02: [INFO] Adding track segment (B.Cu): [(105092500, 119700000), (126523750, 119700000)]
13:32:02: [INFO] Routing pad 'D34:1' at (126523750, 119700000) with pad 'D35:1' at (162242500, 119700000) using coordinate system rotated by 0 degree(s)
13:32:02: [INFO] Adding track segment (B.Cu): [(126523750, 119700000), (162242500, 119700000)]
13:32:02: [INFO] Routing pad 'D35:1' at (162242500, 119700000) with pad 'D36:1' at (197961250, 119700000) using coordinate system rotated by 0 degree(s)
13:32:02: [INFO] Adding track segment (B.Cu): [(162242500, 119700000), (197961250, 119700000)]
13:32:02: [INFO] Routing COL1 pads
13:32:02: [INFO] Routing pad 'SW1:1' at (72390000, 35560000) with pad 'SW8:1' at (72390000, 54610000) using coordinate system rotated by 0 degree(s)
13:32:02: [INFO] Adding track segment (F.Cu): [(72390000, 35560000), (72390000, 54610000)]
13:32:02: [INFO] Routing pad 'SW8:1' at (72390000, 54610000) with pad 'SW16:1' at (72390000, 73660000) using coordinate system rotated by 0 degree(s)
13:32:02: [INFO] Adding track segment (F.Cu): [(72390000, 54610000), (72390000, 73660000)]
13:32:02: [INFO] Routing pad 'SW16:1' at (72390000, 73660000) with pad 'SW24:1' at (72390000, 92710000) using coordinate system rotated by 0 degree(s)
13:32:02: [INFO] Adding track segment (F.Cu): [(72390000, 73660000), (72390000, 92710000)]
13:32:02: [INFO] Routing pad 'SW24:1' at (72390000, 92710000) with pad 'SW32:1' at (72390000, 111760000) using coordinate system rotated by 0 degree(s)
13:32:02: [INFO] Adding track segment (F.Cu): [(72390000, 92710000), (72390000, 111760000)]
13:32:02: [INFO] Routing ROW0 pads
13:32:02: [INFO] Routing pad 'D1:1' at (81280000, 43500000) with pad 'D2:1' at (102711250, 43500000) using coordinate system rotated by 0 degree(s)
13:32:02: [INFO] Adding track segment (B.Cu): [(81280000, 43500000), (102711250, 43500000)]
13:32:02: [INFO] Routing pad 'D2:1' at (102711250, 43500000) with pad 'D3:1' at (121761250, 43500000) using coordinate system rotated by 0 degree(s)
13:32:02: [INFO] Adding track segment (B.Cu): [(102711250, 43500000), (121761250, 43500000)]
13:32:02: [INFO] Routing pad 'D3:1' at (121761250, 43500000) with pad 'D4:1' at (140811250, 43500000) using coordinate system rotated by 0 degree(s)
13:32:02: [INFO] Adding track segment (B.Cu): [(121761250, 43500000), (140811250, 43500000)]
13:32:02: [INFO] Routing pad 'D4:1' at (140811250, 43500000) with pad 'D5:1' at (159861250, 43500000) using coordinate system rotated by 0 degree(s)
13:32:02: [INFO] Adding track segment (B.Cu): [(140811250, 43500000), (159861250, 43500000)]
13:32:02: [INFO] Routing pad 'D5:1' at (159861250, 43500000) with pad 'D6:1' at (178911250, 43500000) using coordinate system rotated by 0 degree(s)
13:32:02: [INFO] Adding track segment (B.Cu): [(159861250, 43500000), (178911250, 43500000)]
13:32:02: [INFO] Routing pad 'D6:1' at (178911250, 43500000) with pad 'D7:1' at (197961250, 43500000) using coordinate system rotated by 0 degree(s)
13:32:02: [INFO] Adding track segment (B.Cu): [(178911250, 43500000), (197961250, 43500000)]
13:32:02: [INFO] Routing COL3 pads
13:32:02: [INFO] Routing pad 'SW3:1' at (112871250, 35560000) with pad 'SW10:1' at (112871250, 54610000) using coordinate system rotated by 0 degree(s)
13:32:02: [INFO] Adding track segment (F.Cu): [(112871250, 35560000), (112871250, 54610000)]
13:32:02: [INFO] Routing pad 'SW10:1' at (112871250, 54610000) with pad 'SW18:1' at (112871250, 73660000) using coordinate system rotated by 0 degree(s)
13:32:02: [INFO] Adding track segment (F.Cu): [(112871250, 54610000), (112871250, 73660000)]
13:32:02: [INFO] Routing pad 'SW18:1' at (112871250, 73660000) with pad 'SW26:1' at (112871250, 92710000) using coordinate system rotated by 0 degree(s)
13:32:02: [INFO] Adding track segment (F.Cu): [(112871250, 73660000), (112871250, 92710000)]
13:32:02: [INFO] Routing pad 'SW26:1' at (112871250, 92710000) with pad 'SW34:1' at (117633750, 111760000) using coordinate system rotated by 0 degree(s)
13:32:02: [INFO] Adding track segment (F.Cu): [(112871250, 92710000), (112871250, 106997500)]
13:32:02: [INFO] Adding track segment (F.Cu): [(112871250, 106997500), (117633750, 111760000)]
13:32:02: [INFO] Routing ROW1 pads
13:32:02: [INFO] Routing pad 'D8:1' at (81280000, 62550000) with pad 'D9:1' at (102711250, 62550000) using coordinate system rotated by 0 degree(s)
13:32:02: [INFO] Adding track segment (B.Cu): [(81280000, 62550000), (102711250, 62550000)]
13:32:02: [INFO] Routing pad 'D9:1' at (102711250, 62550000) with pad 'D10:1' at (121761250, 62550000) using coordinate system rotated by 0 degree(s)
13:32:02: [INFO] Adding track segment (B.Cu): [(102711250, 62550000), (121761250, 62550000)]
13:32:02: [INFO] Routing pad 'D10:1' at (121761250, 62550000) with pad 'D11:1' at (140811250, 62550000) using coordinate system rotated by 0 degree(s)
13:32:02: [INFO] Adding track segment (B.Cu): [(121761250, 62550000), (140811250, 62550000)]
13:32:02: [INFO] Routing pad 'D11:1' at (140811250, 62550000) with pad 'D12:1' at (159861250, 62550000) using coordinate system rotated by 0 degree(s)
13:32:02: [INFO] Adding track segment (B.Cu): [(140811250, 62550000), (159861250, 62550000)]
13:32:02: [INFO] Routing pad 'D12:1' at (159861250, 62550000) with pad 'D13:1' at (178911250, 62550000) using coordinate system rotated by 0 degree(s)
13:32:02: [INFO] Adding track segment (B.Cu): [(159861250, 62550000), (178911250, 62550000)]
13:32:02: [INFO] Routing pad 'D13:1' at (178911250, 62550000) with pad 'D14:1' at (197961250, 62550000) using coordinate system rotated by 0 degree(s)
13:32:02: [INFO] Adding track segment (B.Cu): [(178911250, 62550000), (197961250, 62550000)]
13:32:02: [INFO] Routing COL6 pads
13:32:02: [INFO] Routing pad 'SW6:1' at (170021250, 35560000) with pad 'SW13:1' at (170021250, 54610000) using coordinate system rotated by 0 degree(s)
13:32:02: [INFO] Adding track segment (F.Cu): [(170021250, 35560000), (170021250, 54610000)]
13:32:02: [INFO] Routing pad 'SW13:1' at (170021250, 54610000) with pad 'SW21:1' at (170021250, 73660000) using coordinate system rotated by 0 degree(s)
13:32:02: [INFO] Adding track segment (F.Cu): [(170021250, 54610000), (170021250, 73660000)]
13:32:02: [INFO] Routing pad 'SW21:1' at (170021250, 73660000) with pad 'SW29:1' at (170021250, 92710000) using coordinate system rotated by 0 degree(s)
13:32:02: [INFO] Adding track segment (F.Cu): [(170021250, 73660000), (170021250, 92710000)]
13:32:02: [INFO] Routing COL2 pads
13:32:02: [INFO] Routing pad 'SW2:1' at (93821250, 35560000) with pad 'SW9:1' at (93821250, 54610000) using coordinate system rotated by 0 degree(s)
13:32:02: [INFO] Adding track segment (F.Cu): [(93821250, 35560000), (93821250, 54610000)]
13:32:02: [INFO] Routing pad 'SW9:1' at (93821250, 54610000) with pad 'SW17:1' at (93821250, 73660000) using coordinate system rotated by 0 degree(s)
13:32:02: [INFO] Adding track segment (F.Cu): [(93821250, 54610000), (93821250, 73660000)]
13:32:02: [INFO] Routing pad 'SW17:1' at (93821250, 73660000) with pad 'SW25:1' at (93821250, 92710000) using coordinate system rotated by 0 degree(s)
13:32:02: [INFO] Adding track segment (F.Cu): [(93821250, 73660000), (93821250, 92710000)]
13:32:02: [INFO] Routing pad 'SW25:1' at (93821250, 92710000) with pad 'SW33:1' at (96202500, 111760000) using coordinate system rotated by 0 degree(s)
13:32:02: [INFO] Adding track segment (F.Cu): [(93821250, 92710000), (93821250, 109378750)]
13:32:02: [INFO] Adding track segment (F.Cu): [(93821250, 109378750), (96202500, 111760000)]
13:32:02: [INFO] Removing dangling tracks
