=== kbplacer.kle_serial ===
=== layout2image.py ===
=== kbplacer ===
13:34:29: [INFO] User layout: https://editor.keyboard-tools.xyz/#share=NrDeCIE9wLgAgAwDoBMBWAvgGjuBWFwc8sBGI3fFCiAD1kVU2PwGYKSAWD-NHrAGzgAulgBQYKA2TpsuUgQ4LyxBdRx1pTOeAXtVWbgb4GhoieBSLiVlbivq4m+DOb2s+90fcmn4ABYMKDqsgiLikvTwrNrEoZ7god6JWHzmkQykOpxkNOBRcKSxuDkJOck5vhCB8MHEaGHp4A2E9bltjs6M6MQA7kE6DckNacJAA
13:34:29: [INFO] Labels prefixes: for rows: 'ROW', for columns: 'COL'
13:34:29: [INFO] Matrix size: 5x6
13:34:29: [INFO] Add COL0 net
13:34:29: [INFO] Add COL1 net
13:34:29: [INFO] Add COL2 net
13:34:29: [INFO] Add COL3 net
13:34:29: [INFO] Add COL4 net
13:34:29: [INFO] Add COL5 net
13:34:29: [INFO] Add COL6 net
13:34:29: [INFO] Add Net-(D1-A) net
13:34:29: [INFO] Add Net-(D10-A) net
13:34:29: [INFO] Add Net-(D11-A) net
13:34:29: [INFO] Add Net-(D12-A) net
13:34:29: [INFO] Add Net-(D13-A) net
13:34:29: [INFO] Add Net-(D14-A) net
13:34:29: [INFO] Add Net-(D15-A) net
13:34:29: [INFO] Add Net-(D16-A) net
13:34:29: [INFO] Add Net-(D17-A) net
13:34:29: [INFO] Add Net-(D18-A) net
13:34:29: [INFO] Add Net-(D19-A) net
13:34:29: [INFO] Add Net-(D2-A) net
13:34:29: [INFO] Add Net-(D20-A) net
13:34:29: [INFO] Add Net-(D21-A) net
13:34:29: [INFO] Add Net-(D22-A) net
13:34:29: [INFO] Add Net-(D23-A) net
13:34:29: [INFO] Add Net-(D24-A) net
13:34:29: [INFO] Add Net-(D25-A) net
13:34:29: [INFO] Add Net-(D26-A) net
13:34:29: [INFO] Add Net-(D27-A) net
13:34:29: [INFO] Add Net-(D28-A) net
13:34:29: [INFO] Add Net-(D29-A) net
13:34:29: [INFO] Add Net-(D3-A) net
13:34:29: [INFO] Add Net-(D30-A) net
13:34:29: [INFO] Add Net-(D31-A) net
13:34:29: [INFO] Add Net-(D32-A) net
13:34:29: [INFO] Add Net-(D33-A) net
13:34:29: [INFO] Add Net-(D34-A) net
13:34:29: [INFO] Add Net-(D4-A) net
13:34:29: [INFO] Add Net-(D5-A) net
13:34:29: [INFO] Add Net-(D6-A) net
13:34:29: [INFO] Add Net-(D7-A) net
13:34:29: [INFO] Add Net-(D8-A) net
13:34:29: [INFO] Add Net-(D9-A) net
13:34:29: [INFO] Add ROW0 net
13:34:29: [INFO] Add ROW1 net
13:34:29: [INFO] Add ROW2 net
13:34:29: [INFO] Add ROW3 net
13:34:29: [INFO] Add ROW4 net
13:34:29: [INFO] Add ROW5 net
13:34:29: [INFO] Add SW1 footprint
13:34:29: [INFO] Add D1 footprint
13:34:29: [INFO] Add SW2 footprint
13:34:29: [INFO] Add D2 footprint
13:34:29: [INFO] Add SW3 footprint
13:34:29: [INFO] Add D3 footprint
13:34:29: [INFO] Add SW4 footprint
13:34:29: [INFO] Add D4 footprint
13:34:29: [INFO] Add SW5 footprint
13:34:30: [INFO] Add D5 footprint
13:34:30: [INFO] Add SW6 footprint
13:34:30: [INFO] Add D6 footprint
13:34:30: [INFO] Add SW7 footprint
13:34:30: [INFO] Add D7 footprint
13:34:30: [INFO] Add SW8 footprint
13:34:30: [INFO] Add D8 footprint
13:34:30: [INFO] Add SW9 footprint
13:34:30: [INFO] Add D9 footprint
13:34:30: [INFO] Add SW10 footprint
13:34:30: [INFO] Add D10 footprint
13:34:30: [INFO] Add SW11 footprint
13:34:30: [INFO] Add D11 footprint
13:34:30: [INFO] Add SW12 footprint
13:34:30: [INFO] Add D12 footprint
13:34:30: [INFO] Add SW13 footprint
13:34:30: [INFO] Add D13 footprint
13:34:30: [INFO] Add SW14 footprint
13:34:30: [INFO] Add D14 footprint
13:34:30: [INFO] Add SW15 footprint
13:34:30: [INFO] Add D15 footprint
13:34:30: [INFO] Add SW16 footprint
13:34:30: [INFO] Add D16 footprint
13:34:30: [INFO] Add SW17 footprint
13:34:30: [INFO] Add D17 footprint
13:34:30: [INFO] Add SW18 footprint
13:34:30: [INFO] Add D18 footprint
13:34:30: [INFO] Add SW19 footprint
13:34:30: [INFO] Add D19 footprint
13:34:30: [INFO] Add SW20 footprint
13:34:30: [INFO] Add D20 footprint
13:34:30: [INFO] Add SW21 footprint
13:34:30: [INFO] Add D21 footprint
13:34:31: [INFO] Add SW22 footprint
13:34:31: [INFO] Add D22 footprint
13:34:31: [INFO] Add SW23 footprint
13:34:31: [INFO] Add D23 footprint
13:34:31: [INFO] Add SW24 footprint
13:34:31: [INFO] Add D24 footprint
13:34:31: [INFO] Add ST24 footprint
13:34:31: [INFO] Add SW25 footprint
13:34:31: [INFO] Add D25 footprint
13:34:31: [INFO] Add SW26 footprint
13:34:31: [INFO] Add D26 footprint
13:34:31: [INFO] Add SW27 footprint
13:34:31: [INFO] Add D27 footprint
13:34:31: [INFO] Add SW28 footprint
13:34:31: [INFO] Add D28 footprint
13:34:31: [INFO] Add SW29 footprint
13:34:31: [INFO] Add D29 footprint
13:34:31: [INFO] Add SW30 footprint
13:34:31: [INFO] Add D30 footprint
13:34:31: [INFO] Add SW31 footprint
13:34:31: [INFO] Add D31 footprint
13:34:31: [INFO] Add SW32 footprint
13:34:31: [INFO] Add D32 footprint
13:34:31: [INFO] Add ST32 footprint
13:34:31: [INFO] Add SW33 footprint
13:34:31: [INFO] Add D33 footprint
13:34:31: [INFO] Add SW34 footprint
13:34:31: [INFO] Add D34 footprint
13:34:31: [INFO] Add ST34 footprint
13:34:31: [INFO] Detected layout convertible to matrix annotated keyboard
13:34:31: [INFO] Using key 1U distance: (19.05, 19.05) mm
13:34:31: [INFO] Layout offset: (28575000, 23812500)
13:34:31: [INFO] Diode info: [ElementInfo(annotation_format='D{}', position_option=<PositionOption.CUSTOM: 'Custom'>, position=ElementPosition(x=5.08, y=4.0, orientation=90.0, side=<Side.BACK: 'Back'>), template_path='', start_index=-1)]
13:34:31: [INFO] Placing additional elements for SW34
13:34:31: [INFO] Placing additional elements for SW33
13:34:31: [INFO] Placing additional elements for SW32
13:34:31: [INFO] Placing additional elements for SW31
13:34:31: [INFO] Placing additional elements for SW30
13:34:31: [INFO] Placing additional elements for SW29
13:34:31: [INFO] Placing additional elements for SW28
13:34:31: [INFO] Placing additional elements for SW27
13:34:31: [INFO] Placing additional elements for SW26
13:34:31: [INFO] Placing additional elements for SW25
13:34:31: [INFO] Placing additional elements for SW24
13:34:31: [INFO] Placing additional elements for SW23
13:34:31: [INFO] Placing additional elements for SW22
13:34:31: [INFO] Placing additional elements for SW21
13:34:31: [INFO] Placing additional elements for SW20
13:34:31: [INFO] Placing additional elements for SW19
13:34:31: [INFO] Placing additional elements for SW18
13:34:31: [INFO] Placing additional elements for SW17
13:34:31: [INFO] Placing additional elements for SW16
13:34:31: [INFO] Placing additional elements for SW15
13:34:31: [INFO] Placing additional elements for SW14
13:34:31: [INFO] Placing additional elements for SW13
13:34:31: [INFO] Placing additional elements for SW12
13:34:31: [INFO] Placing additional elements for SW11
13:34:31: [INFO] Placing additional elements for SW10
13:34:31: [INFO] Placing additional elements for SW9
13:34:31: [INFO] Placing additional elements for SW8
13:34:31: [INFO] Placing additional elements for SW7
13:34:31: [INFO] Placing additional elements for SW6
13:34:31: [INFO] Placing additional elements for SW5
13:34:31: [INFO] Placing additional elements for SW4
13:34:31: [INFO] Placing additional elements for SW3
13:34:31: [INFO] Placing additional elements for SW2
13:34:31: [INFO] Placing additional elements for SW1
13:34:31: [INFO] Routing SW34 with D34
13:34:31: [INFO] Using internal autorouter method
13:34:31: [INFO] Routing pad 'SW34:2' at (159702500, 123507500) with pad 'D34:2' at (162242500, 131187500) using coordinate system rotated by 0 degree(s)
13:34:31: [INFO] Adding track segment (B.Cu): [(159702500, 123507500), (159702500, 128647500)]
13:34:31: [INFO] Adding track segment (B.Cu): [(159702500, 128647500), (162242500, 131187500)]
13:34:31: [INFO] Routing SW33 with D33
13:34:31: [INFO] Using internal autorouter method
13:34:31: [INFO] Routing pad 'SW33:2' at (140652500, 133032500) with pad 'D33:2' at (143192500, 140712500) using coordinate system rotated by 0 degree(s)
13:34:31: [INFO] Adding track segment (B.Cu): [(140652500, 133032500), (140652500, 138172500)]
13:34:31: [INFO] Adding track segment (B.Cu): [(140652500, 138172500), (143192500, 140712500)]
13:34:31: [INFO] Routing SW32 with D32
13:34:31: [INFO] Using internal autorouter method
13:34:31: [INFO] Routing pad 'SW32:2' at (112077500, 133032500) with pad 'D32:2' at (114617500, 140712500) using coordinate system rotated by 0 degree(s)
13:34:31: [INFO] Adding track segment (B.Cu): [(112077500, 133032500), (112077500, 138172500)]
13:34:31: [INFO] Adding track segment (B.Cu): [(112077500, 138172500), (114617500, 140712500)]
13:34:31: [INFO] Routing SW31 with D31
13:34:31: [INFO] Using internal autorouter method
13:34:31: [INFO] Routing pad 'SW31:2' at (78740000, 133032500) with pad 'D31:2' at (81280000, 140712500) using coordinate system rotated by 0 degree(s)
13:34:31: [INFO] Adding track segment (B.Cu): [(78740000, 133032500), (78740000, 138172500)]
13:34:31: [INFO] Adding track segment (B.Cu): [(78740000, 138172500), (81280000, 140712500)]
13:34:31: [INFO] Routing SW30 with D30
13:34:31: [INFO] Using internal autorouter method
13:34:31: [INFO] Routing pad 'SW30:2' at (59690000, 133032500) with pad 'D30:2' at (62230000, 140712500) using coordinate system rotated by 0 degree(s)
13:34:31: [INFO] Adding track segment (B.Cu): [(59690000, 133032500), (59690000, 138172500)]
13:34:31: [INFO] Adding track segment (B.Cu): [(59690000, 138172500), (62230000, 140712500)]
13:34:31: [INFO] Routing SW29 with D29
13:34:31: [INFO] Using internal autorouter method
13:34:31: [INFO] Routing pad 'SW29:2' at (40640000, 133032500) with pad 'D29:2' at (43180000, 140712500) using coordinate system rotated by 0 degree(s)
13:34:31: [INFO] Adding track segment (B.Cu): [(40640000, 133032500), (40640000, 138172500)]
13:34:31: [INFO] Adding track segment (B.Cu): [(40640000, 138172500), (43180000, 140712500)]
13:34:31: [INFO] Routing SW28 with D28
13:34:31: [INFO] Using internal autorouter method
13:34:31: [INFO] Routing pad 'SW28:2' at (140652500, 113982500) with pad 'D28:2' at (143192500, 121662500) using coordinate system rotated by 0 degree(s)
13:34:31: [INFO] Adding track segment (B.Cu): [(140652500, 113982500), (140652500, 119122500)]
13:34:31: [INFO] Adding track segment (B.Cu): [(140652500, 119122500), (143192500, 121662500)]
13:34:31: [INFO] Routing SW27 with D27
13:34:31: [INFO] Using internal autorouter method
13:34:31: [INFO] Routing pad 'SW27:2' at (121602500, 113982500) with pad 'D27:2' at (124142500, 121662500) using coordinate system rotated by 0 degree(s)
13:34:31: [INFO] Adding track segment (B.Cu): [(121602500, 113982500), (121602500, 119122500)]
13:34:31: [INFO] Adding track segment (B.Cu): [(121602500, 119122500), (124142500, 121662500)]
13:34:31: [INFO] Routing SW26 with D26
13:34:31: [INFO] Using internal autorouter method
13:34:31: [INFO] Routing pad 'SW26:2' at (102552500, 113982500) with pad 'D26:2' at (105092500, 121662500) using coordinate system rotated by 0 degree(s)
13:34:31: [INFO] Adding track segment (B.Cu): [(102552500, 113982500), (102552500, 119122500)]
13:34:31: [INFO] Adding track segment (B.Cu): [(102552500, 119122500), (105092500, 121662500)]
13:34:31: [INFO] Routing SW25 with D25
13:34:31: [INFO] Using internal autorouter method
13:34:31: [INFO] Routing pad 'SW25:2' at (59690000, 113982500) with pad 'D25:2' at (62230000, 121662500) using coordinate system rotated by 0 degree(s)
13:34:31: [INFO] Adding track segment (B.Cu): [(59690000, 113982500), (59690000, 119122500)]
13:34:31: [INFO] Adding track segment (B.Cu): [(59690000, 119122500), (62230000, 121662500)]
13:34:31: [INFO] Routing SW24 with D24
13:34:31: [INFO] Using internal autorouter method
13:34:31: [INFO] Routing pad 'SW24:2' at (159702500, 85407500) with pad 'D24:2' at (162242500, 93087500) using coordinate system rotated by 0 degree(s)
13:34:31: [INFO] Adding track segment (B.Cu): [(159702500, 85407500), (159702500, 90547500)]
13:34:31: [INFO] Adding track segment (B.Cu): [(159702500, 90547500), (162242500, 93087500)]
13:34:31: [INFO] Routing SW23 with D23
13:34:31: [INFO] Using internal autorouter method
13:34:31: [INFO] Routing pad 'SW23:2' at (140652500, 94932500) with pad 'D23:2' at (143192500, 102612500) using coordinate system rotated by 0 degree(s)
13:34:31: [INFO] Adding track segment (B.Cu): [(140652500, 94932500), (140652500, 100072500)]
13:34:31: [INFO] Adding track segment (B.Cu): [(140652500, 100072500), (143192500, 102612500)]
13:34:31: [INFO] Routing SW22 with D22
13:34:31: [INFO] Using internal autorouter method
13:34:31: [INFO] Routing pad 'SW22:2' at (121602500, 94932500) with pad 'D22:2' at (124142500, 102612500) using coordinate system rotated by 0 degree(s)
13:34:31: [INFO] Adding track segment (B.Cu): [(121602500, 94932500), (121602500, 100072500)]
13:34:31: [INFO] Adding track segment (B.Cu): [(121602500, 100072500), (124142500, 102612500)]
13:34:31: [INFO] Routing SW21 with D21
13:34:31: [INFO] Using internal autorouter method
13:34:31: [INFO] Routing pad 'SW21:2' at (102552500, 94932500) with pad 'D21:2' at (105092500, 102612500) using coordinate system rotated by 0 degree(s)
13:34:31: [INFO] Adding track segment (B.Cu): [(102552500, 94932500), (102552500, 100072500)]
13:34:31: [INFO] Adding track segment (B.Cu): [(102552500, 100072500), (105092500, 102612500)]
13:34:31: [INFO] Routing SW20 with D20
13:34:31: [INFO] Using internal autorouter method
13:34:31: [INFO] Routing pad 'SW20:2' at (140652500, 75882500) with pad 'D20:2' at (143192500, 83562500) using coordinate system rotated by 0 degree(s)
13:34:31: [INFO] Adding track segment (B.Cu): [(140652500, 75882500), (140652500, 81022500)]
13:34:31: [INFO] Adding track segment (B.Cu): [(140652500, 81022500), (143192500, 83562500)]
13:34:31: [INFO] Routing SW19 with D19
13:34:31: [INFO] Using internal autorouter method
13:34:31: [INFO] Routing pad 'SW19:2' at (121602500, 75882500) with pad 'D19:2' at (124142500, 83562500) using coordinate system rotated by 0 degree(s)
13:34:31: [INFO] Adding track segment (B.Cu): [(121602500, 75882500), (121602500, 81022500)]
13:34:31: [INFO] Adding track segment (B.Cu): [(121602500, 81022500), (124142500, 83562500)]
13:34:31: [INFO] Routing SW18 with D18
13:34:31: [INFO] Using internal autorouter method
13:34:31: [INFO] Routing pad 'SW18:2' at (102552500, 75882500) with pad 'D18:2' at (105092500, 83562500) using coordinate system rotated by 0 degree(s)
13:34:31: [INFO] Adding track segment (B.Cu): [(102552500, 75882500), (102552500, 81022500)]
13:34:31: [INFO] Adding track segment (B.Cu): [(102552500, 81022500), (105092500, 83562500)]
13:34:32: [INFO] Routing SW17 with D17
13:34:32: [INFO] Using internal autorouter method
13:34:32: [INFO] Routing pad 'SW17:2' at (78740000, 75882500) with pad 'D17:2' at (81280000, 83562500) using coordinate system rotated by 0 degree(s)
13:34:32: [INFO] Adding track segment (B.Cu): [(78740000, 75882500), (78740000, 81022500)]
13:34:32: [INFO] Adding track segment (B.Cu): [(78740000, 81022500), (81280000, 83562500)]
13:34:32: [INFO] Routing SW16 with D16
13:34:32: [INFO] Using internal autorouter method
13:34:32: [INFO] Routing pad 'SW16:2' at (59690000, 75882500) with pad 'D16:2' at (62230000, 83562500) using coordinate system rotated by 0 degree(s)
13:34:32: [INFO] Adding track segment (B.Cu): [(59690000, 75882500), (59690000, 81022500)]
13:34:32: [INFO] Adding track segment (B.Cu): [(59690000, 81022500), (62230000, 83562500)]
13:34:32: [INFO] Routing SW15 with D15
13:34:32: [INFO] Using internal autorouter method
13:34:32: [INFO] Routing pad 'SW15:2' at (40640000, 75882500) with pad 'D15:2' at (43180000, 83562500) using coordinate system rotated by 0 degree(s)
13:34:32: [INFO] Adding track segment (B.Cu): [(40640000, 75882500), (40640000, 81022500)]
13:34:32: [INFO] Adding track segment (B.Cu): [(40640000, 81022500), (43180000, 83562500)]
13:34:32: [INFO] Routing SW14 with D14
13:34:32: [INFO] Using internal autorouter method
13:34:32: [INFO] Routing pad 'SW14:2' at (159702500, 56832500) with pad 'D14:2' at (162242500, 64512500) using coordinate system rotated by 0 degree(s)
13:34:32: [INFO] Adding track segment (B.Cu): [(159702500, 56832500), (159702500, 61972500)]
13:34:32: [INFO] Adding track segment (B.Cu): [(159702500, 61972500), (162242500, 64512500)]
13:34:32: [INFO] Routing SW13 with D13
13:34:32: [INFO] Using internal autorouter method
13:34:32: [INFO] Routing pad 'SW13:2' at (140652500, 56832500) with pad 'D13:2' at (143192500, 64512500) using coordinate system rotated by 0 degree(s)
13:34:32: [INFO] Adding track segment (B.Cu): [(140652500, 56832500), (140652500, 61972500)]
13:34:32: [INFO] Adding track segment (B.Cu): [(140652500, 61972500), (143192500, 64512500)]
13:34:32: [INFO] Routing SW12 with D12
13:34:32: [INFO] Using internal autorouter method
13:34:32: [INFO] Routing pad 'SW12:2' at (121602500, 56832500) with pad 'D12:2' at (124142500, 64512500) using coordinate system rotated by 0 degree(s)
13:34:32: [INFO] Adding track segment (B.Cu): [(121602500, 56832500), (121602500, 61972500)]
13:34:32: [INFO] Adding track segment (B.Cu): [(121602500, 61972500), (124142500, 64512500)]
13:34:32: [INFO] Routing SW11 with D11
13:34:32: [INFO] Using internal autorouter method
13:34:32: [INFO] Routing pad 'SW11:2' at (102552500, 56832500) with pad 'D11:2' at (105092500, 64512500) using coordinate system rotated by 0 degree(s)
13:34:32: [INFO] Adding track segment (B.Cu): [(102552500, 56832500), (102552500, 61972500)]
13:34:32: [INFO] Adding track segment (B.Cu): [(102552500, 61972500), (105092500, 64512500)]
13:34:32: [INFO] Routing SW10 with D10
13:34:32: [INFO] Using internal autorouter method
13:34:32: [INFO] Routing pad 'SW10:2' at (78740000, 56832500) with pad 'D10:2' at (81280000, 64512500) using coordinate system rotated by 0 degree(s)
13:34:32: [INFO] Adding track segment (B.Cu): [(78740000, 56832500), (78740000, 61972500)]
13:34:32: [INFO] Adding track segment (B.Cu): [(78740000, 61972500), (81280000, 64512500)]
13:34:32: [INFO] Routing SW9 with D9
13:34:32: [INFO] Using internal autorouter method
13:34:32: [INFO] Routing pad 'SW9:2' at (59690000, 56832500) with pad 'D9:2' at (62230000, 64512500) using coordinate system rotated by 0 degree(s)
13:34:32: [INFO] Adding track segment (B.Cu): [(59690000, 56832500), (59690000, 61972500)]
13:34:32: [INFO] Adding track segment (B.Cu): [(59690000, 61972500), (62230000, 64512500)]
13:34:32: [INFO] Routing SW8 with D8
13:34:32: [INFO] Using internal autorouter method
13:34:32: [INFO] Routing pad 'SW8:2' at (40640000, 56832500) with pad 'D8:2' at (43180000, 64512500) using coordinate system rotated by 0 degree(s)
13:34:32: [INFO] Adding track segment (B.Cu): [(40640000, 56832500), (40640000, 61972500)]
13:34:32: [INFO] Adding track segment (B.Cu): [(40640000, 61972500), (43180000, 64512500)]
13:34:32: [INFO] Routing SW7 with D7
13:34:32: [INFO] Using internal autorouter method
13:34:32: [INFO] Routing pad 'SW7:2' at (159702500, 33020000) with pad 'D7:2' at (162242500, 40700000) using coordinate system rotated by 0 degree(s)
13:34:32: [INFO] Adding track segment (B.Cu): [(159702500, 33020000), (159702500, 38160000)]
13:34:32: [INFO] Adding track segment (B.Cu): [(159702500, 38160000), (162242500, 40700000)]
13:34:32: [INFO] Routing SW6 with D6
13:34:32: [INFO] Using internal autorouter method
13:34:32: [INFO] Routing pad 'SW6:2' at (140652500, 33020000) with pad 'D6:2' at (143192500, 40700000) using coordinate system rotated by 0 degree(s)
13:34:32: [INFO] Adding track segment (B.Cu): [(140652500, 33020000), (140652500, 38160000)]
13:34:32: [INFO] Adding track segment (B.Cu): [(140652500, 38160000), (143192500, 40700000)]
13:34:32: [INFO] Routing SW5 with D5
13:34:32: [INFO] Using internal autorouter method
13:34:32: [INFO] Routing pad 'SW5:2' at (121602500, 33020000) with pad 'D5:2' at (124142500, 40700000) using coordinate system rotated by 0 degree(s)
13:34:32: [INFO] Adding track segment (B.Cu): [(121602500, 33020000), (121602500, 38160000)]
13:34:32: [INFO] Adding track segment (B.Cu): [(121602500, 38160000), (124142500, 40700000)]
13:34:32: [INFO] Routing SW4 with D4
13:34:32: [INFO] Using internal autorouter method
13:34:32: [INFO] Routing pad 'SW4:2' at (102552500, 33020000) with pad 'D4:2' at (105092500, 40700000) using coordinate system rotated by 0 degree(s)
13:34:32: [INFO] Adding track segment (B.Cu): [(102552500, 33020000), (102552500, 38160000)]
13:34:32: [INFO] Adding track segment (B.Cu): [(102552500, 38160000), (105092500, 40700000)]
13:34:32: [INFO] Routing SW3 with D3
13:34:32: [INFO] Using internal autorouter method
13:34:32: [INFO] Routing pad 'SW3:2' at (78740000, 33020000) with pad 'D3:2' at (81280000, 40700000) using coordinate system rotated by 0 degree(s)
13:34:32: [INFO] Adding track segment (B.Cu): [(78740000, 33020000), (78740000, 38160000)]
13:34:32: [INFO] Adding track segment (B.Cu): [(78740000, 38160000), (81280000, 40700000)]
13:34:32: [INFO] Routing SW2 with D2
13:34:32: [INFO] Using internal autorouter method
13:34:32: [INFO] Routing pad 'SW2:2' at (59690000, 33020000) with pad 'D2:2' at (62230000, 40700000) using coordinate system rotated by 0 degree(s)
13:34:32: [INFO] Adding track segment (B.Cu): [(59690000, 33020000), (59690000, 38160000)]
13:34:32: [INFO] Adding track segment (B.Cu): [(59690000, 38160000), (62230000, 40700000)]
13:34:32: [INFO] Routing SW1 with D1
13:34:32: [INFO] Using internal autorouter method
13:34:32: [INFO] Routing pad 'SW1:2' at (40640000, 33020000) with pad 'D1:2' at (43180000, 40700000) using coordinate system rotated by 0 degree(s)
13:34:32: [INFO] Adding track segment (B.Cu): [(40640000, 33020000), (40640000, 38160000)]
13:34:32: [INFO] Adding track segment (B.Cu): [(40640000, 38160000), (43180000, 40700000)]
13:34:32: [INFO] Routing COL1 pads
13:34:32: [INFO] Routing pad 'SW2:1' at (53340000, 35560000) with pad 'SW9:1' at (53340000, 59372500) using coordinate system rotated by 0 degree(s)
13:34:32: [INFO] Adding track segment (F.Cu): [(53340000, 35560000), (53340000, 59372500)]
13:34:32: [INFO] Routing pad 'SW9:1' at (53340000, 59372500) with pad 'SW16:1' at (53340000, 78422500) using coordinate system rotated by 0 degree(s)
13:34:32: [INFO] Adding track segment (F.Cu): [(53340000, 59372500), (53340000, 78422500)]
13:34:32: [INFO] Routing pad 'SW16:1' at (53340000, 78422500) with pad 'SW25:1' at (53340000, 116522500) using coordinate system rotated by 0 degree(s)
13:34:32: [INFO] Adding track segment (F.Cu): [(53340000, 78422500), (53340000, 116522500)]
13:34:32: [INFO] Routing pad 'SW25:1' at (53340000, 116522500) with pad 'SW30:1' at (53340000, 135572500) using coordinate system rotated by 0 degree(s)
13:34:32: [INFO] Adding track segment (F.Cu): [(53340000, 116522500), (53340000, 135572500)]
13:34:32: [INFO] Routing COL4 pads
13:34:32: [INFO] Routing pad 'SW12:1' at (115252500, 59372500) with pad 'SW5:1' at (115252500, 35560000) using coordinate system rotated by 0 degree(s)
13:34:32: [INFO] Adding track segment (F.Cu): [(115252500, 59372500), (115252500, 35560000)]
13:34:32: [INFO] Routing pad 'SW19:1' at (115252500, 78422500) with pad 'SW12:1' at (115252500, 59372500) using coordinate system rotated by 0 degree(s)
13:34:32: [INFO] Adding track segment (F.Cu): [(115252500, 78422500), (115252500, 59372500)]
13:34:32: [INFO] Routing pad 'SW22:1' at (115252500, 97472500) with pad 'SW19:1' at (115252500, 78422500) using coordinate system rotated by 0 degree(s)
13:34:32: [INFO] Adding track segment (F.Cu): [(115252500, 97472500), (115252500, 78422500)]
13:34:32: [INFO] Routing pad 'SW27:1' at (115252500, 116522500) with pad 'SW22:1' at (115252500, 97472500) using coordinate system rotated by 0 degree(s)
13:34:32: [INFO] Adding track segment (F.Cu): [(115252500, 116522500), (115252500, 97472500)]
13:34:32: [INFO] Routing pad 'SW32:1' at (105727500, 135572500) with pad 'SW27:1' at (115252500, 116522500) using coordinate system rotated by 0 degree(s)
13:34:32: [INFO] Adding track segment (F.Cu): [(105727500, 135572500), (115252500, 126047500)]
13:34:32: [INFO] Adding track segment (F.Cu): [(115252500, 126047500), (115252500, 116522500)]
13:34:32: [INFO] Routing COL0 pads
13:34:32: [INFO] Routing pad 'SW1:1' at (34290000, 35560000) with pad 'SW8:1' at (34290000, 59372500) using coordinate system rotated by 0 degree(s)
13:34:32: [INFO] Adding track segment (F.Cu): [(34290000, 35560000), (34290000, 59372500)]
13:34:32: [INFO] Routing pad 'SW8:1' at (34290000, 59372500) with pad 'SW15:1' at (34290000, 78422500) using coordinate system rotated by 0 degree(s)
13:34:32: [INFO] Adding track segment (F.Cu): [(34290000, 59372500), (34290000, 78422500)]
13:34:32: [INFO] Routing pad 'SW15:1' at (34290000, 78422500) with pad 'SW29:1' at (34290000, 135572500) using coordinate system rotated by 0 degree(s)
13:34:32: [INFO] Adding track segment (F.Cu): [(34290000, 78422500), (34290000, 135572500)]
13:34:32: [INFO] Routing ROW2 pads
13:34:32: [INFO] Routing pad 'D15:1' at (43180000, 86362500) with pad 'D16:1' at (62230000, 86362500) using coordinate system rotated by 0 degree(s)
13:34:32: [INFO] Adding track segment (B.Cu): [(43180000, 86362500), (62230000, 86362500)]
13:34:32: [INFO] Routing pad 'D16:1' at (62230000, 86362500) with pad 'D17:1' at (81280000, 86362500) using coordinate system rotated by 0 degree(s)
13:34:32: [INFO] Adding track segment (B.Cu): [(62230000, 86362500), (81280000, 86362500)]
13:34:32: [INFO] Routing pad 'D17:1' at (81280000, 86362500) with pad 'D18:1' at (105092500, 86362500) using coordinate system rotated by 0 degree(s)
13:34:32: [INFO] Adding track segment (B.Cu): [(81280000, 86362500), (105092500, 86362500)]
13:34:32: [INFO] Routing pad 'D18:1' at (105092500, 86362500) with pad 'D19:1' at (124142500, 86362500) using coordinate system rotated by 0 degree(s)
13:34:32: [INFO] Adding track segment (B.Cu): [(105092500, 86362500), (124142500, 86362500)]
13:34:32: [INFO] Routing pad 'D19:1' at (124142500, 86362500) with pad 'D20:1' at (143192500, 86362500) using coordinate system rotated by 0 degree(s)
13:34:32: [INFO] Adding track segment (B.Cu): [(124142500, 86362500), (143192500, 86362500)]
13:34:32: [INFO] Routing ROW1 pads
13:34:32: [INFO] Routing pad 'D8:1' at (43180000, 67312500) with pad 'D9:1' at (62230000, 67312500) using coordinate system rotated by 0 degree(s)
13:34:32: [INFO] Adding track segment (B.Cu): [(43180000, 67312500), (62230000, 67312500)]
13:34:32: [INFO] Routing pad 'D9:1' at (62230000, 67312500) with pad 'D10:1' at (81280000, 67312500) using coordinate system rotated by 0 degree(s)
13:34:32: [INFO] Adding track segment (B.Cu): [(62230000, 67312500), (81280000, 67312500)]
13:34:32: [INFO] Routing pad 'D10:1' at (81280000, 67312500) with pad 'D11:1' at (105092500, 67312500) using coordinate system rotated by 0 degree(s)
13:34:32: [INFO] Adding track segment (B.Cu): [(81280000, 67312500), (105092500, 67312500)]
13:34:32: [INFO] Routing pad 'D11:1' at (105092500, 67312500) with pad 'D12:1' at (124142500, 67312500) using coordinate system rotated by 0 degree(s)
13:34:32: [INFO] Adding track segment (B.Cu): [(105092500, 67312500), (124142500, 67312500)]
13:34:32: [INFO] Routing pad 'D12:1' at (124142500, 67312500) with pad 'D13:1' at (143192500, 67312500) using coordinate system rotated by 0 degree(s)
13:34:32: [INFO] Adding track segment (B.Cu): [(124142500, 67312500), (143192500, 67312500)]
13:34:32: [INFO] Routing pad 'D13:1' at (143192500, 67312500) with pad 'D14:1' at (162242500, 67312500) using coordinate system rotated by 0 degree(s)
13:34:32: [INFO] Adding track segment (B.Cu): [(143192500, 67312500), (162242500, 67312500)]
13:34:32: [INFO] Routing COL3 pads
13:34:32: [INFO] Routing pad 'SW4:1' at (96202500, 35560000) with pad 'SW11:1' at (96202500, 59372500) using coordinate system rotated by 0 degree(s)
13:34:32: [INFO] Adding track segment (F.Cu): [(96202500, 35560000), (96202500, 59372500)]
13:34:32: [INFO] Routing pad 'SW11:1' at (96202500, 59372500) with pad 'SW18:1' at (96202500, 78422500) using coordinate system rotated by 0 degree(s)
13:34:32: [INFO] Adding track segment (F.Cu): [(96202500, 59372500), (96202500, 78422500)]
13:34:32: [INFO] Routing pad 'SW18:1' at (96202500, 78422500) with pad 'SW21:1' at (96202500, 97472500) using coordinate system rotated by 0 degree(s)
13:34:32: [INFO] Adding track segment (F.Cu): [(96202500, 78422500), (96202500, 97472500)]
13:34:32: [INFO] Routing pad 'SW21:1' at (96202500, 97472500) with pad 'SW26:1' at (96202500, 116522500) using coordinate system rotated by 0 degree(s)
13:34:32: [INFO] Adding track segment (F.Cu): [(96202500, 97472500), (96202500, 116522500)]
13:34:32: [INFO] Routing ROW3 pads
13:34:32: [INFO] Routing pad 'D21:1' at (105092500, 105412500) with pad 'D22:1' at (124142500, 105412500) using coordinate system rotated by 0 degree(s)
13:34:32: [INFO] Adding track segment (B.Cu): [(105092500, 105412500), (124142500, 105412500)]
13:34:32: [INFO] Routing pad 'D22:1' at (124142500, 105412500) with pad 'D23:1' at (143192500, 105412500) using coordinate system rotated by 0 degree(s)
13:34:32: [INFO] Adding track segment (B.Cu): [(124142500, 105412500), (143192500, 105412500)]
13:34:32: [INFO] Routing pad 'D23:1' at (143192500, 105412500) with pad 'D24:1' at (162242500, 95887500) using coordinate system rotated by 0 degree(s)
13:34:32: [INFO] Adding track segment (B.Cu): [(143192500, 105412500), (152717500, 105412500)]
13:34:32: [INFO] Adding track segment (B.Cu): [(152717500, 105412500), (162242500, 95887500)]
13:34:32: [INFO] Routing ROW5 pads
13:34:32: [INFO] Routing pad 'D29:1' at (43180000, 143512500) with pad 'D30:1' at (62230000, 143512500) using coordinate system rotated by 0 degree(s)
13:34:32: [INFO] Adding track segment (B.Cu): [(43180000, 143512500), (62230000, 143512500)]
13:34:32: [INFO] Routing pad 'D30:1' at (62230000, 143512500) with pad 'D31:1' at (81280000, 143512500) using coordinate system rotated by 0 degree(s)
13:34:32: [INFO] Adding track segment (B.Cu): [(62230000, 143512500), (81280000, 143512500)]
13:34:32: [INFO] Routing pad 'D31:1' at (81280000, 143512500) with pad 'D32:1' at (114617500, 143512500) using coordinate system rotated by 0 degree(s)
13:34:32: [INFO] Adding track segment (B.Cu): [(81280000, 143512500), (114617500, 143512500)]
13:34:32: [INFO] Routing pad 'D32:1' at (114617500, 143512500) with pad 'D33:1' at (143192500, 143512500) using coordinate system rotated by 0 degree(s)
13:34:32: [INFO] Adding track segment (B.Cu): [(114617500, 143512500), (143192500, 143512500)]
13:34:32: [INFO] Routing pad 'D33:1' at (143192500, 143512500) with pad 'D34:1' at (162242500, 133987500) using coordinate system rotated by 0 degree(s)
13:34:32: [INFO] Adding track segment (B.Cu): [(143192500, 143512500), (152717500, 143512500)]
13:34:32: [INFO] Adding track segment (B.Cu): [(152717500, 143512500), (162242500, 133987500)]
13:34:32: [INFO] Routing COL2 pads
13:34:32: [INFO] Routing pad 'SW3:1' at (72390000, 35560000) with pad 'SW10:1' at (72390000, 59372500) using coordinate system rotated by 0 degree(s)
13:34:32: [INFO] Adding track segment (F.Cu): [(72390000, 35560000), (72390000, 59372500)]
13:34:32: [INFO] Routing pad 'SW10:1' at (72390000, 59372500) with pad 'SW17:1' at (72390000, 78422500) using coordinate system rotated by 0 degree(s)
13:34:32: [INFO] Adding track segment (F.Cu): [(72390000, 59372500), (72390000, 78422500)]
13:34:32: [INFO] Routing pad 'SW17:1' at (72390000, 78422500) with pad 'SW31:1' at (72390000, 135572500) using coordinate system rotated by 0 degree(s)
13:34:32: [INFO] Adding track segment (F.Cu): [(72390000, 78422500), (72390000, 135572500)]
13:34:32: [INFO] Routing COL5 pads
13:34:32: [INFO] Routing pad 'SW6:1' at (134302500, 35560000) with pad 'SW13:1' at (134302500, 59372500) using coordinate system rotated by 0 degree(s)
13:34:32: [INFO] Adding track segment (F.Cu): [(134302500, 35560000), (134302500, 59372500)]
13:34:32: [INFO] Routing pad 'SW13:1' at (134302500, 59372500) with pad 'SW20:1' at (134302500, 78422500) using coordinate system rotated by 0 degree(s)
13:34:32: [INFO] Adding track segment (F.Cu): [(134302500, 59372500), (134302500, 78422500)]
13:34:32: [INFO] Routing pad 'SW20:1' at (134302500, 78422500) with pad 'SW23:1' at (134302500, 97472500) using coordinate system rotated by 0 degree(s)
13:34:32: [INFO] Adding track segment (F.Cu): [(134302500, 78422500), (134302500, 97472500)]
13:34:32: [INFO] Routing pad 'SW23:1' at (134302500, 97472500) with pad 'SW28:1' at (134302500, 116522500) using coordinate system rotated by 0 degree(s)
13:34:32: [INFO] Adding track segment (F.Cu): [(134302500, 97472500), (134302500, 116522500)]
13:34:32: [INFO] Routing pad 'SW28:1' at (134302500, 116522500) with pad 'SW33:1' at (134302500, 135572500) using coordinate system rotated by 0 degree(s)
13:34:32: [INFO] Adding track segment (F.Cu): [(134302500, 116522500), (134302500, 135572500)]
13:34:32: [INFO] Routing ROW4 pads
13:34:32: [INFO] Routing pad 'D25:1' at (62230000, 124462500) with pad 'D26:1' at (105092500, 124462500) using coordinate system rotated by 0 degree(s)
13:34:32: [INFO] Adding track segment (B.Cu): [(62230000, 124462500), (105092500, 124462500)]
13:34:32: [INFO] Routing pad 'D26:1' at (105092500, 124462500) with pad 'D27:1' at (124142500, 124462500) using coordinate system rotated by 0 degree(s)
13:34:32: [INFO] Adding track segment (B.Cu): [(105092500, 124462500), (124142500, 124462500)]
13:34:32: [INFO] Routing pad 'D27:1' at (124142500, 124462500) with pad 'D28:1' at (143192500, 124462500) using coordinate system rotated by 0 degree(s)
13:34:32: [INFO] Adding track segment (B.Cu): [(124142500, 124462500), (143192500, 124462500)]
13:34:32: [INFO] Routing ROW0 pads
13:34:32: [INFO] Routing pad 'D1:1' at (43180000, 43500000) with pad 'D2:1' at (62230000, 43500000) using coordinate system rotated by 0 degree(s)
13:34:32: [INFO] Adding track segment (B.Cu): [(43180000, 43500000), (62230000, 43500000)]
13:34:32: [INFO] Routing pad 'D2:1' at (62230000, 43500000) with pad 'D3:1' at (81280000, 43500000) using coordinate system rotated by 0 degree(s)
13:34:32: [INFO] Adding track segment (B.Cu): [(62230000, 43500000), (81280000, 43500000)]
13:34:32: [INFO] Routing pad 'D3:1' at (81280000, 43500000) with pad 'D4:1' at (105092500, 43500000) using coordinate system rotated by 0 degree(s)
13:34:32: [INFO] Adding track segment (B.Cu): [(81280000, 43500000), (105092500, 43500000)]
13:34:32: [INFO] Routing pad 'D4:1' at (105092500, 43500000) with pad 'D5:1' at (124142500, 43500000) using coordinate system rotated by 0 degree(s)
13:34:32: [INFO] Adding track segment (B.Cu): [(105092500, 43500000), (124142500, 43500000)]
13:34:32: [INFO] Routing pad 'D5:1' at (124142500, 43500000) with pad 'D6:1' at (143192500, 43500000) using coordinate system rotated by 0 degree(s)
13:34:32: [INFO] Adding track segment (B.Cu): [(124142500, 43500000), (143192500, 43500000)]
13:34:32: [INFO] Routing pad 'D6:1' at (143192500, 43500000) with pad 'D7:1' at (162242500, 43500000) using coordinate system rotated by 0 degree(s)
13:34:32: [INFO] Adding track segment (B.Cu): [(143192500, 43500000), (162242500, 43500000)]
13:34:32: [INFO] Routing COL6 pads
13:34:32: [INFO] Routing pad 'SW7:1' at (153352500, 35560000) with pad 'SW14:1' at (153352500, 59372500) using coordinate system rotated by 0 degree(s)
13:34:32: [INFO] Adding track segment (F.Cu): [(153352500, 35560000), (153352500, 59372500)]
13:34:32: [INFO] Routing pad 'SW14:1' at (153352500, 59372500) with pad 'SW24:1' at (153352500, 87947500) using coordinate system rotated by 0 degree(s)
13:34:32: [INFO] Adding track segment (F.Cu): [(153352500, 59372500), (153352500, 87947500)]
13:34:32: [INFO] Routing pad 'SW24:1' at (153352500, 87947500) with pad 'SW34:1' at (153352500, 126047500) using coordinate system rotated by 0 degree(s)
13:34:32: [INFO] Adding track segment (F.Cu): [(153352500, 87947500), (153352500, 126047500)]
13:34:32: [INFO] Removing dangling tracks
