=== kbplacer.kle_serial ===
=== layout2image.py ===
=== kbplacer ===
14:36:12: [INFO] User layout: https://editor.keyboard-tools.xyz/#share=NrDeCIA9wLgAgIwBYB0AmArAGjuAnrHAMwoYYC+O4ADFgguALpYBQYUhaK12uB8AWmooAnBSq1q4HBGjxhmSrloMJWNNLizCI0eOV0NahESat2cxCgAc+8AixSZHeel7gA7oQRul9upr+RloucLpEdg70mhBe8D4A7JGGZmza8SgJfmiOMaEK7nFWSdkBVDnB6XDWKABsdjnR5SnORT6KzSapFpx6VG2kfkRlIQMduMOVoTUi-d6+VMMIUwN2S6bMaeAATt60uJa1VPxwAhgoCH60pmpIgbQY91i13VW1C7gON59Yd1QOj3+z1eoXeJWa33AOT+uBygNhwM2PXgCTmGTWWG+sV643Aw0eSIgu0ECH2oV0mGOhCEgzUCSe1ieIiepJBll0yXpQMZQOZQNZhPJpS5CJ5CL5CIF5iqs1wRS44ImWDF2IyuKWUkYjCAA
14:36:12: [INFO] Labels prefixes: for rows: 'ROW', for columns: 'COL'
14:36:12: [INFO] Matrix size: 3x13
14:36:13: [WARNING] No stabilizer footprint for width 2.25u, using 2u as fallback
14:36:13: [WARNING] No stabilizer footprint for width 2.75u, using 2u as fallback
14:36:13: [INFO] Add COL0 net
14:36:13: [INFO] Add COL1 net
14:36:13: [INFO] Add COL10 net
14:36:13: [INFO] Add COL11 net
14:36:13: [INFO] Add COL12 net
14:36:13: [INFO] Add COL13 net
14:36:13: [INFO] Add COL2 net
14:36:13: [INFO] Add COL3 net
14:36:13: [INFO] Add COL4 net
14:36:13: [INFO] Add COL5 net
14:36:13: [INFO] Add COL6 net
14:36:13: [INFO] Add COL7 net
14:36:13: [INFO] Add COL8 net
14:36:13: [INFO] Add COL9 net
14:36:13: [INFO] Add Net-(D1-A) net
14:36:13: [INFO] Add Net-(D10-A) net
14:36:13: [INFO] Add Net-(D11-A) net
14:36:13: [INFO] Add Net-(D12-A) net
14:36:13: [INFO] Add Net-(D13-A) net
14:36:13: [INFO] Add Net-(D14-A) net
14:36:13: [INFO] Add Net-(D15-A) net
14:36:13: [INFO] Add Net-(D16-A) net
14:36:13: [INFO] Add Net-(D17-A) net
14:36:13: [INFO] Add Net-(D18-A) net
14:36:13: [INFO] Add Net-(D19-A) net
14:36:13: [INFO] Add Net-(D2-A) net
14:36:13: [INFO] Add Net-(D20-A) net
14:36:13: [INFO] Add Net-(D21-A) net
14:36:13: [INFO] Add Net-(D22-A) net
14:36:13: [INFO] Add Net-(D23-A) net
14:36:13: [INFO] Add Net-(D24-A) net
14:36:13: [INFO] Add Net-(D25-A) net
14:36:13: [INFO] Add Net-(D26-A) net
14:36:13: [INFO] Add Net-(D27-A) net
14:36:13: [INFO] Add Net-(D28-A) net
14:36:13: [INFO] Add Net-(D29-A) net
14:36:13: [INFO] Add Net-(D3-A) net
14:36:13: [INFO] Add Net-(D30-A) net
14:36:13: [INFO] Add Net-(D31-A) net
14:36:13: [INFO] Add Net-(D32-A) net
14:36:13: [INFO] Add Net-(D33-A) net
14:36:13: [INFO] Add Net-(D34-A) net
14:36:13: [INFO] Add Net-(D35-A) net
14:36:13: [INFO] Add Net-(D36-A) net
14:36:13: [INFO] Add Net-(D37-A) net
14:36:13: [INFO] Add Net-(D38-A) net
14:36:13: [INFO] Add Net-(D39-A) net
14:36:13: [INFO] Add Net-(D4-A) net
14:36:13: [INFO] Add Net-(D40-A) net
14:36:13: [INFO] Add Net-(D41-A) net
14:36:13: [INFO] Add Net-(D42-A) net
14:36:13: [INFO] Add Net-(D43-A) net
14:36:13: [INFO] Add Net-(D44-A) net
14:36:13: [INFO] Add Net-(D45-A) net
14:36:13: [INFO] Add Net-(D46-A) net
14:36:13: [INFO] Add Net-(D47-A) net
14:36:13: [INFO] Add Net-(D48-A) net
14:36:13: [INFO] Add Net-(D49-A) net
14:36:13: [INFO] Add Net-(D5-A) net
14:36:13: [INFO] Add Net-(D6-A) net
14:36:13: [INFO] Add Net-(D7-A) net
14:36:13: [INFO] Add Net-(D8-A) net
14:36:13: [INFO] Add Net-(D9-A) net
14:36:13: [INFO] Add ROW0 net
14:36:13: [INFO] Add ROW1 net
14:36:13: [INFO] Add ROW2 net
14:36:13: [INFO] Add ROW3 net
14:36:13: [INFO] Add SW1 footprint
14:36:13: [INFO] Add D1 footprint
14:36:13: [INFO] Add SW2 footprint
14:36:13: [INFO] Add D2 footprint
14:36:13: [INFO] Add SW3 footprint
14:36:13: [INFO] Add D3 footprint
14:36:13: [INFO] Add SW4 footprint
14:36:13: [INFO] Add D4 footprint
14:36:13: [INFO] Add SW5 footprint
14:36:13: [INFO] Add D5 footprint
14:36:13: [INFO] Add SW6 footprint
14:36:13: [INFO] Add D6 footprint
14:36:13: [INFO] Add SW7 footprint
14:36:13: [INFO] Add D7 footprint
14:36:13: [INFO] Add SW8 footprint
14:36:13: [INFO] Add D8 footprint
14:36:13: [INFO] Add SW9 footprint
14:36:13: [INFO] Add D9 footprint
14:36:13: [INFO] Add SW10 footprint
14:36:13: [INFO] Add D10 footprint
14:36:13: [INFO] Add SW11 footprint
14:36:13: [INFO] Add D11 footprint
14:36:13: [INFO] Add SW12 footprint
14:36:13: [INFO] Add D12 footprint
14:36:14: [INFO] Add SW13 footprint
14:36:14: [INFO] Add D13 footprint
14:36:14: [INFO] Add SW14 footprint
14:36:14: [INFO] Add D14 footprint
14:36:14: [INFO] Add SW15 footprint
14:36:14: [INFO] Add D15 footprint
14:36:14: [INFO] Add SW16 footprint
14:36:14: [INFO] Add D16 footprint
14:36:14: [INFO] Add SW17 footprint
14:36:14: [INFO] Add D17 footprint
14:36:14: [INFO] Add SW18 footprint
14:36:14: [INFO] Add D18 footprint
14:36:14: [INFO] Add SW19 footprint
14:36:14: [INFO] Add D19 footprint
14:36:14: [INFO] Add SW20 footprint
14:36:14: [INFO] Add D20 footprint
14:36:14: [INFO] Add SW21 footprint
14:36:14: [INFO] Add D21 footprint
14:36:14: [INFO] Add SW22 footprint
14:36:14: [INFO] Add D22 footprint
14:36:14: [INFO] Add SW23 footprint
14:36:14: [INFO] Add D23 footprint
14:36:14: [INFO] Add SW24 footprint
14:36:14: [INFO] Add D24 footprint
14:36:14: [INFO] Add SW25 footprint
14:36:14: [INFO] Add D25 footprint
14:36:14: [INFO] Add SW26 footprint
14:36:14: [INFO] Add D26 footprint
14:36:14: [INFO] Add SW27 footprint
14:36:14: [INFO] Add D27 footprint
14:36:14: [INFO] Add SW28 footprint
14:36:14: [INFO] Add D28 footprint
14:36:15: [INFO] Add SW29 footprint
14:36:15: [INFO] Add D29 footprint
14:36:15: [INFO] Add SW30 footprint
14:36:15: [INFO] Add D30 footprint
14:36:15: [INFO] Add SW31 footprint
14:36:15: [INFO] Add D31 footprint
14:36:15: [INFO] Add SW32 footprint
14:36:15: [INFO] Add D32 footprint
14:36:15: [INFO] Add SW33 footprint
14:36:15: [INFO] Add D33 footprint
14:36:15: [INFO] Add SW34 footprint
14:36:15: [INFO] Add D34 footprint
14:36:15: [INFO] Add SW35 footprint
14:36:15: [INFO] Add D35 footprint
14:36:15: [INFO] Add SW36 footprint
14:36:15: [INFO] Add D36 footprint
14:36:15: [INFO] Add SW37 footprint
14:36:15: [INFO] Add D37 footprint
14:36:15: [INFO] Add SW38 footprint
14:36:15: [INFO] Add D38 footprint
14:36:15: [INFO] Add SW39 footprint
14:36:15: [INFO] Add D39 footprint
14:36:15: [INFO] Add SW40 footprint
14:36:15: [INFO] Add D40 footprint
14:36:15: [INFO] Add SW41 footprint
14:36:15: [INFO] Add D41 footprint
14:36:15: [INFO] Add SW42 footprint
14:36:15: [INFO] Add D42 footprint
14:36:15: [INFO] Add SW43 footprint
14:36:15: [INFO] Add D43 footprint
14:36:15: [INFO] Add SW44 footprint
14:36:15: [INFO] Add D44 footprint
14:36:15: [INFO] Add SW45 footprint
14:36:15: [INFO] Add D45 footprint
14:36:15: [WARNING] No stabilizer footprint for width 2.25u, using 2u as fallback
14:36:15: [INFO] Add ST45 footprint
14:36:15: [INFO] Add SW46 footprint
14:36:16: [INFO] Add D46 footprint
14:36:16: [WARNING] No stabilizer footprint for width 2.75u, using 2u as fallback
14:36:16: [INFO] Add ST46 footprint
14:36:16: [INFO] Add SW47 footprint
14:36:16: [INFO] Add D47 footprint
14:36:16: [INFO] Add SW48 footprint
14:36:16: [INFO] Add D48 footprint
14:36:16: [INFO] Add SW49 footprint
14:36:16: [INFO] Add D49 footprint
14:36:16: [INFO] Detected layout convertible to matrix annotated keyboard
14:36:16: [INFO] Using key 1U distance: (19.05, 19.05) mm
14:36:16: [INFO] Layout offset: (23812500, 37147500)
14:36:16: [INFO] Diode info: [ElementInfo(annotation_format='D{}', position_option=<PositionOption.CUSTOM: 'Custom'>, position=ElementPosition(x=5.08, y=4.0, orientation=90.0, side=<Side.BACK: 'Back'>), template_path='', start_index=-1)]
14:36:16: [INFO] Placing additional elements for SW49
14:36:16: [INFO] Placing additional elements for SW48
14:36:16: [INFO] Placing additional elements for SW47
14:36:16: [INFO] Placing additional elements for SW46
14:36:16: [INFO] Placing additional elements for SW45
14:36:16: [INFO] Placing additional elements for SW44
14:36:16: [INFO] Placing additional elements for SW43
14:36:16: [INFO] Placing additional elements for SW42
14:36:16: [INFO] Placing additional elements for SW41
14:36:16: [INFO] Placing additional elements for SW40
14:36:16: [INFO] Placing additional elements for SW39
14:36:16: [INFO] Placing additional elements for SW38
14:36:16: [INFO] Placing additional elements for SW37
14:36:16: [INFO] Placing additional elements for SW36
14:36:16: [INFO] Placing additional elements for SW35
14:36:16: [INFO] Placing additional elements for SW34
14:36:16: [INFO] Placing additional elements for SW33
14:36:16: [INFO] Placing additional elements for SW32
14:36:16: [INFO] Placing additional elements for SW31
14:36:16: [INFO] Placing additional elements for SW30
14:36:16: [INFO] Placing additional elements for SW29
14:36:16: [INFO] Placing additional elements for SW28
14:36:16: [INFO] Placing additional elements for SW27
14:36:16: [INFO] Placing additional elements for SW26
14:36:16: [INFO] Placing additional elements for SW25
14:36:16: [INFO] Placing additional elements for SW24
14:36:16: [INFO] Placing additional elements for SW23
14:36:16: [INFO] Placing additional elements for SW22
14:36:16: [INFO] Placing additional elements for SW21
14:36:16: [INFO] Placing additional elements for SW20
14:36:16: [INFO] Placing additional elements for SW19
14:36:16: [INFO] Placing additional elements for SW18
14:36:16: [INFO] Placing additional elements for SW17
14:36:16: [INFO] Placing additional elements for SW16
14:36:16: [INFO] Placing additional elements for SW15
14:36:16: [INFO] Placing additional elements for SW14
14:36:16: [INFO] Placing additional elements for SW13
14:36:16: [INFO] Placing additional elements for SW12
14:36:16: [INFO] Placing additional elements for SW11
14:36:16: [INFO] Placing additional elements for SW10
14:36:16: [INFO] Placing additional elements for SW9
14:36:16: [INFO] Placing additional elements for SW8
14:36:16: [INFO] Placing additional elements for SW7
14:36:16: [INFO] Placing additional elements for SW6
14:36:16: [INFO] Placing additional elements for SW5
14:36:16: [INFO] Placing additional elements for SW4
14:36:16: [INFO] Placing additional elements for SW3
14:36:16: [INFO] Placing additional elements for SW2
14:36:16: [INFO] Placing additional elements for SW1
14:36:16: [INFO] Routing SW49 with D49
14:36:16: [INFO] Using internal autorouter method
14:36:16: [INFO] Routing pad 'SW49:2' at (342582500, 167322500) with pad 'D49:2' at (345122500, 175002500) using coordinate system rotated by 0 degree(s)
14:36:16: [INFO] Adding track segment (B.Cu): [(342582500, 167322500), (342582500, 172462500)]
14:36:16: [INFO] Adding track segment (B.Cu): [(342582500, 172462500), (345122500, 175002500)]
14:36:16: [INFO] Routing SW48 with D48
14:36:16: [INFO] Using internal autorouter method
14:36:16: [INFO] Routing pad 'SW48:2' at (316388750, 167322500) with pad 'D48:2' at (318928750, 175002500) using coordinate system rotated by 0 degree(s)
14:36:16: [INFO] Adding track segment (B.Cu): [(316388750, 167322500), (316388750, 172462500)]
14:36:16: [INFO] Adding track segment (B.Cu): [(316388750, 172462500), (318928750, 175002500)]
14:36:16: [INFO] Routing SW47 with D47
14:36:16: [INFO] Using internal autorouter method
14:36:16: [INFO] Routing pad 'SW47:2' at (289020031, 168992721) with pad 'D47:2' at (292855061, 176114978) using coordinate system rotated by 350.0 degree(s)
14:36:16: [INFO] Adding track segment (B.Cu): [(289020031, 168992721), (289912582, 174054632)]
14:36:16: [INFO] Adding track segment (B.Cu): [(289912582, 174054632), (292855061, 176114978)]
14:36:16: [INFO] Routing SW46 with D46
14:36:16: [INFO] Using internal autorouter method
14:36:16: [INFO] Routing pad 'SW46:2' at (251498855, 175608716) with pad 'D46:2' at (255333885, 182730973) using coordinate system rotated by 350.0 degree(s)
14:36:16: [INFO] Adding track segment (B.Cu): [(251498855, 175608716), (252391405, 180670626)]
14:36:16: [INFO] Adding track segment (B.Cu): [(252391405, 180670626), (255333885, 182730973)]
14:36:16: [INFO] Routing SW45 with D45
14:36:16: [INFO] Using internal autorouter method
14:36:16: [INFO] Routing pad 'SW45:2' at (187918714, 176988748) with pad 'D45:2' at (189086507, 184993137) using coordinate system rotated by 10.0 degree(s)
14:36:16: [INFO] Adding track segment (B.Cu): [(187918714, 176988748), (187026162, 182050659)]
14:36:16: [INFO] Adding track segment (B.Cu): [(187026162, 182050659), (189086507, 184993137)]
14:36:16: [INFO] Routing SW44 with D44
14:36:16: [INFO] Using internal autorouter method
14:36:16: [INFO] Routing pad 'SW44:2' at (152742612, 170786252) with pad 'D44:2' at (153910405, 178790641) using coordinate system rotated by 10.0 degree(s)
14:36:16: [INFO] Adding track segment (B.Cu): [(152742612, 170786252), (151850059, 175848162)]
14:36:16: [INFO] Adding track segment (B.Cu): [(151850059, 175848162), (153910405, 178790641)]
14:36:16: [INFO] Routing SW43 with D43
14:36:16: [INFO] Using internal autorouter method
14:36:16: [INFO] Routing pad 'SW43:2' at (123031250, 167322500) with pad 'D43:2' at (125571250, 175002500) using coordinate system rotated by 0 degree(s)
14:36:16: [INFO] Adding track segment (B.Cu): [(123031250, 167322500), (123031250, 172462500)]
14:36:16: [INFO] Adding track segment (B.Cu): [(123031250, 172462500), (125571250, 175002500)]
14:36:16: [INFO] Routing SW42 with D42
14:36:16: [INFO] Using internal autorouter method
14:36:16: [INFO] Routing pad 'SW42:2' at (96837500, 167322500) with pad 'D42:2' at (99377500, 175002500) using coordinate system rotated by 0 degree(s)
14:36:16: [INFO] Adding track segment (B.Cu): [(96837500, 167322500), (96837500, 172462500)]
14:36:16: [INFO] Adding track segment (B.Cu): [(96837500, 172462500), (99377500, 175002500)]
14:36:16: [INFO] Routing SW41 with D41
14:36:16: [INFO] Using internal autorouter method
14:36:16: [INFO] Routing pad 'SW41:2' at (349726250, 148272500) with pad 'D41:2' at (352266250, 155952500) using coordinate system rotated by 0 degree(s)
14:36:16: [INFO] Adding track segment (B.Cu): [(349726250, 148272500), (349726250, 153412500)]
14:36:16: [INFO] Adding track segment (B.Cu): [(349726250, 153412500), (352266250, 155952500)]
14:36:16: [INFO] Routing SW40 with D40
14:36:16: [INFO] Using internal autorouter method
14:36:16: [INFO] Routing pad 'SW40:2' at (328295000, 148272500) with pad 'D40:2' at (330835000, 155952500) using coordinate system rotated by 0 degree(s)
14:36:16: [INFO] Adding track segment (B.Cu): [(328295000, 148272500), (328295000, 153412500)]
14:36:16: [INFO] Adding track segment (B.Cu): [(328295000, 153412500), (330835000, 155952500)]
14:36:16: [INFO] Routing SW39 with D39
14:36:16: [INFO] Using internal autorouter method
14:36:16: [INFO] Routing pad 'SW39:2' at (309245000, 148272500) with pad 'D39:2' at (311785000, 155952500) using coordinate system rotated by 0 degree(s)
14:36:16: [INFO] Adding track segment (B.Cu): [(309245000, 148272500), (309245000, 153412500)]
14:36:16: [INFO] Adding track segment (B.Cu): [(309245000, 153412500), (311785000, 155952500)]
14:36:16: [INFO] Routing SW38 with D38
14:36:16: [INFO] Using internal autorouter method
14:36:16: [INFO] Routing pad 'SW38:2' at (288057106, 149818633) with pad 'D38:2' at (291892136, 156940890) using coordinate system rotated by 350.0 degree(s)
14:36:16: [INFO] Adding track segment (B.Cu): [(288057106, 149818633), (288949656, 154880543)]
14:36:16: [INFO] Adding track segment (B.Cu): [(288949656, 154880543), (291892136, 156940890)]
14:36:16: [INFO] Routing SW37 with D37
14:36:16: [INFO] Using internal autorouter method
14:36:16: [INFO] Routing pad 'SW37:2' at (269296519, 153126631) with pad 'D37:2' at (273131549, 160248888) using coordinate system rotated by 350.0 degree(s)
14:36:16: [INFO] Adding track segment (B.Cu): [(269296519, 153126631), (270189070, 158188542)]
14:36:16: [INFO] Adding track segment (B.Cu): [(270189070, 158188542), (273131549, 160248888)]
14:36:16: [INFO] Routing SW36 with D36
14:36:16: [INFO] Using internal autorouter method
14:36:16: [INFO] Routing pad 'SW36:2' at (250535931, 156434629) with pad 'D36:2' at (254370961, 163556886) using coordinate system rotated by 350.0 degree(s)
14:36:16: [INFO] Adding track segment (B.Cu): [(250535931, 156434629), (251428482, 161496540)]
14:36:16: [INFO] Adding track segment (B.Cu): [(251428482, 161496540), (254370961, 163556886)]
14:36:16: [INFO] Routing SW35 with D35
14:36:16: [INFO] Using internal autorouter method
14:36:16: [INFO] Routing pad 'SW35:2' at (231775343, 159742626) with pad 'D35:2' at (235610373, 166864883) using coordinate system rotated by 350.0 degree(s)
14:36:16: [INFO] Adding track segment (B.Cu): [(231775343, 159742626), (232667893, 164804536)]
14:36:16: [INFO] Adding track segment (B.Cu): [(232667893, 164804536), (235610373, 166864883)]
14:36:16: [INFO] Routing SW34 with D34
14:36:16: [INFO] Using internal autorouter method
14:36:16: [INFO] Routing pad 'SW34:2' at (202952079, 160295659) with pad 'D34:2' at (204119872, 168300048) using coordinate system rotated by 10.0 degree(s)
14:36:16: [INFO] Adding track segment (B.Cu): [(202952079, 160295659), (202059526, 165357569)]
14:36:16: [INFO] Adding track segment (B.Cu): [(202059526, 165357569), (204119872, 168300048)]
14:36:16: [INFO] Routing SW33 with D33
14:36:16: [INFO] Using internal autorouter method
14:36:16: [INFO] Routing pad 'SW33:2' at (184191491, 156987661) with pad 'D33:2' at (185359284, 164992050) using coordinate system rotated by 10.0 degree(s)
14:36:16: [INFO] Adding track segment (B.Cu): [(184191491, 156987661), (183298938, 162049572)]
14:36:16: [INFO] Adding track segment (B.Cu): [(183298938, 162049572), (185359284, 164992050)]
14:36:16: [INFO] Routing SW32 with D32
14:36:16: [INFO] Using internal autorouter method
14:36:16: [INFO] Routing pad 'SW32:2' at (165430904, 153679663) with pad 'D32:2' at (166598697, 161684052) using coordinate system rotated by 10.0 degree(s)
14:36:16: [INFO] Adding track segment (B.Cu): [(165430904, 153679663), (164538352, 158741574)]
14:36:16: [INFO] Adding track segment (B.Cu): [(164538352, 158741574), (166598697, 161684052)]
14:36:16: [INFO] Routing SW31 with D31
14:36:16: [INFO] Using internal autorouter method
14:36:16: [INFO] Routing pad 'SW31:2' at (146670316, 150371665) with pad 'D31:2' at (147838109, 158376054) using coordinate system rotated by 10.0 degree(s)
14:36:16: [INFO] Adding track segment (B.Cu): [(146670316, 150371665), (145777763, 155433575)]
14:36:16: [INFO] Adding track segment (B.Cu): [(145777763, 155433575), (147838109, 158376054)]
14:36:16: [INFO] Routing SW30 with D30
14:36:16: [INFO] Using internal autorouter method
14:36:16: [INFO] Routing pad 'SW30:2' at (125412500, 148272500) with pad 'D30:2' at (127952500, 155952500) using coordinate system rotated by 0 degree(s)
14:36:16: [INFO] Adding track segment (B.Cu): [(125412500, 148272500), (125412500, 153412500)]
14:36:16: [INFO] Adding track segment (B.Cu): [(125412500, 153412500), (127952500, 155952500)]
14:36:16: [INFO] Routing SW29 with D29
14:36:16: [INFO] Using internal autorouter method
14:36:16: [INFO] Routing pad 'SW29:2' at (99218750, 148272500) with pad 'D29:2' at (101758750, 155952500) using coordinate system rotated by 0 degree(s)
14:36:16: [INFO] Adding track segment (B.Cu): [(99218750, 148272500), (99218750, 153412500)]
14:36:16: [INFO] Adding track segment (B.Cu): [(99218750, 153412500), (101758750, 155952500)]
14:36:16: [INFO] Routing SW28 with D28
14:36:16: [INFO] Using internal autorouter method
14:36:16: [INFO] Routing pad 'SW28:2' at (68262500, 148272500) with pad 'D28:2' at (70802500, 155952500) using coordinate system rotated by 0 degree(s)
14:36:16: [INFO] Adding track segment (B.Cu): [(68262500, 148272500), (68262500, 153412500)]
14:36:16: [INFO] Adding track segment (B.Cu): [(68262500, 153412500), (70802500, 155952500)]
14:36:16: [INFO] Routing SW27 with D27
14:36:16: [INFO] Using internal autorouter method
14:36:16: [INFO] Routing pad 'SW27:2' at (342106250, 129222500) with pad 'D27:2' at (344646250, 136902500) using coordinate system rotated by 0 degree(s)
14:36:16: [INFO] Adding track segment (B.Cu): [(342106250, 129222500), (342106250, 134362500)]
14:36:16: [INFO] Adding track segment (B.Cu): [(342106250, 134362500), (344646250, 136902500)]
14:36:16: [INFO] Routing SW26 with D26
14:36:16: [INFO] Using internal autorouter method
14:36:16: [INFO] Routing pad 'SW26:2' at (315912500, 129222500) with pad 'D26:2' at (318452500, 136902500) using coordinate system rotated by 0 degree(s)
14:36:16: [INFO] Adding track segment (B.Cu): [(315912500, 129222500), (315912500, 134362500)]
14:36:16: [INFO] Adding track segment (B.Cu): [(315912500, 134362500), (318452500, 136902500)]
14:36:16: [INFO] Routing SW25 with D25
14:36:16: [INFO] Using internal autorouter method
14:36:16: [INFO] Routing pad 'SW25:2' at (294129402, 129404047) with pad 'D25:2' at (297964432, 136526304) using coordinate system rotated by 350.0 degree(s)
14:36:16: [INFO] Adding track segment (B.Cu): [(294129402, 129404047), (295021953, 134465958)]
14:36:16: [INFO] Adding track segment (B.Cu): [(295021953, 134465958), (297964432, 136526304)]
14:36:16: [INFO] Routing SW24 with D24
14:36:16: [INFO] Using internal autorouter method
14:36:16: [INFO] Routing pad 'SW24:2' at (275368815, 132712044) with pad 'D24:2' at (279203845, 139834301) using coordinate system rotated by 350.0 degree(s)
14:36:16: [INFO] Adding track segment (B.Cu): [(275368815, 132712044), (276261366, 137773955)]
14:36:16: [INFO] Adding track segment (B.Cu): [(276261366, 137773955), (279203845, 139834301)]
14:36:16: [INFO] Routing SW23 with D23
14:36:16: [INFO] Using internal autorouter method
14:36:16: [INFO] Routing pad 'SW23:2' at (256608227, 136020042) with pad 'D23:2' at (260443257, 143142299) using coordinate system rotated by 350.0 degree(s)
14:36:16: [INFO] Adding track segment (B.Cu): [(256608227, 136020042), (257500778, 141081952)]
14:36:16: [INFO] Adding track segment (B.Cu): [(257500778, 141081952), (260443257, 143142299)]
14:36:16: [INFO] Routing SW22 with D22
14:36:16: [INFO] Using internal autorouter method
14:36:16: [INFO] Routing pad 'SW22:2' at (237847639, 139328040) with pad 'D22:2' at (241682669, 146450297) using coordinate system rotated by 350.0 degree(s)
14:36:16: [INFO] Adding track segment (B.Cu): [(237847639, 139328040), (238740189, 144389949)]
14:36:16: [INFO] Adding track segment (B.Cu): [(238740189, 144389949), (241682669, 146450297)]
14:36:16: [INFO] Routing SW21 with D21
14:36:16: [INFO] Using internal autorouter method
14:36:16: [INFO] Routing pad 'SW21:2' at (196879783, 139881072) with pad 'D21:2' at (198047576, 147885461) using coordinate system rotated by 10.0 degree(s)
14:36:16: [INFO] Adding track segment (B.Cu): [(196879783, 139881072), (195987230, 144942982)]
14:36:16: [INFO] Adding track segment (B.Cu): [(195987230, 144942982), (198047576, 147885461)]
14:36:16: [INFO] Routing SW20 with D20
14:36:16: [INFO] Using internal autorouter method
14:36:16: [INFO] Routing pad 'SW20:2' at (178119195, 136573074) with pad 'D20:2' at (179286988, 144577463) using coordinate system rotated by 10.0 degree(s)
14:36:16: [INFO] Adding track segment (B.Cu): [(178119195, 136573074), (177226642, 141634985)]
14:36:16: [INFO] Adding track segment (B.Cu): [(177226642, 141634985), (179286988, 144577463)]
14:36:16: [INFO] Routing SW19 with D19
14:36:16: [INFO] Using internal autorouter method
14:36:16: [INFO] Routing pad 'SW19:2' at (159358607, 133265077) with pad 'D19:2' at (160526400, 141269466) using coordinate system rotated by 10.0 degree(s)
14:36:16: [INFO] Adding track segment (B.Cu): [(159358607, 133265077), (158466054, 138326988)]
14:36:16: [INFO] Adding track segment (B.Cu): [(158466054, 138326988), (160526400, 141269466)]
14:36:16: [INFO] Routing SW18 with D18
14:36:16: [INFO] Using internal autorouter method
14:36:16: [INFO] Routing pad 'SW18:2' at (140598020, 129957079) with pad 'D18:2' at (141765813, 137961468) using coordinate system rotated by 10.0 degree(s)
14:36:16: [INFO] Adding track segment (B.Cu): [(140598020, 129957079), (139705468, 135018990)]
14:36:16: [INFO] Adding track segment (B.Cu): [(139705468, 135018990), (141765813, 137961468)]
14:36:16: [INFO] Routing SW17 with D17
14:36:16: [INFO] Using internal autorouter method
14:36:16: [INFO] Routing pad 'SW17:2' at (118745000, 129222500) with pad 'D17:2' at (121285000, 136902500) using coordinate system rotated by 0 degree(s)
14:36:16: [INFO] Adding track segment (B.Cu): [(118745000, 129222500), (118745000, 134362500)]
14:36:16: [INFO] Adding track segment (B.Cu): [(118745000, 134362500), (121285000, 136902500)]
14:36:16: [INFO] Routing SW16 with D16
14:36:16: [INFO] Using internal autorouter method
14:36:16: [INFO] Routing pad 'SW16:2' at (97313750, 129222500) with pad 'D16:2' at (99853750, 136902500) using coordinate system rotated by 0 degree(s)
14:36:16: [INFO] Adding track segment (B.Cu): [(97313750, 129222500), (97313750, 134362500)]
14:36:16: [INFO] Adding track segment (B.Cu): [(97313750, 134362500), (99853750, 136902500)]
14:36:16: [INFO] Routing SW15 with D15
14:36:16: [INFO] Using internal autorouter method
14:36:16: [INFO] Routing pad 'SW15:2' at (71120000, 129222500) with pad 'D15:2' at (73660000, 136902500) using coordinate system rotated by 0 degree(s)
14:36:16: [INFO] Adding track segment (B.Cu): [(71120000, 129222500), (71120000, 134362500)]
14:36:16: [INFO] Adding track segment (B.Cu): [(71120000, 134362500), (73660000, 136902500)]
14:36:16: [INFO] Routing SW14 with D14
14:36:16: [INFO] Using internal autorouter method
14:36:16: [INFO] Routing pad 'SW14:2' at (345440000, 110172500) with pad 'D14:2' at (347980000, 117852500) using coordinate system rotated by 0 degree(s)
14:36:16: [INFO] Adding track segment (B.Cu): [(345440000, 110172500), (345440000, 115312500)]
14:36:16: [INFO] Adding track segment (B.Cu): [(345440000, 115312500), (347980000, 117852500)]
14:36:16: [INFO] Routing SW13 with D13
14:36:16: [INFO] Using internal autorouter method
14:36:16: [INFO] Routing pad 'SW13:2' at (326390000, 110172500) with pad 'D13:2' at (328930000, 117852500) using coordinate system rotated by 0 degree(s)
14:36:16: [INFO] Adding track segment (B.Cu): [(326390000, 110172500), (326390000, 115312500)]
14:36:16: [INFO] Adding track segment (B.Cu): [(326390000, 115312500), (328930000, 117852500)]
14:36:16: [INFO] Routing SW12 with D12
14:36:16: [INFO] Using internal autorouter method
14:36:16: [INFO] Routing pad 'SW12:2' at (307340000, 109220000) with pad 'D12:2' at (309880000, 116900000) using coordinate system rotated by 0 degree(s)
14:36:16: [INFO] Adding track segment (B.Cu): [(307340000, 109220000), (307340000, 114360000)]
14:36:16: [INFO] Adding track segment (B.Cu): [(307340000, 114360000), (309880000, 116900000)]
14:36:16: [INFO] Routing SW11 with D11
14:36:16: [INFO] Using internal autorouter method
14:36:16: [INFO] Routing pad 'SW11:2' at (286131258, 111470458) with pad 'D11:2' at (289966288, 118592715) using coordinate system rotated by 350.0 degree(s)
14:36:16: [INFO] Adding track segment (B.Cu): [(286131258, 111470458), (287023809, 116532369)]
14:36:16: [INFO] Adding track segment (B.Cu): [(287023809, 116532369), (289966288, 118592715)]
14:36:16: [INFO] Routing SW10 with D10
14:36:16: [INFO] Using internal autorouter method
14:36:16: [INFO] Routing pad 'SW10:2' at (267370670, 114778456) with pad 'D10:2' at (271205700, 121900713) using coordinate system rotated by 350.0 degree(s)
14:36:16: [INFO] Adding track segment (B.Cu): [(267370670, 114778456), (268263221, 119840366)]
14:36:16: [INFO] Adding track segment (B.Cu): [(268263221, 119840366), (271205700, 121900713)]
14:36:16: [INFO] Routing SW9 with D9
14:36:16: [INFO] Using internal autorouter method
14:36:16: [INFO] Routing pad 'SW9:2' at (248610082, 118086454) with pad 'D9:2' at (252445112, 125208711) using coordinate system rotated by 350.0 degree(s)
14:36:16: [INFO] Adding track segment (B.Cu): [(248610082, 118086454), (249502632, 123148363)]
14:36:16: [INFO] Adding track segment (B.Cu): [(249502632, 123148363), (252445112, 125208711)]
14:36:16: [INFO] Routing SW8 with D8
14:36:16: [INFO] Using internal autorouter method
14:36:16: [INFO] Routing pad 'SW8:2' at (229849495, 121394452) with pad 'D8:2' at (233684525, 128516709) using coordinate system rotated by 350.0 degree(s)
14:36:16: [INFO] Adding track segment (B.Cu): [(229849495, 121394452), (230742046, 126456363)]
14:36:16: [INFO] Adding track segment (B.Cu): [(230742046, 126456363), (233684525, 128516709)]
14:36:16: [INFO] Routing SW7 with D7
14:36:16: [INFO] Using internal autorouter method
14:36:16: [INFO] Routing pad 'SW7:2' at (195497634, 120293485) with pad 'D7:2' at (196665427, 128297874) using coordinate system rotated by 10.0 degree(s)
14:36:16: [INFO] Adding track segment (B.Cu): [(195497634, 120293485), (194605082, 125355397)]
14:36:16: [INFO] Adding track segment (B.Cu): [(194605082, 125355397), (196665427, 128297874)]
14:36:16: [INFO] Routing SW6 with D6
14:36:16: [INFO] Using internal autorouter method
14:36:16: [INFO] Routing pad 'SW6:2' at (176737046, 116985487) with pad 'D6:2' at (177904839, 124989876) using coordinate system rotated by 10.0 degree(s)
14:36:16: [INFO] Adding track segment (B.Cu): [(176737046, 116985487), (175844493, 122047398)]
14:36:16: [INFO] Adding track segment (B.Cu): [(175844493, 122047398), (177904839, 124989876)]
14:36:16: [INFO] Routing SW5 with D5
14:36:16: [INFO] Using internal autorouter method
14:36:16: [INFO] Routing pad 'SW5:2' at (157976458, 113677489) with pad 'D5:2' at (159144251, 121681878) using coordinate system rotated by 10.0 degree(s)
14:36:16: [INFO] Adding track segment (B.Cu): [(157976458, 113677489), (157083906, 118739400)]
14:36:16: [INFO] Adding track segment (B.Cu): [(157083906, 118739400), (159144251, 121681878)]
14:36:16: [INFO] Routing SW4 with D4
14:36:16: [INFO] Using internal autorouter method
14:36:16: [INFO] Routing pad 'SW4:2' at (139215871, 110369492) with pad 'D4:2' at (140383664, 118373881) using coordinate system rotated by 10.0 degree(s)
14:36:16: [INFO] Adding track segment (B.Cu): [(139215871, 110369492), (138323319, 115431403)]
14:36:16: [INFO] Adding track segment (B.Cu): [(138323319, 115431403), (140383664, 118373881)]
14:36:16: [INFO] Routing SW3 with D3
14:36:16: [INFO] Using internal autorouter method
14:36:16: [INFO] Routing pad 'SW3:2' at (117792500, 110172500) with pad 'D3:2' at (120332500, 117852500) using coordinate system rotated by 0 degree(s)
14:36:16: [INFO] Adding track segment (B.Cu): [(117792500, 110172500), (117792500, 115312500)]
14:36:16: [INFO] Adding track segment (B.Cu): [(117792500, 115312500), (120332500, 117852500)]
14:36:16: [INFO] Routing SW2 with D2
14:36:16: [INFO] Using internal autorouter method
14:36:16: [INFO] Routing pad 'SW2:2' at (98742500, 110172500) with pad 'D2:2' at (101282500, 117852500) using coordinate system rotated by 0 degree(s)
14:36:16: [INFO] Adding track segment (B.Cu): [(98742500, 110172500), (98742500, 115312500)]
14:36:16: [INFO] Adding track segment (B.Cu): [(98742500, 115312500), (101282500, 117852500)]
14:36:16: [INFO] Routing SW1 with D1
14:36:16: [INFO] Using internal autorouter method
14:36:16: [INFO] Routing pad 'SW1:2' at (74930000, 110172500) with pad 'D1:2' at (77470000, 117852500) using coordinate system rotated by 0 degree(s)
14:36:16: [INFO] Adding track segment (B.Cu): [(74930000, 110172500), (74930000, 115312500)]
14:36:16: [INFO] Adding track segment (B.Cu): [(74930000, 115312500), (77470000, 117852500)]
14:36:16: [INFO] Routing COL13 pads
14:36:16: [INFO] Routing pad 'SW41:1' at (343376250, 150812500) with pad 'SW14:1' at (339090000, 112712500) using coordinate system rotated by 0 degree(s)
14:36:16: [INFO] Routing pad 'SW49:1' at (336232500, 169862500) with pad 'SW41:1' at (343376250, 150812500) using coordinate system rotated by 0 degree(s)
14:36:16: [INFO] Adding track segment (F.Cu): [(336232500, 169862500), (343376250, 162718750)]
14:36:16: [INFO] Adding track segment (F.Cu): [(343376250, 162718750), (343376250, 150812500)]
14:36:16: [INFO] Routing COL3 pads
14:36:16: [INFO] Routing pad 'SW4:1' at (132521276, 111768238) with pad 'SW18:1' at (133903425, 131355825) using coordinate system rotated by 10.0 degree(s)
14:36:16: [INFO] Adding track segment (F.Cu): [(132521276, 111768238), (130040276, 125838678)]
14:36:16: [INFO] Adding track segment (F.Cu): [(130040276, 125838678), (133903425, 131355825)]
14:36:16: [INFO] Routing pad 'SW18:1' at (133903425, 131355825) with pad 'SW31:1' at (139975721, 151770411) using coordinate system rotated by 10.0 degree(s)
14:36:16: [INFO] Adding track segment (F.Cu): [(133903425, 131355825), (132249425, 140736117)]
14:36:16: [INFO] Adding track segment (F.Cu): [(132249425, 140736117), (139975721, 151770411)]
14:36:16: [INFO] Routing pad 'SW31:1' at (139975721, 151770411) with pad 'SW44:1' at (146048017, 172184998) using coordinate system rotated by 10.0 degree(s)
14:36:16: [INFO] Adding track segment (F.Cu): [(139975721, 151770411), (138321721, 161150704)]
14:36:16: [INFO] Adding track segment (F.Cu): [(138321721, 161150704), (146048017, 172184998)]
14:36:16: [INFO] Routing ROW2 pads
14:36:16: [INFO] Routing pad 'D28:1' at (70802500, 158752500) with pad 'D29:1' at (101758750, 158752500) using coordinate system rotated by 0 degree(s)
14:36:16: [INFO] Adding track segment (B.Cu): [(70802500, 158752500), (101758750, 158752500)]
14:36:16: [INFO] Routing pad 'D29:1' at (101758750, 158752500) with pad 'D30:1' at (127952500, 158752500) using coordinate system rotated by 0 degree(s)
14:36:16: [INFO] Adding track segment (B.Cu): [(101758750, 158752500), (127952500, 158752500)]
14:36:16: [WARNING] Could not route pads when parent footprints not rotated the same, footprint1: D30 at 90.0 degree(s) and footprint2: D31 at 80.0 degree(s)
14:36:16: [INFO] Routing pad 'D31:1' at (147351895, 161133516) with pad 'D32:1' at (166112483, 164441514) using coordinate system rotated by 280.0 degree(s)
14:36:16: [INFO] Adding track segment (B.Cu): [(147351895, 161133516), (166112482, 164441513)]
14:36:16: [INFO] Adding track segment (B.Cu): [(166112482, 164441513), (166112483, 164441514)]
14:36:16: [INFO] Routing pad 'D32:1' at (166112483, 164441514) with pad 'D33:1' at (184873070, 167749512) using coordinate system rotated by 280.0 degree(s)
14:36:16: [INFO] Adding track segment (B.Cu): [(166112483, 164441514), (184873068, 167749510)]
14:36:16: [INFO] Adding track segment (B.Cu): [(184873068, 167749510), (184873070, 167749512)]
14:36:16: [INFO] Routing pad 'D33:1' at (184873070, 167749512) with pad 'D34:1' at (203633658, 171057510) using coordinate system rotated by 280.0 degree(s)
14:36:16: [INFO] Adding track segment (B.Cu): [(184873070, 167749512), (203633658, 171057509)]
14:36:16: [INFO] Adding track segment (B.Cu): [(203633658, 171057509), (203633658, 171057510)]
14:36:16: [WARNING] Could not route pads when parent footprints not rotated the same, footprint1: D34 at 80.0 degree(s) and footprint2: D35 at 100.0 degree(s)
14:36:16: [INFO] Routing pad 'D35:1' at (236096587, 169622345) with pad 'D36:1' at (254857175, 166314348) using coordinate system rotated by 260.0 degree(s)
14:36:16: [INFO] Adding track segment (B.Cu): [(236096587, 169622345), (254857173, 166314346)]
14:36:16: [INFO] Adding track segment (B.Cu): [(254857173, 166314346), (254857175, 166314348)]
14:36:16: [INFO] Routing pad 'D36:1' at (254857175, 166314348) with pad 'D37:1' at (273617763, 163006350) using coordinate system rotated by 260.0 degree(s)
14:36:16: [INFO] Adding track segment (B.Cu): [(254857175, 166314348), (273617762, 163006349)]
14:36:16: [INFO] Adding track segment (B.Cu): [(273617762, 163006349), (273617763, 163006350)]
14:36:16: [INFO] Routing pad 'D37:1' at (273617763, 163006350) with pad 'D38:1' at (292378350, 159698352) using coordinate system rotated by 260.0 degree(s)
14:36:16: [INFO] Adding track segment (B.Cu): [(273617763, 163006350), (292378348, 159698352)]
14:36:16: [INFO] Adding track segment (B.Cu): [(292378348, 159698352), (292378350, 159698352)]
14:36:16: [WARNING] Could not route pads when parent footprints not rotated the same, footprint1: D38 at 100.0 degree(s) and footprint2: D39 at 90.0 degree(s)
14:36:16: [INFO] Routing pad 'D39:1' at (311785000, 158752500) with pad 'D40:1' at (330835000, 158752500) using coordinate system rotated by 0 degree(s)
14:36:16: [INFO] Adding track segment (B.Cu): [(311785000, 158752500), (330835000, 158752500)]
14:36:16: [INFO] Routing pad 'D40:1' at (330835000, 158752500) with pad 'D41:1' at (352266250, 158752500) using coordinate system rotated by 0 degree(s)
14:36:16: [INFO] Adding track segment (B.Cu): [(330835000, 158752500), (352266250, 158752500)]
14:36:16: [INFO] Routing COL1 pads
14:36:16: [INFO] Routing pad 'SW29:1' at (92868750, 150812500) with pad 'SW16:1' at (90963750, 131762500) using coordinate system rotated by 0 degree(s)
14:36:16: [INFO] Adding track segment (F.Cu): [(92868750, 150812500), (90963750, 148907500)]
14:36:16: [INFO] Adding track segment (F.Cu): [(90963750, 148907500), (90963750, 131762500)]
14:36:16: [INFO] Routing pad 'SW16:1' at (90963750, 131762500) with pad 'SW2:1' at (92392500, 112712500) using coordinate system rotated by 0 degree(s)
14:36:16: [INFO] Adding track segment (F.Cu): [(90963750, 131762500), (92392500, 130333750)]
14:36:16: [INFO] Adding track segment (F.Cu): [(92392500, 130333750), (92392500, 112712500)]
14:36:16: [INFO] Routing pad 'SW42:1' at (90487500, 169862500) with pad 'SW29:1' at (92868750, 150812500) using coordinate system rotated by 0 degree(s)
14:36:16: [INFO] Adding track segment (F.Cu): [(90487500, 169862500), (92868750, 167481250)]
14:36:16: [INFO] Adding track segment (F.Cu): [(92868750, 167481250), (92868750, 150812500)]
14:36:16: [INFO] Routing COL9 pads
14:36:16: [INFO] Routing pad 'SW24:1' at (269556352, 136316122) with pad 'SW37:1' at (263484056, 156730709) using coordinate system rotated by 350.0 degree(s)
14:36:16: [INFO] Adding track segment (F.Cu): [(269556352, 136316122), (271210350, 145696415)]
14:36:16: [INFO] Adding track segment (F.Cu): [(271210350, 145696415), (263484056, 156730709)]
14:36:16: [INFO] Routing pad 'SW10:1' at (261558207, 118382534) with pad 'SW24:1' at (269556352, 136316122) using coordinate system rotated by 350.0 degree(s)
14:36:16: [INFO] Adding track segment (F.Cu): [(261558207, 118382534), (264039204, 132452973)]
14:36:16: [INFO] Adding track segment (F.Cu): [(264039204, 132452973), (269556352, 136316122)]
14:36:16: [INFO] Routing COL10 pads
14:36:16: [INFO] Routing pad 'SW25:1' at (288316939, 133008125) with pad 'SW38:1' at (282244643, 153422711) using coordinate system rotated by 350.0 degree(s)
14:36:16: [INFO] Adding track segment (F.Cu): [(288316939, 133008125), (289970937, 142388418)]
14:36:16: [INFO] Adding track segment (F.Cu): [(289970937, 142388418), (282244643, 153422711)]
14:36:16: [INFO] Routing pad 'SW38:1' at (282244643, 153422711) with pad 'SW47:1' at (283207568, 172596799) using coordinate system rotated by 350.0 degree(s)
14:36:16: [INFO] Adding track segment (F.Cu): [(282244643, 153422711), (285139140, 169838226)]
14:36:16: [INFO] Adding track segment (F.Cu): [(285139140, 169838226), (283207568, 172596799)]
14:36:16: [INFO] Routing pad 'SW11:1' at (280318795, 115074536) with pad 'SW25:1' at (288316939, 133008125) using coordinate system rotated by 350.0 degree(s)
14:36:16: [INFO] Adding track segment (F.Cu): [(280318795, 115074536), (282799793, 129144977)]
14:36:16: [INFO] Adding track segment (F.Cu): [(282799793, 129144977), (288316939, 133008125)]
14:36:16: [INFO] Routing ROW0 pads
14:36:16: [INFO] Routing pad 'D1:1' at (77470000, 120652500) with pad 'D2:1' at (101282500, 120652500) using coordinate system rotated by 0 degree(s)
14:36:16: [INFO] Adding track segment (B.Cu): [(77470000, 120652500), (101282500, 120652500)]
14:36:16: [INFO] Routing pad 'D2:1' at (101282500, 120652500) with pad 'D3:1' at (120332500, 120652500) using coordinate system rotated by 0 degree(s)
14:36:16: [INFO] Adding track segment (B.Cu): [(101282500, 120652500), (120332500, 120652500)]
14:36:16: [WARNING] Could not route pads when parent footprints not rotated the same, footprint1: D3 at 90.0 degree(s) and footprint2: D4 at 80.0 degree(s)
14:36:16: [INFO] Routing pad 'D4:1' at (139897450, 121131343) with pad 'D5:1' at (158658037, 124439340) using coordinate system rotated by 280.0 degree(s)
14:36:16: [INFO] Adding track segment (B.Cu): [(139897450, 121131343), (158658035, 124439339)]
14:36:16: [INFO] Adding track segment (B.Cu): [(158658035, 124439339), (158658037, 124439340)]
14:36:16: [INFO] Routing pad 'D5:1' at (158658037, 124439340) with pad 'D6:1' at (177418625, 127747338) using coordinate system rotated by 280.0 degree(s)
14:36:16: [INFO] Adding track segment (B.Cu): [(158658037, 124439340), (177418624, 127747336)]
14:36:17: [INFO] Adding track segment (B.Cu): [(177418624, 127747336), (177418625, 127747338)]
14:36:17: [INFO] Routing pad 'D6:1' at (177418625, 127747338) with pad 'D7:1' at (196179213, 131055336) using coordinate system rotated by 280.0 degree(s)
14:36:17: [INFO] Adding track segment (B.Cu): [(177418625, 127747338), (196179212, 131055334)]
14:36:17: [INFO] Adding track segment (B.Cu): [(196179212, 131055334), (196179213, 131055336)]
14:36:17: [WARNING] Could not route pads when parent footprints not rotated the same, footprint1: D7 at 80.0 degree(s) and footprint2: D8 at 100.0 degree(s)
14:36:17: [INFO] Routing pad 'D8:1' at (234170739, 131274171) with pad 'D9:1' at (252931326, 127966173) using coordinate system rotated by 260.0 degree(s)
14:36:17: [INFO] Adding track segment (B.Cu): [(234170739, 131274171), (252931325, 127966172)]
14:36:17: [INFO] Adding track segment (B.Cu): [(252931325, 127966172), (252931326, 127966173)]
14:36:17: [INFO] Routing pad 'D9:1' at (252931326, 127966173) with pad 'D10:1' at (271691914, 124658175) using coordinate system rotated by 260.0 degree(s)
14:36:17: [INFO] Adding track segment (B.Cu): [(252931326, 127966173), (271691912, 124658175)]
14:36:17: [INFO] Adding track segment (B.Cu): [(271691912, 124658175), (271691914, 124658175)]
14:36:17: [INFO] Routing pad 'D10:1' at (271691914, 124658175) with pad 'D11:1' at (290452502, 121350177) using coordinate system rotated by 260.0 degree(s)
14:36:17: [INFO] Adding track segment (B.Cu): [(271691914, 124658175), (290452501, 121350176)]
14:36:17: [INFO] Adding track segment (B.Cu): [(290452501, 121350176), (290452502, 121350177)]
14:36:17: [WARNING] Could not route pads when parent footprints not rotated the same, footprint1: D11 at 100.0 degree(s) and footprint2: D12 at 90.0 degree(s)
14:36:17: [INFO] Routing pad 'D12:1' at (309880000, 119700000) with pad 'D13:1' at (328930000, 120652500) using coordinate system rotated by 0 degree(s)
14:36:17: [INFO] Adding track segment (B.Cu): [(309880000, 119700000), (327977500, 119700000)]
14:36:17: [INFO] Adding track segment (B.Cu): [(327977500, 119700000), (328930000, 120652500)]
14:36:17: [INFO] Routing pad 'D13:1' at (328930000, 120652500) with pad 'D14:1' at (347980000, 120652500) using coordinate system rotated by 0 degree(s)
14:36:17: [INFO] Adding track segment (B.Cu): [(328930000, 120652500), (347980000, 120652500)]
14:36:17: [INFO] Routing ROW3 pads
14:36:17: [INFO] Routing pad 'D42:1' at (99377500, 177802500) with pad 'D43:1' at (125571250, 177802500) using coordinate system rotated by 0 degree(s)
14:36:17: [INFO] Adding track segment (B.Cu): [(99377500, 177802500), (125571250, 177802500)]
14:36:17: [WARNING] Could not route pads when parent footprints not rotated the same, footprint1: D43 at 90.0 degree(s) and footprint2: D44 at 80.0 degree(s)
14:36:17: [INFO] Routing pad 'D44:1' at (153424191, 181548103) with pad 'D45:1' at (188600293, 187750599) using coordinate system rotated by 280.0 degree(s)
14:36:17: [INFO] Adding track segment (B.Cu): [(153424191, 181548103), (188600292, 187750598)]
14:36:17: [INFO] Adding track segment (B.Cu): [(188600292, 187750598), (188600293, 187750599)]
14:36:17: [WARNING] Could not route pads when parent footprints not rotated the same, footprint1: D45 at 80.0 degree(s) and footprint2: D46 at 100.0 degree(s)
14:36:17: [INFO] Routing pad 'D46:1' at (255820099, 185488435) with pad 'D47:1' at (293341275, 178872440) using coordinate system rotated by 260.0 degree(s)
14:36:17: [INFO] Adding track segment (B.Cu): [(255820099, 185488435), (293341273, 178872438)]
14:36:17: [INFO] Adding track segment (B.Cu): [(293341273, 178872438), (293341275, 178872440)]
14:36:17: [WARNING] Could not route pads when parent footprints not rotated the same, footprint1: D47 at 100.0 degree(s) and footprint2: D48 at 90.0 degree(s)
14:36:17: [INFO] Routing pad 'D48:1' at (318928750, 177802500) with pad 'D49:1' at (345122500, 177802500) using coordinate system rotated by 0 degree(s)
14:36:17: [INFO] Adding track segment (B.Cu): [(318928750, 177802500), (345122500, 177802500)]
14:36:17: [INFO] Routing COL7 pads
14:36:17: [INFO] Routing pad 'SW22:1' at (232035176, 142932118) with pad 'SW35:1' at (225962880, 163346704) using coordinate system rotated by 350.0 degree(s)
14:36:17: [INFO] Adding track segment (F.Cu): [(232035176, 142932118), (233689174, 152312410)]
14:36:17: [INFO] Adding track segment (F.Cu): [(233689174, 152312410), (225962880, 163346704)]
14:36:17: [INFO] Routing pad 'SW8:1' at (224037032, 124998530) with pad 'SW22:1' at (232035176, 142932118) using coordinate system rotated by 350.0 degree(s)
14:36:17: [INFO] Adding track segment (F.Cu): [(224037032, 124998530), (226518030, 139068970)]
14:36:17: [INFO] Adding track segment (F.Cu): [(226518030, 139068970), (232035176, 142932118)]
14:36:17: [INFO] Routing COL4 pads
14:36:17: [INFO] Routing pad 'SW5:1' at (151281863, 115076235) with pad 'SW19:1' at (152664012, 134663823) using coordinate system rotated by 10.0 degree(s)
14:36:17: [INFO] Adding track segment (F.Cu): [(151281863, 115076235), (148800864, 129146676)]
14:36:17: [INFO] Adding track segment (F.Cu): [(148800864, 129146676), (152664012, 134663823)]
14:36:17: [INFO] Routing pad 'SW19:1' at (152664012, 134663823) with pad 'SW32:1' at (158736309, 155078409) using coordinate system rotated by 10.0 degree(s)
14:36:17: [INFO] Adding track segment (F.Cu): [(152664012, 134663823), (151010013, 144044115)]
14:36:17: [INFO] Adding track segment (F.Cu): [(151010013, 144044115), (158736309, 155078409)]
14:36:17: [INFO] Routing COL2 pads
14:36:17: [INFO] Routing pad 'SW3:1' at (111442500, 112712500) with pad 'SW17:1' at (112395000, 131762500) using coordinate system rotated by 0 degree(s)
14:36:17: [INFO] Adding track segment (F.Cu): [(111442500, 112712500), (111442500, 130810000)]
14:36:17: [INFO] Adding track segment (F.Cu): [(111442500, 130810000), (112395000, 131762500)]
14:36:17: [INFO] Routing pad 'SW30:1' at (119062500, 150812500) with pad 'SW43:1' at (116681250, 169862500) using coordinate system rotated by 0 degree(s)
14:36:17: [INFO] Adding track segment (F.Cu): [(119062500, 150812500), (119062500, 167481250)]
14:36:17: [INFO] Adding track segment (F.Cu): [(119062500, 167481250), (116681250, 169862500)]
14:36:17: [INFO] Routing pad 'SW17:1' at (112395000, 131762500) with pad 'SW30:1' at (119062500, 150812500) using coordinate system rotated by 0 degree(s)
14:36:17: [INFO] Adding track segment (F.Cu): [(112395000, 131762500), (112395000, 144145000)]
14:36:17: [INFO] Adding track segment (F.Cu): [(112395000, 144145000), (119062500, 150812500)]
14:36:17: [INFO] Routing COL6 pads
14:36:17: [INFO] Routing pad 'SW7:1' at (188803039, 121692231) with pad 'SW21:1' at (190185188, 141279818) using coordinate system rotated by 10.0 degree(s)
14:36:17: [INFO] Adding track segment (F.Cu): [(188803039, 121692231), (186322040, 135762670)]
14:36:17: [INFO] Adding track segment (F.Cu): [(186322040, 135762670), (190185188, 141279818)]
14:36:17: [INFO] Routing pad 'SW21:1' at (190185188, 141279818) with pad 'SW34:1' at (196257484, 161694405) using coordinate system rotated by 10.0 degree(s)
14:36:17: [INFO] Adding track segment (F.Cu): [(190185188, 141279818), (188531188, 150660111)]
14:36:17: [INFO] Adding track segment (F.Cu): [(188531188, 150660111), (196257484, 161694405)]
14:36:17: [INFO] Routing COL12 pads
14:36:17: [INFO] Routing pad 'SW27:1' at (335756250, 131762500) with pad 'SW13:1' at (320040000, 112712500) using coordinate system rotated by 0 degree(s)
14:36:17: [INFO] Adding track segment (F.Cu): [(335756250, 131762500), (320040000, 116046250)]
14:36:17: [INFO] Adding track segment (F.Cu): [(320040000, 116046250), (320040000, 112712500)]
14:36:17: [INFO] Routing pad 'SW48:1' at (310038750, 169862500) with pad 'SW40:1' at (321945000, 150812500) using coordinate system rotated by 0 degree(s)
14:36:17: [INFO] Adding track segment (F.Cu): [(310038750, 169862500), (321945000, 157956250)]
14:36:17: [INFO] Adding track segment (F.Cu): [(321945000, 157956250), (321945000, 150812500)]
14:36:17: [INFO] Routing pad 'SW40:1' at (321945000, 150812500) with pad 'SW27:1' at (335756250, 131762500) using coordinate system rotated by 0 degree(s)
14:36:17: [INFO] Adding track segment (F.Cu): [(321945000, 150812500), (335756250, 137001250)]
14:36:17: [INFO] Adding track segment (F.Cu): [(335756250, 137001250), (335756250, 131762500)]
14:36:17: [INFO] Routing COL5 pads
14:36:17: [INFO] Routing pad 'SW6:1' at (170042451, 118384233) with pad 'SW20:1' at (171424600, 137971820) using coordinate system rotated by 10.0 degree(s)
14:36:17: [INFO] Adding track segment (F.Cu): [(170042451, 118384233), (167561452, 132454672)]
14:36:17: [INFO] Adding track segment (F.Cu): [(167561452, 132454672), (171424600, 137971820)]
14:36:17: [INFO] Routing pad 'SW20:1' at (171424600, 137971820) with pad 'SW33:1' at (177496896, 158386407) using coordinate system rotated by 10.0 degree(s)
14:36:17: [INFO] Adding track segment (F.Cu): [(171424600, 137971820), (169770600, 147352114)]
14:36:17: [INFO] Adding track segment (F.Cu): [(169770600, 147352114), (177496896, 158386407)]
14:36:17: [INFO] Routing pad 'SW33:1' at (177496896, 158386407) with pad 'SW45:1' at (181224119, 178387494) using coordinate system rotated by 10.0 degree(s)
14:36:17: [INFO] Adding track segment (F.Cu): [(177496896, 158386407), (175429397, 170111774)]
14:36:17: [INFO] Adding track segment (F.Cu): [(175429397, 170111774), (181224119, 178387494)]
14:36:17: [INFO] Routing COL0 pads
14:36:17: [INFO] Routing pad 'SW28:1' at (61912500, 150812500) with pad 'SW15:1' at (64770000, 131762500) using coordinate system rotated by 0 degree(s)
14:36:17: [INFO] Adding track segment (F.Cu): [(61912500, 150812500), (64770000, 147955000)]
14:36:17: [INFO] Adding track segment (F.Cu): [(64770000, 147955000), (64770000, 131762500)]
14:36:17: [INFO] Routing pad 'SW15:1' at (64770000, 131762500) with pad 'SW1:1' at (68580000, 112712500) using coordinate system rotated by 0 degree(s)
14:36:17: [INFO] Adding track segment (F.Cu): [(64770000, 131762500), (68580000, 127952500)]
14:36:17: [INFO] Adding track segment (F.Cu): [(68580000, 127952500), (68580000, 112712500)]
14:36:17: [INFO] Routing ROW1 pads
14:36:17: [INFO] Routing pad 'D15:1' at (73660000, 139702500) with pad 'D16:1' at (99853750, 139702500) using coordinate system rotated by 0 degree(s)
14:36:17: [INFO] Adding track segment (B.Cu): [(73660000, 139702500), (99853750, 139702500)]
14:36:17: [INFO] Routing pad 'D16:1' at (99853750, 139702500) with pad 'D17:1' at (121285000, 139702500) using coordinate system rotated by 0 degree(s)
14:36:17: [INFO] Adding track segment (B.Cu): [(99853750, 139702500), (121285000, 139702500)]
14:36:17: [WARNING] Could not route pads when parent footprints not rotated the same, footprint1: D17 at 90.0 degree(s) and footprint2: D18 at 80.0 degree(s)
14:36:17: [INFO] Routing pad 'D18:1' at (141279599, 140718930) with pad 'D19:1' at (160040186, 144026928) using coordinate system rotated by 280.0 degree(s)
14:36:17: [INFO] Adding track segment (B.Cu): [(141279599, 140718930), (160040185, 144026927)]
14:36:17: [INFO] Adding track segment (B.Cu): [(160040185, 144026927), (160040186, 144026928)]
14:36:17: [INFO] Routing pad 'D19:1' at (160040186, 144026928) with pad 'D20:1' at (178800774, 147334925) using coordinate system rotated by 280.0 degree(s)
14:36:17: [INFO] Adding track segment (B.Cu): [(160040186, 144026928), (178800772, 147334924)]
14:36:17: [INFO] Adding track segment (B.Cu): [(178800772, 147334924), (178800774, 147334925)]
14:36:17: [INFO] Routing pad 'D20:1' at (178800774, 147334925) with pad 'D21:1' at (197561362, 150642923) using coordinate system rotated by 280.0 degree(s)
14:36:17: [INFO] Adding track segment (B.Cu): [(178800774, 147334925), (197561361, 150642921)]
14:36:17: [INFO] Adding track segment (B.Cu): [(197561361, 150642921), (197561362, 150642923)]
14:36:17: [WARNING] Could not route pads when parent footprints not rotated the same, footprint1: D21 at 80.0 degree(s) and footprint2: D22 at 100.0 degree(s)
14:36:17: [INFO] Routing pad 'D22:1' at (242168883, 149207759) with pad 'D23:1' at (260929471, 145899761) using coordinate system rotated by 260.0 degree(s)
14:36:17: [INFO] Adding track segment (B.Cu): [(242168883, 149207759), (260929469, 145899761)]
14:36:17: [INFO] Adding track segment (B.Cu): [(260929469, 145899761), (260929471, 145899761)]
14:36:17: [INFO] Routing pad 'D23:1' at (260929471, 145899761) with pad 'D24:1' at (279690059, 142591763) using coordinate system rotated by 260.0 degree(s)
14:36:17: [INFO] Adding track segment (B.Cu): [(260929471, 145899761), (279690058, 142591762)]
14:36:17: [INFO] Adding track segment (B.Cu): [(279690058, 142591762), (279690059, 142591763)]
14:36:17: [INFO] Routing pad 'D24:1' at (279690059, 142591763) with pad 'D25:1' at (298450646, 139283766) using coordinate system rotated by 260.0 degree(s)
14:36:17: [INFO] Adding track segment (B.Cu): [(279690059, 142591763), (298450643, 139283764)]
14:36:17: [INFO] Adding track segment (B.Cu): [(298450643, 139283764), (298450646, 139283766)]
14:36:17: [WARNING] Could not route pads when parent footprints not rotated the same, footprint1: D25 at 100.0 degree(s) and footprint2: D26 at 90.0 degree(s)
14:36:17: [INFO] Routing pad 'D26:1' at (318452500, 139702500) with pad 'D27:1' at (344646250, 139702500) using coordinate system rotated by 0 degree(s)
14:36:17: [INFO] Adding track segment (B.Cu): [(318452500, 139702500), (344646250, 139702500)]
14:36:17: [INFO] Routing COL8 pads
14:36:17: [INFO] Routing pad 'SW23:1' at (250795764, 139624120) with pad 'SW36:1' at (244723468, 160038707) using coordinate system rotated by 350.0 degree(s)
14:36:17: [INFO] Adding track segment (F.Cu): [(250795764, 139624120), (252449762, 149004413)]
14:36:17: [INFO] Adding track segment (F.Cu): [(252449762, 149004413), (244723468, 160038707)]
14:36:17: [INFO] Routing pad 'SW36:1' at (244723468, 160038707) with pad 'SW46:1' at (245686392, 179212794) using coordinate system rotated by 350.0 degree(s)
14:36:17: [INFO] Adding track segment (F.Cu): [(244723468, 160038707), (247617965, 176454220)]
14:36:17: [INFO] Adding track segment (F.Cu): [(247617965, 176454220), (245686392, 179212794)]
14:36:17: [INFO] Routing pad 'SW9:1' at (242797619, 121690532) with pad 'SW23:1' at (250795764, 139624120) using coordinate system rotated by 350.0 degree(s)
14:36:17: [INFO] Adding track segment (F.Cu): [(242797619, 121690532), (245278616, 135760972)]
14:36:17: [INFO] Adding track segment (F.Cu): [(245278616, 135760972), (250795764, 139624120)]
14:36:17: [INFO] Routing COL11 pads
14:36:17: [INFO] Routing pad 'SW26:1' at (309562500, 131762500) with pad 'SW39:1' at (302895000, 150812500) using coordinate system rotated by 0 degree(s)
14:36:17: [INFO] Adding track segment (F.Cu): [(309562500, 131762500), (309562500, 144145000)]
14:36:17: [INFO] Adding track segment (F.Cu): [(309562500, 144145000), (302895000, 150812500)]
14:36:17: [INFO] Routing pad 'SW12:1' at (300990000, 111760000) with pad 'SW26:1' at (309562500, 131762500) using coordinate system rotated by 0 degree(s)
14:36:17: [INFO] Adding track segment (F.Cu): [(300990000, 111760000), (300990000, 123190000)]
14:36:17: [INFO] Adding track segment (F.Cu): [(300990000, 123190000), (309562500, 131762500)]
14:36:17: [INFO] Removing dangling tracks
