=== kbplacer.kle_serial ===
=== layout2image.py ===
=== kbplacer ===
13:30:17: [INFO] User layout: https://editor.keyboard-tools.xyz/#share=NrDeCIA9wLgAgIwIHQFYC+AaO4GdeNrgAybGE4KkLgC6mAUGOAJ6xwC0xaWOp5RahXCkATMNIBmCZgAsMgkTwDKmGksziN0jfPpNwossKPqcRrecw6r8okcU5Jxos7Phnlj9eHO7T-DpGYHBZFxww9zCvMJsIADt2ABcAJwBXAFNeULlhMMdwVHCE5PSsoiL3Iq8im0LcisD9EIA2cPA29zavNrq2-w7AogB2dtH3Ua9RutGB0YJm8AAOdpX3Fa8VupXZAB14-f3+CggAd3ZRbJXUQ4P446IATjVbo-bnr2e654HnheCINB4LIrnJXvc1MJruChE8yDDIXCEAiaM1AewwjhzvBLkRoXc3pYzhdss9iAjxLRaEA
13:30:17: [INFO] Labels prefixes: for rows: 'ROW', for columns: 'COL'
13:30:17: [INFO] Matrix size: 10x5
13:30:18: [INFO] Add COL0 net
13:30:18: [INFO] Add COL1 net
13:30:18: [INFO] Add COL2 net
13:30:18: [INFO] Add COL3 net
13:30:18: [INFO] Add COL4 net
13:30:18: [INFO] Add COL5 net
13:30:18: [INFO] Add Net-(D1-A) net
13:30:18: [INFO] Add Net-(D10-A) net
13:30:18: [INFO] Add Net-(D11-A) net
13:30:18: [INFO] Add Net-(D12-A) net
13:30:18: [INFO] Add Net-(D13-A) net
13:30:18: [INFO] Add Net-(D14-A) net
13:30:18: [INFO] Add Net-(D15-A) net
13:30:18: [INFO] Add Net-(D16-A) net
13:30:18: [INFO] Add Net-(D17-A) net
13:30:18: [INFO] Add Net-(D18-A) net
13:30:18: [INFO] Add Net-(D19-A) net
13:30:18: [INFO] Add Net-(D2-A) net
13:30:18: [INFO] Add Net-(D20-A) net
13:30:18: [INFO] Add Net-(D21-A) net
13:30:18: [INFO] Add Net-(D22-A) net
13:30:18: [INFO] Add Net-(D23-A) net
13:30:18: [INFO] Add Net-(D24-A) net
13:30:18: [INFO] Add Net-(D25-A) net
13:30:18: [INFO] Add Net-(D26-A) net
13:30:18: [INFO] Add Net-(D27-A) net
13:30:18: [INFO] Add Net-(D28-A) net
13:30:18: [INFO] Add Net-(D29-A) net
13:30:18: [INFO] Add Net-(D3-A) net
13:30:18: [INFO] Add Net-(D30-A) net
13:30:18: [INFO] Add Net-(D31-A) net
13:30:18: [INFO] Add Net-(D32-A) net
13:30:18: [INFO] Add Net-(D33-A) net
13:30:18: [INFO] Add Net-(D34-A) net
13:30:18: [INFO] Add Net-(D35-A) net
13:30:18: [INFO] Add Net-(D36-A) net
13:30:18: [INFO] Add Net-(D37-A) net
13:30:18: [INFO] Add Net-(D38-A) net
13:30:18: [INFO] Add Net-(D39-A) net
13:30:18: [INFO] Add Net-(D4-A) net
13:30:18: [INFO] Add Net-(D40-A) net
13:30:18: [INFO] Add Net-(D41-A) net
13:30:18: [INFO] Add Net-(D42-A) net
13:30:18: [INFO] Add Net-(D43-A) net
13:30:18: [INFO] Add Net-(D44-A) net
13:30:18: [INFO] Add Net-(D45-A) net
13:30:18: [INFO] Add Net-(D46-A) net
13:30:18: [INFO] Add Net-(D47-A) net
13:30:18: [INFO] Add Net-(D48-A) net
13:30:18: [INFO] Add Net-(D49-A) net
13:30:18: [INFO] Add Net-(D5-A) net
13:30:18: [INFO] Add Net-(D50-A) net
13:30:18: [INFO] Add Net-(D51-A) net
13:30:18: [INFO] Add Net-(D52-A) net
13:30:18: [INFO] Add Net-(D53-A) net
13:30:18: [INFO] Add Net-(D54-A) net
13:30:18: [INFO] Add Net-(D55-A) net
13:30:18: [INFO] Add Net-(D56-A) net
13:30:18: [INFO] Add Net-(D57-A) net
13:30:18: [INFO] Add Net-(D58-A) net
13:30:18: [INFO] Add Net-(D59-A) net
13:30:18: [INFO] Add Net-(D6-A) net
13:30:18: [INFO] Add Net-(D60-A) net
13:30:18: [INFO] Add Net-(D61-A) net
13:30:18: [INFO] Add Net-(D62-A) net
13:30:18: [INFO] Add Net-(D7-A) net
13:30:18: [INFO] Add Net-(D8-A) net
13:30:18: [INFO] Add Net-(D9-A) net
13:30:18: [INFO] Add ROW0 net
13:30:18: [INFO] Add ROW1 net
13:30:18: [INFO] Add ROW10 net
13:30:18: [INFO] Add ROW2 net
13:30:18: [INFO] Add ROW3 net
13:30:18: [INFO] Add ROW4 net
13:30:18: [INFO] Add ROW5 net
13:30:18: [INFO] Add ROW6 net
13:30:18: [INFO] Add ROW7 net
13:30:18: [INFO] Add ROW8 net
13:30:18: [INFO] Add ROW9 net
13:30:18: [INFO] Add SW1 footprint
13:30:18: [INFO] Add D1 footprint
13:30:18: [INFO] Add SW2 footprint
13:30:18: [INFO] Add D2 footprint
13:30:18: [INFO] Add SW3 footprint
13:30:18: [INFO] Add D3 footprint
13:30:18: [INFO] Add SW4 footprint
13:30:18: [INFO] Add D4 footprint
13:30:18: [INFO] Add SW5 footprint
13:30:18: [INFO] Add D5 footprint
13:30:18: [INFO] Add SW6 footprint
13:30:18: [INFO] Add D6 footprint
13:30:18: [INFO] Add SW7 footprint
13:30:18: [INFO] Add D7 footprint
13:30:18: [INFO] Add SW8 footprint
13:30:19: [INFO] Add D8 footprint
13:30:19: [INFO] Add SW9 footprint
13:30:19: [INFO] Add D9 footprint
13:30:19: [INFO] Add SW10 footprint
13:30:19: [INFO] Add D10 footprint
13:30:19: [INFO] Add SW11 footprint
13:30:19: [INFO] Add D11 footprint
13:30:19: [INFO] Add SW12 footprint
13:30:19: [INFO] Add D12 footprint
13:30:19: [INFO] Add SW13 footprint
13:30:19: [INFO] Add D13 footprint
13:30:19: [INFO] Add SW14 footprint
13:30:19: [INFO] Add D14 footprint
13:30:19: [INFO] Add SW15 footprint
13:30:19: [INFO] Add D15 footprint
13:30:19: [INFO] Add SW16 footprint
13:30:19: [INFO] Add D16 footprint
13:30:19: [INFO] Add SW17 footprint
13:30:19: [INFO] Add D17 footprint
13:30:19: [INFO] Add SW18 footprint
13:30:19: [INFO] Add D18 footprint
13:30:19: [INFO] Add SW19 footprint
13:30:19: [INFO] Add D19 footprint
13:30:19: [INFO] Add SW20 footprint
13:30:19: [INFO] Add D20 footprint
13:30:19: [INFO] Add SW21 footprint
13:30:19: [INFO] Add D21 footprint
13:30:19: [INFO] Add SW22 footprint
13:30:19: [INFO] Add D22 footprint
13:30:19: [INFO] Add SW23 footprint
13:30:19: [INFO] Add D23 footprint
13:30:19: [INFO] Add SW24 footprint
13:30:19: [INFO] Add D24 footprint
13:30:19: [INFO] Add SW25 footprint
13:30:19: [INFO] Add D25 footprint
13:30:20: [INFO] Add SW26 footprint
13:30:20: [INFO] Add D26 footprint
13:30:20: [INFO] Add SW27 footprint
13:30:20: [INFO] Add D27 footprint
13:30:20: [INFO] Add SW28 footprint
13:30:20: [INFO] Add D28 footprint
13:30:20: [INFO] Add SW29 footprint
13:30:20: [INFO] Add D29 footprint
13:30:20: [INFO] Add SW30 footprint
13:30:20: [INFO] Add D30 footprint
13:30:20: [INFO] Add SW31 footprint
13:30:20: [INFO] Add D31 footprint
13:30:20: [INFO] Add SW32 footprint
13:30:20: [INFO] Add D32 footprint
13:30:20: [INFO] Add SW33 footprint
13:30:20: [INFO] Add D33 footprint
13:30:20: [INFO] Add SW34 footprint
13:30:20: [INFO] Add D34 footprint
13:30:20: [INFO] Add SW35 footprint
13:30:20: [INFO] Add D35 footprint
13:30:20: [INFO] Add SW36 footprint
13:30:20: [INFO] Add D36 footprint
13:30:20: [INFO] Add SW37 footprint
13:30:20: [INFO] Add D37 footprint
13:30:20: [INFO] Add SW38 footprint
13:30:20: [INFO] Add D38 footprint
13:30:20: [INFO] Add SW39 footprint
13:30:20: [INFO] Add D39 footprint
13:30:20: [INFO] Add SW40 footprint
13:30:20: [INFO] Add D40 footprint
13:30:20: [INFO] Add SW41 footprint
13:30:20: [INFO] Add D41 footprint
13:30:20: [INFO] Add SW42 footprint
13:30:20: [INFO] Add D42 footprint
13:30:20: [INFO] Add SW43 footprint
13:30:21: [INFO] Add D43 footprint
13:30:21: [INFO] Add SW44 footprint
13:30:21: [INFO] Add D44 footprint
13:30:21: [INFO] Add SW45 footprint
13:30:21: [INFO] Add D45 footprint
13:30:21: [INFO] Add SW46 footprint
13:30:21: [INFO] Add D46 footprint
13:30:21: [INFO] Add SW47 footprint
13:30:21: [INFO] Add D47 footprint
13:30:21: [INFO] Add SW48 footprint
13:30:21: [INFO] Add D48 footprint
13:30:21: [INFO] Add SW49 footprint
13:30:21: [INFO] Add D49 footprint
13:30:21: [INFO] Add SW50 footprint
13:30:21: [INFO] Add D50 footprint
13:30:21: [INFO] Add SW51 footprint
13:30:21: [INFO] Add D51 footprint
13:30:21: [INFO] Add SW52 footprint
13:30:21: [INFO] Add D52 footprint
13:30:21: [INFO] Add SW53 footprint
13:30:21: [INFO] Add D53 footprint
13:30:21: [INFO] Add SW54 footprint
13:30:21: [INFO] Add D54 footprint
13:30:21: [INFO] Add ST54 footprint
13:30:21: [INFO] Add SW54a footprint
13:30:21: [INFO] Add SW54b footprint
13:30:21: [INFO] Add ST54b footprint
13:30:21: [INFO] Add SW55 footprint
13:30:21: [INFO] Add D55 footprint
13:30:21: [INFO] Add SW55a footprint
13:30:21: [INFO] Add ST55a footprint
13:30:21: [INFO] Add SW56 footprint
13:30:21: [INFO] Add D56 footprint
13:30:21: [INFO] Add SW57 footprint
13:30:21: [INFO] Add D57 footprint
13:30:21: [INFO] Add SW58 footprint
13:30:21: [INFO] Add D58 footprint
13:30:21: [INFO] Add SW59 footprint
13:30:21: [INFO] Add D59 footprint
13:30:22: [INFO] Add SW60 footprint
13:30:22: [INFO] Add D60 footprint
13:30:22: [INFO] Add SW61 footprint
13:30:22: [INFO] Add D61 footprint
13:30:22: [INFO] Add SW62 footprint
13:30:22: [INFO] Add D62 footprint
13:30:22: [INFO] Detected layout convertible to matrix annotated keyboard
13:30:22: [INFO] Using key 1U distance: (19.05, 19.05) mm
13:30:22: [INFO] Layout offset: (38100000, 28575000)
13:30:22: [INFO] Diode info: [ElementInfo(annotation_format='D{}', position_option=<PositionOption.CUSTOM: 'Custom'>, position=ElementPosition(x=5.08, y=4.0, orientation=90.0, side=<Side.BACK: 'Back'>), template_path='', start_index=-1)]
13:30:22: [INFO] Placing additional elements for SW62
13:30:22: [INFO] Placing additional elements for SW61
13:30:22: [INFO] Placing additional elements for SW60
13:30:22: [INFO] Placing additional elements for SW59
13:30:22: [INFO] Placing additional elements for SW58
13:30:22: [INFO] Placing additional elements for SW57
13:30:22: [INFO] Placing additional elements for SW56
13:30:22: [INFO] Placing additional elements for SW55a
13:30:22: [INFO] Placing additional elements for SW55
13:30:22: [INFO] Placing additional elements for SW54b
13:30:22: [INFO] Placing additional elements for SW54a
13:30:22: [INFO] Placing additional elements for SW54
13:30:22: [INFO] Placing additional elements for SW53
13:30:22: [INFO] Placing additional elements for SW52
13:30:22: [INFO] Placing additional elements for SW51
13:30:22: [INFO] Placing additional elements for SW50
13:30:22: [INFO] Placing additional elements for SW49
13:30:22: [INFO] Placing additional elements for SW48
13:30:22: [INFO] Placing additional elements for SW47
13:30:22: [INFO] Placing additional elements for SW46
13:30:22: [INFO] Placing additional elements for SW45
13:30:22: [INFO] Placing additional elements for SW44
13:30:22: [INFO] Placing additional elements for SW43
13:30:22: [INFO] Placing additional elements for SW42
13:30:22: [INFO] Placing additional elements for SW41
13:30:22: [INFO] Placing additional elements for SW40
13:30:22: [INFO] Placing additional elements for SW39
13:30:22: [INFO] Placing additional elements for SW38
13:30:22: [INFO] Placing additional elements for SW37
13:30:22: [INFO] Placing additional elements for SW36
13:30:22: [INFO] Placing additional elements for SW35
13:30:22: [INFO] Placing additional elements for SW34
13:30:22: [INFO] Placing additional elements for SW33
13:30:22: [INFO] Placing additional elements for SW32
13:30:22: [INFO] Placing additional elements for SW31
13:30:22: [INFO] Placing additional elements for SW30
13:30:22: [INFO] Placing additional elements for SW29
13:30:22: [INFO] Placing additional elements for SW28
13:30:22: [INFO] Placing additional elements for SW27
13:30:22: [INFO] Placing additional elements for SW26
13:30:22: [INFO] Placing additional elements for SW25
13:30:22: [INFO] Placing additional elements for SW24
13:30:22: [INFO] Placing additional elements for SW23
13:30:22: [INFO] Placing additional elements for SW22
13:30:22: [INFO] Placing additional elements for SW21
13:30:22: [INFO] Placing additional elements for SW20
13:30:22: [INFO] Placing additional elements for SW19
13:30:22: [INFO] Placing additional elements for SW18
13:30:22: [INFO] Placing additional elements for SW17
13:30:22: [INFO] Placing additional elements for SW16
13:30:22: [INFO] Placing additional elements for SW15
13:30:22: [INFO] Placing additional elements for SW14
13:30:22: [INFO] Placing additional elements for SW13
13:30:22: [INFO] Placing additional elements for SW12
13:30:22: [INFO] Placing additional elements for SW11
13:30:22: [INFO] Placing additional elements for SW10
13:30:22: [INFO] Placing additional elements for SW9
13:30:22: [INFO] Placing additional elements for SW8
13:30:22: [INFO] Placing additional elements for SW7
13:30:22: [INFO] Placing additional elements for SW6
13:30:22: [INFO] Placing additional elements for SW5
13:30:22: [INFO] Placing additional elements for SW4
13:30:22: [INFO] Placing additional elements for SW3
13:30:22: [INFO] Placing additional elements for SW2
13:30:22: [INFO] Placing additional elements for SW1
13:30:22: [INFO] Routing SW62 with D62
13:30:22: [INFO] Using internal autorouter method
13:30:22: [INFO] Routing pad 'SW62:2' at (307340000, 33020000) with pad 'D62:2' at (309880000, 40700000) using coordinate system rotated by 0 degree(s)
13:30:22: [INFO] Adding track segment (B.Cu): [(307340000, 33020000), (307340000, 38160000)]
13:30:22: [INFO] Adding track segment (B.Cu): [(307340000, 38160000), (309880000, 40700000)]
13:30:22: [INFO] Routing SW61 with D61
13:30:22: [INFO] Using internal autorouter method
13:30:22: [INFO] Routing pad 'SW61:2' at (288290000, 33020000) with pad 'D61:2' at (290830000, 40700000) using coordinate system rotated by 0 degree(s)
13:30:22: [INFO] Adding track segment (B.Cu): [(288290000, 33020000), (288290000, 38160000)]
13:30:22: [INFO] Adding track segment (B.Cu): [(288290000, 38160000), (290830000, 40700000)]
13:30:22: [INFO] Routing SW60 with D60
13:30:22: [INFO] Using internal autorouter method
13:30:22: [INFO] Routing pad 'SW60:2' at (259715000, 118745000) with pad 'D60:2' at (262255000, 126425000) using coordinate system rotated by 0 degree(s)
13:30:22: [INFO] Adding track segment (B.Cu): [(259715000, 118745000), (259715000, 123885000)]
13:30:22: [INFO] Adding track segment (B.Cu): [(259715000, 123885000), (262255000, 126425000)]
13:30:22: [INFO] Routing SW59 with D59
13:30:22: [INFO] Using internal autorouter method
13:30:22: [INFO] Routing pad 'SW59:2' at (240665000, 118745000) with pad 'D59:2' at (243205000, 126425000) using coordinate system rotated by 0 degree(s)
13:30:22: [INFO] Adding track segment (B.Cu): [(240665000, 118745000), (240665000, 123885000)]
13:30:22: [INFO] Adding track segment (B.Cu): [(240665000, 123885000), (243205000, 126425000)]
13:30:22: [INFO] Routing SW58 with D58
13:30:22: [INFO] Using internal autorouter method
13:30:22: [INFO] Routing pad 'SW58:2' at (221615000, 118745000) with pad 'D58:2' at (224155000, 126425000) using coordinate system rotated by 0 degree(s)
13:30:22: [INFO] Adding track segment (B.Cu): [(221615000, 118745000), (221615000, 123885000)]
13:30:22: [INFO] Adding track segment (B.Cu): [(221615000, 123885000), (224155000, 126425000)]
13:30:22: [INFO] Routing SW57 with D57
13:30:22: [INFO] Using internal autorouter method
13:30:22: [INFO] Routing pad 'SW57:2' at (202565000, 118745000) with pad 'D57:2' at (205105000, 126425000) using coordinate system rotated by 0 degree(s)
13:30:22: [INFO] Adding track segment (B.Cu): [(202565000, 118745000), (202565000, 123885000)]
13:30:22: [INFO] Adding track segment (B.Cu): [(202565000, 123885000), (205105000, 126425000)]
13:30:22: [INFO] Routing SW56 with D56
13:30:22: [INFO] Using internal autorouter method
13:30:22: [INFO] Routing pad 'SW56:2' at (183515000, 118745000) with pad 'D56:2' at (186055000, 126425000) using coordinate system rotated by 0 degree(s)
13:30:22: [INFO] Adding track segment (B.Cu): [(183515000, 118745000), (183515000, 123885000)]
13:30:22: [INFO] Adding track segment (B.Cu): [(183515000, 123885000), (186055000, 126425000)]
13:30:22: [INFO] Routing SW55a with D55
13:30:22: [INFO] Using internal autorouter method
13:30:22: [INFO] Routing pad 'SW55a:2' at (173990000, 118745000) with pad 'D55:2' at (167005000, 126425000) using coordinate system rotated by 0 degree(s)
13:30:22: [INFO] Routing SW55 with D55
13:30:22: [INFO] Using internal autorouter method
13:30:22: [INFO] Routing pad 'SW55:2' at (164465000, 118745000) with pad 'D55:2' at (167005000, 126425000) using coordinate system rotated by 0 degree(s)
13:30:22: [INFO] Adding track segment (B.Cu): [(164465000, 118745000), (164465000, 123885000)]
13:30:22: [INFO] Adding track segment (B.Cu): [(164465000, 123885000), (167005000, 126425000)]
13:30:22: [INFO] Routing SW54b with D54
13:30:22: [INFO] Using internal autorouter method
13:30:22: [INFO] Routing pad 'SW54b:2' at (135890000, 118745000) with pad 'D54:2' at (157480000, 126425000) using coordinate system rotated by 0 degree(s)
13:30:22: [INFO] Routing SW54a with D54
13:30:22: [INFO] Using internal autorouter method
13:30:22: [INFO] Routing pad 'SW54a:2' at (145415000, 118745000) with pad 'D54:2' at (157480000, 126425000) using coordinate system rotated by 0 degree(s)
13:30:22: [INFO] Routing SW54 with D54
13:30:22: [INFO] Using internal autorouter method
13:30:22: [INFO] Routing pad 'SW54:2' at (154940000, 118745000) with pad 'D54:2' at (157480000, 126425000) using coordinate system rotated by 0 degree(s)
13:30:22: [INFO] Adding track segment (B.Cu): [(154940000, 118745000), (154940000, 123885000)]
13:30:22: [INFO] Adding track segment (B.Cu): [(154940000, 123885000), (157480000, 126425000)]
13:30:22: [INFO] Routing SW53 with D53
13:30:22: [INFO] Using internal autorouter method
13:30:22: [INFO] Routing pad 'SW53:2' at (126365000, 118745000) with pad 'D53:2' at (128905000, 126425000) using coordinate system rotated by 0 degree(s)
13:30:22: [INFO] Adding track segment (B.Cu): [(126365000, 118745000), (126365000, 123885000)]
13:30:22: [INFO] Adding track segment (B.Cu): [(126365000, 123885000), (128905000, 126425000)]
13:30:22: [INFO] Routing SW52 with D52
13:30:22: [INFO] Using internal autorouter method
13:30:22: [INFO] Routing pad 'SW52:2' at (107315000, 118745000) with pad 'D52:2' at (109855000, 126425000) using coordinate system rotated by 0 degree(s)
13:30:22: [INFO] Adding track segment (B.Cu): [(107315000, 118745000), (107315000, 123885000)]
13:30:22: [INFO] Adding track segment (B.Cu): [(107315000, 123885000), (109855000, 126425000)]
13:30:22: [INFO] Routing SW51 with D51
13:30:22: [INFO] Using internal autorouter method
13:30:22: [INFO] Routing pad 'SW51:2' at (88265000, 118745000) with pad 'D51:2' at (90805000, 126425000) using coordinate system rotated by 0 degree(s)
13:30:22: [INFO] Adding track segment (B.Cu): [(88265000, 118745000), (88265000, 123885000)]
13:30:22: [INFO] Adding track segment (B.Cu): [(88265000, 123885000), (90805000, 126425000)]
13:30:22: [INFO] Routing SW50 with D50
13:30:22: [INFO] Using internal autorouter method
13:30:22: [INFO] Routing pad 'SW50:2' at (69215000, 118745000) with pad 'D50:2' at (71755000, 126425000) using coordinate system rotated by 0 degree(s)
13:30:22: [INFO] Adding track segment (B.Cu): [(69215000, 118745000), (69215000, 123885000)]
13:30:22: [INFO] Adding track segment (B.Cu): [(69215000, 123885000), (71755000, 126425000)]
13:30:22: [INFO] Routing SW49 with D49
13:30:22: [INFO] Using internal autorouter method
13:30:22: [INFO] Routing pad 'SW49:2' at (50165000, 118745000) with pad 'D49:2' at (52705000, 126425000) using coordinate system rotated by 0 degree(s)
13:30:22: [INFO] Adding track segment (B.Cu): [(50165000, 118745000), (50165000, 123885000)]
13:30:22: [INFO] Adding track segment (B.Cu): [(50165000, 123885000), (52705000, 126425000)]
13:30:22: [INFO] Routing SW48 with D48
13:30:22: [INFO] Using internal autorouter method
13:30:22: [INFO] Routing pad 'SW48:2' at (259715000, 99695000) with pad 'D48:2' at (262255000, 107375000) using coordinate system rotated by 0 degree(s)
13:30:22: [INFO] Adding track segment (B.Cu): [(259715000, 99695000), (259715000, 104835000)]
13:30:22: [INFO] Adding track segment (B.Cu): [(259715000, 104835000), (262255000, 107375000)]
13:30:22: [INFO] Routing SW47 with D47
13:30:22: [INFO] Using internal autorouter method
13:30:22: [INFO] Routing pad 'SW47:2' at (240665000, 99695000) with pad 'D47:2' at (243205000, 107375000) using coordinate system rotated by 0 degree(s)
13:30:22: [INFO] Adding track segment (B.Cu): [(240665000, 99695000), (240665000, 104835000)]
13:30:22: [INFO] Adding track segment (B.Cu): [(240665000, 104835000), (243205000, 107375000)]
13:30:22: [INFO] Routing SW46 with D46
13:30:22: [INFO] Using internal autorouter method
13:30:22: [INFO] Routing pad 'SW46:2' at (221615000, 99695000) with pad 'D46:2' at (224155000, 107375000) using coordinate system rotated by 0 degree(s)
13:30:22: [INFO] Adding track segment (B.Cu): [(221615000, 99695000), (221615000, 104835000)]
13:30:22: [INFO] Adding track segment (B.Cu): [(221615000, 104835000), (224155000, 107375000)]
13:30:22: [INFO] Routing SW45 with D45
13:30:22: [INFO] Using internal autorouter method
13:30:22: [INFO] Routing pad 'SW45:2' at (202565000, 99695000) with pad 'D45:2' at (205105000, 107375000) using coordinate system rotated by 0 degree(s)
13:30:22: [INFO] Adding track segment (B.Cu): [(202565000, 99695000), (202565000, 104835000)]
13:30:22: [INFO] Adding track segment (B.Cu): [(202565000, 104835000), (205105000, 107375000)]
13:30:22: [INFO] Routing SW44 with D44
13:30:22: [INFO] Using internal autorouter method
13:30:22: [INFO] Routing pad 'SW44:2' at (183515000, 99695000) with pad 'D44:2' at (186055000, 107375000) using coordinate system rotated by 0 degree(s)
13:30:22: [INFO] Adding track segment (B.Cu): [(183515000, 99695000), (183515000, 104835000)]
13:30:22: [INFO] Adding track segment (B.Cu): [(183515000, 104835000), (186055000, 107375000)]
13:30:22: [INFO] Routing SW43 with D43
13:30:22: [INFO] Using internal autorouter method
13:30:22: [INFO] Routing pad 'SW43:2' at (164465000, 99695000) with pad 'D43:2' at (167005000, 107375000) using coordinate system rotated by 0 degree(s)
13:30:22: [INFO] Adding track segment (B.Cu): [(164465000, 99695000), (164465000, 104835000)]
13:30:22: [INFO] Adding track segment (B.Cu): [(164465000, 104835000), (167005000, 107375000)]
13:30:22: [INFO] Routing SW42 with D42
13:30:22: [INFO] Using internal autorouter method
13:30:22: [INFO] Routing pad 'SW42:2' at (145415000, 99695000) with pad 'D42:2' at (147955000, 107375000) using coordinate system rotated by 0 degree(s)
13:30:22: [INFO] Adding track segment (B.Cu): [(145415000, 99695000), (145415000, 104835000)]
13:30:22: [INFO] Adding track segment (B.Cu): [(145415000, 104835000), (147955000, 107375000)]
13:30:22: [INFO] Routing SW41 with D41
13:30:22: [INFO] Using internal autorouter method
13:30:22: [INFO] Routing pad 'SW41:2' at (126365000, 99695000) with pad 'D41:2' at (128905000, 107375000) using coordinate system rotated by 0 degree(s)
13:30:22: [INFO] Adding track segment (B.Cu): [(126365000, 99695000), (126365000, 104835000)]
13:30:22: [INFO] Adding track segment (B.Cu): [(126365000, 104835000), (128905000, 107375000)]
13:30:22: [INFO] Routing SW40 with D40
13:30:22: [INFO] Using internal autorouter method
13:30:22: [INFO] Routing pad 'SW40:2' at (107315000, 99695000) with pad 'D40:2' at (109855000, 107375000) using coordinate system rotated by 0 degree(s)
13:30:22: [INFO] Adding track segment (B.Cu): [(107315000, 99695000), (107315000, 104835000)]
13:30:22: [INFO] Adding track segment (B.Cu): [(107315000, 104835000), (109855000, 107375000)]
13:30:22: [INFO] Routing SW39 with D39
13:30:22: [INFO] Using internal autorouter method
13:30:22: [INFO] Routing pad 'SW39:2' at (88265000, 99695000) with pad 'D39:2' at (90805000, 107375000) using coordinate system rotated by 0 degree(s)
13:30:22: [INFO] Adding track segment (B.Cu): [(88265000, 99695000), (88265000, 104835000)]
13:30:22: [INFO] Adding track segment (B.Cu): [(88265000, 104835000), (90805000, 107375000)]
13:30:22: [INFO] Routing SW38 with D38
13:30:22: [INFO] Using internal autorouter method
13:30:22: [INFO] Routing pad 'SW38:2' at (69215000, 99695000) with pad 'D38:2' at (71755000, 107375000) using coordinate system rotated by 0 degree(s)
13:30:22: [INFO] Adding track segment (B.Cu): [(69215000, 99695000), (69215000, 104835000)]
13:30:22: [INFO] Adding track segment (B.Cu): [(69215000, 104835000), (71755000, 107375000)]
13:30:22: [INFO] Routing SW37 with D37
13:30:22: [INFO] Using internal autorouter method
13:30:22: [INFO] Routing pad 'SW37:2' at (50165000, 99695000) with pad 'D37:2' at (52705000, 107375000) using coordinate system rotated by 0 degree(s)
13:30:22: [INFO] Adding track segment (B.Cu): [(50165000, 99695000), (50165000, 104835000)]
13:30:22: [INFO] Adding track segment (B.Cu): [(50165000, 104835000), (52705000, 107375000)]
13:30:22: [INFO] Routing SW36 with D36
13:30:22: [INFO] Using internal autorouter method
13:30:22: [INFO] Routing pad 'SW36:2' at (259715000, 80645000) with pad 'D36:2' at (262255000, 88325000) using coordinate system rotated by 0 degree(s)
13:30:22: [INFO] Adding track segment (B.Cu): [(259715000, 80645000), (259715000, 85785000)]
13:30:22: [INFO] Adding track segment (B.Cu): [(259715000, 85785000), (262255000, 88325000)]
13:30:22: [INFO] Routing SW35 with D35
13:30:22: [INFO] Using internal autorouter method
13:30:22: [INFO] Routing pad 'SW35:2' at (240665000, 80645000) with pad 'D35:2' at (243205000, 88325000) using coordinate system rotated by 0 degree(s)
13:30:22: [INFO] Adding track segment (B.Cu): [(240665000, 80645000), (240665000, 85785000)]
13:30:22: [INFO] Adding track segment (B.Cu): [(240665000, 85785000), (243205000, 88325000)]
13:30:22: [INFO] Routing SW34 with D34
13:30:22: [INFO] Using internal autorouter method
13:30:22: [INFO] Routing pad 'SW34:2' at (221615000, 80645000) with pad 'D34:2' at (224155000, 88325000) using coordinate system rotated by 0 degree(s)
13:30:22: [INFO] Adding track segment (B.Cu): [(221615000, 80645000), (221615000, 85785000)]
13:30:22: [INFO] Adding track segment (B.Cu): [(221615000, 85785000), (224155000, 88325000)]
13:30:22: [INFO] Routing SW33 with D33
13:30:22: [INFO] Using internal autorouter method
13:30:22: [INFO] Routing pad 'SW33:2' at (202565000, 80645000) with pad 'D33:2' at (205105000, 88325000) using coordinate system rotated by 0 degree(s)
13:30:22: [INFO] Adding track segment (B.Cu): [(202565000, 80645000), (202565000, 85785000)]
13:30:22: [INFO] Adding track segment (B.Cu): [(202565000, 85785000), (205105000, 88325000)]
13:30:22: [INFO] Routing SW32 with D32
13:30:22: [INFO] Using internal autorouter method
13:30:22: [INFO] Routing pad 'SW32:2' at (183515000, 80645000) with pad 'D32:2' at (186055000, 88325000) using coordinate system rotated by 0 degree(s)
13:30:22: [INFO] Adding track segment (B.Cu): [(183515000, 80645000), (183515000, 85785000)]
13:30:22: [INFO] Adding track segment (B.Cu): [(183515000, 85785000), (186055000, 88325000)]
13:30:22: [INFO] Routing SW31 with D31
13:30:22: [INFO] Using internal autorouter method
13:30:22: [INFO] Routing pad 'SW31:2' at (164465000, 80645000) with pad 'D31:2' at (167005000, 88325000) using coordinate system rotated by 0 degree(s)
13:30:22: [INFO] Adding track segment (B.Cu): [(164465000, 80645000), (164465000, 85785000)]
13:30:22: [INFO] Adding track segment (B.Cu): [(164465000, 85785000), (167005000, 88325000)]
13:30:22: [INFO] Routing SW30 with D30
13:30:22: [INFO] Using internal autorouter method
13:30:22: [INFO] Routing pad 'SW30:2' at (145415000, 80645000) with pad 'D30:2' at (147955000, 88325000) using coordinate system rotated by 0 degree(s)
13:30:22: [INFO] Adding track segment (B.Cu): [(145415000, 80645000), (145415000, 85785000)]
13:30:22: [INFO] Adding track segment (B.Cu): [(145415000, 85785000), (147955000, 88325000)]
13:30:22: [INFO] Routing SW29 with D29
13:30:22: [INFO] Using internal autorouter method
13:30:22: [INFO] Routing pad 'SW29:2' at (126365000, 80645000) with pad 'D29:2' at (128905000, 88325000) using coordinate system rotated by 0 degree(s)
13:30:22: [INFO] Adding track segment (B.Cu): [(126365000, 80645000), (126365000, 85785000)]
13:30:22: [INFO] Adding track segment (B.Cu): [(126365000, 85785000), (128905000, 88325000)]
13:30:22: [INFO] Routing SW28 with D28
13:30:22: [INFO] Using internal autorouter method
13:30:22: [INFO] Routing pad 'SW28:2' at (107315000, 80645000) with pad 'D28:2' at (109855000, 88325000) using coordinate system rotated by 0 degree(s)
13:30:22: [INFO] Adding track segment (B.Cu): [(107315000, 80645000), (107315000, 85785000)]
13:30:22: [INFO] Adding track segment (B.Cu): [(107315000, 85785000), (109855000, 88325000)]
13:30:22: [INFO] Routing SW27 with D27
13:30:22: [INFO] Using internal autorouter method
13:30:22: [INFO] Routing pad 'SW27:2' at (88265000, 80645000) with pad 'D27:2' at (90805000, 88325000) using coordinate system rotated by 0 degree(s)
13:30:22: [INFO] Adding track segment (B.Cu): [(88265000, 80645000), (88265000, 85785000)]
13:30:22: [INFO] Adding track segment (B.Cu): [(88265000, 85785000), (90805000, 88325000)]
13:30:22: [INFO] Routing SW26 with D26
13:30:22: [INFO] Using internal autorouter method
13:30:22: [INFO] Routing pad 'SW26:2' at (69215000, 80645000) with pad 'D26:2' at (71755000, 88325000) using coordinate system rotated by 0 degree(s)
13:30:22: [INFO] Adding track segment (B.Cu): [(69215000, 80645000), (69215000, 85785000)]
13:30:22: [INFO] Adding track segment (B.Cu): [(69215000, 85785000), (71755000, 88325000)]
13:30:22: [INFO] Routing SW25 with D25
13:30:22: [INFO] Using internal autorouter method
13:30:22: [INFO] Routing pad 'SW25:2' at (50165000, 80645000) with pad 'D25:2' at (52705000, 88325000) using coordinate system rotated by 0 degree(s)
13:30:22: [INFO] Adding track segment (B.Cu): [(50165000, 80645000), (50165000, 85785000)]
13:30:22: [INFO] Adding track segment (B.Cu): [(50165000, 85785000), (52705000, 88325000)]
13:30:22: [INFO] Routing SW24 with D24
13:30:22: [INFO] Using internal autorouter method
13:30:22: [INFO] Routing pad 'SW24:2' at (259715000, 61595000) with pad 'D24:2' at (262255000, 69275000) using coordinate system rotated by 0 degree(s)
13:30:22: [INFO] Adding track segment (B.Cu): [(259715000, 61595000), (259715000, 66735000)]
13:30:22: [INFO] Adding track segment (B.Cu): [(259715000, 66735000), (262255000, 69275000)]
13:30:22: [INFO] Routing SW23 with D23
13:30:22: [INFO] Using internal autorouter method
13:30:22: [INFO] Routing pad 'SW23:2' at (240665000, 61595000) with pad 'D23:2' at (243205000, 69275000) using coordinate system rotated by 0 degree(s)
13:30:22: [INFO] Adding track segment (B.Cu): [(240665000, 61595000), (240665000, 66735000)]
13:30:22: [INFO] Adding track segment (B.Cu): [(240665000, 66735000), (243205000, 69275000)]
13:30:22: [INFO] Routing SW22 with D22
13:30:22: [INFO] Using internal autorouter method
13:30:22: [INFO] Routing pad 'SW22:2' at (221615000, 61595000) with pad 'D22:2' at (224155000, 69275000) using coordinate system rotated by 0 degree(s)
13:30:22: [INFO] Adding track segment (B.Cu): [(221615000, 61595000), (221615000, 66735000)]
13:30:22: [INFO] Adding track segment (B.Cu): [(221615000, 66735000), (224155000, 69275000)]
13:30:22: [INFO] Routing SW21 with D21
13:30:22: [INFO] Using internal autorouter method
13:30:22: [INFO] Routing pad 'SW21:2' at (202565000, 61595000) with pad 'D21:2' at (205105000, 69275000) using coordinate system rotated by 0 degree(s)
13:30:22: [INFO] Adding track segment (B.Cu): [(202565000, 61595000), (202565000, 66735000)]
13:30:22: [INFO] Adding track segment (B.Cu): [(202565000, 66735000), (205105000, 69275000)]
13:30:22: [INFO] Routing SW20 with D20
13:30:22: [INFO] Using internal autorouter method
13:30:22: [INFO] Routing pad 'SW20:2' at (183515000, 61595000) with pad 'D20:2' at (186055000, 69275000) using coordinate system rotated by 0 degree(s)
13:30:22: [INFO] Adding track segment (B.Cu): [(183515000, 61595000), (183515000, 66735000)]
13:30:22: [INFO] Adding track segment (B.Cu): [(183515000, 66735000), (186055000, 69275000)]
13:30:22: [INFO] Routing SW19 with D19
13:30:22: [INFO] Using internal autorouter method
13:30:22: [INFO] Routing pad 'SW19:2' at (164465000, 61595000) with pad 'D19:2' at (167005000, 69275000) using coordinate system rotated by 0 degree(s)
13:30:22: [INFO] Adding track segment (B.Cu): [(164465000, 61595000), (164465000, 66735000)]
13:30:22: [INFO] Adding track segment (B.Cu): [(164465000, 66735000), (167005000, 69275000)]
13:30:22: [INFO] Routing SW18 with D18
13:30:22: [INFO] Using internal autorouter method
13:30:22: [INFO] Routing pad 'SW18:2' at (145415000, 61595000) with pad 'D18:2' at (147955000, 69275000) using coordinate system rotated by 0 degree(s)
13:30:23: [INFO] Adding track segment (B.Cu): [(145415000, 61595000), (145415000, 66735000)]
13:30:23: [INFO] Adding track segment (B.Cu): [(145415000, 66735000), (147955000, 69275000)]
13:30:23: [INFO] Routing SW17 with D17
13:30:23: [INFO] Using internal autorouter method
13:30:23: [INFO] Routing pad 'SW17:2' at (126365000, 61595000) with pad 'D17:2' at (128905000, 69275000) using coordinate system rotated by 0 degree(s)
13:30:23: [INFO] Adding track segment (B.Cu): [(126365000, 61595000), (126365000, 66735000)]
13:30:23: [INFO] Adding track segment (B.Cu): [(126365000, 66735000), (128905000, 69275000)]
13:30:23: [INFO] Routing SW16 with D16
13:30:23: [INFO] Using internal autorouter method
13:30:23: [INFO] Routing pad 'SW16:2' at (107315000, 61595000) with pad 'D16:2' at (109855000, 69275000) using coordinate system rotated by 0 degree(s)
13:30:23: [INFO] Adding track segment (B.Cu): [(107315000, 61595000), (107315000, 66735000)]
13:30:23: [INFO] Adding track segment (B.Cu): [(107315000, 66735000), (109855000, 69275000)]
13:30:23: [INFO] Routing SW15 with D15
13:30:23: [INFO] Using internal autorouter method
13:30:23: [INFO] Routing pad 'SW15:2' at (88265000, 61595000) with pad 'D15:2' at (90805000, 69275000) using coordinate system rotated by 0 degree(s)
13:30:23: [INFO] Adding track segment (B.Cu): [(88265000, 61595000), (88265000, 66735000)]
13:30:23: [INFO] Adding track segment (B.Cu): [(88265000, 66735000), (90805000, 69275000)]
13:30:23: [INFO] Routing SW14 with D14
13:30:23: [INFO] Using internal autorouter method
13:30:23: [INFO] Routing pad 'SW14:2' at (69215000, 61595000) with pad 'D14:2' at (71755000, 69275000) using coordinate system rotated by 0 degree(s)
13:30:23: [INFO] Adding track segment (B.Cu): [(69215000, 61595000), (69215000, 66735000)]
13:30:23: [INFO] Adding track segment (B.Cu): [(69215000, 66735000), (71755000, 69275000)]
13:30:23: [INFO] Routing SW13 with D13
13:30:23: [INFO] Using internal autorouter method
13:30:23: [INFO] Routing pad 'SW13:2' at (50165000, 61595000) with pad 'D13:2' at (52705000, 69275000) using coordinate system rotated by 0 degree(s)
13:30:23: [INFO] Adding track segment (B.Cu): [(50165000, 61595000), (50165000, 66735000)]
13:30:23: [INFO] Adding track segment (B.Cu): [(50165000, 66735000), (52705000, 69275000)]
13:30:23: [INFO] Routing SW12 with D12
13:30:23: [INFO] Using internal autorouter method
13:30:23: [INFO] Routing pad 'SW12:2' at (269240000, 33020000) with pad 'D12:2' at (271780000, 40700000) using coordinate system rotated by 0 degree(s)
13:30:23: [INFO] Adding track segment (B.Cu): [(269240000, 33020000), (269240000, 38160000)]
13:30:23: [INFO] Adding track segment (B.Cu): [(269240000, 38160000), (271780000, 40700000)]
13:30:23: [INFO] Routing SW11 with D11
13:30:23: [INFO] Using internal autorouter method
13:30:23: [INFO] Routing pad 'SW11:2' at (240665000, 42545000) with pad 'D11:2' at (243205000, 50225000) using coordinate system rotated by 0 degree(s)
13:30:23: [INFO] Adding track segment (B.Cu): [(240665000, 42545000), (240665000, 47685000)]
13:30:23: [INFO] Adding track segment (B.Cu): [(240665000, 47685000), (243205000, 50225000)]
13:30:23: [INFO] Routing SW10 with D10
13:30:23: [INFO] Using internal autorouter method
13:30:23: [INFO] Routing pad 'SW10:2' at (221615000, 42545000) with pad 'D10:2' at (224155000, 50225000) using coordinate system rotated by 0 degree(s)
13:30:23: [INFO] Adding track segment (B.Cu): [(221615000, 42545000), (221615000, 47685000)]
13:30:23: [INFO] Adding track segment (B.Cu): [(221615000, 47685000), (224155000, 50225000)]
13:30:23: [INFO] Routing SW9 with D9
13:30:23: [INFO] Using internal autorouter method
13:30:23: [INFO] Routing pad 'SW9:2' at (202565000, 42545000) with pad 'D9:2' at (205105000, 50225000) using coordinate system rotated by 0 degree(s)
13:30:23: [INFO] Adding track segment (B.Cu): [(202565000, 42545000), (202565000, 47685000)]
13:30:23: [INFO] Adding track segment (B.Cu): [(202565000, 47685000), (205105000, 50225000)]
13:30:23: [INFO] Routing SW8 with D8
13:30:23: [INFO] Using internal autorouter method
13:30:23: [INFO] Routing pad 'SW8:2' at (183515000, 42545000) with pad 'D8:2' at (186055000, 50225000) using coordinate system rotated by 0 degree(s)
13:30:23: [INFO] Adding track segment (B.Cu): [(183515000, 42545000), (183515000, 47685000)]
13:30:23: [INFO] Adding track segment (B.Cu): [(183515000, 47685000), (186055000, 50225000)]
13:30:23: [INFO] Routing SW7 with D7
13:30:23: [INFO] Using internal autorouter method
13:30:23: [INFO] Routing pad 'SW7:2' at (164465000, 42545000) with pad 'D7:2' at (167005000, 50225000) using coordinate system rotated by 0 degree(s)
13:30:23: [INFO] Adding track segment (B.Cu): [(164465000, 42545000), (164465000, 47685000)]
13:30:23: [INFO] Adding track segment (B.Cu): [(164465000, 47685000), (167005000, 50225000)]
13:30:23: [INFO] Routing SW6 with D6
13:30:23: [INFO] Using internal autorouter method
13:30:23: [INFO] Routing pad 'SW6:2' at (145415000, 42545000) with pad 'D6:2' at (147955000, 50225000) using coordinate system rotated by 0 degree(s)
13:30:23: [INFO] Adding track segment (B.Cu): [(145415000, 42545000), (145415000, 47685000)]
13:30:23: [INFO] Adding track segment (B.Cu): [(145415000, 47685000), (147955000, 50225000)]
13:30:23: [INFO] Routing SW5 with D5
13:30:23: [INFO] Using internal autorouter method
13:30:23: [INFO] Routing pad 'SW5:2' at (126365000, 42545000) with pad 'D5:2' at (128905000, 50225000) using coordinate system rotated by 0 degree(s)
13:30:23: [INFO] Adding track segment (B.Cu): [(126365000, 42545000), (126365000, 47685000)]
13:30:23: [INFO] Adding track segment (B.Cu): [(126365000, 47685000), (128905000, 50225000)]
13:30:23: [INFO] Routing SW4 with D4
13:30:23: [INFO] Using internal autorouter method
13:30:23: [INFO] Routing pad 'SW4:2' at (107315000, 42545000) with pad 'D4:2' at (109855000, 50225000) using coordinate system rotated by 0 degree(s)
13:30:23: [INFO] Adding track segment (B.Cu): [(107315000, 42545000), (107315000, 47685000)]
13:30:23: [INFO] Adding track segment (B.Cu): [(107315000, 47685000), (109855000, 50225000)]
13:30:23: [INFO] Routing SW3 with D3
13:30:23: [INFO] Using internal autorouter method
13:30:23: [INFO] Routing pad 'SW3:2' at (88265000, 42545000) with pad 'D3:2' at (90805000, 50225000) using coordinate system rotated by 0 degree(s)
13:30:23: [INFO] Adding track segment (B.Cu): [(88265000, 42545000), (88265000, 47685000)]
13:30:23: [INFO] Adding track segment (B.Cu): [(88265000, 47685000), (90805000, 50225000)]
13:30:23: [INFO] Routing SW2 with D2
13:30:23: [INFO] Using internal autorouter method
13:30:23: [INFO] Routing pad 'SW2:2' at (69215000, 42545000) with pad 'D2:2' at (71755000, 50225000) using coordinate system rotated by 0 degree(s)
13:30:23: [INFO] Adding track segment (B.Cu): [(69215000, 42545000), (69215000, 47685000)]
13:30:23: [INFO] Adding track segment (B.Cu): [(69215000, 47685000), (71755000, 50225000)]
13:30:23: [INFO] Routing SW1 with D1
13:30:23: [INFO] Using internal autorouter method
13:30:23: [INFO] Routing pad 'SW1:2' at (50165000, 42545000) with pad 'D1:2' at (52705000, 50225000) using coordinate system rotated by 0 degree(s)
13:30:23: [INFO] Adding track segment (B.Cu): [(50165000, 42545000), (50165000, 47685000)]
13:30:23: [INFO] Adding track segment (B.Cu): [(50165000, 47685000), (52705000, 50225000)]
13:30:23: [INFO] Routing ROW9 pads
13:30:23: [INFO] Routing pad 'D55:1' at (167005000, 129225000) with pad 'D56:1' at (186055000, 129225000) using coordinate system rotated by 0 degree(s)
13:30:23: [INFO] Adding track segment (B.Cu): [(167005000, 129225000), (186055000, 129225000)]
13:30:23: [INFO] Routing pad 'D56:1' at (186055000, 129225000) with pad 'D57:1' at (205105000, 129225000) using coordinate system rotated by 0 degree(s)
13:30:23: [INFO] Adding track segment (B.Cu): [(186055000, 129225000), (205105000, 129225000)]
13:30:23: [INFO] Routing pad 'D57:1' at (205105000, 129225000) with pad 'D58:1' at (224155000, 129225000) using coordinate system rotated by 0 degree(s)
13:30:23: [INFO] Adding track segment (B.Cu): [(205105000, 129225000), (224155000, 129225000)]
13:30:23: [INFO] Routing pad 'D58:1' at (224155000, 129225000) with pad 'D59:1' at (243205000, 129225000) using coordinate system rotated by 0 degree(s)
13:30:23: [INFO] Adding track segment (B.Cu): [(224155000, 129225000), (243205000, 129225000)]
13:30:23: [INFO] Routing pad 'D59:1' at (243205000, 129225000) with pad 'D60:1' at (262255000, 129225000) using coordinate system rotated by 0 degree(s)
13:30:23: [INFO] Adding track segment (B.Cu): [(243205000, 129225000), (262255000, 129225000)]
13:30:23: [INFO] Routing COL4 pads
13:30:23: [INFO] Routing pad 'SW5:1' at (120015000, 45085000) with pad 'SW17:1' at (120015000, 64135000) using coordinate system rotated by 0 degree(s)
13:30:23: [INFO] Adding track segment (F.Cu): [(120015000, 45085000), (120015000, 64135000)]
13:30:23: [INFO] Routing pad 'SW17:1' at (120015000, 64135000) with pad 'SW29:1' at (120015000, 83185000) using coordinate system rotated by 0 degree(s)
13:30:23: [INFO] Adding track segment (F.Cu): [(120015000, 64135000), (120015000, 83185000)]
13:30:23: [INFO] Routing pad 'SW29:1' at (120015000, 83185000) with pad 'SW41:1' at (120015000, 102235000) using coordinate system rotated by 0 degree(s)
13:30:23: [INFO] Adding track segment (F.Cu): [(120015000, 83185000), (120015000, 102235000)]
13:30:23: [INFO] Routing pad 'SW41:1' at (120015000, 102235000) with pad 'SW53:1' at (120015000, 121285000) using coordinate system rotated by 0 degree(s)
13:30:23: [INFO] Adding track segment (F.Cu): [(120015000, 102235000), (120015000, 121285000)]
13:30:23: [INFO] Could not add track segment due to detected collision
13:30:23: [INFO] Routing pad 'SW5:1' at (120015000, 45085000) with pad 'SW11:1' at (234315000, 45085000) using coordinate system rotated by 0 degree(s)
13:30:23: [INFO] Adding track segment (F.Cu): [(120015000, 45085000), (234315000, 45085000)]
13:30:23: [INFO] Could not add track segment due to detected collision
13:30:23: [INFO] Routing pad 'SW11:1' at (234315000, 45085000) with pad 'SW23:1' at (234315000, 64135000) using coordinate system rotated by 0 degree(s)
13:30:23: [INFO] Adding track segment (F.Cu): [(234315000, 45085000), (234315000, 64135000)]
13:30:23: [INFO] Routing pad 'SW23:1' at (234315000, 64135000) with pad 'SW35:1' at (234315000, 83185000) using coordinate system rotated by 0 degree(s)
13:30:23: [INFO] Adding track segment (F.Cu): [(234315000, 64135000), (234315000, 83185000)]
13:30:23: [INFO] Routing pad 'SW35:1' at (234315000, 83185000) with pad 'SW47:1' at (234315000, 102235000) using coordinate system rotated by 0 degree(s)
13:30:23: [INFO] Adding track segment (F.Cu): [(234315000, 83185000), (234315000, 102235000)]
13:30:23: [INFO] Routing pad 'SW47:1' at (234315000, 102235000) with pad 'SW59:1' at (234315000, 121285000) using coordinate system rotated by 0 degree(s)
13:30:23: [INFO] Adding track segment (F.Cu): [(234315000, 102235000), (234315000, 121285000)]
13:30:23: [INFO] Routing ROW7 pads
13:30:23: [INFO] Routing pad 'D43:1' at (167005000, 110175000) with pad 'D44:1' at (186055000, 110175000) using coordinate system rotated by 0 degree(s)
13:30:23: [INFO] Adding track segment (B.Cu): [(167005000, 110175000), (186055000, 110175000)]
13:30:23: [INFO] Routing pad 'D44:1' at (186055000, 110175000) with pad 'D45:1' at (205105000, 110175000) using coordinate system rotated by 0 degree(s)
13:30:23: [INFO] Adding track segment (B.Cu): [(186055000, 110175000), (205105000, 110175000)]
13:30:23: [INFO] Routing pad 'D45:1' at (205105000, 110175000) with pad 'D46:1' at (224155000, 110175000) using coordinate system rotated by 0 degree(s)
13:30:23: [INFO] Adding track segment (B.Cu): [(205105000, 110175000), (224155000, 110175000)]
13:30:23: [INFO] Routing pad 'D46:1' at (224155000, 110175000) with pad 'D47:1' at (243205000, 110175000) using coordinate system rotated by 0 degree(s)
13:30:23: [INFO] Adding track segment (B.Cu): [(224155000, 110175000), (243205000, 110175000)]
13:30:23: [INFO] Routing pad 'D47:1' at (243205000, 110175000) with pad 'D48:1' at (262255000, 110175000) using coordinate system rotated by 0 degree(s)
13:30:23: [INFO] Adding track segment (B.Cu): [(243205000, 110175000), (262255000, 110175000)]
13:30:23: [INFO] Routing ROW10 pads
13:30:23: [INFO] Routing pad 'D61:1' at (290830000, 43500000) with pad 'D62:1' at (309880000, 43500000) using coordinate system rotated by 0 degree(s)
13:30:23: [INFO] Adding track segment (B.Cu): [(290830000, 43500000), (309880000, 43500000)]
13:30:23: [INFO] Routing ROW4 pads
13:30:23: [INFO] Routing pad 'D25:1' at (52705000, 91125000) with pad 'D26:1' at (71755000, 91125000) using coordinate system rotated by 0 degree(s)
13:30:23: [INFO] Adding track segment (B.Cu): [(52705000, 91125000), (71755000, 91125000)]
13:30:23: [INFO] Routing pad 'D26:1' at (71755000, 91125000) with pad 'D27:1' at (90805000, 91125000) using coordinate system rotated by 0 degree(s)
13:30:23: [INFO] Adding track segment (B.Cu): [(71755000, 91125000), (90805000, 91125000)]
13:30:23: [INFO] Routing pad 'D27:1' at (90805000, 91125000) with pad 'D28:1' at (109855000, 91125000) using coordinate system rotated by 0 degree(s)
13:30:23: [INFO] Adding track segment (B.Cu): [(90805000, 91125000), (109855000, 91125000)]
13:30:23: [INFO] Routing pad 'D28:1' at (109855000, 91125000) with pad 'D29:1' at (128905000, 91125000) using coordinate system rotated by 0 degree(s)
13:30:23: [INFO] Adding track segment (B.Cu): [(109855000, 91125000), (128905000, 91125000)]
13:30:23: [INFO] Routing pad 'D29:1' at (128905000, 91125000) with pad 'D30:1' at (147955000, 91125000) using coordinate system rotated by 0 degree(s)
13:30:23: [INFO] Adding track segment (B.Cu): [(128905000, 91125000), (147955000, 91125000)]
13:30:23: [INFO] Routing ROW8 pads
13:30:23: [INFO] Routing pad 'D49:1' at (52705000, 129225000) with pad 'D50:1' at (71755000, 129225000) using coordinate system rotated by 0 degree(s)
13:30:23: [INFO] Adding track segment (B.Cu): [(52705000, 129225000), (71755000, 129225000)]
13:30:23: [INFO] Routing pad 'D50:1' at (71755000, 129225000) with pad 'D51:1' at (90805000, 129225000) using coordinate system rotated by 0 degree(s)
13:30:23: [INFO] Adding track segment (B.Cu): [(71755000, 129225000), (90805000, 129225000)]
13:30:23: [INFO] Routing pad 'D51:1' at (90805000, 129225000) with pad 'D52:1' at (109855000, 129225000) using coordinate system rotated by 0 degree(s)
13:30:23: [INFO] Adding track segment (B.Cu): [(90805000, 129225000), (109855000, 129225000)]
13:30:23: [INFO] Routing pad 'D52:1' at (109855000, 129225000) with pad 'D53:1' at (128905000, 129225000) using coordinate system rotated by 0 degree(s)
13:30:23: [INFO] Adding track segment (B.Cu): [(109855000, 129225000), (128905000, 129225000)]
13:30:23: [INFO] Routing pad 'D53:1' at (128905000, 129225000) with pad 'D54:1' at (157480000, 129225000) using coordinate system rotated by 0 degree(s)
13:30:23: [INFO] Adding track segment (B.Cu): [(128905000, 129225000), (157480000, 129225000)]
13:30:23: [INFO] Routing COL2 pads
13:30:23: [INFO] Routing pad 'SW3:1' at (81915000, 45085000) with pad 'SW15:1' at (81915000, 64135000) using coordinate system rotated by 0 degree(s)
13:30:23: [INFO] Adding track segment (F.Cu): [(81915000, 45085000), (81915000, 64135000)]
13:30:23: [INFO] Routing pad 'SW15:1' at (81915000, 64135000) with pad 'SW27:1' at (81915000, 83185000) using coordinate system rotated by 0 degree(s)
13:30:23: [INFO] Adding track segment (F.Cu): [(81915000, 64135000), (81915000, 83185000)]
13:30:23: [INFO] Routing pad 'SW27:1' at (81915000, 83185000) with pad 'SW39:1' at (81915000, 102235000) using coordinate system rotated by 0 degree(s)
13:30:23: [INFO] Adding track segment (F.Cu): [(81915000, 83185000), (81915000, 102235000)]
13:30:23: [INFO] Routing pad 'SW39:1' at (81915000, 102235000) with pad 'SW51:1' at (81915000, 121285000) using coordinate system rotated by 0 degree(s)
13:30:23: [INFO] Adding track segment (F.Cu): [(81915000, 102235000), (81915000, 121285000)]
13:30:23: [INFO] Routing pad 'SW3:1' at (81915000, 45085000) with pad 'SW9:1' at (196215000, 45085000) using coordinate system rotated by 0 degree(s)
13:30:23: [INFO] Adding track segment (F.Cu): [(81915000, 45085000), (196215000, 45085000)]
13:30:23: [INFO] Could not add track segment due to detected collision
13:30:23: [INFO] Routing pad 'SW9:1' at (196215000, 45085000) with pad 'SW21:1' at (196215000, 64135000) using coordinate system rotated by 0 degree(s)
13:30:23: [INFO] Adding track segment (F.Cu): [(196215000, 45085000), (196215000, 64135000)]
13:30:23: [INFO] Routing pad 'SW21:1' at (196215000, 64135000) with pad 'SW33:1' at (196215000, 83185000) using coordinate system rotated by 0 degree(s)
13:30:23: [INFO] Adding track segment (F.Cu): [(196215000, 64135000), (196215000, 83185000)]
13:30:23: [INFO] Routing pad 'SW33:1' at (196215000, 83185000) with pad 'SW45:1' at (196215000, 102235000) using coordinate system rotated by 0 degree(s)
13:30:23: [INFO] Adding track segment (F.Cu): [(196215000, 83185000), (196215000, 102235000)]
13:30:23: [INFO] Routing pad 'SW45:1' at (196215000, 102235000) with pad 'SW57:1' at (196215000, 121285000) using coordinate system rotated by 0 degree(s)
13:30:23: [INFO] Adding track segment (F.Cu): [(196215000, 102235000), (196215000, 121285000)]
13:30:23: [INFO] Routing COL0 pads
13:30:23: [INFO] Routing pad 'SW1:1' at (43815000, 45085000) with pad 'SW13:1' at (43815000, 64135000) using coordinate system rotated by 0 degree(s)
13:30:23: [INFO] Adding track segment (F.Cu): [(43815000, 45085000), (43815000, 64135000)]
13:30:23: [INFO] Routing pad 'SW13:1' at (43815000, 64135000) with pad 'SW25:1' at (43815000, 83185000) using coordinate system rotated by 0 degree(s)
13:30:23: [INFO] Adding track segment (F.Cu): [(43815000, 64135000), (43815000, 83185000)]
13:30:23: [INFO] Routing pad 'SW25:1' at (43815000, 83185000) with pad 'SW37:1' at (43815000, 102235000) using coordinate system rotated by 0 degree(s)
13:30:23: [INFO] Adding track segment (F.Cu): [(43815000, 83185000), (43815000, 102235000)]
13:30:23: [INFO] Routing pad 'SW37:1' at (43815000, 102235000) with pad 'SW49:1' at (43815000, 121285000) using coordinate system rotated by 0 degree(s)
13:30:23: [INFO] Adding track segment (F.Cu): [(43815000, 102235000), (43815000, 121285000)]
13:30:23: [INFO] Routing pad 'SW1:1' at (43815000, 45085000) with pad 'SW7:1' at (158115000, 45085000) using coordinate system rotated by 0 degree(s)
13:30:23: [INFO] Adding track segment (F.Cu): [(43815000, 45085000), (158115000, 45085000)]
13:30:23: [INFO] Could not add track segment due to detected collision
13:30:23: [INFO] Routing pad 'SW7:1' at (158115000, 45085000) with pad 'SW19:1' at (158115000, 64135000) using coordinate system rotated by 0 degree(s)
13:30:23: [INFO] Adding track segment (F.Cu): [(158115000, 45085000), (158115000, 64135000)]
13:30:23: [INFO] Routing pad 'SW19:1' at (158115000, 64135000) with pad 'SW31:1' at (158115000, 83185000) using coordinate system rotated by 0 degree(s)
13:30:23: [INFO] Adding track segment (F.Cu): [(158115000, 64135000), (158115000, 83185000)]
13:30:23: [INFO] Routing pad 'SW31:1' at (158115000, 83185000) with pad 'SW43:1' at (158115000, 102235000) using coordinate system rotated by 0 degree(s)
13:30:23: [INFO] Adding track segment (F.Cu): [(158115000, 83185000), (158115000, 102235000)]
13:30:23: [INFO] Routing pad 'SW43:1' at (158115000, 102235000) with pad 'SW55:1' at (158115000, 121285000) using coordinate system rotated by 0 degree(s)
13:30:23: [INFO] Adding track segment (F.Cu): [(158115000, 102235000), (158115000, 121285000)]
13:30:23: [INFO] Could not add track segment due to detected collision
13:30:23: [INFO] Routing pad 'SW55:1' at (158115000, 121285000) with pad 'SW55a:1' at (167640000, 121285000) using coordinate system rotated by 0 degree(s)
13:30:23: [INFO] Adding track segment (F.Cu): [(158115000, 121285000), (167640000, 121285000)]
13:30:23: [INFO] Routing pad 'SW7:1' at (158115000, 45085000) with pad 'SW61:1' at (281940000, 35560000) using coordinate system rotated by 0 degree(s)
13:30:23: [INFO] Routing ROW0 pads
13:30:23: [INFO] Routing pad 'D1:1' at (52705000, 53025000) with pad 'D2:1' at (71755000, 53025000) using coordinate system rotated by 0 degree(s)
13:30:23: [INFO] Adding track segment (B.Cu): [(52705000, 53025000), (71755000, 53025000)]
13:30:23: [INFO] Routing pad 'D2:1' at (71755000, 53025000) with pad 'D3:1' at (90805000, 53025000) using coordinate system rotated by 0 degree(s)
13:30:23: [INFO] Adding track segment (B.Cu): [(71755000, 53025000), (90805000, 53025000)]
13:30:23: [INFO] Routing pad 'D3:1' at (90805000, 53025000) with pad 'D4:1' at (109855000, 53025000) using coordinate system rotated by 0 degree(s)
13:30:23: [INFO] Adding track segment (B.Cu): [(90805000, 53025000), (109855000, 53025000)]
13:30:23: [INFO] Routing pad 'D4:1' at (109855000, 53025000) with pad 'D5:1' at (128905000, 53025000) using coordinate system rotated by 0 degree(s)
13:30:23: [INFO] Adding track segment (B.Cu): [(109855000, 53025000), (128905000, 53025000)]
13:30:23: [INFO] Routing pad 'D5:1' at (128905000, 53025000) with pad 'D6:1' at (147955000, 53025000) using coordinate system rotated by 0 degree(s)
13:30:23: [INFO] Adding track segment (B.Cu): [(128905000, 53025000), (147955000, 53025000)]
13:30:23: [INFO] Routing COL5 pads
13:30:23: [INFO] Routing pad 'SW18:1' at (139065000, 64135000) with pad 'SW6:1' at (139065000, 45085000) using coordinate system rotated by 0 degree(s)
13:30:23: [INFO] Adding track segment (F.Cu): [(139065000, 64135000), (139065000, 45085000)]
13:30:23: [INFO] Routing pad 'SW30:1' at (139065000, 83185000) with pad 'SW18:1' at (139065000, 64135000) using coordinate system rotated by 0 degree(s)
13:30:23: [INFO] Adding track segment (F.Cu): [(139065000, 83185000), (139065000, 64135000)]
13:30:23: [INFO] Routing pad 'SW42:1' at (139065000, 102235000) with pad 'SW30:1' at (139065000, 83185000) using coordinate system rotated by 0 degree(s)
13:30:23: [INFO] Adding track segment (F.Cu): [(139065000, 102235000), (139065000, 83185000)]
13:30:23: [INFO] Routing pad 'SW54a:1' at (139065000, 121285000) with pad 'SW42:1' at (139065000, 102235000) using coordinate system rotated by 0 degree(s)
13:30:23: [INFO] Adding track segment (F.Cu): [(139065000, 121285000), (139065000, 102235000)]
13:30:23: [INFO] Could not add track segment due to detected collision
13:30:23: [INFO] Routing pad 'SW54b:1' at (129540000, 121285000) with pad 'SW54a:1' at (139065000, 121285000) using coordinate system rotated by 0 degree(s)
13:30:23: [INFO] Adding track segment (F.Cu): [(129540000, 121285000), (139065000, 121285000)]
13:30:23: [INFO] Routing pad 'SW54a:1' at (139065000, 121285000) with pad 'SW54:1' at (148590000, 121285000) using coordinate system rotated by 0 degree(s)
13:30:23: [INFO] Adding track segment (F.Cu): [(139065000, 121285000), (148590000, 121285000)]
13:30:23: [INFO] Routing pad 'SW36:1' at (253365000, 83185000) with pad 'SW24:1' at (253365000, 64135000) using coordinate system rotated by 0 degree(s)
13:30:23: [INFO] Adding track segment (F.Cu): [(253365000, 83185000), (253365000, 64135000)]
13:30:23: [INFO] Routing pad 'SW48:1' at (253365000, 102235000) with pad 'SW36:1' at (253365000, 83185000) using coordinate system rotated by 0 degree(s)
13:30:23: [INFO] Adding track segment (F.Cu): [(253365000, 102235000), (253365000, 83185000)]
13:30:23: [INFO] Routing pad 'SW60:1' at (253365000, 121285000) with pad 'SW48:1' at (253365000, 102235000) using coordinate system rotated by 0 degree(s)
13:30:23: [INFO] Adding track segment (F.Cu): [(253365000, 121285000), (253365000, 102235000)]
13:30:23: [INFO] Routing pad 'SW54:1' at (148590000, 121285000) with pad 'SW60:1' at (253365000, 121285000) using coordinate system rotated by 0 degree(s)
13:30:23: [INFO] Adding track segment (F.Cu): [(148590000, 121285000), (253365000, 121285000)]
13:30:23: [INFO] Could not add track segment due to detected collision
13:30:23: [INFO] Routing pad 'SW24:1' at (253365000, 64135000) with pad 'SW12:1' at (262890000, 35560000) using coordinate system rotated by 0 degree(s)
13:30:23: [INFO] Adding track segment (F.Cu): [(253365000, 64135000), (262890000, 54610000)]
13:30:23: [INFO] Adding track segment (F.Cu): [(262890000, 54610000), (262890000, 35560000)]
13:30:23: [INFO] Routing ROW1 pads
13:30:23: [INFO] Routing pad 'D7:1' at (167005000, 53025000) with pad 'D8:1' at (186055000, 53025000) using coordinate system rotated by 0 degree(s)
13:30:23: [INFO] Adding track segment (B.Cu): [(167005000, 53025000), (186055000, 53025000)]
13:30:23: [INFO] Routing pad 'D8:1' at (186055000, 53025000) with pad 'D9:1' at (205105000, 53025000) using coordinate system rotated by 0 degree(s)
13:30:23: [INFO] Adding track segment (B.Cu): [(186055000, 53025000), (205105000, 53025000)]
13:30:23: [INFO] Routing pad 'D9:1' at (205105000, 53025000) with pad 'D10:1' at (224155000, 53025000) using coordinate system rotated by 0 degree(s)
13:30:23: [INFO] Adding track segment (B.Cu): [(205105000, 53025000), (224155000, 53025000)]
13:30:23: [INFO] Routing pad 'D10:1' at (224155000, 53025000) with pad 'D11:1' at (243205000, 53025000) using coordinate system rotated by 0 degree(s)
13:30:23: [INFO] Adding track segment (B.Cu): [(224155000, 53025000), (243205000, 53025000)]
13:30:23: [INFO] Routing pad 'D11:1' at (243205000, 53025000) with pad 'D12:1' at (271780000, 43500000) using coordinate system rotated by 0 degree(s)
13:30:23: [INFO] Adding track segment (B.Cu): [(243205000, 53025000), (262255000, 53025000)]
13:30:23: [INFO] Adding track segment (B.Cu): [(262255000, 53025000), (271780000, 43500000)]
13:30:23: [INFO] Routing COL1 pads
13:30:23: [INFO] Routing pad 'SW2:1' at (62865000, 45085000) with pad 'SW14:1' at (62865000, 64135000) using coordinate system rotated by 0 degree(s)
13:30:23: [INFO] Adding track segment (F.Cu): [(62865000, 45085000), (62865000, 64135000)]
13:30:23: [INFO] Routing pad 'SW14:1' at (62865000, 64135000) with pad 'SW26:1' at (62865000, 83185000) using coordinate system rotated by 0 degree(s)
13:30:23: [INFO] Adding track segment (F.Cu): [(62865000, 64135000), (62865000, 83185000)]
13:30:23: [INFO] Routing pad 'SW26:1' at (62865000, 83185000) with pad 'SW38:1' at (62865000, 102235000) using coordinate system rotated by 0 degree(s)
13:30:23: [INFO] Adding track segment (F.Cu): [(62865000, 83185000), (62865000, 102235000)]
13:30:23: [INFO] Routing pad 'SW38:1' at (62865000, 102235000) with pad 'SW50:1' at (62865000, 121285000) using coordinate system rotated by 0 degree(s)
13:30:23: [INFO] Adding track segment (F.Cu): [(62865000, 102235000), (62865000, 121285000)]
13:30:23: [INFO] Routing pad 'SW2:1' at (62865000, 45085000) with pad 'SW8:1' at (177165000, 45085000) using coordinate system rotated by 0 degree(s)
13:30:23: [INFO] Adding track segment (F.Cu): [(62865000, 45085000), (177165000, 45085000)]
13:30:23: [INFO] Could not add track segment due to detected collision
13:30:23: [INFO] Routing pad 'SW8:1' at (177165000, 45085000) with pad 'SW20:1' at (177165000, 64135000) using coordinate system rotated by 0 degree(s)
13:30:23: [INFO] Adding track segment (F.Cu): [(177165000, 45085000), (177165000, 64135000)]
13:30:23: [INFO] Routing pad 'SW20:1' at (177165000, 64135000) with pad 'SW32:1' at (177165000, 83185000) using coordinate system rotated by 0 degree(s)
13:30:23: [INFO] Adding track segment (F.Cu): [(177165000, 64135000), (177165000, 83185000)]
13:30:23: [INFO] Routing pad 'SW32:1' at (177165000, 83185000) with pad 'SW44:1' at (177165000, 102235000) using coordinate system rotated by 0 degree(s)
13:30:23: [INFO] Adding track segment (F.Cu): [(177165000, 83185000), (177165000, 102235000)]
13:30:23: [INFO] Routing pad 'SW44:1' at (177165000, 102235000) with pad 'SW56:1' at (177165000, 121285000) using coordinate system rotated by 0 degree(s)
13:30:23: [INFO] Adding track segment (F.Cu): [(177165000, 102235000), (177165000, 121285000)]
13:30:23: [INFO] Routing pad 'SW8:1' at (177165000, 45085000) with pad 'SW62:1' at (300990000, 35560000) using coordinate system rotated by 0 degree(s)
13:30:23: [INFO] Routing ROW5 pads
13:30:23: [INFO] Routing pad 'D31:1' at (167005000, 91125000) with pad 'D32:1' at (186055000, 91125000) using coordinate system rotated by 0 degree(s)
13:30:23: [INFO] Adding track segment (B.Cu): [(167005000, 91125000), (186055000, 91125000)]
13:30:23: [INFO] Routing pad 'D32:1' at (186055000, 91125000) with pad 'D33:1' at (205105000, 91125000) using coordinate system rotated by 0 degree(s)
13:30:23: [INFO] Adding track segment (B.Cu): [(186055000, 91125000), (205105000, 91125000)]
13:30:23: [INFO] Routing pad 'D33:1' at (205105000, 91125000) with pad 'D34:1' at (224155000, 91125000) using coordinate system rotated by 0 degree(s)
13:30:23: [INFO] Adding track segment (B.Cu): [(205105000, 91125000), (224155000, 91125000)]
13:30:23: [INFO] Routing pad 'D34:1' at (224155000, 91125000) with pad 'D35:1' at (243205000, 91125000) using coordinate system rotated by 0 degree(s)
13:30:23: [INFO] Adding track segment (B.Cu): [(224155000, 91125000), (243205000, 91125000)]
13:30:23: [INFO] Routing pad 'D35:1' at (243205000, 91125000) with pad 'D36:1' at (262255000, 91125000) using coordinate system rotated by 0 degree(s)
13:30:23: [INFO] Adding track segment (B.Cu): [(243205000, 91125000), (262255000, 91125000)]
13:30:23: [INFO] Routing ROW6 pads
13:30:23: [INFO] Routing pad 'D37:1' at (52705000, 110175000) with pad 'D38:1' at (71755000, 110175000) using coordinate system rotated by 0 degree(s)
13:30:23: [INFO] Adding track segment (B.Cu): [(52705000, 110175000), (71755000, 110175000)]
13:30:23: [INFO] Routing pad 'D38:1' at (71755000, 110175000) with pad 'D39:1' at (90805000, 110175000) using coordinate system rotated by 0 degree(s)
13:30:23: [INFO] Adding track segment (B.Cu): [(71755000, 110175000), (90805000, 110175000)]
13:30:23: [INFO] Routing pad 'D39:1' at (90805000, 110175000) with pad 'D40:1' at (109855000, 110175000) using coordinate system rotated by 0 degree(s)
13:30:23: [INFO] Adding track segment (B.Cu): [(90805000, 110175000), (109855000, 110175000)]
13:30:23: [INFO] Routing pad 'D40:1' at (109855000, 110175000) with pad 'D41:1' at (128905000, 110175000) using coordinate system rotated by 0 degree(s)
13:30:23: [INFO] Adding track segment (B.Cu): [(109855000, 110175000), (128905000, 110175000)]
13:30:23: [INFO] Routing pad 'D41:1' at (128905000, 110175000) with pad 'D42:1' at (147955000, 110175000) using coordinate system rotated by 0 degree(s)
13:30:23: [INFO] Adding track segment (B.Cu): [(128905000, 110175000), (147955000, 110175000)]
13:30:23: [INFO] Routing ROW3 pads
13:30:23: [INFO] Routing pad 'D19:1' at (167005000, 72075000) with pad 'D20:1' at (186055000, 72075000) using coordinate system rotated by 0 degree(s)
13:30:23: [INFO] Adding track segment (B.Cu): [(167005000, 72075000), (186055000, 72075000)]
13:30:23: [INFO] Routing pad 'D20:1' at (186055000, 72075000) with pad 'D21:1' at (205105000, 72075000) using coordinate system rotated by 0 degree(s)
13:30:23: [INFO] Adding track segment (B.Cu): [(186055000, 72075000), (205105000, 72075000)]
13:30:23: [INFO] Routing pad 'D21:1' at (205105000, 72075000) with pad 'D22:1' at (224155000, 72075000) using coordinate system rotated by 0 degree(s)
13:30:23: [INFO] Adding track segment (B.Cu): [(205105000, 72075000), (224155000, 72075000)]
13:30:23: [INFO] Routing pad 'D22:1' at (224155000, 72075000) with pad 'D23:1' at (243205000, 72075000) using coordinate system rotated by 0 degree(s)
13:30:23: [INFO] Adding track segment (B.Cu): [(224155000, 72075000), (243205000, 72075000)]
13:30:23: [INFO] Routing pad 'D23:1' at (243205000, 72075000) with pad 'D24:1' at (262255000, 72075000) using coordinate system rotated by 0 degree(s)
13:30:23: [INFO] Adding track segment (B.Cu): [(243205000, 72075000), (262255000, 72075000)]
13:30:23: [INFO] Routing COL3 pads
13:30:23: [INFO] Routing pad 'SW4:1' at (100965000, 45085000) with pad 'SW16:1' at (100965000, 64135000) using coordinate system rotated by 0 degree(s)
13:30:23: [INFO] Adding track segment (F.Cu): [(100965000, 45085000), (100965000, 64135000)]
13:30:23: [INFO] Routing pad 'SW16:1' at (100965000, 64135000) with pad 'SW28:1' at (100965000, 83185000) using coordinate system rotated by 0 degree(s)
13:30:23: [INFO] Adding track segment (F.Cu): [(100965000, 64135000), (100965000, 83185000)]
13:30:23: [INFO] Routing pad 'SW28:1' at (100965000, 83185000) with pad 'SW40:1' at (100965000, 102235000) using coordinate system rotated by 0 degree(s)
13:30:23: [INFO] Adding track segment (F.Cu): [(100965000, 83185000), (100965000, 102235000)]
13:30:23: [INFO] Routing pad 'SW40:1' at (100965000, 102235000) with pad 'SW52:1' at (100965000, 121285000) using coordinate system rotated by 0 degree(s)
13:30:23: [INFO] Adding track segment (F.Cu): [(100965000, 102235000), (100965000, 121285000)]
13:30:23: [INFO] Routing pad 'SW4:1' at (100965000, 45085000) with pad 'SW10:1' at (215265000, 45085000) using coordinate system rotated by 0 degree(s)
13:30:23: [INFO] Adding track segment (F.Cu): [(100965000, 45085000), (215265000, 45085000)]
13:30:23: [INFO] Could not add track segment due to detected collision
13:30:23: [INFO] Routing pad 'SW10:1' at (215265000, 45085000) with pad 'SW22:1' at (215265000, 64135000) using coordinate system rotated by 0 degree(s)
13:30:23: [INFO] Adding track segment (F.Cu): [(215265000, 45085000), (215265000, 64135000)]
13:30:23: [INFO] Routing pad 'SW22:1' at (215265000, 64135000) with pad 'SW34:1' at (215265000, 83185000) using coordinate system rotated by 0 degree(s)
13:30:23: [INFO] Adding track segment (F.Cu): [(215265000, 64135000), (215265000, 83185000)]
13:30:23: [INFO] Routing pad 'SW34:1' at (215265000, 83185000) with pad 'SW46:1' at (215265000, 102235000) using coordinate system rotated by 0 degree(s)
13:30:23: [INFO] Adding track segment (F.Cu): [(215265000, 83185000), (215265000, 102235000)]
13:30:23: [INFO] Routing pad 'SW46:1' at (215265000, 102235000) with pad 'SW58:1' at (215265000, 121285000) using coordinate system rotated by 0 degree(s)
13:30:23: [INFO] Adding track segment (F.Cu): [(215265000, 102235000), (215265000, 121285000)]
13:30:23: [INFO] Routing ROW2 pads
13:30:23: [INFO] Routing pad 'D13:1' at (52705000, 72075000) with pad 'D14:1' at (71755000, 72075000) using coordinate system rotated by 0 degree(s)
13:30:23: [INFO] Adding track segment (B.Cu): [(52705000, 72075000), (71755000, 72075000)]
13:30:23: [INFO] Routing pad 'D14:1' at (71755000, 72075000) with pad 'D15:1' at (90805000, 72075000) using coordinate system rotated by 0 degree(s)
13:30:23: [INFO] Adding track segment (B.Cu): [(71755000, 72075000), (90805000, 72075000)]
13:30:23: [INFO] Routing pad 'D15:1' at (90805000, 72075000) with pad 'D16:1' at (109855000, 72075000) using coordinate system rotated by 0 degree(s)
13:30:23: [INFO] Adding track segment (B.Cu): [(90805000, 72075000), (109855000, 72075000)]
13:30:23: [INFO] Routing pad 'D16:1' at (109855000, 72075000) with pad 'D17:1' at (128905000, 72075000) using coordinate system rotated by 0 degree(s)
13:30:23: [INFO] Adding track segment (B.Cu): [(109855000, 72075000), (128905000, 72075000)]
13:30:23: [INFO] Routing pad 'D17:1' at (128905000, 72075000) with pad 'D18:1' at (147955000, 72075000) using coordinate system rotated by 0 degree(s)
13:30:23: [INFO] Adding track segment (B.Cu): [(128905000, 72075000), (147955000, 72075000)]
13:30:23: [INFO] Removing dangling tracks
