=== kbplacer.kle_serial ===
=== layout2image.py ===
=== kbplacer ===
13:32:47: [INFO] User layout: https://editor.keyboard-tools.xyz/#share=NrDeCIA9wLgAgIwBo7gJ60S8BjT4BiAQxNPAF9sAGJK8FCPeQnVti6pBeuCaeABwA6AJwBWSqmQBmHo3zFSJHuADumBEInZkAFnABdJACgwUTFSHTs6+JoDs2qUjFzcCtu0nhkANjf8cCJW3tayDO7MBPYxsSq2iEKOoUj6RqZ8FkJUYthMqIpK8RpCAExO4NauEfksnnjeurQqTdwRgcL2It65+jUKsXE9Lm61hWQ2JeXevs3pZoGWOZN2WjNcARqWYk2oY4MxHKj2zdgnfccj8xAAThql2IHSVrmoGPAAtLpJr5EF9Q1OKUVDRwqgaBdwDRXNdzPBnr5vA86NgHm1UA9gaikLJYYFvjlGkgsagmmDwE1IU0YSYFphvsg9golMp1iT5FEDvZivBSmUKrMwRyCiyiEdwLM0rTbpgPggHqhAvYrNh3nAPpYRHkPPVxTR-DpTs50T5iYZpXC4MrdBUHpCHtUMUgDahrHQ8Zh7MMUahcibciTwLlcRaldrOQceXA+clsLMYQYgA
13:32:47: [INFO] Labels prefixes: for rows: 'ROW', for columns: 'COL'
13:32:47: [INFO] Matrix size: 7x6
13:32:48: [WARNING] No stabilizer footprint for width 2.25u, using 2u as fallback
13:32:48: [WARNING] No stabilizer footprint for width 2.75u, using 2u as fallback
13:32:48: [INFO] Add COL0 net
13:32:48: [INFO] Add COL1 net
13:32:48: [INFO] Add COL2 net
13:32:48: [INFO] Add COL3 net
13:32:48: [INFO] Add COL4 net
13:32:48: [INFO] Add COL5 net
13:32:48: [INFO] Add COL6 net
13:32:48: [INFO] Add Net-(D1-A) net
13:32:48: [INFO] Add Net-(D10-A) net
13:32:48: [INFO] Add Net-(D11-A) net
13:32:48: [INFO] Add Net-(D12-A) net
13:32:48: [INFO] Add Net-(D13-A) net
13:32:48: [INFO] Add Net-(D14-A) net
13:32:48: [INFO] Add Net-(D15-A) net
13:32:48: [INFO] Add Net-(D16-A) net
13:32:48: [INFO] Add Net-(D17-A) net
13:32:48: [INFO] Add Net-(D18-A) net
13:32:48: [INFO] Add Net-(D19-A) net
13:32:48: [INFO] Add Net-(D2-A) net
13:32:48: [INFO] Add Net-(D20-A) net
13:32:48: [INFO] Add Net-(D21-A) net
13:32:48: [INFO] Add Net-(D22-A) net
13:32:48: [INFO] Add Net-(D23-A) net
13:32:48: [INFO] Add Net-(D24-A) net
13:32:48: [INFO] Add Net-(D25-A) net
13:32:48: [INFO] Add Net-(D26-A) net
13:32:48: [INFO] Add Net-(D27-A) net
13:32:48: [INFO] Add Net-(D28-A) net
13:32:48: [INFO] Add Net-(D29-A) net
13:32:48: [INFO] Add Net-(D3-A) net
13:32:48: [INFO] Add Net-(D30-A) net
13:32:48: [INFO] Add Net-(D31-A) net
13:32:48: [INFO] Add Net-(D32-A) net
13:32:48: [INFO] Add Net-(D33-A) net
13:32:48: [INFO] Add Net-(D34-A) net
13:32:48: [INFO] Add Net-(D35-A) net
13:32:48: [INFO] Add Net-(D36-A) net
13:32:48: [INFO] Add Net-(D37-A) net
13:32:48: [INFO] Add Net-(D38-A) net
13:32:48: [INFO] Add Net-(D39-A) net
13:32:48: [INFO] Add Net-(D4-A) net
13:32:48: [INFO] Add Net-(D40-A) net
13:32:48: [INFO] Add Net-(D41-A) net
13:32:48: [INFO] Add Net-(D42-A) net
13:32:48: [INFO] Add Net-(D43-A) net
13:32:48: [INFO] Add Net-(D44-A) net
13:32:48: [INFO] Add Net-(D45-A) net
13:32:48: [INFO] Add Net-(D46-A) net
13:32:48: [INFO] Add Net-(D5-A) net
13:32:48: [INFO] Add Net-(D6-A) net
13:32:48: [INFO] Add Net-(D7-A) net
13:32:48: [INFO] Add Net-(D8-A) net
13:32:48: [INFO] Add Net-(D9-A) net
13:32:48: [INFO] Add ROW0 net
13:32:48: [INFO] Add ROW1 net
13:32:48: [INFO] Add ROW2 net
13:32:48: [INFO] Add ROW3 net
13:32:48: [INFO] Add ROW4 net
13:32:48: [INFO] Add ROW5 net
13:32:48: [INFO] Add ROW6 net
13:32:48: [INFO] Add ROW7 net
13:32:48: [INFO] Add SW1 footprint
13:32:48: [INFO] Add D1 footprint
13:32:48: [INFO] Add SW2 footprint
13:32:48: [INFO] Add D2 footprint
13:32:48: [INFO] Add SW3 footprint
13:32:48: [INFO] Add D3 footprint
13:32:48: [INFO] Add SW4 footprint
13:32:48: [INFO] Add D4 footprint
13:32:48: [INFO] Add SW5 footprint
13:32:48: [INFO] Add D5 footprint
13:32:48: [INFO] Add SW6 footprint
13:32:48: [INFO] Add D6 footprint
13:32:48: [INFO] Add SW7 footprint
13:32:48: [INFO] Add D7 footprint
13:32:48: [INFO] Add SW8 footprint
13:32:48: [INFO] Add D8 footprint
13:32:48: [INFO] Add SW9 footprint
13:32:48: [INFO] Add D9 footprint
13:32:48: [INFO] Add SW10 footprint
13:32:48: [INFO] Add D10 footprint
13:32:48: [INFO] Add SW11 footprint
13:32:48: [INFO] Add D11 footprint
13:32:48: [INFO] Add SW12 footprint
13:32:48: [INFO] Add D12 footprint
13:32:49: [INFO] Add SW13 footprint
13:32:49: [INFO] Add D13 footprint
13:32:49: [INFO] Add SW14 footprint
13:32:49: [INFO] Add D14 footprint
13:32:49: [INFO] Add SW15 footprint
13:32:49: [INFO] Add D15 footprint
13:32:49: [INFO] Add SW16 footprint
13:32:49: [INFO] Add D16 footprint
13:32:49: [INFO] Add SW17 footprint
13:32:49: [INFO] Add D17 footprint
13:32:49: [INFO] Add SW18 footprint
13:32:49: [INFO] Add D18 footprint
13:32:49: [INFO] Add SW19 footprint
13:32:49: [INFO] Add D19 footprint
13:32:49: [INFO] Add SW20 footprint
13:32:49: [INFO] Add D20 footprint
13:32:49: [INFO] Add SW21 footprint
13:32:49: [INFO] Add D21 footprint
13:32:49: [INFO] Add SW22 footprint
13:32:49: [INFO] Add D22 footprint
13:32:49: [INFO] Add SW23 footprint
13:32:49: [INFO] Add D23 footprint
13:32:49: [INFO] Add SW24 footprint
13:32:49: [INFO] Add D24 footprint
13:32:49: [INFO] Add SW25 footprint
13:32:49: [INFO] Add D25 footprint
13:32:49: [INFO] Add SW26 footprint
13:32:49: [INFO] Add D26 footprint
13:32:49: [INFO] Add SW27 footprint
13:32:49: [INFO] Add D27 footprint
13:32:49: [INFO] Add SW28 footprint
13:32:49: [INFO] Add D28 footprint
13:32:49: [INFO] Add SW29 footprint
13:32:50: [INFO] Add D29 footprint
13:32:50: [INFO] Add SW30 footprint
13:32:50: [INFO] Add D30 footprint
13:32:50: [INFO] Add SW31 footprint
13:32:50: [INFO] Add D31 footprint
13:32:50: [INFO] Add SW32 footprint
13:32:50: [INFO] Add D32 footprint
13:32:50: [INFO] Add SW33 footprint
13:32:50: [INFO] Add D33 footprint
13:32:50: [INFO] Add SW34 footprint
13:32:50: [INFO] Add D34 footprint
13:32:50: [INFO] Add SW35 footprint
13:32:50: [INFO] Add D35 footprint
13:32:50: [INFO] Add SW36 footprint
13:32:50: [INFO] Add D36 footprint
13:32:50: [INFO] Add SW37 footprint
13:32:50: [INFO] Add D37 footprint
13:32:50: [INFO] Add SW38 footprint
13:32:50: [INFO] Add D38 footprint
13:32:50: [INFO] Add SW39 footprint
13:32:50: [INFO] Add D39 footprint
13:32:50: [INFO] Add SW40 footprint
13:32:50: [INFO] Add D40 footprint
13:32:50: [INFO] Add SW41 footprint
13:32:50: [INFO] Add D41 footprint
13:32:50: [WARNING] No stabilizer footprint for width 2.25u, using 2u as fallback
13:32:50: [INFO] Add ST41 footprint
13:32:50: [INFO] Add SW42 footprint
13:32:50: [INFO] Add D42 footprint
13:32:50: [INFO] Add SW43 footprint
13:32:50: [INFO] Add D43 footprint
13:32:50: [WARNING] No stabilizer footprint for width 2.75u, using 2u as fallback
13:32:50: [INFO] Add ST43 footprint
13:32:50: [INFO] Add SW44 footprint
13:32:50: [INFO] Add D44 footprint
13:32:50: [INFO] Add SW45 footprint
13:32:51: [INFO] Add D45 footprint
13:32:51: [INFO] Add SW46 footprint
13:32:51: [INFO] Add D46 footprint
13:32:51: [INFO] Detected layout convertible to matrix annotated keyboard
13:32:51: [INFO] Using key 1U distance: (19.05, 19.05) mm
13:32:51: [INFO] Layout offset: (28575000, 28575000)
13:32:51: [INFO] Diode info: [ElementInfo(annotation_format='D{}', position_option=<PositionOption.CUSTOM: 'Custom'>, position=ElementPosition(x=5.08, y=4.0, orientation=90.0, side=<Side.BACK: 'Back'>), template_path='', start_index=-1)]
13:32:51: [INFO] Placing additional elements for SW46
13:32:51: [INFO] Placing additional elements for SW45
13:32:51: [INFO] Placing additional elements for SW44
13:32:51: [INFO] Placing additional elements for SW43
13:32:51: [INFO] Placing additional elements for SW42
13:32:51: [INFO] Placing additional elements for SW41
13:32:51: [INFO] Placing additional elements for SW40
13:32:51: [INFO] Placing additional elements for SW39
13:32:51: [INFO] Placing additional elements for SW38
13:32:51: [INFO] Placing additional elements for SW37
13:32:51: [INFO] Placing additional elements for SW36
13:32:51: [INFO] Placing additional elements for SW35
13:32:51: [INFO] Placing additional elements for SW34
13:32:51: [INFO] Placing additional elements for SW33
13:32:51: [INFO] Placing additional elements for SW32
13:32:51: [INFO] Placing additional elements for SW31
13:32:51: [INFO] Placing additional elements for SW30
13:32:51: [INFO] Placing additional elements for SW29
13:32:51: [INFO] Placing additional elements for SW28
13:32:51: [INFO] Placing additional elements for SW27
13:32:51: [INFO] Placing additional elements for SW26
13:32:51: [INFO] Placing additional elements for SW25
13:32:51: [INFO] Placing additional elements for SW24
13:32:51: [INFO] Placing additional elements for SW23
13:32:51: [INFO] Placing additional elements for SW22
13:32:51: [INFO] Placing additional elements for SW21
13:32:51: [INFO] Placing additional elements for SW20
13:32:51: [INFO] Placing additional elements for SW19
13:32:51: [INFO] Placing additional elements for SW18
13:32:51: [INFO] Placing additional elements for SW17
13:32:51: [INFO] Placing additional elements for SW16
13:32:51: [INFO] Placing additional elements for SW15
13:32:51: [INFO] Placing additional elements for SW14
13:32:51: [INFO] Placing additional elements for SW13
13:32:51: [INFO] Placing additional elements for SW12
13:32:51: [INFO] Placing additional elements for SW11
13:32:51: [INFO] Placing additional elements for SW10
13:32:51: [INFO] Placing additional elements for SW9
13:32:51: [INFO] Placing additional elements for SW8
13:32:51: [INFO] Placing additional elements for SW7
13:32:51: [INFO] Placing additional elements for SW6
13:32:51: [INFO] Placing additional elements for SW5
13:32:51: [INFO] Placing additional elements for SW4
13:32:51: [INFO] Placing additional elements for SW3
13:32:51: [INFO] Placing additional elements for SW2
13:32:51: [INFO] Placing additional elements for SW1
13:32:51: [INFO] Routing SW46 with D46
13:32:51: [INFO] Using internal autorouter method
13:32:51: [INFO] Routing pad 'SW46:2' at (309054500, 109220000) with pad 'D46:2' at (311594500, 116900000) using coordinate system rotated by 0 degree(s)
13:32:51: [INFO] Adding track segment (B.Cu): [(309054500, 109220000), (309054500, 114360000)]
13:32:51: [INFO] Adding track segment (B.Cu): [(309054500, 114360000), (311594500, 116900000)]
13:32:51: [INFO] Routing SW45 with D45
13:32:51: [INFO] Using internal autorouter method
13:32:51: [INFO] Routing pad 'SW45:2' at (290004500, 109220000) with pad 'D45:2' at (292544500, 116900000) using coordinate system rotated by 0 degree(s)
13:32:51: [INFO] Adding track segment (B.Cu): [(290004500, 109220000), (290004500, 114360000)]
13:32:51: [INFO] Adding track segment (B.Cu): [(290004500, 114360000), (292544500, 116900000)]
13:32:51: [INFO] Routing SW44 with D44
13:32:51: [INFO] Using internal autorouter method
13:32:51: [INFO] Routing pad 'SW44:2' at (270954500, 109220000) with pad 'D44:2' at (273494500, 116900000) using coordinate system rotated by 0 degree(s)
13:32:51: [INFO] Adding track segment (B.Cu): [(270954500, 109220000), (270954500, 114360000)]
13:32:51: [INFO] Adding track segment (B.Cu): [(270954500, 114360000), (273494500, 116900000)]
13:32:51: [INFO] Routing SW43 with D43
13:32:51: [INFO] Using internal autorouter method
13:32:51: [INFO] Routing pad 'SW43:2' at (213191557, 117547829) with pad 'D43:2' at (217272813, 124531907) using coordinate system rotated by 348.0 degree(s)
13:32:51: [INFO] Adding track segment (B.Cu): [(213191557, 117547829), (214260222, 122575507)]
13:32:51: [INFO] Adding track segment (B.Cu): [(214260222, 122575507), (217272813, 124531907)]
13:32:51: [INFO] Routing SW42 with D42
13:32:51: [INFO] Using internal autorouter method
13:32:51: [INFO] Routing pad 'SW42:2' at (163537632, 125102159) with pad 'D42:2' at (164425365, 133142427) using coordinate system rotated by 12.0 degree(s)
13:32:51: [INFO] Adding track segment (B.Cu): [(163537632, 125102159), (162468965, 130129835)]
13:32:51: [INFO] Adding track segment (B.Cu): [(162468965, 130129835), (164425365, 133142427)]
13:32:51: [INFO] Routing SW41 with D41
13:32:51: [INFO] Using internal autorouter method
13:32:51: [INFO] Routing pad 'SW41:2' at (133257851, 118665993) with pad 'D41:2' at (134145584, 126706261) using coordinate system rotated by 12.0 degree(s)
13:32:51: [INFO] Adding track segment (B.Cu): [(133257851, 118665993), (132189184, 123693670)]
13:32:51: [INFO] Adding track segment (B.Cu): [(132189184, 123693670), (134145584, 126706261)]
13:32:51: [INFO] Routing SW40 with D40
13:32:51: [INFO] Using internal autorouter method
13:32:51: [INFO] Routing pad 'SW40:2' at (102978069, 112229827) with pad 'D40:2' at (103865802, 120270095) using coordinate system rotated by 12.0 degree(s)
13:32:51: [INFO] Adding track segment (B.Cu): [(102978069, 112229827), (101909402, 117257505)]
13:32:51: [INFO] Adding track segment (B.Cu): [(101909402, 117257505), (103865802, 120270095)]
13:32:51: [INFO] Routing SW39 with D39
13:32:51: [INFO] Using internal autorouter method
13:32:51: [INFO] Routing pad 'SW39:2' at (46355000, 109220000) with pad 'D39:2' at (48895000, 116900000) using coordinate system rotated by 0 degree(s)
13:32:51: [INFO] Adding track segment (B.Cu): [(46355000, 109220000), (46355000, 114360000)]
13:32:51: [INFO] Adding track segment (B.Cu): [(46355000, 114360000), (48895000, 116900000)]
13:32:51: [INFO] Routing SW38 with D38
13:32:51: [INFO] Using internal autorouter method
13:32:51: [INFO] Routing pad 'SW38:2' at (311435750, 90170000) with pad 'D38:2' at (313975750, 97850000) using coordinate system rotated by 0 degree(s)
13:32:51: [INFO] Adding track segment (B.Cu): [(311435750, 90170000), (311435750, 95310000)]
13:32:51: [INFO] Adding track segment (B.Cu): [(311435750, 95310000), (313975750, 97850000)]
13:32:51: [INFO] Routing SW37 with D37
13:32:51: [INFO] Using internal autorouter method
13:32:51: [INFO] Routing pad 'SW37:2' at (290004500, 90170000) with pad 'D37:2' at (292544500, 97850000) using coordinate system rotated by 0 degree(s)
13:32:51: [INFO] Adding track segment (B.Cu): [(290004500, 90170000), (290004500, 95310000)]
13:32:51: [INFO] Adding track segment (B.Cu): [(290004500, 95310000), (292544500, 97850000)]
13:32:51: [INFO] Routing SW36 with D36
13:32:51: [INFO] Using internal autorouter method
13:32:51: [INFO] Routing pad 'SW36:2' at (270954500, 90170000) with pad 'D36:2' at (273494500, 97850000) using coordinate system rotated by 0 degree(s)
13:32:51: [INFO] Adding track segment (B.Cu): [(270954500, 90170000), (270954500, 95310000)]
13:32:51: [INFO] Adding track segment (B.Cu): [(270954500, 95310000), (273494500, 97850000)]
13:32:51: [INFO] Routing SW35 with D35
13:32:51: [INFO] Using internal autorouter method
13:32:51: [INFO] Routing pad 'SW35:2' at (248827476, 90497592) with pad 'D35:2' at (252908732, 97481670) using coordinate system rotated by 348.0 degree(s)
13:32:51: [INFO] Adding track segment (B.Cu): [(248827476, 90497592), (249896141, 95525270)]
13:32:51: [INFO] Adding track segment (B.Cu): [(249896141, 95525270), (252908732, 97481670)]
13:32:51: [INFO] Routing SW34 with D34
13:32:51: [INFO] Using internal autorouter method
13:32:51: [INFO] Routing pad 'SW34:2' at (230193765, 94458310) with pad 'D34:2' at (234275021, 101442388) using coordinate system rotated by 348.0 degree(s)
13:32:51: [INFO] Adding track segment (B.Cu): [(230193765, 94458310), (231262430, 99485988)]
13:32:51: [INFO] Adding track segment (B.Cu): [(231262430, 99485988), (234275021, 101442388)]
13:32:51: [INFO] Routing SW33 with D33
13:32:51: [INFO] Using internal autorouter method
13:32:51: [INFO] Routing pad 'SW33:2' at (211560053, 98419027) with pad 'D33:2' at (215641309, 105403105) using coordinate system rotated by 348.0 degree(s)
13:32:51: [INFO] Adding track segment (B.Cu): [(211560053, 98419027), (212628718, 103446705)]
13:32:51: [INFO] Adding track segment (B.Cu): [(212628718, 103446705), (215641309, 105403105)]
13:32:51: [INFO] Routing SW32 with D32
13:32:51: [INFO] Using internal autorouter method
13:32:51: [INFO] Routing pad 'SW32:2' at (192926341, 102379745) with pad 'D32:2' at (197007597, 109363823) using coordinate system rotated by 348.0 degree(s)
13:32:51: [INFO] Adding track segment (B.Cu): [(192926341, 102379745), (193995006, 107407424)]
13:32:51: [INFO] Adding track segment (B.Cu): [(193995006, 107407424), (197007597, 109363823)]
13:32:51: [INFO] Routing SW31 with D31
13:32:51: [INFO] Using internal autorouter method
13:32:51: [INFO] Routing pad 'SW31:2' at (161908236, 105280232) with pad 'D31:2' at (162795969, 113320500) using coordinate system rotated by 12.0 degree(s)
13:32:51: [INFO] Adding track segment (B.Cu): [(161908236, 105280232), (160839569, 110307909)]
13:32:51: [INFO] Adding track segment (B.Cu): [(160839569, 110307909), (162795969, 113320500)]
13:32:51: [INFO] Routing SW30 with D30
13:32:51: [INFO] Using internal autorouter method
13:32:51: [INFO] Routing pad 'SW30:2' at (143274525, 101319514) with pad 'D30:2' at (144162258, 109359782) using coordinate system rotated by 12.0 degree(s)
13:32:51: [INFO] Adding track segment (B.Cu): [(143274525, 101319514), (142205858, 106347191)]
13:32:51: [INFO] Adding track segment (B.Cu): [(142205858, 106347191), (144162258, 109359782)]
13:32:51: [INFO] Routing SW29 with D29
13:32:51: [INFO] Using internal autorouter method
13:32:51: [INFO] Routing pad 'SW29:2' at (124640813, 97358797) with pad 'D29:2' at (125528546, 105399065) using coordinate system rotated by 12.0 degree(s)
13:32:51: [INFO] Adding track segment (B.Cu): [(124640813, 97358797), (123572146, 102386475)]
13:32:51: [INFO] Adding track segment (B.Cu): [(123572146, 102386475), (125528546, 105399065)]
13:32:51: [INFO] Routing SW28 with D28
13:32:51: [INFO] Using internal autorouter method
13:32:51: [INFO] Routing pad 'SW28:2' at (106007101, 93398079) with pad 'D28:2' at (106894834, 101438347) using coordinate system rotated by 12.0 degree(s)
13:32:51: [INFO] Adding track segment (B.Cu): [(106007101, 93398079), (104938434, 98425757)]
13:32:51: [INFO] Adding track segment (B.Cu): [(104938434, 98425757), (106894834, 101438347)]
13:32:51: [INFO] Routing SW27 with D27
13:32:51: [INFO] Using internal autorouter method
13:32:51: [INFO] Routing pad 'SW27:2' at (84455000, 90170000) with pad 'D27:2' at (86995000, 97850000) using coordinate system rotated by 0 degree(s)
13:32:51: [INFO] Adding track segment (B.Cu): [(84455000, 90170000), (84455000, 95310000)]
13:32:51: [INFO] Adding track segment (B.Cu): [(84455000, 95310000), (86995000, 97850000)]
13:32:51: [INFO] Routing SW26 with D26
13:32:51: [INFO] Using internal autorouter method
13:32:51: [INFO] Routing pad 'SW26:2' at (65405000, 90170000) with pad 'D26:2' at (67945000, 97850000) using coordinate system rotated by 0 degree(s)
13:32:51: [INFO] Adding track segment (B.Cu): [(65405000, 90170000), (65405000, 95310000)]
13:32:51: [INFO] Adding track segment (B.Cu): [(65405000, 95310000), (67945000, 97850000)]
13:32:51: [INFO] Routing SW25 with D25
13:32:51: [INFO] Using internal autorouter method
13:32:51: [INFO] Routing pad 'SW25:2' at (43973750, 90170000) with pad 'D25:2' at (46513750, 97850000) using coordinate system rotated by 0 degree(s)
13:32:51: [INFO] Adding track segment (B.Cu): [(43973750, 90170000), (43973750, 95310000)]
13:32:51: [INFO] Adding track segment (B.Cu): [(43973750, 95310000), (46513750, 97850000)]
13:32:51: [INFO] Routing SW24 with D24
13:32:51: [INFO] Using internal autorouter method
13:32:51: [INFO] Routing pad 'SW24:2' at (302101250, 71120000) with pad 'D24:2' at (304641250, 78800000) using coordinate system rotated by 0 degree(s)
13:32:51: [INFO] Adding track segment (B.Cu): [(302101250, 71120000), (302101250, 76260000)]
13:32:51: [INFO] Adding track segment (B.Cu): [(302101250, 76260000), (304641250, 78800000)]
13:32:51: [INFO] Routing SW23 with D23
13:32:51: [INFO] Using internal autorouter method
13:32:51: [INFO] Routing pad 'SW23:2' at (275907500, 71120000) with pad 'D23:2' at (278447500, 78800000) using coordinate system rotated by 0 degree(s)
13:32:51: [INFO] Adding track segment (B.Cu): [(275907500, 71120000), (275907500, 76260000)]
13:32:51: [INFO] Adding track segment (B.Cu): [(275907500, 76260000), (278447500, 78800000)]
13:32:51: [INFO] Routing SW22 with D22
13:32:51: [INFO] Using internal autorouter method
13:32:51: [INFO] Routing pad 'SW22:2' at (253251929, 70081557) with pad 'D22:2' at (257333185, 77065635) using coordinate system rotated by 348.0 degree(s)
13:32:51: [INFO] Adding track segment (B.Cu): [(253251929, 70081557), (254320594, 75109235)]
13:32:51: [INFO] Adding track segment (B.Cu): [(254320594, 75109235), (257333185, 77065635)]
13:32:51: [INFO] Routing SW21 with D21
13:32:51: [INFO] Using internal autorouter method
13:32:51: [INFO] Routing pad 'SW21:2' at (234618217, 74042275) with pad 'D21:2' at (238699473, 81026353) using coordinate system rotated by 348.0 degree(s)
13:32:51: [INFO] Adding track segment (B.Cu): [(234618217, 74042275), (235686882, 79069953)]
13:32:51: [INFO] Adding track segment (B.Cu): [(235686882, 79069953), (238699473, 81026353)]
13:32:51: [INFO] Routing SW20 with D20
13:32:51: [INFO] Using internal autorouter method
13:32:51: [INFO] Routing pad 'SW20:2' at (215984505, 78002993) with pad 'D20:2' at (220065761, 84987071) using coordinate system rotated by 348.0 degree(s)
13:32:51: [INFO] Adding track segment (B.Cu): [(215984505, 78002993), (217053171, 83030672)]
13:32:51: [INFO] Adding track segment (B.Cu): [(217053171, 83030672), (220065761, 84987071)]
13:32:51: [INFO] Routing SW19 with D19
13:32:51: [INFO] Using internal autorouter method
13:32:51: [INFO] Routing pad 'SW19:2' at (197350794, 81963710) with pad 'D19:2' at (201432050, 88947788) using coordinate system rotated by 348.0 degree(s)
13:32:51: [INFO] Adding track segment (B.Cu): [(197350794, 81963710), (198419460, 86991389)]
13:32:51: [INFO] Adding track segment (B.Cu): [(198419460, 86991389), (201432050, 88947788)]
13:32:51: [INFO] Routing SW18 with D18
13:32:51: [INFO] Using internal autorouter method
13:32:51: [INFO] Routing pad 'SW18:2' at (157483784, 84864197) with pad 'D18:2' at (158371517, 92904465) using coordinate system rotated by 12.0 degree(s)
13:32:51: [INFO] Adding track segment (B.Cu): [(157483784, 84864197), (156415117, 89891874)]
13:32:51: [INFO] Adding track segment (B.Cu): [(156415117, 89891874), (158371517, 92904465)]
13:32:51: [INFO] Routing SW17 with D17
13:32:51: [INFO] Using internal autorouter method
13:32:51: [INFO] Routing pad 'SW17:2' at (138850072, 80903480) with pad 'D17:2' at (139737805, 88943748) using coordinate system rotated by 12.0 degree(s)
13:32:51: [INFO] Adding track segment (B.Cu): [(138850072, 80903480), (137781405, 85931158)]
13:32:51: [INFO] Adding track segment (B.Cu): [(137781405, 85931158), (139737805, 88943748)]
13:32:51: [INFO] Routing SW16 with D16
13:32:51: [INFO] Using internal autorouter method
13:32:51: [INFO] Routing pad 'SW16:2' at (120216360, 76942762) with pad 'D16:2' at (121104093, 84983030) using coordinate system rotated by 12.0 degree(s)
13:32:51: [INFO] Adding track segment (B.Cu): [(120216360, 76942762), (119147693, 81970439)]
13:32:51: [INFO] Adding track segment (B.Cu): [(119147693, 81970439), (121104093, 84983030)]
13:32:51: [INFO] Routing SW15 with D15
13:32:51: [INFO] Using internal autorouter method
13:32:51: [INFO] Routing pad 'SW15:2' at (101582648, 72982044) with pad 'D15:2' at (102470381, 81022312) using coordinate system rotated by 12.0 degree(s)
13:32:51: [INFO] Adding track segment (B.Cu): [(101582648, 72982044), (100513981, 78009720)]
13:32:51: [INFO] Adding track segment (B.Cu): [(100513981, 78009720), (102470381, 81022312)]
13:32:51: [INFO] Routing SW14 with D14
13:32:51: [INFO] Using internal autorouter method
13:32:51: [INFO] Routing pad 'SW14:2' at (79692500, 71120000) with pad 'D14:2' at (82232500, 78800000) using coordinate system rotated by 0 degree(s)
13:32:51: [INFO] Adding track segment (B.Cu): [(79692500, 71120000), (79692500, 76260000)]
13:32:51: [INFO] Adding track segment (B.Cu): [(79692500, 76260000), (82232500, 78800000)]
13:32:51: [INFO] Routing SW13 with D13
13:32:51: [INFO] Using internal autorouter method
13:32:51: [INFO] Routing pad 'SW13:2' at (53498750, 71120000) with pad 'D13:2' at (56038750, 78800000) using coordinate system rotated by 0 degree(s)
13:32:51: [INFO] Adding track segment (B.Cu): [(53498750, 71120000), (53498750, 76260000)]
13:32:51: [INFO] Adding track segment (B.Cu): [(53498750, 76260000), (56038750, 78800000)]
13:32:51: [INFO] Routing SW12 with D12
13:32:51: [INFO] Using internal autorouter method
13:32:51: [INFO] Routing pad 'SW12:2' at (292100000, 52070000) with pad 'D12:2' at (294640000, 59750000) using coordinate system rotated by 0 degree(s)
13:32:51: [INFO] Adding track segment (B.Cu): [(292100000, 52070000), (292100000, 57210000)]
13:32:51: [INFO] Adding track segment (B.Cu): [(292100000, 57210000), (294640000, 59750000)]
13:32:51: [INFO] Routing SW11 with D11
13:32:51: [INFO] Using internal autorouter method
13:32:51: [INFO] Routing pad 'SW11:2' at (268287500, 52070000) with pad 'D11:2' at (270827500, 59750000) using coordinate system rotated by 0 degree(s)
13:32:51: [INFO] Adding track segment (B.Cu): [(268287500, 52070000), (268287500, 57210000)]
13:32:51: [INFO] Adding track segment (B.Cu): [(268287500, 57210000), (270827500, 59750000)]
13:32:51: [INFO] Routing SW10 with D10
13:32:51: [INFO] Using internal autorouter method
13:32:51: [INFO] Routing pad 'SW10:2' at (246496155, 52041953) with pad 'D10:2' at (250577411, 59026031) using coordinate system rotated by 348.0 degree(s)
13:32:51: [INFO] Adding track segment (B.Cu): [(246496155, 52041953), (247564820, 57069631)]
13:32:51: [INFO] Adding track segment (B.Cu): [(247564820, 57069631), (250577411, 59026031)]
13:32:51: [INFO] Routing SW9 with D9
13:32:51: [INFO] Using internal autorouter method
13:32:51: [INFO] Routing pad 'SW9:2' at (227862443, 56002671) with pad 'D9:2' at (231943699, 62986749) using coordinate system rotated by 348.0 degree(s)
13:32:51: [INFO] Adding track segment (B.Cu): [(227862443, 56002671), (228931108, 61030349)]
13:32:51: [INFO] Adding track segment (B.Cu): [(228931108, 61030349), (231943699, 62986749)]
13:32:51: [INFO] Routing SW8 with D8
13:32:51: [INFO] Using internal autorouter method
13:32:51: [INFO] Routing pad 'SW8:2' at (209228731, 59963389) with pad 'D8:2' at (213309987, 66947467) using coordinate system rotated by 348.0 degree(s)
13:32:51: [INFO] Adding track segment (B.Cu): [(209228731, 59963389), (210297396, 64991068)]
13:32:51: [INFO] Adding track segment (B.Cu): [(210297396, 64991068), (213309987, 66947467)]
13:32:51: [INFO] Routing SW7 with D7
13:32:51: [INFO] Using internal autorouter method
13:32:51: [INFO] Routing pad 'SW7:2' at (190595019, 63924106) with pad 'D7:2' at (194676275, 70908184) using coordinate system rotated by 348.0 degree(s)
13:32:51: [INFO] Adding track segment (B.Cu): [(190595019, 63924106), (191663684, 68951785)]
13:32:51: [INFO] Adding track segment (B.Cu): [(191663684, 68951785), (194676275, 70908184)]
13:32:51: [INFO] Routing SW6 with D6
13:32:51: [INFO] Using internal autorouter method
13:32:51: [INFO] Routing pad 'SW6:2' at (156786074, 65240306) with pad 'D6:2' at (157673807, 73280574) using coordinate system rotated by 12.0 degree(s)
13:32:51: [INFO] Adding track segment (B.Cu): [(156786074, 65240306), (155717407, 70267982)]
13:32:51: [INFO] Adding track segment (B.Cu): [(155717407, 70267982), (157673807, 73280574)]
13:32:51: [INFO] Routing SW5 with D5
13:32:51: [INFO] Using internal autorouter method
13:32:51: [INFO] Routing pad 'SW5:2' at (138152362, 61279588) with pad 'D5:2' at (139040095, 69319856) using coordinate system rotated by 12.0 degree(s)
13:32:51: [INFO] Adding track segment (B.Cu): [(138152362, 61279588), (137083695, 66307265)]
13:32:51: [INFO] Adding track segment (B.Cu): [(137083695, 66307265), (139040095, 69319856)]
13:32:51: [INFO] Routing SW4 with D4
13:32:51: [INFO] Using internal autorouter method
13:32:51: [INFO] Routing pad 'SW4:2' at (119518650, 57318871) with pad 'D4:2' at (120406383, 65359139) using coordinate system rotated by 12.0 degree(s)
13:32:51: [INFO] Adding track segment (B.Cu): [(119518650, 57318871), (118449983, 62346549)]
13:32:51: [INFO] Adding track segment (B.Cu): [(118449983, 62346549), (120406383, 65359139)]
13:32:51: [INFO] Routing SW3 with D3
13:32:51: [INFO] Using internal autorouter method
13:32:51: [INFO] Routing pad 'SW3:2' at (100884938, 53358153) with pad 'D3:2' at (101772671, 61398421) using coordinate system rotated by 12.0 degree(s)
13:32:51: [INFO] Adding track segment (B.Cu): [(100884938, 53358153), (99816271, 58385830)]
13:32:51: [INFO] Adding track segment (B.Cu): [(99816271, 58385830), (101772671, 61398421)]
13:32:51: [INFO] Routing SW2 with D2
13:32:51: [INFO] Using internal autorouter method
13:32:51: [INFO] Routing pad 'SW2:2' at (78740000, 52070000) with pad 'D2:2' at (81280000, 59750000) using coordinate system rotated by 0 degree(s)
13:32:51: [INFO] Adding track segment (B.Cu): [(78740000, 52070000), (78740000, 57210000)]
13:32:51: [INFO] Adding track segment (B.Cu): [(78740000, 57210000), (81280000, 59750000)]
13:32:51: [INFO] Routing SW1 with D1
13:32:51: [INFO] Using internal autorouter method
13:32:51: [INFO] Routing pad 'SW1:2' at (59690000, 52070000) with pad 'D1:2' at (62230000, 59750000) using coordinate system rotated by 0 degree(s)
13:32:51: [INFO] Adding track segment (B.Cu): [(59690000, 52070000), (59690000, 57210000)]
13:32:51: [INFO] Adding track segment (B.Cu): [(59690000, 57210000), (62230000, 59750000)]
13:32:51: [INFO] Routing COL6 pads
13:32:51: [WARNING] Could not route pads when parent footprints not rotated the same, footprint1: SW14 at 0.0 degree(s) and footprint2: SW7 at 12.0 degree(s)
13:32:51: [INFO] Routing pad 'SW7:1' at (184911877, 67728841) with pad 'SW21:1' at (228935075, 77847010) using coordinate system rotated by 348.0 degree(s)
13:32:51: [INFO] Routing COL1 pads
13:32:51: [INFO] Routing pad 'SW27:1' at (78105000, 92710000) with pad 'SW2:1' at (72390000, 54610000) using coordinate system rotated by 0 degree(s)
13:32:51: [INFO] Routing pad 'SW39:1' at (40005000, 111760000) with pad 'SW27:1' at (78105000, 92710000) using coordinate system rotated by 0 degree(s)
13:32:51: [WARNING] Could not route pads when parent footprints not rotated the same, footprint1: SW27 at 0.0 degree(s) and footprint2: SW16 at -12.0 degree(s)
13:32:51: [WARNING] Could not route pads when parent footprints not rotated the same, footprint1: SW16 at -12.0 degree(s) and footprint2: SW33 at 12.0 degree(s)
13:32:51: [INFO] Routing pad 'SW33:1' at (205876911, 102223762) with pad 'SW9:1' at (222179301, 59807406) using coordinate system rotated by 348.0 degree(s)
13:32:51: [INFO] Routing ROW1 pads
13:32:51: [INFO] Routing pad 'D13:1' at (56038750, 81600000) with pad 'D14:1' at (82232500, 81600000) using coordinate system rotated by 0 degree(s)
13:32:51: [INFO] Adding track segment (B.Cu): [(56038750, 81600000), (82232500, 81600000)]
13:32:51: [WARNING] Could not route pads when parent footprints not rotated the same, footprint1: D14 at 90.0 degree(s) and footprint2: D8 at 102.0 degree(s)
13:32:51: [INFO] Routing pad 'D8:1' at (213892139, 69686281) with pad 'D9:1' at (232525851, 65725563) using coordinate system rotated by 258.0 degree(s)
13:32:51: [INFO] Adding track segment (B.Cu): [(213892139, 69686281), (232525850, 65725562)]
13:32:51: [INFO] Adding track segment (B.Cu): [(232525850, 65725562), (232525851, 65725563)]
13:32:51: [INFO] Routing pad 'D9:1' at (232525851, 65725563) with pad 'D10:1' at (251159563, 61764845) using coordinate system rotated by 258.0 degree(s)
13:32:51: [INFO] Adding track segment (B.Cu): [(232525851, 65725563), (251159562, 61764844)]
13:32:51: [INFO] Adding track segment (B.Cu): [(251159562, 61764844), (251159563, 61764845)]
13:32:51: [WARNING] Could not route pads when parent footprints not rotated the same, footprint1: D10 at 102.0 degree(s) and footprint2: D11 at 90.0 degree(s)
13:32:51: [INFO] Routing pad 'D11:1' at (270827500, 62550000) with pad 'D12:1' at (294640000, 62550000) using coordinate system rotated by 0 degree(s)
13:32:51: [INFO] Adding track segment (B.Cu): [(270827500, 62550000), (294640000, 62550000)]
13:32:51: [INFO] Routing COL4 pads
13:32:51: [INFO] Routing pad 'SW5:1' at (131413029, 62443844) with pad 'SW30:1' at (136535192, 102483770) using coordinate system rotated by 12.0 degree(s)
13:32:51: [INFO] Adding track segment (F.Cu): [(131413029, 62443844), (126264095, 86667669)]
13:32:51: [INFO] Adding track segment (F.Cu): [(126264095, 86667669), (136535192, 102483770)]
13:32:51: [INFO] Routing pad 'SW30:1' at (136535192, 102483770) with pad 'SW42:1' at (156798299, 126266415) using coordinate system rotated by 12.0 degree(s)
13:32:51: [WARNING] Could not route pads when parent footprints not rotated the same, footprint1: SW42 at -12.0 degree(s) and footprint2: SW19 at 12.0 degree(s)
13:32:51: [WARNING] Could not route pads when parent footprints not rotated the same, footprint1: SW19 at 12.0 degree(s) and footprint2: SW36 at 0.0 degree(s)
13:32:51: [INFO] Routing pad 'SW36:1' at (264604500, 92710000) with pad 'SW45:1' at (283654500, 111760000) using coordinate system rotated by 0 degree(s)
13:32:51: [INFO] Routing pad 'SW24:1' at (295751250, 73660000) with pad 'SW12:1' at (285750000, 54610000) using coordinate system rotated by 0 degree(s)
13:32:51: [INFO] Adding track segment (F.Cu): [(295751250, 73660000), (285750000, 63658750)]
13:32:51: [INFO] Adding track segment (F.Cu): [(285750000, 63658750), (285750000, 54610000)]
13:32:51: [INFO] Routing pad 'SW36:1' at (264604500, 92710000) with pad 'SW24:1' at (295751250, 73660000) using coordinate system rotated by 0 degree(s)
13:32:51: [INFO] Adding track segment (F.Cu): [(264604500, 92710000), (283654500, 73660000)]
13:32:51: [INFO] Adding track segment (F.Cu): [(283654500, 73660000), (295751250, 73660000)]
13:32:51: [INFO] Routing ROW6 pads
13:32:51: [WARNING] Could not route pads when parent footprints not rotated the same, footprint1: D39 at 90.0 degree(s) and footprint2: D40 at 78.0 degree(s)
13:32:51: [INFO] Routing pad 'D40:1' at (103283650, 123008909) with pad 'D41:1' at (133563432, 129445075) using coordinate system rotated by 282.0 degree(s)
13:32:51: [INFO] Adding track segment (B.Cu): [(103283650, 123008909), (133563431, 129445074)]
13:32:51: [INFO] Adding track segment (B.Cu): [(133563431, 129445074), (133563432, 129445075)]
13:32:51: [INFO] Routing pad 'D41:1' at (133563432, 129445075) with pad 'D42:1' at (163843213, 135881241) using coordinate system rotated by 282.0 degree(s)
13:32:51: [INFO] Adding track segment (B.Cu): [(133563432, 129445075), (163843212, 135881240)]
13:32:51: [INFO] Adding track segment (B.Cu): [(163843212, 135881240), (163843213, 135881241)]
13:32:51: [WARNING] Could not route pads when parent footprints not rotated the same, footprint1: D42 at 78.0 degree(s) and footprint2: D43 at 102.0 degree(s)
13:32:51: [WARNING] Could not route pads when parent footprints not rotated the same, footprint1: D43 at 102.0 degree(s) and footprint2: D38 at 90.0 degree(s)
13:32:51: [INFO] Routing COL2 pads
13:32:51: [INFO] Routing pad 'SW28:1' at (99267768, 94562335) with pad 'SW40:1' at (96238736, 113394083) using coordinate system rotated by 12.0 degree(s)
13:32:51: [INFO] Adding track segment (F.Cu): [(99267768, 94562335), (95505086, 112264360)]
13:32:51: [INFO] Adding track segment (F.Cu): [(95505086, 112264360), (96238736, 113394083)]
13:32:51: [INFO] Routing pad 'SW3:1' at (94145605, 54522409) with pad 'SW28:1' at (99267768, 94562335) using coordinate system rotated by 12.0 degree(s)
13:32:51: [INFO] Adding track segment (F.Cu): [(94145605, 54522409), (88996671, 78746232)]
13:32:51: [INFO] Adding track segment (F.Cu): [(88996671, 78746232), (99267768, 94562335)]
13:32:51: [INFO] Routing pad 'SW28:1' at (99267768, 94562335) with pad 'SW17:1' at (132110739, 82067736) using coordinate system rotated by 12.0 degree(s)
13:32:51: [WARNING] Could not route pads when parent footprints not rotated the same, footprint1: SW17 at -12.0 degree(s) and footprint2: SW34 at 12.0 degree(s)
13:32:51: [INFO] Routing pad 'SW34:1' at (224510623, 98263045) with pad 'SW10:1' at (240813013, 55846688) using coordinate system rotated by 348.0 degree(s)
13:32:51: [INFO] Routing ROW7 pads
13:32:51: [INFO] Routing pad 'D44:1' at (273494500, 119700000) with pad 'D45:1' at (292544500, 119700000) using coordinate system rotated by 0 degree(s)
13:32:51: [INFO] Adding track segment (B.Cu): [(273494500, 119700000), (292544500, 119700000)]
13:32:51: [INFO] Routing pad 'D45:1' at (292544500, 119700000) with pad 'D46:1' at (311594500, 119700000) using coordinate system rotated by 0 degree(s)
13:32:51: [INFO] Adding track segment (B.Cu): [(292544500, 119700000), (311594500, 119700000)]
13:32:51: [INFO] Routing ROW3 pads
13:32:51: [WARNING] Could not route pads when parent footprints not rotated the same, footprint1: D25 at 90.0 degree(s) and footprint2: D22 at 102.0 degree(s)
13:32:51: [WARNING] Could not route pads when parent footprints not rotated the same, footprint1: D22 at 102.0 degree(s) and footprint2: D23 at 90.0 degree(s)
13:32:51: [INFO] Routing pad 'D23:1' at (278447500, 81600000) with pad 'D24:1' at (304641250, 81600000) using coordinate system rotated by 0 degree(s)
13:32:51: [INFO] Adding track segment (B.Cu): [(278447500, 81600000), (304641250, 81600000)]
13:32:51: [INFO] Routing ROW2 pads
13:32:51: [INFO] Routing pad 'D15:1' at (101888229, 83761126) with pad 'D16:1' at (120521941, 87721844) using coordinate system rotated by 282.0 degree(s)
13:32:51: [INFO] Adding track segment (B.Cu): [(101888229, 83761126), (120521940, 87721843)]
13:32:51: [INFO] Adding track segment (B.Cu): [(120521940, 87721843), (120521941, 87721844)]
13:32:51: [INFO] Routing pad 'D16:1' at (120521941, 87721844) with pad 'D17:1' at (139155653, 91682562) using coordinate system rotated by 282.0 degree(s)
13:32:51: [INFO] Adding track segment (B.Cu): [(120521941, 87721844), (139155652, 91682560)]
13:32:51: [INFO] Adding track segment (B.Cu): [(139155652, 91682560), (139155653, 91682562)]
13:32:51: [INFO] Routing pad 'D17:1' at (139155653, 91682562) with pad 'D18:1' at (157789365, 95643279) using coordinate system rotated by 282.0 degree(s)
13:32:51: [INFO] Adding track segment (B.Cu): [(139155653, 91682562), (157789364, 95643278)]
13:32:51: [INFO] Adding track segment (B.Cu): [(157789364, 95643278), (157789365, 95643279)]
13:32:51: [WARNING] Could not route pads when parent footprints not rotated the same, footprint1: D18 at 78.0 degree(s) and footprint2: D19 at 102.0 degree(s)
13:32:51: [INFO] Routing pad 'D19:1' at (202014202, 91686602) with pad 'D20:1' at (220647913, 87725885) using coordinate system rotated by 258.0 degree(s)
13:32:51: [INFO] Adding track segment (B.Cu): [(202014202, 91686602), (220647912, 87725884)]
13:32:51: [INFO] Adding track segment (B.Cu): [(220647912, 87725884), (220647913, 87725885)]
13:32:51: [INFO] Routing pad 'D20:1' at (220647913, 87725885) with pad 'D21:1' at (239281625, 83765167) using coordinate system rotated by 258.0 degree(s)
13:32:51: [INFO] Adding track segment (B.Cu): [(220647913, 87725885), (239281624, 83765166)]
13:32:52: [INFO] Adding track segment (B.Cu): [(239281624, 83765166), (239281625, 83765167)]
13:32:52: [INFO] Routing ROW0 pads
13:32:52: [INFO] Routing pad 'D1:1' at (62230000, 62550000) with pad 'D2:1' at (81280000, 62550000) using coordinate system rotated by 0 degree(s)
13:32:52: [INFO] Adding track segment (B.Cu): [(62230000, 62550000), (81280000, 62550000)]
13:32:52: [WARNING] Could not route pads when parent footprints not rotated the same, footprint1: D2 at 90.0 degree(s) and footprint2: D3 at 78.0 degree(s)
13:32:52: [INFO] Routing pad 'D3:1' at (101190519, 64137235) with pad 'D4:1' at (119824231, 68097953) using coordinate system rotated by 282.0 degree(s)
13:32:52: [INFO] Adding track segment (B.Cu): [(101190519, 64137235), (119824230, 68097952)]
13:32:52: [INFO] Adding track segment (B.Cu): [(119824230, 68097952), (119824231, 68097953)]
13:32:52: [INFO] Routing pad 'D4:1' at (119824231, 68097953) with pad 'D5:1' at (138457943, 72058670) using coordinate system rotated by 282.0 degree(s)
13:32:52: [INFO] Adding track segment (B.Cu): [(119824231, 68097953), (138457942, 72058669)]
13:32:52: [INFO] Adding track segment (B.Cu): [(138457942, 72058669), (138457943, 72058670)]
13:32:52: [INFO] Routing pad 'D5:1' at (138457943, 72058670) with pad 'D6:1' at (157091655, 76019388) using coordinate system rotated by 282.0 degree(s)
13:32:52: [INFO] Adding track segment (B.Cu): [(138457943, 72058670), (157091654, 76019387)]
13:32:52: [INFO] Adding track segment (B.Cu): [(157091654, 76019387), (157091655, 76019388)]
13:32:52: [WARNING] Could not route pads when parent footprints not rotated the same, footprint1: D6 at 78.0 degree(s) and footprint2: D7 at 102.0 degree(s)
13:32:52: [INFO] Routing COL5 pads
13:32:52: [INFO] Routing pad 'SW25:1' at (37623750, 92710000) with pad 'SW13:1' at (47148750, 73660000) using coordinate system rotated by 0 degree(s)
13:32:52: [INFO] Adding track segment (F.Cu): [(37623750, 92710000), (47148750, 83185000)]
13:32:52: [INFO] Adding track segment (F.Cu): [(47148750, 83185000), (47148750, 73660000)]
13:32:52: [WARNING] Could not route pads when parent footprints not rotated the same, footprint1: SW13 at 0.0 degree(s) and footprint2: SW6 at -12.0 degree(s)
13:32:52: [INFO] Routing pad 'SW6:1' at (150046741, 66404562) with pad 'SW31:1' at (155168903, 106444488) using coordinate system rotated by 12.0 degree(s)
13:32:52: [INFO] Adding track segment (F.Cu): [(150046741, 66404562), (144897807, 90628387)]
13:32:52: [INFO] Adding track segment (F.Cu): [(144897807, 90628387), (155168903, 106444488)]
13:32:52: [WARNING] Could not route pads when parent footprints not rotated the same, footprint1: SW31 at -12.0 degree(s) and footprint2: SW43 at 12.0 degree(s)
13:32:52: [INFO] Routing pad 'SW43:1' at (207508415, 121352564) with pad 'SW20:1' at (210301363, 81807728) using coordinate system rotated by 348.0 degree(s)
13:32:52: [WARNING] Could not route pads when parent footprints not rotated the same, footprint1: SW20 at 12.0 degree(s) and footprint2: SW37 at 0.0 degree(s)
13:32:52: [INFO] Routing pad 'SW37:1' at (283654500, 92710000) with pad 'SW46:1' at (302704500, 111760000) using coordinate system rotated by 0 degree(s)
13:32:52: [INFO] Routing COL3 pads
13:32:52: [INFO] Routing pad 'SW4:1' at (112779317, 58483127) with pad 'SW29:1' at (117901480, 98523053) using coordinate system rotated by 12.0 degree(s)
13:32:52: [INFO] Adding track segment (F.Cu): [(112779317, 58483127), (107630384, 82706951)]
13:32:52: [INFO] Adding track segment (F.Cu): [(107630384, 82706951), (117901480, 98523053)]
13:32:52: [INFO] Routing pad 'SW29:1' at (117901480, 98523053) with pad 'SW41:1' at (126518518, 119830249) using coordinate system rotated by 12.0 degree(s)
13:32:52: [INFO] Adding track segment (F.Cu): [(117901480, 98523053), (116614246, 104579008)]
13:32:52: [INFO] Adding track segment (F.Cu): [(116614246, 104579008), (126518518, 119830249)]
13:32:52: [INFO] Routing pad 'SW29:1' at (117901480, 98523053) with pad 'SW18:1' at (150744451, 86028453) using coordinate system rotated by 12.0 degree(s)
13:32:52: [WARNING] Could not route pads when parent footprints not rotated the same, footprint1: SW18 at -12.0 degree(s) and footprint2: SW35 at 12.0 degree(s)
13:32:52: [INFO] Routing pad 'SW23:1' at (269557500, 73660000) with pad 'SW11:1' at (261937500, 54610000) using coordinate system rotated by 0 degree(s)
13:32:52: [INFO] Adding track segment (F.Cu): [(269557500, 73660000), (261937500, 66040000)]
13:32:52: [INFO] Adding track segment (F.Cu): [(261937500, 66040000), (261937500, 54610000)]
13:32:52: [WARNING] Could not route pads when parent footprints not rotated the same, footprint1: SW35 at 12.0 degree(s) and footprint2: SW23 at 0.0 degree(s)
13:32:52: [INFO] Routing ROW4 pads
13:32:52: [INFO] Routing pad 'D26:1' at (67945000, 100650000) with pad 'D27:1' at (86995000, 100650000) using coordinate system rotated by 0 degree(s)
13:32:52: [INFO] Adding track segment (B.Cu): [(67945000, 100650000), (86995000, 100650000)]
13:32:52: [WARNING] Could not route pads when parent footprints not rotated the same, footprint1: D27 at 90.0 degree(s) and footprint2: D28 at 78.0 degree(s)
13:32:52: [INFO] Routing pad 'D28:1' at (106312682, 104177161) with pad 'D29:1' at (124946394, 108137879) using coordinate system rotated by 282.0 degree(s)
13:32:52: [INFO] Adding track segment (B.Cu): [(106312682, 104177161), (124946393, 108137878)]
13:32:52: [INFO] Adding track segment (B.Cu): [(124946393, 108137878), (124946394, 108137879)]
13:32:52: [INFO] Routing pad 'D29:1' at (124946394, 108137879) with pad 'D30:1' at (143580106, 112098596) using coordinate system rotated by 282.0 degree(s)
13:32:52: [INFO] Adding track segment (B.Cu): [(124946394, 108137879), (143580105, 112098595)]
13:32:52: [INFO] Adding track segment (B.Cu): [(143580105, 112098595), (143580106, 112098596)]
13:32:52: [INFO] Routing pad 'D30:1' at (143580106, 112098596) with pad 'D31:1' at (162213817, 116059314) using coordinate system rotated by 282.0 degree(s)
13:32:52: [INFO] Adding track segment (B.Cu): [(143580106, 112098596), (162213817, 116059313)]
13:32:52: [INFO] Adding track segment (B.Cu): [(162213817, 116059313), (162213817, 116059314)]
13:32:52: [INFO] Routing ROW5 pads
13:32:52: [INFO] Routing pad 'D32:1' at (197589749, 112102637) with pad 'D33:1' at (216223461, 108141919) using coordinate system rotated by 258.0 degree(s)
13:32:52: [INFO] Adding track segment (B.Cu): [(197589749, 112102637), (216223459, 108141919)]
13:32:52: [INFO] Adding track segment (B.Cu): [(216223459, 108141919), (216223461, 108141919)]
13:32:52: [INFO] Routing pad 'D33:1' at (216223461, 108141919) with pad 'D34:1' at (234857173, 104181202) using coordinate system rotated by 258.0 degree(s)
13:32:52: [INFO] Adding track segment (B.Cu): [(216223461, 108141919), (234857171, 104181200)]
13:32:52: [INFO] Adding track segment (B.Cu): [(234857171, 104181200), (234857173, 104181202)]
13:32:52: [INFO] Routing pad 'D34:1' at (234857173, 104181202) with pad 'D35:1' at (253490884, 100220484) using coordinate system rotated by 258.0 degree(s)
13:32:52: [INFO] Adding track segment (B.Cu): [(234857173, 104181202), (253490883, 100220483)]
13:32:52: [INFO] Adding track segment (B.Cu): [(253490883, 100220483), (253490884, 100220484)]
13:32:52: [WARNING] Could not route pads when parent footprints not rotated the same, footprint1: D35 at 102.0 degree(s) and footprint2: D36 at 90.0 degree(s)
13:32:52: [INFO] Routing pad 'D36:1' at (273494500, 100650000) with pad 'D37:1' at (292544500, 100650000) using coordinate system rotated by 0 degree(s)
13:32:52: [INFO] Adding track segment (B.Cu): [(273494500, 100650000), (292544500, 100650000)]
13:32:52: [INFO] Routing COL0 pads
13:32:52: [INFO] Routing pad 'SW1:1' at (53340000, 54610000) with pad 'SW26:1' at (59055000, 92710000) using coordinate system rotated by 0 degree(s)
13:32:52: [WARNING] Could not route pads when parent footprints not rotated the same, footprint1: SW26 at 0.0 degree(s) and footprint2: SW15 at -12.0 degree(s)
13:32:52: [WARNING] Could not route pads when parent footprints not rotated the same, footprint1: SW15 at -12.0 degree(s) and footprint2: SW32 at 12.0 degree(s)
13:32:52: [INFO] Routing pad 'SW32:1' at (187243199, 106184480) with pad 'SW8:1' at (203545589, 63768124) using coordinate system rotated by 348.0 degree(s)
13:32:52: [INFO] Routing pad 'SW8:1' at (203545589, 63768124) with pad 'SW22:1' at (247568787, 73886292) using coordinate system rotated by 348.0 degree(s)
13:32:52: [WARNING] Could not route pads when parent footprints not rotated the same, footprint1: SW22 at 12.0 degree(s) and footprint2: SW44 at 0.0 degree(s)
13:32:52: [INFO] Routing pad 'SW44:1' at (264604500, 111760000) with pad 'SW38:1' at (305085750, 92710000) using coordinate system rotated by 0 degree(s)
13:32:52: [INFO] Removing dangling tracks
