=== kbplacer.kle_serial ===
=== layout2image.py ===
=== kbplacer ===
13:36:53: [INFO] User layout: https://editor.keyboard-tools.xyz/#share=NrDeCIGNwLgAnAYgIareAvgGgQBi7uDhAB6xwCMOU5SA7A45tfhUXlgEzunkXYcALO3D4ArCPwA2HuDLx+1TljZKus+ZQHhlwtRLUyAulgBQYGvCRp02qoWJzyuAHRjq0K4kg-fzBFSqAerUVADMIlR6wQbBMqFYdCJhKskhCCkR1CnR4CmxeVjxGYlpABzgRkZAA
13:36:53: [INFO] Labels prefixes: for rows: 'ROW', for columns: 'COL'
13:36:53: [INFO] Matrix size: 3x8
13:36:54: [INFO] Add COL0 net
13:36:54: [INFO] Add COL1 net
13:36:54: [INFO] Add COL2 net
13:36:54: [INFO] Add COL3 net
13:36:54: [INFO] Add COL4 net
13:36:54: [INFO] Add COL5 net
13:36:54: [INFO] Add COL6 net
13:36:54: [INFO] Add COL7 net
13:36:54: [INFO] Add COL8 net
13:36:54: [INFO] Add Net-(D1-A) net
13:36:54: [INFO] Add Net-(D10-A) net
13:36:54: [INFO] Add Net-(D11-A) net
13:36:54: [INFO] Add Net-(D12-A) net
13:36:54: [INFO] Add Net-(D13-A) net
13:36:54: [INFO] Add Net-(D14-A) net
13:36:54: [INFO] Add Net-(D15-A) net
13:36:54: [INFO] Add Net-(D16-A) net
13:36:54: [INFO] Add Net-(D17-A) net
13:36:54: [INFO] Add Net-(D18-A) net
13:36:54: [INFO] Add Net-(D19-A) net
13:36:54: [INFO] Add Net-(D2-A) net
13:36:54: [INFO] Add Net-(D20-A) net
13:36:54: [INFO] Add Net-(D21-A) net
13:36:54: [INFO] Add Net-(D22-A) net
13:36:54: [INFO] Add Net-(D23-A) net
13:36:54: [INFO] Add Net-(D24-A) net
13:36:54: [INFO] Add Net-(D25-A) net
13:36:54: [INFO] Add Net-(D26-A) net
13:36:54: [INFO] Add Net-(D27-A) net
13:36:54: [INFO] Add Net-(D3-A) net
13:36:54: [INFO] Add Net-(D4-A) net
13:36:54: [INFO] Add Net-(D5-A) net
13:36:54: [INFO] Add Net-(D6-A) net
13:36:54: [INFO] Add Net-(D7-A) net
13:36:54: [INFO] Add Net-(D8-A) net
13:36:54: [INFO] Add Net-(D9-A) net
13:36:54: [INFO] Add ROW0 net
13:36:54: [INFO] Add ROW1 net
13:36:54: [INFO] Add ROW2 net
13:36:54: [INFO] Add ROW3 net
13:36:54: [INFO] Add SW1 footprint
13:36:54: [INFO] Add D1 footprint
13:36:54: [INFO] Add SW2 footprint
13:36:54: [INFO] Add D2 footprint
13:36:54: [INFO] Add SW3 footprint
13:36:54: [INFO] Add D3 footprint
13:36:54: [INFO] Add SW4 footprint
13:36:54: [INFO] Add D4 footprint
13:36:54: [INFO] Add SW5 footprint
13:36:54: [INFO] Add D5 footprint
13:36:54: [INFO] Add SW6 footprint
13:36:54: [INFO] Add D6 footprint
13:36:54: [INFO] Add SW7 footprint
13:36:54: [INFO] Add D7 footprint
13:36:54: [INFO] Add SW8 footprint
13:36:54: [INFO] Add D8 footprint
13:36:54: [INFO] Add SW9 footprint
13:36:54: [INFO] Add D9 footprint
13:36:54: [INFO] Add SW10 footprint
13:36:54: [INFO] Add D10 footprint
13:36:54: [INFO] Add SW11 footprint
13:36:54: [INFO] Add D11 footprint
13:36:54: [INFO] Add SW12 footprint
13:36:54: [INFO] Add D12 footprint
13:36:54: [INFO] Add SW13 footprint
13:36:54: [INFO] Add D13 footprint
13:36:54: [INFO] Add SW14 footprint
13:36:54: [INFO] Add D14 footprint
13:36:54: [INFO] Add SW15 footprint
13:36:54: [INFO] Add D15 footprint
13:36:54: [INFO] Add SW16 footprint
13:36:55: [INFO] Add D16 footprint
13:36:55: [INFO] Add SW17 footprint
13:36:55: [INFO] Add D17 footprint
13:36:55: [INFO] Add SW18 footprint
13:36:55: [INFO] Add D18 footprint
13:36:55: [INFO] Add SW19 footprint
13:36:55: [INFO] Add D19 footprint
13:36:55: [INFO] Add SW20 footprint
13:36:55: [INFO] Add D20 footprint
13:36:55: [INFO] Add SW21 footprint
13:36:55: [INFO] Add D21 footprint
13:36:55: [INFO] Add SW22 footprint
13:36:55: [INFO] Add D22 footprint
13:36:55: [INFO] Add SW23 footprint
13:36:55: [INFO] Add D23 footprint
13:36:55: [INFO] Add SW24 footprint
13:36:55: [INFO] Add D24 footprint
13:36:55: [INFO] Add SW25 footprint
13:36:55: [INFO] Add D25 footprint
13:36:55: [INFO] Add SW26 footprint
13:36:55: [INFO] Add D26 footprint
13:36:55: [INFO] Add SW27 footprint
13:36:55: [INFO] Add D27 footprint
13:36:55: [INFO] Detected layout convertible to matrix annotated keyboard
13:36:55: [INFO] Using key 1U distance: (19.05, 19.05) mm
13:36:55: [INFO] Layout offset: (28575000, 28575000)
13:36:55: [INFO] Diode info: [ElementInfo(annotation_format='D{}', position_option=<PositionOption.CUSTOM: 'Custom'>, position=ElementPosition(x=5.08, y=4.0, orientation=90.0, side=<Side.BACK: 'Back'>), template_path='', start_index=-1)]
13:36:55: [INFO] Placing additional elements for SW27
13:36:55: [INFO] Placing additional elements for SW26
13:36:55: [INFO] Placing additional elements for SW25
13:36:55: [INFO] Placing additional elements for SW24
13:36:55: [INFO] Placing additional elements for SW23
13:36:55: [INFO] Placing additional elements for SW22
13:36:55: [INFO] Placing additional elements for SW21
13:36:55: [INFO] Placing additional elements for SW20
13:36:55: [INFO] Placing additional elements for SW19
13:36:55: [INFO] Placing additional elements for SW18
13:36:55: [INFO] Placing additional elements for SW17
13:36:55: [INFO] Placing additional elements for SW16
13:36:55: [INFO] Placing additional elements for SW15
13:36:55: [INFO] Placing additional elements for SW14
13:36:55: [INFO] Placing additional elements for SW13
13:36:55: [INFO] Placing additional elements for SW12
13:36:55: [INFO] Placing additional elements for SW11
13:36:55: [INFO] Placing additional elements for SW10
13:36:55: [INFO] Placing additional elements for SW9
13:36:55: [INFO] Placing additional elements for SW8
13:36:55: [INFO] Placing additional elements for SW7
13:36:55: [INFO] Placing additional elements for SW6
13:36:55: [INFO] Placing additional elements for SW5
13:36:55: [INFO] Placing additional elements for SW4
13:36:55: [INFO] Placing additional elements for SW3
13:36:55: [INFO] Placing additional elements for SW2
13:36:55: [INFO] Placing additional elements for SW1
13:36:55: [INFO] Routing SW27 with D27
13:36:55: [INFO] Using internal autorouter method
13:36:55: [INFO] Routing pad 'SW27:2' at (335915000, 52070000) with pad 'D27:2' at (338455000, 59750000) using coordinate system rotated by 0 degree(s)
13:36:55: [INFO] Adding track segment (B.Cu): [(335915000, 52070000), (335915000, 57210000)]
13:36:55: [INFO] Adding track segment (B.Cu): [(335915000, 57210000), (338455000, 59750000)]
13:36:55: [INFO] Routing SW26 with D26
13:36:55: [INFO] Using internal autorouter method
13:36:55: [INFO] Routing pad 'SW26:2' at (316865000, 52070000) with pad 'D26:2' at (319405000, 59750000) using coordinate system rotated by 0 degree(s)
13:36:55: [INFO] Adding track segment (B.Cu): [(316865000, 52070000), (316865000, 57210000)]
13:36:55: [INFO] Adding track segment (B.Cu): [(316865000, 57210000), (319405000, 59750000)]
13:36:55: [INFO] Routing SW25 with D25
13:36:55: [INFO] Using internal autorouter method
13:36:55: [INFO] Routing pad 'SW25:2' at (297815000, 52070000) with pad 'D25:2' at (300355000, 59750000) using coordinate system rotated by 0 degree(s)
13:36:55: [INFO] Adding track segment (B.Cu): [(297815000, 52070000), (297815000, 57210000)]
13:36:55: [INFO] Adding track segment (B.Cu): [(297815000, 57210000), (300355000, 59750000)]
13:36:55: [INFO] Routing SW24 with D24
13:36:55: [INFO] Using internal autorouter method
13:36:55: [INFO] Routing pad 'SW24:2' at (278765000, 52070000) with pad 'D24:2' at (281305000, 59750000) using coordinate system rotated by 0 degree(s)
13:36:55: [INFO] Adding track segment (B.Cu): [(278765000, 52070000), (278765000, 57210000)]
13:36:55: [INFO] Adding track segment (B.Cu): [(278765000, 57210000), (281305000, 59750000)]
13:36:55: [INFO] Routing SW23 with D23
13:36:55: [INFO] Using internal autorouter method
13:36:55: [INFO] Routing pad 'SW23:2' at (259715000, 52070000) with pad 'D23:2' at (262255000, 59750000) using coordinate system rotated by 0 degree(s)
13:36:55: [INFO] Adding track segment (B.Cu): [(259715000, 52070000), (259715000, 57210000)]
13:36:55: [INFO] Adding track segment (B.Cu): [(259715000, 57210000), (262255000, 59750000)]
13:36:55: [INFO] Routing SW22 with D22
13:36:55: [INFO] Using internal autorouter method
13:36:55: [INFO] Routing pad 'SW22:2' at (240665000, 52070000) with pad 'D22:2' at (243205000, 59750000) using coordinate system rotated by 0 degree(s)
13:36:55: [INFO] Adding track segment (B.Cu): [(240665000, 52070000), (240665000, 57210000)]
13:36:55: [INFO] Adding track segment (B.Cu): [(240665000, 57210000), (243205000, 59750000)]
13:36:55: [INFO] Routing SW21 with D21
13:36:55: [INFO] Using internal autorouter method
13:36:55: [INFO] Routing pad 'SW21:2' at (221615000, 52070000) with pad 'D21:2' at (224155000, 59750000) using coordinate system rotated by 0 degree(s)
13:36:55: [INFO] Adding track segment (B.Cu): [(221615000, 52070000), (221615000, 57210000)]
13:36:55: [INFO] Adding track segment (B.Cu): [(221615000, 57210000), (224155000, 59750000)]
13:36:55: [INFO] Routing SW20 with D20
13:36:55: [INFO] Using internal autorouter method
13:36:55: [INFO] Routing pad 'SW20:2' at (202565000, 52070000) with pad 'D20:2' at (205105000, 59750000) using coordinate system rotated by 0 degree(s)
13:36:55: [INFO] Adding track segment (B.Cu): [(202565000, 52070000), (202565000, 57210000)]
13:36:55: [INFO] Adding track segment (B.Cu): [(202565000, 57210000), (205105000, 59750000)]
13:36:55: [INFO] Routing SW19 with D19
13:36:55: [INFO] Using internal autorouter method
13:36:55: [INFO] Routing pad 'SW19:2' at (307340000, 33020000) with pad 'D19:2' at (309880000, 40700000) using coordinate system rotated by 0 degree(s)
13:36:55: [INFO] Adding track segment (B.Cu): [(307340000, 33020000), (307340000, 38160000)]
13:36:55: [INFO] Adding track segment (B.Cu): [(307340000, 38160000), (309880000, 40700000)]
13:36:55: [INFO] Routing SW18 with D18
13:36:55: [INFO] Using internal autorouter method
13:36:55: [INFO] Routing pad 'SW18:2' at (288290000, 33020000) with pad 'D18:2' at (290830000, 40700000) using coordinate system rotated by 0 degree(s)
13:36:55: [INFO] Adding track segment (B.Cu): [(288290000, 33020000), (288290000, 38160000)]
13:36:55: [INFO] Adding track segment (B.Cu): [(288290000, 38160000), (290830000, 40700000)]
13:36:55: [INFO] Routing SW17 with D17
13:36:55: [INFO] Using internal autorouter method
13:36:55: [INFO] Routing pad 'SW17:2' at (269240000, 33020000) with pad 'D17:2' at (271780000, 40700000) using coordinate system rotated by 0 degree(s)
13:36:55: [INFO] Adding track segment (B.Cu): [(269240000, 33020000), (269240000, 38160000)]
13:36:55: [INFO] Adding track segment (B.Cu): [(269240000, 38160000), (271780000, 40700000)]
13:36:55: [INFO] Routing SW16 with D16
13:36:55: [INFO] Using internal autorouter method
13:36:55: [INFO] Routing pad 'SW16:2' at (231140000, 33020000) with pad 'D16:2' at (233680000, 40700000) using coordinate system rotated by 0 degree(s)
13:36:55: [INFO] Adding track segment (B.Cu): [(231140000, 33020000), (231140000, 38160000)]
13:36:55: [INFO] Adding track segment (B.Cu): [(231140000, 38160000), (233680000, 40700000)]
13:36:55: [INFO] Routing SW15 with D15
13:36:55: [INFO] Using internal autorouter method
13:36:55: [INFO] Routing pad 'SW15:2' at (212090000, 33020000) with pad 'D15:2' at (214630000, 40700000) using coordinate system rotated by 0 degree(s)
13:36:55: [INFO] Adding track segment (B.Cu): [(212090000, 33020000), (212090000, 38160000)]
13:36:55: [INFO] Adding track segment (B.Cu): [(212090000, 38160000), (214630000, 40700000)]
13:36:55: [INFO] Routing SW14 with D14
13:36:55: [INFO] Using internal autorouter method
13:36:55: [INFO] Routing pad 'SW14:2' at (183515000, 52070000) with pad 'D14:2' at (186055000, 59750000) using coordinate system rotated by 0 degree(s)
13:36:55: [INFO] Adding track segment (B.Cu): [(183515000, 52070000), (183515000, 57210000)]
13:36:55: [INFO] Adding track segment (B.Cu): [(183515000, 57210000), (186055000, 59750000)]
13:36:55: [INFO] Routing SW13 with D13
13:36:55: [INFO] Using internal autorouter method
13:36:55: [INFO] Routing pad 'SW13:2' at (164465000, 52070000) with pad 'D13:2' at (167005000, 59750000) using coordinate system rotated by 0 degree(s)
13:36:55: [INFO] Adding track segment (B.Cu): [(164465000, 52070000), (164465000, 57210000)]
13:36:55: [INFO] Adding track segment (B.Cu): [(164465000, 57210000), (167005000, 59750000)]
13:36:55: [INFO] Routing SW12 with D12
13:36:55: [INFO] Using internal autorouter method
13:36:55: [INFO] Routing pad 'SW12:2' at (145415000, 52070000) with pad 'D12:2' at (147955000, 59750000) using coordinate system rotated by 0 degree(s)
13:36:55: [INFO] Adding track segment (B.Cu): [(145415000, 52070000), (145415000, 57210000)]
13:36:55: [INFO] Adding track segment (B.Cu): [(145415000, 57210000), (147955000, 59750000)]
13:36:55: [INFO] Routing SW11 with D11
13:36:55: [INFO] Using internal autorouter method
13:36:55: [INFO] Routing pad 'SW11:2' at (126365000, 52070000) with pad 'D11:2' at (128905000, 59750000) using coordinate system rotated by 0 degree(s)
13:36:55: [INFO] Adding track segment (B.Cu): [(126365000, 52070000), (126365000, 57210000)]
13:36:55: [INFO] Adding track segment (B.Cu): [(126365000, 57210000), (128905000, 59750000)]
13:36:55: [INFO] Routing SW10 with D10
13:36:55: [INFO] Using internal autorouter method
13:36:55: [INFO] Routing pad 'SW10:2' at (107315000, 52070000) with pad 'D10:2' at (109855000, 59750000) using coordinate system rotated by 0 degree(s)
13:36:55: [INFO] Adding track segment (B.Cu): [(107315000, 52070000), (107315000, 57210000)]
13:36:55: [INFO] Adding track segment (B.Cu): [(107315000, 57210000), (109855000, 59750000)]
13:36:55: [INFO] Routing SW9 with D9
13:36:55: [INFO] Using internal autorouter method
13:36:55: [INFO] Routing pad 'SW9:2' at (88265000, 52070000) with pad 'D9:2' at (90805000, 59750000) using coordinate system rotated by 0 degree(s)
13:36:55: [INFO] Adding track segment (B.Cu): [(88265000, 52070000), (88265000, 57210000)]
13:36:55: [INFO] Adding track segment (B.Cu): [(88265000, 57210000), (90805000, 59750000)]
13:36:55: [INFO] Routing SW8 with D8
13:36:55: [INFO] Using internal autorouter method
13:36:55: [INFO] Routing pad 'SW8:2' at (69215000, 52070000) with pad 'D8:2' at (71755000, 59750000) using coordinate system rotated by 0 degree(s)
13:36:55: [INFO] Adding track segment (B.Cu): [(69215000, 52070000), (69215000, 57210000)]
13:36:55: [INFO] Adding track segment (B.Cu): [(69215000, 57210000), (71755000, 59750000)]
13:36:55: [INFO] Routing SW7 with D7
13:36:55: [INFO] Using internal autorouter method
13:36:55: [INFO] Routing pad 'SW7:2' at (40640000, 52070000) with pad 'D7:2' at (43180000, 59750000) using coordinate system rotated by 0 degree(s)
13:36:55: [INFO] Adding track segment (B.Cu): [(40640000, 52070000), (40640000, 57210000)]
13:36:55: [INFO] Adding track segment (B.Cu): [(40640000, 57210000), (43180000, 59750000)]
13:36:55: [INFO] Routing SW6 with D6
13:36:55: [INFO] Using internal autorouter method
13:36:55: [INFO] Routing pad 'SW6:2' at (173990000, 33020000) with pad 'D6:2' at (176530000, 40700000) using coordinate system rotated by 0 degree(s)
13:36:55: [INFO] Adding track segment (B.Cu): [(173990000, 33020000), (173990000, 38160000)]
13:36:55: [INFO] Adding track segment (B.Cu): [(173990000, 38160000), (176530000, 40700000)]
13:36:55: [INFO] Routing SW5 with D5
13:36:55: [INFO] Using internal autorouter method
13:36:55: [INFO] Routing pad 'SW5:2' at (154940000, 33020000) with pad 'D5:2' at (157480000, 40700000) using coordinate system rotated by 0 degree(s)
13:36:55: [INFO] Adding track segment (B.Cu): [(154940000, 33020000), (154940000, 38160000)]
13:36:55: [INFO] Adding track segment (B.Cu): [(154940000, 38160000), (157480000, 40700000)]
13:36:55: [INFO] Routing SW4 with D4
13:36:55: [INFO] Using internal autorouter method
13:36:55: [INFO] Routing pad 'SW4:2' at (135890000, 33020000) with pad 'D4:2' at (138430000, 40700000) using coordinate system rotated by 0 degree(s)
13:36:55: [INFO] Adding track segment (B.Cu): [(135890000, 33020000), (135890000, 38160000)]
13:36:55: [INFO] Adding track segment (B.Cu): [(135890000, 38160000), (138430000, 40700000)]
13:36:55: [INFO] Routing SW3 with D3
13:36:55: [INFO] Using internal autorouter method
13:36:55: [INFO] Routing pad 'SW3:2' at (97790000, 33020000) with pad 'D3:2' at (100330000, 40700000) using coordinate system rotated by 0 degree(s)
13:36:55: [INFO] Adding track segment (B.Cu): [(97790000, 33020000), (97790000, 38160000)]
13:36:55: [INFO] Adding track segment (B.Cu): [(97790000, 38160000), (100330000, 40700000)]
13:36:55: [INFO] Routing SW2 with D2
13:36:55: [INFO] Using internal autorouter method
13:36:55: [INFO] Routing pad 'SW2:2' at (78740000, 33020000) with pad 'D2:2' at (81280000, 40700000) using coordinate system rotated by 0 degree(s)
13:36:55: [INFO] Adding track segment (B.Cu): [(78740000, 33020000), (78740000, 38160000)]
13:36:55: [INFO] Adding track segment (B.Cu): [(78740000, 38160000), (81280000, 40700000)]
13:36:55: [INFO] Routing SW1 with D1
13:36:55: [INFO] Using internal autorouter method
13:36:55: [INFO] Routing pad 'SW1:2' at (40640000, 33020000) with pad 'D1:2' at (43180000, 40700000) using coordinate system rotated by 0 degree(s)
13:36:55: [INFO] Adding track segment (B.Cu): [(40640000, 33020000), (40640000, 38160000)]
13:36:55: [INFO] Adding track segment (B.Cu): [(40640000, 38160000), (43180000, 40700000)]
13:36:55: [INFO] Routing COL3 pads
13:36:55: [INFO] Routing pad 'SW10:1' at (100965000, 54610000) with pad 'SW22:1' at (234315000, 54610000) using coordinate system rotated by 0 degree(s)
13:36:55: [INFO] Adding track segment (F.Cu): [(100965000, 54610000), (234315000, 54610000)]
13:36:55: [INFO] Could not add track segment due to detected collision
13:36:55: [INFO] Routing ROW3 pads
13:36:55: [INFO] Routing pad 'D20:1' at (205105000, 62550000) with pad 'D21:1' at (224155000, 62550000) using coordinate system rotated by 0 degree(s)
13:36:55: [INFO] Adding track segment (B.Cu): [(205105000, 62550000), (224155000, 62550000)]
13:36:55: [INFO] Routing pad 'D21:1' at (224155000, 62550000) with pad 'D22:1' at (243205000, 62550000) using coordinate system rotated by 0 degree(s)
13:36:55: [INFO] Adding track segment (B.Cu): [(224155000, 62550000), (243205000, 62550000)]
13:36:55: [INFO] Routing pad 'D22:1' at (243205000, 62550000) with pad 'D23:1' at (262255000, 62550000) using coordinate system rotated by 0 degree(s)
13:36:55: [INFO] Adding track segment (B.Cu): [(243205000, 62550000), (262255000, 62550000)]
13:36:55: [INFO] Routing pad 'D23:1' at (262255000, 62550000) with pad 'D24:1' at (281305000, 62550000) using coordinate system rotated by 0 degree(s)
13:36:55: [INFO] Adding track segment (B.Cu): [(262255000, 62550000), (281305000, 62550000)]
13:36:55: [INFO] Routing pad 'D24:1' at (281305000, 62550000) with pad 'D25:1' at (300355000, 62550000) using coordinate system rotated by 0 degree(s)
13:36:55: [INFO] Adding track segment (B.Cu): [(281305000, 62550000), (300355000, 62550000)]
13:36:55: [INFO] Routing pad 'D25:1' at (300355000, 62550000) with pad 'D26:1' at (319405000, 62550000) using coordinate system rotated by 0 degree(s)
13:36:55: [INFO] Adding track segment (B.Cu): [(300355000, 62550000), (319405000, 62550000)]
13:36:55: [INFO] Routing pad 'D26:1' at (319405000, 62550000) with pad 'D27:1' at (338455000, 62550000) using coordinate system rotated by 0 degree(s)
13:36:55: [INFO] Adding track segment (B.Cu): [(319405000, 62550000), (338455000, 62550000)]
13:36:55: [INFO] Routing ROW1 pads
13:36:55: [INFO] Routing pad 'D7:1' at (43180000, 62550000) with pad 'D8:1' at (71755000, 62550000) using coordinate system rotated by 0 degree(s)
13:36:55: [INFO] Adding track segment (B.Cu): [(43180000, 62550000), (71755000, 62550000)]
13:36:55: [INFO] Routing pad 'D8:1' at (71755000, 62550000) with pad 'D9:1' at (90805000, 62550000) using coordinate system rotated by 0 degree(s)
13:36:55: [INFO] Adding track segment (B.Cu): [(71755000, 62550000), (90805000, 62550000)]
13:36:55: [INFO] Routing pad 'D9:1' at (90805000, 62550000) with pad 'D10:1' at (109855000, 62550000) using coordinate system rotated by 0 degree(s)
13:36:55: [INFO] Adding track segment (B.Cu): [(90805000, 62550000), (109855000, 62550000)]
13:36:55: [INFO] Routing pad 'D10:1' at (109855000, 62550000) with pad 'D11:1' at (128905000, 62550000) using coordinate system rotated by 0 degree(s)
13:36:55: [INFO] Adding track segment (B.Cu): [(109855000, 62550000), (128905000, 62550000)]
13:36:55: [INFO] Routing pad 'D11:1' at (128905000, 62550000) with pad 'D12:1' at (147955000, 62550000) using coordinate system rotated by 0 degree(s)
13:36:55: [INFO] Adding track segment (B.Cu): [(128905000, 62550000), (147955000, 62550000)]
13:36:55: [INFO] Routing pad 'D12:1' at (147955000, 62550000) with pad 'D13:1' at (167005000, 62550000) using coordinate system rotated by 0 degree(s)
13:36:55: [INFO] Adding track segment (B.Cu): [(147955000, 62550000), (167005000, 62550000)]
13:36:55: [INFO] Routing pad 'D13:1' at (167005000, 62550000) with pad 'D14:1' at (186055000, 62550000) using coordinate system rotated by 0 degree(s)
13:36:55: [INFO] Adding track segment (B.Cu): [(167005000, 62550000), (186055000, 62550000)]
13:36:55: [INFO] Routing ROW0 pads
13:36:55: [INFO] Routing pad 'D1:1' at (43180000, 43500000) with pad 'D2:1' at (81280000, 43500000) using coordinate system rotated by 0 degree(s)
13:36:55: [INFO] Adding track segment (B.Cu): [(43180000, 43500000), (81280000, 43500000)]
13:36:55: [INFO] Routing pad 'D2:1' at (81280000, 43500000) with pad 'D3:1' at (100330000, 43500000) using coordinate system rotated by 0 degree(s)
13:36:55: [INFO] Adding track segment (B.Cu): [(81280000, 43500000), (100330000, 43500000)]
13:36:55: [INFO] Routing pad 'D3:1' at (100330000, 43500000) with pad 'D4:1' at (138430000, 43500000) using coordinate system rotated by 0 degree(s)
13:36:55: [INFO] Adding track segment (B.Cu): [(100330000, 43500000), (138430000, 43500000)]
13:36:55: [INFO] Routing pad 'D4:1' at (138430000, 43500000) with pad 'D5:1' at (157480000, 43500000) using coordinate system rotated by 0 degree(s)
13:36:55: [INFO] Adding track segment (B.Cu): [(138430000, 43500000), (157480000, 43500000)]
13:36:55: [INFO] Routing pad 'D5:1' at (157480000, 43500000) with pad 'D6:1' at (176530000, 43500000) using coordinate system rotated by 0 degree(s)
13:36:55: [INFO] Adding track segment (B.Cu): [(157480000, 43500000), (176530000, 43500000)]
13:36:55: [INFO] Routing COL5 pads
13:36:55: [INFO] Routing pad 'SW12:1' at (139065000, 54610000) with pad 'SW5:1' at (148590000, 35560000) using coordinate system rotated by 0 degree(s)
13:36:55: [INFO] Adding track segment (F.Cu): [(139065000, 54610000), (148590000, 45085000)]
13:36:55: [INFO] Adding track segment (F.Cu): [(148590000, 45085000), (148590000, 35560000)]
13:36:55: [INFO] Routing pad 'SW5:1' at (148590000, 35560000) with pad 'SW24:1' at (272415000, 54610000) using coordinate system rotated by 0 degree(s)
13:36:55: [INFO] Routing pad 'SW24:1' at (272415000, 54610000) with pad 'SW18:1' at (281940000, 35560000) using coordinate system rotated by 0 degree(s)
13:36:55: [INFO] Adding track segment (F.Cu): [(272415000, 54610000), (281940000, 45085000)]
13:36:55: [INFO] Adding track segment (F.Cu): [(281940000, 45085000), (281940000, 35560000)]
13:36:55: [INFO] Routing COL1 pads
13:36:55: [INFO] Routing pad 'SW8:1' at (62865000, 54610000) with pad 'SW2:1' at (72390000, 35560000) using coordinate system rotated by 0 degree(s)
13:36:55: [INFO] Adding track segment (F.Cu): [(62865000, 54610000), (72390000, 45085000)]
13:36:55: [INFO] Adding track segment (F.Cu): [(72390000, 45085000), (72390000, 35560000)]
13:36:55: [INFO] Routing pad 'SW2:1' at (72390000, 35560000) with pad 'SW20:1' at (196215000, 54610000) using coordinate system rotated by 0 degree(s)
13:36:55: [INFO] Routing pad 'SW20:1' at (196215000, 54610000) with pad 'SW15:1' at (205740000, 35560000) using coordinate system rotated by 0 degree(s)
13:36:55: [INFO] Adding track segment (F.Cu): [(196215000, 54610000), (205740000, 45085000)]
13:36:55: [INFO] Adding track segment (F.Cu): [(205740000, 45085000), (205740000, 35560000)]
13:36:55: [INFO] Routing COL0 pads
13:36:55: [INFO] Routing pad 'SW1:1' at (34290000, 35560000) with pad 'SW7:1' at (34290000, 54610000) using coordinate system rotated by 0 degree(s)
13:36:55: [INFO] Adding track segment (F.Cu): [(34290000, 35560000), (34290000, 54610000)]
13:36:55: [INFO] Routing COL7 pads
13:36:55: [INFO] Routing pad 'SW14:1' at (177165000, 54610000) with pad 'SW26:1' at (310515000, 54610000) using coordinate system rotated by 0 degree(s)
13:36:55: [INFO] Adding track segment (F.Cu): [(177165000, 54610000), (310515000, 54610000)]
13:36:55: [INFO] Could not add track segment due to detected collision
13:36:55: [INFO] Routing COL2 pads
13:36:55: [INFO] Routing pad 'SW9:1' at (81915000, 54610000) with pad 'SW3:1' at (91440000, 35560000) using coordinate system rotated by 0 degree(s)
13:36:55: [INFO] Adding track segment (F.Cu): [(81915000, 54610000), (91440000, 45085000)]
13:36:55: [INFO] Adding track segment (F.Cu): [(91440000, 45085000), (91440000, 35560000)]
13:36:55: [INFO] Routing pad 'SW3:1' at (91440000, 35560000) with pad 'SW21:1' at (215265000, 54610000) using coordinate system rotated by 0 degree(s)
13:36:55: [INFO] Routing pad 'SW21:1' at (215265000, 54610000) with pad 'SW16:1' at (224790000, 35560000) using coordinate system rotated by 0 degree(s)
13:36:55: [INFO] Adding track segment (F.Cu): [(215265000, 54610000), (224790000, 45085000)]
13:36:55: [INFO] Adding track segment (F.Cu): [(224790000, 45085000), (224790000, 35560000)]
13:36:55: [INFO] Routing COL6 pads
13:36:55: [INFO] Routing pad 'SW13:1' at (158115000, 54610000) with pad 'SW6:1' at (167640000, 35560000) using coordinate system rotated by 0 degree(s)
13:36:55: [INFO] Adding track segment (F.Cu): [(158115000, 54610000), (167640000, 45085000)]
13:36:55: [INFO] Adding track segment (F.Cu): [(167640000, 45085000), (167640000, 35560000)]
13:36:55: [INFO] Routing pad 'SW6:1' at (167640000, 35560000) with pad 'SW25:1' at (291465000, 54610000) using coordinate system rotated by 0 degree(s)
13:36:55: [INFO] Routing pad 'SW25:1' at (291465000, 54610000) with pad 'SW19:1' at (300990000, 35560000) using coordinate system rotated by 0 degree(s)
13:36:55: [INFO] Adding track segment (F.Cu): [(291465000, 54610000), (300990000, 45085000)]
13:36:55: [INFO] Adding track segment (F.Cu): [(300990000, 45085000), (300990000, 35560000)]
13:36:55: [INFO] Routing ROW2 pads
13:36:55: [INFO] Routing pad 'D15:1' at (214630000, 43500000) with pad 'D16:1' at (233680000, 43500000) using coordinate system rotated by 0 degree(s)
13:36:55: [INFO] Adding track segment (B.Cu): [(214630000, 43500000), (233680000, 43500000)]
13:36:55: [INFO] Routing pad 'D16:1' at (233680000, 43500000) with pad 'D17:1' at (271780000, 43500000) using coordinate system rotated by 0 degree(s)
13:36:55: [INFO] Adding track segment (B.Cu): [(233680000, 43500000), (271780000, 43500000)]
13:36:55: [INFO] Routing pad 'D17:1' at (271780000, 43500000) with pad 'D18:1' at (290830000, 43500000) using coordinate system rotated by 0 degree(s)
13:36:55: [INFO] Adding track segment (B.Cu): [(271780000, 43500000), (290830000, 43500000)]
13:36:55: [INFO] Routing pad 'D18:1' at (290830000, 43500000) with pad 'D19:1' at (309880000, 43500000) using coordinate system rotated by 0 degree(s)
13:36:55: [INFO] Adding track segment (B.Cu): [(290830000, 43500000), (309880000, 43500000)]
13:36:55: [INFO] Routing COL4 pads
13:36:55: [INFO] Routing pad 'SW11:1' at (120015000, 54610000) with pad 'SW4:1' at (129540000, 35560000) using coordinate system rotated by 0 degree(s)
13:36:55: [INFO] Adding track segment (F.Cu): [(120015000, 54610000), (129540000, 45085000)]
13:36:55: [INFO] Adding track segment (F.Cu): [(129540000, 45085000), (129540000, 35560000)]
13:36:55: [INFO] Routing pad 'SW4:1' at (129540000, 35560000) with pad 'SW23:1' at (253365000, 54610000) using coordinate system rotated by 0 degree(s)
13:36:55: [INFO] Routing pad 'SW23:1' at (253365000, 54610000) with pad 'SW17:1' at (262890000, 35560000) using coordinate system rotated by 0 degree(s)
13:36:55: [INFO] Adding track segment (F.Cu): [(253365000, 54610000), (262890000, 45085000)]
13:36:55: [INFO] Adding track segment (F.Cu): [(262890000, 45085000), (262890000, 35560000)]
13:36:55: [INFO] Routing COL8 pads
13:36:55: [INFO] Removing dangling tracks
